77.86.28.2 - - [30/Jan/2009:00:00:42 -0500] "GET /gifs/goldstar.jpg HTTP/1.1" 304 - "-" "Mozilla/4.0 (compatible;)"
71.7.74.214 - - [30/Jan/2009:00:14:53 -0500] "GET /favicon.ico HTTP/1.1" 404 693 "-" "Mozilla/4.0 (compatible; MSIE 7.0; Windows NT 6.0; WOW64; SLCC1; .NET CLR 2.0.50727; .NET CLR 3.0.04506; Media Center PC 5.0)"
71.7.74.214 - - [30/Jan/2009:00:14:53 -0500] "GET /limerick/limerick.html HTTP/1.1" 200 2613 "-" "Mozilla/4.0 (compatible; MSIE 7.0; Windows NT 6.0; WOW64; SLCC1; .NET CLR 2.0.50727; .NET CLR 3.0.04506; Media Center PC 5.0)"
71.7.74.214 - - [30/Jan/2009:00:14:54 -0500] "GET /gifs/woman.gif HTTP/1.1" 200 9657 "http://www.toastpoint.com/limerick/limerick.html" "Mozilla/4.0 (compatible; MSIE 7.0; Windows NT 6.0; WOW64; SLCC1; .NET CLR 2.0.50727; .NET CLR 3.0.04506; Media Center PC 5.0)"
71.7.74.214 - - [30/Jan/2009:00:14:54 -0500] "GET /gifs/birdumb2.gif HTTP/1.1" 200 4698 "http://www.toastpoint.com/limerick/limerick.html" "Mozilla/4.0 (compatible; MSIE 7.0; Windows NT 6.0; WOW64; SLCC1; .NET CLR 2.0.50727; .NET CLR 3.0.04506; Media Center PC 5.0)"
71.7.74.214 - - [30/Jan/2009:00:14:59 -0500] "GET /limerick/naut599.html HTTP/1.1" 200 21235 "http://www.toastpoint.com/limerick/limerick.html" "Mozilla/4.0 (compatible; MSIE 7.0; Windows NT 6.0; WOW64; SLCC1; .NET CLR 2.0.50727; .NET CLR 3.0.04506; Media Center PC 5.0)"
71.7.74.214 - - [30/Jan/2009:00:15:00 -0500] "GET /gifs/boobies.gif HTTP/1.1" 200 11144 "http://www.toastpoint.com/limerick/naut599.html" "Mozilla/4.0 (compatible; MSIE 7.0; Windows NT 6.0; WOW64; SLCC1; .NET CLR 2.0.50727; .NET CLR 3.0.04506; Media Center PC 5.0)"
71.7.74.214 - - [30/Jan/2009:00:15:00 -0500] "GET /gifs/nakedman.gif HTTP/1.1" 200 7734 "http://www.toastpoint.com/limerick/naut599.html" "Mozilla/4.0 (compatible; MSIE 7.0; Windows NT 6.0; WOW64; SLCC1; .NET CLR 2.0.50727; .NET CLR 3.0.04506; Media Center PC 5.0)"
71.7.74.214 - - [30/Jan/2009:00:15:00 -0500] "GET /gifs/goldstar.jpg HTTP/1.1" 200 1854 "http://www.toastpoint.com/limerick/naut599.html" "Mozilla/4.0 (compatible; MSIE 7.0; Windows NT 6.0; WOW64; SLCC1; .NET CLR 2.0.50727; .NET CLR 3.0.04506; Media Center PC 5.0)"
208.111.154.16 - - [30/Jan/2009:00:32:31 -0500] "GET /robots.txt HTTP/1.1" 404 693 "-" "Mozilla/5.0 (compatible; Charlotte/1.1; http://www.searchme.com/support/)"
208.111.154.15 - - [30/Jan/2009:00:39:29 -0500] "GET /robots.txt HTTP/1.1" 404 693 "-" "Mozilla/5.0 (compatible; Charlotte/1.1; http://www.searchme.com/support/)"
208.111.154.15 - - [30/Jan/2009:00:44:59 -0500] "GET /robots.txt HTTP/1.1" 404 693 "-" "Mozilla/5.0 (compatible; Charlotte/1.1; http://www.searchme.com/support/)"
208.115.111.245 - - [30/Jan/2009:00:55:14 -0500] "GET /robots.txt HTTP/1.1" 404 693 "-" "Mozilla/5.0 (compatible; DotBot/1.1; http://www.dotnetdotcom.org/, crawler@dotnetdotcom.org)"
71.244.2.210 - - [30/Jan/2009:01:02:36 -0500] "GET /favicon.ico HTTP/1.1" 404 693 "-" "Mozilla/4.0 (compatible; MSIE 7.0; Windows NT 5.1; .NET CLR 2.0.50727; InfoPath.2)"
71.244.2.210 - - [30/Jan/2009:01:02:36 -0500] "GET /gifs/nakedman.gif HTTP/1.1" 200 7734 "http://www.toastpoint.com/limerick/naut199.html" "Mozilla/4.0 (compatible; MSIE 7.0; Windows NT 5.1; .NET CLR 2.0.50727; InfoPath.2)"
71.244.2.210 - - [30/Jan/2009:01:02:36 -0500] "GET /gifs/goldstar.jpg HTTP/1.1" 200 1854 "http://www.toastpoint.com/limerick/naut199.html" "Mozilla/4.0 (compatible; MSIE 7.0; Windows NT 5.1; .NET CLR 2.0.50727; InfoPath.2)"
71.244.2.210 - - [30/Jan/2009:01:02:36 -0500] "GET /gifs/boobies.gif HTTP/1.1" 200 11144 "http://www.toastpoint.com/limerick/naut199.html" "Mozilla/4.0 (compatible; MSIE 7.0; Windows NT 5.1; .NET CLR 2.0.50727; InfoPath.2)"
71.244.2.210 - - [30/Jan/2009:01:02:36 -0500] "GET /limerick/naut199.html HTTP/1.1" 200 34481 "-" "Mozilla/4.0 (compatible; MSIE 7.0; Windows NT 5.1; .NET CLR 2.0.50727; InfoPath.2)"
208.111.154.16 - - [30/Jan/2009:01:02:58 -0500] "GET /robots.txt HTTP/1.1" 404 693 "-" "Mozilla/5.0 (compatible; Charlotte/1.1; http://www.searchme.com/support/)"
208.111.154.16 - - [30/Jan/2009:01:04:06 -0500] "GET /robots.txt HTTP/1.1" 404 693 "-" "Mozilla/5.0 (compatible; Charlotte/1.1; http://www.searchme.com/support/)"
66.249.65.232 - - [30/Jan/2009:01:13:49 -0500] "GET /robots.txt HTTP/1.1" 404 693 "-" "Nokia6820/2.0 (4.83) Profile/MIDP-1.0 Configuration/CLDC-1.0 (compatible; Googlebot-Mobile/2.1; +http://www.google.com/bot.html)"
66.249.65.232 - - [30/Jan/2009:01:13:49 -0500] "GET /limerick/naut399.html HTTP/1.1" 200 38217 "-" "Nokia6820/2.0 (4.83) Profile/MIDP-1.0 Configuration/CLDC-1.0 (compatible; Googlebot-Mobile/2.1; +http://www.google.com/bot.html)"
208.111.154.16 - - [30/Jan/2009:01:48:53 -0500] "GET /robots.txt HTTP/1.1" 404 693 "-" "Mozilla/5.0 (compatible; Charlotte/1.1; http://www.searchme.com/support/)"
67.195.37.106 - - [30/Jan/2009:01:52:53 -0500] "GET /robots.txt HTTP/1.0" 404 693 "-" "Mozilla/5.0 (compatible; Yahoo! Slurp; http://help.yahoo.com/help/us/ysearch/slurp)"
67.195.37.106 - - [30/Jan/2009:01:52:53 -0500] "GET / HTTP/1.0" 200 464 "-" "Mozilla/5.0 (compatible; Yahoo! DE Slurp; http://help.yahoo.com/help/us/ysearch/slurp)"
67.195.37.106 - - [30/Jan/2009:01:52:54 -0500] "GET /toastpointtopleft.html HTTP/1.0" 200 162 "-" "Mozilla/5.0 (compatible; Yahoo! DE Slurp; http://help.yahoo.com/help/us/ysearch/slurp)"
69.62.243.196 - - [30/Jan/2009:01:52:54 -0500] "GET /favicon.ico HTTP/1.1" 404 693 "-" "Mozilla/4.0 (compatible; MSIE 7.0; Windows NT 5.1; GTB5; .NET CLR 1.1.4322; .NET CLR 2.0.50727; .NET CLR 3.0.04506.30; .NET CLR 3.0.04506.648; Zune 2.5)"
69.62.243.196 - - [30/Jan/2009:01:52:54 -0500] "GET / HTTP/1.1" 200 464 "-" "Mozilla/4.0 (compatible; MSIE 7.0; Windows NT 5.1; GTB5; .NET CLR 1.1.4322; .NET CLR 2.0.50727; .NET CLR 3.0.04506.30; .NET CLR 3.0.04506.648; Zune 2.5)"
67.195.37.106 - - [30/Jan/2009:01:52:54 -0500] "GET /toastpointtoc.html HTTP/1.0" 200 1188 "-" "Mozilla/5.0 (compatible; Yahoo! DE Slurp; http://help.yahoo.com/help/us/ysearch/slurp)"
69.62.243.196 - - [30/Jan/2009:01:52:54 -0500] "GET /toastpointtopleft.html HTTP/1.1" 200 162 "http://www.toastpoint.com/" "Mozilla/4.0 (compatible; MSIE 7.0; Windows NT 5.1; GTB5; .NET CLR 1.1.4322; .NET CLR 2.0.50727; .NET CLR 3.0.04506.30; .NET CLR 3.0.04506.648; Zune 2.5)"
69.62.243.196 - - [30/Jan/2009:01:52:54 -0500] "GET /toastpointtoc.html HTTP/1.1" 200 1188 "http://www.toastpoint.com/" "Mozilla/4.0 (compatible; MSIE 7.0; Windows NT 5.1; GTB5; .NET CLR 1.1.4322; .NET CLR 2.0.50727; .NET CLR 3.0.04506.30; .NET CLR 3.0.04506.648; Zune 2.5)"
69.62.243.196 - - [30/Jan/2009:01:52:54 -0500] "GET /news.html HTTP/1.1" 200 17706 "http://www.toastpoint.com/" "Mozilla/4.0 (compatible; MSIE 7.0; Windows NT 5.1; GTB5; .NET CLR 1.1.4322; .NET CLR 2.0.50727; .NET CLR 3.0.04506.30; .NET CLR 3.0.04506.648; Zune 2.5)"
69.62.243.196 - - [30/Jan/2009:01:52:54 -0500] "GET /toastpointtopright.html HTTP/1.1" 200 151 "http://www.toastpoint.com/" "Mozilla/4.0 (compatible; MSIE 7.0; Windows NT 5.1; GTB5; .NET CLR 1.1.4322; .NET CLR 2.0.50727; .NET CLR 3.0.04506.30; .NET CLR 3.0.04506.648; Zune 2.5)"
69.62.243.196 - - [30/Jan/2009:01:52:54 -0500] "GET /tpnews.html HTTP/1.1" 200 8305 "http://www.toastpoint.com/" "Mozilla/4.0 (compatible; MSIE 7.0; Windows NT 5.1; GTB5; .NET CLR 1.1.4322; .NET CLR 2.0.50727; .NET CLR 3.0.04506.30; .NET CLR 3.0.04506.648; Zune 2.5)"
69.62.243.196 - - [30/Jan/2009:01:52:54 -0500] "GET /gifs/tpwinter20089.jpg HTTP/1.1" 200 28088 "http://www.toastpoint.com/news.html" "Mozilla/4.0 (compatible; MSIE 7.0; Windows NT 5.1; GTB5; .NET CLR 1.1.4322; .NET CLR 2.0.50727; .NET CLR 3.0.04506.30; .NET CLR 3.0.04506.648; Zune 2.5)"
67.195.37.106 - - [30/Jan/2009:01:52:55 -0500] "GET /news.html HTTP/1.0" 200 17706 "-" "Mozilla/5.0 (compatible; Yahoo! DE Slurp; http://help.yahoo.com/help/us/ysearch/slurp)"
67.195.37.106 - - [30/Jan/2009:01:52:55 -0500] "GET /toastpointtopright.html HTTP/1.0" 200 151 "-" "Mozilla/5.0 (compatible; Yahoo! DE Slurp; http://help.yahoo.com/help/us/ysearch/slurp)"
67.195.37.106 - - [30/Jan/2009:01:52:56 -0500] "GET /tpnews.html HTTP/1.0" 200 8305 "-" "Mozilla/5.0 (compatible; Yahoo! DE Slurp; http://help.yahoo.com/help/us/ysearch/slurp)"
69.62.243.196 - - [30/Jan/2009:01:53:03 -0500] "GET /bio.html HTTP/1.1" 200 7868 "http://www.toastpoint.com/toastpointtoc.html" "Mozilla/4.0 (compatible; MSIE 7.0; Windows NT 5.1; GTB5; .NET CLR 1.1.4322; .NET CLR 2.0.50727; .NET CLR 3.0.04506.30; .NET CLR 3.0.04506.648; Zune 2.5)"
69.62.243.196 - - [30/Jan/2009:01:53:03 -0500] "GET /gifs/eric.jpg HTTP/1.1" 200 19411 "http://www.toastpoint.com/bio.html" "Mozilla/4.0 (compatible; MSIE 7.0; Windows NT 5.1; GTB5; .NET CLR 1.1.4322; .NET CLR 2.0.50727; .NET CLR 3.0.04506.30; .NET CLR 3.0.04506.648; Zune 2.5)"
69.62.243.196 - - [30/Jan/2009:01:53:03 -0500] "GET /gifs/samp.jpg HTTP/1.1" 200 2907 "http://www.toastpoint.com/bio.html" "Mozilla/4.0 (compatible; MSIE 7.0; Windows NT 5.1; GTB5; .NET CLR 1.1.4322; .NET CLR 2.0.50727; .NET CLR 3.0.04506.30; .NET CLR 3.0.04506.648; Zune 2.5)"
69.62.243.196 - - [30/Jan/2009:01:53:03 -0500] "GET /gifs/mom&dad.jpg HTTP/1.1" 200 6709 "http://www.toastpoint.com/bio.html" "Mozilla/4.0 (compatible; MSIE 7.0; Windows NT 5.1; GTB5; .NET CLR 1.1.4322; .NET CLR 2.0.50727; .NET CLR 3.0.04506.30; .NET CLR 3.0.04506.648; Zune 2.5)"
69.62.243.196 - - [30/Jan/2009:01:53:03 -0500] "GET /gifs/leopold.jpg HTTP/1.1" 200 38609 "http://www.toastpoint.com/bio.html" "Mozilla/4.0 (compatible; MSIE 7.0; Windows NT 5.1; GTB5; .NET CLR 1.1.4322; .NET CLR 2.0.50727; .NET CLR 3.0.04506.30; .NET CLR 3.0.04506.648; Zune 2.5)"
69.62.243.196 - - [30/Jan/2009:01:54:20 -0500] "GET /wumpus.html HTTP/1.1" 200 566 "http://www.toastpoint.com/bio.html" "Mozilla/4.0 (compatible; MSIE 7.0; Windows NT 5.1; GTB5; .NET CLR 1.1.4322; .NET CLR 2.0.50727; .NET CLR 3.0.04506.30; .NET CLR 3.0.04506.648; Zune 2.5)"
69.62.243.196 - - [30/Jan/2009:01:54:20 -0500] "GET /gifs/wumpuspei2005.jpg HTTP/1.1" 200 24515 "http://www.toastpoint.com/wumpus.html" "Mozilla/4.0 (compatible; MSIE 7.0; Windows NT 5.1; GTB5; .NET CLR 1.1.4322; .NET CLR 2.0.50727; .NET CLR 3.0.04506.30; .NET CLR 3.0.04506.648; Zune 2.5)"
69.62.243.196 - - [30/Jan/2009:01:54:48 -0500] "GET /photo.html HTTP/1.1" 200 4228 "http://www.toastpoint.com/toastpointtoc.html" "Mozilla/4.0 (compatible; MSIE 7.0; Windows NT 5.1; GTB5; .NET CLR 1.1.4322; .NET CLR 2.0.50727; .NET CLR 3.0.04506.30; .NET CLR 3.0.04506.648; Zune 2.5)"
69.62.243.196 - - [30/Jan/2009:01:57:49 -0500] "GET /whytoastpoint.html HTTP/1.1" 200 605 "http://www.toastpoint.com/toastpointtoc.html" "Mozilla/4.0 (compatible; MSIE 7.0; Windows NT 5.1; GTB5; .NET CLR 1.1.4322; .NET CLR 2.0.50727; .NET CLR 3.0.04506.30; .NET CLR 3.0.04506.648; Zune 2.5)"
69.62.243.196 - - [30/Jan/2009:01:58:01 -0500] "GET /gifs/pastheaders.html HTTP/1.1" 200 1264 "http://www.toastpoint.com/toastpointtoc.html" "Mozilla/4.0 (compatible; MSIE 7.0; Windows NT 5.1; GTB5; .NET CLR 1.1.4322; .NET CLR 2.0.50727; .NET CLR 3.0.04506.30; .NET CLR 3.0.04506.648; Zune 2.5)"
69.62.243.196 - - [30/Jan/2009:01:58:01 -0500] "GET /gifs/tpjune2008.jpg HTTP/1.1" 200 30254 "http://www.toastpoint.com/gifs/pastheaders.html" "Mozilla/4.0 (compatible; MSIE 7.0; Windows NT 5.1; GTB5; .NET CLR 1.1.4322; .NET CLR 2.0.50727; .NET CLR 3.0.04506.30; .NET CLR 3.0.04506.648; Zune 2.5)"
69.62.243.196 - - [30/Jan/2009:01:58:01 -0500] "GET /gifs/tpoct-nov2008.jpg HTTP/1.1" 200 59792 "http://www.toastpoint.com/gifs/pastheaders.html" "Mozilla/4.0 (compatible; MSIE 7.0; Windows NT 5.1; GTB5; .NET CLR 1.1.4322; .NET CLR 2.0.50727; .NET CLR 3.0.04506.30; .NET CLR 3.0.04506.648; Zune 2.5)"
69.62.243.196 - - [30/Jan/2009:01:58:01 -0500] "GET /gifs/tpsept2008.jpg HTTP/1.1" 200 39710 "http://www.toastpoint.com/gifs/pastheaders.html" "Mozilla/4.0 (compatible; MSIE 7.0; Windows NT 5.1; GTB5; .NET CLR 1.1.4322; .NET CLR 2.0.50727; .NET CLR 3.0.04506.30; .NET CLR 3.0.04506.648; Zune 2.5)"
69.62.243.196 - - [30/Jan/2009:01:58:01 -0500] "GET /gifs/tpaug2008.jpg HTTP/1.1" 200 58877 "http://www.toastpoint.com/gifs/pastheaders.html" "Mozilla/4.0 (compatible; MSIE 7.0; Windows NT 5.1; GTB5; .NET CLR 1.1.4322; .NET CLR 2.0.50727; .NET CLR 3.0.04506.30; .NET CLR 3.0.04506.648; Zune 2.5)"
69.62.243.196 - - [30/Jan/2009:01:58:01 -0500] "GET /gifs/tpaprilmay2008.jpg HTTP/1.1" 200 19848 "http://www.toastpoint.com/gifs/pastheaders.html" "Mozilla/4.0 (compatible; MSIE 7.0; Windows NT 5.1; GTB5; .NET CLR 1.1.4322; .NET CLR 2.0.50727; .NET CLR 3.0.04506.30; .NET CLR 3.0.04506.648; Zune 2.5)"
69.62.243.196 - - [30/Jan/2009:01:58:02 -0500] "GET /gifs/tpmar2008.jpg HTTP/1.1" 200 36414 "http://www.toastpoint.com/gifs/pastheaders.html" "Mozilla/4.0 (compatible; MSIE 7.0; Windows NT 5.1; GTB5; .NET CLR 1.1.4322; .NET CLR 2.0.50727; .NET CLR 3.0.04506.30; .NET CLR 3.0.04506.648; Zune 2.5)"
69.62.243.196 - - [30/Jan/2009:01:58:01 -0500] "GET /gifs/tpjul2008.jpg HTTP/1.1" 200 93792 "http://www.toastpoint.com/gifs/pastheaders.html" "Mozilla/4.0 (compatible; MSIE 7.0; Windows NT 5.1; GTB5; .NET CLR 1.1.4322; .NET CLR 2.0.50727; .NET CLR 3.0.04506.30; .NET CLR 3.0.04506.648; Zune 2.5)"
69.62.243.196 - - [30/Jan/2009:01:58:02 -0500] "GET /gifs/tpfeb2008.jpg HTTP/1.1" 200 26400 "http://www.toastpoint.com/gifs/pastheaders.html" "Mozilla/4.0 (compatible; MSIE 7.0; Windows NT 5.1; GTB5; .NET CLR 1.1.4322; .NET CLR 2.0.50727; .NET CLR 3.0.04506.30; .NET CLR 3.0.04506.648; Zune 2.5)"
69.62.243.196 - - [30/Jan/2009:01:58:02 -0500] "GET /gifs/tpjan2008.jpg HTTP/1.1" 200 26786 "http://www.toastpoint.com/gifs/pastheaders.html" "Mozilla/4.0 (compatible; MSIE 7.0; Windows NT 5.1; GTB5; .NET CLR 1.1.4322; .NET CLR 2.0.50727; .NET CLR 3.0.04506.30; .NET CLR 3.0.04506.648; Zune 2.5)"
69.62.243.196 - - [30/Jan/2009:01:58:02 -0500] "GET /gifs/tpnov2007.jpg HTTP/1.1" 200 24800 "http://www.toastpoint.com/gifs/pastheaders.html" "Mozilla/4.0 (compatible; MSIE 7.0; Windows NT 5.1; GTB5; .NET CLR 1.1.4322; .NET CLR 2.0.50727; .NET CLR 3.0.04506.30; .NET CLR 3.0.04506.648; Zune 2.5)"
69.62.243.196 - - [30/Jan/2009:01:58:02 -0500] "GET /gifs/tpdecember2007.jpg HTTP/1.1" 200 21721 "http://www.toastpoint.com/gifs/pastheaders.html" "Mozilla/4.0 (compatible; MSIE 7.0; Windows NT 5.1; GTB5; .NET CLR 1.1.4322; .NET CLR 2.0.50727; .NET CLR 3.0.04506.30; .NET CLR 3.0.04506.648; Zune 2.5)"
69.62.243.196 - - [30/Jan/2009:01:58:02 -0500] "GET /gifs/tpsept2007.jpg HTTP/1.1" 200 24519 "http://www.toastpoint.com/gifs/pastheaders.html" "Mozilla/4.0 (compatible; MSIE 7.0; Windows NT 5.1; GTB5; .NET CLR 1.1.4322; .NET CLR 2.0.50727; .NET CLR 3.0.04506.30; .NET CLR 3.0.04506.648; Zune 2.5)"
69.62.243.196 - - [30/Jan/2009:01:58:02 -0500] "GET /gifs/tpjuly2007.jpg HTTP/1.1" 200 42279 "http://www.toastpoint.com/gifs/pastheaders.html" "Mozilla/4.0 (compatible; MSIE 7.0; Windows NT 5.1; GTB5; .NET CLR 1.1.4322; .NET CLR 2.0.50727; .NET CLR 3.0.04506.30; .NET CLR 3.0.04506.648; Zune 2.5)"
69.62.243.196 - - [30/Jan/2009:01:58:02 -0500] "GET /gifs/tpaugust2007.jpg HTTP/1.1" 200 39173 "http://www.toastpoint.com/gifs/pastheaders.html" "Mozilla/4.0 (compatible; MSIE 7.0; Windows NT 5.1; GTB5; .NET CLR 1.1.4322; .NET CLR 2.0.50727; .NET CLR 3.0.04506.30; .NET CLR 3.0.04506.648; Zune 2.5)"
69.62.243.196 - - [30/Jan/2009:01:58:02 -0500] "GET /gifs/tpoct2007.jpg HTTP/1.1" 200 81294 "http://www.toastpoint.com/gifs/pastheaders.html" "Mozilla/4.0 (compatible; MSIE 7.0; Windows NT 5.1; GTB5; .NET CLR 1.1.4322; .NET CLR 2.0.50727; .NET CLR 3.0.04506.30; .NET CLR 3.0.04506.648; Zune 2.5)"
69.62.243.196 - - [30/Jan/2009:01:58:02 -0500] "GET /gifs/tpjune2007.jpg HTTP/1.1" 200 50796 "http://www.toastpoint.com/gifs/pastheaders.html" "Mozilla/4.0 (compatible; MSIE 7.0; Windows NT 5.1; GTB5; .NET CLR 1.1.4322; .NET CLR 2.0.50727; .NET CLR 3.0.04506.30; .NET CLR 3.0.04506.648; Zune 2.5)"
69.62.243.196 - - [30/Jan/2009:01:58:02 -0500] "GET /gifs/tpmay2007.jpg HTTP/1.1" 200 45766 "http://www.toastpoint.com/gifs/pastheaders.html" "Mozilla/4.0 (compatible; MSIE 7.0; Windows NT 5.1; GTB5; .NET CLR 1.1.4322; .NET CLR 2.0.50727; .NET CLR 3.0.04506.30; .NET CLR 3.0.04506.648; Zune 2.5)"
69.62.243.196 - - [30/Jan/2009:01:58:02 -0500] "GET /gifs/tpapril2007.jpg HTTP/1.1" 200 22244 "http://www.toastpoint.com/gifs/pastheaders.html" "Mozilla/4.0 (compatible; MSIE 7.0; Windows NT 5.1; GTB5; .NET CLR 1.1.4322; .NET CLR 2.0.50727; .NET CLR 3.0.04506.30; .NET CLR 3.0.04506.648; Zune 2.5)"
69.62.243.196 - - [30/Jan/2009:01:58:02 -0500] "GET /gifs/tpmar2007.jpg HTTP/1.1" 200 51880 "http://www.toastpoint.com/gifs/pastheaders.html" "Mozilla/4.0 (compatible; MSIE 7.0; Windows NT 5.1; GTB5; .NET CLR 1.1.4322; .NET CLR 2.0.50727; .NET CLR 3.0.04506.30; .NET CLR 3.0.04506.648; Zune 2.5)"
69.62.243.196 - - [30/Jan/2009:01:58:02 -0500] "GET /gifs/tpjan2007.jpg HTTP/1.1" 200 32595 "http://www.toastpoint.com/gifs/pastheaders.html" "Mozilla/4.0 (compatible; MSIE 7.0; Windows NT 5.1; GTB5; .NET CLR 1.1.4322; .NET CLR 2.0.50727; .NET CLR 3.0.04506.30; .NET CLR 3.0.04506.648; Zune 2.5)"
69.62.243.196 - - [30/Jan/2009:01:58:02 -0500] "GET /gifs/tpfeb2007.jpg HTTP/1.1" 200 34757 "http://www.toastpoint.com/gifs/pastheaders.html" "Mozilla/4.0 (compatible; MSIE 7.0; Windows NT 5.1; GTB5; .NET CLR 1.1.4322; .NET CLR 2.0.50727; .NET CLR 3.0.04506.30; .NET CLR 3.0.04506.648; Zune 2.5)"
69.62.243.196 - - [30/Jan/2009:01:58:02 -0500] "GET /gifs/tpdec2006.jpg HTTP/1.1" 200 34968 "http://www.toastpoint.com/gifs/pastheaders.html" "Mozilla/4.0 (compatible; MSIE 7.0; Windows NT 5.1; GTB5; .NET CLR 1.1.4322; .NET CLR 2.0.50727; .NET CLR 3.0.04506.30; .NET CLR 3.0.04506.648; Zune 2.5)"
69.62.243.196 - - [30/Jan/2009:01:58:02 -0500] "GET /gifs/tpnov2006.jpg HTTP/1.1" 200 55802 "http://www.toastpoint.com/gifs/pastheaders.html" "Mozilla/4.0 (compatible; MSIE 7.0; Windows NT 5.1; GTB5; .NET CLR 1.1.4322; .NET CLR 2.0.50727; .NET CLR 3.0.04506.30; .NET CLR 3.0.04506.648; Zune 2.5)"
69.62.243.196 - - [30/Jan/2009:01:58:02 -0500] "GET /gifs/tpoct2006.jpg HTTP/1.1" 200 19794 "http://www.toastpoint.com/gifs/pastheaders.html" "Mozilla/4.0 (compatible; MSIE 7.0; Windows NT 5.1; GTB5; .NET CLR 1.1.4322; .NET CLR 2.0.50727; .NET CLR 3.0.04506.30; .NET CLR 3.0.04506.648; Zune 2.5)"
69.62.243.196 - - [30/Jan/2009:01:58:03 -0500] "GET /gifs/tpsept2006.jpg HTTP/1.1" 200 24140 "http://www.toastpoint.com/gifs/pastheaders.html" "Mozilla/4.0 (compatible; MSIE 7.0; Windows NT 5.1; GTB5; .NET CLR 1.1.4322; .NET CLR 2.0.50727; .NET CLR 3.0.04506.30; .NET CLR 3.0.04506.648; Zune 2.5)"
69.62.243.196 - - [30/Jan/2009:01:58:03 -0500] "GET /gifs/tpaugust2006.jpg HTTP/1.1" 200 34419 "http://www.toastpoint.com/gifs/pastheaders.html" "Mozilla/4.0 (compatible; MSIE 7.0; Windows NT 5.1; GTB5; .NET CLR 1.1.4322; .NET CLR 2.0.50727; .NET CLR 3.0.04506.30; .NET CLR 3.0.04506.648; Zune 2.5)"
69.62.243.196 - - [30/Jan/2009:01:58:03 -0500] "GET /gifs/tpjuly2006b.jpg HTTP/1.1" 200 30751 "http://www.toastpoint.com/gifs/pastheaders.html" "Mozilla/4.0 (compatible; MSIE 7.0; Windows NT 5.1; GTB5; .NET CLR 1.1.4322; .NET CLR 2.0.50727; .NET CLR 3.0.04506.30; .NET CLR 3.0.04506.648; Zune 2.5)"
69.62.243.196 - - [30/Jan/2009:01:58:03 -0500] "GET /gifs/tpjune2006.jpg HTTP/1.1" 200 58542 "http://www.toastpoint.com/gifs/pastheaders.html" "Mozilla/4.0 (compatible; MSIE 7.0; Windows NT 5.1; GTB5; .NET CLR 1.1.4322; .NET CLR 2.0.50727; .NET CLR 3.0.04506.30; .NET CLR 3.0.04506.648; Zune 2.5)"
69.62.243.196 - - [30/Jan/2009:01:58:03 -0500] "GET /gifs/tpmay2006.png HTTP/1.1" 200 232170 "http://www.toastpoint.com/gifs/pastheaders.html" "Mozilla/4.0 (compatible; MSIE 7.0; Windows NT 5.1; GTB5; .NET CLR 1.1.4322; .NET CLR 2.0.50727; .NET CLR 3.0.04506.30; .NET CLR 3.0.04506.648; Zune 2.5)"
69.62.243.196 - - [30/Jan/2009:01:59:41 -0500] "GET /links.html HTTP/1.1" 200 4252 "http://www.toastpoint.com/toastpointtoc.html" "Mozilla/4.0 (compatible; MSIE 7.0; Windows NT 5.1; GTB5; .NET CLR 1.1.4322; .NET CLR 2.0.50727; .NET CLR 3.0.04506.30; .NET CLR 3.0.04506.648; Zune 2.5)"
208.80.194.52 - - [30/Jan/2009:02:04:59 -0500] "GET / HTTP/1.0" 200 464 "-" "Mozilla/4.0 (compatible; MSIE 6.0; Windows NT 5.1; SV1; .NET CLR 1.0.3705; .NET CLR 1.1.4322; .NET CLR 2.0.50727; InfoPath.2; .NET CLR 3.0.04506.30)"
208.115.111.245 - - [30/Jan/2009:02:06:48 -0500] "GET /limerick/1997/naut497.html HTTP/1.1" 200 43346 "-" "Mozilla/5.0 (compatible; DotBot/1.1; http://www.dotnetdotcom.org/, crawler@dotnetdotcom.org)"
208.115.111.245 - - [30/Jan/2009:02:06:51 -0500] "GET /limerick/1997/naut597.html HTTP/1.1" 200 22468 "-" "Mozilla/5.0 (compatible; DotBot/1.1; http://www.dotnetdotcom.org/, crawler@dotnetdotcom.org)"
208.115.111.245 - - [30/Jan/2009:02:06:52 -0500] "GET /limerick/1997/naut697.html HTTP/1.1" 200 24732 "-" "Mozilla/5.0 (compatible; DotBot/1.1; http://www.dotnetdotcom.org/, crawler@dotnetdotcom.org)"
208.115.111.245 - - [30/Jan/2009:02:06:52 -0500] "GET /limerick/1997/naut797.html HTTP/1.1" 200 22034 "-" "Mozilla/5.0 (compatible; DotBot/1.1; http://www.dotnetdotcom.org/, crawler@dotnetdotcom.org)"
208.115.111.245 - - [30/Jan/2009:02:06:54 -0500] "GET /limerick/1997/naut997.html HTTP/1.1" 200 53317 "-" "Mozilla/5.0 (compatible; DotBot/1.1; http://www.dotnetdotcom.org/, crawler@dotnetdotcom.org)"
208.115.111.245 - - [30/Jan/2009:02:06:54 -0500] "GET /limerick/1997/nice1097.html HTTP/1.1" 200 20810 "-" "Mozilla/5.0 (compatible; DotBot/1.1; http://www.dotnetdotcom.org/, crawler@dotnetdotcom.org)"
208.115.111.245 - - [30/Jan/2009:02:06:55 -0500] "GET /limerick/1997/nice1197.html HTTP/1.1" 200 19541 "-" "Mozilla/5.0 (compatible; DotBot/1.1; http://www.dotnetdotcom.org/, crawler@dotnetdotcom.org)"
208.115.111.245 - - [30/Jan/2009:02:06:57 -0500] "GET /limerick/1997/nice1297.html HTTP/1.1" 200 24100 "-" "Mozilla/5.0 (compatible; DotBot/1.1; http://www.dotnetdotcom.org/, crawler@dotnetdotcom.org)"
208.115.111.245 - - [30/Jan/2009:02:06:58 -0500] "GET /limerick/1997/nice197.html HTTP/1.1" 200 17698 "-" "Mozilla/5.0 (compatible; DotBot/1.1; http://www.dotnetdotcom.org/, crawler@dotnetdotcom.org)"
208.115.111.245 - - [30/Jan/2009:02:07:00 -0500] "GET /limerick/1997/nice297.html HTTP/1.1" 200 16613 "-" "Mozilla/5.0 (compatible; DotBot/1.1; http://www.dotnetdotcom.org/, crawler@dotnetdotcom.org)"
81.52.143.26 - - [30/Jan/2009:02:13:36 -0500] "GET /limerick/naut299.html HTTP/1.1" 200 23095 "-" "Mozilla/5.0 (Windows; U; Windows NT 5.1; fr; rv:1.8.1) VoilaBot BETA 1.2 (support.voilabot@orange-ftgroup.com)"
208.111.154.15 - - [30/Jan/2009:02:31:28 -0500] "GET /robots.txt HTTP/1.1" 404 693 "-" "Mozilla/5.0 (compatible; Charlotte/1.1; http://www.searchme.com/support/)"
208.111.154.15 - - [30/Jan/2009:02:31:49 -0500] "GET /limerick/naut399.html HTTP/1.1" 200 38217 "-" "Mozilla/5.0 (compatible; Charlotte/1.1; http://www.searchme.com/support/)"
69.84.207.147 - - [30/Jan/2009:02:32:33 -0500] "GET / HTTP/1.1" 206 464 "-" "Mozilla/4.0 (compatible; MSIE 7.0;Windows NT 5.1;.NET CLR 1.1.4322;.NET CLR 2.0.50727;.NET CLR 3.0.04506.30)"
69.84.207.147 - - [30/Jan/2009:02:32:34 -0500] "GET / HTTP/1.1" 206 464 "-" "Mozilla/4.0 (compatible; MSIE 7.0;Windows NT 5.1;.NET CLR 1.1.4322;.NET CLR 2.0.50727;.NET CLR 3.0.04506.30)"
69.84.207.147 - - [30/Jan/2009:02:32:34 -0500] "GET /toastpointtoc.html HTTP/1.1" 206 1188 "-" "Mozilla/4.0 (compatible; MSIE 7.0;Windows NT 5.1;.NET CLR 1.1.4322;.NET CLR 2.0.50727;.NET CLR 3.0.04506.30)"
69.84.207.147 - - [30/Jan/2009:02:32:35 -0500] "GET /wumpus.html HTTP/1.1" 206 566 "-" "Mozilla/4.0 (compatible; MSIE 7.0;Windows NT 5.1;.NET CLR 1.1.4322;.NET CLR 2.0.50727;.NET CLR 3.0.04506.30)"
69.84.207.147 - - [30/Jan/2009:02:32:35 -0500] "GET /news.html HTTP/1.1" 206 17706 "-" "Mozilla/4.0 (compatible; MSIE 7.0;Windows NT 5.1;.NET CLR 1.1.4322;.NET CLR 2.0.50727;.NET CLR 3.0.04506.30)"
69.84.207.147 - - [30/Jan/2009:02:32:37 -0500] "GET /bio.html HTTP/1.1" 206 7868 "-" "Mozilla/4.0 (compatible; MSIE 7.0;Windows NT 5.1;.NET CLR 1.1.4322;.NET CLR 2.0.50727;.NET CLR 3.0.04506.30)"
69.84.207.147 - - [30/Jan/2009:02:32:39 -0500] "GET /prideandjoy.html HTTP/1.1" 206 4887 "-" "Mozilla/4.0 (compatible; MSIE 7.0;Windows NT 5.1;.NET CLR 1.1.4322;.NET CLR 2.0.50727;.NET CLR 3.0.04506.30)"
69.84.207.147 - - [30/Jan/2009:02:32:40 -0500] "GET /prideandjoy.html HTTP/1.1" 206 4887 "-" "Mozilla/4.0 (compatible; MSIE 7.0;Windows NT 5.1;.NET CLR 1.1.4322;.NET CLR 2.0.50727;.NET CLR 3.0.04506.30)"
69.84.207.147 - - [30/Jan/2009:02:32:41 -0500] "GET /photo.html HTTP/1.1" 206 4228 "-" "Mozilla/4.0 (compatible; MSIE 7.0;Windows NT 5.1;.NET CLR 1.1.4322;.NET CLR 2.0.50727;.NET CLR 3.0.04506.30)"
69.84.207.147 - - [30/Jan/2009:02:32:42 -0500] "GET /whytoastpoint.html HTTP/1.1" 206 605 "-" "Mozilla/4.0 (compatible; MSIE 7.0;Windows NT 5.1;.NET CLR 1.1.4322;.NET CLR 2.0.50727;.NET CLR 3.0.04506.30)"
69.84.207.147 - - [30/Jan/2009:02:32:43 -0500] "GET /toastpointtopleft.html HTTP/1.1" 206 162 "-" "Mozilla/4.0 (compatible; MSIE 7.0;Windows NT 5.1;.NET CLR 1.1.4322;.NET CLR 2.0.50727;.NET CLR 3.0.04506.30)"
69.84.207.147 - - [30/Jan/2009:02:32:43 -0500] "GET /links.html HTTP/1.1" 206 4252 "-" "Mozilla/4.0 (compatible; MSIE 7.0;Windows NT 5.1;.NET CLR 1.1.4322;.NET CLR 2.0.50727;.NET CLR 3.0.04506.30)"
69.84.207.147 - - [30/Jan/2009:02:32:45 -0500] "GET /links.html HTTP/1.1" 206 4252 "-" "Mozilla/4.0 (compatible; MSIE 7.0;Windows NT 5.1;.NET CLR 1.1.4322;.NET CLR 2.0.50727;.NET CLR 3.0.04506.30)"
69.84.207.147 - - [30/Jan/2009:02:32:46 -0500] "GET /links.html HTTP/1.1" 206 4252 "-" "Mozilla/4.0 (compatible; MSIE 7.0;Windows NT 5.1;.NET CLR 1.1.4322;.NET CLR 2.0.50727;.NET CLR 3.0.04506.30)"
69.84.207.147 - - [30/Jan/2009:02:32:47 -0500] "GET /ponder.html HTTP/1.1" 206 3441 "-" "Mozilla/4.0 (compatible; MSIE 7.0;Windows NT 5.1;.NET CLR 1.1.4322;.NET CLR 2.0.50727;.NET CLR 3.0.04506.30)"
69.84.207.147 - - [30/Jan/2009:02:32:48 -0500] "GET /ponder.html HTTP/1.1" 206 3441 "-" "Mozilla/4.0 (compatible; MSIE 7.0;Windows NT 5.1;.NET CLR 1.1.4322;.NET CLR 2.0.50727;.NET CLR 3.0.04506.30)"
69.84.207.147 - - [30/Jan/2009:02:32:50 -0500] "GET /ponder.html HTTP/1.1" 206 3441 "-" "Mozilla/4.0 (compatible; MSIE 7.0;Windows NT 5.1;.NET CLR 1.1.4322;.NET CLR 2.0.50727;.NET CLR 3.0.04506.30)"
69.84.207.147 - - [30/Jan/2009:02:32:51 -0500] "GET /ponder.html HTTP/1.1" 206 3441 "-" "Mozilla/4.0 (compatible; MSIE 7.0;Windows NT 5.1;.NET CLR 1.1.4322;.NET CLR 2.0.50727;.NET CLR 3.0.04506.30)"
69.84.207.147 - - [30/Jan/2009:02:32:52 -0500] "GET /prideforallages.html HTTP/1.1" 206 988 "-" "Mozilla/4.0 (compatible; MSIE 7.0;Windows NT 5.1;.NET CLR 1.1.4322;.NET CLR 2.0.50727;.NET CLR 3.0.04506.30)"
69.84.207.147 - - [30/Jan/2009:02:32:53 -0500] "GET /welcome.html HTTP/1.1" 206 418 "-" "Mozilla/4.0 (compatible; MSIE 7.0;Windows NT 5.1;.NET CLR 1.1.4322;.NET CLR 2.0.50727;.NET CLR 3.0.04506.30)"
69.84.207.147 - - [30/Jan/2009:02:32:55 -0500] "GET /contests.html HTTP/1.1" 206 1230 "-" "Mozilla/4.0 (compatible; MSIE 7.0;Windows NT 5.1;.NET CLR 1.1.4322;.NET CLR 2.0.50727;.NET CLR 3.0.04506.30)"
69.84.207.147 - - [30/Jan/2009:02:32:57 -0500] "GET /conthist.html HTTP/1.1" 206 2351 "-" "Mozilla/4.0 (compatible; MSIE 7.0;Windows NT 5.1;.NET CLR 1.1.4322;.NET CLR 2.0.50727;.NET CLR 3.0.04506.30)"
69.84.207.147 - - [30/Jan/2009:02:32:58 -0500] "GET /news.html HTTP/1.1" 206 17706 "-" "Mozilla/4.0 (compatible; MSIE 7.0;Windows NT 5.1;.NET CLR 1.1.4322;.NET CLR 2.0.50727;.NET CLR 3.0.04506.30)"
69.84.207.147 - - [30/Jan/2009:02:33:00 -0500] "GET /toastpointtopright.html HTTP/1.1" 206 151 "-" "Mozilla/4.0 (compatible; MSIE 7.0;Windows NT 5.1;.NET CLR 1.1.4322;.NET CLR 2.0.50727;.NET CLR 3.0.04506.30)"
69.84.207.147 - - [30/Jan/2009:02:33:01 -0500] "GET /index.html HTTP/1.1" 206 464 "-" "Mozilla/4.0 (compatible; MSIE 7.0;Windows NT 5.1;.NET CLR 1.1.4322;.NET CLR 2.0.50727;.NET CLR 3.0.04506.30)"
69.84.207.147 - - [30/Jan/2009:02:33:03 -0500] "GET /links.html HTTP/1.1" 206 4252 "-" "Mozilla/4.0 (compatible; MSIE 7.0;Windows NT 5.1;.NET CLR 1.1.4322;.NET CLR 2.0.50727;.NET CLR 3.0.04506.30)"
69.84.207.147 - - [30/Jan/2009:02:33:04 -0500] "GET /prideandjoy.html HTTP/1.1" 206 4887 "-" "Mozilla/4.0 (compatible; MSIE 7.0;Windows NT 5.1;.NET CLR 1.1.4322;.NET CLR 2.0.50727;.NET CLR 3.0.04506.30)"
69.84.207.147 - - [30/Jan/2009:02:33:06 -0500] "GET /tpnews.html HTTP/1.1" 206 8305 "-" "Mozilla/4.0 (compatible; MSIE 7.0;Windows NT 5.1;.NET CLR 1.1.4322;.NET CLR 2.0.50727;.NET CLR 3.0.04506.30)"
69.84.207.147 - - [30/Jan/2009:02:33:08 -0500] "GET /links.html HTTP/1.1" 206 4252 "-" "Mozilla/4.0 (compatible; MSIE 7.0;Windows NT 5.1;.NET CLR 1.1.4322;.NET CLR 2.0.50727;.NET CLR 3.0.04506.30)"
69.84.207.147 - - [30/Jan/2009:02:33:09 -0500] "GET /links.html HTTP/1.1" 206 4252 "-" "Mozilla/4.0 (compatible; MSIE 7.0;Windows NT 5.1;.NET CLR 1.1.4322;.NET CLR 2.0.50727;.NET CLR 3.0.04506.30)"
69.84.207.147 - - [30/Jan/2009:02:33:11 -0500] "GET /links.html HTTP/1.1" 206 4252 "-" "Mozilla/4.0 (compatible; MSIE 7.0;Windows NT 5.1;.NET CLR 1.1.4322;.NET CLR 2.0.50727;.NET CLR 3.0.04506.30)"
69.84.207.147 - - [30/Jan/2009:02:33:12 -0500] "GET /prideandjoy.html HTTP/1.1" 206 4887 "-" "Mozilla/4.0 (compatible; MSIE 7.0;Windows NT 5.1;.NET CLR 1.1.4322;.NET CLR 2.0.50727;.NET CLR 3.0.04506.30)"
69.84.207.147 - - [30/Jan/2009:02:33:13 -0500] "GET /writing/sept11.html HTTP/1.1" 206 17233 "-" "Mozilla/4.0 (compatible; MSIE 7.0;Windows NT 5.1;.NET CLR 1.1.4322;.NET CLR 2.0.50727;.NET CLR 3.0.04506.30)"
208.111.154.15 - - [30/Jan/2009:02:36:04 -0500] "GET /robots.txt HTTP/1.1" 404 693 "-" "Mozilla/5.0 (compatible; Charlotte/1.1; http://www.searchme.com/support/)"
66.249.65.232 - - [30/Jan/2009:02:37:54 -0500] "GET /limerick/nice599.html HTTP/1.1" 200 26033 "-" "Nokia6820/2.0 (4.83) Profile/MIDP-1.0 Configuration/CLDC-1.0 (compatible; Googlebot-Mobile/2.1; +http://www.google.com/bot.html)"
208.111.154.33 - - [30/Jan/2009:02:38:49 -0500] "GET /robots.txt HTTP/1.1" 404 693 "-" "Mozilla/5.0 (compatible; Charlotte/1.1; http://www.searchme.com/support/)"
66.249.65.232 - - [30/Jan/2009:02:40:16 -0500] "GET /limerick/1997/lim1997.html HTTP/1.1" 200 1925 "-" "Nokia6820/2.0 (4.83) Profile/MIDP-1.0 Configuration/CLDC-1.0 (compatible; Googlebot-Mobile/2.1; +http://www.google.com/bot.html)"
66.249.65.232 - - [30/Jan/2009:02:45:27 -0500] "GET /limerick/nice399.html HTTP/1.1" 200 31092 "-" "Nokia6820/2.0 (4.83) Profile/MIDP-1.0 Configuration/CLDC-1.0 (compatible; Googlebot-Mobile/2.1; +http://www.google.com/bot.html)"
66.249.65.232 - - [30/Jan/2009:02:45:28 -0500] "GET /limerick/naut199.html HTTP/1.1" 200 34481 "-" "Nokia6820/2.0 (4.83) Profile/MIDP-1.0 Configuration/CLDC-1.0 (compatible; Googlebot-Mobile/2.1; +http://www.google.com/bot.html)"
66.249.65.232 - - [30/Jan/2009:02:50:36 -0500] "GET /limerick/nice499.html HTTP/1.1" 200 24193 "-" "Nokia6820/2.0 (4.83) Profile/MIDP-1.0 Configuration/CLDC-1.0 (compatible; Googlebot-Mobile/2.1; +http://www.google.com/bot.html)"
66.249.65.232 - - [30/Jan/2009:02:59:36 -0500] "GET /limerick/naut499.html HTTP/1.1" 200 38163 "-" "Nokia6820/2.0 (4.83) Profile/MIDP-1.0 Configuration/CLDC-1.0 (compatible; Googlebot-Mobile/2.1; +http://www.google.com/bot.html)"
66.249.65.232 - - [30/Jan/2009:03:01:22 -0500] "GET /limerick/nice299.html HTTP/1.1" 200 28130 "-" "Nokia6820/2.0 (4.83) Profile/MIDP-1.0 Configuration/CLDC-1.0 (compatible; Googlebot-Mobile/2.1; +http://www.google.com/bot.html)"
81.52.143.15 - - [30/Jan/2009:03:07:19 -0500] "GET /limerick/1998/nice598.html HTTP/1.1" 200 45520 "-" "Mozilla/5.0 (Windows; U; Windows NT 5.1; fr; rv:1.8.1) VoilaBot BETA 1.2 (support.voilabot@orange-ftgroup.com)"
66.235.124.8 - - [30/Jan/2009:03:27:30 -0500] "GET /robots.txt HTTP/1.1" 404 693 "-" "Mozilla/5.0 (compatible; Ask Jeeves/Teoma; +http://about.ask.com/en/docs/about/webmasters.shtml)"
66.235.124.8 - - [30/Jan/2009:03:27:35 -0500] "GET /haiku/1997/haik1097.html HTTP/1.1" 200 24055 "-" "Mozilla/5.0 (compatible; Ask Jeeves/Teoma; +http://about.ask.com/en/docs/about/webmasters.shtml)"
66.235.124.8 - - [30/Jan/2009:03:29:22 -0500] "GET / HTTP/1.1" 200 464 "-" "Mozilla/5.0 (compatible; Ask Jeeves/Teoma; +http://about.ask.com/en/docs/about/webmasters.shtml)"
66.235.124.8 - - [30/Jan/2009:03:29:22 -0500] "GET /toastpointtopleft.html HTTP/1.1" 200 162 "-" "Mozilla/5.0 (compatible; Ask Jeeves/Teoma; +http://about.ask.com/en/docs/about/webmasters.shtml)"
66.235.124.8 - - [30/Jan/2009:03:29:22 -0500] "GET /toastpointtoc.html HTTP/1.1" 200 1188 "-" "Mozilla/5.0 (compatible; Ask Jeeves/Teoma; +http://about.ask.com/en/docs/about/webmasters.shtml)"
66.235.124.8 - - [30/Jan/2009:03:29:22 -0500] "GET /news.html HTTP/1.1" 200 17706 "-" "Mozilla/5.0 (compatible; Ask Jeeves/Teoma; +http://about.ask.com/en/docs/about/webmasters.shtml)"
66.235.124.8 - - [30/Jan/2009:03:29:22 -0500] "GET /toastpointtopright.html HTTP/1.1" 200 151 "-" "Mozilla/5.0 (compatible; Ask Jeeves/Teoma; +http://about.ask.com/en/docs/about/webmasters.shtml)"
66.235.124.8 - - [30/Jan/2009:03:29:22 -0500] "GET /tpnews.html HTTP/1.1" 200 8305 "-" "Mozilla/5.0 (compatible; Ask Jeeves/Teoma; +http://about.ask.com/en/docs/about/webmasters.shtml)"
208.111.154.16 - - [30/Jan/2009:03:36:07 -0500] "GET /robots.txt HTTP/1.1" 404 693 "-" "Mozilla/5.0 (compatible; Charlotte/1.1; http://www.searchme.com/support/)"
208.115.111.245 - - [30/Jan/2009:03:39:11 -0500] "GET /robots.txt HTTP/1.1" 404 693 "-" "Mozilla/5.0 (compatible; DotBot/1.1; http://www.dotnetdotcom.org/, crawler@dotnetdotcom.org)"
66.235.124.8 - - [30/Jan/2009:03:57:19 -0500] "GET /limerick/1998/naut298.html HTTP/1.1" 200 48518 "-" "Mozilla/5.0 (compatible; Ask Jeeves/Teoma; +http://about.ask.com/en/docs/about/webmasters.shtml)"
208.111.154.16 - - [30/Jan/2009:04:25:42 -0500] "GET /robots.txt HTTP/1.1" 404 693 "-" "Mozilla/5.0 (compatible; Charlotte/1.1; http://www.searchme.com/support/)"
75.101.176.174 - - [30/Jan/2009:04:25:53 -0500] "GET / HTTP/1.0" 200 464 "-" "-"
208.111.154.15 - - [30/Jan/2009:04:37:41 -0500] "GET /robots.txt HTTP/1.1" 404 693 "-" "Mozilla/5.0 (compatible; Charlotte/1.1; http://www.searchme.com/support/)"
208.115.111.245 - - [30/Jan/2009:04:42:43 -0500] "GET /limerick/1997/nice397.html HTTP/1.1" 200 13929 "-" "Mozilla/5.0 (compatible; DotBot/1.1; http://www.dotnetdotcom.org/, crawler@dotnetdotcom.org)"
208.115.111.245 - - [30/Jan/2009:04:42:45 -0500] "GET /limerick/1997/nice497.html HTTP/1.1" 200 30916 "-" "Mozilla/5.0 (compatible; DotBot/1.1; http://www.dotnetdotcom.org/, crawler@dotnetdotcom.org)"
208.115.111.245 - - [30/Jan/2009:04:42:48 -0500] "GET /limerick/1997/nice597.html HTTP/1.1" 200 16764 "-" "Mozilla/5.0 (compatible; DotBot/1.1; http://www.dotnetdotcom.org/, crawler@dotnetdotcom.org)"
208.115.111.245 - - [30/Jan/2009:04:42:50 -0500] "GET /limerick/1997/nice697.html HTTP/1.1" 200 18475 "-" "Mozilla/5.0 (compatible; DotBot/1.1; http://www.dotnetdotcom.org/, crawler@dotnetdotcom.org)"
208.115.111.245 - - [30/Jan/2009:04:42:53 -0500] "GET /limerick/1997/nice797.html HTTP/1.1" 200 19339 "-" "Mozilla/5.0 (compatible; DotBot/1.1; http://www.dotnetdotcom.org/, crawler@dotnetdotcom.org)"
208.115.111.245 - - [30/Jan/2009:04:42:55 -0500] "GET /limerick/1997/nice997.html HTTP/1.1" 200 24299 "-" "Mozilla/5.0 (compatible; DotBot/1.1; http://www.dotnetdotcom.org/, crawler@dotnetdotcom.org)"
208.115.111.245 - - [30/Jan/2009:04:42:58 -0500] "GET /limerick/1998/docs/formhint.html HTTP/1.1" 404 693 "-" "Mozilla/5.0 (compatible; DotBot/1.1; http://www.dotnetdotcom.org/, crawler@dotnetdotcom.org)"
208.115.111.245 - - [30/Jan/2009:04:42:59 -0500] "GET /limerick/1998/lim1998.html HTTP/1.1" 200 2041 "-" "Mozilla/5.0 (compatible; DotBot/1.1; http://www.dotnetdotcom.org/, crawler@dotnetdotcom.org)"
208.115.111.245 - - [30/Jan/2009:04:43:00 -0500] "GET /limerick/1998/naut1098.html HTTP/1.1" 200 29294 "-" "Mozilla/5.0 (compatible; DotBot/1.1; http://www.dotnetdotcom.org/, crawler@dotnetdotcom.org)"
208.115.111.245 - - [30/Jan/2009:04:43:02 -0500] "GET /limerick/1998/naut1198.html HTTP/1.1" 200 22126 "-" "Mozilla/5.0 (compatible; DotBot/1.1; http://www.dotnetdotcom.org/, crawler@dotnetdotcom.org)"
208.111.154.15 - - [30/Jan/2009:04:53:50 -0500] "GET /robots.txt HTTP/1.1" 404 693 "-" "Mozilla/5.0 (compatible; Charlotte/1.1; http://www.searchme.com/support/)"
193.252.149.15 - - [30/Jan/2009:05:16:23 -0500] "GET /haiku/haiku199.html HTTP/1.1" 200 34287 "-" "Mozilla/5.0 (Windows; U; Windows NT 5.1; fr; rv:1.8.1) VoilaBot BETA 1.2 (support.voilabot@orange-ftgroup.com)"
66.235.124.8 - - [30/Jan/2009:05:20:04 -0500] "GET /limerick/1997/nice197.html HTTP/1.1" 200 17698 "-" "Mozilla/5.0 (compatible; Ask Jeeves/Teoma; +http://about.ask.com/en/docs/about/webmasters.shtml)"
208.111.154.15 - - [30/Jan/2009:05:21:16 -0500] "GET /robots.txt HTTP/1.1" 404 693 "-" "Mozilla/5.0 (compatible; Charlotte/1.1; http://www.searchme.com/support/)"
66.235.124.8 - - [30/Jan/2009:05:22:12 -0500] "GET /limerick/1998/nice1098.html HTTP/1.1" 200 32559 "-" "Mozilla/5.0 (compatible; Ask Jeeves/Teoma; +http://about.ask.com/en/docs/about/webmasters.shtml)"
66.235.124.8 - - [30/Jan/2009:05:29:43 -0500] "GET /limerick/1997/nice597.html HTTP/1.1" 200 16764 "-" "Mozilla/5.0 (compatible; Ask Jeeves/Teoma; +http://about.ask.com/en/docs/about/webmasters.shtml)"
81.52.143.26 - - [30/Jan/2009:05:40:48 -0500] "GET /robots.txt HTTP/1.1" 404 693 "-" "Mozilla/5.0 (Windows; U; Windows NT 5.1; fr; rv:1.8.1) VoilaBot BETA 1.2 (support.voilabot@orange-ftgroup.com)"
81.52.143.26 - - [30/Jan/2009:05:40:52 -0500] "GET /limerick/nice299.html HTTP/1.1" 200 28130 "-" "Mozilla/5.0 (Windows; U; Windows NT 5.1; fr; rv:1.8.1) VoilaBot BETA 1.2 (support.voilabot@orange-ftgroup.com)"
74.6.18.38 - - [30/Jan/2009:06:02:15 -0500] "GET /robots.txt HTTP/1.0" 404 693 "-" "Mozilla/5.0 (compatible; Yahoo! Slurp; http://help.yahoo.com/help/us/ysearch/slurp)"
74.6.76.45 - - [30/Jan/2009:06:02:15 -0500] "GET /haiku/haiku.html HTTP/1.0" 200 2147 "-" "Mozilla/5.0 (compatible; Yahoo! DE Slurp; http://help.yahoo.com/help/us/ysearch/slurp)"
208.115.111.245 - - [30/Jan/2009:06:02:29 -0500] "GET /robots.txt HTTP/1.1" 404 693 "-" "Mozilla/5.0 (compatible; DotBot/1.1; http://www.dotnetdotcom.org/, crawler@dotnetdotcom.org)"
208.111.154.15 - - [30/Jan/2009:06:13:50 -0500] "GET /robots.txt HTTP/1.1" 404 693 "-" "Mozilla/5.0 (compatible; Charlotte/1.1; http://www.searchme.com/support/)"
208.111.154.15 - - [30/Jan/2009:06:31:22 -0500] "GET /robots.txt HTTP/1.1" 404 693 "-" "Mozilla/5.0 (compatible; Charlotte/1.1; http://www.searchme.com/support/)"
67.195.37.115 - - [30/Jan/2009:06:33:03 -0500] "GET /robots.txt HTTP/1.0" 404 693 "-" "Mozilla/5.0 (compatible; Yahoo! Slurp; http://help.yahoo.com/help/us/ysearch/slurp)"
67.195.37.115 - - [30/Jan/2009:06:33:03 -0500] "GET /haiku/haiku.html HTTP/1.0" 200 2147 "-" "Mozilla/5.0 (compatible; Yahoo! DE Slurp; http://help.yahoo.com/help/us/ysearch/slurp)"
208.111.154.15 - - [30/Jan/2009:06:33:33 -0500] "GET /robots.txt HTTP/1.1" 404 693 "-" "Mozilla/5.0 (compatible; Charlotte/1.1; http://www.searchme.com/support/)"
81.52.143.15 - - [30/Jan/2009:06:35:07 -0500] "GET /limerick/nicefrm.html HTTP/1.1" 200 557 "-" "Mozilla/5.0 (Windows; U; Windows NT 5.1; fr; rv:1.8.1) VoilaBot BETA 1.2 (support.voilabot@orange-ftgroup.com)"
66.249.65.232 - - [30/Jan/2009:06:37:15 -0500] "GET /limerick/brady/brady1.html HTTP/1.1" 200 4493 "-" "Nokia6820/2.0 (4.83) Profile/MIDP-1.0 Configuration/CLDC-1.0 (compatible; Googlebot-Mobile/2.1; +http://www.google.com/bot.html)"
66.249.65.112 - - [30/Jan/2009:06:39:04 -0500] "GET /robots.txt HTTP/1.1" 404 693 "-" "DoCoMo/2.0 N905i(c100;TB;W24H16) (compatible; Googlebot-Mobile/2.1; +http://www.google.com/bot.html)"
66.249.65.112 - - [30/Jan/2009:06:39:04 -0500] "GET /fiction/novels/peak1-2.html HTTP/1.1" 200 2302 "-" "DoCoMo/2.0 N905i(c100;TB;W24H16) (compatible; Googlebot-Mobile/2.1; +http://www.google.com/bot.html)"
63.241.3.51 - - [30/Jan/2009:06:39:05 -0500] "GET /limerick/limerick.html HTTP/1.1" 200 2613 "-" "-"
208.111.154.16 - - [30/Jan/2009:06:41:44 -0500] "GET /robots.txt HTTP/1.1" 404 693 "-" "Mozilla/5.0 (compatible; Charlotte/1.1; http://www.searchme.com/support/)"
81.52.143.15 - - [30/Jan/2009:06:52:29 -0500] "GET /limerick/nice599.html HTTP/1.1" 200 26033 "-" "Mozilla/5.0 (Windows; U; Windows NT 5.1; fr; rv:1.8.1) VoilaBot BETA 1.2 (support.voilabot@orange-ftgroup.com)"
66.249.65.232 - - [30/Jan/2009:06:55:54 -0500] "GET /limerick/1995/nicedec.html HTTP/1.1" 200 13251 "-" "Nokia6820/2.0 (4.83) Profile/MIDP-1.0 Configuration/CLDC-1.0 (compatible; Googlebot-Mobile/2.1; +http://www.google.com/bot.html)"
66.249.65.232 - - [30/Jan/2009:06:56:26 -0500] "GET /limerick/1997/nice1097.html HTTP/1.1" 200 20810 "-" "Nokia6820/2.0 (4.83) Profile/MIDP-1.0 Configuration/CLDC-1.0 (compatible; Googlebot-Mobile/2.1; +http://www.google.com/bot.html)"
66.249.65.232 - - [30/Jan/2009:07:07:46 -0500] "GET /fiction/novels/peak1-2.html HTTP/1.1" 200 2302 "-" "Nokia6820/2.0 (4.83) Profile/MIDP-1.0 Configuration/CLDC-1.0 (compatible; Googlebot-Mobile/2.1; +http://www.google.com/bot.html)"
66.235.124.8 - - [30/Jan/2009:07:12:01 -0500] "GET /fiction/fict98/fict498.html HTTP/1.1" 200 24373 "-" "Mozilla/5.0 (compatible; Ask Jeeves/Teoma; +http://about.ask.com/en/docs/about/webmasters.shtml)"
66.249.65.232 - - [30/Jan/2009:07:16:22 -0500] "GET /limerick/1997/naut997.html HTTP/1.1" 200 53317 "-" "Nokia6820/2.0 (4.83) Profile/MIDP-1.0 Configuration/CLDC-1.0 (compatible; Googlebot-Mobile/2.1; +http://www.google.com/bot.html)"
66.249.65.232 - - [30/Jan/2009:07:16:48 -0500] "GET /limerick/1997/nice1197.html HTTP/1.1" 200 19541 "-" "Nokia6820/2.0 (4.83) Profile/MIDP-1.0 Configuration/CLDC-1.0 (compatible; Googlebot-Mobile/2.1; +http://www.google.com/bot.html)"
66.249.65.232 - - [30/Jan/2009:07:16:54 -0500] "GET /limerick/1997/naut1297.html HTTP/1.1" 200 36990 "-" "Nokia6820/2.0 (4.83) Profile/MIDP-1.0 Configuration/CLDC-1.0 (compatible; Googlebot-Mobile/2.1; +http://www.google.com/bot.html)"
208.115.111.245 - - [30/Jan/2009:07:18:43 -0500] "GET /limerick/1998/naut1298.html HTTP/1.1" 200 31614 "-" "Mozilla/5.0 (compatible; DotBot/1.1; http://www.dotnetdotcom.org/, crawler@dotnetdotcom.org)"
208.115.111.245 - - [30/Jan/2009:07:18:46 -0500] "GET /limerick/1998/naut198.html HTTP/1.1" 200 38022 "-" "Mozilla/5.0 (compatible; DotBot/1.1; http://www.dotnetdotcom.org/, crawler@dotnetdotcom.org)"
208.115.111.245 - - [30/Jan/2009:07:18:47 -0500] "GET /limerick/1998/naut298.html HTTP/1.1" 200 48518 "-" "Mozilla/5.0 (compatible; DotBot/1.1; http://www.dotnetdotcom.org/, crawler@dotnetdotcom.org)"
208.115.111.245 - - [30/Jan/2009:07:18:48 -0500] "GET /limerick/1998/naut398.html HTTP/1.1" 200 58324 "-" "Mozilla/5.0 (compatible; DotBot/1.1; http://www.dotnetdotcom.org/, crawler@dotnetdotcom.org)"
208.115.111.245 - - [30/Jan/2009:07:18:50 -0500] "GET /limerick/1998/naut498.html HTTP/1.1" 200 31946 "-" "Mozilla/5.0 (compatible; DotBot/1.1; http://www.dotnetdotcom.org/, crawler@dotnetdotcom.org)"
208.115.111.245 - - [30/Jan/2009:07:18:52 -0500] "GET /limerick/1998/naut598.html HTTP/1.1" 200 63665 "-" "Mozilla/5.0 (compatible; DotBot/1.1; http://www.dotnetdotcom.org/, crawler@dotnetdotcom.org)"
208.115.111.245 - - [30/Jan/2009:07:18:54 -0500] "GET /limerick/1998/naut698.html HTTP/1.1" 200 41193 "-" "Mozilla/5.0 (compatible; DotBot/1.1; http://www.dotnetdotcom.org/, crawler@dotnetdotcom.org)"
208.115.111.245 - - [30/Jan/2009:07:18:56 -0500] "GET /limerick/1998/naut798.html HTTP/1.1" 200 47582 "-" "Mozilla/5.0 (compatible; DotBot/1.1; http://www.dotnetdotcom.org/, crawler@dotnetdotcom.org)"
208.115.111.245 - - [30/Jan/2009:07:18:58 -0500] "GET /limerick/1998/naut998.html HTTP/1.1" 200 35543 "-" "Mozilla/5.0 (compatible; DotBot/1.1; http://www.dotnetdotcom.org/, crawler@dotnetdotcom.org)"
208.115.111.245 - - [30/Jan/2009:07:18:59 -0500] "GET /limerick/1998/nice1098.html HTTP/1.1" 200 32559 "-" "Mozilla/5.0 (compatible; DotBot/1.1; http://www.dotnetdotcom.org/, crawler@dotnetdotcom.org)"
193.252.149.15 - - [30/Jan/2009:07:27:59 -0500] "GET /haiku/haiku499.html HTTP/1.1" 200 54815 "-" "Mozilla/5.0 (Windows; U; Windows NT 5.1; fr; rv:1.8.1) VoilaBot BETA 1.2 (support.voilabot@orange-ftgroup.com)"
66.249.65.232 - - [30/Jan/2009:07:34:33 -0500] "GET /limerick/1997/naut1097.html HTTP/1.1" 200 35530 "-" "Nokia6820/2.0 (4.83) Profile/MIDP-1.0 Configuration/CLDC-1.0 (compatible; Googlebot-Mobile/2.1; +http://www.google.com/bot.html)"
66.249.65.232 - - [30/Jan/2009:07:35:26 -0500] "GET /limerick/1997/naut297.html HTTP/1.1" 200 31034 "-" "Nokia6820/2.0 (4.83) Profile/MIDP-1.0 Configuration/CLDC-1.0 (compatible; Googlebot-Mobile/2.1; +http://www.google.com/bot.html)"
66.249.65.232 - - [30/Jan/2009:07:35:27 -0500] "GET /limerick/1997/naut597.html HTTP/1.1" 200 22468 "-" "Nokia6820/2.0 (4.83) Profile/MIDP-1.0 Configuration/CLDC-1.0 (compatible; Googlebot-Mobile/2.1; +http://www.google.com/bot.html)"
66.249.65.232 - - [30/Jan/2009:07:35:28 -0500] "GET /limerick/1997/naut1197.html HTTP/1.1" 200 42998 "-" "Nokia6820/2.0 (4.83) Profile/MIDP-1.0 Configuration/CLDC-1.0 (compatible; Googlebot-Mobile/2.1; +http://www.google.com/bot.html)"
66.249.65.232 - - [30/Jan/2009:07:35:54 -0500] "GET /limerick/1996/1996.html HTTP/1.1" 404 693 "-" "Nokia6820/2.0 (4.83) Profile/MIDP-1.0 Configuration/CLDC-1.0 (compatible; Googlebot-Mobile/2.1; +http://www.google.com/bot.html)"
66.249.65.232 - - [30/Jan/2009:07:35:54 -0500] "GET /limerick/1997/nice497.html HTTP/1.1" 200 30916 "-" "Nokia6820/2.0 (4.83) Profile/MIDP-1.0 Configuration/CLDC-1.0 (compatible; Googlebot-Mobile/2.1; +http://www.google.com/bot.html)"
208.111.154.15 - - [30/Jan/2009:07:36:05 -0500] "GET /robots.txt HTTP/1.1" 404 693 "-" "Mozilla/5.0 (compatible; Charlotte/1.1; http://www.searchme.com/support/)"
66.249.65.232 - - [30/Jan/2009:07:38:11 -0500] "GET /limerick/1997/nice797.html HTTP/1.1" 200 19339 "-" "Nokia6820/2.0 (4.83) Profile/MIDP-1.0 Configuration/CLDC-1.0 (compatible; Googlebot-Mobile/2.1; +http://www.google.com/bot.html)"
66.249.65.232 - - [30/Jan/2009:07:39:24 -0500] "GET /limerick/1997/naut197.html HTTP/1.1" 200 27246 "-" "Nokia6820/2.0 (4.83) Profile/MIDP-1.0 Configuration/CLDC-1.0 (compatible; Googlebot-Mobile/2.1; +http://www.google.com/bot.html)"
66.249.65.232 - - [30/Jan/2009:07:39:47 -0500] "GET /limerick/1997/naut397.html HTTP/1.1" 200 21435 "-" "Nokia6820/2.0 (4.83) Profile/MIDP-1.0 Configuration/CLDC-1.0 (compatible; Googlebot-Mobile/2.1; +http://www.google.com/bot.html)"
66.235.124.8 - - [30/Jan/2009:07:40:05 -0500] "GET /prideandjoy.html HTTP/1.1" 200 4887 "-" "Mozilla/5.0 (compatible; Ask Jeeves/Teoma; +http://about.ask.com/en/docs/about/webmasters.shtml)"
66.249.65.232 - - [30/Jan/2009:07:40:17 -0500] "GET /limerick/1997/nice697.html HTTP/1.1" 200 18475 "-" "Nokia6820/2.0 (4.83) Profile/MIDP-1.0 Configuration/CLDC-1.0 (compatible; Googlebot-Mobile/2.1; +http://www.google.com/bot.html)"
66.249.65.232 - - [30/Jan/2009:07:42:53 -0500] "GET /limerick/1997/naut497.html HTTP/1.1" 200 43346 "-" "Nokia6820/2.0 (4.83) Profile/MIDP-1.0 Configuration/CLDC-1.0 (compatible; Googlebot-Mobile/2.1; +http://www.google.com/bot.html)"
66.249.65.232 - - [30/Jan/2009:07:42:55 -0500] "GET /limerick/1997/nice997.html HTTP/1.1" 200 24299 "-" "Nokia6820/2.0 (4.83) Profile/MIDP-1.0 Configuration/CLDC-1.0 (compatible; Googlebot-Mobile/2.1; +http://www.google.com/bot.html)"
66.235.124.8 - - [30/Jan/2009:07:45:21 -0500] "GET /limerick/1997/naut497.html HTTP/1.1" 200 43346 "-" "Mozilla/5.0 (compatible; Ask Jeeves/Teoma; +http://about.ask.com/en/docs/about/webmasters.shtml)"
66.249.65.232 - - [30/Jan/2009:07:48:52 -0500] "GET /limerick/1997/nice197.html HTTP/1.1" 200 17698 "-" "Nokia6820/2.0 (4.83) Profile/MIDP-1.0 Configuration/CLDC-1.0 (compatible; Googlebot-Mobile/2.1; +http://www.google.com/bot.html)"
208.111.154.15 - - [30/Jan/2009:08:05:50 -0500] "GET /robots.txt HTTP/1.1" 404 693 "-" "Mozilla/5.0 (compatible; Charlotte/1.1; http://www.searchme.com/support/)"
208.115.111.245 - - [30/Jan/2009:08:28:32 -0500] "GET /robots.txt HTTP/1.1" 404 693 "-" "Mozilla/5.0 (compatible; DotBot/1.1; http://www.dotnetdotcom.org/, crawler@dotnetdotcom.org)"
72.30.161.228 - - [30/Jan/2009:08:39:20 -0500] "GET /robots.txt HTTP/1.0" 404 693 "-" "Mozilla/5.0 (compatible; Yahoo! Slurp; http://help.yahoo.com/help/us/ysearch/slurp)"
208.44.45.77 - - [30/Jan/2009:08:43:01 -0500] "GET /limerick/nice299.html HTTP/1.0" 200 28130 "-" "Mozilla/4.0 (compatible; MSIE 6.0; Windows NT 5.1; SV1; .NET CLR 2.0.50727; .NET CLR 3.0.04506.30; .NET CLR 3.0.04506.648)"
208.44.45.77 - - [30/Jan/2009:08:43:01 -0500] "GET /gifs/birdumb2.gif HTTP/1.0" 200 4698 "http://www.toastpoint.com/limerick/nice299.html" "Mozilla/4.0 (compatible; MSIE 6.0; Windows NT 5.1; SV1; .NET CLR 2.0.50727; .NET CLR 3.0.04506.30; .NET CLR 3.0.04506.648)"
208.44.45.77 - - [30/Jan/2009:08:43:01 -0500] "GET /gifs/birdumb.gif HTTP/1.0" 200 4704 "http://www.toastpoint.com/limerick/nice299.html" "Mozilla/4.0 (compatible; MSIE 6.0; Windows NT 5.1; SV1; .NET CLR 2.0.50727; .NET CLR 3.0.04506.30; .NET CLR 3.0.04506.648)"
208.44.45.77 - - [30/Jan/2009:08:43:01 -0500] "GET /gifs/goldstar.jpg HTTP/1.0" 200 1854 "http://www.toastpoint.com/limerick/nice299.html" "Mozilla/4.0 (compatible; MSIE 6.0; Windows NT 5.1; SV1; .NET CLR 2.0.50727; .NET CLR 3.0.04506.30; .NET CLR 3.0.04506.648)"
168.170.202.150 - - [30/Jan/2009:08:53:42 -0500] "GET /limerick/nice199.html HTTP/1.1" 200 25313 "http://www.google.com/search?hl=en&q=redneck+limericks&start=20&sa=N" "Mozilla/4.0 (compatible; MSIE 6.0; Windows NT 5.1)"
72.30.78.225 - - [30/Jan/2009:09:11:39 -0500] "GET /robots.txt HTTP/1.0" 404 693 "-" "Mozilla/5.0 (compatible; Yahoo! Slurp; http://help.yahoo.com/help/us/ysearch/slurp)"
65.55.231.28 - - [30/Jan/2009:09:28:33 -0500] "GET /robots.txt HTTP/1.1" 404 693 "-" "msnbot-media/1.1 (+http://search.msn.com/msnbot.htm)"
65.55.231.28 - - [30/Jan/2009:09:28:33 -0500] "GET /rapture/sor-well.gif HTTP/1.1" 200 2583 "-" "msnbot-media/1.1 (+http://search.msn.com/msnbot.htm)"
