24.22.184.8 - - [18/Feb/2009:00:35:51 -0500] "GET /favicon.ico HTTP/1.1" 404 693 "-" "Mozilla/5.0 (Windows; U; Windows NT 5.1; en-US; rv:1.9.0.6) Gecko/2009011913 Firefox/3.0.6"
24.22.184.8 - - [18/Feb/2009:00:35:51 -0500] "GET /limerick/1995/nautnov.html HTTP/1.1" 200 13933 "-" "Mozilla/5.0 (Windows; U; Windows NT 5.1; en-US; rv:1.9.0.6) Gecko/2009011913 Firefox/3.0.6"
24.22.184.8 - - [18/Feb/2009:00:35:51 -0500] "GET /gifs/goldstar.jpg HTTP/1.1" 200 1854 "http://www.toastpoint.com/limerick/1995/nautnov.html" "Mozilla/5.0 (Windows; U; Windows NT 5.1; en-US; rv:1.9.0.6) Gecko/2009011913 Firefox/3.0.6"
24.22.184.8 - - [18/Feb/2009:00:35:54 -0500] "GET /favicon.ico HTTP/1.1" 404 693 "-" "Mozilla/5.0 (Windows; U; Windows NT 5.1; en-US; rv:1.9.0.6) Gecko/2009011913 Firefox/3.0.6"
24.22.184.8 - - [18/Feb/2009:00:35:54 -0500] "GET /favicon.ico HTTP/1.1" 404 693 "-" "Mozilla/5.0 (Windows; U; Windows NT 5.1; en-US; rv:1.9.0.6) Gecko/2009011913 Firefox/3.0.6"
66.235.124.8 - - [18/Feb/2009:01:03:03 -0500] "GET /robots.txt HTTP/1.1" 404 693 "-" "Mozilla/5.0 (compatible; Ask Jeeves/Teoma; +http://about.ask.com/en/docs/about/webmasters.shtml)"
66.235.124.8 - - [18/Feb/2009:01:03:08 -0500] "GET /haiku/haiku299.html HTTP/1.1" 200 68017 "-" "Mozilla/5.0 (compatible; Ask Jeeves/Teoma; +http://about.ask.com/en/docs/about/webmasters.shtml)"
66.249.65.234 - - [18/Feb/2009:01:07:36 -0500] "GET /gifs/tpfeb2008.jpg HTTP/1.1" 304 - "-" "Googlebot-Image/1.0"
81.52.143.26 - - [18/Feb/2009:01:15:11 -0500] "GET /limerick/nice299.html HTTP/1.1" 200 28130 "-" "Mozilla/5.0 (Windows; U; Windows NT 5.1; fr; rv:1.8.1) VoilaBot BETA 1.2 (support.voilabot@orange-ftgroup.com)"
66.249.65.228 - - [18/Feb/2009:01:26:28 -0500] "GET /haiku/1997/haik1997.html HTTP/1.1" 304 - "-" "Mozilla/5.0 (compatible; Googlebot/2.1; +http://www.google.com/bot.html)"
81.52.143.26 - - [18/Feb/2009:01:45:48 -0500] "GET /haiku/?D=A HTTP/1.1" 403 563 "-" "Mozilla/5.0 (Windows; U; Windows NT 5.1; fr; rv:1.8.1) VoilaBot BETA 1.2 (support.voilabot@orange-ftgroup.com)"
74.6.30.101 - - [18/Feb/2009:01:55:16 -0500] "GET / HTTP/1.0" 200 464 "-" "Mozilla/5.0 (compatible; Yahoo! DE Slurp; http://help.yahoo.com/help/us/ysearch/slurp)"
74.6.30.101 - - [18/Feb/2009:01:55:17 -0500] "GET /toastpointtopleft.html HTTP/1.0" 200 162 "-" "Mozilla/5.0 (compatible; Yahoo! DE Slurp; http://help.yahoo.com/help/us/ysearch/slurp)"
74.6.30.101 - - [18/Feb/2009:01:55:17 -0500] "GET /toastpointtoc.html HTTP/1.0" 200 1188 "-" "Mozilla/5.0 (compatible; Yahoo! DE Slurp; http://help.yahoo.com/help/us/ysearch/slurp)"
74.6.30.101 - - [18/Feb/2009:01:55:18 -0500] "GET /news.html HTTP/1.0" 200 17706 "-" "Mozilla/5.0 (compatible; Yahoo! DE Slurp; http://help.yahoo.com/help/us/ysearch/slurp)"
74.6.30.101 - - [18/Feb/2009:01:55:18 -0500] "GET /toastpointtopright.html HTTP/1.0" 200 151 "-" "Mozilla/5.0 (compatible; Yahoo! DE Slurp; http://help.yahoo.com/help/us/ysearch/slurp)"
74.6.30.101 - - [18/Feb/2009:01:55:18 -0500] "GET /tpnews.html HTTP/1.0" 200 8305 "-" "Mozilla/5.0 (compatible; Yahoo! DE Slurp; http://help.yahoo.com/help/us/ysearch/slurp)"
164.151.130.58 - - [18/Feb/2009:02:15:16 -0500] "GET /favicon.ico HTTP/1.0" 404 693 "-" "Mozilla/5.0 (Windows; U; Windows NT 5.1; en-GB; rv:1.9.0.6) Gecko/2009011913 Firefox/3.0.6"
164.151.130.58 - - [18/Feb/2009:02:15:16 -0500] "GET /limerick/naut199.html HTTP/1.0" 200 34481 "-" "Mozilla/5.0 (Windows; U; Windows NT 5.1; en-GB; rv:1.9.0.6) Gecko/2009011913 Firefox/3.0.6"
164.151.130.58 - - [18/Feb/2009:02:15:17 -0500] "GET /gifs/boobies.gif HTTP/1.0" 200 11144 "http://www.toastpoint.com/limerick/naut199.html" "Mozilla/5.0 (Windows; U; Windows NT 5.1; en-GB; rv:1.9.0.6) Gecko/2009011913 Firefox/3.0.6"
164.151.130.58 - - [18/Feb/2009:02:15:17 -0500] "GET /gifs/nakedman.gif HTTP/1.0" 200 7734 "http://www.toastpoint.com/limerick/naut199.html" "Mozilla/5.0 (Windows; U; Windows NT 5.1; en-GB; rv:1.9.0.6) Gecko/2009011913 Firefox/3.0.6"
164.151.130.58 - - [18/Feb/2009:02:15:17 -0500] "GET /gifs/goldstar.jpg HTTP/1.0" 200 1854 "http://www.toastpoint.com/limerick/naut199.html" "Mozilla/5.0 (Windows; U; Windows NT 5.1; en-GB; rv:1.9.0.6) Gecko/2009011913 Firefox/3.0.6"
81.52.143.16 - - [18/Feb/2009:02:45:16 -0500] "GET /limerick/1996/nice496.html HTTP/1.1" 200 15372 "-" "Mozilla/5.0 (Windows; U; Windows NT 5.1; fr; rv:1.8.1) VoilaBot BETA 1.2 (support.voilabot@orange-ftgroup.com)"
66.249.65.242 - - [18/Feb/2009:03:01:02 -0500] "GET /fiction/novels/petunia.jpg HTTP/1.1" 304 - "-" "Googlebot-Image/1.0"
208.111.154.16 - - [18/Feb/2009:03:02:57 -0500] "GET /robots.txt HTTP/1.1" 404 693 "-" "Mozilla/5.0 (compatible; Charlotte/1.1; http://www.searchme.com/support/)"
208.111.154.16 - - [18/Feb/2009:03:03:07 -0500] "GET /limerick/1997/nice197.html HTTP/1.1" 200 17698 "-" "Mozilla/5.0 (compatible; Charlotte/1.1; http://www.searchme.com/support/)"
74.245.162.89 - - [18/Feb/2009:03:08:12 -0500] "GET /favicon.ico HTTP/1.1" 404 693 "-" "Mozilla/4.0 (compatible; MSIE 7.0; Windows NT 6.0; SLCC1; .NET CLR 2.0.50727; Media Center PC 5.0; .NET CLR 3.0.04506)"
74.245.162.89 - - [18/Feb/2009:03:08:12 -0500] "GET /limerick/naut199.html HTTP/1.1" 200 34481 "-" "Mozilla/4.0 (compatible; MSIE 7.0; Windows NT 6.0; SLCC1; .NET CLR 2.0.50727; Media Center PC 5.0; .NET CLR 3.0.04506)"
74.245.162.89 - - [18/Feb/2009:03:08:12 -0500] "GET /gifs/nakedman.gif HTTP/1.1" 200 7734 "http://www.toastpoint.com/limerick/naut199.html" "Mozilla/4.0 (compatible; MSIE 7.0; Windows NT 6.0; SLCC1; .NET CLR 2.0.50727; Media Center PC 5.0; .NET CLR 3.0.04506)"
74.245.162.89 - - [18/Feb/2009:03:08:12 -0500] "GET /gifs/boobies.gif HTTP/1.1" 200 11144 "http://www.toastpoint.com/limerick/naut199.html" "Mozilla/4.0 (compatible; MSIE 7.0; Windows NT 6.0; SLCC1; .NET CLR 2.0.50727; Media Center PC 5.0; .NET CLR 3.0.04506)"
74.245.162.89 - - [18/Feb/2009:03:08:12 -0500] "GET /gifs/goldstar.jpg HTTP/1.1" 200 1854 "http://www.toastpoint.com/limerick/naut199.html" "Mozilla/4.0 (compatible; MSIE 7.0; Windows NT 6.0; SLCC1; .NET CLR 2.0.50727; Media Center PC 5.0; .NET CLR 3.0.04506)"
81.52.143.16 - - [18/Feb/2009:03:18:21 -0500] "GET /limerick/1998/nice698.html HTTP/1.1" 200 24183 "-" "Mozilla/5.0 (Windows; U; Windows NT 5.1; fr; rv:1.8.1) VoilaBot BETA 1.2 (support.voilabot@orange-ftgroup.com)"
71.227.139.114 - - [18/Feb/2009:03:46:36 -0500] "GET /gifs/goldstar.jpg HTTP/1.1" 200 1854 "http://www.toastpoint.com/haiku/haiku199.html" "Mozilla/4.0 (compatible; MSIE 6.0; Windows NT 5.1; SV1; .NET CLR 1.1.4322)"
71.227.139.114 - - [18/Feb/2009:03:46:36 -0500] "GET /gifs/japan.gif HTTP/1.1" 200 5737 "http://www.toastpoint.com/haiku/haiku199.html" "Mozilla/4.0 (compatible; MSIE 6.0; Windows NT 5.1; SV1; .NET CLR 1.1.4322)"
71.227.139.114 - - [18/Feb/2009:03:46:36 -0500] "GET /gifs/blank.jpg HTTP/1.1" 200 705 "http://www.toastpoint.com/haiku/haiku199.html" "Mozilla/4.0 (compatible; MSIE 6.0; Windows NT 5.1; SV1; .NET CLR 1.1.4322)"
71.227.139.114 - - [18/Feb/2009:03:46:35 -0500] "GET /haiku/haiku199.html HTTP/1.1" 200 34287 "-" "Mozilla/4.0 (compatible; MSIE 6.0; Windows NT 5.1; SV1; .NET CLR 1.1.4322)"
66.249.65.239 - - [18/Feb/2009:03:54:08 -0500] "GET /gifs/leopold.jpg HTTP/1.1" 304 - "-" "Googlebot-Image/1.0"
90.11.18.240 - - [18/Feb/2009:04:53:32 -0500] "GET /gifs/goldstar.jpg HTTP/1.1" 200 1854 "http://127.0.0.1:4664/preview?event_id=75384&schema_id=2&q=paul&s=000000000000000000000000000" "Mozilla/4.0 (compatible; MSIE 7.0; Windows NT 5.1; GTB5; .NET CLR 1.1.4322; .NET CLR 2.0.50727; InfoPath.2)"
90.11.18.240 - - [18/Feb/2009:04:53:32 -0500] "GET /gifs/blank.jpg HTTP/1.1" 200 705 "http://127.0.0.1:4664/preview?event_id=75384&schema_id=2&q=paul&s=000000000000000000000000000" "Mozilla/4.0 (compatible; MSIE 7.0; Windows NT 5.1; GTB5; .NET CLR 1.1.4322; .NET CLR 2.0.50727; InfoPath.2)"
90.11.18.240 - - [18/Feb/2009:04:53:36 -0500] "GET /gifs/japan.gif HTTP/1.1" 200 5737 "http://127.0.0.1:4664/preview?event_id=75384&schema_id=2&q=paul&s=000000000000000000000000000" "Mozilla/4.0 (compatible; MSIE 7.0; Windows NT 5.1; GTB5; .NET CLR 1.1.4322; .NET CLR 2.0.50727; InfoPath.2)"
193.252.149.16 - - [18/Feb/2009:04:56:37 -0500] "GET /limerick/naut499.html HTTP/1.1" 200 38163 "-" "Mozilla/5.0 (Windows; U; Windows NT 5.1; fr; rv:1.8.1) VoilaBot BETA 1.2 (support.voilabot@orange-ftgroup.com)"
122.224.188.205 - - [18/Feb/2009:05:08:32 -0500] "GET /fiction/novels/parkey.html HTTP/1.1" 200 25723 "http://www.google.cn/search?hl=zh-CN&newwindow=1&q=twins&as_q=mysterious&btnG=%E5%9C%A8%E7%BB%93%E6%9E%9C%E4%B8%AD%E6%90%9C%E7%B4%A2" "Mozilla/4.0 (compatible; MSIE 6.0; Windows NT 5.1; SV1)"
122.224.188.205 - - [18/Feb/2009:05:08:35 -0500] "GET /gifs/goldstar.jpg HTTP/1.1" 200 1854 "http://www.toastpoint.com/fiction/novels/parkey.html" "Mozilla/4.0 (compatible; MSIE 6.0; Windows NT 5.1; SV1)"
193.252.149.15 - - [18/Feb/2009:05:33:14 -0500] "GET /limerick/1998/nice398.html HTTP/1.1" 200 36584 "-" "Mozilla/5.0 (Windows; U; Windows NT 5.1; fr; rv:1.8.1) VoilaBot BETA 1.2 (support.voilabot@orange-ftgroup.com)"
66.249.65.233 - - [18/Feb/2009:05:33:17 -0500] "GET /gifs/tpoct2006.jpg HTTP/1.1" 304 - "-" "Googlebot-Image/1.0"
66.249.65.239 - - [18/Feb/2009:06:44:50 -0500] "GET /gifs/pastheaders.html HTTP/1.1" 200 1264 "-" "Mozilla/5.0 (compatible; Googlebot/2.1; +http://www.google.com/bot.html)"
63.241.3.51 - - [18/Feb/2009:06:46:11 -0500] "GET /limerick/limerick.html HTTP/1.1" 200 2613 "-" "-"
64.1.215.164 - - [18/Feb/2009:07:07:33 -0500] "GET /robots.txt HTTP/1.0" 404 693 "-" "Mozilla/5.0 (Twiceler-0.9 http://www.cuil.com/twiceler/robot.html)"
193.252.149.15 - - [18/Feb/2009:07:29:15 -0500] "GET /haiku/haiku199.html HTTP/1.1" 200 34287 "-" "Mozilla/5.0 (Windows; U; Windows NT 5.1; fr; rv:1.8.1) VoilaBot BETA 1.2 (support.voilabot@orange-ftgroup.com)"
208.36.144.8 - - [18/Feb/2009:07:34:03 -0500] "GET /robots.txt HTTP/1.0" 404 693 "-" "Mozilla/5.0 (Twiceler-0.9 http://www.cuil.com/twiceler/robot.html)"
66.235.124.8 - - [18/Feb/2009:07:42:41 -0500] "GET /limerick/1997/naut997.html HTTP/1.1" 200 53317 "-" "Mozilla/5.0 (compatible; Ask Jeeves/Teoma; +http://about.ask.com/en/docs/about/webmasters.shtml)"
77.163.76.126 - - [18/Feb/2009:08:11:38 -0500] "GET /favicon.ico HTTP/1.1" 404 693 "-" "Mozilla/5.0 (Windows; U; Windows NT 5.1; nl; rv:1.9.0.6) Gecko/2009011913 Firefox/3.0.6"
77.163.76.126 - - [18/Feb/2009:08:11:38 -0500] "GET /limerick/1995/nautnov.html HTTP/1.1" 200 13933 "-" "Mozilla/5.0 (Windows; U; Windows NT 5.1; nl; rv:1.9.0.6) Gecko/2009011913 Firefox/3.0.6"
77.163.76.126 - - [18/Feb/2009:08:11:38 -0500] "GET /gifs/goldstar.jpg HTTP/1.1" 200 1854 "http://www.toastpoint.com/limerick/1995/nautnov.html" "Mozilla/5.0 (Windows; U; Windows NT 5.1; nl; rv:1.9.0.6) Gecko/2009011913 Firefox/3.0.6"
77.163.76.126 - - [18/Feb/2009:08:11:40 -0500] "GET /favicon.ico HTTP/1.1" 404 693 "-" "Mozilla/5.0 (Windows; U; Windows NT 5.1; nl; rv:1.9.0.6) Gecko/2009011913 Firefox/3.0.6"
77.163.76.126 - - [18/Feb/2009:08:11:41 -0500] "GET /favicon.ico HTTP/1.1" 404 693 "-" "Mozilla/5.0 (Windows; U; Windows NT 5.1; nl; rv:1.9.0.6) Gecko/2009011913 Firefox/3.0.6"
74.6.28.171 - - [18/Feb/2009:08:49:37 -0500] "GET /robots.txt HTTP/1.0" 404 693 "-" "Mozilla/5.0 (compatible; Yahoo! Slurp; http://help.yahoo.com/help/us/ysearch/slurp)"
74.6.30.119 - - [18/Feb/2009:08:49:37 -0500] "GET /haiku/haiku.html HTTP/1.0" 200 2147 "-" "Mozilla/5.0 (compatible; Yahoo! DE Slurp; http://help.yahoo.com/help/us/ysearch/slurp)"
204.85.12.12 - - [18/Feb/2009:09:01:41 -0500] "GET /gifs/paper.gif HTTP/1.1" 200 4756 "http://www.toastpoint.com/fiction/fict98/fict198.html" "Mozilla/4.0 (compatible; MSIE 7.0; Windows NT 5.1; .NET CLR 1.1.4322; .NET CLR 2.0.50727)"
204.85.12.12 - - [18/Feb/2009:09:01:41 -0500] "GET /gifs/quill2.gif HTTP/1.1" 200 4300 "http://www.toastpoint.com/fiction/fict98/fict198.html" "Mozilla/4.0 (compatible; MSIE 7.0; Windows NT 5.1; .NET CLR 1.1.4322; .NET CLR 2.0.50727)"
204.85.12.12 - - [18/Feb/2009:09:01:41 -0500] "GET /gifs/quill1.gif HTTP/1.1" 200 4312 "http://www.toastpoint.com/fiction/fict98/fict198.html" "Mozilla/4.0 (compatible; MSIE 7.0; Windows NT 5.1; .NET CLR 1.1.4322; .NET CLR 2.0.50727)"
204.85.12.12 - - [18/Feb/2009:09:01:41 -0500] "GET /fiction/fict98/fict198.html HTTP/1.1" 200 62967 "http://www.ask.com/bar?q=margay+babies&page=9&qsrc=121&zoom=%3CKW%3EMargay%3C%2FKW%3E+Kittens%7CWhere+Does+a+%3CKW%3EMargay%3C%2FKW%3E+Live+in+the+Rainforest%7C%3CKW%3EMargay%3C%2FKW%3E+Cat&ab=2&u=http%3A%2F%2Fwww.toastpoint.com%2Ffiction%2Ffict98%2Ffict198.html" "Mozilla/4.0 (compatible; MSIE 7.0; Windows NT 5.1; .NET CLR 1.1.4322; .NET CLR 2.0.50727)"
204.85.12.12 - - [18/Feb/2009:09:01:42 -0500] "GET /gifs/star3.gif HTTP/1.1" 200 1536 "http://www.toastpoint.com/fiction/fict98/fict198.html" "Mozilla/4.0 (compatible; MSIE 7.0; Windows NT 5.1; .NET CLR 1.1.4322; .NET CLR 2.0.50727)"
220.255.7.187 - - [18/Feb/2009:09:11:21 -0500] "GET /limerick/1996/nice496.html HTTP/1.1" 200 15372 "http://www.google.com.sg/search?hl=en&q=kids%27+limericks+about+monsters&start=20&sa=N" "Mozilla/5.0 (Macintosh; U; Intel Mac OS X 10.5; en-GB; rv:1.9.0.6) Gecko/2009011912 Firefox/3.0.6"
220.255.7.209 - - [18/Feb/2009:09:11:24 -0500] "GET /gifs/goldstar.jpg HTTP/1.1" 200 1854 "http://www.toastpoint.com/limerick/1996/nice496.html" "Mozilla/5.0 (Macintosh; U; Intel Mac OS X 10.5; en-GB; rv:1.9.0.6) Gecko/2009011912 Firefox/3.0.6"
220.255.7.188 - - [18/Feb/2009:09:11:24 -0500] "GET /gifs/happy.jpg HTTP/1.1" 200 3135 "http://www.toastpoint.com/limerick/1996/nice496.html" "Mozilla/5.0 (Macintosh; U; Intel Mac OS X 10.5; en-GB; rv:1.9.0.6) Gecko/2009011912 Firefox/3.0.6"
220.255.7.144 - - [18/Feb/2009:09:11:25 -0500] "GET /favicon.ico HTTP/1.1" 404 693 "-" "Mozilla/5.0 (Macintosh; U; Intel Mac OS X 10.5; en-GB; rv:1.9.0.6) Gecko/2009011912 Firefox/3.0.6"
220.255.7.195 - - [18/Feb/2009:09:13:51 -0500] "GET /limerick/1996/nice396.html HTTP/1.1" 200 5682 "http://www.toastpoint.com/limerick/1996/nice496.html" "Mozilla/5.0 (Macintosh; U; Intel Mac OS X 10.5; en-GB; rv:1.9.0.6) Gecko/2009011912 Firefox/3.0.6"
220.255.7.213 - - [18/Feb/2009:09:14:45 -0500] "GET /limerick/1996/nice296.html HTTP/1.1" 200 9047 "http://www.toastpoint.com/limerick/1996/nice396.html" "Mozilla/5.0 (Macintosh; U; Intel Mac OS X 10.5; en-GB; rv:1.9.0.6) Gecko/2009011912 Firefox/3.0.6"
220.255.7.216 - - [18/Feb/2009:09:15:32 -0500] "GET /limerick/1996/nice196.html HTTP/1.1" 200 10647 "http://www.toastpoint.com/limerick/1996/nice296.html" "Mozilla/5.0 (Macintosh; U; Intel Mac OS X 10.5; en-GB; rv:1.9.0.6) Gecko/2009011912 Firefox/3.0.6"
66.249.65.240 - - [18/Feb/2009:09:20:53 -0500] "GET /robots.txt HTTP/1.1" 404 693 "-" "SAMSUNG-SGH-E250/1.0 Profile/MIDP-2.0 Configuration/CLDC-1.1 UP.Browser/6.2.3.3.c.1.101 (GUI) MMP/2.0 (compatible; Googlebot-Mobile/2.1; +http://www.google.com/bot.html)"
66.249.65.237 - - [18/Feb/2009:09:21:05 -0500] "GET /limerick/1995/nautjune.html HTTP/1.1" 200 3274 "-" "SAMSUNG-SGH-E250/1.0 Profile/MIDP-2.0 Configuration/CLDC-1.1 UP.Browser/6.2.3.3.c.1.101 (GUI) MMP/2.0 (compatible; Googlebot-Mobile/2.1; +http://www.google.com/bot.html)"
81.52.143.15 - - [18/Feb/2009:09:56:46 -0500] "GET /fiction/fict599.html HTTP/1.1" 200 7512 "-" "Mozilla/5.0 (Windows; U; Windows NT 5.1; fr; rv:1.8.1) VoilaBot BETA 1.2 (support.voilabot@orange-ftgroup.com)"
217.212.224.183 - - [18/Feb/2009:10:02:44 -0500] "GET /robots.txt HTTP/1.0" 404 693 "-" "psbot/0.1 (+http://www.picsearch.com/bot.html)"
217.212.224.148 - - [18/Feb/2009:10:02:44 -0500] "GET /haiku/haik1995/stargrin.gif HTTP/1.0" 404 693 "-" "psbot/0.1 (+http://www.picsearch.com/bot.html)"
217.212.224.164 - - [18/Feb/2009:10:03:07 -0500] "GET /haiku/haik1995/goldstar.gif HTTP/1.0" 404 693 "-" "psbot/0.1 (+http://www.picsearch.com/bot.html)"
66.249.65.242 - - [18/Feb/2009:10:12:14 -0500] "GET /gifs/birdumb.gif HTTP/1.1" 304 - "-" "Googlebot-Image/1.0"
64.136.27.229 - - [18/Feb/2009:10:38:47 -0500] "GET /limerick/nice299.html HTTP/1.1" 200 28130 "http://www.google.com/search?sourceid=navclient&ie=UTF-8&rlz=1T4TSHB_enUS282US284&q=clean+limerick" "Mozilla/4.0 (compatible; MSIE 7.0; Windows NT 6.0; SLCC1; .NET CLR 2.0.50727; Media Center PC 5.0; .NET CLR 3.0.04506)"
64.136.27.229 - - [18/Feb/2009:10:38:53 -0500] "GET /gifs/goldstar.jpg HTTP/1.1" 200 1854 "http://www.toastpoint.com/limerick/nice299.html" "Mozilla/4.0 (compatible; MSIE 7.0; Windows NT 6.0; SLCC1; .NET CLR 2.0.50727; Media Center PC 5.0; .NET CLR 3.0.04506)"
64.136.27.229 - - [18/Feb/2009:10:38:53 -0500] "GET /gifs/birdumb2.gif HTTP/1.1" 200 4698 "http://www.toastpoint.com/limerick/nice299.html" "Mozilla/4.0 (compatible; MSIE 7.0; Windows NT 6.0; SLCC1; .NET CLR 2.0.50727; Media Center PC 5.0; .NET CLR 3.0.04506)"
64.136.27.229 - - [18/Feb/2009:10:38:53 -0500] "GET /gifs/birdumb.gif HTTP/1.1" 200 4704 "http://www.toastpoint.com/limerick/nice299.html" "Mozilla/4.0 (compatible; MSIE 7.0; Windows NT 6.0; SLCC1; .NET CLR 2.0.50727; Media Center PC 5.0; .NET CLR 3.0.04506)"
64.136.27.229 - - [18/Feb/2009:10:38:58 -0500] "GET /favicon.ico HTTP/1.1" 404 693 "-" "Mozilla/4.0 (compatible; MSIE 7.0; Windows NT 6.0; SLCC1; .NET CLR 2.0.50727; Media Center PC 5.0; .NET CLR 3.0.04506)"
66.249.65.239 - - [18/Feb/2009:10:53:00 -0500] "GET /limerick/1995/nicejuly.html HTTP/1.1" 200 1086 "-" "SAMSUNG-SGH-E250/1.0 Profile/MIDP-2.0 Configuration/CLDC-1.1 UP.Browser/6.2.3.3.c.1.101 (GUI) MMP/2.0 (compatible; Googlebot-Mobile/2.1; +http://www.google.com/bot.html)"
193.252.149.16 - - [18/Feb/2009:10:56:01 -0500] "GET /limerick/limerick.html HTTP/1.1" 200 2613 "-" "Mozilla/5.0 (Windows; U; Windows NT 5.1; fr; rv:1.8.1) VoilaBot BETA 1.2 (support.voilabot@orange-ftgroup.com)"
66.249.65.232 - - [18/Feb/2009:11:02:08 -0500] "GET /limerick/nautfrm.html HTTP/1.1" 200 548 "-" "Mozilla/5.0 (compatible; Googlebot/2.1; +http://www.google.com/bot.html)"
207.126.224.241 - - [18/Feb/2009:11:06:43 -0500] "GET /haiku HTTP/1.0" 301 240 "-" "Mozilla/4.05 [en]"
207.126.224.241 - - [18/Feb/2009:11:06:43 -0500] "GET /haiku/ HTTP/1.0" 403 563 "-" "Mozilla/4.05 [en]"
207.126.224.241 - - [18/Feb/2009:11:06:45 -0500] "GET /limerick HTTP/1.0" 301 243 "-" "Mozilla/4.05 [en]"
207.126.224.241 - - [18/Feb/2009:11:06:46 -0500] "GET /limerick/ HTTP/1.0" 403 563 "-" "Mozilla/4.05 [en]"
67.159.95.56 - - [18/Feb/2009:11:12:56 -0500] "GET /favicon.ico HTTP/1.1" 404 693 "-" "Mozilla/5.0 (Macintosh; U; Intel Mac OS X 10.5; en-US; rv:1.9.0.6) Gecko/2009011912 Firefox/3.0.6"
67.159.95.56 - - [18/Feb/2009:11:12:56 -0500] "GET /limerick/nice299.html HTTP/1.1" 200 28130 "-" "Mozilla/5.0 (Macintosh; U; Intel Mac OS X 10.5; en-US; rv:1.9.0.6) Gecko/2009011912 Firefox/3.0.6"
67.159.95.56 - - [18/Feb/2009:11:12:56 -0500] "GET /gifs/birdumb2.gif HTTP/1.1" 200 4698 "http://www.toastpoint.com/limerick/nice299.html" "Mozilla/5.0 (Macintosh; U; Intel Mac OS X 10.5; en-US; rv:1.9.0.6) Gecko/2009011912 Firefox/3.0.6"
67.159.95.56 - - [18/Feb/2009:11:12:56 -0500] "GET /gifs/birdumb.gif HTTP/1.1" 200 4704 "http://www.toastpoint.com/limerick/nice299.html" "Mozilla/5.0 (Macintosh; U; Intel Mac OS X 10.5; en-US; rv:1.9.0.6) Gecko/2009011912 Firefox/3.0.6"
67.159.95.56 - - [18/Feb/2009:11:12:56 -0500] "GET /gifs/goldstar.jpg HTTP/1.1" 200 1854 "http://www.toastpoint.com/limerick/nice299.html" "Mozilla/5.0 (Macintosh; U; Intel Mac OS X 10.5; en-US; rv:1.9.0.6) Gecko/2009011912 Firefox/3.0.6"
67.159.95.56 - - [18/Feb/2009:11:12:59 -0500] "GET /favicon.ico HTTP/1.1" 404 693 "-" "Mozilla/5.0 (Macintosh; U; Intel Mac OS X 10.5; en-US; rv:1.9.0.6) Gecko/2009011912 Firefox/3.0.6"
67.159.95.56 - - [18/Feb/2009:11:12:59 -0500] "GET /favicon.ico HTTP/1.1" 404 693 "-" "Mozilla/5.0 (Macintosh; U; Intel Mac OS X 10.5; en-US; rv:1.9.0.6) Gecko/2009011912 Firefox/3.0.6"
193.252.149.15 - - [18/Feb/2009:11:41:57 -0500] "GET /limerick/1996/lim1996.html HTTP/1.1" 200 2072 "-" "Mozilla/5.0 (Windows; U; Windows NT 5.1; fr; rv:1.8.1) VoilaBot BETA 1.2 (support.voilabot@orange-ftgroup.com)"
66.249.65.232 - - [18/Feb/2009:11:47:02 -0500] "GET /robots.txt HTTP/1.1" 404 693 "-" "Mozilla/5.0 (compatible; Googlebot/2.1; +http://www.google.com/bot.html)"
66.249.65.234 - - [18/Feb/2009:11:47:02 -0500] "GET /index_files/page0005.html HTTP/1.1" 200 172525 "-" "Mozilla/5.0 (compatible; Googlebot/2.1; +http://www.google.com/bot.html)"
65.55.217.56 - - [18/Feb/2009:11:51:21 -0500] "GET /robots.txt HTTP/1.1" 404 693 "-" "msnbot-media/1.1 (+http://search.msn.com/msnbot.htm)"
65.55.217.56 - - [18/Feb/2009:11:51:22 -0500] "GET /gifs/mouthf1.jpg HTTP/1.1" 200 3650 "-" "msnbot-media/1.1 (+http://search.msn.com/msnbot.htm)"
66.249.65.227 - - [18/Feb/2009:11:56:28 -0500] "GET /haiku/1995/haikujun.html HTTP/1.1" 200 2332 "-" "SAMSUNG-SGH-E250/1.0 Profile/MIDP-2.0 Configuration/CLDC-1.1 UP.Browser/6.2.3.3.c.1.101 (GUI) MMP/2.0 (compatible; Googlebot-Mobile/2.1; +http://www.google.com/bot.html)"
208.111.154.16 - - [18/Feb/2009:11:58:41 -0500] "GET /robots.txt HTTP/1.1" 404 693 "-" "Mozilla/5.0 (compatible; Charlotte/1.1; http://www.searchme.com/support/)"
208.111.154.16 - - [18/Feb/2009:11:59:00 -0500] "GET /limerick/1996/nau1096.html HTTP/1.1" 200 23475 "-" "Mozilla/5.0 (compatible; Charlotte/1.1; http://www.searchme.com/support/)"
81.52.143.15 - - [18/Feb/2009:12:18:41 -0500] "GET /limerick/?S=A HTTP/1.1" 403 563 "-" "Mozilla/5.0 (Windows; U; Windows NT 5.1; fr; rv:1.8.1) VoilaBot BETA 1.2 (support.voilabot@orange-ftgroup.com)"
66.249.65.240 - - [18/Feb/2009:12:20:43 -0500] "GET /limerick/1995/niceaug.html HTTP/1.1" 200 4489 "-" "SAMSUNG-SGH-E250/1.0 Profile/MIDP-2.0 Configuration/CLDC-1.1 UP.Browser/6.2.3.3.c.1.101 (GUI) MMP/2.0 (compatible; Googlebot-Mobile/2.1; +http://www.google.com/bot.html)"
66.249.65.226 - - [18/Feb/2009:12:36:49 -0500] "GET /fiction/fict97/fict997.html HTTP/1.1" 200 4230 "-" "SAMSUNG-SGH-E250/1.0 Profile/MIDP-2.0 Configuration/CLDC-1.1 UP.Browser/6.2.3.3.c.1.101 (GUI) MMP/2.0 (compatible; Googlebot-Mobile/2.1; +http://www.google.com/bot.html)"
64.85.46.1 - - [18/Feb/2009:12:43:46 -0500] "GET /favicon.ico HTTP/1.1" 404 693 "-" "Mozilla/5.0 (Windows; U; Windows NT 5.1; en-US) AppleWebKit/525.19 (KHTML, like Gecko) Chrome/1.0.154.48 Safari/525.19"
64.85.46.1 - - [18/Feb/2009:12:43:46 -0500] "GET / HTTP/1.1" 200 464 "http://www.toastpoint.com/" "Mozilla/5.0 (Windows; U; Windows NT 5.1; en-US) AppleWebKit/525.19 (KHTML, like Gecko) Chrome/1.0.154.48 Safari/525.19"
64.85.46.1 - - [18/Feb/2009:12:43:46 -0500] "GET /toastpointtopleft.html HTTP/1.1" 200 162 "http://www.toastpoint.com/" "Mozilla/5.0 (Windows; U; Windows NT 5.1; en-US) AppleWebKit/525.19 (KHTML, like Gecko) Chrome/1.0.154.48 Safari/525.19"
64.85.46.1 - - [18/Feb/2009:12:43:46 -0500] "GET /toastpointtoc.html HTTP/1.1" 200 1188 "http://www.toastpoint.com/" "Mozilla/5.0 (Windows; U; Windows NT 5.1; en-US) AppleWebKit/525.19 (KHTML, like Gecko) Chrome/1.0.154.48 Safari/525.19"
64.85.46.1 - - [18/Feb/2009:12:43:46 -0500] "GET /news.html HTTP/1.1" 200 17706 "http://www.toastpoint.com/" "Mozilla/5.0 (Windows; U; Windows NT 5.1; en-US) AppleWebKit/525.19 (KHTML, like Gecko) Chrome/1.0.154.48 Safari/525.19"
64.85.46.1 - - [18/Feb/2009:12:43:46 -0500] "GET /toastpointtopright.html HTTP/1.1" 200 151 "http://www.toastpoint.com/" "Mozilla/5.0 (Windows; U; Windows NT 5.1; en-US) AppleWebKit/525.19 (KHTML, like Gecko) Chrome/1.0.154.48 Safari/525.19"
64.85.46.1 - - [18/Feb/2009:12:43:46 -0500] "GET /tpnews.html HTTP/1.1" 200 8305 "http://www.toastpoint.com/" "Mozilla/5.0 (Windows; U; Windows NT 5.1; en-US) AppleWebKit/525.19 (KHTML, like Gecko) Chrome/1.0.154.48 Safari/525.19"
64.85.46.1 - - [18/Feb/2009:12:43:47 -0500] "GET /gifs/tpwinter20089.jpg HTTP/1.1" 200 28088 "http://www.toastpoint.com/news.html" "Mozilla/5.0 (Windows; U; Windows NT 5.1; en-US) AppleWebKit/525.19 (KHTML, like Gecko) Chrome/1.0.154.48 Safari/525.19"
68.54.39.31 - - [18/Feb/2009:12:52:05 -0500] "GET /favicon.ico HTTP/1.1" 404 693 "-" "Mozilla/4.0 (compatible; MSIE 7.0; Windows NT 6.0; SLCC1; .NET CLR 2.0.50727; Media Center PC 5.0; .NET CLR 3.0.04506)"
68.54.39.31 - - [18/Feb/2009:12:52:05 -0500] "GET /writing/funny.html HTTP/1.1" 200 6412 "-" "Mozilla/4.0 (compatible; MSIE 7.0; Windows NT 6.0; SLCC1; .NET CLR 2.0.50727; Media Center PC 5.0; .NET CLR 3.0.04506)"
208.80.194.42 - - [18/Feb/2009:13:04:27 -0500] "GET / HTTP/1.0" 200 464 "-" "Mozilla/4.0 (compatible; MSIE 7.0; Windows NT 5.1; .NET CLR 1.1.4322; .NET CLR 2.0.50727; InfoPath.2; Media Center PC 4.0)"
82.22.107.112 - - [18/Feb/2009:13:09:29 -0500] "GET /bio.html HTTP/1.1" 200 7868 "http://images.google.co.uk/imgres?imgurl=http://www.toastpoint.com/gifs/leopold.jpg&imgrefurl=http://www.toastpoint.com/bio.html&usg=__NyxxdrIfw3_K5cUNUiTJSdatx7k=&h=282&w=428&sz=38&hl=en&start=20&um=1&tbnid=g9FOnr71yiG4mM:&tbnh=83&tbnw=126&prev=/images%3Fq%3Da%2Bblack%2Bfluffy%2Bcat%26um%3D1%26hl%3Den%26sa%3DN" "Mozilla/4.0 (compatible; MSIE 7.0; Windows NT 6.0; SLCC1; .NET CLR 2.0.50727; Media Center PC 5.0; .NET CLR 3.0.04506)"
82.22.107.112 - - [18/Feb/2009:13:09:30 -0500] "GET /gifs/eric.jpg HTTP/1.1" 200 19411 "http://www.toastpoint.com/bio.html" "Mozilla/4.0 (compatible; MSIE 7.0; Windows NT 6.0; SLCC1; .NET CLR 2.0.50727; Media Center PC 5.0; .NET CLR 3.0.04506)"
82.22.107.112 - - [18/Feb/2009:13:09:30 -0500] "GET /gifs/samp.jpg HTTP/1.1" 200 2907 "http://www.toastpoint.com/bio.html" "Mozilla/4.0 (compatible; MSIE 7.0; Windows NT 6.0; SLCC1; .NET CLR 2.0.50727; Media Center PC 5.0; .NET CLR 3.0.04506)"
82.22.107.112 - - [18/Feb/2009:13:09:30 -0500] "GET /gifs/leopold.jpg HTTP/1.1" 200 38609 "http://images.google.co.uk/imgres?imgurl=http://www.toastpoint.com/gifs/leopold.jpg&imgrefurl=http://www.toastpoint.com/bio.html&usg=__NyxxdrIfw3_K5cUNUiTJSdatx7k=&h=282&w=428&sz=38&hl=en&start=20&um=1&tbnid=g9FOnr71yiG4mM:&tbnh=83&tbnw=126&prev=/images%3Fq%3Da%2Bblack%2Bfluffy%2Bcat%26um%3D1%26hl%3Den%26sa%3DN" "Mozilla/4.0 (compatible; MSIE 7.0; Windows NT 6.0; SLCC1; .NET CLR 2.0.50727; Media Center PC 5.0; .NET CLR 3.0.04506)"
82.22.107.112 - - [18/Feb/2009:13:09:31 -0500] "GET /favicon.ico HTTP/1.1" 404 693 "-" "Mozilla/4.0 (compatible; MSIE 7.0; Windows NT 6.0; SLCC1; .NET CLR 2.0.50727; Media Center PC 5.0; .NET CLR 3.0.04506)"
82.22.107.112 - - [18/Feb/2009:13:09:32 -0500] "GET /gifs/eric.jpg HTTP/1.1" 200 19411 "http://www.toastpoint.com/bio.html" "Mozilla/4.0 (compatible; MSIE 7.0; Windows NT 6.0; SLCC1; .NET CLR 2.0.50727; Media Center PC 5.0; .NET CLR 3.0.04506)"
82.22.107.112 - - [18/Feb/2009:13:09:32 -0500] "GET /gifs/mom&dad.jpg HTTP/1.1" 200 6709 "http://www.toastpoint.com/bio.html" "Mozilla/4.0 (compatible; MSIE 7.0; Windows NT 6.0; SLCC1; .NET CLR 2.0.50727; Media Center PC 5.0; .NET CLR 3.0.04506)"
82.22.107.112 - - [18/Feb/2009:13:09:32 -0500] "GET /gifs/samp.jpg HTTP/1.1" 200 2907 "http://www.toastpoint.com/bio.html" "Mozilla/4.0 (compatible; MSIE 7.0; Windows NT 6.0; SLCC1; .NET CLR 2.0.50727; Media Center PC 5.0; .NET CLR 3.0.04506)"
117.200.240.88 - - [18/Feb/2009:13:11:59 -0500] "GET /gifs/boobies.gif HTTP/1.1" 200 11144 "http://www.toastpoint.com/limerick/naut199.html" "Mozilla/4.0 (compatible; MSIE 6.0; Windows NT 5.1; SV1; .NET CLR 1.1.4322)"
117.200.240.88 - - [18/Feb/2009:13:11:59 -0500] "GET /gifs/nakedman.gif HTTP/1.1" 200 7734 "http://www.toastpoint.com/limerick/naut199.html" "Mozilla/4.0 (compatible; MSIE 6.0; Windows NT 5.1; SV1; .NET CLR 1.1.4322)"
117.200.240.88 - - [18/Feb/2009:13:11:59 -0500] "GET /gifs/goldstar.jpg HTTP/1.1" 200 1854 "http://www.toastpoint.com/limerick/naut199.html" "Mozilla/4.0 (compatible; MSIE 6.0; Windows NT 5.1; SV1; .NET CLR 1.1.4322)"
117.200.240.88 - - [18/Feb/2009:13:11:58 -0500] "GET /limerick/naut199.html HTTP/1.1" 200 34481 "-" "Mozilla/4.0 (compatible; MSIE 6.0; Windows NT 5.1; SV1; .NET CLR 1.1.4322)"
72.36.115.86 - - [18/Feb/2009:13:16:22 -0500] "GET /limerick/1998/naut498.html HTTP/1.1" 200 31946 "-" "CazoodleBot/0.0.2 (http://www.cazoodle.com/contact.php; cbot@cazoodle.com)"
80.168.225.156 - - [18/Feb/2009:13:19:05 -0500] "GET /gifs/boobies.gif HTTP/1.1" 200 11144 "http://www.toastpoint.com/limerick/naut199.html" "Mozilla/4.0 (compatible; MSIE 7.0; Windows NT 5.1)"
80.168.225.156 - - [18/Feb/2009:13:19:05 -0500] "GET /limerick/naut199.html HTTP/1.1" 200 34481 "http://www.google.co.uk/search?hl=en&q=seat+of+naughty+young+men%27s+jeans&btnG=Google+Search&meta=" "Mozilla/4.0 (compatible; MSIE 7.0; Windows NT 5.1)"
80.168.225.156 - - [18/Feb/2009:13:19:06 -0500] "GET /gifs/nakedman.gif HTTP/1.1" 200 7734 "http://www.toastpoint.com/limerick/naut199.html" "Mozilla/4.0 (compatible; MSIE 7.0; Windows NT 5.1)"
80.168.225.156 - - [18/Feb/2009:13:19:06 -0500] "GET /gifs/goldstar.jpg HTTP/1.1" 200 1854 "http://www.toastpoint.com/limerick/naut199.html" "Mozilla/4.0 (compatible; MSIE 7.0; Windows NT 5.1)"
80.168.225.156 - - [18/Feb/2009:13:19:06 -0500] "GET /favicon.ico HTTP/1.1" 404 693 "-" "Mozilla/4.0 (compatible; MSIE 7.0; Windows NT 5.1)"
80.168.225.156 - - [18/Feb/2009:13:19:08 -0500] "GET /favicon.ico HTTP/1.1" 404 693 "-" "Mozilla/5.0 (compatible; Google Desktop)"
208.111.154.16 - - [18/Feb/2009:13:32:51 -0500] "GET /robots.txt HTTP/1.1" 404 693 "-" "Mozilla/5.0 (compatible; Charlotte/1.1; http://www.searchme.com/support/)"
192.216.61.102 - - [18/Feb/2009:13:32:51 -0500] "GET /rapture/rapture.html HTTP/1.1" 200 22564 "http://images.ask.com/fr?q=jury+&desturi=http%3A%2F%2Fwww.toastpoint.com%2Frapture%2Frapture.html&fm=i&ac=3&ftURI=http%3A%2F%2Fimages.ask.com%2Ffr%3Fq%3Djury%2B%26desturi%3Dhttp%253A%252F%252Fwww.toastpoint.com%252Frapture%252Frapture.html%26imagesrc%3Dhttp%253A%252F%252Fwww.toastpoint.com%252Frapture%252Ftbj-jury.gif%26thumbsrc%3Dhttp%253A%252F%252Fimgtn3.ask.com%252Fts%253Ft%253D2656937575207208691%2526pid%253D23296%2526ppid%253D6%26o%3D0%26l%3Ddir%26initialURL%3Dhttp%253A%252F%252Fwww.ask.com%252Fpictures%253Fl%253Ddir%2526o%253D0%2526q%253Djury%252520%2526qsrc%253D168%26thumbuselocalisedstatic%3Dfalse%26fn%3Dtbj-jury.gif%26imagewidth%3D250%26imageheight%3D212%26fs%3D3%26ft%3Dgif%26f%3D2%26fm%3Di%26ftbURI%3Dhttp%253A%252F%252Fwww.ask.com%252Fpictures%253Fq%253Djury%252B%2526page%253D1%2526o%253D0%2526l%253Ddir%2526pstart%253D0&qt=0" "Mozilla/4.0 (compatible; MSIE 6.0; Windows NT 5.1; Q312461; SV1; .NET CLR 1.1.4322; .NET CLR 2.0.50727)"
192.216.61.102 - - [18/Feb/2009:13:32:51 -0500] "GET /rapture/sor-well.gif HTTP/1.1" 200 2583 "http://www.toastpoint.com/rapture/rapture.html" "Mozilla/4.0 (compatible; MSIE 6.0; Windows NT 5.1; Q312461; SV1; .NET CLR 1.1.4322; .NET CLR 2.0.50727)"
192.216.61.102 - - [18/Feb/2009:13:32:51 -0500] "GET /rapture/tbj-jury.gif HTTP/1.1" 200 3904 "http://www.toastpoint.com/rapture/rapture.html" "Mozilla/4.0 (compatible; MSIE 6.0; Windows NT 5.1; Q312461; SV1; .NET CLR 1.1.4322; .NET CLR 2.0.50727)"
192.216.61.102 - - [18/Feb/2009:13:32:52 -0500] "GET /rapture/hms-dick.gif HTTP/1.1" 200 3100 "http://www.toastpoint.com/rapture/rapture.html" "Mozilla/4.0 (compatible; MSIE 6.0; Windows NT 5.1; Q312461; SV1; .NET CLR 1.1.4322; .NET CLR 2.0.50727)"
192.216.61.102 - - [18/Feb/2009:13:32:52 -0500] "GET /rapture/pirates.gif HTTP/1.1" 200 4045 "http://www.toastpoint.com/rapture/rapture.html" "Mozilla/4.0 (compatible; MSIE 6.0; Windows NT 5.1; Q312461; SV1; .NET CLR 1.1.4322; .NET CLR 2.0.50727)"
192.216.61.102 - - [18/Feb/2009:13:32:52 -0500] "GET /rapture/bunthorne.gif HTTP/1.1" 200 3137 "http://www.toastpoint.com/rapture/rapture.html" "Mozilla/4.0 (compatible; MSIE 6.0; Windows NT 5.1; Q312461; SV1; .NET CLR 1.1.4322; .NET CLR 2.0.50727)"
192.216.61.102 - - [18/Feb/2009:13:32:53 -0500] "GET /rapture/iolanthe.gif HTTP/1.1" 200 2814 "http://www.toastpoint.com/rapture/rapture.html" "Mozilla/4.0 (compatible; MSIE 6.0; Windows NT 5.1; Q312461; SV1; .NET CLR 1.1.4322; .NET CLR 2.0.50727)"
192.216.61.102 - - [18/Feb/2009:13:32:53 -0500] "GET /rapture/ida-monk.gif HTTP/1.1" 200 3753 "http://www.toastpoint.com/rapture/rapture.html" "Mozilla/4.0 (compatible; MSIE 6.0; Windows NT 5.1; Q312461; SV1; .NET CLR 1.1.4322; .NET CLR 2.0.50727)"
192.216.61.102 - - [18/Feb/2009:13:32:53 -0500] "GET /rapture/mik-lips.gif HTTP/1.1" 200 3352 "http://www.toastpoint.com/rapture/rapture.html" "Mozilla/4.0 (compatible; MSIE 6.0; Windows NT 5.1; Q312461; SV1; .NET CLR 1.1.4322; .NET CLR 2.0.50727)"
192.216.61.102 - - [18/Feb/2009:13:32:53 -0500] "GET /rapture/rud-spec.gif HTTP/1.1" 200 2489 "http://www.toastpoint.com/rapture/rapture.html" "Mozilla/4.0 (compatible; MSIE 6.0; Windows NT 5.1; Q312461; SV1; .NET CLR 1.1.4322; .NET CLR 2.0.50727)"
192.216.61.102 - - [18/Feb/2009:13:32:53 -0500] "GET /rapture/yeo-song.gif HTTP/1.1" 200 2781 "http://www.toastpoint.com/rapture/rapture.html" "Mozilla/4.0 (compatible; MSIE 6.0; Windows NT 5.1; Q312461; SV1; .NET CLR 1.1.4322; .NET CLR 2.0.50727)"
75.213.151.69 - - [18/Feb/2009:13:32:59 -0500] "GET /favicon.ico HTTP/1.1" 404 693 "http://www.toastpoint.com/limerick/1996/naut996.html" "Mozilla/5.0 (Macintosh; U; Intel Mac OS X 10_5_6; en-us) AppleWebKit/525.18.1 (KHTML, like Gecko) Version/3.1.2 Safari/525.20.1"
134.179.104.135 - - [18/Feb/2009:14:00:34 -0500] "GET /limerick/1995/nautnov.html HTTP/1.1" 200 13933 "http://www.google.com/search?hl=en&q=molly+mcgrue&aq=f&oq=" "Mozilla/4.0 (compatible; MSIE 6.0; Windows NT 5.0; .NET CLR 1.1.4322)"
134.179.104.135 - - [18/Feb/2009:14:00:35 -0500] "GET /gifs/goldstar.jpg HTTP/1.1" 200 1854 "http://www.toastpoint.com/limerick/1995/nautnov.html" "Mozilla/4.0 (compatible; MSIE 6.0; Windows NT 5.0; .NET CLR 1.1.4322)"
208.111.154.16 - - [18/Feb/2009:14:28:17 -0500] "GET /robots.txt HTTP/1.1" 404 693 "-" "Mozilla/5.0 (compatible; Charlotte/1.1; http://www.searchme.com/support/)"
66.235.124.8 - - [18/Feb/2009:14:35:18 -0500] "GET /robots.txt HTTP/1.1" 404 693 "-" "Mozilla/5.0 (compatible; Ask Jeeves/Teoma; +http://about.ask.com/en/docs/about/webmasters.shtml)"
66.235.124.8 - - [18/Feb/2009:14:35:23 -0500] "GET / HTTP/1.1" 200 464 "-" "Mozilla/5.0 (compatible; Ask Jeeves/Teoma; +http://about.ask.com/en/docs/about/webmasters.shtml)"
66.235.124.8 - - [18/Feb/2009:14:35:23 -0500] "GET /toastpointtopleft.html HTTP/1.1" 200 162 "-" "Mozilla/5.0 (compatible; Ask Jeeves/Teoma; +http://about.ask.com/en/docs/about/webmasters.shtml)"
66.235.124.8 - - [18/Feb/2009:14:35:23 -0500] "GET /toastpointtoc.html HTTP/1.1" 200 1188 "-" "Mozilla/5.0 (compatible; Ask Jeeves/Teoma; +http://about.ask.com/en/docs/about/webmasters.shtml)"
66.235.124.8 - - [18/Feb/2009:14:35:23 -0500] "GET /news.html HTTP/1.1" 200 17706 "-" "Mozilla/5.0 (compatible; Ask Jeeves/Teoma; +http://about.ask.com/en/docs/about/webmasters.shtml)"
66.235.124.8 - - [18/Feb/2009:14:35:23 -0500] "GET /toastpointtopright.html HTTP/1.1" 200 151 "-" "Mozilla/5.0 (compatible; Ask Jeeves/Teoma; +http://about.ask.com/en/docs/about/webmasters.shtml)"
66.235.124.8 - - [18/Feb/2009:14:35:23 -0500] "GET /tpnews.html HTTP/1.1" 200 8305 "-" "Mozilla/5.0 (compatible; Ask Jeeves/Teoma; +http://about.ask.com/en/docs/about/webmasters.shtml)"
66.249.65.230 - - [18/Feb/2009:14:42:39 -0500] "GET /welcome.html HTTP/1.1" 200 418 "-" "SAMSUNG-SGH-E250/1.0 Profile/MIDP-2.0 Configuration/CLDC-1.1 UP.Browser/6.2.3.3.c.1.101 (GUI) MMP/2.0 (compatible; Googlebot-Mobile/2.1; +http://www.google.com/bot.html)"
66.249.65.225 - - [18/Feb/2009:14:42:40 -0500] "GET / HTTP/1.1" 200 464 "-" "SAMSUNG-SGH-E250/1.0 Profile/MIDP-2.0 Configuration/CLDC-1.1 UP.Browser/6.2.3.3.c.1.101 (GUI) MMP/2.0 (compatible; Googlebot-Mobile/2.1; +http://www.google.com/bot.html)"
193.252.149.16 - - [18/Feb/2009:14:44:47 -0500] "GET /fiction/fiction.html HTTP/1.1" 200 2705 "-" "Mozilla/5.0 (Windows; U; Windows NT 5.1; fr; rv:1.8.1) VoilaBot BETA 1.2 (support.voilabot@orange-ftgroup.com)"
206.176.114.84 - - [18/Feb/2009:14:47:21 -0500] "GET /rapture/tbj-jury.gif HTTP/1.1" 200 3904 "http://www.search.com/images?q=trial&frame=1&int=1567&index=9&page=3" "Mozilla/4.0 (compatible; MSIE 7.0; Windows NT 5.1; Tablet PC 1.7; .NET CLR 1.0.3705; InfoPath.2; .NET CLR 1.1.4322; .NET CLR 2.0.50727; .NET CLR 3.0.4506.2152; .NET CLR 3.5.30729)"
206.176.114.84 - - [18/Feb/2009:14:47:21 -0500] "GET /favicon.ico HTTP/1.1" 404 693 "-" "Mozilla/4.0 (compatible; MSIE 7.0; Windows NT 5.1; Tablet PC 1.7; .NET CLR 1.0.3705; InfoPath.2; .NET CLR 1.1.4322; .NET CLR 2.0.50727; .NET CLR 3.0.4506.2152; .NET CLR 3.5.30729)"
206.176.114.84 - - [18/Feb/2009:14:47:23 -0500] "GET /rapture/rapture.html HTTP/1.1" 200 22564 "http://www.search.com/images?q=trial&topframe=1&page=3&int=1567&index=9" "Mozilla/4.0 (compatible; MSIE 7.0; Windows NT 5.1; Tablet PC 1.7; .NET CLR 1.0.3705; InfoPath.2; .NET CLR 1.1.4322; .NET CLR 2.0.50727; .NET CLR 3.0.4506.2152; .NET CLR 3.5.30729)"
206.176.114.84 - - [18/Feb/2009:14:48:59 -0500] "GET /rapture/rapture.html HTTP/1.1" 200 22564 "http://www.search.com/images?q=trial&topframe=1&page=3&int=1567&index=9" "Mozilla/4.0 (compatible; MSIE 7.0; Windows NT 5.1; Tablet PC 1.7; .NET CLR 1.0.3705; InfoPath.2; .NET CLR 1.1.4322; .NET CLR 2.0.50727; .NET CLR 3.0.4506.2152; .NET CLR 3.5.30729)"
67.202.54.191 - - [18/Feb/2009:15:15:28 -0500] "GET /robots.txt HTTP/1.0" 404 693 "-" "ia_archiver (+http://www.alexa.com/site/help/webmasters; crawler@alexa.com)"
67.202.54.191 - - [18/Feb/2009:15:15:28 -0500] "GET /limerick/naut199.html HTTP/1.0" 200 34481 "-" "ia_archiver (+http://www.alexa.com/site/help/webmasters; crawler@alexa.com)"
208.111.154.15 - - [18/Feb/2009:15:22:23 -0500] "GET /robots.txt HTTP/1.1" 404 693 "-" "Mozilla/5.0 (compatible; Charlotte/1.1; http://www.searchme.com/support/)"
208.111.154.15 - - [18/Feb/2009:15:22:28 -0500] "GET /fiction/fict9596/fict696.html HTTP/1.1" 200 15163 "-" "Mozilla/5.0 (compatible; Charlotte/1.1; http://www.searchme.com/support/)"
65.219.235.164 - - [18/Feb/2009:15:34:28 -0500] "GET /limerick/naut199.html HTTP/1.0" 200 34481 "http://www.google.com/search?hl=en&q=limericks+cigar" "Mozilla/4.0 (compatible; MSIE 6.0; Windows NT 5.1; SV1; .NET CLR 1.1.4322; InfoPath.1; .NET CLR 2.0.50727; .NET CLR 3.0.4506.2152; .NET CLR 3.5.30729)"
65.219.235.164 - - [18/Feb/2009:15:34:32 -0500] "GET /gifs/goldstar.jpg HTTP/1.0" 200 1854 "http://www.toastpoint.com/limerick/naut199.html" "Mozilla/4.0 (compatible; MSIE 6.0; Windows NT 5.1; SV1; .NET CLR 1.1.4322; InfoPath.1; .NET CLR 2.0.50727; .NET CLR 3.0.4506.2152; .NET CLR 3.5.30729)"
65.219.235.164 - - [18/Feb/2009:15:34:32 -0500] "GET /gifs/nakedman.gif HTTP/1.0" 200 7734 "http://www.toastpoint.com/limerick/naut199.html" "Mozilla/4.0 (compatible; MSIE 6.0; Windows NT 5.1; SV1; .NET CLR 1.1.4322; InfoPath.1; .NET CLR 2.0.50727; .NET CLR 3.0.4506.2152; .NET CLR 3.5.30729)"
65.219.235.164 - - [18/Feb/2009:15:34:32 -0500] "GET /gifs/boobies.gif HTTP/1.0" 200 11144 "http://www.toastpoint.com/limerick/naut199.html" "Mozilla/4.0 (compatible; MSIE 6.0; Windows NT 5.1; SV1; .NET CLR 1.1.4322; InfoPath.1; .NET CLR 2.0.50727; .NET CLR 3.0.4506.2152; .NET CLR 3.5.30729)"
72.36.115.86 - - [18/Feb/2009:15:38:24 -0500] "GET /haiku/1996/haiku496.html HTTP/1.1" 200 19025 "-" "CazoodleBot/0.0.2 (http://www.cazoodle.com/contact.php; cbot@cazoodle.com)"
209.163.101.31 - - [18/Feb/2009:15:56:15 -0500] "GET /favicon.ico HTTP/1.1" 404 693 "-" "Mozilla/4.0 (compatible; MSIE 7.0; Windows NT 5.1; .NET CLR 1.1.4322)"
209.163.101.31 - - [18/Feb/2009:15:56:16 -0500] "GET /gifs/boobies.gif HTTP/1.1" 200 11144 "http://www.toastpoint.com/limerick/naut199.html" "Mozilla/4.0 (compatible; MSIE 7.0; Windows NT 5.1; .NET CLR 1.1.4322)"
209.163.101.31 - - [18/Feb/2009:15:56:16 -0500] "GET /gifs/nakedman.gif HTTP/1.1" 200 7734 "http://www.toastpoint.com/limerick/naut199.html" "Mozilla/4.0 (compatible; MSIE 7.0; Windows NT 5.1; .NET CLR 1.1.4322)"
209.163.101.31 - - [18/Feb/2009:15:56:16 -0500] "GET /gifs/goldstar.jpg HTTP/1.1" 200 1854 "http://www.toastpoint.com/limerick/naut199.html" "Mozilla/4.0 (compatible; MSIE 7.0; Windows NT 5.1; .NET CLR 1.1.4322)"
209.163.101.31 - - [18/Feb/2009:15:56:15 -0500] "GET /limerick/naut199.html HTTP/1.1" 200 34481 "-" "Mozilla/4.0 (compatible; MSIE 7.0; Windows NT 5.1; .NET CLR 1.1.4322)"
72.36.115.86 - - [18/Feb/2009:16:00:46 -0500] "GET /haiku/1997/haiku297.html HTTP/1.1" 200 48218 "-" "CazoodleBot/0.0.2 (http://www.cazoodle.com/contact.php; cbot@cazoodle.com)"
66.229.129.171 - - [18/Feb/2009:16:17:21 -0500] "GET /robots.txt HTTP/1.0" 404 693 "-" "Jambot/0.1.1 (Jambot; http://www.jambot.com/blog; crawler@jambot.com)"
66.229.129.171 - - [18/Feb/2009:16:17:21 -0500] "GET /limerick/limerick.html HTTP/1.0" 200 2613 "-" "Jambot/0.1.1 (Jambot; http://www.jambot.com/blog; crawler@jambot.com)"
67.194.150.25 - - [18/Feb/2009:16:44:36 -0500] "GET /limerick/naut199.html HTTP/1.1" 200 34481 "http://www.google.com/search?q=limerick+naughty&ie=utf-8&oe=utf-8&aq=t&rls=com.google:en-US:official&client=firefox-a" "Mozilla/5.0 (Windows; U; Windows NT 5.1; en-US; rv:1.9.0.6) Gecko/2009011913 Firefox/3.0.6"
67.194.150.25 - - [18/Feb/2009:16:44:36 -0500] "GET /gifs/boobies.gif HTTP/1.1" 200 11144 "http://www.toastpoint.com/limerick/naut199.html" "Mozilla/5.0 (Windows; U; Windows NT 5.1; en-US; rv:1.9.0.6) Gecko/2009011913 Firefox/3.0.6"
67.194.150.25 - - [18/Feb/2009:16:44:36 -0500] "GET /gifs/goldstar.jpg HTTP/1.1" 200 1854 "http://www.toastpoint.com/limerick/naut199.html" "Mozilla/5.0 (Windows; U; Windows NT 5.1; en-US; rv:1.9.0.6) Gecko/2009011913 Firefox/3.0.6"
67.194.150.25 - - [18/Feb/2009:16:44:36 -0500] "GET /gifs/nakedman.gif HTTP/1.1" 200 7734 "http://www.toastpoint.com/limerick/naut199.html" "Mozilla/5.0 (Windows; U; Windows NT 5.1; en-US; rv:1.9.0.6) Gecko/2009011913 Firefox/3.0.6"
67.194.150.25 - - [18/Feb/2009:16:44:37 -0500] "GET /favicon.ico HTTP/1.1" 404 693 "-" "Mozilla/5.0 (Windows; U; Windows NT 5.1; en-US; rv:1.9.0.6) Gecko/2009011913 Firefox/3.0.6"
67.194.150.25 - - [18/Feb/2009:16:44:40 -0500] "GET /favicon.ico HTTP/1.1" 404 693 "-" "Mozilla/5.0 (Windows; U; Windows NT 5.1; en-US; rv:1.9.0.6) Gecko/2009011913 Firefox/3.0.6"
64.88.164.198 - - [18/Feb/2009:17:22:04 -0500] "GET /robots.txt HTTP/1.0" 404 693 "-" "SapphireWebCrawler/Nutch-1.0-dev (Sapphire Web Crawler using Nutch; http://boston.lti.cs.cmu.edu/crawler/; mhoy@cs.cmu.edu)"
64.88.164.198 - - [18/Feb/2009:17:22:04 -0500] "GET /limerick/1997/lim1997.html HTTP/1.0" 200 1925 "-" "SapphireWebCrawler/Nutch-1.0-dev (Sapphire Web Crawler using Nutch; http://boston.lti.cs.cmu.edu/crawler/; mhoy@cs.cmu.edu)"
66.235.124.8 - - [18/Feb/2009:17:36:12 -0500] "GET /haiku/1996/haiku796.html HTTP/1.1" 200 14361 "-" "Mozilla/5.0 (compatible; Ask Jeeves/Teoma; +http://about.ask.com/en/docs/about/webmasters.shtml)"
207.126.224.241 - - [18/Feb/2009:17:48:13 -0500] "GET /haiku/haiku.html HTTP/1.0" 200 2147 "-" "Mozilla/4.05 [en]"
68.228.111.2 - - [18/Feb/2009:18:10:20 -0500] "GET /limerick/nice299.html HTTP/1.1" 200 28130 "http://www.toastpoint.com/limerick/nice299.html" "Mozilla/5.0 (Macintosh; U; PPC Mac OS X 10_5_5; en-us) AppleWebKit/525.18 (KHTML, like Gecko) Version/3.1.2 Safari/525.20.1"
68.228.111.2 - - [18/Feb/2009:18:10:20 -0500] "GET /gifs/birdumb2.gif HTTP/1.1" 200 4698 "http://www.toastpoint.com/limerick/nice299.html" "Mozilla/5.0 (Macintosh; U; PPC Mac OS X 10_5_5; en-us) AppleWebKit/525.18 (KHTML, like Gecko) Version/3.1.2 Safari/525.20.1"
68.228.111.2 - - [18/Feb/2009:18:10:20 -0500] "GET /gifs/birdumb.gif HTTP/1.1" 200 4704 "http://www.toastpoint.com/limerick/nice299.html" "Mozilla/5.0 (Macintosh; U; PPC Mac OS X 10_5_5; en-us) AppleWebKit/525.18 (KHTML, like Gecko) Version/3.1.2 Safari/525.20.1"
68.228.111.2 - - [18/Feb/2009:18:10:20 -0500] "GET /gifs/goldstar.jpg HTTP/1.1" 200 1854 "http://www.toastpoint.com/limerick/nice299.html" "Mozilla/5.0 (Macintosh; U; PPC Mac OS X 10_5_5; en-us) AppleWebKit/525.18 (KHTML, like Gecko) Version/3.1.2 Safari/525.20.1"
156.108.217.62 - - [18/Feb/2009:18:38:05 -0500] "GET /limerick/nice299.html HTTP/1.1" 200 28130 "http://www.google.com/search?hl=en&q=clean+limerick&aq=f&oq=" "Mozilla/4.0 (compatible; MSIE 6.0; Windows NT 5.1; SV1; .NET CLR 2.0.50727)"
156.108.217.62 - - [18/Feb/2009:18:38:06 -0500] "GET /gifs/birdumb.gif HTTP/1.1" 200 4704 "http://www.toastpoint.com/limerick/nice299.html" "Mozilla/4.0 (compatible; MSIE 6.0; Windows NT 5.1; SV1; .NET CLR 2.0.50727)"
156.108.217.62 - - [18/Feb/2009:18:38:06 -0500] "GET /gifs/goldstar.jpg HTTP/1.1" 200 1854 "http://www.toastpoint.com/limerick/nice299.html" "Mozilla/4.0 (compatible; MSIE 6.0; Windows NT 5.1; SV1; .NET CLR 2.0.50727)"
156.108.217.62 - - [18/Feb/2009:18:38:06 -0500] "GET /gifs/birdumb2.gif HTTP/1.1" 200 4698 "http://www.toastpoint.com/limerick/nice299.html" "Mozilla/4.0 (compatible; MSIE 6.0; Windows NT 5.1; SV1; .NET CLR 2.0.50727)"
208.111.154.15 - - [18/Feb/2009:18:52:34 -0500] "GET /robots.txt HTTP/1.1" 404 693 "-" "Mozilla/5.0 (compatible; Charlotte/1.1; http://www.searchme.com/support/)"
208.111.154.15 - - [18/Feb/2009:18:52:34 -0500] "GET /haiku/haiku599.html HTTP/1.1" 200 33918 "-" "Mozilla/5.0 (compatible; Charlotte/1.1; http://www.searchme.com/support/)"
208.111.154.15 - - [18/Feb/2009:18:59:19 -0500] "GET /robots.txt HTTP/1.1" 404 693 "-" "Mozilla/5.0 (compatible; Charlotte/1.1; http://www.searchme.com/support/)"
208.111.154.15 - - [18/Feb/2009:18:59:34 -0500] "GET /limerick/1998/nice498.html HTTP/1.1" 200 32863 "-" "Mozilla/5.0 (compatible; Charlotte/1.1; http://www.searchme.com/support/)"
81.52.143.15 - - [18/Feb/2009:19:22:36 -0500] "GET /haiku/haiku599.html HTTP/1.1" 200 33918 "-" "Mozilla/5.0 (Windows; U; Windows NT 5.1; fr; rv:1.8.1) VoilaBot BETA 1.2 (support.voilabot@orange-ftgroup.com)"
67.142.161.27 - - [18/Feb/2009:19:27:30 -0500] "GET /gifs/leopold.jpg HTTP/1.1" 200 38609 "http://images.google.com/images?gbv=2&ndsp=20&hl=en&q=black+fluffy+cats&start=140&sa=N" "Mozilla/4.0 (compatible; MSIE 7.0; Windows NT 5.1; .NET CLR 1.0.3705; .NET CLR 1.1.4322; Media Center PC 4.0; Google-TR-5.7.806.10245-en)"
67.195.37.179 - - [18/Feb/2009:19:31:46 -0500] "GET /robots.txt HTTP/1.0" 404 693 "-" "Mozilla/5.0 (compatible; Yahoo! Slurp; http://help.yahoo.com/help/us/ysearch/slurp)"
67.195.37.179 - - [18/Feb/2009:19:31:46 -0500] "GET / HTTP/1.0" 200 464 "-" "Mozilla/5.0 (compatible; Yahoo! DE Slurp; http://help.yahoo.com/help/us/ysearch/slurp)"
67.195.37.179 - - [18/Feb/2009:19:31:47 -0500] "GET /toastpointtopleft.html HTTP/1.0" 200 162 "-" "Mozilla/5.0 (compatible; Yahoo! DE Slurp; http://help.yahoo.com/help/us/ysearch/slurp)"
67.195.37.179 - - [18/Feb/2009:19:31:47 -0500] "GET /toastpointtoc.html HTTP/1.0" 200 1188 "-" "Mozilla/5.0 (compatible; Yahoo! DE Slurp; http://help.yahoo.com/help/us/ysearch/slurp)"
67.195.37.179 - - [18/Feb/2009:19:31:48 -0500] "GET /news.html HTTP/1.0" 200 17706 "-" "Mozilla/5.0 (compatible; Yahoo! DE Slurp; http://help.yahoo.com/help/us/ysearch/slurp)"
67.195.37.179 - - [18/Feb/2009:19:31:48 -0500] "GET /toastpointtopright.html HTTP/1.0" 200 151 "-" "Mozilla/5.0 (compatible; Yahoo! DE Slurp; http://help.yahoo.com/help/us/ysearch/slurp)"
67.195.37.179 - - [18/Feb/2009:19:31:49 -0500] "GET /tpnews.html HTTP/1.0" 200 8305 "-" "Mozilla/5.0 (compatible; Yahoo! DE Slurp; http://help.yahoo.com/help/us/ysearch/slurp)"
81.52.143.15 - - [18/Feb/2009:19:38:40 -0500] "GET /robots.txt HTTP/1.1" 404 693 "-" "Mozilla/5.0 (Windows; U; Windows NT 5.1; fr; rv:1.8.1) VoilaBot BETA 1.2 (support.voilabot@orange-ftgroup.com)"
81.52.143.15 - - [18/Feb/2009:19:38:45 -0500] "GET / HTTP/1.1" 200 464 "-" "Mozilla/5.0 (Windows; U; Windows NT 5.1; fr; rv:1.8.1) VoilaBot BETA 1.2 (support.voilabot@orange-ftgroup.com)"
81.52.143.15 - - [18/Feb/2009:19:38:53 -0500] "GET /toastpointtoc.html HTTP/1.1" 200 1188 "-" "Mozilla/5.0 (Windows; U; Windows NT 5.1; fr; rv:1.8.1) VoilaBot BETA 1.2 (support.voilabot@orange-ftgroup.com)"
81.52.143.15 - - [18/Feb/2009:19:38:53 -0500] "GET /toastpointtopright.html HTTP/1.1" 200 151 "-" "Mozilla/5.0 (Windows; U; Windows NT 5.1; fr; rv:1.8.1) VoilaBot BETA 1.2 (support.voilabot@orange-ftgroup.com)"
81.52.143.15 - - [18/Feb/2009:19:38:53 -0500] "GET /toastpointtopleft.html HTTP/1.1" 200 162 "-" "Mozilla/5.0 (Windows; U; Windows NT 5.1; fr; rv:1.8.1) VoilaBot BETA 1.2 (support.voilabot@orange-ftgroup.com)"
81.52.143.15 - - [18/Feb/2009:19:38:53 -0500] "GET /tpnews.html HTTP/1.1" 200 8305 "-" "Mozilla/5.0 (Windows; U; Windows NT 5.1; fr; rv:1.8.1) VoilaBot BETA 1.2 (support.voilabot@orange-ftgroup.com)"
81.52.143.15 - - [18/Feb/2009:19:38:53 -0500] "GET /news.html HTTP/1.1" 200 17706 "-" "Mozilla/5.0 (Windows; U; Windows NT 5.1; fr; rv:1.8.1) VoilaBot BETA 1.2 (support.voilabot@orange-ftgroup.com)"
152.91.9.9 - - [18/Feb/2009:19:42:16 -0500] "GET /gifs/birdumb2.gif HTTP/1.1" 200 4698 "http://www.toastpoint.com/limerick/nice299.html" "Mozilla/4.0 (compatible; MSIE 6.0; Windows NT 5.1; SV1)"
152.91.9.9 - - [18/Feb/2009:19:42:15 -0500] "GET /limerick/nice299.html HTTP/1.1" 200 28130 "http://www.google.com.au/search?hl=en&rlz=1G1GGLQ_ENAU311&q=limerick+goldfish&meta=" "Mozilla/4.0 (compatible; MSIE 6.0; Windows NT 5.1; SV1)"
152.91.9.9 - - [18/Feb/2009:19:42:17 -0500] "GET /gifs/birdumb.gif HTTP/1.1" 200 4704 "http://www.toastpoint.com/limerick/nice299.html" "Mozilla/4.0 (compatible; MSIE 6.0; Windows NT 5.1; SV1)"
152.91.9.9 - - [18/Feb/2009:19:42:17 -0500] "GET /gifs/goldstar.jpg HTTP/1.1" 200 1854 "http://www.toastpoint.com/limerick/nice299.html" "Mozilla/4.0 (compatible; MSIE 6.0; Windows NT 5.1; SV1)"
208.80.194.37 - - [18/Feb/2009:19:56:09 -0500] "GET / HTTP/1.0" 200 464 "-" "Mozilla/4.0 (compatible; MSIE 6.0; Windows 98; Win 9x 4.90; MSN 6.1; MSNbMSFT; MSNmen-us; MSNc00; v5m)"
66.249.65.237 - - [18/Feb/2009:19:57:10 -0500] "GET /robots.txt HTTP/1.1" 404 693 "-" "Mozilla/5.0 (compatible; Googlebot/2.1; +http://www.google.com/bot.html)"
66.249.65.241 - - [18/Feb/2009:19:57:10 -0500] "GET /writing/fancy.html HTTP/1.1" 200 4720 "-" "Mozilla/5.0 (compatible; Googlebot/2.1; +http://www.google.com/bot.html)"
66.249.65.232 - - [18/Feb/2009:20:04:15 -0500] "GET /writing/fancy.html HTTP/1.1" 200 4720 "-" "Mozilla/5.0 (compatible; Googlebot/2.1; +http://www.google.com/bot.html)"
