124.115.10.193 - - [09/Mar/2009:00:29:10 -0400] "GET / HTTP/1.1" 200 464 "http://www.toastpoint.com/" "Mozilla/4.0 (compatible; MSIE 6.0; Windows NT 5.1)"
124.115.10.193 - - [09/Mar/2009:00:29:31 -0400] "GET /toastpointtopleft.html HTTP/1.1" 200 162 "http://www.toastpoint.com/toastpointtopleft.html" "Mozilla/4.0 (compatible; MSIE 6.0; Windows NT 5.1)"
124.115.10.193 - - [09/Mar/2009:00:29:33 -0400] "GET /toastpointtoc.html HTTP/1.1" 200 1188 "http://www.toastpoint.com/toastpointtoc.html" "Mozilla/4.0 (compatible; MSIE 6.0; Windows NT 5.1)"
124.115.10.193 - - [09/Mar/2009:00:29:35 -0400] "GET /news.html HTTP/1.1" 200 17706 "http://www.toastpoint.com/news.html" "Mozilla/4.0 (compatible; MSIE 6.0; Windows NT 5.1)"
124.115.10.193 - - [09/Mar/2009:00:29:37 -0400] "GET /toastpointtopright.html HTTP/1.1" 200 151 "http://www.toastpoint.com/toastpointtopright.html" "Mozilla/4.0 (compatible; MSIE 6.0; Windows NT 5.1)"
124.115.10.193 - - [09/Mar/2009:00:29:38 -0400] "GET /tpnews.html HTTP/1.1" 200 8305 "http://www.toastpoint.com/tpnews.html" "Mozilla/4.0 (compatible; MSIE 6.0; Windows NT 5.1)"
65.11.53.80 - - [09/Mar/2009:00:30:52 -0400] "GET //twiki/bin/configure?action=image;image=%7Cid%7C;type=text HTTP/1.1" 404 693 "-" "Mozilla/5.0 (Windows; U; Windows NT 5.1; en-US; rv:1.7.10) Gecko/20050716 Firefox/1.0.6"
124.115.1.66 - - [09/Mar/2009:00:35:50 -0400] "GET / HTTP/1.1" 200 464 "http://www.toastpoint.com/" "Mozilla/4.0 (compatible; MSIE 6.0; Windows NT 5.1)"
124.115.1.66 - - [09/Mar/2009:00:36:02 -0400] "GET /toastpointtopleft.html HTTP/1.1" 200 162 "http://www.toastpoint.com/toastpointtopleft.html" "Mozilla/4.0 (compatible; MSIE 6.0; Windows NT 5.1)"
124.115.1.66 - - [09/Mar/2009:00:36:04 -0400] "GET /toastpointtoc.html HTTP/1.1" 200 1188 "http://www.toastpoint.com/toastpointtoc.html" "Mozilla/4.0 (compatible; MSIE 6.0; Windows NT 5.1)"
124.115.1.66 - - [09/Mar/2009:00:36:05 -0400] "GET /news.html HTTP/1.1" 200 17706 "http://www.toastpoint.com/news.html" "Mozilla/4.0 (compatible; MSIE 6.0; Windows NT 5.1)"
124.115.1.66 - - [09/Mar/2009:00:36:07 -0400] "GET /toastpointtopright.html HTTP/1.1" 200 151 "http://www.toastpoint.com/toastpointtopright.html" "Mozilla/4.0 (compatible; MSIE 6.0; Windows NT 5.1)"
124.115.1.66 - - [09/Mar/2009:00:36:08 -0400] "GET /tpnews.html HTTP/1.1" 200 8305 "http://www.toastpoint.com/tpnews.html" "Mozilla/4.0 (compatible; MSIE 6.0; Windows NT 5.1)"
193.252.149.15 - - [09/Mar/2009:00:51:11 -0400] "GET /limerick/1996/lim1996.html HTTP/1.1" 200 2072 "-" "Mozilla/5.0 (Windows; U; Windows NT 5.1; fr; rv:1.8.1) VoilaBot BETA 1.2 (support.voilabot@orange-ftgroup.com)"
119.63.194.130 - - [09/Mar/2009:01:08:09 -0400] "GET /toastpointtopleft.html HTTP/1.1" 200 162 "-" "Baiduspider+(+http://help.baidu.jp/system/05.html)"
193.252.149.15 - - [09/Mar/2009:01:17:57 -0400] "GET /fiction/fict499.html HTTP/1.1" 200 12868 "-" "Mozilla/5.0 (Windows; U; Windows NT 5.1; fr; rv:1.8.1) VoilaBot BETA 1.2 (support.voilabot@orange-ftgroup.com)"
208.111.154.15 - - [09/Mar/2009:01:33:33 -0400] "GET /fiction/fict299.html HTTP/1.1" 304 - "-" "Mozilla/5.0 (compatible; Charlotte/1.1; http://www.searchme.com/support/)"
65.55.230.218 - - [09/Mar/2009:01:39:56 -0400] "GET /robots.txt HTTP/1.1" 404 693 "-" "msnbot-media/1.1 (+http://search.msn.com/msnbot.htm)"
65.55.230.218 - - [09/Mar/2009:01:39:56 -0400] "GET / HTTP/1.1" 200 464 "-" "msnbot-media/1.1 (+http://search.msn.com/msnbot.htm)"
208.111.154.16 - - [09/Mar/2009:01:47:20 -0400] "GET /robots.txt HTTP/1.1" 404 693 "-" "Mozilla/5.0 (compatible; Charlotte/1.1; http://www.searchme.com/support/)"
193.252.149.15 - - [09/Mar/2009:02:00:19 -0400] "GET /haiku/haiku299.html HTTP/1.1" 200 68017 "-" "Mozilla/5.0 (Windows; U; Windows NT 5.1; fr; rv:1.8.1) VoilaBot BETA 1.2 (support.voilabot@orange-ftgroup.com)"
38.103.17.183 - - [09/Mar/2009:03:14:46 -0400] "GET /robots.txt HTTP/1.1" 404 693 "-" "-"
38.103.17.183 - - [09/Mar/2009:03:14:46 -0400] "GET / HTTP/1.1" 200 464 "-" "CyberPatrol SiteCat Webbot (http://www.cyberpatrol.com/cyberpatrolcrawler.asp)"
65.55.231.59 - - [09/Mar/2009:03:51:28 -0400] "GET /robots.txt HTTP/1.1" 404 693 "-" "msnbot-media/1.1 (+http://search.msn.com/msnbot.htm)"
65.55.231.59 - - [09/Mar/2009:03:51:28 -0400] "GET /gifs/tpaugust2006.jpg HTTP/1.1" 200 34419 "-" "msnbot-media/1.1 (+http://search.msn.com/msnbot.htm)"
66.249.65.244 - - [09/Mar/2009:04:02:59 -0400] "GET /fiction/fiction.html HTTP/1.1" 200 2705 "-" "DoCoMo/2.0 N905i(c100;TB;W24H16) (compatible; Googlebot-Mobile/2.1; +http://www.google.com/bot.html)"
193.252.149.15 - - [09/Mar/2009:04:12:08 -0400] "GET /haiku/haiku499.html HTTP/1.1" 200 54815 "-" "Mozilla/5.0 (Windows; U; Windows NT 5.1; fr; rv:1.8.1) VoilaBot BETA 1.2 (support.voilabot@orange-ftgroup.com)"
81.52.143.33 - - [09/Mar/2009:04:14:13 -0400] "GET /limerick/1996/nice396.html HTTP/1.1" 200 5682 "-" "Mozilla/5.0 (Windows; U; Windows NT 5.1; fr; rv:1.8.1) VoilaBot BETA 1.2 (support.voilabot@orange-ftgroup.com)"
81.52.143.35 - - [09/Mar/2009:04:20:24 -0400] "GET /haiku/moral.html HTTP/1.1" 200 4692 "-" "Mozilla/5.0 (Windows; U; Windows NT 5.1; fr; rv:1.8.1) VoilaBot BETA 1.2 (support.voilabot@orange-ftgroup.com)"
208.111.154.16 - - [09/Mar/2009:04:34:03 -0400] "GET /robots.txt HTTP/1.1" 404 693 "-" "Mozilla/5.0 (compatible; Charlotte/1.1; http://www.searchme.com/support/)"
208.111.154.16 - - [09/Mar/2009:04:34:21 -0400] "GET /limerick/1996/nice596.html HTTP/1.1" 200 13725 "-" "Mozilla/5.0 (compatible; Charlotte/1.1; http://www.searchme.com/support/)"
65.55.231.101 - - [09/Mar/2009:05:13:55 -0400] "GET /robots.txt HTTP/1.1" 404 693 "-" "msnbot-media/1.1 (+http://search.msn.com/msnbot.htm)"
65.55.231.101 - - [09/Mar/2009:05:13:55 -0400] "GET /gifs/tpjune2007.jpg HTTP/1.1" 200 50796 "-" "msnbot-media/1.1 (+http://search.msn.com/msnbot.htm)"
66.249.65.240 - - [09/Mar/2009:05:15:09 -0400] "GET /limerick/naut299.html HTTP/1.1" 200 23095 "-" "DoCoMo/2.0 N905i(c100;TB;W24H16) (compatible; Googlebot-Mobile/2.1; +http://www.google.com/bot.html)"
66.249.65.226 - - [09/Mar/2009:05:24:46 -0400] "GET /limerick/1996/nice396.html HTTP/1.1" 200 5682 "-" "Mozilla/5.0 (compatible; Googlebot/2.1; +http://www.google.com/bot.html)"
208.111.154.16 - - [09/Mar/2009:05:41:15 -0400] "GET /robots.txt HTTP/1.1" 404 693 "-" "Mozilla/5.0 (compatible; Charlotte/1.1; http://www.searchme.com/support/)"
65.55.231.106 - - [09/Mar/2009:06:03:19 -0400] "GET /robots.txt HTTP/1.1" 404 693 "-" "msnbot-media/1.1 (+http://search.msn.com/msnbot.htm)"
65.55.231.106 - - [09/Mar/2009:06:03:19 -0400] "GET /gifs/tpfeb2007.jpg HTTP/1.1" 200 34757 "-" "msnbot-media/1.1 (+http://search.msn.com/msnbot.htm)"
208.111.154.15 - - [09/Mar/2009:06:10:50 -0400] "GET /robots.txt HTTP/1.1" 404 693 "-" "Mozilla/5.0 (compatible; Charlotte/1.1; http://www.searchme.com/support/)"
208.111.154.15 - - [09/Mar/2009:06:10:59 -0400] "GET /limerick/naut199.html HTTP/1.1" 304 - "-" "Mozilla/5.0 (compatible; Charlotte/1.1; http://www.searchme.com/support/)"
65.55.108.170 - - [09/Mar/2009:06:12:12 -0400] "GET /robots.txt HTTP/1.1" 404 693 "-" "msnbot-media/1.1 (+http://search.msn.com/msnbot.htm)"
65.55.108.170 - - [09/Mar/2009:06:12:12 -0400] "GET /gifs/tpjul2008.jpg HTTP/1.1" 200 93792 "-" "msnbot-media/1.1 (+http://search.msn.com/msnbot.htm)"
193.252.149.16 - - [09/Mar/2009:06:28:40 -0400] "GET /robots.txt HTTP/1.1" 404 693 "-" "Mozilla/5.0 (Windows; U; Windows NT 5.1; fr; rv:1.8.1) VoilaBot BETA 1.2 (support.voilabot@orange-ftgroup.com)"
193.252.149.16 - - [09/Mar/2009:06:28:59 -0400] "GET /fiction/fiction.html HTTP/1.1" 200 2705 "-" "Mozilla/5.0 (Windows; U; Windows NT 5.1; fr; rv:1.8.1) VoilaBot BETA 1.2 (support.voilabot@orange-ftgroup.com)"
120.28.69.215 - - [09/Mar/2009:06:37:20 -0400] "GET /gifs/nakedman.gif HTTP/1.1" 200 7734 "http://www.toastpoint.com/limerick/naut199.html" "Mozilla/5.0 (Windows; U; Windows NT 5.1; en-US; rv:1.9.0.7) Gecko/2009021910 Firefox/3.0.7"
120.28.69.215 - - [09/Mar/2009:06:37:20 -0400] "GET /gifs/boobies.gif HTTP/1.1" 200 11144 "http://www.toastpoint.com/limerick/naut199.html" "Mozilla/5.0 (Windows; U; Windows NT 5.1; en-US; rv:1.9.0.7) Gecko/2009021910 Firefox/3.0.7"
120.28.69.215 - - [09/Mar/2009:06:37:20 -0400] "GET /gifs/goldstar.jpg HTTP/1.1" 200 1854 "http://www.toastpoint.com/limerick/naut199.html" "Mozilla/5.0 (Windows; U; Windows NT 5.1; en-US; rv:1.9.0.7) Gecko/2009021910 Firefox/3.0.7"
120.28.69.215 - - [09/Mar/2009:06:37:19 -0400] "GET /limerick/naut199.html HTTP/1.1" 200 34481 "http://www.google.com/search?hl=en&client=firefox-a&channel=s&rls=org.mozilla:en-US:official&hs=E8c&ei=CvG0SbzsCZiq6wP90oi6BQ&sa=X&oi=spell&resnum=0&ct=result&cd=1&q=my+baby+brother+had+a+fall+a+limerick&spell=1" "Mozilla/5.0 (Windows; U; Windows NT 5.1; en-US; rv:1.9.0.7) Gecko/2009021910 Firefox/3.0.7"
120.28.69.215 - - [09/Mar/2009:06:37:23 -0400] "GET /favicon.ico HTTP/1.1" 404 693 "-" "Mozilla/5.0 (Windows; U; Windows NT 5.1; en-US; rv:1.9.0.7) Gecko/2009021910 Firefox/3.0.7"
120.28.69.215 - - [09/Mar/2009:06:37:28 -0400] "GET /favicon.ico HTTP/1.1" 404 693 "-" "Mozilla/5.0 (Windows; U; Windows NT 5.1; en-US; rv:1.9.0.7) Gecko/2009021910 Firefox/3.0.7"
63.241.3.51 - - [09/Mar/2009:06:43:01 -0400] "GET /limerick/limerick.html HTTP/1.1" 200 2613 "-" "-"
81.52.143.34 - - [09/Mar/2009:06:52:26 -0400] "GET /limerick/1998/nice498.html HTTP/1.1" 200 32863 "-" "Mozilla/5.0 (Windows; U; Windows NT 5.1; fr; rv:1.8.1) VoilaBot BETA 1.2 (support.voilabot@orange-ftgroup.com)"
81.52.143.16 - - [09/Mar/2009:07:00:53 -0400] "GET /limerick/1998/nice698.html HTTP/1.1" 200 24183 "-" "Mozilla/5.0 (Windows; U; Windows NT 5.1; fr; rv:1.8.1) VoilaBot BETA 1.2 (support.voilabot@orange-ftgroup.com)"
66.249.65.237 - - [09/Mar/2009:07:21:55 -0400] "GET /fiction/fict599.html HTTP/1.1" 200 7512 "-" "DoCoMo/2.0 N905i(c100;TB;W24H16) (compatible; Googlebot-Mobile/2.1; +http://www.google.com/bot.html)"
208.111.154.16 - - [09/Mar/2009:07:22:17 -0400] "GET /robots.txt HTTP/1.1" 404 693 "-" "Mozilla/5.0 (compatible; Charlotte/1.1; http://www.searchme.com/support/)"
208.111.154.16 - - [09/Mar/2009:07:22:29 -0400] "GET /fiction/fict9596/fic1196.html HTTP/1.1" 200 27915 "-" "Mozilla/5.0 (compatible; Charlotte/1.1; http://www.searchme.com/support/)"
66.249.65.234 - - [09/Mar/2009:07:22:43 -0400] "GET /robots.txt HTTP/1.1" 404 693 "-" "Googlebot-Image/1.0"
66.249.65.232 - - [09/Mar/2009:07:22:43 -0400] "GET /index_files/image014.gif HTTP/1.1" 304 - "-" "Googlebot-Image/1.0"
71.141.118.25 - - [09/Mar/2009:07:32:53 -0400] "GET /haiku/haiku.html HTTP/1.0" 200 2147 "http://random.yahoo.com/fast/ryl" "webcollage.perl/1.107"
71.141.118.25 - - [09/Mar/2009:07:32:53 -0400] "GET /haiku/haiku.html HTTP/1.0" 200 2147 "http://random.yahoo.com/fast/ryl" "webcollage.perl/1.107"
71.141.118.25 - - [09/Mar/2009:07:32:53 -0400] "GET /haiku/haiku.html HTTP/1.0" 200 2147 "http://random.yahoo.com/fast/ryl" "webcollage.perl/1.107"
71.141.118.25 - - [09/Mar/2009:07:32:53 -0400] "GET /haiku/haiku.html HTTP/1.0" 200 2147 "http://random.yahoo.com/fast/ryl" "webcollage.perl/1.107"
71.141.118.25 - - [09/Mar/2009:07:32:53 -0400] "GET /haiku/haiku.html HTTP/1.0" 200 2147 "http://random.yahoo.com/fast/ryl" "webcollage.perl/1.107"
71.141.118.25 - - [09/Mar/2009:07:32:53 -0400] "GET /haiku/haiku.html HTTP/1.0" 200 2147 "http://random.yahoo.com/fast/ryl" "webcollage.perl/1.107"
71.141.118.25 - - [09/Mar/2009:07:32:53 -0400] "GET /haiku/haiku.html HTTP/1.0" 200 2147 "http://random.yahoo.com/fast/ryl" "webcollage.perl/1.107"
71.141.118.25 - - [09/Mar/2009:07:32:53 -0400] "GET /haiku/haiku.html HTTP/1.0" 200 2147 "http://random.yahoo.com/fast/ryl" "webcollage.perl/1.107"
71.141.118.25 - - [09/Mar/2009:07:32:53 -0400] "GET /haiku/haiku.html HTTP/1.0" 200 2147 "http://random.yahoo.com/fast/ryl" "webcollage.perl/1.107"
67.202.30.224 - - [09/Mar/2009:07:32:53 -0400] "GET /haiku/haiku.html HTTP/1.1" 200 2147 "-" "Java/1.6.0_04"
67.202.30.224 - - [09/Mar/2009:07:32:53 -0400] "GET /haiku/haiku.html HTTP/1.1" 200 2147 "-" "Mozilla/4.0 (compatible; MSIE 6.0; Windows NT 5.1; SV1; .NET CLR 1.1.4322; InfoPath.1)"
71.141.118.25 - - [09/Mar/2009:07:32:53 -0400] "GET /haiku/haiku.html HTTP/1.0" 200 2147 "http://random.yahoo.com/fast/ryl" "webcollage.perl/1.107"
71.141.118.25 - - [09/Mar/2009:07:32:53 -0400] "GET /haiku/haiku.html HTTP/1.0" 200 2147 "http://random.yahoo.com/fast/ryl" "webcollage.perl/1.107"
71.141.118.25 - - [09/Mar/2009:07:32:53 -0400] "GET /haiku/haiku.html HTTP/1.0" 200 2147 "http://random.yahoo.com/fast/ryl" "webcollage.perl/1.107"
71.141.118.25 - - [09/Mar/2009:07:32:53 -0400] "GET /haiku/haiku.html HTTP/1.0" 200 2147 "http://random.yahoo.com/fast/ryl" "webcollage.perl/1.107"
71.141.118.25 - - [09/Mar/2009:07:32:54 -0400] "GET /haiku/haiku.html HTTP/1.0" 200 2147 "http://random.yahoo.com/fast/ryl" "webcollage.perl/1.107"
71.141.118.25 - - [09/Mar/2009:07:32:54 -0400] "GET /haiku/haiku.html HTTP/1.0" 200 2147 "http://random.yahoo.com/fast/ryl" "webcollage.perl/1.107"
71.141.118.25 - - [09/Mar/2009:07:32:54 -0400] "GET /haiku/haiku.html HTTP/1.0" 200 2147 "http://random.yahoo.com/fast/ryl" "webcollage.perl/1.107"
71.141.118.25 - - [09/Mar/2009:07:32:54 -0400] "GET /haiku/haiku.html HTTP/1.0" 200 2147 "http://random.yahoo.com/fast/ryl" "webcollage.perl/1.107"
71.141.118.25 - - [09/Mar/2009:07:32:54 -0400] "GET /haiku/haiku.html HTTP/1.0" 200 2147 "http://random.yahoo.com/fast/ryl" "webcollage.perl/1.107"
71.141.118.25 - - [09/Mar/2009:07:32:54 -0400] "GET /haiku/haiku.html HTTP/1.0" 200 2147 "http://random.yahoo.com/fast/ryl" "webcollage.perl/1.107"
82.43.112.99 - - [09/Mar/2009:07:32:54 -0400] "GET /haiku/haiku.html HTTP/1.0" 200 2147 "http://random.yahoo.com/fast/ryl" "webcollage/1.143"
82.43.112.99 - - [09/Mar/2009:07:32:54 -0400] "GET /gifs/japan.gif HTTP/1.0" 200 5737 "http://www.toastpoint.com/haiku/haiku.html" "webcollage/1.143"
66.249.65.235 - - [09/Mar/2009:07:38:04 -0400] "GET /robots.txt HTTP/1.1" 404 693 "-" "Mozilla/5.0 (compatible; Googlebot/2.1; +http://www.google.com/bot.html)"
66.249.65.228 - - [09/Mar/2009:07:38:05 -0400] "GET /travel/buxton2006.html HTTP/1.1" 200 1963 "-" "Mozilla/5.0 (compatible; Googlebot/2.1; +http://www.google.com/bot.html)"
65.55.209.254 - - [09/Mar/2009:07:46:30 -0400] "GET /robots.txt HTTP/1.1" 404 693 "-" "msnbot/1.1 (+http://search.msn.com/msnbot.htm)"
65.55.209.254 - - [09/Mar/2009:07:46:30 -0400] "GET /limerick/1996/naut596.html HTTP/1.1" 200 28755 "-" "msnbot/1.1 (+http://search.msn.com/msnbot.htm)"
66.249.65.239 - - [09/Mar/2009:07:51:39 -0400] "GET /limerick/brady/brady96.html HTTP/1.1" 304 - "-" "Mozilla/5.0 (compatible; Googlebot/2.1; +http://www.google.com/bot.html)"
81.52.143.30 - - [09/Mar/2009:08:12:29 -0400] "GET /fiction/fict599.html HTTP/1.1" 200 7512 "-" "Mozilla/5.0 (Windows; U; Windows NT 5.1; fr; rv:1.8.1) VoilaBot BETA 1.2 (support.voilabot@orange-ftgroup.com)"
66.249.65.242 - - [09/Mar/2009:08:23:41 -0400] "GET /limerick/naut599.html HTTP/1.1" 200 21235 "-" "DoCoMo/2.0 N905i(c100;TB;W24H16) (compatible; Googlebot-Mobile/2.1; +http://www.google.com/bot.html)"
193.252.149.15 - - [09/Mar/2009:08:30:42 -0400] "GET /limerick/1998/nice398.html HTTP/1.1" 200 36584 "-" "Mozilla/5.0 (Windows; U; Windows NT 5.1; fr; rv:1.8.1) VoilaBot BETA 1.2 (support.voilabot@orange-ftgroup.com)"
208.111.154.16 - - [09/Mar/2009:08:52:16 -0400] "GET /robots.txt HTTP/1.1" 404 693 "-" "Mozilla/5.0 (compatible; Charlotte/1.1; http://www.searchme.com/support/)"
66.249.65.241 - - [09/Mar/2009:08:54:13 -0400] "GET /robots.txt HTTP/1.1" 404 693 "-" "Mozilla/5.0 (compatible; Googlebot/2.1; +http://www.google.com/bot.html)"
66.249.65.226 - - [09/Mar/2009:08:54:13 -0400] "GET /travel/buxton2006.html HTTP/1.1" 200 1963 "-" "Mozilla/5.0 (compatible; Googlebot/2.1; +http://www.google.com/bot.html)"
91.143.180.38 - - [09/Mar/2009:09:17:53 -0400] "GET /limerick/1998/nice298.html HTTP/1.1" 200 24359 "http://www.google.co.uk/search?hl=en&client=firefox-a&channel=s&rls=org.mozilla:en-GB:official&hs=GzK&q=Bunion+limerick&start=10&sa=N" "Mozilla/5.0 (Windows; U; Windows NT 5.1; en-GB; rv:1.9.0.7) Gecko/2009021910 Firefox/3.0.7"
91.143.180.38 - - [09/Mar/2009:09:17:54 -0400] "GET /gifs/birdumb2.gif HTTP/1.1" 200 4698 "http://www.toastpoint.com/limerick/1998/nice298.html" "Mozilla/5.0 (Windows; U; Windows NT 5.1; en-GB; rv:1.9.0.7) Gecko/2009021910 Firefox/3.0.7"
91.143.180.38 - - [09/Mar/2009:09:17:54 -0400] "GET /gifs/birdumb.gif HTTP/1.1" 200 4704 "http://www.toastpoint.com/limerick/1998/nice298.html" "Mozilla/5.0 (Windows; U; Windows NT 5.1; en-GB; rv:1.9.0.7) Gecko/2009021910 Firefox/3.0.7"
91.143.180.38 - - [09/Mar/2009:09:17:54 -0400] "GET /gifs/goldstar.jpg HTTP/1.1" 200 1854 "http://www.toastpoint.com/limerick/1998/nice298.html" "Mozilla/5.0 (Windows; U; Windows NT 5.1; en-GB; rv:1.9.0.7) Gecko/2009021910 Firefox/3.0.7"
91.143.180.38 - - [09/Mar/2009:09:17:54 -0400] "GET /favicon.ico HTTP/1.1" 404 693 "-" "Mozilla/5.0 (Windows; U; Windows NT 5.1; en-GB; rv:1.9.0.7) Gecko/2009021910 Firefox/3.0.7"
91.143.180.38 - - [09/Mar/2009:09:17:57 -0400] "GET /favicon.ico HTTP/1.1" 404 693 "-" "Mozilla/5.0 (Windows; U; Windows NT 5.1; en-GB; rv:1.9.0.7) Gecko/2009021910 Firefox/3.0.7"
81.52.143.34 - - [09/Mar/2009:09:22:59 -0400] "GET /haiku/?S=A HTTP/1.1" 403 563 "-" "Mozilla/5.0 (Windows; U; Windows NT 5.1; fr; rv:1.8.1) VoilaBot BETA 1.2 (support.voilabot@orange-ftgroup.com)"
208.111.154.34 - - [09/Mar/2009:09:39:07 -0400] "GET /robots.txt HTTP/1.1" 404 693 "-" "Mozilla/5.0 (compatible; Charlotte/1.1; http://www.searchme.com/support/)"
208.111.154.29 - - [09/Mar/2009:09:47:54 -0400] "GET /limerick/nice599.html HTTP/1.1" 200 26033 "-" "Mozilla/5.0 (compatible; Charlotte/1.1; http://www.searchme.com/support/)"
193.252.149.15 - - [09/Mar/2009:09:52:54 -0400] "GET /haiku/haikufrm.html HTTP/1.1" 200 534 "-" "Mozilla/5.0 (Windows; U; Windows NT 5.1; fr; rv:1.8.1) VoilaBot BETA 1.2 (support.voilabot@orange-ftgroup.com)"
134.67.6.14 - - [09/Mar/2009:09:59:57 -0400] "GET /limerick/nice299.html HTTP/1.1" 200 28130 "http://www.google.com/search?hl=en&q=limerick+laughs+clean" "Mozilla/4.0 (compatible; MSIE 7.0; Windows NT 5.1; InfoPath.1; .NET CLR 1.1.4322; .NET CLR 2.0.50727)"
134.67.6.14 - - [09/Mar/2009:09:59:58 -0400] "GET /gifs/birdumb2.gif HTTP/1.1" 200 4698 "-" "Mozilla/4.0 (compatible;)"
134.67.6.14 - - [09/Mar/2009:09:59:58 -0400] "GET /gifs/birdumb.gif HTTP/1.1" 200 4704 "-" "Mozilla/4.0 (compatible;)"
134.67.6.14 - - [09/Mar/2009:09:59:58 -0400] "GET /gifs/goldstar.jpg HTTP/1.1" 200 1854 "-" "Mozilla/4.0 (compatible;)"
134.67.6.14 - - [09/Mar/2009:09:59:58 -0400] "GET /favicon.ico HTTP/1.1" 404 693 "-" "Mozilla/4.0 (compatible; MSIE 7.0; Windows NT 5.1; InfoPath.1; .NET CLR 1.1.4322; .NET CLR 2.0.50727)"
208.115.138.254 - - [09/Mar/2009:09:59:57 -0400] "GET /limerick/nice299.html HTTP/1.1" 200 28130 "-" "Mozilla/4.0"
83.167.62.171 - - [09/Mar/2009:10:03:16 -0400] "GET /robots.txt HTTP/1.1" 404 693 "-" "Mozilla/5.0 (compatible; Exabot/3.0; +http://www.exabot.com/go/robot)"
83.167.62.171 - - [09/Mar/2009:10:03:16 -0400] "GET /fiction/fict98/novels/xmascurl.html HTTP/1.1" 404 693 "-" "Mozilla/5.0 (compatible; Exabot/3.0; +http://www.exabot.com/go/robot)"
67.195.37.113 - - [09/Mar/2009:10:14:17 -0400] "GET /robots.txt HTTP/1.0" 404 693 "-" "Mozilla/5.0 (compatible; Yahoo! Slurp; http://help.yahoo.com/help/us/ysearch/slurp)"
67.195.37.113 - - [09/Mar/2009:10:14:18 -0400] "GET /haiku/haiku.html HTTP/1.0" 200 2147 "-" "Mozilla/5.0 (compatible; Yahoo! DE Slurp; http://help.yahoo.com/help/us/ysearch/slurp)"
208.80.195.51 - - [09/Mar/2009:10:16:04 -0400] "GET / HTTP/1.0" 200 464 "-" "Mozilla/4.0 (compatible; MSIE 6.0; AOL 9.0; Windows NT 5.1; SV1; FunWebProducts; .NET CLR 1.0.3705; .NET CLR 1.1.4322; Media Center PC 3.1; SpamBlockerUtility 4.8.4)"
216.183.81.221 - - [09/Mar/2009:10:17:07 -0400] "GET / HTTP/1.1" 304 - "-" "Wget/1.10.2"
216.183.81.221 - - [09/Mar/2009:10:17:07 -0400] "GET /robots.txt HTTP/1.1" 404 693 "-" "Wget/1.10.2"
216.183.81.221 - - [09/Mar/2009:10:17:07 -0400] "HEAD /toastpointtopleft.html HTTP/1.1" 200 - "http://www.toastpoint.com/" "Wget/1.10.2"
216.183.81.221 - - [09/Mar/2009:10:17:08 -0400] "HEAD /toastpointtoc.html HTTP/1.1" 200 - "http://www.toastpoint.com/" "Wget/1.10.2"
216.183.81.221 - - [09/Mar/2009:10:17:08 -0400] "HEAD /news.html HTTP/1.1" 200 - "http://www.toastpoint.com/" "Wget/1.10.2"
216.183.81.221 - - [09/Mar/2009:10:17:08 -0400] "HEAD /toastpointtopright.html HTTP/1.1" 200 - "http://www.toastpoint.com/" "Wget/1.10.2"
216.183.81.221 - - [09/Mar/2009:10:17:08 -0400] "HEAD /tpnews.html HTTP/1.1" 200 - "http://www.toastpoint.com/" "Wget/1.10.2"
66.30.65.205 - - [09/Mar/2009:10:18:48 -0400] "GET /limerick/nice299.html HTTP/1.1" 200 28130 "http://www.google.com/search?sourceid=navclient&ie=UTF-8&rlz=1T4RNWN_enUS309&q=funny+clean+limericks" "Mozilla/4.0 (compatible; MSIE 7.0; Windows NT 5.1; FunWebProducts; GTB5; .NET CLR 1.1.4322)"
66.30.65.205 - - [09/Mar/2009:10:18:48 -0400] "GET /gifs/birdumb.gif HTTP/1.1" 200 4704 "http://www.toastpoint.com/limerick/nice299.html" "Mozilla/4.0 (compatible; MSIE 7.0; Windows NT 5.1; FunWebProducts; GTB5; .NET CLR 1.1.4322)"
66.30.65.205 - - [09/Mar/2009:10:18:48 -0400] "GET /gifs/goldstar.jpg HTTP/1.1" 200 1854 "http://www.toastpoint.com/limerick/nice299.html" "Mozilla/4.0 (compatible; MSIE 7.0; Windows NT 5.1; FunWebProducts; GTB5; .NET CLR 1.1.4322)"
66.30.65.205 - - [09/Mar/2009:10:18:48 -0400] "GET /gifs/birdumb2.gif HTTP/1.1" 200 4698 "http://www.toastpoint.com/limerick/nice299.html" "Mozilla/4.0 (compatible; MSIE 7.0; Windows NT 5.1; FunWebProducts; GTB5; .NET CLR 1.1.4322)"
66.30.65.205 - - [09/Mar/2009:10:18:49 -0400] "GET /favicon.ico HTTP/1.1" 404 693 "-" "Mozilla/4.0 (compatible; MSIE 7.0; Windows NT 5.1; FunWebProducts; GTB5; .NET CLR 1.1.4322)"
66.30.65.205 - - [09/Mar/2009:10:35:41 -0400] "GET /welcome.html HTTP/1.1" 200 418 "http://www.toastpoint.com/limerick/nice299.html" "Mozilla/4.0 (compatible; MSIE 7.0; Windows NT 5.1; FunWebProducts; GTB5; .NET CLR 1.1.4322)"
66.30.65.205 - - [09/Mar/2009:10:35:43 -0400] "GET / HTTP/1.1" 200 464 "-" "Mozilla/4.0 (compatible; MSIE 7.0; Windows NT 5.1; FunWebProducts; GTB5; .NET CLR 1.1.4322)"
66.30.65.205 - - [09/Mar/2009:10:35:43 -0400] "GET /toastpointtopleft.html HTTP/1.1" 200 162 "http://www.toastpoint.com/" "Mozilla/4.0 (compatible; MSIE 7.0; Windows NT 5.1; FunWebProducts; GTB5; .NET CLR 1.1.4322)"
66.30.65.205 - - [09/Mar/2009:10:35:43 -0400] "GET /toastpointtoc.html HTTP/1.1" 200 1188 "http://www.toastpoint.com/" "Mozilla/4.0 (compatible; MSIE 7.0; Windows NT 5.1; FunWebProducts; GTB5; .NET CLR 1.1.4322)"
66.30.65.205 - - [09/Mar/2009:10:35:43 -0400] "GET /news.html HTTP/1.1" 200 17706 "http://www.toastpoint.com/" "Mozilla/4.0 (compatible; MSIE 7.0; Windows NT 5.1; FunWebProducts; GTB5; .NET CLR 1.1.4322)"
66.30.65.205 - - [09/Mar/2009:10:35:43 -0400] "GET /toastpointtopright.html HTTP/1.1" 200 151 "http://www.toastpoint.com/" "Mozilla/4.0 (compatible; MSIE 7.0; Windows NT 5.1; FunWebProducts; GTB5; .NET CLR 1.1.4322)"
66.30.65.205 - - [09/Mar/2009:10:35:43 -0400] "GET /tpnews.html HTTP/1.1" 200 8305 "http://www.toastpoint.com/" "Mozilla/4.0 (compatible; MSIE 7.0; Windows NT 5.1; FunWebProducts; GTB5; .NET CLR 1.1.4322)"
66.30.65.205 - - [09/Mar/2009:10:35:43 -0400] "GET /gifs/tpwinter20089.jpg HTTP/1.1" 200 28088 "http://www.toastpoint.com/news.html" "Mozilla/4.0 (compatible; MSIE 7.0; Windows NT 5.1; FunWebProducts; GTB5; .NET CLR 1.1.4322)"
81.52.143.15 - - [09/Mar/2009:10:36:14 -0400] "GET /fiction/fict399.html HTTP/1.1" 200 27729 "-" "Mozilla/5.0 (Windows; U; Windows NT 5.1; fr; rv:1.8.1) VoilaBot BETA 1.2 (support.voilabot@orange-ftgroup.com)"
67.195.37.113 - - [09/Mar/2009:10:37:17 -0400] "GET / HTTP/1.0" 200 464 "-" "Mozilla/5.0 (compatible; Yahoo! DE Slurp; http://help.yahoo.com/help/us/ysearch/slurp)"
67.195.37.113 - - [09/Mar/2009:10:37:18 -0400] "GET /toastpointtopleft.html HTTP/1.0" 200 162 "-" "Mozilla/5.0 (compatible; Yahoo! DE Slurp; http://help.yahoo.com/help/us/ysearch/slurp)"
67.195.37.113 - - [09/Mar/2009:10:37:18 -0400] "GET /toastpointtoc.html HTTP/1.0" 200 1188 "-" "Mozilla/5.0 (compatible; Yahoo! DE Slurp; http://help.yahoo.com/help/us/ysearch/slurp)"
67.195.37.113 - - [09/Mar/2009:10:37:19 -0400] "GET /news.html HTTP/1.0" 200 17706 "-" "Mozilla/5.0 (compatible; Yahoo! DE Slurp; http://help.yahoo.com/help/us/ysearch/slurp)"
67.195.37.113 - - [09/Mar/2009:10:37:20 -0400] "GET /toastpointtopright.html HTTP/1.0" 200 151 "-" "Mozilla/5.0 (compatible; Yahoo! DE Slurp; http://help.yahoo.com/help/us/ysearch/slurp)"
67.195.37.113 - - [09/Mar/2009:10:37:23 -0400] "GET /tpnews.html HTTP/1.0" 200 8305 "-" "Mozilla/5.0 (compatible; Yahoo! DE Slurp; http://help.yahoo.com/help/us/ysearch/slurp)"
208.111.154.16 - - [09/Mar/2009:10:40:42 -0400] "GET /limerick/1996/naut396.html HTTP/1.1" 304 - "-" "Mozilla/5.0 (compatible; Charlotte/1.1; http://www.searchme.com/support/)"
83.167.62.171 - - [09/Mar/2009:10:47:31 -0400] "GET /haiku/1996/1995/bestof95.html HTTP/1.1" 404 693 "-" "Mozilla/5.0 (compatible; Exabot/3.0; +http://www.exabot.com/go/robot)"
81.52.143.15 - - [09/Mar/2009:11:05:39 -0400] "GET /limerick/?S=D HTTP/1.1" 403 563 "-" "Mozilla/5.0 (Windows; U; Windows NT 5.1; fr; rv:1.8.1) VoilaBot BETA 1.2 (support.voilabot@orange-ftgroup.com)"
66.249.65.240 - - [09/Mar/2009:11:12:04 -0400] "GET /fiction/fict98/fict98.html HTTP/1.1" 200 1540 "-" "DoCoMo/2.0 N905i(c100;TB;W24H16) (compatible; Googlebot-Mobile/2.1; +http://www.google.com/bot.html)"
164.58.189.249 - - [09/Mar/2009:11:21:16 -0400] "GET /limerick/nice299.html HTTP/1.1" 200 28130 "http://www.google.com/search?source=ig&hl=en&rlz=&q=clean+limericks&aq=0&oq=clean+limer" "Mozilla/4.0 (compatible; MSIE 6.0; Windows NT 5.1; SV1; InfoPath.1)"
164.58.189.249 - - [09/Mar/2009:11:21:17 -0400] "GET /gifs/birdumb.gif HTTP/1.1" 200 4704 "http://www.toastpoint.com/limerick/nice299.html" "Mozilla/4.0 (compatible; MSIE 6.0; Windows NT 5.1; SV1; InfoPath.1)"
164.58.189.249 - - [09/Mar/2009:11:21:17 -0400] "GET /gifs/birdumb2.gif HTTP/1.1" 200 4698 "http://www.toastpoint.com/limerick/nice299.html" "Mozilla/4.0 (compatible; MSIE 6.0; Windows NT 5.1; SV1; InfoPath.1)"
164.58.189.249 - - [09/Mar/2009:11:21:17 -0400] "GET /gifs/goldstar.jpg HTTP/1.1" 200 1854 "http://www.toastpoint.com/limerick/nice299.html" "Mozilla/4.0 (compatible; MSIE 6.0; Windows NT 5.1; SV1; InfoPath.1)"
164.58.189.249 - - [09/Mar/2009:11:21:18 -0400] "GET /favicon.ico HTTP/1.1" 404 693 "-" "Mozilla/5.0 (compatible; Google Desktop)"
83.167.62.171 - - [09/Mar/2009:11:27:30 -0400] "GET /limerick/1997/nice1297.html HTTP/1.1" 200 24100 "-" "Mozilla/5.0 (compatible; Exabot/3.0; +http://www.exabot.com/go/robot)"
66.249.65.233 - - [09/Mar/2009:11:28:19 -0400] "GET /limerick/brady/brady99.html HTTP/1.1" 200 7546 "-" "DoCoMo/2.0 N905i(c100;TB;W24H16) (compatible; Googlebot-Mobile/2.1; +http://www.google.com/bot.html)"
214.4.253.97 - - [09/Mar/2009:11:43:33 -0400] "GET /limerick/nice299.html HTTP/1.1" 200 28130 "http://www.google.com/search?hl=en&q=%22clean+limericks%22&aq=f&oq=" "Mozilla/4.0 (compatible; MSIE 6.0; Windows NT 5.1; WDL6.1.1; .NET CLR 1.1.4322; .NET CLR 2.0.50727)"
214.4.253.97 - - [09/Mar/2009:11:43:33 -0400] "GET /gifs/goldstar.jpg HTTP/1.1" 200 1854 "http://www.toastpoint.com/limerick/nice299.html" "Mozilla/4.0 (compatible; MSIE 6.0; Windows NT 5.1; WDL6.1.1; .NET CLR 1.1.4322; .NET CLR 2.0.50727)"
214.4.253.97 - - [09/Mar/2009:11:43:33 -0400] "GET /gifs/birdumb2.gif HTTP/1.1" 200 4698 "http://www.toastpoint.com/limerick/nice299.html" "Mozilla/4.0 (compatible; MSIE 6.0; Windows NT 5.1; WDL6.1.1; .NET CLR 1.1.4322; .NET CLR 2.0.50727)"
214.4.253.97 - - [09/Mar/2009:11:43:33 -0400] "GET /gifs/birdumb.gif HTTP/1.1" 200 4704 "http://www.toastpoint.com/limerick/nice299.html" "Mozilla/4.0 (compatible; MSIE 6.0; Windows NT 5.1; WDL6.1.1; .NET CLR 1.1.4322; .NET CLR 2.0.50727)"
24.86.15.83 - - [09/Mar/2009:11:46:09 -0400] "GET /gifs/boobies.gif HTTP/1.1" 200 11144 "http://www.toastpoint.com/limerick/naut199.html" "Mozilla/4.0 (compatible; MSIE 7.0; Windows NT 6.0; GTB5; SLCC1; .NET CLR 2.0.50727; Media Center PC 5.0; .NET CLR 3.5.30729; .NET CLR 3.0.30618)"
24.86.15.83 - - [09/Mar/2009:11:46:09 -0400] "GET /limerick/naut199.html HTTP/1.1" 200 34481 "http://www.google.ca/search?hl=en&q=naughty+limericks&meta=" "Mozilla/4.0 (compatible; MSIE 7.0; Windows NT 6.0; GTB5; SLCC1; .NET CLR 2.0.50727; Media Center PC 5.0; .NET CLR 3.5.30729; .NET CLR 3.0.30618)"
24.86.15.83 - - [09/Mar/2009:11:46:09 -0400] "GET /gifs/nakedman.gif HTTP/1.1" 200 7734 "http://www.toastpoint.com/limerick/naut199.html" "Mozilla/4.0 (compatible; MSIE 7.0; Windows NT 6.0; GTB5; SLCC1; .NET CLR 2.0.50727; Media Center PC 5.0; .NET CLR 3.5.30729; .NET CLR 3.0.30618)"
24.86.15.83 - - [09/Mar/2009:11:46:09 -0400] "GET /gifs/goldstar.jpg HTTP/1.1" 200 1854 "http://www.toastpoint.com/limerick/naut199.html" "Mozilla/4.0 (compatible; MSIE 7.0; Windows NT 6.0; GTB5; SLCC1; .NET CLR 2.0.50727; Media Center PC 5.0; .NET CLR 3.5.30729; .NET CLR 3.0.30618)"
24.86.15.83 - - [09/Mar/2009:11:46:10 -0400] "GET /favicon.ico HTTP/1.1" 404 693 "-" "Mozilla/4.0 (compatible; MSIE 7.0; Windows NT 6.0; GTB5; SLCC1; .NET CLR 2.0.50727; Media Center PC 5.0; .NET CLR 3.5.30729; .NET CLR 3.0.30618)"
66.249.65.231 - - [09/Mar/2009:11:48:28 -0400] "GET /limerick/1996/lim1996.html HTTP/1.1" 200 2072 "-" "DoCoMo/2.0 N905i(c100;TB;W24H16) (compatible; Googlebot-Mobile/2.1; +http://www.google.com/bot.html)"
83.167.62.171 - - [09/Mar/2009:11:54:40 -0400] "GET /limerick/haiku/haiku.html HTTP/1.1" 404 693 "-" "Mozilla/5.0 (compatible; Exabot/3.0; +http://www.exabot.com/go/robot)"
24.86.15.83 - - [09/Mar/2009:12:01:51 -0400] "GET /limerick/1995/nautaug.html HTTP/1.1" 200 7940 "http://www.google.ca/search?hl=en&q=naughty+snow+limericks&btnG=Search&meta=" "Mozilla/4.0 (compatible; MSIE 7.0; Windows NT 6.0; GTB5; SLCC1; .NET CLR 2.0.50727; Media Center PC 5.0; .NET CLR 3.5.30729; .NET CLR 3.0.30618)"
72.30.142.226 - - [09/Mar/2009:12:34:57 -0400] "GET /robots.txt HTTP/1.0" 404 693 "-" "Mozilla/5.0 (compatible; Yahoo! Slurp; http://help.yahoo.com/help/us/ysearch/slurp)"
72.30.142.226 - - [09/Mar/2009:12:35:03 -0400] "GET /limerick/docs/ HTTP/1.0" 403 563 "-" "Mozilla/5.0 (compatible; Yahoo! Slurp/3.0; http://help.yahoo.com/help/us/ysearch/slurp)"
207.235.214.205 - - [09/Mar/2009:12:37:25 -0400] "GET /limerick/naut199.html HTTP/1.0" 200 34481 "http://www.google.com/search?hl=en&safe=off&rls=DNUS,DNUS:2008-08,DNUS:en&q=naughty+limericks&revid=379250184&ei=lES1Scr0J4e1-QaYiI2UAw&sa=X&oi=revisions_inline&resnum=1&ct=broad-revision&cd=5" "Mozilla/4.0 (compatible; MSIE 6.0; Windows NT 5.1; SV1; .NET CLR 1.1.4322)"
207.235.214.205 - - [09/Mar/2009:12:37:25 -0400] "GET /gifs/nakedman.gif HTTP/1.0" 200 7734 "http://www.toastpoint.com/limerick/naut199.html" "Mozilla/4.0 (compatible; MSIE 6.0; Windows NT 5.1; SV1; .NET CLR 1.1.4322)"
207.235.214.205 - - [09/Mar/2009:12:37:25 -0400] "GET /gifs/goldstar.jpg HTTP/1.0" 200 1854 "http://www.toastpoint.com/limerick/naut199.html" "Mozilla/4.0 (compatible; MSIE 6.0; Windows NT 5.1; SV1; .NET CLR 1.1.4322)"
207.235.214.205 - - [09/Mar/2009:12:37:25 -0400] "GET /gifs/boobies.gif HTTP/1.0" 200 11144 "http://www.toastpoint.com/limerick/naut199.html" "Mozilla/4.0 (compatible; MSIE 6.0; Windows NT 5.1; SV1; .NET CLR 1.1.4322)"
207.235.214.205 - - [09/Mar/2009:12:37:26 -0400] "GET /favicon.ico HTTP/1.0" 404 693 "-" "Mozilla/5.0 (compatible; Google Desktop)"
208.111.154.29 - - [09/Mar/2009:12:42:55 -0400] "GET /limerick/1998/naut998.html HTTP/1.1" 304 - "-" "Mozilla/5.0 (compatible; Charlotte/1.1; http://www.searchme.com/support/)"
24.86.15.83 - - [09/Mar/2009:12:45:40 -0400] "GET /limerick/1995/nautnov.html HTTP/1.1" 200 13933 "http://www.canadaspace.com/bnkg.php?q=Naughty+Limericks" "Mozilla/4.0 (compatible; MSIE 7.0; Windows NT 6.0; GTB5; SLCC1; .NET CLR 2.0.50727; Media Center PC 5.0; .NET CLR 3.5.30729; .NET CLR 3.0.30618)"
24.86.15.83 - - [09/Mar/2009:12:56:11 -0400] "GET /limerick/1995/nautoct.html HTTP/1.1" 200 12561 "http://www.toastpoint.com/limerick/1995/nautnov.html" "Mozilla/4.0 (compatible; MSIE 7.0; Windows NT 6.0; GTB5; SLCC1; .NET CLR 2.0.50727; Media Center PC 5.0; .NET CLR 3.5.30729; .NET CLR 3.0.30618)"
208.111.154.15 - - [09/Mar/2009:12:56:20 -0400] "GET /robots.txt HTTP/1.1" 404 693 "-" "Mozilla/5.0 (compatible; Charlotte/1.1; http://www.searchme.com/support/)"
208.111.154.15 - - [09/Mar/2009:12:56:38 -0400] "GET /limerick/1997/nice1197.html HTTP/1.1" 304 - "-" "Mozilla/5.0 (compatible; Charlotte/1.1; http://www.searchme.com/support/)"
24.86.15.83 - - [09/Mar/2009:13:00:09 -0400] "GET /limerick/1995/nautsept.html HTTP/1.1" 200 7977 "http://www.toastpoint.com/limerick/1995/nautoct.html" "Mozilla/4.0 (compatible; MSIE 7.0; Windows NT 6.0; GTB5; SLCC1; .NET CLR 2.0.50727; Media Center PC 5.0; .NET CLR 3.5.30729; .NET CLR 3.0.30618)"
193.252.149.16 - - [09/Mar/2009:13:07:08 -0400] "GET /limerick/?N=A HTTP/1.1" 403 563 "-" "Mozilla/5.0 (Windows; U; Windows NT 5.1; fr; rv:1.8.1) VoilaBot BETA 1.2 (support.voilabot@orange-ftgroup.com)"
193.252.149.15 - - [09/Mar/2009:13:11:09 -0400] "GET /haiku/haiku199.html HTTP/1.1" 200 34287 "-" "Mozilla/5.0 (Windows; U; Windows NT 5.1; fr; rv:1.8.1) VoilaBot BETA 1.2 (support.voilabot@orange-ftgroup.com)"
64.1.215.164 - - [09/Mar/2009:13:15:56 -0400] "GET /robots.txt HTTP/1.0" 404 693 "-" "Mozilla/5.0 (Twiceler-0.9 http://www.cuil.com/twiceler/robot.html)"
83.220.193.201 - - [09/Mar/2009:13:23:17 -0400] "GET /limerick/nice299.html HTTP/1.1" 200 28130 "-" "Mozilla/4.0 (compatible; MSIE 7.0; Windows NT 5.1; .NET CLR 1.1.4322)"
83.220.193.201 - - [09/Mar/2009:13:23:17 -0400] "GET /gifs/birdumb2.gif HTTP/1.1" 200 4698 "http://www.toastpoint.com/limerick/nice299.html" "Mozilla/4.0 (compatible; MSIE 7.0; Windows NT 5.1; .NET CLR 1.1.4322)"
83.220.193.201 - - [09/Mar/2009:13:23:18 -0400] "GET /gifs/birdumb.gif HTTP/1.1" 200 4704 "http://www.toastpoint.com/limerick/nice299.html" "Mozilla/4.0 (compatible; MSIE 7.0; Windows NT 5.1; .NET CLR 1.1.4322)"
83.220.193.201 - - [09/Mar/2009:13:23:18 -0400] "GET /gifs/goldstar.jpg HTTP/1.1" 200 1854 "http://www.toastpoint.com/limerick/nice299.html" "Mozilla/4.0 (compatible; MSIE 7.0; Windows NT 5.1; .NET CLR 1.1.4322)"
83.220.193.201 - - [09/Mar/2009:13:23:18 -0400] "GET /favicon.ico HTTP/1.1" 404 693 "-" "Mozilla/4.0 (compatible; MSIE 7.0; Windows NT 5.1; .NET CLR 1.1.4322)"
193.252.149.16 - - [09/Mar/2009:13:37:57 -0400] "GET /limerick/?M=A HTTP/1.1" 403 563 "-" "Mozilla/5.0 (Windows; U; Windows NT 5.1; fr; rv:1.8.1) VoilaBot BETA 1.2 (support.voilabot@orange-ftgroup.com)"
83.167.62.171 - - [09/Mar/2009:13:39:03 -0400] "GET /haiku/wumpus.html HTTP/1.1" 404 693 "-" "Mozilla/5.0 (compatible; Exabot/3.0; +http://www.exabot.com/go/robot)"
74.6.30.119 - - [09/Mar/2009:13:40:00 -0400] "GET /haiku/haiku.html HTTP/1.0" 200 2147 "-" "Mozilla/5.0 (compatible; Yahoo! DE Slurp; http://help.yahoo.com/help/us/ysearch/slurp)"
208.36.144.8 - - [09/Mar/2009:14:12:32 -0400] "GET /robots.txt HTTP/1.0" 404 693 "-" "Mozilla/5.0 (Twiceler-0.9 http://www.cuil.com/twiceler/robot.html)"
83.167.62.171 - - [09/Mar/2009:15:43:29 -0400] "GET /limerick/nice196.html HTTP/1.1" 404 693 "-" "Mozilla/5.0 (compatible; Exabot/3.0; +http://www.exabot.com/go/robot)"
165.234.100.67 - - [09/Mar/2009:16:32:42 -0400] "GET /gifs/japan.gif HTTP/1.1" 200 5737 "http://www.toastpoint.com/haiku/haiku299.html" "Mozilla/4.0 (compatible; MSIE 7.0; Windows NT 5.1; FunWebProducts; GTB5; .NET CLR 1.1.4322; InfoPath.2)"
165.234.100.67 - - [09/Mar/2009:16:32:41 -0400] "GET /haiku/haiku299.html HTTP/1.1" 200 68017 "-" "Mozilla/4.0 (compatible; MSIE 7.0; Windows NT 5.1; FunWebProducts; GTB5; .NET CLR 1.1.4322; InfoPath.2)"
165.234.100.67 - - [09/Mar/2009:16:32:42 -0400] "GET /gifs/goldstar.jpg HTTP/1.1" 200 1854 "http://www.toastpoint.com/haiku/haiku299.html" "Mozilla/4.0 (compatible; MSIE 7.0; Windows NT 5.1; FunWebProducts; GTB5; .NET CLR 1.1.4322; InfoPath.2)"
165.234.100.67 - - [09/Mar/2009:16:32:42 -0400] "GET /gifs/blank.jpg HTTP/1.1" 200 705 "http://www.toastpoint.com/haiku/haiku299.html" "Mozilla/4.0 (compatible; MSIE 7.0; Windows NT 5.1; FunWebProducts; GTB5; .NET CLR 1.1.4322; InfoPath.2)"
165.234.100.67 - - [09/Mar/2009:16:32:43 -0400] "GET /favicon.ico HTTP/1.1" 404 693 "-" "Mozilla/4.0 (compatible; MSIE 7.0; Windows NT 5.1; FunWebProducts; GTB5; .NET CLR 1.1.4322; InfoPath.2)"
81.52.143.36 - - [09/Mar/2009:16:40:32 -0400] "GET /haiku/?D=A HTTP/1.1" 403 563 "-" "Mozilla/5.0 (Windows; U; Windows NT 5.1; fr; rv:1.8.1) VoilaBot BETA 1.2 (support.voilabot@orange-ftgroup.com)"
68.55.140.33 - - [09/Mar/2009:16:47:04 -0400] "GET /limerick/naut199.html HTTP/1.1" 200 34481 "http://www.google.com/search?q=naughty+limericks&sourceid=ie7&rls=com.microsoft:en-US&ie=utf8&oe=utf8&rlz=1I7DKUS_en" "Mozilla/4.0 (compatible; MSIE 7.0; Windows NT 5.1; GTB5; .NET CLR 1.1.4322; .NET CLR 2.0.50727; .NET CLR 3.0.04506.30; MySpace;; MySpace;)"
68.55.140.33 - - [09/Mar/2009:16:47:04 -0400] "GET /gifs/boobies.gif HTTP/1.1" 200 11144 "http://www.toastpoint.com/limerick/naut199.html" "Mozilla/4.0 (compatible; MSIE 7.0; Windows NT 5.1; GTB5; .NET CLR 1.1.4322; .NET CLR 2.0.50727; .NET CLR 3.0.04506.30; MySpace;; MySpace;)"
68.55.140.33 - - [09/Mar/2009:16:47:04 -0400] "GET /gifs/nakedman.gif HTTP/1.1" 200 7734 "http://www.toastpoint.com/limerick/naut199.html" "Mozilla/4.0 (compatible; MSIE 7.0; Windows NT 5.1; GTB5; .NET CLR 1.1.4322; .NET CLR 2.0.50727; .NET CLR 3.0.04506.30; MySpace;; MySpace;)"
68.55.140.33 - - [09/Mar/2009:16:47:04 -0400] "GET /gifs/goldstar.jpg HTTP/1.1" 200 1854 "http://www.toastpoint.com/limerick/naut199.html" "Mozilla/4.0 (compatible; MSIE 7.0; Windows NT 5.1; GTB5; .NET CLR 1.1.4322; .NET CLR 2.0.50727; .NET CLR 3.0.04506.30; MySpace;; MySpace;)"
68.55.140.33 - - [09/Mar/2009:16:47:05 -0400] "GET /favicon.ico HTTP/1.1" 404 693 "-" "Mozilla/4.0 (compatible; MSIE 7.0; Windows NT 5.1; GTB5; .NET CLR 1.1.4322; .NET CLR 2.0.50727; .NET CLR 3.0.04506.30; MySpace;; MySpace;)"
68.55.140.33 - - [09/Mar/2009:16:47:05 -0400] "GET /favicon.ico HTTP/1.1" 404 693 "-" "Mozilla/5.0 (compatible; Google Desktop)"
83.167.62.173 - - [09/Mar/2009:16:52:15 -0400] "GET /robots.txt HTTP/1.1" 404 693 "-" "Mozilla/5.0 (compatible; Exabot/3.0; +http://www.exabot.com/go/robot)"
83.167.62.173 - - [09/Mar/2009:16:52:16 -0400] "GET /limerick/limerick.html HTTP/1.1" 200 2613 "-" "Mozilla/5.0 (compatible; Exabot/3.0; +http://www.exabot.com/go/robot)"
193.252.149.16 - - [09/Mar/2009:16:55:52 -0400] "GET /robots.txt HTTP/1.1" 404 693 "-" "Mozilla/5.0 (Windows; U; Windows NT 5.1; fr; rv:1.8.1) VoilaBot BETA 1.2 (support.voilabot@orange-ftgroup.com)"
193.252.149.16 - - [09/Mar/2009:16:56:00 -0400] "GET /limerick/limerick.html HTTP/1.1" 200 2613 "-" "Mozilla/5.0 (Windows; U; Windows NT 5.1; fr; rv:1.8.1) VoilaBot BETA 1.2 (support.voilabot@orange-ftgroup.com)"
81.52.143.36 - - [09/Mar/2009:17:02:20 -0400] "GET /limerick/ HTTP/1.1" 403 563 "-" "Mozilla/5.0 (Windows; U; Windows NT 5.1; fr; rv:1.8.1) VoilaBot BETA 1.2 (support.voilabot@orange-ftgroup.com)"
208.111.154.15 - - [09/Mar/2009:17:19:59 -0400] "GET /robots.txt HTTP/1.1" 404 693 "-" "Mozilla/5.0 (compatible; Charlotte/1.1; http://www.searchme.com/support/)"
208.111.154.15 - - [09/Mar/2009:17:20:04 -0400] "GET /limerick/1997/naut597.html HTTP/1.1" 304 - "-" "Mozilla/5.0 (compatible; Charlotte/1.1; http://www.searchme.com/support/)"
83.167.62.171 - - [09/Mar/2009:17:55:01 -0400] "GET /haiku/1998/haiku498.html HTTP/1.1" 200 33616 "-" "Mozilla/5.0 (compatible; Exabot/3.0; +http://www.exabot.com/go/robot)"
72.30.142.226 - - [09/Mar/2009:18:03:33 -0400] "GET /robots.txt HTTP/1.0" 404 693 "-" "Mozilla/5.0 (compatible; Yahoo! Slurp; http://help.yahoo.com/help/us/ysearch/slurp)"
83.167.62.171 - - [09/Mar/2009:18:11:21 -0400] "GET /haiku/1998/haik1198.html HTTP/1.1" 200 36876 "-" "Mozilla/5.0 (compatible; Exabot/3.0; +http://www.exabot.com/go/robot)"
12.49.94.253 - - [09/Mar/2009:18:13:34 -0400] "GET /limerick/limerick.html HTTP/1.1" 200 2613 "http://www.google.com/search?hl=en&q=limerick+contest&aq=f&oq=" "Mozilla/4.0 (compatible; MSIE 7.0; Windows NT 5.1; InfoPath.1)"
12.49.94.253 - - [09/Mar/2009:18:13:34 -0400] "GET /gifs/birdumb2.gif HTTP/1.1" 200 4698 "http://www.toastpoint.com/limerick/limerick.html" "Mozilla/4.0 (compatible; MSIE 7.0; Windows NT 5.1; InfoPath.1)"
12.49.94.253 - - [09/Mar/2009:18:13:34 -0400] "GET /gifs/woman.gif HTTP/1.1" 200 9657 "http://www.toastpoint.com/limerick/limerick.html" "Mozilla/4.0 (compatible; MSIE 7.0; Windows NT 5.1; InfoPath.1)"
12.49.94.253 - - [09/Mar/2009:18:13:35 -0400] "GET /favicon.ico HTTP/1.1" 404 693 "-" "Mozilla/4.0 (compatible; MSIE 7.0; Windows NT 5.1; InfoPath.1)"
24.185.47.39 - - [09/Mar/2009:18:14:54 -0400] "GET /rapture/rapture.html HTTP/1.1" 200 22564 "http://images.ask.com/fr?q=jury&desturi=http%3A%2F%2Fwww.toastpoint.com%2Frapture%2Frapture.html&fm=i&ac=3&ftURI=http%3A%2F%2Fimages.ask.com%2Ffr%3Fq%3Djury%26desturi%3Dhttp%253A%252F%252Fwww.toastpoint.com%252Frapture%252Frapture.html%26imagesrc%3Dhttp%253A%252F%252Fwww.toastpoint.com%252Frapture%252Ftbj-jury.gif%26thumbsrc%3Dhttp%253A%252F%252F66.235.120.64%252Fts%253Ft%253D2656937575207208691%2526pid%253D23296%2526ppid%253D6%26o%3D0%26l%3Ddir%26initialURL%3Dhttp%253A%252F%252Fimages.ask.com%252Fpictures%253Fqsrc%253D%2526o%253D0%2526l%253Ddir%2526q%253Djury%2526search%253D%26thumbuselocalisedstatic%3Dfalse%26fn%3Dtbj-jury.gif%26imagewidth%3D250%26imageheight%3D212%26fs%3D3%26ft%3Dgif%26f%3D2%26fm%3Di%26ftbURI%3Dhttp%253A%252F%252Fimages.ask.com%252Fpictures%253Fq%253Djury%2526page%253D1%2526o%253D0%2526l%253Ddir%2526pstart%253D0&qt=0" "Mozilla/4.0 (compatible; MSIE 6.0; Windows NT 5.1; SV1; .NET CLR 2.0.50727; .NET CLR 1.1.4322)"
24.185.47.39 - - [09/Mar/2009:18:14:54 -0400] "GET /rapture/pirates.gif HTTP/1.1" 200 4045 "http://www.toastpoint.com/rapture/rapture.html" "Mozilla/4.0 (compatible; MSIE 6.0; Windows NT 5.1; SV1; .NET CLR 2.0.50727; .NET CLR 1.1.4322)"
24.185.47.39 - - [09/Mar/2009:18:14:54 -0400] "GET /rapture/sor-well.gif HTTP/1.1" 200 2583 "http://www.toastpoint.com/rapture/rapture.html" "Mozilla/4.0 (compatible; MSIE 6.0; Windows NT 5.1; SV1; .NET CLR 2.0.50727; .NET CLR 1.1.4322)"
24.185.47.39 - - [09/Mar/2009:18:14:54 -0400] "GET /rapture/hms-dick.gif HTTP/1.1" 200 3100 "http://www.toastpoint.com/rapture/rapture.html" "Mozilla/4.0 (compatible; MSIE 6.0; Windows NT 5.1; SV1; .NET CLR 2.0.50727; .NET CLR 1.1.4322)"
24.185.47.39 - - [09/Mar/2009:18:14:54 -0400] "GET /rapture/tbj-jury.gif HTTP/1.1" 200 3904 "http://www.toastpoint.com/rapture/rapture.html" "Mozilla/4.0 (compatible; MSIE 6.0; Windows NT 5.1; SV1; .NET CLR 2.0.50727; .NET CLR 1.1.4322)"
24.185.47.39 - - [09/Mar/2009:18:14:54 -0400] "GET /rapture/bunthorne.gif HTTP/1.1" 200 3137 "http://www.toastpoint.com/rapture/rapture.html" "Mozilla/4.0 (compatible; MSIE 6.0; Windows NT 5.1; SV1; .NET CLR 2.0.50727; .NET CLR 1.1.4322)"
24.185.47.39 - - [09/Mar/2009:18:14:54 -0400] "GET /rapture/mik-lips.gif HTTP/1.1" 200 3352 "http://www.toastpoint.com/rapture/rapture.html" "Mozilla/4.0 (compatible; MSIE 6.0; Windows NT 5.1; SV1; .NET CLR 2.0.50727; .NET CLR 1.1.4322)"
24.185.47.39 - - [09/Mar/2009:18:14:54 -0400] "GET /rapture/iolanthe.gif HTTP/1.1" 200 2814 "http://www.toastpoint.com/rapture/rapture.html" "Mozilla/4.0 (compatible; MSIE 6.0; Windows NT 5.1; SV1; .NET CLR 2.0.50727; .NET CLR 1.1.4322)"
24.185.47.39 - - [09/Mar/2009:18:14:54 -0400] "GET /rapture/ida-monk.gif HTTP/1.1" 200 3753 "http://www.toastpoint.com/rapture/rapture.html" "Mozilla/4.0 (compatible; MSIE 6.0; Windows NT 5.1; SV1; .NET CLR 2.0.50727; .NET CLR 1.1.4322)"
24.185.47.39 - - [09/Mar/2009:18:14:54 -0400] "GET /rapture/rud-spec.gif HTTP/1.1" 200 2489 "http://www.toastpoint.com/rapture/rapture.html" "Mozilla/4.0 (compatible; MSIE 6.0; Windows NT 5.1; SV1; .NET CLR 2.0.50727; .NET CLR 1.1.4322)"
24.185.47.39 - - [09/Mar/2009:18:14:54 -0400] "GET /rapture/yeo-song.gif HTTP/1.1" 200 2781 "http://www.toastpoint.com/rapture/rapture.html" "Mozilla/4.0 (compatible; MSIE 6.0; Windows NT 5.1; SV1; .NET CLR 2.0.50727; .NET CLR 1.1.4322)"
24.185.47.39 - - [09/Mar/2009:18:14:54 -0400] "GET /rapture/gon-baby.gif HTTP/1.1" 200 2847 "http://www.toastpoint.com/rapture/rapture.html" "Mozilla/4.0 (compatible; MSIE 6.0; Windows NT 5.1; SV1; .NET CLR 2.0.50727; .NET CLR 1.1.4322)"
24.185.47.39 - - [09/Mar/2009:18:14:54 -0400] "GET /rapture/uto-look.gif HTTP/1.1" 200 3823 "http://www.toastpoint.com/rapture/rapture.html" "Mozilla/4.0 (compatible; MSIE 6.0; Windows NT 5.1; SV1; .NET CLR 2.0.50727; .NET CLR 1.1.4322)"
66.249.65.233 - - [09/Mar/2009:18:23:07 -0400] "GET /limerick/1998/lim1998.html HTTP/1.1" 200 2041 "-" "Mozilla/5.0 (compatible; Googlebot/2.1; +http://www.google.com/bot.html)"
83.167.62.171 - - [09/Mar/2009:18:42:14 -0400] "GET /haiku/1995/1995.html HTTP/1.1" 200 951 "-" "Mozilla/5.0 (compatible; Exabot/3.0; +http://www.exabot.com/go/robot)"
71.198.172.151 - - [09/Mar/2009:18:57:02 -0400] "GET /gifs/birdumb2.gif HTTP/1.1" 200 4698 "http://www.toastpoint.com/limerick/nice299.html" "Mozilla/5.0 (Windows; U; Windows NT 5.1; en-US; rv:1.9.0.7) Gecko/2009021910 Firefox/3.0.7 (.NET CLR 3.5.30729)"
71.198.172.151 - - [09/Mar/2009:18:57:02 -0400] "GET /gifs/goldstar.jpg HTTP/1.1" 200 1854 "http://www.toastpoint.com/limerick/nice299.html" "Mozilla/5.0 (Windows; U; Windows NT 5.1; en-US; rv:1.9.0.7) Gecko/2009021910 Firefox/3.0.7 (.NET CLR 3.5.30729)"
71.198.172.151 - - [09/Mar/2009:18:57:02 -0400] "GET /gifs/birdumb.gif HTTP/1.1" 200 4704 "http://www.toastpoint.com/limerick/nice299.html" "Mozilla/5.0 (Windows; U; Windows NT 5.1; en-US; rv:1.9.0.7) Gecko/2009021910 Firefox/3.0.7 (.NET CLR 3.5.30729)"
71.198.172.151 - - [09/Mar/2009:18:57:02 -0400] "GET /limerick/nice299.html HTTP/1.1" 200 28130 "http://www.google.com/search?hl=en&client=firefox-a&channel=s&rls=org.mozilla%3Aen-US%3Aofficial&hs=H1T&q=%22a+girl+with+one+leg%22+and+a+heart+of+gold&btnG=Search" "Mozilla/5.0 (Windows; U; Windows NT 5.1; en-US; rv:1.9.0.7) Gecko/2009021910 Firefox/3.0.7 (.NET CLR 3.5.30729)"
71.198.172.151 - - [09/Mar/2009:18:57:03 -0400] "GET /favicon.ico HTTP/1.1" 404 693 "-" "Mozilla/5.0 (Windows; U; Windows NT 5.1; en-US; rv:1.9.0.7) Gecko/2009021910 Firefox/3.0.7 (.NET CLR 3.5.30729)"
71.198.172.151 - - [09/Mar/2009:18:57:06 -0400] "GET /favicon.ico HTTP/1.1" 404 693 "-" "Mozilla/5.0 (Windows; U; Windows NT 5.1; en-US; rv:1.9.0.7) Gecko/2009021910 Firefox/3.0.7 (.NET CLR 3.5.30729)"
173.24.169.128 - - [09/Mar/2009:19:06:17 -0400] "GET /limerick/docs/formhint.html HTTP/1.1" 200 2522 "http://www.google.com/search?hl=en&q=limericks+8-8-5-5-8&aq=f&oq=" "Mozilla/4.0 (compatible; MSIE 6.0; Windows NT 5.1; SV1; .NET CLR 1.1.4322; .NET CLR 2.0.50727; InfoPath.2)"
173.24.169.128 - - [09/Mar/2009:19:06:17 -0400] "GET /limerick/gifs/goldstar.jpg HTTP/1.1" 404 693 "http://www.toastpoint.com/limerick/docs/formhint.html" "Mozilla/4.0 (compatible; MSIE 6.0; Windows NT 5.1; SV1; .NET CLR 1.1.4322; .NET CLR 2.0.50727; InfoPath.2)"
208.111.154.16 - - [09/Mar/2009:19:07:28 -0400] "GET /robots.txt HTTP/1.1" 404 693 "-" "Mozilla/5.0 (compatible; Charlotte/1.1; http://www.searchme.com/support/)"
208.111.154.16 - - [09/Mar/2009:19:07:28 -0400] "GET /limerick/nice499.html HTTP/1.1" 200 24193 "-" "Mozilla/5.0 (compatible; Charlotte/1.1; http://www.searchme.com/support/)"
198.49.31.133 - - [09/Mar/2009:19:22:48 -0400] "GET /gifs/japan.gif HTTP/1.1" 200 5737 "http://www.toastpoint.com/haiku/haiku399.html" "Mozilla/4.0 (compatible; MSIE 7.0; Windows NT 5.1; .NET CLR 1.1.4322; .NET CLR 2.0.50727; .NET CLR 3.0.04506.30; .NET CLR 3.0.04506.648; .NET CLR 3.0.4506.2152; .NET CLR 3.5.30729)"
198.49.31.133 - - [09/Mar/2009:19:22:48 -0400] "GET /gifs/goldstar.jpg HTTP/1.1" 200 1854 "http://www.toastpoint.com/haiku/haiku399.html" "Mozilla/4.0 (compatible; MSIE 7.0; Windows NT 5.1; .NET CLR 1.1.4322; .NET CLR 2.0.50727; .NET CLR 3.0.04506.30; .NET CLR 3.0.04506.648; .NET CLR 3.0.4506.2152; .NET CLR 3.5.30729)"
198.49.31.133 - - [09/Mar/2009:19:22:48 -0400] "GET /gifs/blank.jpg HTTP/1.1" 200 705 "http://www.toastpoint.com/haiku/haiku399.html" "Mozilla/4.0 (compatible; MSIE 7.0; Windows NT 5.1; .NET CLR 1.1.4322; .NET CLR 2.0.50727; .NET CLR 3.0.04506.30; .NET CLR 3.0.04506.648; .NET CLR 3.0.4506.2152; .NET CLR 3.5.30729)"
198.49.31.133 - - [09/Mar/2009:19:22:47 -0400] "GET /haiku/haiku399.html HTTP/1.1" 200 75208 "http://www.google.com/search?hl=en&q=about+sean+the+poet+who+writes+nature+haiku" "Mozilla/4.0 (compatible; MSIE 7.0; Windows NT 5.1; .NET CLR 1.1.4322; .NET CLR 2.0.50727; .NET CLR 3.0.04506.30; .NET CLR 3.0.04506.648; .NET CLR 3.0.4506.2152; .NET CLR 3.5.30729)"
198.49.31.133 - - [09/Mar/2009:19:22:48 -0400] "GET /favicon.ico HTTP/1.1" 404 693 "-" "Mozilla/4.0 (compatible; MSIE 7.0; Windows NT 5.1; .NET CLR 1.1.4322; .NET CLR 2.0.50727; .NET CLR 3.0.04506.30; .NET CLR 3.0.04506.648; .NET CLR 3.0.4506.2152; .NET CLR 3.5.30729)"
206.239.181.8 - - [09/Mar/2009:19:37:11 -0400] "GET /rapture/sor-well.gif HTTP/1.1" 200 2583 "http://www.toastpoint.com/rapture/rapture.html" "Mozilla/4.0 (compatible; MSIE 7.0; Windows NT 6.0; GTB5; SLCC1; .NET CLR 2.0.50727; Media Center PC 5.0; .NET CLR 3.0.04506)"
