193.252.149.15 - - [18/Dec/2008:00:01:00 -0500] "GET /limerick/1998/nice398.html HTTP/1.1" 200 36584 "-" "Mozilla/5.0 (Windows; U; Windows NT 5.1; fr; rv:1.8.1) VoilaBot BETA 1.2 (support.voilabot@orange-ftgroup.com)"
65.55.210.6 - - [18/Dec/2008:00:19:33 -0500] "GET /robots.txt HTTP/1.1" 404 693 "-" "msnbot/1.1 (+http://search.msn.com/msnbot.htm)"
65.55.210.6 - - [18/Dec/2008:00:19:34 -0500] "GET /limerick/ HTTP/1.1" 403 563 "-" "msnbot/1.1 (+http://search.msn.com/msnbot.htm)"
81.52.143.16 - - [18/Dec/2008:00:32:55 -0500] "GET /limerick/1996/nice396.html HTTP/1.1" 200 5682 "-" "Mozilla/5.0 (Windows; U; Windows NT 5.1; fr; rv:1.8.1) VoilaBot BETA 1.2 (support.voilabot@orange-ftgroup.com)"
66.235.124.8 - - [18/Dec/2008:00:50:30 -0500] "GET /fiction/fict9596/fict996.html HTTP/1.1" 200 40085 "-" "Mozilla/5.0 (compatible; Ask Jeeves/Teoma; +http://about.ask.com/en/docs/about/webmasters.shtml)"
208.111.154.15 - - [18/Dec/2008:00:57:18 -0500] "GET /robots.txt HTTP/1.0" 404 693 "-" "Mozilla/5.0 (compatible; Charlotte/1.1; http://www.searchme.com/support/)"
64.1.215.164 - - [18/Dec/2008:01:19:40 -0500] "GET /limerick/nautfrm.html HTTP/1.0" 200 548 "-" "Mozilla/5.0 (Twiceler-0.9 http://www.cuil.com/twiceler/robot.html)"
208.111.154.15 - - [18/Dec/2008:01:21:20 -0500] "GET /robots.txt HTTP/1.0" 404 693 "-" "Mozilla/5.0 (compatible; Charlotte/1.1; http://www.searchme.com/support/)"
208.111.154.16 - - [18/Dec/2008:01:21:41 -0500] "GET / HTTP/1.1" 200 464 "-" "Mozilla/5.0 (compatible; Charlotte/1.1; http://www.searchme.com/support/)"
221.191.52.25 - - [18/Dec/2008:01:23:45 -0500] "GET /haiku/haiku.html HTTP/1.1" 200 2147 "http://www.toastpoint.com/haiku/haiku.html" "Website Explorer/0.9.9.9"
66.249.65.232 - - [18/Dec/2008:01:25:19 -0500] "GET /limerick/1997/naut697.html HTTP/1.1" 200 24732 "-" "Nokia6820/2.0 (4.83) Profile/MIDP-1.0 Configuration/CLDC-1.0 (compatible; Googlebot-Mobile/2.1; +http://www.google.com/bot.html)"
74.71.109.223 - - [18/Dec/2008:02:00:23 -0500] "GET /limerick/1997/naut397.html HTTP/1.1" 200 21435 "-" "Mozilla/4.0 (compatible; MSIE 6.0; Windows NT 5.1; SV1; FunWebProducts; .NET CLR 1.1.4322)"
74.71.109.223 - - [18/Dec/2008:02:00:23 -0500] "GET /gifs/mouthf1.jpg HTTP/1.1" 200 3650 "http://www.toastpoint.com/limerick/1997/naut397.html" "Mozilla/4.0 (compatible; MSIE 6.0; Windows NT 5.1; SV1; FunWebProducts; .NET CLR 1.1.4322)"
74.71.109.223 - - [18/Dec/2008:02:00:23 -0500] "GET /gifs/banana.jpg HTTP/1.1" 200 4139 "http://www.toastpoint.com/limerick/1997/naut397.html" "Mozilla/4.0 (compatible; MSIE 6.0; Windows NT 5.1; SV1; FunWebProducts; .NET CLR 1.1.4322)"
74.71.109.223 - - [18/Dec/2008:02:00:23 -0500] "GET /gifs/goldstar.jpg HTTP/1.1" 200 1854 "http://www.toastpoint.com/limerick/1997/naut397.html" "Mozilla/4.0 (compatible; MSIE 6.0; Windows NT 5.1; SV1; FunWebProducts; .NET CLR 1.1.4322)"
66.235.124.8 - - [18/Dec/2008:02:02:54 -0500] "GET /limerick/1997/naut1097.html HTTP/1.1" 200 35530 "-" "Mozilla/5.0 (compatible; Ask Jeeves/Teoma; +http://about.ask.com/en/docs/about/webmasters.shtml)"
193.252.149.16 - - [18/Dec/2008:02:03:18 -0500] "GET /limerick/limerick.html HTTP/1.1" 200 2613 "-" "Mozilla/5.0 (Windows; U; Windows NT 5.1; fr; rv:1.8.1) VoilaBot BETA 1.2 (support.voilabot@orange-ftgroup.com)"
216.183.81.221 - - [18/Dec/2008:02:25:32 -0500] "GET / HTTP/1.1" 304 - "-" "Wget/1.10.2"
72.171.0.143 - - [18/Dec/2008:02:34:12 -0500] "GET /gifs/boobies.gif HTTP/1.1" 200 11144 "http://images.google.com/images?gbv=2&ndsp=20&hl=en&safe=off&q=boobies+gif&start=160&sa=N" "Mozilla/4.0 (compatible; MSIE 7.0; Windows NT 5.1; GTB5; .NET CLR 1.1.4322; .NET CLR 1.0.3705; .NET CLR 2.0.50727; Google-TR-3)"
81.52.143.15 - - [18/Dec/2008:02:41:22 -0500] "GET /limerick/nice599.html HTTP/1.1" 200 26033 "-" "Mozilla/5.0 (Windows; U; Windows NT 5.1; fr; rv:1.8.1) VoilaBot BETA 1.2 (support.voilabot@orange-ftgroup.com)"
81.52.143.15 - - [18/Dec/2008:02:42:13 -0500] "GET /fiction/fict599.html HTTP/1.1" 200 7512 "-" "Mozilla/5.0 (Windows; U; Windows NT 5.1; fr; rv:1.8.1) VoilaBot BETA 1.2 (support.voilabot@orange-ftgroup.com)"
208.115.111.245 - - [18/Dec/2008:02:47:04 -0500] "GET /limerick/1998/docs/formhint.html HTTP/1.1" 404 693 "-" "Mozilla/5.0 (compatible; DotBot/1.1; http://www.dotnetdotcom.org/, crawler@dotnetdotcom.org)"
208.115.111.245 - - [18/Dec/2008:02:47:05 -0500] "GET /limerick/1998/lim1998.html HTTP/1.1" 200 2041 "-" "Mozilla/5.0 (compatible; DotBot/1.1; http://www.dotnetdotcom.org/, crawler@dotnetdotcom.org)"
208.115.111.245 - - [18/Dec/2008:02:47:06 -0500] "GET /limerick/1998/naut1098.html HTTP/1.1" 200 29294 "-" "Mozilla/5.0 (compatible; DotBot/1.1; http://www.dotnetdotcom.org/, crawler@dotnetdotcom.org)"
208.115.111.245 - - [18/Dec/2008:02:47:08 -0500] "GET /limerick/1998/naut1198.html HTTP/1.1" 200 22126 "-" "Mozilla/5.0 (compatible; DotBot/1.1; http://www.dotnetdotcom.org/, crawler@dotnetdotcom.org)"
208.115.111.245 - - [18/Dec/2008:02:47:08 -0500] "GET /limerick/1998/naut1298.html HTTP/1.1" 200 31614 "-" "Mozilla/5.0 (compatible; DotBot/1.1; http://www.dotnetdotcom.org/, crawler@dotnetdotcom.org)"
208.115.111.245 - - [18/Dec/2008:02:47:10 -0500] "GET /limerick/1998/naut198.html HTTP/1.1" 200 38022 "-" "Mozilla/5.0 (compatible; DotBot/1.1; http://www.dotnetdotcom.org/, crawler@dotnetdotcom.org)"
208.115.111.245 - - [18/Dec/2008:02:47:11 -0500] "GET /limerick/1998/naut298.html HTTP/1.1" 200 48518 "-" "Mozilla/5.0 (compatible; DotBot/1.1; http://www.dotnetdotcom.org/, crawler@dotnetdotcom.org)"
208.115.111.245 - - [18/Dec/2008:02:47:13 -0500] "GET /limerick/1998/naut398.html HTTP/1.1" 200 58324 "-" "Mozilla/5.0 (compatible; DotBot/1.1; http://www.dotnetdotcom.org/, crawler@dotnetdotcom.org)"
208.115.111.245 - - [18/Dec/2008:02:47:14 -0500] "GET /limerick/1998/naut498.html HTTP/1.1" 200 31946 "-" "Mozilla/5.0 (compatible; DotBot/1.1; http://www.dotnetdotcom.org/, crawler@dotnetdotcom.org)"
208.115.111.245 - - [18/Dec/2008:02:47:16 -0500] "GET /limerick/1998/naut598.html HTTP/1.1" 200 63665 "-" "Mozilla/5.0 (compatible; DotBot/1.1; http://www.dotnetdotcom.org/, crawler@dotnetdotcom.org)"
208.111.154.15 - - [18/Dec/2008:02:54:52 -0500] "GET /robots.txt HTTP/1.0" 404 693 "-" "Mozilla/5.0 (compatible; Charlotte/1.1; http://www.searchme.com/support/)"
81.52.143.16 - - [18/Dec/2008:02:55:08 -0500] "GET /limerick/1998/nice698.html HTTP/1.1" 200 24183 "-" "Mozilla/5.0 (Windows; U; Windows NT 5.1; fr; rv:1.8.1) VoilaBot BETA 1.2 (support.voilabot@orange-ftgroup.com)"
81.52.143.26 - - [18/Dec/2008:03:38:54 -0500] "GET /limerick/nice299.html HTTP/1.1" 200 28130 "-" "Mozilla/5.0 (Windows; U; Windows NT 5.1; fr; rv:1.8.1) VoilaBot BETA 1.2 (support.voilabot@orange-ftgroup.com)"
193.252.149.16 - - [18/Dec/2008:03:58:16 -0500] "GET /fiction/fiction.html HTTP/1.1" 200 2705 "-" "Mozilla/5.0 (Windows; U; Windows NT 5.1; fr; rv:1.8.1) VoilaBot BETA 1.2 (support.voilabot@orange-ftgroup.com)"
64.1.215.164 - - [18/Dec/2008:04:02:02 -0500] "GET /rapture/hogwartssorcerer.txt HTTP/1.0" 200 12877 "-" "Mozilla/5.0 (Twiceler-0.9 http://www.cuil.com/twiceler/robot.html)"
122.55.84.3 - - [18/Dec/2008:04:05:14 -0500] "GET /limerick/naut199.html HTTP/1.1" 200 34481 "http://www.google.com.ph/search?hl=en&q=naughty+limericks&meta=" "Mozilla/4.0 (compatible; MSIE 6.0; Windows NT 5.1; SV1; .NET CLR 1.1.4322)"
122.55.84.3 - - [18/Dec/2008:04:05:16 -0500] "GET /gifs/boobies.gif HTTP/1.1" 200 11144 "http://www.toastpoint.com/limerick/naut199.html" "Mozilla/4.0 (compatible; MSIE 6.0; Windows NT 5.1; SV1; .NET CLR 1.1.4322)"
122.55.84.3 - - [18/Dec/2008:04:05:16 -0500] "GET /gifs/goldstar.jpg HTTP/1.1" 200 1854 "http://www.toastpoint.com/limerick/naut199.html" "Mozilla/4.0 (compatible; MSIE 6.0; Windows NT 5.1; SV1; .NET CLR 1.1.4322)"
122.55.84.3 - - [18/Dec/2008:04:05:16 -0500] "GET /gifs/nakedman.gif HTTP/1.1" 200 7734 "http://www.toastpoint.com/limerick/naut199.html" "Mozilla/4.0 (compatible; MSIE 6.0; Windows NT 5.1; SV1; .NET CLR 1.1.4322)"
66.235.124.8 - - [18/Dec/2008:04:08:15 -0500] "GET /limerick/nice599.html HTTP/1.1" 200 26033 "-" "Mozilla/5.0 (compatible; Ask Jeeves/Teoma; +http://about.ask.com/en/docs/about/webmasters.shtml)"
81.52.143.26 - - [18/Dec/2008:04:14:29 -0500] "GET /limerick/nice499.html HTTP/1.1" 200 24193 "-" "Mozilla/5.0 (Windows; U; Windows NT 5.1; fr; rv:1.8.1) VoilaBot BETA 1.2 (support.voilabot@orange-ftgroup.com)"
208.111.154.16 - - [18/Dec/2008:04:16:42 -0500] "GET /robots.txt HTTP/1.0" 404 693 "-" "Mozilla/5.0 (compatible; Charlotte/1.1; http://www.searchme.com/support/)"
81.52.143.16 - - [18/Dec/2008:04:24:10 -0500] "GET /limerick/1996/nice496.html HTTP/1.1" 200 15372 "-" "Mozilla/5.0 (Windows; U; Windows NT 5.1; fr; rv:1.8.1) VoilaBot BETA 1.2 (support.voilabot@orange-ftgroup.com)"
72.14.199.90 - - [18/Dec/2008:04:30:04 -0500] "GET /haiku/1995/1995.html HTTP/1.1" 200 951 "-" "DoCoMo/2.0 N905i(c100;TB;W24H16) (compatible; Googlebot-Mobile/2.1; +http://www.google.com/bot.html)"
72.14.199.90 - - [18/Dec/2008:04:33:33 -0500] "GET /haiku/1995/haikujul.html HTTP/1.1" 200 2170 "-" "DoCoMo/2.0 N905i(c100;TB;W24H16) (compatible; Googlebot-Mobile/2.1; +http://www.google.com/bot.html)"
208.36.144.6 - - [18/Dec/2008:04:40:29 -0500] "GET /robots.txt HTTP/1.0" 404 693 "-" "Mozilla/5.0 (Twiceler-0.9 http://www.cuil.com/twiceler/robot.html)"
66.235.124.8 - - [18/Dec/2008:04:41:06 -0500] "GET /limerick/1998/nice998.html HTTP/1.1" 200 24712 "-" "Mozilla/5.0 (compatible; Ask Jeeves/Teoma; +http://about.ask.com/en/docs/about/webmasters.shtml)"
72.14.199.90 - - [18/Dec/2008:04:53:46 -0500] "GET /limerick/1997/lim1997.html HTTP/1.1" 200 1925 "-" "DoCoMo/2.0 N905i(c100;TB;W24H16) (compatible; Googlebot-Mobile/2.1; +http://www.google.com/bot.html)"
72.14.199.90 - - [18/Dec/2008:05:08:57 -0500] "GET /limerick/brady/brady1.html HTTP/1.1" 200 4493 "-" "DoCoMo/2.0 N905i(c100;TB;W24H16) (compatible; Googlebot-Mobile/2.1; +http://www.google.com/bot.html)"
72.14.199.90 - - [18/Dec/2008:05:09:55 -0500] "GET /robots.txt HTTP/1.1" 404 693 "-" "DoCoMo/2.0 N905i(c100;TB;W24H16) (compatible; Googlebot-Mobile/2.1; +http://www.google.com/bot.html)"
72.14.199.90 - - [18/Dec/2008:05:09:55 -0500] "GET /limerick/1995/nicenov.html HTTP/1.1" 200 5429 "-" "DoCoMo/2.0 N905i(c100;TB;W24H16) (compatible; Googlebot-Mobile/2.1; +http://www.google.com/bot.html)"
124.115.1.60 - - [18/Dec/2008:05:17:56 -0500] "GET / HTTP/1.1" 200 464 "http://www.toastpoint.com/" "Mozilla/4.0 (compatible; MSIE 6.0; Windows NT 5.1)"
124.115.1.60 - - [18/Dec/2008:05:18:08 -0500] "GET /toastpointtopleft.html HTTP/1.1" 200 162 "http://www.toastpoint.com/toastpointtopleft.html" "Mozilla/4.0 (compatible; MSIE 6.0; Windows NT 5.1)"
124.115.1.60 - - [18/Dec/2008:05:18:09 -0500] "GET /toastpointtoc.html HTTP/1.1" 200 1188 "http://www.toastpoint.com/toastpointtoc.html" "Mozilla/4.0 (compatible; MSIE 6.0; Windows NT 5.1)"
124.115.1.60 - - [18/Dec/2008:05:18:09 -0500] "GET /news.html HTTP/1.1" 200 17706 "http://www.toastpoint.com/news.html" "Mozilla/4.0 (compatible; MSIE 6.0; Windows NT 5.1)"
124.115.1.60 - - [18/Dec/2008:05:18:13 -0500] "GET /toastpointtopright.html HTTP/1.1" 200 151 "http://www.toastpoint.com/toastpointtopright.html" "Mozilla/4.0 (compatible; MSIE 6.0; Windows NT 5.1)"
124.115.1.60 - - [18/Dec/2008:05:18:14 -0500] "GET /tpnews.html HTTP/1.1" 200 8305 "http://www.toastpoint.com/tpnews.html" "Mozilla/4.0 (compatible; MSIE 6.0; Windows NT 5.1)"
74.6.76.45 - - [18/Dec/2008:05:18:35 -0500] "GET /haiku/haiku.html HTTP/1.0" 200 2147 "-" "Mozilla/5.0 (compatible; Yahoo! DE Slurp; http://help.yahoo.com/help/us/ysearch/slurp)"
124.115.10.193 - - [18/Dec/2008:05:22:39 -0500] "GET / HTTP/1.1" 200 464 "http://www.toastpoint.com/" "Mozilla/4.0 (compatible; MSIE 6.0; Windows NT 5.1)"
124.115.10.193 - - [18/Dec/2008:05:22:53 -0500] "GET /toastpointtopleft.html HTTP/1.1" 200 162 "http://www.toastpoint.com/toastpointtopleft.html" "Mozilla/4.0 (compatible; MSIE 6.0; Windows NT 5.1)"
124.115.10.193 - - [18/Dec/2008:05:22:56 -0500] "GET /toastpointtoc.html HTTP/1.1" 200 1188 "http://www.toastpoint.com/toastpointtoc.html" "Mozilla/4.0 (compatible; MSIE 6.0; Windows NT 5.1)"
124.115.10.193 - - [18/Dec/2008:05:23:01 -0500] "GET /news.html HTTP/1.1" 200 17706 "http://www.toastpoint.com/news.html" "Mozilla/4.0 (compatible; MSIE 6.0; Windows NT 5.1)"
124.115.10.193 - - [18/Dec/2008:05:23:03 -0500] "GET /toastpointtopright.html HTTP/1.1" 200 151 "http://www.toastpoint.com/toastpointtopright.html" "Mozilla/4.0 (compatible; MSIE 6.0; Windows NT 5.1)"
124.115.10.193 - - [18/Dec/2008:05:23:03 -0500] "GET /tpnews.html HTTP/1.1" 200 8305 "http://www.toastpoint.com/tpnews.html" "Mozilla/4.0 (compatible; MSIE 6.0; Windows NT 5.1)"
124.115.1.66 - - [18/Dec/2008:05:27:16 -0500] "GET / HTTP/1.1" 200 464 "http://www.toastpoint.com/" "Mozilla/4.0 (compatible; MSIE 6.0; Windows NT 5.1)"
124.115.1.66 - - [18/Dec/2008:05:27:28 -0500] "GET /toastpointtopleft.html HTTP/1.1" 200 162 "http://www.toastpoint.com/toastpointtopleft.html" "Mozilla/4.0 (compatible; MSIE 6.0; Windows NT 5.1)"
124.115.1.66 - - [18/Dec/2008:05:27:29 -0500] "GET /toastpointtoc.html HTTP/1.1" 200 1188 "http://www.toastpoint.com/toastpointtoc.html" "Mozilla/4.0 (compatible; MSIE 6.0; Windows NT 5.1)"
124.115.1.66 - - [18/Dec/2008:05:27:33 -0500] "GET /news.html HTTP/1.1" 200 17706 "http://www.toastpoint.com/news.html" "Mozilla/4.0 (compatible; MSIE 6.0; Windows NT 5.1)"
124.115.1.66 - - [18/Dec/2008:05:27:36 -0500] "GET /toastpointtopright.html HTTP/1.1" 200 151 "http://www.toastpoint.com/toastpointtopright.html" "Mozilla/4.0 (compatible; MSIE 6.0; Windows NT 5.1)"
124.115.1.66 - - [18/Dec/2008:05:27:37 -0500] "GET /tpnews.html HTTP/1.1" 200 8305 "http://www.toastpoint.com/tpnews.html" "Mozilla/4.0 (compatible; MSIE 6.0; Windows NT 5.1)"
72.14.199.90 - - [18/Dec/2008:05:29:09 -0500] "GET /welcome.html HTTP/1.1" 200 418 "-" "DoCoMo/2.0 N905i(c100;TB;W24H16) (compatible; Googlebot-Mobile/2.1; +http://www.google.com/bot.html)"
72.14.199.90 - - [18/Dec/2008:05:29:09 -0500] "GET / HTTP/1.1" 200 464 "-" "DoCoMo/2.0 N905i(c100;TB;W24H16) (compatible; Googlebot-Mobile/2.1; +http://www.google.com/bot.html)"
72.14.199.90 - - [18/Dec/2008:05:29:30 -0500] "GET /limerick/1995/nautsept.html HTTP/1.1" 200 7977 "-" "DoCoMo/2.0 N905i(c100;TB;W24H16) (compatible; Googlebot-Mobile/2.1; +http://www.google.com/bot.html)"
66.235.124.8 - - [18/Dec/2008:05:33:50 -0500] "GET /limerick/docs/formhint.html HTTP/1.1" 200 2522 "-" "Mozilla/5.0 (compatible; Ask Jeeves/Teoma; +http://about.ask.com/en/docs/about/webmasters.shtml)"
81.52.143.15 - - [18/Dec/2008:05:44:33 -0500] "GET /limerick/1996/naut596.html HTTP/1.1" 200 28755 "-" "Mozilla/5.0 (Windows; U; Windows NT 5.1; fr; rv:1.8.1) VoilaBot BETA 1.2 (support.voilabot@orange-ftgroup.com)"
208.36.144.8 - - [18/Dec/2008:05:47:07 -0500] "GET /limerick/1996/nice896.html HTTP/1.0" 200 9880 "-" "Mozilla/5.0 (Twiceler-0.9 http://www.cuil.com/twiceler/robot.html)"
208.111.154.15 - - [18/Dec/2008:05:55:37 -0500] "GET /robots.txt HTTP/1.0" 404 693 "-" "Mozilla/5.0 (compatible; Charlotte/1.1; http://www.searchme.com/support/)"
208.111.154.16 - - [18/Dec/2008:05:55:50 -0500] "GET /haiku/1997/haiku797.html HTTP/1.1" 304 - "-" "Mozilla/5.0 (compatible; Charlotte/1.1; http://www.searchme.com/support/)"
81.134.7.246 - - [18/Dec/2008:05:58:01 -0500] "GET /favicon.ico HTTP/1.1" 404 693 "-" "Mozilla/4.0 (compatible; MSIE 7.0; Windows NT 5.1; .NET CLR 1.1.4322; .NET CLR 2.0.50727; .NET CLR 3.0.04506.648; .NET CLR 3.5.21022)"
81.134.7.246 - - [18/Dec/2008:05:58:01 -0500] "GET /limerick/1996/nice496.html HTTP/1.1" 200 15372 "-" "Mozilla/4.0 (compatible; MSIE 7.0; Windows NT 5.1; .NET CLR 1.1.4322; .NET CLR 2.0.50727; .NET CLR 3.0.04506.648; .NET CLR 3.5.21022)"
81.134.7.246 - - [18/Dec/2008:05:58:01 -0500] "GET /gifs/goldstar.jpg HTTP/1.1" 200 1854 "http://www.toastpoint.com/limerick/1996/nice496.html" "Mozilla/4.0 (compatible; MSIE 7.0; Windows NT 5.1; .NET CLR 1.1.4322; .NET CLR 2.0.50727; .NET CLR 3.0.04506.648; .NET CLR 3.5.21022)"
81.134.7.246 - - [18/Dec/2008:05:58:01 -0500] "GET /gifs/happy.jpg HTTP/1.1" 200 3135 "http://www.toastpoint.com/limerick/1996/nice496.html" "Mozilla/4.0 (compatible; MSIE 7.0; Windows NT 5.1; .NET CLR 1.1.4322; .NET CLR 2.0.50727; .NET CLR 3.0.04506.648; .NET CLR 3.5.21022)"
193.252.149.15 - - [18/Dec/2008:06:01:58 -0500] "GET /haiku/haikufrm.html HTTP/1.1" 200 534 "-" "Mozilla/5.0 (Windows; U; Windows NT 5.1; fr; rv:1.8.1) VoilaBot BETA 1.2 (support.voilabot@orange-ftgroup.com)"
72.14.199.90 - - [18/Dec/2008:06:02:21 -0500] "GET /fiction/fict98/fict998.html HTTP/1.1" 200 7905 "-" "DoCoMo/2.0 N905i(c100;TB;W24H16) (compatible; Googlebot-Mobile/2.1; +http://www.google.com/bot.html)"
72.14.199.90 - - [18/Dec/2008:06:04:59 -0500] "GET /fiction/fict97/fict297.html HTTP/1.1" 200 8467 "-" "DoCoMo/2.0 N905i(c100;TB;W24H16) (compatible; Googlebot-Mobile/2.1; +http://www.google.com/bot.html)"
74.6.22.153 - - [18/Dec/2008:06:05:49 -0500] "GET /robots.txt HTTP/1.0" 404 693 "-" "Mozilla/5.0 (compatible; Yahoo! Slurp; http://help.yahoo.com/help/us/ysearch/slurp)"
74.6.26.180 - - [18/Dec/2008:06:20:30 -0500] "GET /robots.txt HTTP/1.0" 404 693 "-" "Mozilla/5.0 (compatible; Yahoo! Slurp; http://help.yahoo.com/help/us/ysearch/slurp)"
74.6.76.45 - - [18/Dec/2008:06:20:32 -0500] "GET / HTTP/1.0" 200 464 "-" "Mozilla/5.0 (compatible; Yahoo! DE Slurp; http://help.yahoo.com/help/us/ysearch/slurp)"
74.6.76.45 - - [18/Dec/2008:06:20:33 -0500] "GET /toastpointtopleft.html HTTP/1.0" 200 162 "-" "Mozilla/5.0 (compatible; Yahoo! DE Slurp; http://help.yahoo.com/help/us/ysearch/slurp)"
74.6.76.45 - - [18/Dec/2008:06:20:34 -0500] "GET /toastpointtoc.html HTTP/1.0" 200 1188 "-" "Mozilla/5.0 (compatible; Yahoo! DE Slurp; http://help.yahoo.com/help/us/ysearch/slurp)"
74.6.76.45 - - [18/Dec/2008:06:20:35 -0500] "GET /news.html HTTP/1.0" 200 17706 "-" "Mozilla/5.0 (compatible; Yahoo! DE Slurp; http://help.yahoo.com/help/us/ysearch/slurp)"
74.6.76.45 - - [18/Dec/2008:06:20:36 -0500] "GET /toastpointtopright.html HTTP/1.0" 200 151 "-" "Mozilla/5.0 (compatible; Yahoo! DE Slurp; http://help.yahoo.com/help/us/ysearch/slurp)"
74.6.76.45 - - [18/Dec/2008:06:20:37 -0500] "GET /tpnews.html HTTP/1.0" 200 8305 "-" "Mozilla/5.0 (compatible; Yahoo! DE Slurp; http://help.yahoo.com/help/us/ysearch/slurp)"
216.183.81.221 - - [18/Dec/2008:06:21:48 -0500] "GET / HTTP/1.0" 200 464 "-" "unknown/1.0 (CP/M; 8-bit)"
216.183.81.221 - - [18/Dec/2008:06:21:48 -0500] "GET /robots.txt HTTP/1.0" 404 693 "-" "unknown/1.0 (CP/M; 8-bit)"
216.183.81.221 - - [18/Dec/2008:06:21:48 -0500] "GET /toastpointtopleft.html HTTP/1.0" 200 162 "-" "unknown/1.0 (CP/M; 8-bit)"
216.183.81.221 - - [18/Dec/2008:06:21:48 -0500] "GET /toastpointtoc.html HTTP/1.0" 200 1188 "-" "unknown/1.0 (CP/M; 8-bit)"
216.183.81.221 - - [18/Dec/2008:06:21:48 -0500] "GET /news.html HTTP/1.0" 200 17706 "-" "unknown/1.0 (CP/M; 8-bit)"
216.183.81.221 - - [18/Dec/2008:06:21:48 -0500] "GET /toastpointtopright.html HTTP/1.0" 200 151 "-" "unknown/1.0 (CP/M; 8-bit)"
216.183.81.221 - - [18/Dec/2008:06:21:48 -0500] "GET /tpnews.html HTTP/1.0" 200 8305 "-" "unknown/1.0 (CP/M; 8-bit)"
122.106.232.6 - - [18/Dec/2008:06:23:07 -0500] "GET /gifs/boobies.gif HTTP/1.1" 200 11144 "http://www.toastpoint.com/limerick/naut199.html" "Mozilla/4.0 (compatible; MSIE 7.0; Windows NT 5.1; SIMBAR={374FC7BE-23D4-4a2b-8656-539EB9C06670}; .NET CLR 2.0.50727)"
122.106.232.6 - - [18/Dec/2008:06:23:06 -0500] "GET /limerick/naut199.html HTTP/1.1" 200 34481 "http://www.google.com.au/search?hl=en&q=limericks+about+soup&start=30&sa=N" "Mozilla/4.0 (compatible; MSIE 7.0; Windows NT 5.1; SIMBAR={374FC7BE-23D4-4a2b-8656-539EB9C06670}; .NET CLR 2.0.50727)"
122.106.232.6 - - [18/Dec/2008:06:23:08 -0500] "GET /gifs/nakedman.gif HTTP/1.1" 200 7734 "http://www.toastpoint.com/limerick/naut199.html" "Mozilla/4.0 (compatible; MSIE 7.0; Windows NT 5.1; SIMBAR={374FC7BE-23D4-4a2b-8656-539EB9C06670}; .NET CLR 2.0.50727)"
122.106.232.6 - - [18/Dec/2008:06:23:08 -0500] "GET /gifs/goldstar.jpg HTTP/1.1" 200 1854 "http://www.toastpoint.com/limerick/naut199.html" "Mozilla/4.0 (compatible; MSIE 7.0; Windows NT 5.1; SIMBAR={374FC7BE-23D4-4a2b-8656-539EB9C06670}; .NET CLR 2.0.50727)"
122.106.232.6 - - [18/Dec/2008:06:23:09 -0500] "GET /favicon.ico HTTP/1.1" 404 693 "-" "Mozilla/4.0 (compatible; MSIE 7.0; Windows NT 5.1; SIMBAR={374FC7BE-23D4-4a2b-8656-539EB9C06670}; .NET CLR 2.0.50727)"
82.50.9.203 - - [18/Dec/2008:06:23:25 -0500] "GET /gifs/boobies.gif HTTP/1.1" 200 11144 "http://www.toastpoint.com/limerick/naut199.html" "Mozilla/5.0 (Macintosh; U; Intel Mac OS X 10_5_5; en-gb) AppleWebKit/525.18 (KHTML, like Gecko) Version/3.1.2 Safari/525.20.1"
82.50.9.203 - - [18/Dec/2008:06:23:25 -0500] "GET /gifs/goldstar.jpg HTTP/1.1" 200 1854 "http://www.toastpoint.com/limerick/naut199.html" "Mozilla/5.0 (Macintosh; U; Intel Mac OS X 10_5_5; en-gb) AppleWebKit/525.18 (KHTML, like Gecko) Version/3.1.2 Safari/525.20.1"
82.50.9.203 - - [18/Dec/2008:06:23:25 -0500] "GET /gifs/nakedman.gif HTTP/1.1" 200 7734 "http://www.toastpoint.com/limerick/naut199.html" "Mozilla/5.0 (Macintosh; U; Intel Mac OS X 10_5_5; en-gb) AppleWebKit/525.18 (KHTML, like Gecko) Version/3.1.2 Safari/525.20.1"
82.50.9.203 - - [18/Dec/2008:06:23:25 -0500] "GET /limerick/naut199.html HTTP/1.1" 200 34481 "http://www.google.com/search?hl=en&safe=off&client=safari&rls=en-gb&sa=X&oi=spell&resnum=0&ct=result&cd=1&q=naughty+limerick&spell=1" "Mozilla/5.0 (Macintosh; U; Intel Mac OS X 10_5_5; en-gb) AppleWebKit/525.18 (KHTML, like Gecko) Version/3.1.2 Safari/525.20.1"
82.50.9.203 - - [18/Dec/2008:06:23:25 -0500] "GET /favicon.ico HTTP/1.1" 404 693 "http://www.toastpoint.com/limerick/naut199.html" "Mozilla/5.0 (Macintosh; U; Intel Mac OS X 10_5_5; en-gb) AppleWebKit/525.18 (KHTML, like Gecko) Version/3.1.2 Safari/525.20.1"
63.241.3.51 - - [18/Dec/2008:06:42:17 -0500] "GET /limerick/limerick.html HTTP/1.1" 200 2613 "-" "-"
66.235.124.8 - - [18/Dec/2008:06:51:04 -0500] "GET /limerick/1996/naut696.html HTTP/1.1" 200 13746 "-" "Mozilla/5.0 (compatible; Ask Jeeves/Teoma; +http://about.ask.com/en/docs/about/webmasters.shtml)"
124.115.1.7 - - [18/Dec/2008:06:52:03 -0500] "GET / HTTP/1.1" 200 464 "http://www.toastpoint.com/" "Mozilla/4.0 (compatible; MSIE 6.0; Windows NT 5.1)"
124.115.1.7 - - [18/Dec/2008:06:52:14 -0500] "GET /toastpointtopleft.html HTTP/1.1" 200 162 "http://www.toastpoint.com/toastpointtopleft.html" "Mozilla/4.0 (compatible; MSIE 6.0; Windows NT 5.1)"
124.115.1.7 - - [18/Dec/2008:06:52:15 -0500] "GET /toastpointtoc.html HTTP/1.1" 200 1188 "http://www.toastpoint.com/toastpointtoc.html" "Mozilla/4.0 (compatible; MSIE 6.0; Windows NT 5.1)"
124.115.1.7 - - [18/Dec/2008:06:52:16 -0500] "GET /news.html HTTP/1.1" 200 17706 "http://www.toastpoint.com/news.html" "Mozilla/4.0 (compatible; MSIE 6.0; Windows NT 5.1)"
124.115.1.7 - - [18/Dec/2008:06:52:19 -0500] "GET /toastpointtopright.html HTTP/1.1" 200 151 "http://www.toastpoint.com/toastpointtopright.html" "Mozilla/4.0 (compatible; MSIE 6.0; Windows NT 5.1)"
124.115.1.7 - - [18/Dec/2008:06:52:20 -0500] "GET /tpnews.html HTTP/1.1" 200 8305 "http://www.toastpoint.com/tpnews.html" "Mozilla/4.0 (compatible; MSIE 6.0; Windows NT 5.1)"
67.202.43.229 - - [18/Dec/2008:06:55:37 -0500] "GET /robots.txt HTTP/1.0" 404 693 "-" "ia_archiver (+http://www.alexa.com/site/help/webmasters; crawler@alexa.com)"
67.202.43.229 - - [18/Dec/2008:06:55:37 -0500] "GET /limerick/limerick.html HTTP/1.0" 200 2613 "-" "ia_archiver (+http://www.alexa.com/site/help/webmasters; crawler@alexa.com)"
67.202.43.229 - - [18/Dec/2008:06:55:42 -0500] "GET /limerick/nice199.html HTTP/1.0" 200 25313 "-" "ia_archiver (+http://www.alexa.com/site/help/webmasters; crawler@alexa.com)"
67.202.43.229 - - [18/Dec/2008:06:55:47 -0500] "GET /limerick/nice399.html HTTP/1.0" 200 31092 "-" "ia_archiver (+http://www.alexa.com/site/help/webmasters; crawler@alexa.com)"
67.202.43.229 - - [18/Dec/2008:06:55:52 -0500] "GET /welcome.html HTTP/1.0" 200 418 "-" "ia_archiver (+http://www.alexa.com/site/help/webmasters; crawler@alexa.com)"
66.235.124.8 - - [18/Dec/2008:07:37:31 -0500] "GET /limerick/1996/naut296.html HTTP/1.1" 200 30357 "-" "Mozilla/5.0 (compatible; Ask Jeeves/Teoma; +http://about.ask.com/en/docs/about/webmasters.shtml)"
66.235.124.8 - - [18/Dec/2008:07:59:04 -0500] "GET /ponder.html HTTP/1.1" 200 3441 "-" "Mozilla/5.0 (compatible; Ask Jeeves/Teoma; +http://about.ask.com/en/docs/about/webmasters.shtml)"
208.111.154.16 - - [18/Dec/2008:08:01:27 -0500] "GET /robots.txt HTTP/1.0" 404 693 "-" "Mozilla/5.0 (compatible; Charlotte/1.1; http://www.searchme.com/support/)"
81.52.143.15 - - [18/Dec/2008:08:03:35 -0500] "GET /limerick/nice399.html HTTP/1.1" 200 31092 "-" "Mozilla/5.0 (Windows; U; Windows NT 5.1; fr; rv:1.8.1) VoilaBot BETA 1.2 (support.voilabot@orange-ftgroup.com)"
194.34.223.1 - - [18/Dec/2008:08:22:55 -0500] "GET /limerick/nice299.html HTTP/1.1" 200 28130 "-" "Mozilla/4.0 (compatible; MSIE 6.0; Windows NT 5.1; SV1; .NET CLR 2.0.50727)"
194.34.223.1 - - [18/Dec/2008:08:22:55 -0500] "GET /gifs/birdumb2.gif HTTP/1.1" 200 4698 "http://www.toastpoint.com/limerick/nice299.html" "Mozilla/4.0 (compatible; MSIE 6.0; Windows NT 5.1; SV1; .NET CLR 2.0.50727)"
194.34.223.1 - - [18/Dec/2008:08:22:56 -0500] "GET /gifs/birdumb.gif HTTP/1.1" 200 4704 "http://www.toastpoint.com/limerick/nice299.html" "Mozilla/4.0 (compatible; MSIE 6.0; Windows NT 5.1; SV1; .NET CLR 2.0.50727)"
194.34.223.1 - - [18/Dec/2008:08:22:56 -0500] "GET /gifs/goldstar.jpg HTTP/1.1" 200 1854 "http://www.toastpoint.com/limerick/nice299.html" "Mozilla/4.0 (compatible; MSIE 6.0; Windows NT 5.1; SV1; .NET CLR 2.0.50727)"
72.14.199.109 - - [18/Dec/2008:08:26:13 -0500] "GET /robots.txt HTTP/1.1" 404 693 "-" "DoCoMo/2.0 N905i(c100;TB;W24H16) (compatible; Googlebot-Mobile/2.1; +http://www.google.com/bot.html)"
72.14.199.109 - - [18/Dec/2008:08:26:14 -0500] "GET /welcome.html HTTP/1.1" 200 418 "-" "DoCoMo/2.0 N905i(c100;TB;W24H16) (compatible; Googlebot-Mobile/2.1; +http://www.google.com/bot.html)"
216.183.81.221 - - [18/Dec/2008:08:55:42 -0500] "GET / HTTP/1.1" 304 - "-" "Wget/1.10.2"
81.52.143.15 - - [18/Dec/2008:09:04:45 -0500] "GET /limerick/naut199.html HTTP/1.1" 200 34481 "-" "Mozilla/5.0 (Windows; U; Windows NT 5.1; fr; rv:1.8.1) VoilaBot BETA 1.2 (support.voilabot@orange-ftgroup.com)"
72.14.199.90 - - [18/Dec/2008:09:08:33 -0500] "GET /limerick/nice199.html HTTP/1.1" 200 25313 "-" "DoCoMo/2.0 N905i(c100;TB;W24H16) (compatible; Googlebot-Mobile/2.1; +http://www.google.com/bot.html)"
66.235.124.8 - - [18/Dec/2008:09:10:33 -0500] "GET /fiction/fict97/fict597.html HTTP/1.1" 200 10485 "-" "Mozilla/5.0 (compatible; Ask Jeeves/Teoma; +http://about.ask.com/en/docs/about/webmasters.shtml)"
208.111.154.16 - - [18/Dec/2008:09:23:43 -0500] "GET /robots.txt HTTP/1.0" 404 693 "-" "Mozilla/5.0 (compatible; Charlotte/1.1; http://www.searchme.com/support/)"
208.111.154.24 - - [18/Dec/2008:09:24:01 -0500] "GET /limerick/1997/nice397.html HTTP/1.1" 200 13929 "-" "Mozilla/5.0 (compatible; Charlotte/1.1; http://www.searchme.com/support/)"
12.69.97.195 - - [18/Dec/2008:09:43:53 -0500] "GET /favicon.ico HTTP/1.1" 404 693 "-" "Mozilla/4.0 (compatible; MSIE 7.0; Windows NT 5.1; .NET CLR 1.1.4322; .NET CLR 2.0.50727; InfoPath.1)"
12.69.97.195 - - [18/Dec/2008:09:43:53 -0500] "GET /limerick/nice299.html HTTP/1.1" 200 28130 "-" "Mozilla/4.0 (compatible; MSIE 7.0; Windows NT 5.1; .NET CLR 1.1.4322; .NET CLR 2.0.50727; InfoPath.1)"
12.69.97.195 - - [18/Dec/2008:09:43:53 -0500] "GET /gifs/birdumb.gif HTTP/1.1" 200 4704 "http://www.toastpoint.com/limerick/nice299.html" "Mozilla/4.0 (compatible; MSIE 7.0; Windows NT 5.1; .NET CLR 1.1.4322; .NET CLR 2.0.50727; InfoPath.1)"
12.69.97.195 - - [18/Dec/2008:09:43:53 -0500] "GET /gifs/birdumb2.gif HTTP/1.1" 200 4698 "http://www.toastpoint.com/limerick/nice299.html" "Mozilla/4.0 (compatible; MSIE 7.0; Windows NT 5.1; .NET CLR 1.1.4322; .NET CLR 2.0.50727; InfoPath.1)"
12.69.97.195 - - [18/Dec/2008:09:43:53 -0500] "GET /gifs/goldstar.jpg HTTP/1.1" 200 1854 "http://www.toastpoint.com/limerick/nice299.html" "Mozilla/4.0 (compatible; MSIE 7.0; Windows NT 5.1; .NET CLR 1.1.4322; .NET CLR 2.0.50727; InfoPath.1)"
72.14.199.90 - - [18/Dec/2008:09:46:56 -0500] "GET /fiction/fict399.html HTTP/1.1" 200 27729 "-" "DoCoMo/2.0 N905i(c100;TB;W24H16) (compatible; Googlebot-Mobile/2.1; +http://www.google.com/bot.html)"
72.14.199.90 - - [18/Dec/2008:09:46:56 -0500] "GET /fiction/fict299.html HTTP/1.1" 200 38635 "-" "DoCoMo/2.0 N905i(c100;TB;W24H16) (compatible; Googlebot-Mobile/2.1; +http://www.google.com/bot.html)"
72.14.199.90 - - [18/Dec/2008:09:47:36 -0500] "GET /haiku/haiku499.html HTTP/1.1" 200 54815 "-" "DoCoMo/2.0 N905i(c100;TB;W24H16) (compatible; Googlebot-Mobile/2.1; +http://www.google.com/bot.html)"
72.14.199.90 - - [18/Dec/2008:09:47:39 -0500] "GET /limerick/naut299.html HTTP/1.1" 200 23095 "-" "DoCoMo/2.0 N905i(c100;TB;W24H16) (compatible; Googlebot-Mobile/2.1; +http://www.google.com/bot.html)"
72.14.199.90 - - [18/Dec/2008:09:47:48 -0500] "GET /haiku/haiku599.html HTTP/1.1" 200 33918 "-" "DoCoMo/2.0 N905i(c100;TB;W24H16) (compatible; Googlebot-Mobile/2.1; +http://www.google.com/bot.html)"
72.14.199.109 - - [18/Dec/2008:09:48:52 -0500] "GET /haiku/haiku.html HTTP/1.1" 200 2147 "-" "DoCoMo/2.0 N905i(c100;TB;W24H16) (compatible; Googlebot-Mobile/2.1; +http://www.google.com/bot.html)"
72.14.199.90 - - [18/Dec/2008:09:48:52 -0500] "GET /limerick/naut399.html HTTP/1.1" 200 38217 "-" "DoCoMo/2.0 N905i(c100;TB;W24H16) (compatible; Googlebot-Mobile/2.1; +http://www.google.com/bot.html)"
72.14.199.90 - - [18/Dec/2008:09:49:15 -0500] "GET /haiku/haiku199.html HTTP/1.1" 200 34287 "-" "DoCoMo/2.0 N905i(c100;TB;W24H16) (compatible; Googlebot-Mobile/2.1; +http://www.google.com/bot.html)"
72.14.199.90 - - [18/Dec/2008:09:49:32 -0500] "GET /limerick/naut599.html HTTP/1.1" 200 21235 "-" "DoCoMo/2.0 N905i(c100;TB;W24H16) (compatible; Googlebot-Mobile/2.1; +http://www.google.com/bot.html)"
72.14.199.90 - - [18/Dec/2008:09:49:46 -0500] "GET /limerick/wumpus.html HTTP/1.1" 404 693 "-" "DoCoMo/2.0 N905i(c100;TB;W24H16) (compatible; Googlebot-Mobile/2.1; +http://www.google.com/bot.html)"
72.14.199.90 - - [18/Dec/2008:09:52:44 -0500] "GET /haiku/haiku399.html HTTP/1.1" 200 75208 "-" "DoCoMo/2.0 N905i(c100;TB;W24H16) (compatible; Googlebot-Mobile/2.1; +http://www.google.com/bot.html)"
72.14.199.90 - - [18/Dec/2008:09:52:51 -0500] "GET /limerick/naut499.html HTTP/1.1" 200 38163 "-" "DoCoMo/2.0 N905i(c100;TB;W24H16) (compatible; Googlebot-Mobile/2.1; +http://www.google.com/bot.html)"
72.14.199.90 - - [18/Dec/2008:09:53:52 -0500] "GET /limerick/nice399.html HTTP/1.1" 200 31092 "-" "DoCoMo/2.0 N905i(c100;TB;W24H16) (compatible; Googlebot-Mobile/2.1; +http://www.google.com/bot.html)"
72.14.199.90 - - [18/Dec/2008:09:53:52 -0500] "GET /limerick/naut199.html HTTP/1.1" 200 34481 "-" "DoCoMo/2.0 N905i(c100;TB;W24H16) (compatible; Googlebot-Mobile/2.1; +http://www.google.com/bot.html)"
72.14.199.90 - - [18/Dec/2008:09:54:02 -0500] "GET /limerick/nice499.html HTTP/1.1" 200 24193 "-" "DoCoMo/2.0 N905i(c100;TB;W24H16) (compatible; Googlebot-Mobile/2.1; +http://www.google.com/bot.html)"
72.14.199.90 - - [18/Dec/2008:09:55:29 -0500] "GET /limerick/nice599.html HTTP/1.1" 200 26033 "-" "DoCoMo/2.0 N905i(c100;TB;W24H16) (compatible; Googlebot-Mobile/2.1; +http://www.google.com/bot.html)"
72.14.199.90 - - [18/Dec/2008:09:56:54 -0500] "GET /fiction/fict499.html HTTP/1.1" 200 12868 "-" "DoCoMo/2.0 N905i(c100;TB;W24H16) (compatible; Googlebot-Mobile/2.1; +http://www.google.com/bot.html)"
72.14.199.90 - - [18/Dec/2008:09:56:54 -0500] "GET /fiction/fict199.html HTTP/1.1" 200 21503 "-" "DoCoMo/2.0 N905i(c100;TB;W24H16) (compatible; Googlebot-Mobile/2.1; +http://www.google.com/bot.html)"
72.14.199.90 - - [18/Dec/2008:09:56:55 -0500] "GET /limerick/nice299.html HTTP/1.1" 200 28130 "-" "DoCoMo/2.0 N905i(c100;TB;W24H16) (compatible; Googlebot-Mobile/2.1; +http://www.google.com/bot.html)"
72.14.199.90 - - [18/Dec/2008:09:57:06 -0500] "GET /haiku/haiku299.html HTTP/1.1" 200 68017 "-" "DoCoMo/2.0 N905i(c100;TB;W24H16) (compatible; Googlebot-Mobile/2.1; +http://www.google.com/bot.html)"
72.14.199.109 - - [18/Dec/2008:10:29:05 -0500] "GET /fiction/fiction.html HTTP/1.1" 200 2705 "-" "DoCoMo/2.0 N905i(c100;TB;W24H16) (compatible; Googlebot-Mobile/2.1; +http://www.google.com/bot.html)"
216.183.81.221 - - [18/Dec/2008:10:38:44 -0500] "GET / HTTP/1.1" 304 - "-" "Wget/1.10.2"
66.235.124.8 - - [18/Dec/2008:10:39:23 -0500] "GET /robots.txt HTTP/1.1" 404 693 "-" "Mozilla/5.0 (compatible; Ask Jeeves/Teoma; +http://about.ask.com/en/docs/about/webmasters.shtml)"
66.235.124.8 - - [18/Dec/2008:10:39:28 -0500] "GET /haiku/1997/haiku497.html HTTP/1.1" 200 29895 "-" "Mozilla/5.0 (compatible; Ask Jeeves/Teoma; +http://about.ask.com/en/docs/about/webmasters.shtml)"
72.14.199.109 - - [18/Dec/2008:10:45:04 -0500] "GET /limerick/limerick.html HTTP/1.1" 200 2613 "-" "DoCoMo/2.0 N905i(c100;TB;W24H16) (compatible; Googlebot-Mobile/2.1; +http://www.google.com/bot.html)"
4.153.219.154 - - [18/Dec/2008:11:09:53 -0500] "GET /gifs/japan.gif HTTP/1.1" 200 5737 "http://www.toastpoint.com/haiku/haiku199.html" "Mozilla/4.0 (compatible; MSIE 7.0; Windows NT 5.1; .NET CLR 1.1.4322)"
4.153.219.154 - - [18/Dec/2008:11:09:52 -0500] "GET /haiku/haiku199.html HTTP/1.1" 200 34287 "http://www.google.com/search?sourceid=navclient&ie=UTF-8&rls=GGLJ,GGLJ:2006-33,GGLJ:en&q=waterwheel+haiku" "Mozilla/4.0 (compatible; MSIE 7.0; Windows NT 5.1; .NET CLR 1.1.4322)"
4.153.219.154 - - [18/Dec/2008:11:09:56 -0500] "GET /gifs/goldstar.jpg HTTP/1.1" 200 1854 "http://www.toastpoint.com/haiku/haiku199.html" "Mozilla/4.0 (compatible; MSIE 7.0; Windows NT 5.1; .NET CLR 1.1.4322)"
4.153.219.154 - - [18/Dec/2008:11:09:58 -0500] "GET /gifs/blank.jpg HTTP/1.1" 200 705 "http://www.toastpoint.com/haiku/haiku199.html" "Mozilla/4.0 (compatible; MSIE 7.0; Windows NT 5.1; .NET CLR 1.1.4322)"
4.153.219.154 - - [18/Dec/2008:11:09:59 -0500] "GET /favicon.ico HTTP/1.1" 404 693 "-" "Mozilla/4.0 (compatible; MSIE 7.0; Windows NT 5.1; .NET CLR 1.1.4322)"
65.55.209.249 - - [18/Dec/2008:11:14:31 -0500] "GET /robots.txt HTTP/1.1" 404 693 "-" "msnbot/1.1 (+http://search.msn.com/msnbot.htm)"
65.55.209.249 - - [18/Dec/2008:11:14:35 -0500] "GET /limerick/1996/nice996.html HTTP/1.1" 200 4972 "-" "msnbot/1.1 (+http://search.msn.com/msnbot.htm)"
66.235.124.8 - - [18/Dec/2008:11:34:35 -0500] "GET /fiction/fict98/fict798.html HTTP/1.1" 200 40803 "-" "Mozilla/5.0 (compatible; Ask Jeeves/Teoma; +http://about.ask.com/en/docs/about/webmasters.shtml)"
74.6.30.119 - - [18/Dec/2008:11:53:10 -0500] "GET /haiku/haiku.html HTTP/1.0" 200 2147 "-" "Mozilla/5.0 (compatible; Yahoo! DE Slurp; http://help.yahoo.com/help/us/ysearch/slurp)"
63.133.238.100 - - [18/Dec/2008:12:01:52 -0500] "GET /rapture/rapture.html HTTP/1.0" 200 22564 "http://images.ask.com/fr?q=A+Jury&desturi=http%3A%2F%2Fwww.toastpoint.com%2Frapture%2Frapture.html&fm=i&ac=3&ftURI=http%3A%2F%2Fimages.ask.com%2Ffr%3Fq%3DA%2BJury%26desturi%3Dhttp%253A%252F%252Fwww.toastpoint.com%252Frapture%252Frapture.html%26imagesrc%3Dhttp%253A%252F%252Fwww.toastpoint.com%252Frapture%252Ftbj-jury.gif%26thumbsrc%3Dhttp%253A%252F%252F66.235.120.64%252Fts%253Ft%253D2656937575207208691%2526pid%253D23296%2526ppid%253D0%26o%3D0%26l%3Ddir%26thumbuselocalisedstatic%3Dfalse%26fn%3Dtbj-jury.gif%26imagewidth%3D250%26imageheight%3D212%26fs%3D3%26ft%3Dgif%26f%3D2%26fm%3Di%26ftbURI%3Dhttp%253A%252F%252Fimages.ask.com%252Fpictures%253Fq%253DA%252BJury%2526page%253D1%2526o%253D0%2526l%253Ddir%2526pstart%253D0&qt=0" "Mozilla/4.0 (compatible; MSIE 7.0; Windows NT 5.1; .NET CLR 1.0.3705; .NET CLR 2.0.50727)"
63.133.238.100 - - [18/Dec/2008:12:01:54 -0500] "GET /rapture/tbj-jury.gif HTTP/1.0" 200 3904 "http://images.ask.com/fr?q=A+Jury&desturi=http%3A%2F%2Fwww.toastpoint.com%2Frapture%2Frapture.html&imagesrc=http%3A%2F%2Fwww.toastpoint.com%2Frapture%2Ftbj-jury.gif&thumbsrc=http%3A%2F%2F66.235.120.64%2Fts%3Ft%3D2656937575207208691%26pid%3D23296%26ppid%3D0&o=0&l=dir&thumbuselocalisedstatic=false&fn=tbj-jury.gif&imagewidth=250&imageheight=212&fs=3&ft=gif&f=2&fm=i&ftbURI=http%3A%2F%2Fimages.ask.com%2Fpictures%3Fq%3DA%2BJury%26page%3D1%26o%3D0%26l%3Ddir%26pstart%3D0&qt=0&ac=3&ejs=http%3A%2F%2Fimages.ask.com%2Ffr%3Fq%3DA%2BJury%26desturi%3Dhttp%253A%252F%252Fwww.toastpoint.com%252Frapture%252Frapture.html%26fm%3Di%26ac%3D3%26ftURI%3Dhttp%253A%252F%252Fimages.ask.com%252Ffr%253Fq%253DA%252BJury%2526desturi%253Dhttp%25253A%25252F%25252Fwww.toastpoint.com%25252Frapture%25252Frapture.html%2526imagesrc%253Dhttp%25253A%25252F%25252Fwww.toastpoint.com%25252Frapture%25252Ftbj-jury.gif%2526thumbsrc%253Dhttp%25253A%25252F%25252F66.235.120.64%25252Fts%25253Ft%25253D2656937575207208691%252526pid%25253D23296%252526ppid%25253D0%2526o%253D0%2526l%253Ddir%2526thumbuselocalisedstatic%253Dfalse%2526fn%253Dtbj-jury.gif%2526imagewidth%253D250%2526imageheight%253D212%2526fs%253D3%2526ft%253Dgif%2526f%253D2%2526fm%253Di%2526ftbURI%253Dhttp%25253A%25252F%25252Fimages.ask.com%25252Fpictures%25253Fq%25253DA%25252BJury%252526page%25253D1%252526o%25253D0%252526l%25253Ddir%252526pstart%25253D0%26qt%3D0" "Mozilla/4.0 (compatible; MSIE 7.0; Windows NT 5.1; .NET CLR 1.0.3705; .NET CLR 2.0.50727)"
63.133.238.100 - - [18/Dec/2008:12:01:54 -0500] "GET /favicon.ico HTTP/1.0" 404 693 "-" "Mozilla/4.0 (compatible; MSIE 7.0; Windows NT 5.1; .NET CLR 1.0.3705; .NET CLR 2.0.50727)"
72.36.115.86 - - [18/Dec/2008:12:11:06 -0500] "GET /robots.txt HTTP/1.1" 404 693 "-" "CazoodleBot/0.0.2 (http://www.cazoodle.com/contact.php; cbot@cazoodle.com)"
208.111.154.16 - - [18/Dec/2008:12:32:00 -0500] "GET /robots.txt HTTP/1.0" 404 693 "-" "Mozilla/5.0 (compatible; Charlotte/1.1; http://www.searchme.com/support/)"
208.111.154.15 - - [18/Dec/2008:12:36:37 -0500] "GET /robots.txt HTTP/1.0" 404 693 "-" "Mozilla/5.0 (compatible; Charlotte/1.1; http://www.searchme.com/support/)"
24.98.145.200 - - [18/Dec/2008:13:30:39 -0500] "GET /limerick/limerick.html HTTP/1.1" 200 2613 "http://www.google.com/search?sourceid=navclient&aq=t&ie=UTF-8&rlz=1T4GGIH_enUS276US277&q=limerick+contest" "Mozilla/4.0 (compatible; MSIE 7.0; Windows NT 5.1; .NET CLR 1.1.4322; .NET CLR 2.0.50727; .NET CLR 3.0.04506.30; .NET CLR 3.0.04506.648)"
24.98.145.200 - - [18/Dec/2008:13:30:39 -0500] "GET /gifs/woman.gif HTTP/1.1" 200 9657 "http://www.toastpoint.com/limerick/limerick.html" "Mozilla/4.0 (compatible; MSIE 7.0; Windows NT 5.1; .NET CLR 1.1.4322; .NET CLR 2.0.50727; .NET CLR 3.0.04506.30; .NET CLR 3.0.04506.648)"
24.98.145.200 - - [18/Dec/2008:13:30:39 -0500] "GET /gifs/birdumb2.gif HTTP/1.1" 200 4698 "http://www.toastpoint.com/limerick/limerick.html" "Mozilla/4.0 (compatible; MSIE 7.0; Windows NT 5.1; .NET CLR 1.1.4322; .NET CLR 2.0.50727; .NET CLR 3.0.04506.30; .NET CLR 3.0.04506.648)"
24.98.145.200 - - [18/Dec/2008:13:30:39 -0500] "GET /favicon.ico HTTP/1.1" 404 693 "-" "Mozilla/4.0 (compatible; MSIE 7.0; Windows NT 5.1; .NET CLR 1.1.4322; .NET CLR 2.0.50727; .NET CLR 3.0.04506.30; .NET CLR 3.0.04506.648)"
65.55.210.7 - - [18/Dec/2008:13:33:20 -0500] "GET /robots.txt HTTP/1.1" 404 693 "-" "msnbot/1.1 (+http://search.msn.com/msnbot.htm)"
65.55.210.7 - - [18/Dec/2008:13:33:20 -0500] "GET /limerick/1996/nice796.html HTTP/1.1" 200 10929 "-" "msnbot/1.1 (+http://search.msn.com/msnbot.htm)"
66.235.124.8 - - [18/Dec/2008:13:54:25 -0500] "GET /haiku/1998/haiku598.html HTTP/1.1" 200 28935 "-" "Mozilla/5.0 (compatible; Ask Jeeves/Teoma; +http://about.ask.com/en/docs/about/webmasters.shtml)"
64.1.215.164 - - [18/Dec/2008:13:56:26 -0500] "GET /haiku/welcome.html HTTP/1.0" 404 693 "-" "Mozilla/5.0 (Twiceler-0.9 http://www.cuil.com/twiceler/robot.html)"
66.235.124.8 - - [18/Dec/2008:14:57:04 -0500] "GET /limerick/1995/bestnice.html HTTP/1.1" 200 6154 "-" "Mozilla/5.0 (compatible; Ask Jeeves/Teoma; +http://about.ask.com/en/docs/about/webmasters.shtml)"
67.188.183.250 - - [18/Dec/2008:15:02:53 -0500] "GET /robots.txt HTTP/1.0" 404 693 "-" "nrsbot/5.0(loopip.com/robot.html)"
67.188.183.250 - - [18/Dec/2008:15:02:53 -0500] "GET /haiku/haiku.html HTTP/1.0" 200 2147 "-" "nrsbot/5.0(loopip.com/robot.html)"
216.183.81.221 - - [18/Dec/2008:15:03:35 -0500] "GET / HTTP/1.1" 304 - "-" "Wget/1.10.2"
66.235.124.8 - - [18/Dec/2008:15:23:12 -0500] "GET /limerick/1997/naut997.html HTTP/1.1" 200 53317 "-" "Mozilla/5.0 (compatible; Ask Jeeves/Teoma; +http://about.ask.com/en/docs/about/webmasters.shtml)"
213.13.240.147 - - [18/Dec/2008:15:35:53 -0500] "GET /gifs/goldstar.jpg HTTP/1.1" 200 1854 "http://www.toastpoint.com/haiku/haiku399.html" "Mozilla/4.0 (compatible; MSIE 7.0; Windows NT 5.1; .NET CLR 2.0.50727; InfoPath.2; Dealio Toolbar 3.1.1)"
213.13.240.147 - - [18/Dec/2008:15:35:52 -0500] "GET /haiku/haiku399.html HTTP/1.1" 200 75208 "http://www.google.pt/search?sourceid=navclient&hl=pt-BR&ie=UTF-8&rlz=1T4ADBF_pt-BRPT260PT260&q=chinese+village+computer+game+%22hungry+gods%22" "Mozilla/4.0 (compatible; MSIE 7.0; Windows NT 5.1; .NET CLR 2.0.50727; InfoPath.2; Dealio Toolbar 3.1.1)"
213.13.240.147 - - [18/Dec/2008:15:35:54 -0500] "GET /gifs/blank.jpg HTTP/1.1" 200 705 "http://www.toastpoint.com/haiku/haiku399.html" "Mozilla/4.0 (compatible; MSIE 7.0; Windows NT 5.1; .NET CLR 2.0.50727; InfoPath.2; Dealio Toolbar 3.1.1)"
213.13.240.147 - - [18/Dec/2008:15:35:55 -0500] "GET /favicon.ico HTTP/1.1" 404 693 "-" "Mozilla/4.0 (compatible; MSIE 7.0; Windows NT 5.1; .NET CLR 2.0.50727; InfoPath.2; Dealio Toolbar 3.1.1)"
81.141.250.14 - - [18/Dec/2008:15:38:24 -0500] "GET /gifs/boobies.gif HTTP/1.1" 200 11144 "http://www.toastpoint.com/limerick/naut199.html" "Mozilla/4.0 (compatible; MSIE 7.0; Windows NT 6.0; SLCC1; .NET CLR 2.0.50727; Media Center PC 5.0; .NET CLR 3.0.04506)"
81.141.250.14 - - [18/Dec/2008:15:38:24 -0500] "GET /limerick/naut199.html HTTP/1.1" 200 34481 "http://www.google.com/search?hl=en&sa=X&oi=spell&resnum=1&ct=result&cd=1&q=crude+limericks&spell=1" "Mozilla/4.0 (compatible; MSIE 7.0; Windows NT 6.0; SLCC1; .NET CLR 2.0.50727; Media Center PC 5.0; .NET CLR 3.0.04506)"
81.141.250.14 - - [18/Dec/2008:15:38:25 -0500] "GET /gifs/nakedman.gif HTTP/1.1" 200 7734 "http://www.toastpoint.com/limerick/naut199.html" "Mozilla/4.0 (compatible; MSIE 7.0; Windows NT 6.0; SLCC1; .NET CLR 2.0.50727; Media Center PC 5.0; .NET CLR 3.0.04506)"
81.141.250.14 - - [18/Dec/2008:15:38:25 -0500] "GET /gifs/goldstar.jpg HTTP/1.1" 200 1854 "http://www.toastpoint.com/limerick/naut199.html" "Mozilla/4.0 (compatible; MSIE 7.0; Windows NT 6.0; SLCC1; .NET CLR 2.0.50727; Media Center PC 5.0; .NET CLR 3.0.04506)"
81.141.250.14 - - [18/Dec/2008:15:38:25 -0500] "GET /favicon.ico HTTP/1.1" 404 693 "-" "Mozilla/4.0 (compatible; MSIE 7.0; Windows NT 6.0; SLCC1; .NET CLR 2.0.50727; Media Center PC 5.0; .NET CLR 3.0.04506)"
66.235.124.8 - - [18/Dec/2008:16:18:47 -0500] "GET /fiction/novels/peak1-2.html HTTP/1.1" 200 2302 "-" "Mozilla/5.0 (compatible; Ask Jeeves/Teoma; +http://about.ask.com/en/docs/about/webmasters.shtml)"
66.235.124.8 - - [18/Dec/2008:16:20:29 -0500] "GET /haiku/haiku299.html HTTP/1.1" 200 68017 "-" "Mozilla/5.0 (compatible; Ask Jeeves/Teoma; +http://about.ask.com/en/docs/about/webmasters.shtml)"
216.183.81.221 - - [18/Dec/2008:16:34:32 -0500] "GET / HTTP/1.1" 304 - "-" "Wget/1.10.2"
98.118.48.5 - - [18/Dec/2008:16:34:45 -0500] "GET /limerick/naut199.html HTTP/1.1" 200 34481 "http://www.google.com/search?hl=en&q=crude+limerick&btnG=Search" "Mozilla/4.0 (compatible; MSIE 7.0; Windows NT 5.1; .NET CLR 1.1.4322; .NET CLR 2.0.50727)"
98.118.48.5 - - [18/Dec/2008:16:34:45 -0500] "GET /gifs/boobies.gif HTTP/1.1" 200 11144 "http://www.toastpoint.com/limerick/naut199.html" "Mozilla/4.0 (compatible; MSIE 7.0; Windows NT 5.1; .NET CLR 1.1.4322; .NET CLR 2.0.50727)"
98.118.48.5 - - [18/Dec/2008:16:34:45 -0500] "GET /gifs/nakedman.gif HTTP/1.1" 200 7734 "http://www.toastpoint.com/limerick/naut199.html" "Mozilla/4.0 (compatible; MSIE 7.0; Windows NT 5.1; .NET CLR 1.1.4322; .NET CLR 2.0.50727)"
98.118.48.5 - - [18/Dec/2008:16:34:46 -0500] "GET /gifs/goldstar.jpg HTTP/1.1" 200 1854 "http://www.toastpoint.com/limerick/naut199.html" "Mozilla/4.0 (compatible; MSIE 7.0; Windows NT 5.1; .NET CLR 1.1.4322; .NET CLR 2.0.50727)"
98.118.48.5 - - [18/Dec/2008:16:34:46 -0500] "GET /favicon.ico HTTP/1.1" 404 693 "-" "Mozilla/4.0 (compatible; MSIE 7.0; Windows NT 5.1; .NET CLR 1.1.4322; .NET CLR 2.0.50727)"
208.111.154.249 - - [18/Dec/2008:17:26:54 -0500] "GET /haiku/haiku199.html HTTP/1.1" 200 34287 "-" "Mozilla/5.0 (X11; U; Linux i686 (x86_64); en-US; rv:1.8.1.18) Gecko/20081203 Firefox/2.0.0.18"
208.111.154.249 - - [18/Dec/2008:17:26:55 -0500] "GET /gifs/japan.gif HTTP/1.1" 200 5737 "http://www.toastpoint.com/haiku/haiku199.html" "Mozilla/5.0 (X11; U; Linux i686 (x86_64); en-US; rv:1.8.1.18) Gecko/20081203 Firefox/2.0.0.18"
208.111.154.249 - - [18/Dec/2008:17:26:55 -0500] "GET /gifs/goldstar.jpg HTTP/1.1" 200 1854 "http://www.toastpoint.com/haiku/haiku199.html" "Mozilla/5.0 (X11; U; Linux i686 (x86_64); en-US; rv:1.8.1.18) Gecko/20081203 Firefox/2.0.0.18"
208.111.154.249 - - [18/Dec/2008:17:26:55 -0500] "GET /gifs/blank.jpg HTTP/1.1" 200 705 "http://www.toastpoint.com/haiku/haiku199.html" "Mozilla/5.0 (X11; U; Linux i686 (x86_64); en-US; rv:1.8.1.18) Gecko/20081203 Firefox/2.0.0.18"
208.111.154.249 - - [18/Dec/2008:17:26:55 -0500] "GET /favicon.ico HTTP/1.1" 404 693 "-" "Mozilla/5.0 (X11; U; Linux i686 (x86_64); en-US; rv:1.8.1.18) Gecko/20081203 Firefox/2.0.0.18"
221.132.117.37 - - [18/Dec/2008:17:39:46 -0500] "GET / HTTP/1.0" 200 464 "-" "Mozilla/4.0 (compatible; MSIE 7.0b; Windows NT 6.0)"
124.115.10.193 - - [18/Dec/2008:18:14:43 -0500] "GET / HTTP/1.1" 200 464 "http://www.toastpoint.com/" "Mozilla/4.0 (compatible; MSIE 6.0; Windows NT 5.1)"
124.115.10.193 - - [18/Dec/2008:18:14:55 -0500] "GET /toastpointtopleft.html HTTP/1.1" 200 162 "http://www.toastpoint.com/toastpointtopleft.html" "Mozilla/4.0 (compatible; MSIE 6.0; Windows NT 5.1)"
124.115.10.193 - - [18/Dec/2008:18:14:56 -0500] "GET /toastpointtoc.html HTTP/1.1" 200 1188 "http://www.toastpoint.com/toastpointtoc.html" "Mozilla/4.0 (compatible; MSIE 6.0; Windows NT 5.1)"
124.115.10.193 - - [18/Dec/2008:18:14:56 -0500] "GET /news.html HTTP/1.1" 200 17706 "http://www.toastpoint.com/news.html" "Mozilla/4.0 (compatible; MSIE 6.0; Windows NT 5.1)"
124.115.10.193 - - [18/Dec/2008:18:14:58 -0500] "GET /toastpointtopright.html HTTP/1.1" 200 151 "http://www.toastpoint.com/toastpointtopright.html" "Mozilla/4.0 (compatible; MSIE 6.0; Windows NT 5.1)"
124.115.10.193 - - [18/Dec/2008:18:14:58 -0500] "GET /tpnews.html HTTP/1.1" 200 8305 "http://www.toastpoint.com/tpnews.html" "Mozilla/4.0 (compatible; MSIE 6.0; Windows NT 5.1)"
124.115.1.8 - - [18/Dec/2008:18:15:21 -0500] "GET / HTTP/1.1" 200 464 "http://www.toastpoint.com/" "Mozilla/4.0 (compatible; MSIE 6.0; Windows NT 5.1)"
124.115.1.8 - - [18/Dec/2008:18:15:34 -0500] "GET /toastpointtopleft.html HTTP/1.1" 200 162 "http://www.toastpoint.com/toastpointtopleft.html" "Mozilla/4.0 (compatible; MSIE 6.0; Windows NT 5.1)"
124.115.1.8 - - [18/Dec/2008:18:15:35 -0500] "GET /toastpointtoc.html HTTP/1.1" 200 1188 "http://www.toastpoint.com/toastpointtoc.html" "Mozilla/4.0 (compatible; MSIE 6.0; Windows NT 5.1)"
124.115.1.8 - - [18/Dec/2008:18:15:35 -0500] "GET /news.html HTTP/1.1" 200 17706 "http://www.toastpoint.com/news.html" "Mozilla/4.0 (compatible; MSIE 6.0; Windows NT 5.1)"
124.115.1.8 - - [18/Dec/2008:18:15:36 -0500] "GET /toastpointtopright.html HTTP/1.1" 200 151 "http://www.toastpoint.com/toastpointtopright.html" "Mozilla/4.0 (compatible; MSIE 6.0; Windows NT 5.1)"
124.115.1.8 - - [18/Dec/2008:18:15:37 -0500] "GET /tpnews.html HTTP/1.1" 200 8305 "http://www.toastpoint.com/tpnews.html" "Mozilla/4.0 (compatible; MSIE 6.0; Windows NT 5.1)"
208.36.144.6 - - [18/Dec/2008:18:50:47 -0500] "GET /gifs/pastheaders.html HTTP/1.0" 200 1264 "-" "Mozilla/5.0 (Twiceler-0.9 http://www.cuil.com/twiceler/robot.html)"
72.30.142.243 - - [18/Dec/2008:18:51:36 -0500] "GET /robots.txt HTTP/1.0" 404 693 "-" "Mozilla/5.0 (compatible; Yahoo! Slurp; http://help.yahoo.com/help/us/ysearch/slurp)"
66.235.124.8 - - [18/Dec/2008:18:59:39 -0500] "GET /limerick/1996/naut196.html HTTP/1.1" 200 38213 "-" "Mozilla/5.0 (compatible; Ask Jeeves/Teoma; +http://about.ask.com/en/docs/about/webmasters.shtml)"
76.120.166.129 - - [18/Dec/2008:19:40:26 -0500] "GET /rapture/rapture.html HTTP/1.1" 200 22564 "http://images.ask.com/fr?q=jury&desturi=http%3A%2F%2Fwww.toastpoint.com%2Frapture%2Frapture.html&fm=i&ac=3&ftURI=http%3A%2F%2Fimages.ask.com%2Ffr%3Fq%3Djury%26desturi%3Dhttp%253A%252F%252Fwww.toastpoint.com%252Frapture%252Frapture.html%26imagesrc%3Dhttp%253A%252F%252Fwww.toastpoint.com%252Frapture%252Ftbj-jury.gif%26thumbsrc%3Dhttp%253A%252F%252F66.235.120.64%252Fts%253Ft%253D2656937575207208691%2526pid%253D23296%2526ppid%253D4%26o%3D0%26l%3Ddir%26thumbuselocalisedstatic%3Dfalse%26fn%3Dtbj-jury.gif%26imagewidth%3D250%26imageheight%3D212%26fs%3D3%26ft%3Dgif%26f%3D2%26fm%3Di%26ftbURI%3Dhttp%253A%252F%252Fwww.ask.com%252Fpictures%253Fq%253Djury%2526page%253D2%2526o%253D0%2526l%253Ddir%2526pstart%253D10&qt=0" "Mozilla/4.0 (compatible; MSIE 7.0; Windows NT 5.1; FunWebProducts; Comcast Install 1.0; .NET CLR 2.0.50727)"
76.120.166.129 - - [18/Dec/2008:19:40:27 -0500] "GET /rapture/tbj-jury.gif HTTP/1.1" 200 3904 "http://www.toastpoint.com/rapture/rapture.html" "Mozilla/4.0 (compatible; MSIE 7.0; Windows NT 5.1; FunWebProducts; Comcast Install 1.0; .NET CLR 2.0.50727)"
76.120.166.129 - - [18/Dec/2008:19:40:27 -0500] "GET /rapture/sor-well.gif HTTP/1.1" 200 2583 "http://www.toastpoint.com/rapture/rapture.html" "Mozilla/4.0 (compatible; MSIE 7.0; Windows NT 5.1; FunWebProducts; Comcast Install 1.0; .NET CLR 2.0.50727)"
