12.226.245.241 - - [20/Dec/2008:00:20:43 -0500] "GET /favicon.ico HTTP/1.1" 404 693 "http://www.toastpoint.com/limerick/naut199.html" "Mozilla/5.0 (Macintosh; U; PPC Mac OS X 10_4_11; en) AppleWebKit/525.27.1 (KHTML, like Gecko) Version/3.2.1 Safari/525.27.1"
12.226.245.241 - - [20/Dec/2008:00:20:44 -0500] "GET /gifs/goldstar.jpg HTTP/1.1" 200 1854 "http://www.toastpoint.com/limerick/naut199.html" "Mozilla/5.0 (Macintosh; U; PPC Mac OS X 10_4_11; en) AppleWebKit/525.27.1 (KHTML, like Gecko) Version/3.2.1 Safari/525.27.1"
12.226.245.241 - - [20/Dec/2008:00:20:44 -0500] "GET /gifs/nakedman.gif HTTP/1.1" 200 7734 "http://www.toastpoint.com/limerick/naut199.html" "Mozilla/5.0 (Macintosh; U; PPC Mac OS X 10_4_11; en) AppleWebKit/525.27.1 (KHTML, like Gecko) Version/3.2.1 Safari/525.27.1"
12.226.245.241 - - [20/Dec/2008:00:20:43 -0500] "GET /limerick/naut199.html HTTP/1.1" 200 34481 "http://www.toastpoint.com/limerick/naut199.html" "Mozilla/5.0 (Macintosh; U; PPC Mac OS X 10_4_11; en) AppleWebKit/525.27.1 (KHTML, like Gecko) Version/3.2.1 Safari/525.27.1"
12.226.245.241 - - [20/Dec/2008:00:20:46 -0500] "GET /gifs/boobies.gif HTTP/1.1" 200 11144 "http://www.toastpoint.com/limerick/naut199.html" "Mozilla/5.0 (Macintosh; U; PPC Mac OS X 10_4_11; en) AppleWebKit/525.27.1 (KHTML, like Gecko) Version/3.2.1 Safari/525.27.1"
67.202.43.229 - - [20/Dec/2008:00:28:49 -0500] "GET /robots.txt HTTP/1.0" 404 693 "-" "ia_archiver (+http://www.alexa.com/site/help/webmasters; crawler@alexa.com)"
67.202.43.229 - - [20/Dec/2008:00:28:49 -0500] "GET / HTTP/1.0" 200 464 "-" "ia_archiver (+http://www.alexa.com/site/help/webmasters; crawler@alexa.com)"
67.202.43.229 - - [20/Dec/2008:00:29:02 -0500] "GET /limerick/nice499.html HTTP/1.0" 200 24193 "-" "ia_archiver (+http://www.alexa.com/site/help/webmasters; crawler@alexa.com)"
216.183.81.221 - - [20/Dec/2008:00:42:29 -0500] "GET / HTTP/1.1" 200 464 "-" "Wget/1.10.2"
124.115.1.7 - - [20/Dec/2008:01:19:58 -0500] "GET / HTTP/1.1" 200 464 "http://www.toastpoint.com/" "Mozilla/4.0 (compatible; MSIE 6.0; Windows NT 5.1)"
124.115.1.7 - - [20/Dec/2008:01:20:11 -0500] "GET /toastpointtopleft.html HTTP/1.1" 200 162 "http://www.toastpoint.com/toastpointtopleft.html" "Mozilla/4.0 (compatible; MSIE 6.0; Windows NT 5.1)"
124.115.1.7 - - [20/Dec/2008:01:20:12 -0500] "GET /toastpointtoc.html HTTP/1.1" 200 1188 "http://www.toastpoint.com/toastpointtoc.html" "Mozilla/4.0 (compatible; MSIE 6.0; Windows NT 5.1)"
124.115.1.7 - - [20/Dec/2008:01:20:12 -0500] "GET /news.html HTTP/1.1" 200 17706 "http://www.toastpoint.com/news.html" "Mozilla/4.0 (compatible; MSIE 6.0; Windows NT 5.1)"
124.115.1.7 - - [20/Dec/2008:01:20:13 -0500] "GET /toastpointtopright.html HTTP/1.1" 200 151 "http://www.toastpoint.com/toastpointtopright.html" "Mozilla/4.0 (compatible; MSIE 6.0; Windows NT 5.1)"
124.115.1.7 - - [20/Dec/2008:01:20:14 -0500] "GET /tpnews.html HTTP/1.1" 200 8305 "http://www.toastpoint.com/tpnews.html" "Mozilla/4.0 (compatible; MSIE 6.0; Windows NT 5.1)"
124.115.1.66 - - [20/Dec/2008:01:36:43 -0500] "GET / HTTP/1.1" 200 464 "http://www.toastpoint.com/" "Mozilla/4.0 (compatible; MSIE 6.0; Windows NT 5.1)"
124.115.1.66 - - [20/Dec/2008:01:36:55 -0500] "GET /toastpointtopleft.html HTTP/1.1" 200 162 "http://www.toastpoint.com/toastpointtopleft.html" "Mozilla/4.0 (compatible; MSIE 6.0; Windows NT 5.1)"
124.115.1.66 - - [20/Dec/2008:01:36:56 -0500] "GET /toastpointtoc.html HTTP/1.1" 200 1188 "http://www.toastpoint.com/toastpointtoc.html" "Mozilla/4.0 (compatible; MSIE 6.0; Windows NT 5.1)"
124.115.1.66 - - [20/Dec/2008:01:36:57 -0500] "GET /news.html HTTP/1.1" 200 17706 "http://www.toastpoint.com/news.html" "Mozilla/4.0 (compatible; MSIE 6.0; Windows NT 5.1)"
124.115.1.66 - - [20/Dec/2008:01:36:58 -0500] "GET /toastpointtopright.html HTTP/1.1" 200 151 "http://www.toastpoint.com/toastpointtopright.html" "Mozilla/4.0 (compatible; MSIE 6.0; Windows NT 5.1)"
124.115.1.66 - - [20/Dec/2008:01:36:59 -0500] "GET /tpnews.html HTTP/1.1" 200 8305 "http://www.toastpoint.com/tpnews.html" "Mozilla/4.0 (compatible; MSIE 6.0; Windows NT 5.1)"
208.111.154.15 - - [20/Dec/2008:02:11:44 -0500] "GET /robots.txt HTTP/1.1" 404 693 "-" "Mozilla/5.0 (compatible; Charlotte/1.1; http://www.searchme.com/support/)"
193.252.149.15 - - [20/Dec/2008:02:29:02 -0500] "GET /fiction/fict499.html HTTP/1.1" 200 12868 "-" "Mozilla/5.0 (Windows; U; Windows NT 5.1; fr; rv:1.8.1) VoilaBot BETA 1.2 (support.voilabot@orange-ftgroup.com)"
64.1.215.164 - - [20/Dec/2008:03:11:22 -0500] "GET /haiku/1995/haikudec.html HTTP/1.0" 200 16366 "-" "Mozilla/5.0 (Twiceler-0.9 http://www.cuil.com/twiceler/robot.html)"
67.195.37.111 - - [20/Dec/2008:03:12:23 -0500] "GET /robots.txt HTTP/1.0" 404 693 "-" "Mozilla/5.0 (compatible; Yahoo! Slurp; http://help.yahoo.com/help/us/ysearch/slurp)"
67.195.37.111 - - [20/Dec/2008:03:12:23 -0500] "GET /haiku/haiku.html HTTP/1.0" 200 2147 "-" "Mozilla/5.0 (compatible; Yahoo! DE Slurp; http://help.yahoo.com/help/us/ysearch/slurp)"
216.183.81.221 - - [20/Dec/2008:03:19:21 -0500] "GET / HTTP/1.1" 304 - "-" "Wget/1.10.2"
24.60.180.128 - - [20/Dec/2008:03:26:39 -0500] "GET http://www.toastpoint.com/ HTTP/1.0" 200 464 "-" "Mozilla/4.0 (compatible; MSIE 7.0b; Windows NT 6.0)"
208.36.144.8 - - [20/Dec/2008:03:44:25 -0500] "GET /limerick/1996/nau1096.html HTTP/1.0" 200 23475 "-" "Mozilla/5.0 (Twiceler-0.9 http://www.cuil.com/twiceler/robot.html)"
75.171.252.122 - - [20/Dec/2008:03:47:12 -0500] "GET /favicon.ico HTTP/1.1" 404 693 "-" "Mozilla/5.0 (Macintosh; U; PPC Mac OS X 10.4; en-US; rv:1.9.0.5) Gecko/2008120121 Firefox/3.0.5"
75.171.252.122 - - [20/Dec/2008:03:47:12 -0500] "GET /limerick/brady/brady98.html HTTP/1.1" 200 8297 "-" "Mozilla/5.0 (Macintosh; U; PPC Mac OS X 10.4; en-US; rv:1.9.0.5) Gecko/2008120121 Firefox/3.0.5"
75.171.252.122 - - [20/Dec/2008:03:47:13 -0500] "GET /gifs/goldstar.jpg HTTP/1.1" 200 1854 "http://www.toastpoint.com/limerick/brady/brady98.html" "Mozilla/5.0 (Macintosh; U; PPC Mac OS X 10.4; en-US; rv:1.9.0.5) Gecko/2008120121 Firefox/3.0.5"
75.171.252.122 - - [20/Dec/2008:03:47:12 -0500] "GET /limerick/brady/thebunch.gif HTTP/1.1" 200 41886 "http://www.toastpoint.com/limerick/brady/brady98.html" "Mozilla/5.0 (Macintosh; U; PPC Mac OS X 10.4; en-US; rv:1.9.0.5) Gecko/2008120121 Firefox/3.0.5"
75.171.252.122 - - [20/Dec/2008:03:47:15 -0500] "GET /favicon.ico HTTP/1.1" 404 693 "-" "Mozilla/5.0 (Macintosh; U; PPC Mac OS X 10.4; en-US; rv:1.9.0.5) Gecko/2008120121 Firefox/3.0.5"
75.171.252.122 - - [20/Dec/2008:03:47:15 -0500] "GET /favicon.ico HTTP/1.1" 404 693 "-" "Mozilla/5.0 (Macintosh; U; PPC Mac OS X 10.4; en-US; rv:1.9.0.5) Gecko/2008120121 Firefox/3.0.5"
81.52.143.26 - - [20/Dec/2008:04:30:11 -0500] "GET /limerick/naut299.html HTTP/1.1" 200 23095 "-" "Mozilla/5.0 (Windows; U; Windows NT 5.1; fr; rv:1.8.1) VoilaBot BETA 1.2 (support.voilabot@orange-ftgroup.com)"
81.52.143.26 - - [20/Dec/2008:05:12:54 -0500] "GET /robots.txt HTTP/1.1" 404 693 "-" "Mozilla/5.0 (Windows; U; Windows NT 5.1; fr; rv:1.8.1) VoilaBot BETA 1.2 (support.voilabot@orange-ftgroup.com)"
81.52.143.26 - - [20/Dec/2008:05:13:02 -0500] "GET /haiku/moral.html HTTP/1.1" 200 4692 "-" "Mozilla/5.0 (Windows; U; Windows NT 5.1; fr; rv:1.8.1) VoilaBot BETA 1.2 (support.voilabot@orange-ftgroup.com)"
81.52.143.16 - - [20/Dec/2008:05:16:54 -0500] "GET /haiku/?S=A HTTP/1.1" 403 563 "-" "Mozilla/5.0 (Windows; U; Windows NT 5.1; fr; rv:1.8.1) VoilaBot BETA 1.2 (support.voilabot@orange-ftgroup.com)"
74.6.30.101 - - [20/Dec/2008:05:25:22 -0500] "GET / HTTP/1.0" 200 464 "-" "Mozilla/5.0 (compatible; Yahoo! DE Slurp; http://help.yahoo.com/help/us/ysearch/slurp)"
74.6.30.101 - - [20/Dec/2008:05:25:23 -0500] "GET /toastpointtopleft.html HTTP/1.0" 200 162 "-" "Mozilla/5.0 (compatible; Yahoo! DE Slurp; http://help.yahoo.com/help/us/ysearch/slurp)"
74.6.30.101 - - [20/Dec/2008:05:25:23 -0500] "GET /toastpointtoc.html HTTP/1.0" 200 1188 "-" "Mozilla/5.0 (compatible; Yahoo! DE Slurp; http://help.yahoo.com/help/us/ysearch/slurp)"
74.6.30.101 - - [20/Dec/2008:05:25:24 -0500] "GET /news.html HTTP/1.0" 200 17706 "-" "Mozilla/5.0 (compatible; Yahoo! DE Slurp; http://help.yahoo.com/help/us/ysearch/slurp)"
74.6.30.101 - - [20/Dec/2008:05:25:24 -0500] "GET /toastpointtopright.html HTTP/1.0" 200 151 "-" "Mozilla/5.0 (compatible; Yahoo! DE Slurp; http://help.yahoo.com/help/us/ysearch/slurp)"
74.6.30.101 - - [20/Dec/2008:05:25:24 -0500] "GET /tpnews.html HTTP/1.0" 200 8305 "-" "Mozilla/5.0 (compatible; Yahoo! DE Slurp; http://help.yahoo.com/help/us/ysearch/slurp)"
208.111.154.26 - - [20/Dec/2008:05:53:54 -0500] "GET /robots.txt HTTP/1.1" 404 693 "-" "Mozilla/5.0 (compatible; Charlotte/1.1; http://www.searchme.com/support/)"
65.55.210.6 - - [20/Dec/2008:05:54:01 -0500] "GET /robots.txt HTTP/1.1" 404 693 "-" "msnbot/1.1 (+http://search.msn.com/msnbot.htm)"
65.55.210.6 - - [20/Dec/2008:05:54:01 -0500] "GET /limerick/ HTTP/1.1" 403 563 "-" "msnbot/1.1 (+http://search.msn.com/msnbot.htm)"
81.52.143.15 - - [20/Dec/2008:06:30:05 -0500] "GET /limerick/?D=A HTTP/1.1" 403 563 "-" "Mozilla/5.0 (Windows; U; Windows NT 5.1; fr; rv:1.8.1) VoilaBot BETA 1.2 (support.voilabot@orange-ftgroup.com)"
81.52.143.15 - - [20/Dec/2008:06:51:46 -0500] "GET /limerick/?S=D HTTP/1.1" 403 563 "-" "Mozilla/5.0 (Windows; U; Windows NT 5.1; fr; rv:1.8.1) VoilaBot BETA 1.2 (support.voilabot@orange-ftgroup.com)"
81.52.143.26 - - [20/Dec/2008:06:59:14 -0500] "GET /haiku/?D=A HTTP/1.1" 403 563 "-" "Mozilla/5.0 (Windows; U; Windows NT 5.1; fr; rv:1.8.1) VoilaBot BETA 1.2 (support.voilabot@orange-ftgroup.com)"
81.52.143.16 - - [20/Dec/2008:07:32:12 -0500] "GET /limerick/?M=D HTTP/1.1" 403 563 "-" "Mozilla/5.0 (Windows; U; Windows NT 5.1; fr; rv:1.8.1) VoilaBot BETA 1.2 (support.voilabot@orange-ftgroup.com)"
193.252.149.16 - - [20/Dec/2008:07:48:08 -0500] "GET /limerick/?M=A HTTP/1.1" 403 563 "-" "Mozilla/5.0 (Windows; U; Windows NT 5.1; fr; rv:1.8.1) VoilaBot BETA 1.2 (support.voilabot@orange-ftgroup.com)"
206.163.123.217 - - [20/Dec/2008:07:57:43 -0500] "GET / HTTP/1.1" 200 464 "http://006a13a.netsolhost.com/" "Mozilla/5.0 (X11; U; Linux i686 (x86_64); en-US; rv:1.8.0.1) Gecko/20060124 Firefox/1.5.0.1"
208.111.154.16 - - [20/Dec/2008:08:03:17 -0500] "GET /robots.txt HTTP/1.1" 404 693 "-" "Mozilla/5.0 (compatible; Charlotte/1.1; http://www.searchme.com/support/)"
64.1.215.164 - - [20/Dec/2008:08:28:16 -0500] "GET /fiction/fict98/fict998.html HTTP/1.0" 200 7905 "-" "Mozilla/5.0 (Twiceler-0.9 http://www.cuil.com/twiceler/robot.html)"
208.111.154.16 - - [20/Dec/2008:08:32:04 -0500] "GET /robots.txt HTTP/1.1" 404 693 "-" "Mozilla/5.0 (compatible; Charlotte/1.1; http://www.searchme.com/support/)"
208.111.154.16 - - [20/Dec/2008:08:32:24 -0500] "GET /fiction/fict9596/fic1096.html HTTP/1.1" 200 26986 "-" "Mozilla/5.0 (compatible; Charlotte/1.1; http://www.searchme.com/support/)"
124.115.10.193 - - [20/Dec/2008:08:33:54 -0500] "GET / HTTP/1.1" 200 464 "http://www.toastpoint.com/" "Mozilla/4.0 (compatible; MSIE 6.0; Windows NT 5.1)"
124.115.10.193 - - [20/Dec/2008:08:34:06 -0500] "GET /toastpointtopleft.html HTTP/1.1" 200 162 "http://www.toastpoint.com/toastpointtopleft.html" "Mozilla/4.0 (compatible; MSIE 6.0; Windows NT 5.1)"
124.115.10.193 - - [20/Dec/2008:08:34:06 -0500] "GET /toastpointtoc.html HTTP/1.1" 200 1188 "http://www.toastpoint.com/toastpointtoc.html" "Mozilla/4.0 (compatible; MSIE 6.0; Windows NT 5.1)"
124.115.10.193 - - [20/Dec/2008:08:34:07 -0500] "GET /news.html HTTP/1.1" 200 17706 "http://www.toastpoint.com/news.html" "Mozilla/4.0 (compatible; MSIE 6.0; Windows NT 5.1)"
124.115.10.193 - - [20/Dec/2008:08:34:13 -0500] "GET /toastpointtopright.html HTTP/1.1" 200 151 "http://www.toastpoint.com/toastpointtopright.html" "Mozilla/4.0 (compatible; MSIE 6.0; Windows NT 5.1)"
124.115.10.193 - - [20/Dec/2008:08:34:16 -0500] "GET /tpnews.html HTTP/1.1" 200 8305 "http://www.toastpoint.com/tpnews.html" "Mozilla/4.0 (compatible; MSIE 6.0; Windows NT 5.1)"
193.252.149.16 - - [20/Dec/2008:08:38:25 -0500] "GET /limerick/?N=A HTTP/1.1" 403 563 "-" "Mozilla/5.0 (Windows; U; Windows NT 5.1; fr; rv:1.8.1) VoilaBot BETA 1.2 (support.voilabot@orange-ftgroup.com)"
216.183.81.221 - - [20/Dec/2008:09:26:19 -0500] "GET / HTTP/1.1" 304 - "-" "Wget/1.10.2"
208.115.111.245 - - [20/Dec/2008:09:42:47 -0500] "GET /robots.txt HTTP/1.1" 404 693 "-" "Mozilla/5.0 (compatible; DotBot/1.1; http://www.dotnetdotcom.org/, crawler@dotnetdotcom.org)"
203.81.209.68 - - [20/Dec/2008:10:08:27 -0500] "GET http://www.toastpoint.com/ HTTP/1.0" 200 464 "-" "Mozilla/4.0 (compatible; MSIE 7.0b; Windows NT 6.0)"
216.183.81.221 - - [20/Dec/2008:10:15:09 -0500] "GET / HTTP/1.1" 304 - "-" "Wget/1.10.2"
208.111.154.15 - - [20/Dec/2008:10:20:36 -0500] "GET /robots.txt HTTP/1.1" 404 693 "-" "Mozilla/5.0 (compatible; Charlotte/1.1; http://www.searchme.com/support/)"
208.111.154.15 - - [20/Dec/2008:10:20:56 -0500] "GET /fiction/fict9596/fic1196.html HTTP/1.1" 200 27915 "-" "Mozilla/5.0 (compatible; Charlotte/1.1; http://www.searchme.com/support/)"
210.4.126.84 - - [20/Dec/2008:10:57:12 -0500] "GET /haiku/haiku299.html HTTP/1.1" 200 68017 "http://www.google.com.ph/m?eosr=on&q=Kristine+Bondoc&start=10&site=web&sa=N" "Mozilla/5.0 (SymbianOS/9.1; U; en-us) AppleWebKit/413 (KHTML, like Gecko) Safari/413"
210.4.126.84 - - [20/Dec/2008:10:57:16 -0500] "GET /gifs/goldstar.jpg HTTP/1.1" 200 1854 "http://www.toastpoint.com/haiku/haiku299.html" "Mozilla/5.0 (SymbianOS/9.1; U; en-us) AppleWebKit/413 (KHTML, like Gecko) Safari/413"
210.4.126.84 - - [20/Dec/2008:10:57:17 -0500] "GET /gifs/japan.gif HTTP/1.1" 200 5737 "http://www.toastpoint.com/haiku/haiku299.html" "Mozilla/5.0 (SymbianOS/9.1; U; en-us) AppleWebKit/413 (KHTML, like Gecko) Safari/413"
210.4.126.84 - - [20/Dec/2008:10:57:17 -0500] "GET /gifs/blank.jpg HTTP/1.1" 200 705 "http://www.toastpoint.com/haiku/haiku299.html" "Mozilla/5.0 (SymbianOS/9.1; U; en-us) AppleWebKit/413 (KHTML, like Gecko) Safari/413"
208.111.154.16 - - [20/Dec/2008:11:06:17 -0500] "GET /robots.txt HTTP/1.1" 404 693 "-" "Mozilla/5.0 (compatible; Charlotte/1.1; http://www.searchme.com/support/)"
208.111.154.16 - - [20/Dec/2008:11:06:30 -0500] "GET /fiction/fict9596/fict196.html HTTP/1.1" 200 12060 "-" "Mozilla/5.0 (compatible; Charlotte/1.1; http://www.searchme.com/support/)"
208.80.194.49 - - [20/Dec/2008:11:35:49 -0500] "GET / HTTP/1.0" 200 464 "-" "Mozilla/4.0 (compatible; MSIE 7.0; Windows NT 6.0; NetCaptor 7.5.4; SLCC1; .NET CLR 2.0.50727; Media Center PC 5.0; .NET CLR 3.0.04506; InfoPath.2; .NET CLR 1.1.4322)"
64.1.215.164 - - [20/Dec/2008:11:36:59 -0500] "GET /whytoastpoint.html HTTP/1.0" 200 605 "-" "Mozilla/5.0 (Twiceler-0.9 http://www.cuil.com/twiceler/robot.html)"
74.6.76.45 - - [20/Dec/2008:12:03:04 -0500] "GET /haiku/haiku.html HTTP/1.0" 200 2147 "-" "Mozilla/5.0 (compatible; Yahoo! DE Slurp; http://help.yahoo.com/help/us/ysearch/slurp)"
193.252.149.16 - - [20/Dec/2008:12:11:41 -0500] "GET /haiku/?N=D HTTP/1.1" 403 563 "-" "Mozilla/5.0 (Windows; U; Windows NT 5.1; fr; rv:1.8.1) VoilaBot BETA 1.2 (support.voilabot@orange-ftgroup.com)"
208.111.154.15 - - [20/Dec/2008:12:27:31 -0500] "GET /robots.txt HTTP/1.1" 404 693 "-" "Mozilla/5.0 (compatible; Charlotte/1.1; http://www.searchme.com/support/)"
208.111.154.15 - - [20/Dec/2008:12:27:50 -0500] "GET /travel/bayarea.html HTTP/1.1" 404 693 "-" "Mozilla/5.0 (compatible; Charlotte/1.1; http://www.searchme.com/support/)"
99.253.255.50 - - [20/Dec/2008:12:41:12 -0500] "GET / HTTP/1.1" 200 464 "http://www.google.ca/search?hl=en&safe=off&client=firefox-a&rls=org.mozilla%3Aen-GB%3Aofficial&hs=o25&q=making+toast+points&btnG=Search&meta=" "Mozilla/5.0 (Macintosh; U; Intel Mac OS X 10.4; en-GB; rv:1.9.0.5) Gecko/2008120121 Firefox/3.0.5"
99.253.255.50 - - [20/Dec/2008:12:41:13 -0500] "GET /toastpointtopleft.html HTTP/1.1" 200 162 "http://www.toastpoint.com/" "Mozilla/5.0 (Macintosh; U; Intel Mac OS X 10.4; en-GB; rv:1.9.0.5) Gecko/2008120121 Firefox/3.0.5"
99.253.255.50 - - [20/Dec/2008:12:41:13 -0500] "GET /news.html HTTP/1.1" 200 17706 "http://www.toastpoint.com/" "Mozilla/5.0 (Macintosh; U; Intel Mac OS X 10.4; en-GB; rv:1.9.0.5) Gecko/2008120121 Firefox/3.0.5"
99.253.255.50 - - [20/Dec/2008:12:41:13 -0500] "GET /toastpointtoc.html HTTP/1.1" 200 1188 "http://www.toastpoint.com/" "Mozilla/5.0 (Macintosh; U; Intel Mac OS X 10.4; en-GB; rv:1.9.0.5) Gecko/2008120121 Firefox/3.0.5"
99.253.255.50 - - [20/Dec/2008:12:41:13 -0500] "GET /toastpointtopright.html HTTP/1.1" 200 151 "http://www.toastpoint.com/" "Mozilla/5.0 (Macintosh; U; Intel Mac OS X 10.4; en-GB; rv:1.9.0.5) Gecko/2008120121 Firefox/3.0.5"
99.253.255.50 - - [20/Dec/2008:12:41:13 -0500] "GET /tpnews.html HTTP/1.1" 200 8305 "http://www.toastpoint.com/" "Mozilla/5.0 (Macintosh; U; Intel Mac OS X 10.4; en-GB; rv:1.9.0.5) Gecko/2008120121 Firefox/3.0.5"
99.253.255.50 - - [20/Dec/2008:12:41:13 -0500] "GET /gifs/tpwinter20089.jpg HTTP/1.1" 200 28088 "http://www.toastpoint.com/news.html" "Mozilla/5.0 (Macintosh; U; Intel Mac OS X 10.4; en-GB; rv:1.9.0.5) Gecko/2008120121 Firefox/3.0.5"
99.253.255.50 - - [20/Dec/2008:12:41:15 -0500] "GET /favicon.ico HTTP/1.1" 404 693 "-" "Mozilla/5.0 (Macintosh; U; Intel Mac OS X 10.4; en-GB; rv:1.9.0.5) Gecko/2008120121 Firefox/3.0.5"
99.253.255.50 - - [20/Dec/2008:12:41:16 -0500] "GET /favicon.ico HTTP/1.1" 404 693 "-" "Mozilla/5.0 (Macintosh; U; Intel Mac OS X 10.4; en-GB; rv:1.9.0.5) Gecko/2008120121 Firefox/3.0.5"
216.183.81.221 - - [20/Dec/2008:13:00:43 -0500] "GET / HTTP/1.1" 304 - "-" "Wget/1.10.2"
74.6.76.45 - - [20/Dec/2008:13:02:38 -0500] "GET / HTTP/1.0" 200 464 "-" "Mozilla/5.0 (compatible; Yahoo! DE Slurp; http://help.yahoo.com/help/us/ysearch/slurp)"
74.6.76.45 - - [20/Dec/2008:13:02:39 -0500] "GET /toastpointtopleft.html HTTP/1.0" 200 162 "-" "Mozilla/5.0 (compatible; Yahoo! DE Slurp; http://help.yahoo.com/help/us/ysearch/slurp)"
74.6.76.45 - - [20/Dec/2008:13:02:40 -0500] "GET /toastpointtoc.html HTTP/1.0" 200 1188 "-" "Mozilla/5.0 (compatible; Yahoo! DE Slurp; http://help.yahoo.com/help/us/ysearch/slurp)"
74.6.76.45 - - [20/Dec/2008:13:02:41 -0500] "GET /news.html HTTP/1.0" 200 17706 "-" "Mozilla/5.0 (compatible; Yahoo! DE Slurp; http://help.yahoo.com/help/us/ysearch/slurp)"
74.6.76.45 - - [20/Dec/2008:13:02:43 -0500] "GET /toastpointtopright.html HTTP/1.0" 200 151 "-" "Mozilla/5.0 (compatible; Yahoo! DE Slurp; http://help.yahoo.com/help/us/ysearch/slurp)"
74.6.76.45 - - [20/Dec/2008:13:02:44 -0500] "GET /tpnews.html HTTP/1.0" 200 8305 "-" "Mozilla/5.0 (compatible; Yahoo! DE Slurp; http://help.yahoo.com/help/us/ysearch/slurp)"
208.115.138.254 - - [20/Dec/2008:13:07:12 -0500] "GET /limerick/naut199.html HTTP/1.1" 200 34481 "-" "Mozilla/4.0"
209.85.136.136 - - [20/Dec/2008:13:07:13 -0500] "GET /limerick/naut199.html HTTP/1.0" 200 34481 "-" "Mozilla/4.0 (compatible; MSIE 6.0; Windows NT 5.0; Google Wireless Transcoder;)"
65.55.165.53 - - [20/Dec/2008:13:13:18 -0500] "GET /limerick/1996/nice496.html HTTP/1.0" 200 15372 "http://search.live.com/results.aspx?q=toastpoint" "Mozilla/4.0 (compatible; MSIE 6.0; Windows NT 5.2; SV1; .NET CLR 1.1.4322)"
208.115.111.245 - - [20/Dec/2008:13:20:24 -0500] "GET /limerick/1998/nice598.html HTTP/1.1" 200 45520 "-" "Mozilla/5.0 (compatible; DotBot/1.1; http://www.dotnetdotcom.org/, crawler@dotnetdotcom.org)"
208.115.111.245 - - [20/Dec/2008:13:20:27 -0500] "GET /limerick/1998/nice698.html HTTP/1.1" 200 24183 "-" "Mozilla/5.0 (compatible; DotBot/1.1; http://www.dotnetdotcom.org/, crawler@dotnetdotcom.org)"
208.115.111.245 - - [20/Dec/2008:13:20:28 -0500] "GET /limerick/1998/nice798.html HTTP/1.1" 200 18342 "-" "Mozilla/5.0 (compatible; DotBot/1.1; http://www.dotnetdotcom.org/, crawler@dotnetdotcom.org)"
208.115.111.245 - - [20/Dec/2008:13:20:28 -0500] "GET /limerick/1998/nice998.html HTTP/1.1" 200 24712 "-" "Mozilla/5.0 (compatible; DotBot/1.1; http://www.dotnetdotcom.org/, crawler@dotnetdotcom.org)"
208.115.111.245 - - [20/Dec/2008:13:20:30 -0500] "GET /limerick/brady/brady1.html HTTP/1.1" 200 4493 "-" "Mozilla/5.0 (compatible; DotBot/1.1; http://www.dotnetdotcom.org/, crawler@dotnetdotcom.org)"
208.115.111.245 - - [20/Dec/2008:13:20:31 -0500] "GET /limerick/brady/brady96.html HTTP/1.1" 200 6418 "-" "Mozilla/5.0 (compatible; DotBot/1.1; http://www.dotnetdotcom.org/, crawler@dotnetdotcom.org)"
208.115.111.245 - - [20/Dec/2008:13:20:32 -0500] "GET /limerick/brady/brady97.html HTTP/1.1" 200 10474 "-" "Mozilla/5.0 (compatible; DotBot/1.1; http://www.dotnetdotcom.org/, crawler@dotnetdotcom.org)"
208.115.111.245 - - [20/Dec/2008:13:20:33 -0500] "GET /limerick/brady/brady98.html HTTP/1.1" 200 8297 "-" "Mozilla/5.0 (compatible; DotBot/1.1; http://www.dotnetdotcom.org/, crawler@dotnetdotcom.org)"
208.115.111.245 - - [20/Dec/2008:13:20:35 -0500] "GET /limerick/brady/brady99.html HTTP/1.1" 200 7546 "-" "Mozilla/5.0 (compatible; DotBot/1.1; http://www.dotnetdotcom.org/, crawler@dotnetdotcom.org)"
208.115.111.245 - - [20/Dec/2008:13:20:36 -0500] "GET /limerick/brady/bradyfrm.html HTTP/1.1" 200 546 "-" "Mozilla/5.0 (compatible; DotBot/1.1; http://www.dotnetdotcom.org/, crawler@dotnetdotcom.org)"
81.52.143.16 - - [20/Dec/2008:13:41:19 -0500] "GET /limerick/1998/nice498.html HTTP/1.1" 200 32863 "-" "Mozilla/5.0 (Windows; U; Windows NT 5.1; fr; rv:1.8.1) VoilaBot BETA 1.2 (support.voilabot@orange-ftgroup.com)"
124.115.1.66 - - [20/Dec/2008:13:53:10 -0500] "GET / HTTP/1.1" 200 464 "http://www.toastpoint.com/" "Mozilla/4.0 (compatible; MSIE 6.0; Windows NT 5.1)"
124.115.1.66 - - [20/Dec/2008:13:53:21 -0500] "GET /toastpointtopleft.html HTTP/1.1" 200 162 "http://www.toastpoint.com/toastpointtopleft.html" "Mozilla/4.0 (compatible; MSIE 6.0; Windows NT 5.1)"
124.115.1.66 - - [20/Dec/2008:13:53:22 -0500] "GET /toastpointtoc.html HTTP/1.1" 200 1188 "http://www.toastpoint.com/toastpointtoc.html" "Mozilla/4.0 (compatible; MSIE 6.0; Windows NT 5.1)"
124.115.1.66 - - [20/Dec/2008:13:53:27 -0500] "GET /news.html HTTP/1.1" 200 17706 "http://www.toastpoint.com/news.html" "Mozilla/4.0 (compatible; MSIE 6.0; Windows NT 5.1)"
124.115.1.66 - - [20/Dec/2008:13:53:28 -0500] "GET /toastpointtopright.html HTTP/1.1" 200 151 "http://www.toastpoint.com/toastpointtopright.html" "Mozilla/4.0 (compatible; MSIE 6.0; Windows NT 5.1)"
124.115.1.66 - - [20/Dec/2008:13:53:29 -0500] "GET /tpnews.html HTTP/1.1" 200 8305 "http://www.toastpoint.com/tpnews.html" "Mozilla/4.0 (compatible; MSIE 6.0; Windows NT 5.1)"
8.21.4.254 - - [20/Dec/2008:13:59:50 -0500] "GET /limerick/naut199.html HTTP/1.1" 200 34481 "-" "Mozilla/4.0"
74.6.30.119 - - [20/Dec/2008:14:57:51 -0500] "GET /haiku/haiku.html HTTP/1.0" 200 2147 "-" "Mozilla/5.0 (compatible; Yahoo! DE Slurp; http://help.yahoo.com/help/us/ysearch/slurp)"
81.52.143.15 - - [20/Dec/2008:15:08:31 -0500] "GET /limerick/nicefrm.html HTTP/1.1" 200 557 "-" "Mozilla/5.0 (Windows; U; Windows NT 5.1; fr; rv:1.8.1) VoilaBot BETA 1.2 (support.voilabot@orange-ftgroup.com)"
216.183.81.221 - - [20/Dec/2008:15:15:59 -0500] "GET / HTTP/1.1" 304 - "-" "Wget/1.10.2"
72.30.65.24 - - [20/Dec/2008:16:01:05 -0500] "GET /robots.txt HTTP/1.0" 404 693 "-" "Mozilla/5.0 (compatible; Yahoo! Slurp; http://help.yahoo.com/help/us/ysearch/slurp)"
72.30.65.24 - - [20/Dec/2008:16:01:24 -0500] "GET /wumpus.html HTTP/1.0" 200 566 "-" "Mozilla/5.0 (compatible; Yahoo! Slurp; http://help.yahoo.com/help/us/ysearch/slurp)"
81.52.143.16 - - [20/Dec/2008:16:01:30 -0500] "GET /haiku/haiku.html HTTP/1.1" 200 2147 "-" "Mozilla/5.0 (Windows; U; Windows NT 5.1; fr; rv:1.8.1) VoilaBot BETA 1.2 (support.voilabot@orange-ftgroup.com)"
72.232.71.210 - - [20/Dec/2008:16:32:20 -0500] "GET /news.html HTTP/1.1" 200 17706 "-" "Mozilla/4.0 (compatible; MSIE 5.01; Windows NT 5.0)"
81.52.143.15 - - [20/Dec/2008:17:04:42 -0500] "GET /haiku/?M=A HTTP/1.1" 403 563 "-" "Mozilla/5.0 (Windows; U; Windows NT 5.1; fr; rv:1.8.1) VoilaBot BETA 1.2 (support.voilabot@orange-ftgroup.com)"
93.107.203.172 - - [20/Dec/2008:17:14:48 -0500] "GET /favicon.ico HTTP/1.1" 404 693 "-" "Mozilla/4.0 (compatible; MSIE 7.0; Windows NT 6.0; SLCC1; .NET CLR 2.0.50727; .NET CLR 3.0.04506)"
93.107.203.172 - - [20/Dec/2008:17:14:49 -0500] "GET /gifs/boobies.gif HTTP/1.1" 200 11144 "http://www.toastpoint.com/limerick/naut199.html" "Mozilla/4.0 (compatible; MSIE 7.0; Windows NT 6.0; SLCC1; .NET CLR 2.0.50727; .NET CLR 3.0.04506)"
93.107.203.172 - - [20/Dec/2008:17:14:49 -0500] "GET /gifs/goldstar.jpg HTTP/1.1" 200 1854 "http://www.toastpoint.com/limerick/naut199.html" "Mozilla/4.0 (compatible; MSIE 7.0; Windows NT 6.0; SLCC1; .NET CLR 2.0.50727; .NET CLR 3.0.04506)"
93.107.203.172 - - [20/Dec/2008:17:14:49 -0500] "GET /gifs/nakedman.gif HTTP/1.1" 200 7734 "http://www.toastpoint.com/limerick/naut199.html" "Mozilla/4.0 (compatible; MSIE 7.0; Windows NT 6.0; SLCC1; .NET CLR 2.0.50727; .NET CLR 3.0.04506)"
93.107.203.172 - - [20/Dec/2008:17:14:49 -0500] "GET /limerick/naut199.html HTTP/1.1" 200 34481 "-" "Mozilla/4.0 (compatible; MSIE 7.0; Windows NT 6.0; SLCC1; .NET CLR 2.0.50727; .NET CLR 3.0.04506)"
64.1.215.164 - - [20/Dec/2008:17:19:30 -0500] "GET /limerick/1997/naut297.html HTTP/1.0" 200 31034 "-" "Mozilla/5.0 (Twiceler-0.9 http://www.cuil.com/twiceler/robot.html)"
63.241.3.51 - - [20/Dec/2008:17:31:45 -0500] "GET /limerick/limerick.html HTTP/1.1" 200 2613 "-" "Mozilla/4.0 (compatible; MSIE 7.0; Windows NT 5.1; .NET CLR 1.1.4322; .NET CLR 2.0.50727; InfoPath.1; .NET CLR 3.0.04506.30; .NET CLR 3.0.04506.648)"
81.52.143.26 - - [20/Dec/2008:17:41:11 -0500] "GET /limerick/ HTTP/1.1" 403 563 "-" "Mozilla/5.0 (Windows; U; Windows NT 5.1; fr; rv:1.8.1) VoilaBot BETA 1.2 (support.voilabot@orange-ftgroup.com)"
216.183.81.221 - - [20/Dec/2008:19:14:42 -0500] "GET / HTTP/1.1" 304 - "-" "Wget/1.10.2"
66.190.13.35 - - [20/Dec/2008:19:27:43 -0500] "GET /favicon.ico HTTP/1.1" 404 693 "-" "Mozilla/5.0 (Windows; U; Windows NT 6.0; en-US; rv:1.9.0.5) Gecko/2008120122 Firefox/3.0.5"
66.190.13.35 - - [20/Dec/2008:19:27:44 -0500] "GET /gifs/japan.gif HTTP/1.1" 200 5737 "http://www.toastpoint.com/haiku/1998/haiku298.html" "Mozilla/5.0 (Windows; U; Windows NT 6.0; en-US; rv:1.9.0.5) Gecko/2008120122 Firefox/3.0.5"
66.190.13.35 - - [20/Dec/2008:19:27:43 -0500] "GET /haiku/1998/haiku298.html HTTP/1.1" 200 35588 "-" "Mozilla/5.0 (Windows; U; Windows NT 6.0; en-US; rv:1.9.0.5) Gecko/2008120122 Firefox/3.0.5"
66.190.13.35 - - [20/Dec/2008:19:27:44 -0500] "GET /gifs/goldstar.jpg HTTP/1.1" 200 1854 "http://www.toastpoint.com/haiku/1998/haiku298.html" "Mozilla/5.0 (Windows; U; Windows NT 6.0; en-US; rv:1.9.0.5) Gecko/2008120122 Firefox/3.0.5"
66.190.13.35 - - [20/Dec/2008:19:27:46 -0500] "GET /favicon.ico HTTP/1.1" 404 693 "-" "Mozilla/5.0 (Windows; U; Windows NT 6.0; en-US; rv:1.9.0.5) Gecko/2008120122 Firefox/3.0.5"
66.190.13.35 - - [20/Dec/2008:19:27:46 -0500] "GET /favicon.ico HTTP/1.1" 404 693 "-" "Mozilla/5.0 (Windows; U; Windows NT 6.0; en-US; rv:1.9.0.5) Gecko/2008120122 Firefox/3.0.5"
81.52.143.15 - - [20/Dec/2008:19:35:28 -0500] "GET / HTTP/1.1" 200 464 "-" "Mozilla/5.0 (Windows; U; Windows NT 5.1; fr; rv:1.8.1) VoilaBot BETA 1.2 (support.voilabot@orange-ftgroup.com)"
208.80.194.47 - - [20/Dec/2008:19:35:43 -0500] "GET / HTTP/1.0" 200 464 "-" "Mozilla/4.0 (compatible; MSIE 6.0; Windows NT 5.1; Bloomingdale Communications Inc.; FunWebProducts; Creative ZENcast v1.02.12)"
81.52.143.15 - - [20/Dec/2008:19:35:45 -0500] "GET /tpnews.html HTTP/1.1" 200 8305 "-" "Mozilla/5.0 (Windows; U; Windows NT 5.1; fr; rv:1.8.1) VoilaBot BETA 1.2 (support.voilabot@orange-ftgroup.com)"
81.52.143.15 - - [20/Dec/2008:19:35:45 -0500] "GET /toastpointtopleft.html HTTP/1.1" 200 162 "-" "Mozilla/5.0 (Windows; U; Windows NT 5.1; fr; rv:1.8.1) VoilaBot BETA 1.2 (support.voilabot@orange-ftgroup.com)"
81.52.143.15 - - [20/Dec/2008:19:35:45 -0500] "GET /news.html HTTP/1.1" 200 17706 "-" "Mozilla/5.0 (Windows; U; Windows NT 5.1; fr; rv:1.8.1) VoilaBot BETA 1.2 (support.voilabot@orange-ftgroup.com)"
81.52.143.15 - - [20/Dec/2008:19:35:45 -0500] "GET /toastpointtopright.html HTTP/1.1" 200 151 "-" "Mozilla/5.0 (Windows; U; Windows NT 5.1; fr; rv:1.8.1) VoilaBot BETA 1.2 (support.voilabot@orange-ftgroup.com)"
81.52.143.15 - - [20/Dec/2008:19:35:45 -0500] "GET /toastpointtoc.html HTTP/1.1" 200 1188 "-" "Mozilla/5.0 (Windows; U; Windows NT 5.1; fr; rv:1.8.1) VoilaBot BETA 1.2 (support.voilabot@orange-ftgroup.com)"
81.52.143.16 - - [20/Dec/2008:20:00:52 -0500] "GET /welcome.html HTTP/1.1" 200 418 "-" "Mozilla/5.0 (Windows; U; Windows NT 5.1; fr; rv:1.8.1) VoilaBot BETA 1.2 (support.voilabot@orange-ftgroup.com)"
217.212.224.183 - - [20/Dec/2008:20:44:03 -0500] "GET /robots.txt HTTP/1.0" 404 693 "-" "psbot/0.1 (+http://www.picsearch.com/bot.html)"
217.212.224.186 - - [20/Dec/2008:20:44:03 -0500] "GET /limerick/naut199.html HTTP/1.0" 200 34481 "-" "psbot/0.1 (+http://www.picsearch.com/bot.html)"
124.115.10.193 - - [20/Dec/2008:21:30:22 -0500] "GET / HTTP/1.1" 200 464 "http://www.toastpoint.com/" "Mozilla/4.0 (compatible; MSIE 6.0; Windows NT 5.1)"
124.115.10.193 - - [20/Dec/2008:21:30:34 -0500] "GET /toastpointtopleft.html HTTP/1.1" 200 162 "http://www.toastpoint.com/toastpointtopleft.html" "Mozilla/4.0 (compatible; MSIE 6.0; Windows NT 5.1)"
124.115.10.193 - - [20/Dec/2008:21:30:36 -0500] "GET /toastpointtoc.html HTTP/1.1" 200 1188 "http://www.toastpoint.com/toastpointtoc.html" "Mozilla/4.0 (compatible; MSIE 6.0; Windows NT 5.1)"
124.115.10.193 - - [20/Dec/2008:21:30:37 -0500] "GET /news.html HTTP/1.1" 200 17706 "http://www.toastpoint.com/news.html" "Mozilla/4.0 (compatible; MSIE 6.0; Windows NT 5.1)"
124.115.10.193 - - [20/Dec/2008:21:30:41 -0500] "GET /toastpointtopright.html HTTP/1.1" 200 151 "http://www.toastpoint.com/toastpointtopright.html" "Mozilla/4.0 (compatible; MSIE 6.0; Windows NT 5.1)"
124.115.10.193 - - [20/Dec/2008:21:30:43 -0500] "GET /tpnews.html HTTP/1.1" 200 8305 "http://www.toastpoint.com/tpnews.html" "Mozilla/4.0 (compatible; MSIE 6.0; Windows NT 5.1)"
208.36.144.8 - - [20/Dec/2008:22:11:59 -0500] "GET /prideforallages.html HTTP/1.0" 200 988 "-" "Mozilla/5.0 (Twiceler-0.9 http://www.cuil.com/twiceler/robot.html)"
64.12.116.139 - - [20/Dec/2008:22:23:24 -0500] "GET /limerick/brady/brady99.html HTTP/1.1" 200 7546 "http://www.google.com/search?num=30&hl=en&newwindow=1&safe=off&ie=ISO-8859-1&q=%22Brady+Bunch%22+%22Safety+Patrol%22" "Mozilla/4.0 (compatible; MSIE 6.0; AOL 9.0; Windows NT 5.1; SV1; .NET CLR 1.0.3705)"
64.12.116.139 - - [20/Dec/2008:22:23:25 -0500] "GET /gifs/goldstar.jpg HTTP/1.1" 200 1854 "http://www.toastpoint.com/limerick/brady/brady99.html" "Mozilla/4.0 (compatible; MSIE 6.0; AOL 9.0; Windows NT 5.1; SV1; .NET CLR 1.0.3705)"
64.12.117.200 - - [20/Dec/2008:22:23:25 -0500] "GET /limerick/brady/thebunch.gif HTTP/1.1" 200 41886 "http://www.toastpoint.com/limerick/brady/brady99.html" "Mozilla/4.0 (compatible; MSIE 6.0; AOL 9.0; Windows NT 5.1; SV1; .NET CLR 1.0.3705)"
66.235.124.57 - - [20/Dec/2008:22:49:54 -0500] "GET /robots.txt HTTP/1.0" 404 693 "-" "Mozilla/5.0 (compatible; Ask Jeeves/Teoma; +http://about.ask.com/en/docs/about/webmasters.shtml)"
66.235.124.57 - - [20/Dec/2008:22:49:55 -0500] "GET /limerick/brady/brady98.html HTTP/1.0" 200 8297 "-" "Mozilla/5.0 (compatible; Ask Jeeves/Teoma; +http://about.ask.com/en/docs/about/webmasters.shtml)"
121.98.133.124 - - [20/Dec/2008:23:39:06 -0500] "GET /gifs/boobies.gif HTTP/1.1" 200 11144 "http://www.toastpoint.com/limerick/naut199.html" "Mozilla/4.0 (compatible; MSIE 7.0; Windows NT 6.0; FunWebProducts; SLCC1; .NET CLR 2.0.50727; Media Center PC 5.0; .NET CLR 3.0.04506)"
121.98.133.124 - - [20/Dec/2008:23:39:05 -0500] "GET /limerick/naut199.html HTTP/1.1" 200 34481 "http://www.google.co.nz/search?hl=en&q=naughty+limerick&meta=" "Mozilla/4.0 (compatible; MSIE 7.0; Windows NT 6.0; FunWebProducts; SLCC1; .NET CLR 2.0.50727; Media Center PC 5.0; .NET CLR 3.0.04506)"
121.98.133.124 - - [20/Dec/2008:23:39:07 -0500] "GET /gifs/nakedman.gif HTTP/1.1" 200 7734 "http://www.toastpoint.com/limerick/naut199.html" "Mozilla/4.0 (compatible; MSIE 7.0; Windows NT 6.0; FunWebProducts; SLCC1; .NET CLR 2.0.50727; Media Center PC 5.0; .NET CLR 3.0.04506)"
121.98.133.124 - - [20/Dec/2008:23:39:07 -0500] "GET /gifs/goldstar.jpg HTTP/1.1" 200 1854 "http://www.toastpoint.com/limerick/naut199.html" "Mozilla/4.0 (compatible; MSIE 7.0; Windows NT 6.0; FunWebProducts; SLCC1; .NET CLR 2.0.50727; Media Center PC 5.0; .NET CLR 3.0.04506)"
121.98.133.124 - - [20/Dec/2008:23:39:08 -0500] "GET /favicon.ico HTTP/1.1" 404 693 "-" "Mozilla/4.0 (compatible; MSIE 7.0; Windows NT 6.0; FunWebProducts; SLCC1; .NET CLR 2.0.50727; Media Center PC 5.0; .NET CLR 3.0.04506)"
205.214.243.135 - - [20/Dec/2008:23:41:40 -0500] "GET /gifs/boobies.gif HTTP/1.1" 200 11144 "http://www.toastpoint.com/limerick/naut199.html" "Mozilla/4.0 (compatible; MSIE 7.0; Windows NT 6.0; WOW64; SLCC1; .NET CLR 2.0.50727; .NET CLR 3.0.04506; Media Center PC 5.0; eSobiSubscriber 2.0.4.16)"
205.214.243.135 - - [20/Dec/2008:23:41:39 -0500] "GET /limerick/naut199.html HTTP/1.1" 200 34481 "http://www.google.com/search?hl=en&q=naughty+limericks&aq=1s&oq=Naughty+ly" "Mozilla/4.0 (compatible; MSIE 7.0; Windows NT 6.0; WOW64; SLCC1; .NET CLR 2.0.50727; .NET CLR 3.0.04506; Media Center PC 5.0; eSobiSubscriber 2.0.4.16)"
205.214.243.135 - - [20/Dec/2008:23:41:41 -0500] "GET /gifs/nakedman.gif HTTP/1.1" 200 7734 "http://www.toastpoint.com/limerick/naut199.html" "Mozilla/4.0 (compatible; MSIE 7.0; Windows NT 6.0; WOW64; SLCC1; .NET CLR 2.0.50727; .NET CLR 3.0.04506; Media Center PC 5.0; eSobiSubscriber 2.0.4.16)"
205.214.243.135 - - [20/Dec/2008:23:41:42 -0500] "GET /gifs/goldstar.jpg HTTP/1.1" 200 1854 "http://www.toastpoint.com/limerick/naut199.html" "Mozilla/4.0 (compatible; MSIE 7.0; Windows NT 6.0; WOW64; SLCC1; .NET CLR 2.0.50727; .NET CLR 3.0.04506; Media Center PC 5.0; eSobiSubscriber 2.0.4.16)"
205.214.243.135 - - [20/Dec/2008:23:41:44 -0500] "GET /favicon.ico HTTP/1.1" 404 693 "-" "Mozilla/4.0 (compatible; MSIE 7.0; Windows NT 6.0; WOW64; SLCC1; .NET CLR 2.0.50727; .NET CLR 3.0.04506; Media Center PC 5.0; eSobiSubscriber 2.0.4.16)"
115.186.116.62 - - [20/Dec/2008:23:43:07 -0500] "GET http://www.toastpoint.com/ HTTP/1.0" 200 464 "-" "Mozilla/4.0 (compatible; MSIE 7.0b; Windows NT 6.0)"
