209.183.51.17 - - [21/Dec/2008:00:00:12 -0500] "GET /limerick/1996/naut996.html HTTP/1.1" 200 13852 "http://www.google.com/m?mrestrict=xhtml&eosr=on&ct=fsh&q=limerick+box+cherry" "Palm750/v0005 Mozilla/4.0 (compatible; MSIE 6.0; Windows CE; IEMobile 7.6) UP.Link/6.3.1.17.0"
209.183.51.17 - - [21/Dec/2008:00:00:14 -0500] "GET /gifs/mouthf1.jpg HTTP/1.1" 200 3650 "http://www.toastpoint.com/limerick/1996/naut996.html" "Palm750/v0005 Mozilla/4.0 (compatible; MSIE 6.0; Windows CE; IEMobile 7.6) UP.Link/6.3.1.17.0"
209.183.51.13 - - [21/Dec/2008:00:00:15 -0500] "GET /gifs/banana.jpg HTTP/1.1" 200 4139 "http://www.toastpoint.com/limerick/1996/naut996.html" "Palm750/v0005 Mozilla/4.0 (compatible; MSIE 6.0; Windows CE; IEMobile 7.6) UP.Link/6.3.1.17.0"
209.183.51.17 - - [21/Dec/2008:00:00:16 -0500] "GET /gifs/goldstar.jpg HTTP/1.1" 200 1854 "http://www.toastpoint.com/limerick/1996/naut996.html" "Palm750/v0005 Mozilla/4.0 (compatible; MSIE 6.0; Windows CE; IEMobile 7.6) UP.Link/6.3.1.17.0"
209.183.51.13 - - [21/Dec/2008:00:01:46 -0500] "GET /limerick/1996/naut996.html HTTP/1.1" 200 13852 "-" "Palm750/v0005 Mozilla/4.0 (compatible; MSIE 6.0; Windows CE; IEMobile 7.6) UP.Link/6.3.1.17.0"
209.183.51.12 - - [21/Dec/2008:00:01:49 -0500] "GET /gifs/banana.jpg HTTP/1.1" 200 4139 "http://www.toastpoint.com/limerick/1996/naut996.html" "Palm750/v0005 Mozilla/4.0 (compatible; MSIE 6.0; Windows CE; IEMobile 7.6) UP.Link/6.3.1.17.0"
209.183.51.13 - - [21/Dec/2008:00:01:50 -0500] "GET /gifs/goldstar.jpg HTTP/1.1" 200 1854 "http://www.toastpoint.com/limerick/1996/naut996.html" "Palm750/v0005 Mozilla/4.0 (compatible; MSIE 6.0; Windows CE; IEMobile 7.6) UP.Link/6.3.1.17.0"
217.212.224.184 - - [21/Dec/2008:00:28:18 -0500] "GET /haiku/1998/haiku398.html HTTP/1.0" 200 47804 "-" "psbot/0.1 (+http://www.picsearch.com/bot.html)"
216.183.81.221 - - [21/Dec/2008:01:15:45 -0500] "GET / HTTP/1.1" 304 - "-" "Wget/1.10.2"
124.115.1.66 - - [21/Dec/2008:02:24:51 -0500] "GET / HTTP/1.1" 200 464 "http://www.toastpoint.com/" "Mozilla/4.0 (compatible; MSIE 6.0; Windows NT 5.1)"
124.115.1.66 - - [21/Dec/2008:02:25:03 -0500] "GET /toastpointtopleft.html HTTP/1.1" 200 162 "http://www.toastpoint.com/toastpointtopleft.html" "Mozilla/4.0 (compatible; MSIE 6.0; Windows NT 5.1)"
124.115.1.66 - - [21/Dec/2008:02:25:05 -0500] "GET /toastpointtoc.html HTTP/1.1" 200 1188 "http://www.toastpoint.com/toastpointtoc.html" "Mozilla/4.0 (compatible; MSIE 6.0; Windows NT 5.1)"
124.115.1.66 - - [21/Dec/2008:02:25:06 -0500] "GET /news.html HTTP/1.1" 200 17706 "http://www.toastpoint.com/news.html" "Mozilla/4.0 (compatible; MSIE 6.0; Windows NT 5.1)"
124.115.1.66 - - [21/Dec/2008:02:25:07 -0500] "GET /toastpointtopright.html HTTP/1.1" 200 151 "http://www.toastpoint.com/toastpointtopright.html" "Mozilla/4.0 (compatible; MSIE 6.0; Windows NT 5.1)"
124.115.1.66 - - [21/Dec/2008:02:25:08 -0500] "GET /tpnews.html HTTP/1.1" 200 8305 "http://www.toastpoint.com/tpnews.html" "Mozilla/4.0 (compatible; MSIE 6.0; Windows NT 5.1)"
67.202.43.229 - - [21/Dec/2008:02:28:51 -0500] "GET /robots.txt HTTP/1.0" 404 693 "-" "ia_archiver (+http://www.alexa.com/site/help/webmasters; crawler@alexa.com)"
67.202.43.229 - - [21/Dec/2008:02:28:51 -0500] "GET /haiku/haiku.html HTTP/1.0" 200 2147 "-" "ia_archiver (+http://www.alexa.com/site/help/webmasters; crawler@alexa.com)"
67.195.37.111 - - [21/Dec/2008:03:23:44 -0500] "GET /robots.txt HTTP/1.0" 404 693 "-" "Mozilla/5.0 (compatible; Yahoo! Slurp; http://help.yahoo.com/help/us/ysearch/slurp)"
67.195.37.111 - - [21/Dec/2008:03:23:45 -0500] "GET /haiku/haiku.html HTTP/1.0" 304 - "-" "Mozilla/5.0 (compatible; Yahoo! DE Slurp; http://help.yahoo.com/help/us/ysearch/slurp)"
208.36.144.8 - - [21/Dec/2008:03:40:35 -0500] "GET /fiction/novels/parkey.html HTTP/1.0" 200 25723 "-" "Mozilla/5.0 (Twiceler-0.9 http://www.cuil.com/twiceler/robot.html)"
193.47.80.45 - - [21/Dec/2008:04:16:16 -0500] "GET /robots.txt HTTP/1.1" 404 693 "-" "Mozilla/5.0 (compatible; Exabot/3.0; +http://www.exabot.com/go/robot)"
193.47.80.45 - - [21/Dec/2008:04:16:16 -0500] "GET /limerick/1998/nice398.html HTTP/1.1" 200 36584 "-" "Mozilla/5.0 (compatible; Exabot/3.0; +http://www.exabot.com/go/robot)"
217.212.224.186 - - [21/Dec/2008:04:40:48 -0500] "GET /haiku/haiku299.html HTTP/1.0" 200 68017 "-" "psbot/0.1 (+http://www.picsearch.com/bot.html)"
216.183.81.221 - - [21/Dec/2008:05:23:10 -0500] "GET / HTTP/1.1" 304 - "-" "Wget/1.10.2"
74.6.24.118 - - [21/Dec/2008:05:38:13 -0500] "GET /robots.txt HTTP/1.0" 404 693 "-" "Mozilla/5.0 (compatible; Yahoo! Slurp; http://help.yahoo.com/help/us/ysearch/slurp)"
74.6.30.101 - - [21/Dec/2008:05:38:13 -0500] "GET / HTTP/1.0" 200 464 "-" "Mozilla/5.0 (compatible; Yahoo! DE Slurp; http://help.yahoo.com/help/us/ysearch/slurp)"
74.6.30.101 - - [21/Dec/2008:05:38:14 -0500] "GET /toastpointtopleft.html HTTP/1.0" 200 162 "-" "Mozilla/5.0 (compatible; Yahoo! DE Slurp; http://help.yahoo.com/help/us/ysearch/slurp)"
74.6.30.101 - - [21/Dec/2008:05:38:14 -0500] "GET /toastpointtoc.html HTTP/1.0" 200 1188 "-" "Mozilla/5.0 (compatible; Yahoo! DE Slurp; http://help.yahoo.com/help/us/ysearch/slurp)"
74.6.30.101 - - [21/Dec/2008:05:38:14 -0500] "GET /news.html HTTP/1.0" 200 17706 "-" "Mozilla/5.0 (compatible; Yahoo! DE Slurp; http://help.yahoo.com/help/us/ysearch/slurp)"
74.6.30.101 - - [21/Dec/2008:05:38:15 -0500] "GET /toastpointtopright.html HTTP/1.0" 200 151 "-" "Mozilla/5.0 (compatible; Yahoo! DE Slurp; http://help.yahoo.com/help/us/ysearch/slurp)"
74.6.30.101 - - [21/Dec/2008:05:38:15 -0500] "GET /tpnews.html HTTP/1.0" 200 8305 "-" "Mozilla/5.0 (compatible; Yahoo! DE Slurp; http://help.yahoo.com/help/us/ysearch/slurp)"
66.235.124.59 - - [21/Dec/2008:06:11:04 -0500] "GET /fiction/fict399.html HTTP/1.0" 200 27729 "-" "Mozilla/5.0 (compatible; Ask Jeeves/Teoma; +http://about.ask.com/en/docs/about/webmasters.shtml)"
81.52.143.26 - - [21/Dec/2008:06:19:59 -0500] "GET /robots.txt HTTP/1.1" 404 693 "-" "Mozilla/5.0 (Windows; U; Windows NT 5.1; fr; rv:1.8.1) VoilaBot BETA 1.2 (support.voilabot@orange-ftgroup.com)"
81.52.143.26 - - [21/Dec/2008:06:20:09 -0500] "GET /limerick/nice299.html HTTP/1.1" 200 28130 "-" "Mozilla/5.0 (Windows; U; Windows NT 5.1; fr; rv:1.8.1) VoilaBot BETA 1.2 (support.voilabot@orange-ftgroup.com)"
81.52.143.26 - - [21/Dec/2008:06:26:23 -0500] "GET /limerick/nice499.html HTTP/1.1" 200 24193 "-" "Mozilla/5.0 (Windows; U; Windows NT 5.1; fr; rv:1.8.1) VoilaBot BETA 1.2 (support.voilabot@orange-ftgroup.com)"
24.165.129.207 - - [21/Dec/2008:07:06:01 -0500] "GET /favicon.ico HTTP/1.1" 404 693 "-" "Mozilla/4.0 (compatible; MSIE 7.0; Windows NT 5.1; .NET CLR 1.1.4322; .NET CLR 2.0.50727; Zune 2.5)"
24.165.129.207 - - [21/Dec/2008:07:06:01 -0500] "GET /gifs/boobies.gif HTTP/1.1" 200 11144 "http://www.toastpoint.com/limerick/naut199.html" "Mozilla/4.0 (compatible; MSIE 7.0; Windows NT 5.1; .NET CLR 1.1.4322; .NET CLR 2.0.50727; Zune 2.5)"
24.165.129.207 - - [21/Dec/2008:07:06:01 -0500] "GET /gifs/nakedman.gif HTTP/1.1" 200 7734 "http://www.toastpoint.com/limerick/naut199.html" "Mozilla/4.0 (compatible; MSIE 7.0; Windows NT 5.1; .NET CLR 1.1.4322; .NET CLR 2.0.50727; Zune 2.5)"
24.165.129.207 - - [21/Dec/2008:07:06:01 -0500] "GET /gifs/goldstar.jpg HTTP/1.1" 200 1854 "http://www.toastpoint.com/limerick/naut199.html" "Mozilla/4.0 (compatible; MSIE 7.0; Windows NT 5.1; .NET CLR 1.1.4322; .NET CLR 2.0.50727; Zune 2.5)"
24.165.129.207 - - [21/Dec/2008:07:06:01 -0500] "GET /limerick/naut199.html HTTP/1.1" 200 34481 "-" "Mozilla/4.0 (compatible; MSIE 7.0; Windows NT 5.1; .NET CLR 1.1.4322; .NET CLR 2.0.50727; Zune 2.5)"
68.54.215.219 - - [21/Dec/2008:07:07:00 -0500] "GET /limerick/naut199.html HTTP/1.1" 200 34481 "-" "User-Agent: Mozilla/4.0 (compatible; MSIE 7.0; Windows NT 6.0; SLCC1; .NET CLR 2.0.50727; Media Center PC 5.0; .NET CLR 3.0.04506; InfoPath.2)"
208.36.144.8 - - [21/Dec/2008:07:07:05 -0500] "GET /toastpointtoc.html HTTP/1.0" 200 1188 "-" "Mozilla/5.0 (Twiceler-0.9 http://www.cuil.com/twiceler/robot.html)"
68.54.215.219 - - [21/Dec/2008:07:07:09 -0500] "GET /limerick/naut199.html HTTP/1.1" 206 2737 "http://www.google.com/search?hl=en&q=there+once+was+a+girl+from+anheiser&aq=f&oq=" "Mozilla/4.0 (compatible; MSIE 7.0; Windows NT 6.0; SLCC1; .NET CLR 2.0.50727; Media Center PC 5.0; .NET CLR 3.0.04506; InfoPath.2)"
68.54.215.219 - - [21/Dec/2008:07:07:10 -0500] "GET /gifs/boobies.gif HTTP/1.1" 200 11144 "http://www.toastpoint.com/limerick/naut199.html" "Mozilla/4.0 (compatible; MSIE 7.0; Windows NT 6.0; SLCC1; .NET CLR 2.0.50727; Media Center PC 5.0; .NET CLR 3.0.04506; InfoPath.2)"
68.54.215.219 - - [21/Dec/2008:07:07:10 -0500] "GET /gifs/nakedman.gif HTTP/1.1" 200 7734 "http://www.toastpoint.com/limerick/naut199.html" "Mozilla/4.0 (compatible; MSIE 7.0; Windows NT 6.0; SLCC1; .NET CLR 2.0.50727; Media Center PC 5.0; .NET CLR 3.0.04506; InfoPath.2)"
68.54.215.219 - - [21/Dec/2008:07:07:10 -0500] "GET /gifs/goldstar.jpg HTTP/1.1" 200 1854 "http://www.toastpoint.com/limerick/naut199.html" "Mozilla/4.0 (compatible; MSIE 7.0; Windows NT 6.0; SLCC1; .NET CLR 2.0.50727; Media Center PC 5.0; .NET CLR 3.0.04506; InfoPath.2)"
68.54.215.219 - - [21/Dec/2008:07:07:10 -0500] "GET /favicon.ico HTTP/1.1" 404 693 "-" "Mozilla/4.0 (compatible; MSIE 7.0; Windows NT 6.0; SLCC1; .NET CLR 2.0.50727; Media Center PC 5.0; .NET CLR 3.0.04506; InfoPath.2)"
207.244.184.225 - - [21/Dec/2008:07:12:12 -0500] "GET /favicon.ico HTTP/1.1" 404 693 "http://www.toastpoint.com/limerick/naut199.html" "Mozilla/5.0 (Macintosh; U; Intel Mac OS X 10_5_5; en-us) AppleWebKit/525.27.1 (KHTML, like Gecko) Version/3.2.1 Safari/525.27.1"
207.244.184.225 - - [21/Dec/2008:07:12:12 -0500] "GET /gifs/nakedman.gif HTTP/1.1" 200 7734 "http://www.toastpoint.com/limerick/naut199.html" "Mozilla/5.0 (Macintosh; U; Intel Mac OS X 10_5_5; en-us) AppleWebKit/525.27.1 (KHTML, like Gecko) Version/3.2.1 Safari/525.27.1"
207.244.184.225 - - [21/Dec/2008:07:12:12 -0500] "GET /gifs/goldstar.jpg HTTP/1.1" 200 1854 "http://www.toastpoint.com/limerick/naut199.html" "Mozilla/5.0 (Macintosh; U; Intel Mac OS X 10_5_5; en-us) AppleWebKit/525.27.1 (KHTML, like Gecko) Version/3.2.1 Safari/525.27.1"
207.244.184.225 - - [21/Dec/2008:07:12:12 -0500] "GET /gifs/boobies.gif HTTP/1.1" 200 11144 "http://www.toastpoint.com/limerick/naut199.html" "Mozilla/5.0 (Macintosh; U; Intel Mac OS X 10_5_5; en-us) AppleWebKit/525.27.1 (KHTML, like Gecko) Version/3.2.1 Safari/525.27.1"
207.244.184.225 - - [21/Dec/2008:07:12:12 -0500] "GET /limerick/naut199.html HTTP/1.1" 200 34481 "http://www.toastpoint.com/limerick/naut199.html" "Mozilla/5.0 (Macintosh; U; Intel Mac OS X 10_5_5; en-us) AppleWebKit/525.27.1 (KHTML, like Gecko) Version/3.2.1 Safari/525.27.1"
208.80.194.42 - - [21/Dec/2008:08:24:14 -0500] "GET / HTTP/1.0" 200 464 "-" "Mozilla/4.0 (compatible; MSIE 6.0; Windows NT 5.1; SV1; snprtz|dialno; InfoPath.1)"
74.6.22.154 - - [21/Dec/2008:09:31:37 -0500] "GET /robots.txt HTTP/1.0" 404 693 "-" "Mozilla/5.0 (compatible; Yahoo! Slurp; http://help.yahoo.com/help/us/ysearch/slurp)"
66.249.65.232 - - [21/Dec/2008:10:12:22 -0500] "GET /robots.txt HTTP/1.1" 404 693 "-" "Nokia6820/2.0 (4.83) Profile/MIDP-1.0 Configuration/CLDC-1.0 (compatible; Googlebot-Mobile/2.1; +http://www.google.com/bot.html)"
66.249.65.232 - - [21/Dec/2008:10:12:22 -0500] "GET /limerick/brady/brady98.html HTTP/1.1" 200 8297 "-" "Nokia6820/2.0 (4.83) Profile/MIDP-1.0 Configuration/CLDC-1.0 (compatible; Googlebot-Mobile/2.1; +http://www.google.com/bot.html)"
124.115.10.193 - - [21/Dec/2008:10:14:27 -0500] "GET / HTTP/1.1" 200 464 "http://www.toastpoint.com/" "Mozilla/4.0 (compatible; MSIE 6.0; Windows NT 5.1)"
124.115.10.193 - - [21/Dec/2008:10:14:40 -0500] "GET /toastpointtopleft.html HTTP/1.1" 200 162 "http://www.toastpoint.com/toastpointtopleft.html" "Mozilla/4.0 (compatible; MSIE 6.0; Windows NT 5.1)"
124.115.10.193 - - [21/Dec/2008:10:14:43 -0500] "GET /toastpointtoc.html HTTP/1.1" 200 1188 "http://www.toastpoint.com/toastpointtoc.html" "Mozilla/4.0 (compatible; MSIE 6.0; Windows NT 5.1)"
124.115.10.193 - - [21/Dec/2008:10:14:44 -0500] "GET /news.html HTTP/1.1" 200 17706 "http://www.toastpoint.com/news.html" "Mozilla/4.0 (compatible; MSIE 6.0; Windows NT 5.1)"
124.115.10.193 - - [21/Dec/2008:10:14:46 -0500] "GET /toastpointtopright.html HTTP/1.1" 200 151 "http://www.toastpoint.com/toastpointtopright.html" "Mozilla/4.0 (compatible; MSIE 6.0; Windows NT 5.1)"
124.115.10.193 - - [21/Dec/2008:10:14:46 -0500] "GET /tpnews.html HTTP/1.1" 200 8305 "http://www.toastpoint.com/tpnews.html" "Mozilla/4.0 (compatible; MSIE 6.0; Windows NT 5.1)"
208.80.194.35 - - [21/Dec/2008:10:38:58 -0500] "GET / HTTP/1.0" 200 464 "-" "Mozilla/4.0 (compatible; MSIE 7.0; Windows NT 5.1; FunWebProducts; .NET CLR 1.0.3705; .NET CLR 1.1.4322; Media Center PC 3.1; SpamBlockerUtility 4.8.4)"
64.193.0.221 - - [21/Dec/2008:11:02:19 -0500] "GET /gifs/japan.gif HTTP/1.1" 200 5737 "http://www.toastpoint.com/haiku/1997/haiku197.html" "Mozilla/4.0 (compatible; MSIE 7.0; Windows NT 5.1; .NET CLR 1.0.3705; .NET CLR 1.1.4322; Media Center PC 4.0; .NET CLR 2.0.50727; Creative ZENcast v1.02.12)"
64.193.0.221 - - [21/Dec/2008:11:02:19 -0500] "GET /haiku/1997/haiku197.html HTTP/1.1" 200 34967 "http://www.google.com/search?hl=en&q=velvet+painting+by+%22howard+lee%22&start=10&sa=N" "Mozilla/4.0 (compatible; MSIE 7.0; Windows NT 5.1; .NET CLR 1.0.3705; .NET CLR 1.1.4322; Media Center PC 4.0; .NET CLR 2.0.50727; Creative ZENcast v1.02.12)"
64.193.0.221 - - [21/Dec/2008:11:02:20 -0500] "GET /gifs/goldstar.jpg HTTP/1.1" 200 1854 "http://www.toastpoint.com/haiku/1997/haiku197.html" "Mozilla/4.0 (compatible; MSIE 7.0; Windows NT 5.1; .NET CLR 1.0.3705; .NET CLR 1.1.4322; Media Center PC 4.0; .NET CLR 2.0.50727; Creative ZENcast v1.02.12)"
64.193.0.221 - - [21/Dec/2008:11:02:20 -0500] "GET /favicon.ico HTTP/1.1" 404 693 "-" "Mozilla/4.0 (compatible; MSIE 7.0; Windows NT 5.1; .NET CLR 1.0.3705; .NET CLR 1.1.4322; Media Center PC 4.0; .NET CLR 2.0.50727; Creative ZENcast v1.02.12)"
207.126.224.241 - - [21/Dec/2008:11:15:16 -0500] "GET /haiku HTTP/1.0" 301 240 "-" "Mozilla/4.05 [en]"
207.126.224.241 - - [21/Dec/2008:11:15:16 -0500] "GET /haiku/ HTTP/1.0" 403 563 "-" "Mozilla/4.05 [en]"
207.126.224.241 - - [21/Dec/2008:11:15:20 -0500] "GET /limerick HTTP/1.0" 301 243 "-" "Mozilla/4.05 [en]"
207.126.224.241 - - [21/Dec/2008:11:15:20 -0500] "GET /limerick/ HTTP/1.0" 403 563 "-" "Mozilla/4.05 [en]"
72.36.115.86 - - [21/Dec/2008:11:16:02 -0500] "GET /haiku/1996/haiku296.html HTTP/1.1" 200 16138 "-" "CazoodleBot/0.0.2 (http://www.cazoodle.com/contact.php; cbot@cazoodle.com)"
66.249.65.232 - - [21/Dec/2008:11:19:53 -0500] "GET /robots.txt HTTP/1.1" 404 693 "-" "Mozilla/5.0 (compatible; Googlebot/2.1; +http://www.google.com/bot.html)"
66.249.65.232 - - [21/Dec/2008:11:19:53 -0500] "GET /limerick/1995/nicesept.html HTTP/1.1" 200 3676 "-" "Mozilla/5.0 (compatible; Googlebot/2.1; +http://www.google.com/bot.html)"
124.115.0.15 - - [21/Dec/2008:11:38:59 -0500] "GET /robots.txt HTTP/1.1" 404 693 "http://www.toastpoint.com/robots.txt" "Sosospider+(+http://help.soso.com/webspider.htm)"
66.249.65.232 - - [21/Dec/2008:11:57:47 -0500] "GET /prideforallages.html HTTP/1.1" 200 988 "-" "Mozilla/5.0 (compatible; Googlebot/2.1; +http://www.google.com/bot.html)"
66.249.65.232 - - [21/Dec/2008:11:58:08 -0500] "GET /limerick/brady/bradyfrm.html HTTP/1.1" 200 546 "-" "Mozilla/5.0 (compatible; Googlebot/2.1; +http://www.google.com/bot.html)"
76.65.22.190 - - [21/Dec/2008:12:25:05 -0500] "GET /gifs/goldstar.jpg HTTP/1.1" 200 1854 "-" "Mozilla/4.0 (compatible; MSIE 7.0; Windows NT 5.1; FunWebProducts; SPOENB/1.0; AntivirXP08; .NET CLR 1.1.4322; SPOENB/1.0)"
64.1.215.164 - - [21/Dec/2008:12:54:48 -0500] "GET /robots.txt HTTP/1.0" 404 693 "-" "Mozilla/5.0 (Twiceler-0.9 http://www.cuil.com/twiceler/robot.html)"
81.52.143.15 - - [21/Dec/2008:13:16:21 -0500] "GET /robots.txt HTTP/1.1" 404 693 "-" "Mozilla/5.0 (Windows; U; Windows NT 5.1; fr; rv:1.8.1) VoilaBot BETA 1.2 (support.voilabot@orange-ftgroup.com)"
81.52.143.15 - - [21/Dec/2008:13:16:23 -0500] "GET /fiction/fict399.html HTTP/1.1" 200 27729 "-" "Mozilla/5.0 (Windows; U; Windows NT 5.1; fr; rv:1.8.1) VoilaBot BETA 1.2 (support.voilabot@orange-ftgroup.com)"
130.108.205.141 - - [21/Dec/2008:13:58:52 -0500] "GET /favicon.ico HTTP/1.1" 404 693 "http://www.toastpoint.com/limerick/naut199.html" "Mozilla/5.0 (Macintosh; U; Intel Mac OS X; en-us) AppleWebKit/523.10.3 (KHTML, like Gecko) Version/3.0.4 Safari/523.10"
130.108.205.141 - - [21/Dec/2008:13:58:52 -0500] "GET /gifs/goldstar.jpg HTTP/1.1" 200 1854 "http://www.toastpoint.com/limerick/naut199.html" "Mozilla/5.0 (Macintosh; U; Intel Mac OS X; en-us) AppleWebKit/523.10.3 (KHTML, like Gecko) Version/3.0.4 Safari/523.10"
130.108.205.141 - - [21/Dec/2008:13:58:53 -0500] "GET /gifs/nakedman.gif HTTP/1.1" 200 7734 "http://www.toastpoint.com/limerick/naut199.html" "Mozilla/5.0 (Macintosh; U; Intel Mac OS X; en-us) AppleWebKit/523.10.3 (KHTML, like Gecko) Version/3.0.4 Safari/523.10"
130.108.205.141 - - [21/Dec/2008:13:58:53 -0500] "GET /gifs/boobies.gif HTTP/1.1" 200 11144 "http://www.toastpoint.com/limerick/naut199.html" "Mozilla/5.0 (Macintosh; U; Intel Mac OS X; en-us) AppleWebKit/523.10.3 (KHTML, like Gecko) Version/3.0.4 Safari/523.10"
130.108.205.141 - - [21/Dec/2008:13:58:52 -0500] "GET /limerick/naut199.html HTTP/1.1" 200 34481 "http://www.toastpoint.com/limerick/naut199.html" "Mozilla/5.0 (Macintosh; U; Intel Mac OS X; en-us) AppleWebKit/523.10.3 (KHTML, like Gecko) Version/3.0.4 Safari/523.10"
124.115.1.66 - - [21/Dec/2008:14:47:40 -0500] "GET / HTTP/1.1" 200 464 "http://www.toastpoint.com/" "Mozilla/4.0 (compatible; MSIE 6.0; Windows NT 5.1)"
124.115.1.66 - - [21/Dec/2008:14:47:52 -0500] "GET /toastpointtopleft.html HTTP/1.1" 200 162 "http://www.toastpoint.com/toastpointtopleft.html" "Mozilla/4.0 (compatible; MSIE 6.0; Windows NT 5.1)"
124.115.1.66 - - [21/Dec/2008:14:47:53 -0500] "GET /toastpointtoc.html HTTP/1.1" 200 1188 "http://www.toastpoint.com/toastpointtoc.html" "Mozilla/4.0 (compatible; MSIE 6.0; Windows NT 5.1)"
124.115.1.66 - - [21/Dec/2008:14:47:54 -0500] "GET /news.html HTTP/1.1" 200 17706 "http://www.toastpoint.com/news.html" "Mozilla/4.0 (compatible; MSIE 6.0; Windows NT 5.1)"
124.115.1.66 - - [21/Dec/2008:14:47:55 -0500] "GET /toastpointtopright.html HTTP/1.1" 200 151 "http://www.toastpoint.com/toastpointtopright.html" "Mozilla/4.0 (compatible; MSIE 6.0; Windows NT 5.1)"
124.115.1.66 - - [21/Dec/2008:14:47:56 -0500] "GET /tpnews.html HTTP/1.1" 200 8305 "http://www.toastpoint.com/tpnews.html" "Mozilla/4.0 (compatible; MSIE 6.0; Windows NT 5.1)"
64.1.215.164 - - [21/Dec/2008:14:55:35 -0500] "GET /limerick/1995/niceaug.html HTTP/1.0" 200 4489 "-" "Mozilla/5.0 (Twiceler-0.9 http://www.cuil.com/twiceler/robot.html)"
74.6.22.230 - - [21/Dec/2008:15:28:37 -0500] "GET /robots.txt HTTP/1.0" 404 693 "-" "Mozilla/5.0 (compatible; Yahoo! Slurp; http://help.yahoo.com/help/us/ysearch/slurp)"
74.6.76.45 - - [21/Dec/2008:15:28:37 -0500] "GET /haiku/haiku.html HTTP/1.0" 200 2147 "-" "Mozilla/5.0 (compatible; Yahoo! DE Slurp; http://help.yahoo.com/help/us/ysearch/slurp)"
66.235.124.8 - - [21/Dec/2008:15:49:23 -0500] "GET /robots.txt HTTP/1.1" 404 693 "-" "Mozilla/5.0 (compatible; Ask Jeeves/Teoma; +http://about.ask.com/en/docs/about/webmasters.shtml)"
66.235.124.8 - - [21/Dec/2008:15:49:28 -0500] "GET / HTTP/1.1" 200 464 "-" "Mozilla/5.0 (compatible; Ask Jeeves/Teoma; +http://about.ask.com/en/docs/about/webmasters.shtml)"
66.235.124.8 - - [21/Dec/2008:15:49:28 -0500] "GET /toastpointtopleft.html HTTP/1.1" 200 162 "-" "Mozilla/5.0 (compatible; Ask Jeeves/Teoma; +http://about.ask.com/en/docs/about/webmasters.shtml)"
66.235.124.8 - - [21/Dec/2008:15:49:28 -0500] "GET /toastpointtoc.html HTTP/1.1" 200 1188 "-" "Mozilla/5.0 (compatible; Ask Jeeves/Teoma; +http://about.ask.com/en/docs/about/webmasters.shtml)"
66.235.124.8 - - [21/Dec/2008:15:49:28 -0500] "GET /news.html HTTP/1.1" 200 17706 "-" "Mozilla/5.0 (compatible; Ask Jeeves/Teoma; +http://about.ask.com/en/docs/about/webmasters.shtml)"
66.235.124.8 - - [21/Dec/2008:15:49:29 -0500] "GET /toastpointtopright.html HTTP/1.1" 200 151 "-" "Mozilla/5.0 (compatible; Ask Jeeves/Teoma; +http://about.ask.com/en/docs/about/webmasters.shtml)"
66.235.124.8 - - [21/Dec/2008:15:49:29 -0500] "GET /tpnews.html HTTP/1.1" 200 8305 "-" "Mozilla/5.0 (compatible; Ask Jeeves/Teoma; +http://about.ask.com/en/docs/about/webmasters.shtml)"
66.249.66.2 - - [21/Dec/2008:16:08:35 -0500] "GET /limerick/brady/thebunch.gif HTTP/1.1" 304 - "-" "Googlebot-Image/1.0"
209.17.186.94 - - [21/Dec/2008:16:09:37 -0500] "GET /haiku/haiku299.html?sid=df3gtg4b66de0892b46612g1c2977ac5 HTTP/1.1" 200 68017 "-" "Plonebot/0.1"
208.115.111.245 - - [21/Dec/2008:16:33:24 -0500] "GET /robots.txt HTTP/1.1" 404 693 "-" "Mozilla/5.0 (compatible; DotBot/1.1; http://www.dotnetdotcom.org/, crawler@dotnetdotcom.org)"
193.252.149.16 - - [21/Dec/2008:17:27:07 -0500] "GET /robots.txt HTTP/1.1" 404 693 "-" "Mozilla/5.0 (Windows; U; Windows NT 5.1; fr; rv:1.8.1) VoilaBot BETA 1.2 (support.voilabot@orange-ftgroup.com)"
193.252.149.16 - - [21/Dec/2008:17:27:15 -0500] "GET /limerick/1996/nice896.html HTTP/1.1" 200 9880 "-" "Mozilla/5.0 (Windows; U; Windows NT 5.1; fr; rv:1.8.1) VoilaBot BETA 1.2 (support.voilabot@orange-ftgroup.com)"
124.178.227.75 - - [21/Dec/2008:17:41:37 -0500] "GET /limerick/1997/nice1197.html HTTP/1.1" 200 19541 "http://www.google.com.au/search?hl=en&client=firefox-a&rls=org.mozilla:en-GB:official&hs=yCX&q=running+limericks&start=20&sa=N" "Mozilla/5.0 (Windows; U; Windows NT 5.1; en-GB; rv:1.9.0.5) Gecko/2008120122 Firefox/3.0.5"
124.178.227.75 - - [21/Dec/2008:17:41:38 -0500] "GET /gifs/goldstar.jpg HTTP/1.1" 200 1854 "http://www.toastpoint.com/limerick/1997/nice1197.html" "Mozilla/5.0 (Windows; U; Windows NT 5.1; en-GB; rv:1.9.0.5) Gecko/2008120122 Firefox/3.0.5"
124.178.227.75 - - [21/Dec/2008:17:41:38 -0500] "GET /gifs/birdumb.gif HTTP/1.1" 200 4704 "http://www.toastpoint.com/limerick/1997/nice1197.html" "Mozilla/5.0 (Windows; U; Windows NT 5.1; en-GB; rv:1.9.0.5) Gecko/2008120122 Firefox/3.0.5"
124.178.227.75 - - [21/Dec/2008:17:41:38 -0500] "GET /gifs/birdumb2.gif HTTP/1.1" 200 4698 "http://www.toastpoint.com/limerick/1997/nice1197.html" "Mozilla/5.0 (Windows; U; Windows NT 5.1; en-GB; rv:1.9.0.5) Gecko/2008120122 Firefox/3.0.5"
124.178.227.75 - - [21/Dec/2008:17:41:39 -0500] "GET /favicon.ico HTTP/1.1" 404 693 "-" "Mozilla/5.0 (Windows; U; Windows NT 5.1; en-GB; rv:1.9.0.5) Gecko/2008120122 Firefox/3.0.5"
124.178.227.75 - - [21/Dec/2008:17:41:42 -0500] "GET /favicon.ico HTTP/1.1" 404 693 "-" "Mozilla/5.0 (Windows; U; Windows NT 5.1; en-GB; rv:1.9.0.5) Gecko/2008120122 Firefox/3.0.5"
207.126.224.241 - - [21/Dec/2008:17:56:53 -0500] "GET /haiku/haiku.html HTTP/1.0" 200 2147 "-" "Mozilla/4.05 [en]"
124.178.227.75 - - [21/Dec/2008:17:57:09 -0500] "GET /limerick/1997/ HTTP/1.1" 403 563 "-" "Mozilla/5.0 (Windows; U; Windows NT 5.1; en-GB; rv:1.9.0.5) Gecko/2008120122 Firefox/3.0.5"
124.178.227.75 - - [21/Dec/2008:17:57:13 -0500] "GET /limerick/ HTTP/1.1" 403 563 "-" "Mozilla/5.0 (Windows; U; Windows NT 5.1; en-GB; rv:1.9.0.5) Gecko/2008120122 Firefox/3.0.5"
208.36.144.8 - - [21/Dec/2008:18:05:22 -0500] "GET /robots.txt HTTP/1.0" 404 693 "-" "Mozilla/5.0 (Twiceler-0.9 http://www.cuil.com/twiceler/robot.html)"
74.6.11.249 - - [21/Dec/2008:18:07:51 -0500] "GET /robots.txt HTTP/1.0" 404 693 "-" "Mozilla/5.0 (compatible; Yahoo! Slurp; http://help.yahoo.com/help/us/ysearch/slurp)"
74.6.30.119 - - [21/Dec/2008:18:07:51 -0500] "GET /haiku/haiku.html HTTP/1.0" 200 2147 "-" "Mozilla/5.0 (compatible; Yahoo! DE Slurp; http://help.yahoo.com/help/us/ysearch/slurp)"
64.1.215.164 - - [21/Dec/2008:18:30:08 -0500] "GET /limerick/1997/naut397.html HTTP/1.0" 200 21435 "-" "Mozilla/5.0 (Twiceler-0.9 http://www.cuil.com/twiceler/robot.html)"
216.183.81.221 - - [21/Dec/2008:18:34:40 -0500] "GET / HTTP/1.1" 304 - "-" "Wget/1.10.2"
72.27.148.118 - - [21/Dec/2008:18:37:23 -0500] "GET / HTTP/1.1" 200 464 "http://search.live.com/results.aspx?mkt=en-us&q=making+toast+points&FORM=TOOLBR" "Mozilla/4.0 (compatible; MSIE 7.0; Windows NT 5.1; SIMBAR={812D9ABC-0964-4D67-A48F-2388A5B7143E}; InfoPath.1)"
72.27.148.118 - - [21/Dec/2008:18:37:23 -0500] "GET /toastpointtopleft.html HTTP/1.1" 200 162 "http://www.toastpoint.com/" "Mozilla/4.0 (compatible; MSIE 7.0; Windows NT 5.1; SIMBAR={812D9ABC-0964-4D67-A48F-2388A5B7143E}; InfoPath.1)"
72.27.148.118 - - [21/Dec/2008:18:37:23 -0500] "GET /news.html HTTP/1.1" 200 17706 "http://www.toastpoint.com/" "Mozilla/4.0 (compatible; MSIE 7.0; Windows NT 5.1; SIMBAR={812D9ABC-0964-4D67-A48F-2388A5B7143E}; InfoPath.1)"
72.27.148.118 - - [21/Dec/2008:18:37:23 -0500] "GET /toastpointtoc.html HTTP/1.1" 200 1188 "http://www.toastpoint.com/" "Mozilla/4.0 (compatible; MSIE 7.0; Windows NT 5.1; SIMBAR={812D9ABC-0964-4D67-A48F-2388A5B7143E}; InfoPath.1)"
72.27.148.118 - - [21/Dec/2008:18:37:24 -0500] "GET /toastpointtopright.html HTTP/1.1" 200 151 "http://www.toastpoint.com/" "Mozilla/4.0 (compatible; MSIE 7.0; Windows NT 5.1; SIMBAR={812D9ABC-0964-4D67-A48F-2388A5B7143E}; InfoPath.1)"
72.27.148.118 - - [21/Dec/2008:18:37:24 -0500] "GET /tpnews.html HTTP/1.1" 200 8305 "http://www.toastpoint.com/" "Mozilla/4.0 (compatible; MSIE 7.0; Windows NT 5.1; SIMBAR={812D9ABC-0964-4D67-A48F-2388A5B7143E}; InfoPath.1)"
72.27.148.118 - - [21/Dec/2008:18:37:25 -0500] "GET /gifs/tpwinter20089.jpg HTTP/1.1" 200 28088 "http://www.toastpoint.com/news.html" "Mozilla/4.0 (compatible; MSIE 7.0; Windows NT 5.1; SIMBAR={812D9ABC-0964-4D67-A48F-2388A5B7143E}; InfoPath.1)"
72.27.148.118 - - [21/Dec/2008:18:37:27 -0500] "GET /favicon.ico HTTP/1.1" 404 693 "-" "Mozilla/4.0 (compatible; MSIE 7.0; Windows NT 5.1; SIMBAR={812D9ABC-0964-4D67-A48F-2388A5B7143E}; InfoPath.1)"
68.61.188.247 - - [21/Dec/2008:18:39:32 -0500] "GET /fiction/fict399.html HTTP/1.1" 200 27729 "-" "Mozilla/4.0 (compatible; MSIE 6.0; Windows NT 5.1; SV1; .NET CLR 1.0.3705; .NET CLR 1.1.4322; Media Center PC 4.0; .NET CLR 2.0.50727; .NET CLR 3.0.04506.30; .NET CLR 3.0.04506.648)"
68.61.188.247 - - [21/Dec/2008:18:39:33 -0500] "GET /gifs/quill1.gif HTTP/1.1" 200 4312 "http://www.toastpoint.com/fiction/fict399.html" "Mozilla/4.0 (compatible; MSIE 6.0; Windows NT 5.1; SV1; .NET CLR 1.0.3705; .NET CLR 1.1.4322; Media Center PC 4.0; .NET CLR 2.0.50727; .NET CLR 3.0.04506.30; .NET CLR 3.0.04506.648)"
68.61.188.247 - - [21/Dec/2008:18:39:33 -0500] "GET /gifs/quill2.gif HTTP/1.1" 200 4300 "http://www.toastpoint.com/fiction/fict399.html" "Mozilla/4.0 (compatible; MSIE 6.0; Windows NT 5.1; SV1; .NET CLR 1.0.3705; .NET CLR 1.1.4322; Media Center PC 4.0; .NET CLR 2.0.50727; .NET CLR 3.0.04506.30; .NET CLR 3.0.04506.648)"
68.61.188.247 - - [21/Dec/2008:18:39:33 -0500] "GET /gifs/paper.gif HTTP/1.1" 200 4756 "http://www.toastpoint.com/fiction/fict399.html" "Mozilla/4.0 (compatible; MSIE 6.0; Windows NT 5.1; SV1; .NET CLR 1.0.3705; .NET CLR 1.1.4322; Media Center PC 4.0; .NET CLR 2.0.50727; .NET CLR 3.0.04506.30; .NET CLR 3.0.04506.648)"
68.61.188.247 - - [21/Dec/2008:18:39:33 -0500] "GET /gifs/star3.gif HTTP/1.1" 200 1536 "http://www.toastpoint.com/fiction/fict399.html" "Mozilla/4.0 (compatible; MSIE 6.0; Windows NT 5.1; SV1; .NET CLR 1.0.3705; .NET CLR 1.1.4322; Media Center PC 4.0; .NET CLR 2.0.50727; .NET CLR 3.0.04506.30; .NET CLR 3.0.04506.648)"
68.61.188.247 - - [21/Dec/2008:18:39:33 -0500] "GET /fiction/crabthb.gif HTTP/1.1" 200 20571 "http://www.toastpoint.com/fiction/fict399.html" "Mozilla/4.0 (compatible; MSIE 6.0; Windows NT 5.1; SV1; .NET CLR 1.0.3705; .NET CLR 1.1.4322; Media Center PC 4.0; .NET CLR 2.0.50727; .NET CLR 3.0.04506.30; .NET CLR 3.0.04506.648)"
68.61.188.247 - - [21/Dec/2008:18:39:35 -0500] "GET /_vti_bin/owssvr.dll?UL=1&ACT=4&BUILD=8164&STRMVER=4&CAPREQ=0 HTTP/1.1" 403 221 "-" "Mozilla/4.0 (compatible; MSIE 6.0; Windows NT 5.1; SV1; .NET CLR 1.0.3705; .NET CLR 1.1.4322; Media Center PC 4.0; .NET CLR 2.0.50727; .NET CLR 3.0.04506.30; .NET CLR 3.0.04506.648)"
68.61.188.247 - - [21/Dec/2008:18:39:35 -0500] "GET /favicon.ico HTTP/1.1" 404 693 "-" "Mozilla/5.0 (compatible; Google Desktop)"
193.252.149.16 - - [21/Dec/2008:18:41:42 -0500] "GET /robots.txt HTTP/1.1" 404 693 "-" "Mozilla/5.0 (Windows; U; Windows NT 5.1; fr; rv:1.8.1) VoilaBot BETA 1.2 (support.voilabot@orange-ftgroup.com)"
193.252.149.16 - - [21/Dec/2008:18:41:50 -0500] "GET /limerick/naut499.html HTTP/1.1" 200 38163 "-" "Mozilla/5.0 (Windows; U; Windows NT 5.1; fr; rv:1.8.1) VoilaBot BETA 1.2 (support.voilabot@orange-ftgroup.com)"
124.115.10.193 - - [21/Dec/2008:18:49:58 -0500] "GET / HTTP/1.1" 200 464 "http://www.toastpoint.com/" "Mozilla/4.0 (compatible; MSIE 6.0; Windows NT 5.1)"
124.115.10.193 - - [21/Dec/2008:18:50:12 -0500] "GET /toastpointtopleft.html HTTP/1.1" 200 162 "http://www.toastpoint.com/toastpointtopleft.html" "Mozilla/4.0 (compatible; MSIE 6.0; Windows NT 5.1)"
124.115.10.193 - - [21/Dec/2008:18:50:15 -0500] "GET /toastpointtoc.html HTTP/1.1" 200 1188 "http://www.toastpoint.com/toastpointtoc.html" "Mozilla/4.0 (compatible; MSIE 6.0; Windows NT 5.1)"
124.115.10.193 - - [21/Dec/2008:18:50:18 -0500] "GET /news.html HTTP/1.1" 200 17706 "http://www.toastpoint.com/news.html" "Mozilla/4.0 (compatible; MSIE 6.0; Windows NT 5.1)"
124.115.10.193 - - [21/Dec/2008:18:50:19 -0500] "GET /toastpointtopright.html HTTP/1.1" 200 151 "http://www.toastpoint.com/toastpointtopright.html" "Mozilla/4.0 (compatible; MSIE 6.0; Windows NT 5.1)"
124.115.10.193 - - [21/Dec/2008:18:50:23 -0500] "GET /tpnews.html HTTP/1.1" 200 8305 "http://www.toastpoint.com/tpnews.html" "Mozilla/4.0 (compatible; MSIE 6.0; Windows NT 5.1)"
193.252.149.15 - - [21/Dec/2008:19:29:06 -0500] "GET /limerick/nice199.html HTTP/1.1" 200 25313 "-" "Mozilla/5.0 (Windows; U; Windows NT 5.1; fr; rv:1.8.1) VoilaBot BETA 1.2 (support.voilabot@orange-ftgroup.com)"
63.229.128.55 - - [21/Dec/2008:19:36:34 -0500] "GET /favicon.ico HTTP/1.1" 404 693 "-" "Mozilla/5.0 (Macintosh; U; PPC Mac OS X Mach-O; en-US; rv:1.8.1.18) Gecko/20081029 Firefox/2.0.0.18"
63.229.128.55 - - [21/Dec/2008:19:36:34 -0500] "GET /limerick/1995/nautsept.html HTTP/1.1" 200 7977 "-" "Mozilla/5.0 (Macintosh; U; PPC Mac OS X Mach-O; en-US; rv:1.8.1.18) Gecko/20081029 Firefox/2.0.0.18"
63.229.128.55 - - [21/Dec/2008:19:36:34 -0500] "GET /gifs/goldstar.jpg HTTP/1.1" 200 1854 "http://www.toastpoint.com/limerick/1995/nautsept.html" "Mozilla/5.0 (Macintosh; U; PPC Mac OS X Mach-O; en-US; rv:1.8.1.18) Gecko/20081029 Firefox/2.0.0.18"
193.252.149.16 - - [21/Dec/2008:20:20:30 -0500] "GET /haiku/haiku399.html HTTP/1.1" 200 75208 "-" "Mozilla/5.0 (Windows; U; Windows NT 5.1; fr; rv:1.8.1) VoilaBot BETA 1.2 (support.voilabot@orange-ftgroup.com)"
208.115.111.245 - - [21/Dec/2008:20:25:12 -0500] "GET /limerick/docs/formhint.html HTTP/1.1" 200 2522 "-" "Mozilla/5.0 (compatible; DotBot/1.1; http://www.dotnetdotcom.org/, crawler@dotnetdotcom.org)"
208.115.111.245 - - [21/Dec/2008:20:25:14 -0500] "GET /limerick/fiction/fiction.html HTTP/1.1" 404 693 "-" "Mozilla/5.0 (compatible; DotBot/1.1; http://www.dotnetdotcom.org/, crawler@dotnetdotcom.org)"
208.115.111.245 - - [21/Dec/2008:20:25:15 -0500] "GET /limerick/haiku/haiku.html HTTP/1.1" 404 693 "-" "Mozilla/5.0 (compatible; DotBot/1.1; http://www.dotnetdotcom.org/, crawler@dotnetdotcom.org)"
208.115.111.245 - - [21/Dec/2008:20:25:17 -0500] "GET /limerick/limerick.html HTTP/1.1" 200 2613 "-" "Mozilla/5.0 (compatible; DotBot/1.1; http://www.dotnetdotcom.org/, crawler@dotnetdotcom.org)"
208.115.111.245 - - [21/Dec/2008:20:25:19 -0500] "GET /limerick/naut199.html HTTP/1.1" 200 34481 "-" "Mozilla/5.0 (compatible; DotBot/1.1; http://www.dotnetdotcom.org/, crawler@dotnetdotcom.org)"
208.115.111.245 - - [21/Dec/2008:20:25:20 -0500] "GET /limerick/naut299.html HTTP/1.1" 200 23095 "-" "Mozilla/5.0 (compatible; DotBot/1.1; http://www.dotnetdotcom.org/, crawler@dotnetdotcom.org)"
208.115.111.245 - - [21/Dec/2008:20:25:23 -0500] "GET /limerick/naut399.html HTTP/1.1" 200 38217 "-" "Mozilla/5.0 (compatible; DotBot/1.1; http://www.dotnetdotcom.org/, crawler@dotnetdotcom.org)"
208.115.111.245 - - [21/Dec/2008:20:25:24 -0500] "GET /limerick/naut499.html HTTP/1.1" 200 38163 "-" "Mozilla/5.0 (compatible; DotBot/1.1; http://www.dotnetdotcom.org/, crawler@dotnetdotcom.org)"
208.115.111.245 - - [21/Dec/2008:20:25:27 -0500] "GET /limerick/naut599.html HTTP/1.1" 200 21235 "-" "Mozilla/5.0 (compatible; DotBot/1.1; http://www.dotnetdotcom.org/, crawler@dotnetdotcom.org)"
208.115.111.245 - - [21/Dec/2008:20:25:28 -0500] "GET /limerick/nautfrm.html HTTP/1.1" 200 548 "-" "Mozilla/5.0 (compatible; DotBot/1.1; http://www.dotnetdotcom.org/, crawler@dotnetdotcom.org)"
75.164.143.172 - - [21/Dec/2008:20:35:15 -0500] "GET /limerick/1995/nautaug.html HTTP/1.1" 200 7940 "http://www.google.com/search?source=ig&hl=en&rlz=1G1GGLQ_ENUS263&=&q=there+once+was++a++man+named+bates&btnG=Google+Search&aq=f" "Mozilla/5.0 (X11; U; Linux i686; en-US; rv:1.9.0.5) Gecko/2008121621 Ubuntu/8.04 (hardy) Firefox/3.0.5"
75.164.143.172 - - [21/Dec/2008:20:35:16 -0500] "GET /gifs/goldstar.jpg HTTP/1.1" 200 1854 "http://www.toastpoint.com/limerick/1995/nautaug.html" "Mozilla/5.0 (X11; U; Linux i686; en-US; rv:1.9.0.5) Gecko/2008121621 Ubuntu/8.04 (hardy) Firefox/3.0.5"
75.164.143.172 - - [21/Dec/2008:20:35:17 -0500] "GET /favicon.ico HTTP/1.1" 404 693 "-" "Mozilla/5.0 (X11; U; Linux i686; en-US; rv:1.9.0.5) Gecko/2008121621 Ubuntu/8.04 (hardy) Firefox/3.0.5"
75.164.143.172 - - [21/Dec/2008:20:35:20 -0500] "GET /favicon.ico HTTP/1.1" 404 693 "-" "Mozilla/5.0 (X11; U; Linux i686; en-US; rv:1.9.0.5) Gecko/2008121621 Ubuntu/8.04 (hardy) Firefox/3.0.5"
193.252.149.15 - - [21/Dec/2008:20:38:19 -0500] "GET /limerick/1996/lim1996.html HTTP/1.1" 200 2072 "-" "Mozilla/5.0 (Windows; U; Windows NT 5.1; fr; rv:1.8.1) VoilaBot BETA 1.2 (support.voilabot@orange-ftgroup.com)"
81.52.143.15 - - [21/Dec/2008:21:10:04 -0500] "GET /limerick/nice399.html HTTP/1.1" 200 31092 "-" "Mozilla/5.0 (Windows; U; Windows NT 5.1; fr; rv:1.8.1) VoilaBot BETA 1.2 (support.voilabot@orange-ftgroup.com)"
81.52.143.16 - - [21/Dec/2008:21:15:39 -0500] "GET /limerick/1996/nice496.html HTTP/1.1" 200 15372 "-" "Mozilla/5.0 (Windows; U; Windows NT 5.1; fr; rv:1.8.1) VoilaBot BETA 1.2 (support.voilabot@orange-ftgroup.com)"
74.6.76.45 - - [21/Dec/2008:21:37:18 -0500] "GET / HTTP/1.0" 200 464 "-" "Mozilla/5.0 (compatible; Yahoo! DE Slurp; http://help.yahoo.com/help/us/ysearch/slurp)"
74.6.76.45 - - [21/Dec/2008:21:37:19 -0500] "GET /toastpointtopleft.html HTTP/1.0" 200 162 "-" "Mozilla/5.0 (compatible; Yahoo! DE Slurp; http://help.yahoo.com/help/us/ysearch/slurp)"
74.6.76.45 - - [21/Dec/2008:21:37:20 -0500] "GET /toastpointtoc.html HTTP/1.0" 200 1188 "-" "Mozilla/5.0 (compatible; Yahoo! DE Slurp; http://help.yahoo.com/help/us/ysearch/slurp)"
74.6.76.45 - - [21/Dec/2008:21:37:21 -0500] "GET /news.html HTTP/1.0" 200 17706 "-" "Mozilla/5.0 (compatible; Yahoo! DE Slurp; http://help.yahoo.com/help/us/ysearch/slurp)"
74.6.76.45 - - [21/Dec/2008:21:37:22 -0500] "GET /toastpointtopright.html HTTP/1.0" 200 151 "-" "Mozilla/5.0 (compatible; Yahoo! DE Slurp; http://help.yahoo.com/help/us/ysearch/slurp)"
74.6.76.45 - - [21/Dec/2008:21:37:23 -0500] "GET /tpnews.html HTTP/1.0" 200 8305 "-" "Mozilla/5.0 (compatible; Yahoo! DE Slurp; http://help.yahoo.com/help/us/ysearch/slurp)"
81.52.143.26 - - [21/Dec/2008:21:38:29 -0500] "GET /limerick/nautfrm.html HTTP/1.1" 200 548 "-" "Mozilla/5.0 (Windows; U; Windows NT 5.1; fr; rv:1.8.1) VoilaBot BETA 1.2 (support.voilabot@orange-ftgroup.com)"
81.52.143.26 - - [21/Dec/2008:22:10:49 -0500] "GET /limerick/docs/formhint.html HTTP/1.1" 200 2522 "-" "Mozilla/5.0 (Windows; U; Windows NT 5.1; fr; rv:1.8.1) VoilaBot BETA 1.2 (support.voilabot@orange-ftgroup.com)"
72.36.115.86 - - [21/Dec/2008:22:43:32 -0500] "GET / HTTP/1.1" 200 464 "-" "CazoodleBot/0.0.2 (http://www.cazoodle.com/contact.php; cbot@cazoodle.com)"
64.1.215.164 - - [21/Dec/2008:22:57:47 -0500] "GET /fiction/fict98/fict1198.html HTTP/1.0" 200 10372 "-" "Mozilla/5.0 (Twiceler-0.9 http://www.cuil.com/twiceler/robot.html)"
193.252.149.16 - - [21/Dec/2008:23:02:16 -0500] "GET /fiction/fiction.html HTTP/1.1" 200 2705 "-" "Mozilla/5.0 (Windows; U; Windows NT 5.1; fr; rv:1.8.1) VoilaBot BETA 1.2 (support.voilabot@orange-ftgroup.com)"
81.52.143.15 - - [21/Dec/2008:23:06:34 -0500] "GET /fiction/fict599.html HTTP/1.1" 200 7512 "-" "Mozilla/5.0 (Windows; U; Windows NT 5.1; fr; rv:1.8.1) VoilaBot BETA 1.2 (support.voilabot@orange-ftgroup.com)"
193.252.149.16 - - [21/Dec/2008:23:10:36 -0500] "GET /limerick/naut399.html HTTP/1.1" 200 38217 "-" "Mozilla/5.0 (Windows; U; Windows NT 5.1; fr; rv:1.8.1) VoilaBot BETA 1.2 (support.voilabot@orange-ftgroup.com)"
81.52.143.16 - - [21/Dec/2008:23:15:14 -0500] "GET /limerick/?N=D HTTP/1.1" 403 563 "-" "Mozilla/5.0 (Windows; U; Windows NT 5.1; fr; rv:1.8.1) VoilaBot BETA 1.2 (support.voilabot@orange-ftgroup.com)"
24.15.176.85 - - [21/Dec/2008:23:21:23 -0500] "GET /gifs/birdumb.gif HTTP/1.1" 200 4704 "http://www.toastpoint.com/limerick/1998/nice398.html" "Mozilla/4.0 (compatible; MSIE 6.0; Windows NT 5.1; SV1; .NET CLR 1.1.4322; .NET CLR 2.0.50727)"
24.15.176.85 - - [21/Dec/2008:23:21:23 -0500] "GET /gifs/birdumb2.gif HTTP/1.1" 200 4698 "http://www.toastpoint.com/limerick/1998/nice398.html" "Mozilla/4.0 (compatible; MSIE 6.0; Windows NT 5.1; SV1; .NET CLR 1.1.4322; .NET CLR 2.0.50727)"
24.15.176.85 - - [21/Dec/2008:23:21:23 -0500] "GET /gifs/goldstar.jpg HTTP/1.1" 200 1854 "http://www.toastpoint.com/limerick/1998/nice398.html" "Mozilla/4.0 (compatible; MSIE 6.0; Windows NT 5.1; SV1; .NET CLR 1.1.4322; .NET CLR 2.0.50727)"
24.15.176.85 - - [21/Dec/2008:23:21:23 -0500] "GET /limerick/1998/nice398.html HTTP/1.1" 200 36584 "http://www.google.com/search?hl=en&q=leprechaun+limerick+squirt" "Mozilla/4.0 (compatible; MSIE 6.0; Windows NT 5.1; SV1; .NET CLR 1.1.4322; .NET CLR 2.0.50727)"
65.55.210.6 - - [21/Dec/2008:23:25:17 -0500] "GET /robots.txt HTTP/1.1" 404 693 "-" "msnbot/1.1 (+http://search.msn.com/msnbot.htm)"
65.55.210.6 - - [21/Dec/2008:23:25:18 -0500] "GET /haiku/haiku199.html HTTP/1.1" 304 - "-" "msnbot/1.1 (+http://search.msn.com/msnbot.htm)"
193.252.149.16 - - [21/Dec/2008:23:29:18 -0500] "GET /robots.txt HTTP/1.1" 404 693 "-" "Mozilla/5.0 (Windows; U; Windows NT 5.1; fr; rv:1.8.1) VoilaBot BETA 1.2 (support.voilabot@orange-ftgroup.com)"
193.252.149.16 - - [21/Dec/2008:23:29:29 -0500] "GET /limerick/limerick.html HTTP/1.1" 200 2613 "-" "Mozilla/5.0 (Windows; U; Windows NT 5.1; fr; rv:1.8.1) VoilaBot BETA 1.2 (support.voilabot@orange-ftgroup.com)"
208.36.144.6 - - [21/Dec/2008:23:31:06 -0500] "GET /robots.txt HTTP/1.0" 404 693 "-" "Mozilla/5.0 (Twiceler-0.9 http://www.cuil.com/twiceler/robot.html)"
