116.10.103.7 - - [31/Jan/2009:00:08:44 -0500] "GET /links.html HTTP/1.1" 200 4252 "-" "Mozilla/4.0 (compatible; MSIE 6.0; Windows NT 5.0)"
66.235.124.8 - - [31/Jan/2009:00:19:28 -0500] "GET /fiction/fict599.html HTTP/1.1" 200 7512 "-" "Mozilla/5.0 (compatible; Ask Jeeves/Teoma; +http://about.ask.com/en/docs/about/webmasters.shtml)"
81.52.143.26 - - [31/Jan/2009:00:47:37 -0500] "GET /prideforallages.html HTTP/1.1" 200 988 "-" "Mozilla/5.0 (Windows; U; Windows NT 5.1; fr; rv:1.8.1) VoilaBot BETA 1.2 (support.voilabot@orange-ftgroup.com)"
208.111.154.16 - - [31/Jan/2009:00:57:00 -0500] "GET /robots.txt HTTP/1.1" 404 693 "-" "Mozilla/5.0 (compatible; Charlotte/1.1; http://www.searchme.com/support/)"
208.111.154.16 - - [31/Jan/2009:00:59:37 -0500] "GET /haiku/haiku299.html HTTP/1.1" 304 - "-" "Mozilla/5.0 (compatible; Charlotte/1.1; http://www.searchme.com/support/)"
208.111.154.15 - - [31/Jan/2009:01:25:10 -0500] "GET /robots.txt HTTP/1.1" 404 693 "-" "Mozilla/5.0 (compatible; Charlotte/1.1; http://www.searchme.com/support/)"
125.118.55.2 - - [31/Jan/2009:01:43:15 -0500] "GET /links.html HTTP/1.1" 200 4252 "-" "Mozilla/4.0 (compatible; MSIE 6.0; Windows NT 5.0)"
72.30.161.228 - - [31/Jan/2009:01:44:37 -0500] "GET /robots.txt HTTP/1.0" 404 693 "-" "Mozilla/5.0 (compatible; Yahoo! Slurp; http://help.yahoo.com/help/us/ysearch/slurp)"
72.30.161.228 - - [31/Jan/2009:01:44:59 -0500] "GET /fiction/novels/ HTTP/1.0" 403 563 "-" "Mozilla/5.0 (compatible; Yahoo! Slurp; http://help.yahoo.com/help/us/ysearch/slurp)"
193.252.149.16 - - [31/Jan/2009:01:54:06 -0500] "GET /limerick/1996/nice896.html HTTP/1.1" 200 9880 "-" "Mozilla/5.0 (Windows; U; Windows NT 5.1; fr; rv:1.8.1) VoilaBot BETA 1.2 (support.voilabot@orange-ftgroup.com)"
205.178.184.154 - - [31/Jan/2009:02:06:38 -0500] "HEAD / HTTP/1.1" 200 - "-" "Mozilla/5.0 (Windows; U; Windows NT 5.1; en-US; rv:1.8.1.12) Gecko/20080201 Firefox/2.0.0.12"
205.178.184.154 - - [31/Jan/2009:02:06:44 -0500] "GET / HTTP/1.1" 200 464 "-" "Mozilla/4.0 (compatible; MSIE 7.0; Windows NT 5.1; .NET CLR 1.1.4322; .NET CLR 2.0.50727)"
205.178.184.154 - - [31/Jan/2009:02:06:44 -0500] "GET /toastpointtopleft.html HTTP/1.1" 200 162 "http%3a%2f%2ftoastpoint.com%2f" "Mozilla/5.0 (Windows; U; Windows NT 5.1; en-US; rv:1.8.1.12) Gecko/20080201 Firefox/2.0.0.12"
205.178.184.154 - - [31/Jan/2009:02:06:44 -0500] "GET /toastpointtoc.html HTTP/1.1" 200 1188 "http%3a%2f%2ftoastpoint.com%2f" "Mozilla/5.0 (Windows; U; Windows NT 5.1; en-US; rv:1.8.1.16) Gecko/20080702 Firefox/2.0.0.16"
205.178.184.154 - - [31/Jan/2009:02:06:44 -0500] "GET /news.html HTTP/1.1" 200 17706 "http%3a%2f%2ftoastpoint.com%2f" "Mozilla/4.0 (compatible; MSIE 7.0; Windows NT 5.1; .NET CLR 1.1.4322; .NET CLR 2.0.50727)"
205.178.184.154 - - [31/Jan/2009:02:06:44 -0500] "GET /toastpointtopright.html HTTP/1.1" 200 151 "http%3a%2f%2ftoastpoint.com%2f" "Mozilla/5.0 (Windows; U; Windows NT 5.1; en-US; rv:1.8.1.12) Gecko/20080201 Firefox/2.0.0.12"
205.178.184.154 - - [31/Jan/2009:02:06:44 -0500] "GET /tpnews.html HTTP/1.1" 200 8305 "http%3a%2f%2ftoastpoint.com%2f" "Mozilla/4.0 (compatible; MSIE 6.0; Windows NT 5.2; SV1; .NET CLR 1.1.4322; .NET CLR 2.0.50727)"
193.252.149.15 - - [31/Jan/2009:02:11:14 -0500] "GET /limerick/1996/lim1996.html HTTP/1.1" 200 2072 "-" "Mozilla/5.0 (Windows; U; Windows NT 5.1; fr; rv:1.8.1) VoilaBot BETA 1.2 (support.voilabot@orange-ftgroup.com)"
66.249.65.111 - - [31/Jan/2009:02:27:55 -0500] "GET /robots.txt HTTP/1.1" 404 693 "-" "DoCoMo/2.0 N905i(c100;TB;W24H16) (compatible; Googlebot-Mobile/2.1; +http://www.google.com/bot.html)"
66.249.65.111 - - [31/Jan/2009:02:27:55 -0500] "GET /limerick/limerick.html HTTP/1.1" 200 2613 "-" "DoCoMo/2.0 N905i(c100;TB;W24H16) (compatible; Googlebot-Mobile/2.1; +http://www.google.com/bot.html)"
208.111.154.16 - - [31/Jan/2009:02:44:34 -0500] "GET /limerick/nice599.html HTTP/1.1" 304 - "-" "Mozilla/5.0 (compatible; Charlotte/1.1; http://www.searchme.com/support/)"
208.111.154.16 - - [31/Jan/2009:02:56:14 -0500] "GET /limerick/1998/nice1098.html HTTP/1.1" 200 32559 "-" "Mozilla/5.0 (compatible; Charlotte/1.1; http://www.searchme.com/support/)"
66.235.124.8 - - [31/Jan/2009:02:56:27 -0500] "GET /haiku/1997/haiku297.html HTTP/1.1" 200 48218 "-" "Mozilla/5.0 (compatible; Ask Jeeves/Teoma; +http://about.ask.com/en/docs/about/webmasters.shtml)"
67.195.37.110 - - [31/Jan/2009:03:07:48 -0500] "GET /robots.txt HTTP/1.0" 404 693 "-" "Mozilla/5.0 (compatible; Yahoo! Slurp; http://help.yahoo.com/help/us/ysearch/slurp)"
67.195.37.110 - - [31/Jan/2009:03:07:48 -0500] "GET / HTTP/1.0" 200 464 "-" "Mozilla/5.0 (compatible; Yahoo! DE Slurp; http://help.yahoo.com/help/us/ysearch/slurp)"
67.195.37.110 - - [31/Jan/2009:03:07:48 -0500] "GET /toastpointtopleft.html HTTP/1.0" 200 162 "-" "Mozilla/5.0 (compatible; Yahoo! DE Slurp; http://help.yahoo.com/help/us/ysearch/slurp)"
67.195.37.110 - - [31/Jan/2009:03:07:49 -0500] "GET /toastpointtoc.html HTTP/1.0" 200 1188 "-" "Mozilla/5.0 (compatible; Yahoo! DE Slurp; http://help.yahoo.com/help/us/ysearch/slurp)"
67.195.37.110 - - [31/Jan/2009:03:07:49 -0500] "GET /news.html HTTP/1.0" 200 17706 "-" "Mozilla/5.0 (compatible; Yahoo! DE Slurp; http://help.yahoo.com/help/us/ysearch/slurp)"
67.195.37.110 - - [31/Jan/2009:03:07:50 -0500] "GET /toastpointtopright.html HTTP/1.0" 200 151 "-" "Mozilla/5.0 (compatible; Yahoo! DE Slurp; http://help.yahoo.com/help/us/ysearch/slurp)"
67.195.37.110 - - [31/Jan/2009:03:07:50 -0500] "GET /tpnews.html HTTP/1.0" 200 8305 "-" "Mozilla/5.0 (compatible; Yahoo! DE Slurp; http://help.yahoo.com/help/us/ysearch/slurp)"
81.52.143.16 - - [31/Jan/2009:03:09:17 -0500] "GET /limerick/1996/nice596.html HTTP/1.1" 200 13725 "-" "Mozilla/5.0 (Windows; U; Windows NT 5.1; fr; rv:1.8.1) VoilaBot BETA 1.2 (support.voilabot@orange-ftgroup.com)"
65.55.209.77 - - [31/Jan/2009:03:15:42 -0500] "GET /robots.txt HTTP/1.1" 404 693 "-" "msnbot/1.1 (+http://search.msn.com/msnbot.htm)"
65.55.209.77 - - [31/Jan/2009:03:15:42 -0500] "GET /limerick/naut299.html HTTP/1.1" 200 23095 "-" "msnbot/1.1 (+http://search.msn.com/msnbot.htm)"
66.235.124.8 - - [31/Jan/2009:03:17:24 -0500] "GET /limerick/1996/naut396.html HTTP/1.1" 200 17461 "-" "Mozilla/5.0 (compatible; Ask Jeeves/Teoma; +http://about.ask.com/en/docs/about/webmasters.shtml)"
193.252.149.16 - - [31/Jan/2009:03:20:19 -0500] "GET /haiku/haiku399.html HTTP/1.1" 200 75208 "-" "Mozilla/5.0 (Windows; U; Windows NT 5.1; fr; rv:1.8.1) VoilaBot BETA 1.2 (support.voilabot@orange-ftgroup.com)"
66.235.124.8 - - [31/Jan/2009:03:34:06 -0500] "GET /limerick/1995/nicedec.html HTTP/1.1" 200 13251 "-" "Mozilla/5.0 (compatible; Ask Jeeves/Teoma; +http://about.ask.com/en/docs/about/webmasters.shtml)"
208.111.154.15 - - [31/Jan/2009:03:42:59 -0500] "GET /robots.txt HTTP/1.1" 404 693 "-" "Mozilla/5.0 (compatible; Charlotte/1.1; http://www.searchme.com/support/)"
208.111.154.16 - - [31/Jan/2009:03:49:40 -0500] "GET /robots.txt HTTP/1.1" 404 693 "-" "Mozilla/5.0 (compatible; Charlotte/1.1; http://www.searchme.com/support/)"
193.252.149.15 - - [31/Jan/2009:04:02:57 -0500] "GET /limerick/1998/nice398.html HTTP/1.1" 200 36584 "-" "Mozilla/5.0 (Windows; U; Windows NT 5.1; fr; rv:1.8.1) VoilaBot BETA 1.2 (support.voilabot@orange-ftgroup.com)"
24.14.34.131 - - [31/Jan/2009:04:10:02 -0500] "GET / HTTP/1.1" 200 464 "http://www.google.com/search?client=safari&rls=en-us&q=toast+10+upgrade+promo+code+cross+grade&ie=UTF-8&oe=UTF-8" "Mozilla/5.0 (Macintosh; U; Intel Mac OS X 10_5_6; en-us) AppleWebKit/525.27.1 (KHTML, like Gecko) Version/3.2.1 Safari/525.27.1"
24.14.34.131 - - [31/Jan/2009:04:10:02 -0500] "GET /news.html HTTP/1.1" 200 17706 "http://www.toastpoint.com/" "Mozilla/5.0 (Macintosh; U; Intel Mac OS X 10_5_6; en-us) AppleWebKit/525.27.1 (KHTML, like Gecko) Version/3.2.1 Safari/525.27.1"
24.14.34.131 - - [31/Jan/2009:04:10:02 -0500] "GET /toastpointtopright.html HTTP/1.1" 200 151 "http://www.toastpoint.com/" "Mozilla/5.0 (Macintosh; U; Intel Mac OS X 10_5_6; en-us) AppleWebKit/525.27.1 (KHTML, like Gecko) Version/3.2.1 Safari/525.27.1"
24.14.34.131 - - [31/Jan/2009:04:10:02 -0500] "GET /toastpointtopleft.html HTTP/1.1" 200 162 "http://www.toastpoint.com/" "Mozilla/5.0 (Macintosh; U; Intel Mac OS X 10_5_6; en-us) AppleWebKit/525.27.1 (KHTML, like Gecko) Version/3.2.1 Safari/525.27.1"
24.14.34.131 - - [31/Jan/2009:04:10:02 -0500] "GET /tpnews.html HTTP/1.1" 200 8305 "http://www.toastpoint.com/" "Mozilla/5.0 (Macintosh; U; Intel Mac OS X 10_5_6; en-us) AppleWebKit/525.27.1 (KHTML, like Gecko) Version/3.2.1 Safari/525.27.1"
24.14.34.131 - - [31/Jan/2009:04:10:02 -0500] "GET /favicon.ico HTTP/1.1" 404 693 "http://www.toastpoint.com/" "Mozilla/5.0 (Macintosh; U; Intel Mac OS X 10_5_6; en-us) AppleWebKit/525.27.1 (KHTML, like Gecko) Version/3.2.1 Safari/525.27.1"
24.14.34.131 - - [31/Jan/2009:04:10:02 -0500] "GET /toastpointtoc.html HTTP/1.1" 200 1188 "http://www.toastpoint.com/" "Mozilla/5.0 (Macintosh; U; Intel Mac OS X 10_5_6; en-us) AppleWebKit/525.27.1 (KHTML, like Gecko) Version/3.2.1 Safari/525.27.1"
24.14.34.131 - - [31/Jan/2009:04:10:02 -0500] "GET /gifs/tpwinter20089.jpg HTTP/1.1" 200 28088 "http://www.toastpoint.com/news.html" "Mozilla/5.0 (Macintosh; U; Intel Mac OS X 10_5_6; en-us) AppleWebKit/525.27.1 (KHTML, like Gecko) Version/3.2.1 Safari/525.27.1"
205.178.184.154 - - [31/Jan/2009:04:30:11 -0500] "GET / HTTP/1.1" 200 464 "-" "Mozilla/4.0 (compatible; MSIE 6.0; Windows NT 5.2; SV1; .NET CLR 1.1.4322; .NET CLR 2.0.50727)"
205.178.184.154 - - [31/Jan/2009:04:30:11 -0500] "GET /robots.txt HTTP/1.1" 404 693 "-" "Mozilla/5.0 (Windows; U; Windows NT 5.1; en-US; rv:1.8.1.12) Gecko/20080201 Firefox/2.0.0.12"
208.36.144.6 - - [31/Jan/2009:04:34:04 -0500] "GET /robots.txt HTTP/1.0" 404 693 "-" "Mozilla/5.0 (Twiceler-0.9 http://www.cuil.com/twiceler/robot.html)"
208.111.154.15 - - [31/Jan/2009:04:41:54 -0500] "GET /fiction/fict9596/fict696.html HTTP/1.1" 200 15163 "-" "Mozilla/5.0 (compatible; Charlotte/1.1; http://www.searchme.com/support/)"
66.235.124.8 - - [31/Jan/2009:04:47:52 -0500] "GET /robots.txt HTTP/1.1" 404 693 "-" "Mozilla/5.0 (compatible; Ask Jeeves/Teoma; +http://about.ask.com/en/docs/about/webmasters.shtml)"
66.235.124.8 - - [31/Jan/2009:04:47:57 -0500] "GET /limerick/nice399.html HTTP/1.1" 200 31092 "-" "Mozilla/5.0 (compatible; Ask Jeeves/Teoma; +http://about.ask.com/en/docs/about/webmasters.shtml)"
81.52.143.26 - - [31/Jan/2009:05:44:19 -0500] "GET /limerick/nice499.html HTTP/1.1" 200 24193 "-" "Mozilla/5.0 (Windows; U; Windows NT 5.1; fr; rv:1.8.1) VoilaBot BETA 1.2 (support.voilabot@orange-ftgroup.com)"
217.41.243.16 - - [31/Jan/2009:05:45:33 -0500] "GET /gifs/goldstar.jpg HTTP/1.0" 200 1854 "http://www.toastpoint.com/limerick/1995/nautnov.html" "Mozilla/4.0 (compatible; MSIE 6.0; Windows NT 5.1; SV1)"
217.41.243.16 - - [31/Jan/2009:05:45:32 -0500] "GET /limerick/1995/nautnov.html HTTP/1.0" 200 13933 "http://www.google.co.uk/search?hl=en&q=Please,+castrate+me+Nurse&start=20&sa=N" "Mozilla/4.0 (compatible; MSIE 6.0; Windows NT 5.1; SV1)"
208.111.154.15 - - [31/Jan/2009:06:19:02 -0500] "GET /robots.txt HTTP/1.1" 404 693 "-" "Mozilla/5.0 (compatible; Charlotte/1.1; http://www.searchme.com/support/)"
208.111.154.15 - - [31/Jan/2009:06:22:12 -0500] "GET /robots.txt HTTP/1.1" 404 693 "-" "Mozilla/5.0 (compatible; Charlotte/1.1; http://www.searchme.com/support/)"
81.52.143.26 - - [31/Jan/2009:06:26:38 -0500] "GET /haiku/moral.html HTTP/1.1" 200 4692 "-" "Mozilla/5.0 (Windows; U; Windows NT 5.1; fr; rv:1.8.1) VoilaBot BETA 1.2 (support.voilabot@orange-ftgroup.com)"
208.80.194.34 - - [31/Jan/2009:06:33:06 -0500] "GET / HTTP/1.0" 200 464 "-" "Mozilla/4.0 (compatible; MSIE 7.0; America Online Browser 1.1; rev1.2; Windows NT 5.1; .NET CLR 1.0.3705; .NET CLR 1.1.4322; Media Center PC 4.0; IEMB3; IEMB3)"
66.235.124.8 - - [31/Jan/2009:06:39:54 -0500] "GET /fiction/fict9596/fict1095.html HTTP/1.1" 200 11219 "-" "Mozilla/5.0 (compatible; Ask Jeeves/Teoma; +http://about.ask.com/en/docs/about/webmasters.shtml)"
208.111.154.16 - - [31/Jan/2009:06:49:56 -0500] "GET /robots.txt HTTP/1.1" 404 693 "-" "Mozilla/5.0 (compatible; Charlotte/1.1; http://www.searchme.com/support/)"
208.111.154.16 - - [31/Jan/2009:06:50:14 -0500] "GET /limerick/1998/naut998.html HTTP/1.1" 200 35543 "-" "Mozilla/5.0 (compatible; Charlotte/1.1; http://www.searchme.com/support/)"
208.111.154.16 - - [31/Jan/2009:07:09:01 -0500] "GET /robots.txt HTTP/1.1" 404 693 "-" "Mozilla/5.0 (compatible; Charlotte/1.1; http://www.searchme.com/support/)"
208.111.154.16 - - [31/Jan/2009:07:09:14 -0500] "GET /limerick/1996/nau1096.html HTTP/1.1" 200 23475 "-" "Mozilla/5.0 (compatible; Charlotte/1.1; http://www.searchme.com/support/)"
81.52.143.15 - - [31/Jan/2009:07:16:29 -0500] "GET /limerick/?D=A HTTP/1.1" 403 563 "-" "Mozilla/5.0 (Windows; U; Windows NT 5.1; fr; rv:1.8.1) VoilaBot BETA 1.2 (support.voilabot@orange-ftgroup.com)"
66.235.124.8 - - [31/Jan/2009:07:17:53 -0500] "GET /fiction/fict98/fict998.html HTTP/1.1" 200 7905 "-" "Mozilla/5.0 (compatible; Ask Jeeves/Teoma; +http://about.ask.com/en/docs/about/webmasters.shtml)"
193.252.149.16 - - [31/Jan/2009:07:18:44 -0500] "GET /robots.txt HTTP/1.1" 404 693 "-" "Mozilla/5.0 (Windows; U; Windows NT 5.1; fr; rv:1.8.1) VoilaBot BETA 1.2 (support.voilabot@orange-ftgroup.com)"
193.252.149.16 - - [31/Jan/2009:07:18:46 -0500] "GET /limerick/?M=A HTTP/1.1" 403 563 "-" "Mozilla/5.0 (Windows; U; Windows NT 5.1; fr; rv:1.8.1) VoilaBot BETA 1.2 (support.voilabot@orange-ftgroup.com)"
83.83.155.167 - - [31/Jan/2009:07:22:45 -0500] "GET /gifs/japan.gif HTTP/1.1" 200 5737 "http://www.toastpoint.com/haiku/haiku399.html" "Mozilla/4.0 (compatible; MSIE 7.0; Windows NT 5.1)"
83.83.155.167 - - [31/Jan/2009:07:22:45 -0500] "GET /gifs/goldstar.jpg HTTP/1.1" 200 1854 "http://www.toastpoint.com/haiku/haiku399.html" "Mozilla/4.0 (compatible; MSIE 7.0; Windows NT 5.1)"
83.83.155.167 - - [31/Jan/2009:07:22:45 -0500] "GET /gifs/blank.jpg HTTP/1.1" 200 705 "http://www.toastpoint.com/haiku/haiku399.html" "Mozilla/4.0 (compatible; MSIE 7.0; Windows NT 5.1)"
83.83.155.167 - - [31/Jan/2009:07:22:44 -0500] "GET /haiku/haiku399.html HTTP/1.1" 200 75208 "http://www.google.com/search?hl=en&q=game+pig+with+toast+points&btnG=Search" "Mozilla/4.0 (compatible; MSIE 7.0; Windows NT 5.1)"
83.83.155.167 - - [31/Jan/2009:07:22:46 -0500] "GET /favicon.ico HTTP/1.1" 404 693 "-" "Mozilla/4.0 (compatible; MSIE 7.0; Windows NT 5.1)"
193.252.149.16 - - [31/Jan/2009:07:52:13 -0500] "GET /robots.txt HTTP/1.1" 404 693 "-" "Mozilla/5.0 (Windows; U; Windows NT 5.1; fr; rv:1.8.1) VoilaBot BETA 1.2 (support.voilabot@orange-ftgroup.com)"
193.252.149.16 - - [31/Jan/2009:07:52:15 -0500] "GET /haiku/?N=D HTTP/1.1" 403 563 "-" "Mozilla/5.0 (Windows; U; Windows NT 5.1; fr; rv:1.8.1) VoilaBot BETA 1.2 (support.voilabot@orange-ftgroup.com)"
81.52.143.16 - - [31/Jan/2009:07:55:09 -0500] "GET /limerick/?M=D HTTP/1.1" 403 563 "-" "Mozilla/5.0 (Windows; U; Windows NT 5.1; fr; rv:1.8.1) VoilaBot BETA 1.2 (support.voilabot@orange-ftgroup.com)"
72.30.78.225 - - [31/Jan/2009:07:55:26 -0500] "GET /robots.txt HTTP/1.0" 404 693 "-" "Mozilla/5.0 (compatible; Yahoo! Slurp; http://help.yahoo.com/help/us/ysearch/slurp)"
208.80.194.48 - - [31/Jan/2009:08:00:30 -0500] "GET / HTTP/1.0" 200 464 "-" "Mozilla/4.0 (compatible; MSIE 7.0; Windows NT 5.1; iebar; acc=; .NET CLR 1.1.4322)"
66.235.124.8 - - [31/Jan/2009:08:00:53 -0500] "GET /limerick/1996/nau1296.html HTTP/1.1" 200 25921 "-" "Mozilla/5.0 (compatible; Ask Jeeves/Teoma; +http://about.ask.com/en/docs/about/webmasters.shtml)"
67.195.37.110 - - [31/Jan/2009:08:14:35 -0500] "GET /robots.txt HTTP/1.0" 404 693 "-" "Mozilla/5.0 (compatible; Yahoo! Slurp; http://help.yahoo.com/help/us/ysearch/slurp)"
67.195.37.110 - - [31/Jan/2009:08:14:35 -0500] "GET /haiku/haiku.html HTTP/1.0" 200 2147 "-" "Mozilla/5.0 (compatible; Yahoo! DE Slurp; http://help.yahoo.com/help/us/ysearch/slurp)"
81.52.143.16 - - [31/Jan/2009:08:27:41 -0500] "GET /limerick/?N=D HTTP/1.1" 403 563 "-" "Mozilla/5.0 (Windows; U; Windows NT 5.1; fr; rv:1.8.1) VoilaBot BETA 1.2 (support.voilabot@orange-ftgroup.com)"
81.52.143.15 - - [31/Jan/2009:08:29:35 -0500] "GET /limerick/?S=D HTTP/1.1" 403 563 "-" "Mozilla/5.0 (Windows; U; Windows NT 5.1; fr; rv:1.8.1) VoilaBot BETA 1.2 (support.voilabot@orange-ftgroup.com)"
66.235.124.8 - - [31/Jan/2009:08:33:35 -0500] "GET /limerick/brady/brady96.html HTTP/1.1" 200 6418 "-" "Mozilla/5.0 (compatible; Ask Jeeves/Teoma; +http://about.ask.com/en/docs/about/webmasters.shtml)"
193.252.149.16 - - [31/Jan/2009:08:44:06 -0500] "GET /limerick/?N=A HTTP/1.1" 403 563 "-" "Mozilla/5.0 (Windows; U; Windows NT 5.1; fr; rv:1.8.1) VoilaBot BETA 1.2 (support.voilabot@orange-ftgroup.com)"
74.6.21.23 - - [31/Jan/2009:09:03:14 -0500] "GET /robots.txt HTTP/1.0" 404 693 "-" "Mozilla/5.0 (compatible; Yahoo! Slurp; http://help.yahoo.com/help/us/ysearch/slurp)"
74.6.76.45 - - [31/Jan/2009:09:03:14 -0500] "GET /haiku/haiku.html HTTP/1.0" 200 2147 "-" "Mozilla/5.0 (compatible; Yahoo! DE Slurp; http://help.yahoo.com/help/us/ysearch/slurp)"
81.52.143.15 - - [31/Jan/2009:09:05:02 -0500] "GET /haiku/?M=A HTTP/1.1" 403 563 "-" "Mozilla/5.0 (Windows; U; Windows NT 5.1; fr; rv:1.8.1) VoilaBot BETA 1.2 (support.voilabot@orange-ftgroup.com)"
81.52.143.16 - - [31/Jan/2009:09:07:19 -0500] "GET /haiku/?S=A HTTP/1.1" 403 563 "-" "Mozilla/5.0 (Windows; U; Windows NT 5.1; fr; rv:1.8.1) VoilaBot BETA 1.2 (support.voilabot@orange-ftgroup.com)"
66.235.124.8 - - [31/Jan/2009:09:31:18 -0500] "GET /fiction/fict97/fict397.html HTTP/1.1" 200 11668 "-" "Mozilla/5.0 (compatible; Ask Jeeves/Teoma; +http://about.ask.com/en/docs/about/webmasters.shtml)"
72.30.161.228 - - [31/Jan/2009:09:34:29 -0500] "GET /robots.txt HTTP/1.0" 404 693 "-" "Mozilla/5.0 (compatible; Yahoo! Slurp; http://help.yahoo.com/help/us/ysearch/slurp)"
66.235.124.8 - - [31/Jan/2009:09:37:45 -0500] "GET /limerick/1998/nice1198.html HTTP/1.1" 200 27306 "-" "Mozilla/5.0 (compatible; Ask Jeeves/Teoma; +http://about.ask.com/en/docs/about/webmasters.shtml)"
208.80.194.54 - - [31/Jan/2009:09:58:05 -0500] "GET / HTTP/1.0" 200 464 "-" "Mozilla/4.0 (compatible; MSIE 6.0; Windows NT 5.0; CMS Music Store2 v1.00.09 (Music Store,1033); .NET CLR 1.1.4322)"
81.52.143.15 - - [31/Jan/2009:09:59:53 -0500] "GET /limerick/naut199.html HTTP/1.1" 200 34481 "-" "Mozilla/5.0 (Windows; U; Windows NT 5.1; fr; rv:1.8.1) VoilaBot BETA 1.2 (support.voilabot@orange-ftgroup.com)"
81.52.143.26 - - [31/Jan/2009:10:00:50 -0500] "GET /limerick/nautfrm.html HTTP/1.1" 200 548 "-" "Mozilla/5.0 (Windows; U; Windows NT 5.1; fr; rv:1.8.1) VoilaBot BETA 1.2 (support.voilabot@orange-ftgroup.com)"
208.111.154.16 - - [31/Jan/2009:10:04:42 -0500] "GET /robots.txt HTTP/1.1" 404 693 "-" "Mozilla/5.0 (compatible; Charlotte/1.1; http://www.searchme.com/support/)"
208.111.154.16 - - [31/Jan/2009:10:05:00 -0500] "GET /haiku/haiku199.html HTTP/1.1" 200 34287 "-" "Mozilla/5.0 (compatible; Charlotte/1.1; http://www.searchme.com/support/)"
208.111.154.15 - - [31/Jan/2009:10:34:05 -0500] "GET /robots.txt HTTP/1.1" 404 693 "-" "Mozilla/5.0 (compatible; Charlotte/1.1; http://www.searchme.com/support/)"
208.111.154.15 - - [31/Jan/2009:10:34:19 -0500] "GET /fiction/fict98/fict598.html HTTP/1.1" 200 19208 "-" "Mozilla/5.0 (compatible; Charlotte/1.1; http://www.searchme.com/support/)"
81.52.143.15 - - [31/Jan/2009:10:40:01 -0500] "GET /limerick/?S=A HTTP/1.1" 403 563 "-" "Mozilla/5.0 (Windows; U; Windows NT 5.1; fr; rv:1.8.1) VoilaBot BETA 1.2 (support.voilabot@orange-ftgroup.com)"
208.111.154.16 - - [31/Jan/2009:11:10:30 -0500] "GET /robots.txt HTTP/1.1" 404 693 "-" "Mozilla/5.0 (compatible; Charlotte/1.1; http://www.searchme.com/support/)"
82.9.194.199 - - [31/Jan/2009:11:14:44 -0500] "GET /limerick/naut199.html HTTP/1.1" 200 34481 "http://www.google.co.uk/search?sourceid=navclient&ie=UTF-8&rlz=1T4HPEA_enGB312GB294&q=crude+limericks" "Mozilla/4.0 (compatible; MSIE 7.0; Windows NT 5.1; GTB5; .NET CLR 1.0.3705; .NET CLR 1.1.4322; Media Center PC 4.0)"
82.9.194.199 - - [31/Jan/2009:11:14:45 -0500] "GET /gifs/nakedman.gif HTTP/1.1" 200 7734 "http://www.toastpoint.com/limerick/naut199.html" "Mozilla/4.0 (compatible; MSIE 7.0; Windows NT 5.1; GTB5; .NET CLR 1.0.3705; .NET CLR 1.1.4322; Media Center PC 4.0)"
82.9.194.199 - - [31/Jan/2009:11:14:45 -0500] "GET /gifs/goldstar.jpg HTTP/1.1" 200 1854 "http://www.toastpoint.com/limerick/naut199.html" "Mozilla/4.0 (compatible; MSIE 7.0; Windows NT 5.1; GTB5; .NET CLR 1.0.3705; .NET CLR 1.1.4322; Media Center PC 4.0)"
82.9.194.199 - - [31/Jan/2009:11:14:47 -0500] "GET /gifs/boobies.gif HTTP/1.1" 200 11144 "http://www.toastpoint.com/limerick/naut199.html" "Mozilla/4.0 (compatible; MSIE 7.0; Windows NT 5.1; GTB5; .NET CLR 1.0.3705; .NET CLR 1.1.4322; Media Center PC 4.0)"
82.9.194.199 - - [31/Jan/2009:11:14:47 -0500] "GET /favicon.ico HTTP/1.1" 404 693 "-" "Mozilla/4.0 (compatible; MSIE 7.0; Windows NT 5.1; GTB5; .NET CLR 1.0.3705; .NET CLR 1.1.4322; Media Center PC 4.0)"
66.235.124.8 - - [31/Jan/2009:11:17:46 -0500] "GET /haiku/1998/haiku498.html HTTP/1.1" 200 33616 "-" "Mozilla/5.0 (compatible; Ask Jeeves/Teoma; +http://about.ask.com/en/docs/about/webmasters.shtml)"
216.183.81.221 - - [31/Jan/2009:11:27:52 -0500] "GET /haiku/haiku.html HTTP/1.0" 200 2147 "-" "Wget/1.10.2"
216.183.81.221 - - [31/Jan/2009:11:27:52 -0500] "GET /robots.txt HTTP/1.0" 404 693 "-" "Wget/1.10.2"
216.183.81.221 - - [31/Jan/2009:11:27:52 -0500] "GET /gifs/japan.gif HTTP/1.0" 200 5737 "http://www.toastpoint.com/haiku/haiku.html" "Wget/1.10.2"
216.183.81.221 - - [31/Jan/2009:11:27:52 -0500] "GET /haiku/haiku599.html HTTP/1.0" 200 33918 "http://www.toastpoint.com/haiku/haiku.html" "Wget/1.10.2"
216.183.81.221 - - [31/Jan/2009:11:27:53 -0500] "GET /haiku/haiku499.html HTTP/1.0" 200 54815 "http://www.toastpoint.com/haiku/haiku.html" "Wget/1.10.2"
216.183.81.221 - - [31/Jan/2009:11:27:53 -0500] "GET /haiku/haiku399.html HTTP/1.0" 200 75208 "http://www.toastpoint.com/haiku/haiku.html" "Wget/1.10.2"
216.183.81.221 - - [31/Jan/2009:11:27:54 -0500] "GET /haiku/haiku299.html HTTP/1.0" 200 68017 "http://www.toastpoint.com/haiku/haiku.html" "Wget/1.10.2"
216.183.81.221 - - [31/Jan/2009:11:27:54 -0500] "GET /haiku/haiku199.html HTTP/1.0" 200 34287 "http://www.toastpoint.com/haiku/haiku.html" "Wget/1.10.2"
216.183.81.221 - - [31/Jan/2009:11:27:54 -0500] "GET /haiku/1998/haik1998.html HTTP/1.0" 200 2178 "http://www.toastpoint.com/haiku/haiku.html" "Wget/1.10.2"
216.183.81.221 - - [31/Jan/2009:11:27:55 -0500] "GET /haiku/1997/haik1997.html HTTP/1.0" 200 2138 "http://www.toastpoint.com/haiku/haiku.html" "Wget/1.10.2"
216.183.81.221 - - [31/Jan/2009:11:27:55 -0500] "GET /haiku/1996/haik1996.html HTTP/1.0" 200 1887 "http://www.toastpoint.com/haiku/haiku.html" "Wget/1.10.2"
216.183.81.221 - - [31/Jan/2009:11:27:55 -0500] "GET /haiku/haik1995/1995.html HTTP/1.0" 404 693 "http://www.toastpoint.com/haiku/haiku.html" "Wget/1.10.2"
216.183.81.221 - - [31/Jan/2009:11:27:55 -0500] "GET /welcome.html HTTP/1.0" 200 418 "http://www.toastpoint.com/haiku/haiku.html" "Wget/1.10.2"
216.183.81.221 - - [31/Jan/2009:11:27:55 -0500] "GET /limerick/limerick.html HTTP/1.0" 200 2613 "http://www.toastpoint.com/haiku/haiku.html" "Wget/1.10.2"
216.183.81.221 - - [31/Jan/2009:11:27:55 -0500] "GET /fiction/fiction.html HTTP/1.0" 200 2705 "http://www.toastpoint.com/haiku/haiku.html" "Wget/1.10.2"
208.111.154.15 - - [31/Jan/2009:11:28:37 -0500] "GET /robots.txt HTTP/1.1" 404 693 "-" "Mozilla/5.0 (compatible; Charlotte/1.1; http://www.searchme.com/support/)"
208.111.154.15 - - [31/Jan/2009:11:28:58 -0500] "GET /fiction/fict9596/fict196.html HTTP/1.1" 200 12060 "-" "Mozilla/5.0 (compatible; Charlotte/1.1; http://www.searchme.com/support/)"
87.115.91.21 - - [31/Jan/2009:11:46:28 -0500] "GET /limerick/nice599.html HTTP/1.1" 200 26033 "http://www.google.co.uk/search?hl=en&client=firefox-a&channel=s&rls=org.mozilla%3Aen-GB%3Aofficial&hs=cXy&q=a+limerick+starting+with+a++kindly+old+fellow+called+Clore&btnG=Search&meta=" "Mozilla/5.0 (Windows; U; Windows NT 5.1; en-GB; rv:1.9.0.5) Gecko/2008120122 Firefox/3.0.5"
87.115.91.21 - - [31/Jan/2009:11:46:28 -0500] "GET /gifs/birdumb2.gif HTTP/1.1" 200 4698 "http://www.toastpoint.com/limerick/nice599.html" "Mozilla/5.0 (Windows; U; Windows NT 5.1; en-GB; rv:1.9.0.5) Gecko/2008120122 Firefox/3.0.5"
87.115.91.21 - - [31/Jan/2009:11:46:28 -0500] "GET /gifs/birdumb.gif HTTP/1.1" 200 4704 "http://www.toastpoint.com/limerick/nice599.html" "Mozilla/5.0 (Windows; U; Windows NT 5.1; en-GB; rv:1.9.0.5) Gecko/2008120122 Firefox/3.0.5"
87.115.91.21 - - [31/Jan/2009:11:46:28 -0500] "GET /gifs/goldstar.jpg HTTP/1.1" 200 1854 "http://www.toastpoint.com/limerick/nice599.html" "Mozilla/5.0 (Windows; U; Windows NT 5.1; en-GB; rv:1.9.0.5) Gecko/2008120122 Firefox/3.0.5"
87.115.91.21 - - [31/Jan/2009:11:46:29 -0500] "GET /favicon.ico HTTP/1.1" 404 693 "-" "Mozilla/5.0 (Windows; U; Windows NT 5.1; en-GB; rv:1.9.0.5) Gecko/2008120122 Firefox/3.0.5"
87.115.91.21 - - [31/Jan/2009:11:46:33 -0500] "GET /favicon.ico HTTP/1.1" 404 693 "-" "Mozilla/5.0 (Windows; U; Windows NT 5.1; en-GB; rv:1.9.0.5) Gecko/2008120122 Firefox/3.0.5"
208.111.154.15 - - [31/Jan/2009:11:51:56 -0500] "GET /robots.txt HTTP/1.1" 404 693 "-" "Mozilla/5.0 (compatible; Charlotte/1.1; http://www.searchme.com/support/)"
89.122.29.126 - - [31/Jan/2009:13:14:14 -0500] "GET / HTTP/1.1" 200 464 "-" "Java/1.6.0_07"
89.122.29.126 - - [31/Jan/2009:13:14:14 -0500] "GET /news.html HTTP/1.1" 200 17706 "-" "Java/1.6.0_07"
89.122.29.126 - - [31/Jan/2009:13:14:17 -0500] "GET /toastpointtoc.html HTTP/1.1" 200 1188 "-" "Java/1.6.0_07"
89.122.29.126 - - [31/Jan/2009:13:14:29 -0500] "GET /toastpointtopleft.html HTTP/1.1" 200 162 "-" "Java/1.6.0_07"
89.122.29.126 - - [31/Jan/2009:13:14:29 -0500] "GET /toastpointtopright.html HTTP/1.1" 200 151 "-" "Java/1.6.0_07"
89.122.29.126 - - [31/Jan/2009:13:14:29 -0500] "GET /tpnews.html HTTP/1.1" 200 8305 "-" "Java/1.6.0_07"
89.122.29.126 - - [31/Jan/2009:13:14:30 -0500] "GET /bio.html HTTP/1.1" 200 7868 "-" "Java/1.6.0_07"
89.122.29.126 - - [31/Jan/2009:13:14:31 -0500] "GET /contests.html HTTP/1.1" 200 1230 "-" "Java/1.6.0_07"
89.122.29.126 - - [31/Jan/2009:13:14:31 -0500] "GET /links.html HTTP/1.1" 200 4252 "-" "Java/1.6.0_07"
89.122.29.126 - - [31/Jan/2009:13:14:31 -0500] "GET /photo.html HTTP/1.1" 200 4228 "-" "Java/1.6.0_07"
89.122.29.126 - - [31/Jan/2009:13:14:31 -0500] "GET /ponder.html HTTP/1.1" 200 3441 "-" "Java/1.6.0_07"
89.122.29.126 - - [31/Jan/2009:13:14:32 -0500] "GET /whytoastpoint.html HTTP/1.1" 200 605 "-" "Java/1.6.0_07"
89.122.29.126 - - [31/Jan/2009:13:14:32 -0500] "GET /wumpus.html HTTP/1.1" 200 566 "-" "Java/1.6.0_07"
89.122.29.126 - - [31/Jan/2009:13:14:33 -0500] "GET /prideforallages.html HTTP/1.1" 200 988 "-" "Java/1.6.0_07"
89.122.29.126 - - [31/Jan/2009:13:14:33 -0500] "GET /conthist.html HTTP/1.1" 200 2351 "-" "Java/1.6.0_07"
89.122.29.126 - - [31/Jan/2009:13:14:33 -0500] "GET /gifs/pastheaders.html HTTP/1.1" 200 1264 "-" "Java/1.6.0_07"
89.122.29.126 - - [31/Jan/2009:13:14:34 -0500] "GET /midi/midi.html HTTP/1.1" 200 3163 "-" "Java/1.6.0_07"
89.122.29.126 - - [31/Jan/2009:13:14:34 -0500] "GET /rapture/rapture.html HTTP/1.1" 200 22564 "-" "Java/1.6.0_07"
89.122.29.126 - - [31/Jan/2009:13:14:35 -0500] "GET /fiction/fiction.html HTTP/1.1" 200 2705 "-" "Java/1.6.0_07"
89.122.29.126 - - [31/Jan/2009:13:14:35 -0500] "GET /haiku/haiku.html HTTP/1.1" 200 2147 "-" "Java/1.6.0_07"
89.122.29.126 - - [31/Jan/2009:13:14:36 -0500] "GET /limerick/limerick.html HTTP/1.1" 200 2613 "-" "Java/1.6.0_07"
89.122.29.126 - - [31/Jan/2009:13:14:37 -0500] "GET /travel/alaska2004.html HTTP/1.1" 200 4572 "-" "Java/1.6.0_07"
89.122.29.126 - - [31/Jan/2009:13:14:37 -0500] "GET /travel/scotland2001.html HTTP/1.1" 200 1042 "-" "Java/1.6.0_07"
89.122.29.126 - - [31/Jan/2009:13:14:37 -0500] "GET /gifs/tpmay2006.png HTTP/1.1" 200 232170 "-" "Java/1.6.0_07"
89.122.29.126 - - [31/Jan/2009:13:14:48 -0500] "GET /midi/3elephs-voiced.mid HTTP/1.1" 200 4152 "-" "Java/1.6.0_07"
89.122.29.126 - - [31/Jan/2009:13:14:48 -0500] "GET /midi/3elephs.mid HTTP/1.1" 200 3309 "-" "Java/1.6.0_07"
89.122.29.126 - - [31/Jan/2009:13:14:48 -0500] "GET /midi/deusmeus-voice.mid HTTP/1.1" 200 3425 "-" "Java/1.6.0_07"
89.122.29.126 - - [31/Jan/2009:13:14:49 -0500] "GET /midi/grossfuguevoiced.mid HTTP/1.1" 200 8771 "-" "Java/1.6.0_07"
89.122.29.126 - - [31/Jan/2009:13:14:50 -0500] "GET /rapture/hagss.html HTTP/1.1" 200 594 "-" "Java/1.6.0_07"
89.122.29.126 - - [31/Jan/2009:13:14:50 -0500] "GET /rapture/welcome.html HTTP/1.1" 404 693 "-" "Java/1.6.0_07"
24.63.24.2 - - [31/Jan/2009:13:17:51 -0500] "GET /limerick/naut199.html HTTP/1.1" 200 34481 "http://www.google.com/search?q=crude+limericks&sourceid=navclient-ff&ie=UTF-8&rls=GGGL,GGGL:2007-28,GGGL:en" "Mozilla/5.0 (Windows; U; Windows NT 5.1; en-US; rv:1.9.0.5) Gecko/2008120122 Firefox/3.0.5"
24.63.24.2 - - [31/Jan/2009:13:17:51 -0500] "GET /gifs/boobies.gif HTTP/1.1" 200 11144 "http://www.toastpoint.com/limerick/naut199.html" "Mozilla/5.0 (Windows; U; Windows NT 5.1; en-US; rv:1.9.0.5) Gecko/2008120122 Firefox/3.0.5"
24.63.24.2 - - [31/Jan/2009:13:17:52 -0500] "GET /gifs/goldstar.jpg HTTP/1.1" 200 1854 "http://www.toastpoint.com/limerick/naut199.html" "Mozilla/5.0 (Windows; U; Windows NT 5.1; en-US; rv:1.9.0.5) Gecko/2008120122 Firefox/3.0.5"
24.63.24.2 - - [31/Jan/2009:13:17:52 -0500] "GET /gifs/goldstar.jpg HTTP/1.1" 200 1854 "http://www.toastpoint.com/limerick/naut199.html" "Mozilla/5.0 (Windows; U; Windows NT 5.1; en-US; rv:1.9.0.5) Gecko/2008120122 Firefox/3.0.5"
24.63.24.2 - - [31/Jan/2009:13:17:52 -0500] "GET /gifs/goldstar.jpg HTTP/1.1" 200 1854 "http://www.toastpoint.com/limerick/naut199.html" "Mozilla/5.0 (Windows; U; Windows NT 5.1; en-US; rv:1.9.0.5) Gecko/2008120122 Firefox/3.0.5"
24.63.24.2 - - [31/Jan/2009:13:17:52 -0500] "GET /gifs/goldstar.jpg HTTP/1.1" 200 1854 "http://www.toastpoint.com/limerick/naut199.html" "Mozilla/5.0 (Windows; U; Windows NT 5.1; en-US; rv:1.9.0.5) Gecko/2008120122 Firefox/3.0.5"
24.63.24.2 - - [31/Jan/2009:13:17:52 -0500] "GET /gifs/goldstar.jpg HTTP/1.1" 200 1854 "http://www.toastpoint.com/limerick/naut199.html" "Mozilla/5.0 (Windows; U; Windows NT 5.1; en-US; rv:1.9.0.5) Gecko/2008120122 Firefox/3.0.5"
24.63.24.2 - - [31/Jan/2009:13:17:52 -0500] "GET /gifs/goldstar.jpg HTTP/1.1" 200 1854 "http://www.toastpoint.com/limerick/naut199.html" "Mozilla/5.0 (Windows; U; Windows NT 5.1; en-US; rv:1.9.0.5) Gecko/2008120122 Firefox/3.0.5"
24.63.24.2 - - [31/Jan/2009:13:17:52 -0500] "GET /gifs/goldstar.jpg HTTP/1.1" 200 1854 "http://www.toastpoint.com/limerick/naut199.html" "Mozilla/5.0 (Windows; U; Windows NT 5.1; en-US; rv:1.9.0.5) Gecko/2008120122 Firefox/3.0.5"
24.63.24.2 - - [31/Jan/2009:13:17:52 -0500] "GET /gifs/nakedman.gif HTTP/1.1" 200 7734 "http://www.toastpoint.com/limerick/naut199.html" "Mozilla/5.0 (Windows; U; Windows NT 5.1; en-US; rv:1.9.0.5) Gecko/2008120122 Firefox/3.0.5"
24.63.24.2 - - [31/Jan/2009:13:17:52 -0500] "GET /gifs/goldstar.jpg HTTP/1.1" 200 1854 "http://www.toastpoint.com/limerick/naut199.html" "Mozilla/5.0 (Windows; U; Windows NT 5.1; en-US; rv:1.9.0.5) Gecko/2008120122 Firefox/3.0.5"
24.63.24.2 - - [31/Jan/2009:13:17:52 -0500] "GET /gifs/goldstar.jpg HTTP/1.1" 200 1854 "http://www.toastpoint.com/limerick/naut199.html" "Mozilla/5.0 (Windows; U; Windows NT 5.1; en-US; rv:1.9.0.5) Gecko/2008120122 Firefox/3.0.5"
24.63.24.2 - - [31/Jan/2009:13:17:52 -0500] "GET /gifs/goldstar.jpg HTTP/1.1" 200 1854 "http://www.toastpoint.com/limerick/naut199.html" "Mozilla/5.0 (Windows; U; Windows NT 5.1; en-US; rv:1.9.0.5) Gecko/2008120122 Firefox/3.0.5"
24.63.24.2 - - [31/Jan/2009:13:17:52 -0500] "GET /gifs/goldstar.jpg HTTP/1.1" 200 1854 "http://www.toastpoint.com/limerick/naut199.html" "Mozilla/5.0 (Windows; U; Windows NT 5.1; en-US; rv:1.9.0.5) Gecko/2008120122 Firefox/3.0.5"
24.63.24.2 - - [31/Jan/2009:13:17:52 -0500] "GET /favicon.ico HTTP/1.1" 404 693 "-" "Mozilla/5.0 (Windows; U; Windows NT 5.1; en-US; rv:1.9.0.5) Gecko/2008120122 Firefox/3.0.5"
24.63.24.2 - - [31/Jan/2009:13:17:52 -0500] "GET /favicon.ico HTTP/1.1" 404 693 "-" "Mozilla/5.0 (Windows; U; Windows NT 5.1; en-US; rv:1.9.0.5) Gecko/2008120122 Firefox/3.0.5"
72.30.78.225 - - [31/Jan/2009:13:42:51 -0500] "GET /robots.txt HTTP/1.0" 404 693 "-" "Mozilla/5.0 (compatible; Yahoo! Slurp; http://help.yahoo.com/help/us/ysearch/slurp)"
90.199.5.132 - - [31/Jan/2009:13:52:09 -0500] "GET /limerick/1996/nice496.html HTTP/1.1" 200 15372 "http://www.google.com/search?hl=en&rlz=1B2DVFC_enGB220GB221&q=sheep+limericks&start=80&sa=N" "Mozilla/5.0 (Windows; U; Windows NT 5.1; en-GB; rv:1.9.0.5) Gecko/2008120122 Firefox/3.0.5"
90.199.5.132 - - [31/Jan/2009:13:52:09 -0500] "GET /gifs/goldstar.jpg HTTP/1.1" 200 1854 "http://www.toastpoint.com/limerick/1996/nice496.html" "Mozilla/5.0 (Windows; U; Windows NT 5.1; en-GB; rv:1.9.0.5) Gecko/2008120122 Firefox/3.0.5"
90.199.5.132 - - [31/Jan/2009:13:52:09 -0500] "GET /gifs/happy.jpg HTTP/1.1" 200 3135 "http://www.toastpoint.com/limerick/1996/nice496.html" "Mozilla/5.0 (Windows; U; Windows NT 5.1; en-GB; rv:1.9.0.5) Gecko/2008120122 Firefox/3.0.5"
90.199.5.132 - - [31/Jan/2009:13:52:10 -0500] "GET /favicon.ico HTTP/1.1" 404 693 "-" "Mozilla/5.0 (Windows; U; Windows NT 5.1; en-GB; rv:1.9.0.5) Gecko/2008120122 Firefox/3.0.5"
90.199.5.132 - - [31/Jan/2009:13:52:13 -0500] "GET /favicon.ico HTTP/1.1" 404 693 "-" "Mozilla/5.0 (Windows; U; Windows NT 5.1; en-GB; rv:1.9.0.5) Gecko/2008120122 Firefox/3.0.5"
65.55.209.252 - - [31/Jan/2009:14:09:23 -0500] "GET /robots.txt HTTP/1.1" 404 693 "-" "msnbot/1.1 (+http://search.msn.com/msnbot.htm)"
65.55.209.252 - - [31/Jan/2009:14:09:23 -0500] "GET /limerick/ HTTP/1.1" 403 563 "-" "msnbot/1.1 (+http://search.msn.com/msnbot.htm)"
208.36.144.8 - - [31/Jan/2009:14:15:33 -0500] "GET /robots.txt HTTP/1.0" 404 693 "-" "Mozilla/5.0 (Twiceler-0.9 http://www.cuil.com/twiceler/robot.html)"
208.111.154.16 - - [31/Jan/2009:14:41:09 -0500] "GET /robots.txt HTTP/1.1" 404 693 "-" "Mozilla/5.0 (compatible; Charlotte/1.1; http://www.searchme.com/support/)"
66.235.124.8 - - [31/Jan/2009:14:53:51 -0500] "GET /haiku/1996/haiku196.html HTTP/1.1" 200 10159 "-" "Mozilla/5.0 (compatible; Ask Jeeves/Teoma; +http://about.ask.com/en/docs/about/webmasters.shtml)"
66.235.124.8 - - [31/Jan/2009:15:08:34 -0500] "GET /fiction/fict98/fict198.html HTTP/1.1" 200 62967 "-" "Mozilla/5.0 (compatible; Ask Jeeves/Teoma; +http://about.ask.com/en/docs/about/webmasters.shtml)"
74.129.174.77 - - [31/Jan/2009:15:15:17 -0500] "GET /favicon.ico HTTP/1.1" 404 693 "-" "Mozilla/4.0 (compatible; MSIE 7.0; Windows NT 6.0; SLCC1; .NET CLR 2.0.50727; Media Center PC 5.0; .NET CLR 3.0.04506; MS-RTC EA 2; MS-RTC LM 8)"
74.129.174.77 - - [31/Jan/2009:15:15:17 -0500] "GET /gifs/boobies.gif HTTP/1.1" 200 11144 "http://www.toastpoint.com/limerick/naut199.html" "Mozilla/4.0 (compatible; MSIE 7.0; Windows NT 6.0; SLCC1; .NET CLR 2.0.50727; Media Center PC 5.0; .NET CLR 3.0.04506; MS-RTC EA 2; MS-RTC LM 8)"
74.129.174.77 - - [31/Jan/2009:15:15:17 -0500] "GET /gifs/goldstar.jpg HTTP/1.1" 200 1854 "http://www.toastpoint.com/limerick/naut199.html" "Mozilla/4.0 (compatible; MSIE 7.0; Windows NT 6.0; SLCC1; .NET CLR 2.0.50727; Media Center PC 5.0; .NET CLR 3.0.04506; MS-RTC EA 2; MS-RTC LM 8)"
74.129.174.77 - - [31/Jan/2009:15:15:17 -0500] "GET /limerick/naut199.html HTTP/1.1" 200 34481 "-" "Mozilla/4.0 (compatible; MSIE 7.0; Windows NT 6.0; SLCC1; .NET CLR 2.0.50727; Media Center PC 5.0; .NET CLR 3.0.04506; MS-RTC EA 2; MS-RTC LM 8)"
74.129.174.77 - - [31/Jan/2009:15:15:17 -0500] "GET /gifs/nakedman.gif HTTP/1.1" 200 7734 "http://www.toastpoint.com/limerick/naut199.html" "Mozilla/4.0 (compatible; MSIE 7.0; Windows NT 6.0; SLCC1; .NET CLR 2.0.50727; Media Center PC 5.0; .NET CLR 3.0.04506; MS-RTC EA 2; MS-RTC LM 8)"
193.252.149.15 - - [31/Jan/2009:15:15:50 -0500] "GET /fiction/fict499.html HTTP/1.1" 200 12868 "-" "Mozilla/5.0 (Windows; U; Windows NT 5.1; fr; rv:1.8.1) VoilaBot BETA 1.2 (support.voilabot@orange-ftgroup.com)"
74.6.76.45 - - [31/Jan/2009:15:56:02 -0500] "GET / HTTP/1.0" 200 464 "-" "Mozilla/5.0 (compatible; Yahoo! DE Slurp; http://help.yahoo.com/help/us/ysearch/slurp)"
74.6.76.45 - - [31/Jan/2009:15:56:02 -0500] "GET /toastpointtopleft.html HTTP/1.0" 200 162 "-" "Mozilla/5.0 (compatible; Yahoo! DE Slurp; http://help.yahoo.com/help/us/ysearch/slurp)"
74.6.76.45 - - [31/Jan/2009:15:56:04 -0500] "GET /toastpointtoc.html HTTP/1.0" 200 1188 "-" "Mozilla/5.0 (compatible; Yahoo! DE Slurp; http://help.yahoo.com/help/us/ysearch/slurp)"
74.6.76.45 - - [31/Jan/2009:15:56:04 -0500] "GET /news.html HTTP/1.0" 200 17706 "-" "Mozilla/5.0 (compatible; Yahoo! DE Slurp; http://help.yahoo.com/help/us/ysearch/slurp)"
74.6.76.45 - - [31/Jan/2009:15:56:06 -0500] "GET /toastpointtopright.html HTTP/1.0" 200 151 "-" "Mozilla/5.0 (compatible; Yahoo! DE Slurp; http://help.yahoo.com/help/us/ysearch/slurp)"
74.6.76.45 - - [31/Jan/2009:15:56:06 -0500] "GET /tpnews.html HTTP/1.0" 200 8305 "-" "Mozilla/5.0 (compatible; Yahoo! DE Slurp; http://help.yahoo.com/help/us/ysearch/slurp)"
213.202.155.62 - - [31/Jan/2009:15:58:54 -0500] "GET /gifs/boobies.gif HTTP/1.1" 200 11144 "http://www.toastpoint.com/limerick/naut199.html" "Mozilla/4.0 (compatible; MSIE 7.0; Windows NT 6.0; FunWebProducts; GTB5; SLCC1; .NET CLR 2.0.50727; Media Center PC 5.0; .NET CLR 3.0.04506)"
213.202.155.62 - - [31/Jan/2009:15:58:54 -0500] "GET /gifs/nakedman.gif HTTP/1.1" 200 7734 "http://www.toastpoint.com/limerick/naut199.html" "Mozilla/4.0 (compatible; MSIE 7.0; Windows NT 6.0; FunWebProducts; GTB5; SLCC1; .NET CLR 2.0.50727; Media Center PC 5.0; .NET CLR 3.0.04506)"
213.202.155.62 - - [31/Jan/2009:15:58:54 -0500] "GET /gifs/goldstar.jpg HTTP/1.1" 200 1854 "http://www.toastpoint.com/limerick/naut199.html" "Mozilla/4.0 (compatible; MSIE 7.0; Windows NT 6.0; FunWebProducts; GTB5; SLCC1; .NET CLR 2.0.50727; Media Center PC 5.0; .NET CLR 3.0.04506)"
213.202.155.62 - - [31/Jan/2009:15:58:53 -0500] "GET /limerick/naut199.html HTTP/1.1" 200 34481 "-" "Mozilla/4.0 (compatible; MSIE 7.0; Windows NT 6.0; FunWebProducts; GTB5; SLCC1; .NET CLR 2.0.50727; Media Center PC 5.0; .NET CLR 3.0.04506)"
208.111.154.16 - - [31/Jan/2009:16:19:01 -0500] "GET /robots.txt HTTP/1.1" 404 693 "-" "Mozilla/5.0 (compatible; Charlotte/1.1; http://www.searchme.com/support/)"
208.111.154.16 - - [31/Jan/2009:16:19:13 -0500] "GET /haiku/1998/haiku398.html HTTP/1.1" 200 47804 "-" "Mozilla/5.0 (compatible; Charlotte/1.1; http://www.searchme.com/support/)"
69.230.77.81 - - [31/Jan/2009:16:53:11 -0500] "GET /haiku/haiku199.html HTTP/1.1" 200 34287 "-" "Mozilla/5.0 (Windows; U; Windows NT 5.1; en-US; rv:1.9.0.5) Gecko/2008120122 Firefox/3.0.5"
69.230.77.81 - - [31/Jan/2009:16:53:11 -0500] "GET /gifs/japan.gif HTTP/1.1" 200 5737 "http://images.google.com/imgres?imgurl=http://www.toastpoint.com/gifs/japan.gif&imgrefurl=http://www.toastpoint.com/haiku/haiku199.html&usg=___bKOzb17oHyXpDXnjpOLHbV9kgY=&h=175&w=175&sz=6&tbnid=jHjdP8l2fbXkhM:&tbnh=100&tbnw=100&hl=en&um=1&prev=/images%3Fq%3Dgeisha%2Bcoloring%2Bpages%26start%3D342%26ndsp%3D18%26um%3D1%26hl%3Den%26safe%3Doff%26client%3Dfirefox-a%26rls%3Dorg.mozilla:en-US:official%26sa%3DN&frame=small" "Mozilla/5.0 (Windows; U; Windows NT 5.1; en-US; rv:1.9.0.5) Gecko/2008120122 Firefox/3.0.5"
69.230.77.81 - - [31/Jan/2009:16:53:14 -0500] "GET /haiku/haiku199.html HTTP/1.1" 200 34287 "-" "Mozilla/5.0 (Windows; U; Windows NT 5.1; en-US; rv:1.9.0.5) Gecko/2008120122 Firefox/3.0.5"
69.230.77.81 - - [31/Jan/2009:16:53:14 -0500] "GET /gifs/japan.gif HTTP/1.1" 304 - "http://www.toastpoint.com/haiku/haiku199.html" "Mozilla/5.0 (Windows; U; Windows NT 5.1; en-US; rv:1.9.0.5) Gecko/2008120122 Firefox/3.0.5"
69.230.77.81 - - [31/Jan/2009:16:53:14 -0500] "GET /gifs/goldstar.jpg HTTP/1.1" 200 1854 "http://www.toastpoint.com/haiku/haiku199.html" "Mozilla/5.0 (Windows; U; Windows NT 5.1; en-US; rv:1.9.0.5) Gecko/2008120122 Firefox/3.0.5"
69.230.77.81 - - [31/Jan/2009:16:53:14 -0500] "GET /gifs/blank.jpg HTTP/1.1" 200 705 "http://www.toastpoint.com/haiku/haiku199.html" "Mozilla/5.0 (Windows; U; Windows NT 5.1; en-US; rv:1.9.0.5) Gecko/2008120122 Firefox/3.0.5"
63.241.3.51 - - [31/Jan/2009:17:15:40 -0500] "GET /limerick/limerick.html HTTP/1.1" 200 2613 "-" "Mozilla/4.0 (compatible; MSIE 7.0; Windows NT 5.1; .NET CLR 1.1.4322; .NET CLR 2.0.50727; InfoPath.1; .NET CLR 3.0.04506.30; .NET CLR 3.0.04506.648)"
72.30.161.228 - - [31/Jan/2009:17:25:55 -0500] "GET /limerick/nicefrm.html HTTP/1.0" 200 557 "-" "Mozilla/5.0 (compatible; Yahoo! Slurp; http://help.yahoo.com/help/us/ysearch/slurp)"
208.111.154.15 - - [31/Jan/2009:17:51:49 -0500] "GET /robots.txt HTTP/1.1" 404 693 "-" "Mozilla/5.0 (compatible; Charlotte/1.1; http://www.searchme.com/support/)"
208.111.154.15 - - [31/Jan/2009:17:51:54 -0500] "GET /fiction/fict9596/fict1095.html HTTP/1.1" 200 11219 "-" "Mozilla/5.0 (compatible; Charlotte/1.1; http://www.searchme.com/support/)"
75.41.206.19 - - [31/Jan/2009:18:10:14 -0500] "GET /favicon.ico HTTP/1.1" 404 693 "-" "Mozilla/4.0 (compatible; MSIE 7.0; Windows NT 6.0; SLCC1; .NET CLR 2.0.50727; Media Center PC 5.0; .NET CLR 3.0.04506; InfoPath.2)"
75.41.206.19 - - [31/Jan/2009:18:10:14 -0500] "GET / HTTP/1.1" 200 464 "-" "Mozilla/4.0 (compatible; MSIE 7.0; Windows NT 6.0; SLCC1; .NET CLR 2.0.50727; Media Center PC 5.0; .NET CLR 3.0.04506; InfoPath.2)"
75.41.206.19 - - [31/Jan/2009:18:10:15 -0500] "GET /toastpointtopleft.html HTTP/1.1" 200 162 "http://www.toastpoint.com/" "Mozilla/4.0 (compatible; MSIE 7.0; Windows NT 6.0; SLCC1; .NET CLR 2.0.50727; Media Center PC 5.0; .NET CLR 3.0.04506; InfoPath.2)"
75.41.206.19 - - [31/Jan/2009:18:10:15 -0500] "GET /toastpointtoc.html HTTP/1.1" 200 1188 "http://www.toastpoint.com/" "Mozilla/4.0 (compatible; MSIE 7.0; Windows NT 6.0; SLCC1; .NET CLR 2.0.50727; Media Center PC 5.0; .NET CLR 3.0.04506; InfoPath.2)"
75.41.206.19 - - [31/Jan/2009:18:10:15 -0500] "GET /tpnews.html HTTP/1.1" 200 8305 "http://www.toastpoint.com/" "Mozilla/4.0 (compatible; MSIE 7.0; Windows NT 6.0; SLCC1; .NET CLR 2.0.50727; Media Center PC 5.0; .NET CLR 3.0.04506; InfoPath.2)"
75.41.206.19 - - [31/Jan/2009:18:10:15 -0500] "GET /news.html HTTP/1.1" 200 17706 "http://www.toastpoint.com/" "Mozilla/4.0 (compatible; MSIE 7.0; Windows NT 6.0; SLCC1; .NET CLR 2.0.50727; Media Center PC 5.0; .NET CLR 3.0.04506; InfoPath.2)"
75.41.206.19 - - [31/Jan/2009:18:10:15 -0500] "GET /toastpointtopright.html HTTP/1.1" 200 151 "http://www.toastpoint.com/" "Mozilla/4.0 (compatible; MSIE 7.0; Windows NT 6.0; SLCC1; .NET CLR 2.0.50727; Media Center PC 5.0; .NET CLR 3.0.04506; InfoPath.2)"
75.41.206.19 - - [31/Jan/2009:18:10:15 -0500] "GET /gifs/tpwinter20089.jpg HTTP/1.1" 200 28088 "http://www.toastpoint.com/news.html" "Mozilla/4.0 (compatible; MSIE 7.0; Windows NT 6.0; SLCC1; .NET CLR 2.0.50727; Media Center PC 5.0; .NET CLR 3.0.04506; InfoPath.2)"
69.218.217.21 - - [31/Jan/2009:18:49:26 -0500] "GET /favicon.ico HTTP/1.1" 404 693 "-" "Mozilla/5.0 (Windows; U; Windows NT 6.0; en-US; rv:1.9.0.5) Gecko/2008120122 Firefox/3.0.5"
69.218.217.21 - - [31/Jan/2009:18:49:26 -0500] "GET /gifs/birdumb2.gif HTTP/1.1" 200 4698 "http://www.toastpoint.com/limerick/nice299.html" "Mozilla/5.0 (Windows; U; Windows NT 6.0; en-US; rv:1.9.0.5) Gecko/2008120122 Firefox/3.0.5"
69.218.217.21 - - [31/Jan/2009:18:49:26 -0500] "GET /gifs/birdumb.gif HTTP/1.1" 200 4704 "http://www.toastpoint.com/limerick/nice299.html" "Mozilla/5.0 (Windows; U; Windows NT 6.0; en-US; rv:1.9.0.5) Gecko/2008120122 Firefox/3.0.5"
69.218.217.21 - - [31/Jan/2009:18:49:26 -0500] "GET /gifs/goldstar.jpg HTTP/1.1" 200 1854 "http://www.toastpoint.com/limerick/nice299.html" "Mozilla/5.0 (Windows; U; Windows NT 6.0; en-US; rv:1.9.0.5) Gecko/2008120122 Firefox/3.0.5"
69.218.217.21 - - [31/Jan/2009:18:49:26 -0500] "GET /limerick/nice299.html HTTP/1.1" 200 28130 "-" "Mozilla/5.0 (Windows; U; Windows NT 6.0; en-US; rv:1.9.0.5) Gecko/2008120122 Firefox/3.0.5"
69.218.217.21 - - [31/Jan/2009:18:49:28 -0500] "GET /favicon.ico HTTP/1.1" 404 693 "-" "Mozilla/5.0 (Windows; U; Windows NT 6.0; en-US; rv:1.9.0.5) Gecko/2008120122 Firefox/3.0.5"
69.218.217.21 - - [31/Jan/2009:18:49:29 -0500] "GET /favicon.ico HTTP/1.1" 404 693 "-" "Mozilla/5.0 (Windows; U; Windows NT 6.0; en-US; rv:1.9.0.5) Gecko/2008120122 Firefox/3.0.5"
66.235.124.57 - - [31/Jan/2009:19:00:49 -0500] "GET /robots.txt HTTP/1.0" 404 693 "-" "Mozilla/5.0 (compatible; Ask Jeeves/Teoma; +http://about.ask.com/en/docs/about/webmasters.shtml)"
66.235.124.57 - - [31/Jan/2009:19:00:49 -0500] "GET /fiction/fict399.html HTTP/1.0" 200 27729 "-" "Mozilla/5.0 (compatible; Ask Jeeves/Teoma; +http://about.ask.com/en/docs/about/webmasters.shtml)"
24.218.39.249 - - [31/Jan/2009:19:03:02 -0500] "GET /haiku/haiku.html HTTP/1.1" 200 2147 "-" "Mozilla/5.0 (Macintosh; U; Intel Mac OS X 10.5; en-US; rv:1.9.0.4) Gecko/2008102920 Firefox/3.0.4"
24.218.39.249 - - [31/Jan/2009:19:03:02 -0500] "GET /gifs/japan.gif HTTP/1.1" 200 5737 "http://www.toastpoint.com/haiku/haiku.html" "Mozilla/5.0 (Macintosh; U; Intel Mac OS X 10.5; en-US; rv:1.9.0.4) Gecko/2008102920 Firefox/3.0.4"
24.218.39.249 - - [31/Jan/2009:19:03:03 -0500] "GET /favicon.ico HTTP/1.1" 404 693 "-" "Mozilla/5.0 (Macintosh; U; Intel Mac OS X 10.5; en-US; rv:1.9.0.4) Gecko/2008102920 Firefox/3.0.4"
24.218.39.249 - - [31/Jan/2009:19:03:05 -0500] "GET /favicon.ico HTTP/1.1" 404 693 "-" "Mozilla/5.0 (Macintosh; U; Intel Mac OS X 10.5; en-US; rv:1.9.0.4) Gecko/2008102920 Firefox/3.0.4"
24.218.39.249 - - [31/Jan/2009:19:03:05 -0500] "GET /favicon.ico HTTP/1.1" 404 693 "-" "Mozilla/5.0 (Macintosh; U; Intel Mac OS X 10.5; en-US; rv:1.9.0.4) Gecko/2008102920 Firefox/3.0.4"
68.97.84.53 - - [31/Jan/2009:19:25:51 -0500] "GET /favicon.ico HTTP/1.1" 404 693 "-" "Mozilla/4.0 (compatible; MSIE 7.0; Windows NT 6.0; GTB5; SLCC1; .NET CLR 2.0.50727; Media Center PC 5.0; .NET CLR 3.0.04506; .NET CLR 1.1.4322)"
68.97.84.53 - - [31/Jan/2009:19:25:51 -0500] "GET /gifs/boobies.gif HTTP/1.1" 200 11144 "http://www.toastpoint.com/limerick/naut199.html" "Mozilla/4.0 (compatible; MSIE 7.0; Windows NT 6.0; GTB5; SLCC1; .NET CLR 2.0.50727; Media Center PC 5.0; .NET CLR 3.0.04506; .NET CLR 1.1.4322)"
68.97.84.53 - - [31/Jan/2009:19:25:51 -0500] "GET /gifs/nakedman.gif HTTP/1.1" 200 7734 "http://www.toastpoint.com/limerick/naut199.html" "Mozilla/4.0 (compatible; MSIE 7.0; Windows NT 6.0; GTB5; SLCC1; .NET CLR 2.0.50727; Media Center PC 5.0; .NET CLR 3.0.04506; .NET CLR 1.1.4322)"
68.97.84.53 - - [31/Jan/2009:19:25:51 -0500] "GET /gifs/goldstar.jpg HTTP/1.1" 200 1854 "http://www.toastpoint.com/limerick/naut199.html" "Mozilla/4.0 (compatible; MSIE 7.0; Windows NT 6.0; GTB5; SLCC1; .NET CLR 2.0.50727; Media Center PC 5.0; .NET CLR 3.0.04506; .NET CLR 1.1.4322)"
68.97.84.53 - - [31/Jan/2009:19:25:51 -0500] "GET /limerick/naut199.html HTTP/1.1" 200 34481 "-" "Mozilla/4.0 (compatible; MSIE 7.0; Windows NT 6.0; GTB5; SLCC1; .NET CLR 2.0.50727; Media Center PC 5.0; .NET CLR 3.0.04506; .NET CLR 1.1.4322)"
208.111.154.15 - - [31/Jan/2009:20:06:46 -0500] "GET /robots.txt HTTP/1.1" 404 693 "-" "Mozilla/5.0 (compatible; Charlotte/1.1; http://www.searchme.com/support/)"
208.111.154.15 - - [31/Jan/2009:20:06:59 -0500] "GET /limerick/1998/nice498.html HTTP/1.1" 200 32863 "-" "Mozilla/5.0 (compatible; Charlotte/1.1; http://www.searchme.com/support/)"
66.235.124.8 - - [31/Jan/2009:20:17:35 -0500] "GET /robots.txt HTTP/1.1" 404 693 "-" "Mozilla/5.0 (compatible; Ask Jeeves/Teoma; +http://about.ask.com/en/docs/about/webmasters.shtml)"
66.235.124.8 - - [31/Jan/2009:20:17:41 -0500] "GET /limerick/1998/nice398.html HTTP/1.1" 200 36584 "-" "Mozilla/5.0 (compatible; Ask Jeeves/Teoma; +http://about.ask.com/en/docs/about/webmasters.shtml)"
76.88.193.11 - - [31/Jan/2009:20:38:35 -0500] "GET /rapture/rapture.html HTTP/1.1" 200 22564 "http://images.ask.com/fr?q=natural+rights&desturi=http%3A%2F%2Fwww.toastpoint.com%2Frapture%2Frapture.html&fm=i&ac=24&ftURI=http%3A%2F%2Fimages.ask.com%2Ffr%3Fq%3Dnatural%2Brights%26desturi%3Dhttp%253A%252F%252Fwww.toastpoint.com%252Frapture%252Frapture.html%26imagesrc%3Dhttp%253A%252F%252Fwww.toastpoint.com%252Frapture%252Ftbj-jury.gif%26thumbsrc%3Dhttp%253A%252F%252F66.235.120.64%252Fts%253Ft%253D2656937575207208691%2526pid%253D23296%2526ppid%253D5%26o%3D0%26l%3Ddir%26initialURL%3Dhttp%253A%252F%252Fimages.ask.com%252Fpictures%253Fl%253Ddir%2526o%253D0%2526q%253Dnatural%252520rights%2526qsrc%253D167%2526qid%253DD6DF6EB167746111D581204D0A04F857%2526pstart%253D0%2526page%253D1%26thumbuselocalisedstatic%3Dfalse%26fn%3Dtbj-jury.gif%26imagewidth%3D250%26imageheight%3D212%26fs%3D3%26ft%3Dgif%26f%3D2%26fm%3Di%26ftbURI%3Dhttp%253A%252F%252Fimages.ask.com%252Fpictures%253Fq%253Dnatural%252Brights%2526page%253D1%2526o%253D0%2526l%253Ddir%2526pstart%253D0&qt=0" "Mozilla/4.0 (compatible; MSIE 7.0; Windows NT 6.0; FunWebProducts; GTB5; SLCC1; .NET CLR 2.0.50727; Media Center PC 5.0; .NET CLR 3.0.04506)"
76.88.193.11 - - [31/Jan/2009:20:38:35 -0500] "GET /rapture/tbj-jury.gif HTTP/1.1" 200 3904 "http://www.toastpoint.com/rapture/rapture.html" "Mozilla/4.0 (compatible; MSIE 7.0; Windows NT 6.0; FunWebProducts; GTB5; SLCC1; .NET CLR 2.0.50727; Media Center PC 5.0; .NET CLR 3.0.04506)"
76.88.193.11 - - [31/Jan/2009:20:38:36 -0500] "GET /rapture/pirates.gif HTTP/1.1" 200 4045 "http://www.toastpoint.com/rapture/rapture.html" "Mozilla/4.0 (compatible; MSIE 7.0; Windows NT 6.0; FunWebProducts; GTB5; SLCC1; .NET CLR 2.0.50727; Media Center PC 5.0; .NET CLR 3.0.04506)"
76.88.193.11 - - [31/Jan/2009:20:38:35 -0500] "GET /rapture/hms-dick.gif HTTP/1.1" 200 3100 "http://www.toastpoint.com/rapture/rapture.html" "Mozilla/4.0 (compatible; MSIE 7.0; Windows NT 6.0; FunWebProducts; GTB5; SLCC1; .NET CLR 2.0.50727; Media Center PC 5.0; .NET CLR 3.0.04506)"
