75.173.26.236 - - [11/Mar/2009:00:00:05 -0400] "GET /limerick/limerick.html HTTP/1.1" 200 2613 "http://www.google.com/search?q=limerick+contest&sourceid=ie7&rls=com.microsoft:en-US&ie=utf8&oe=utf8" "Mozilla/4.0 (compatible; MSIE 7.0; Windows NT 5.1; Mozilla/4.0 (compatible; MSIE 6.0; Windows NT 5.1; SV1) ; .NET CLR 1.1.4322; .NET CLR 2.0.50727; .NET CLR 3.0.04506.30; .NET CLR 3.0.04506.648; .NET CLR 3.0.4506.2152; .NET CLR 3.5.30729)"
75.173.26.236 - - [11/Mar/2009:00:00:05 -0400] "GET /gifs/woman.gif HTTP/1.1" 200 9657 "http://www.toastpoint.com/limerick/limerick.html" "Mozilla/4.0 (compatible; MSIE 7.0; Windows NT 5.1; Mozilla/4.0 (compatible; MSIE 6.0; Windows NT 5.1; SV1) ; .NET CLR 1.1.4322; .NET CLR 2.0.50727; .NET CLR 3.0.04506.30; .NET CLR 3.0.04506.648; .NET CLR 3.0.4506.2152; .NET CLR 3.5.30729)"
75.173.26.236 - - [11/Mar/2009:00:00:05 -0400] "GET /gifs/birdumb2.gif HTTP/1.1" 200 4698 "http://www.toastpoint.com/limerick/limerick.html" "Mozilla/4.0 (compatible; MSIE 7.0; Windows NT 5.1; Mozilla/4.0 (compatible; MSIE 6.0; Windows NT 5.1; SV1) ; .NET CLR 1.1.4322; .NET CLR 2.0.50727; .NET CLR 3.0.04506.30; .NET CLR 3.0.04506.648; .NET CLR 3.0.4506.2152; .NET CLR 3.5.30729)"
75.173.26.236 - - [11/Mar/2009:00:00:06 -0400] "GET /favicon.ico HTTP/1.1" 404 693 "-" "Mozilla/4.0 (compatible; MSIE 7.0; Windows NT 5.1; Mozilla/4.0 (compatible; MSIE 6.0; Windows NT 5.1; SV1) ; .NET CLR 1.1.4322; .NET CLR 2.0.50727; .NET CLR 3.0.04506.30; .NET CLR 3.0.04506.648; .NET CLR 3.0.4506.2152; .NET CLR 3.5.30729)"
75.173.26.236 - - [11/Mar/2009:00:00:09 -0400] "GET /limerick/nice599.html HTTP/1.1" 200 26033 "http://www.toastpoint.com/limerick/limerick.html" "Mozilla/4.0 (compatible; MSIE 7.0; Windows NT 5.1; Mozilla/4.0 (compatible; MSIE 6.0; Windows NT 5.1; SV1) ; .NET CLR 1.1.4322; .NET CLR 2.0.50727; .NET CLR 3.0.04506.30; .NET CLR 3.0.04506.648; .NET CLR 3.0.4506.2152; .NET CLR 3.5.30729)"
75.173.26.236 - - [11/Mar/2009:00:00:09 -0400] "GET /gifs/birdumb.gif HTTP/1.1" 200 4704 "http://www.toastpoint.com/limerick/nice599.html" "Mozilla/4.0 (compatible; MSIE 7.0; Windows NT 5.1; Mozilla/4.0 (compatible; MSIE 6.0; Windows NT 5.1; SV1) ; .NET CLR 1.1.4322; .NET CLR 2.0.50727; .NET CLR 3.0.04506.30; .NET CLR 3.0.04506.648; .NET CLR 3.0.4506.2152; .NET CLR 3.5.30729)"
75.173.26.236 - - [11/Mar/2009:00:00:09 -0400] "GET /gifs/goldstar.jpg HTTP/1.1" 200 1854 "http://www.toastpoint.com/limerick/nice599.html" "Mozilla/4.0 (compatible; MSIE 7.0; Windows NT 5.1; Mozilla/4.0 (compatible; MSIE 6.0; Windows NT 5.1; SV1) ; .NET CLR 1.1.4322; .NET CLR 2.0.50727; .NET CLR 3.0.04506.30; .NET CLR 3.0.04506.648; .NET CLR 3.0.4506.2152; .NET CLR 3.5.30729)"
83.167.62.171 - - [11/Mar/2009:00:40:48 -0400] "GET /haiku/1997/1995/haikuaug.html HTTP/1.1" 404 693 "-" "Mozilla/5.0 (compatible; Exabot/3.0; +http://www.exabot.com/go/robot)"
174.129.80.227 - - [11/Mar/2009:00:41:23 -0400] "GET /robots.txt HTTP/1.0" 404 693 "-" "SimilarPages/Nutch-1.0-dev (SimilarPages Nutch Crawler; http://www.similarpages.com; info at similarpages dot com)"
174.129.80.227 - - [11/Mar/2009:00:41:23 -0400] "GET / HTTP/1.0" 200 464 "-" "SimilarPages/Nutch-1.0-dev (SimilarPages Nutch Crawler; http://www.similarpages.com; info at similarpages dot com)"
75.173.47.26 - - [11/Mar/2009:00:45:02 -0400] "GET /limerick/nice499.html HTTP/1.1" 200 24193 "http://www.toastpoint.com/limerick/limerick.html" "Mozilla/4.0 (compatible; MSIE 7.0; Windows NT 5.1; Mozilla/4.0 (compatible; MSIE 6.0; Windows NT 5.1; SV1) ; .NET CLR 1.1.4322; .NET CLR 2.0.50727; .NET CLR 3.0.04506.30; .NET CLR 3.0.04506.648; .NET CLR 3.0.4506.2152; .NET CLR 3.5.30729)"
75.187.252.176 - - [11/Mar/2009:00:59:41 -0400] "GET /limerick/naut199.html HTTP/1.1" 200 34481 "http://www.google.com/search?hl=en&q=naughty+limericks&revid=1079462457&ei=dES3SZHtEp-atwf6vOG-CQ&sa=X&oi=revisions_inline&resnum=0&ct=broad-revision&cd=5" "Mozilla/5.0 (Windows; U; Windows NT 5.1; en-US; rv:1.9.0.7) Gecko/2009021910 Firefox/3.0.7"
75.187.252.176 - - [11/Mar/2009:00:59:42 -0400] "GET /gifs/nakedman.gif HTTP/1.1" 200 7734 "http://www.toastpoint.com/limerick/naut199.html" "Mozilla/5.0 (Windows; U; Windows NT 5.1; en-US; rv:1.9.0.7) Gecko/2009021910 Firefox/3.0.7"
75.187.252.176 - - [11/Mar/2009:00:59:42 -0400] "GET /gifs/goldstar.jpg HTTP/1.1" 200 1854 "http://www.toastpoint.com/limerick/naut199.html" "Mozilla/5.0 (Windows; U; Windows NT 5.1; en-US; rv:1.9.0.7) Gecko/2009021910 Firefox/3.0.7"
75.187.252.176 - - [11/Mar/2009:00:59:42 -0400] "GET /gifs/boobies.gif HTTP/1.1" 200 11144 "http://www.toastpoint.com/limerick/naut199.html" "Mozilla/5.0 (Windows; U; Windows NT 5.1; en-US; rv:1.9.0.7) Gecko/2009021910 Firefox/3.0.7"
75.187.252.176 - - [11/Mar/2009:00:59:42 -0400] "GET /favicon.ico HTTP/1.1" 404 693 "-" "Mozilla/5.0 (Windows; U; Windows NT 5.1; en-US; rv:1.9.0.7) Gecko/2009021910 Firefox/3.0.7"
75.187.252.176 - - [11/Mar/2009:00:59:45 -0400] "GET /favicon.ico HTTP/1.1" 404 693 "-" "Mozilla/5.0 (Windows; U; Windows NT 5.1; en-US; rv:1.9.0.7) Gecko/2009021910 Firefox/3.0.7"
83.167.62.171 - - [11/Mar/2009:01:13:25 -0400] "GET /limerick/1997/naut397.html HTTP/1.1" 200 21435 "-" "Mozilla/5.0 (compatible; Exabot/3.0; +http://www.exabot.com/go/robot)"
81.52.143.15 - - [11/Mar/2009:01:23:46 -0400] "GET /limerick/nice399.html HTTP/1.1" 200 31092 "-" "Mozilla/5.0 (Windows; U; Windows NT 5.1; fr; rv:1.8.1) VoilaBot BETA 1.2 (support.voilabot@orange-ftgroup.com)"
208.80.195.34 - - [11/Mar/2009:01:35:01 -0400] "GET / HTTP/1.0" 200 464 "-" "Mozilla/4.0 (compatible; MSIE 7.0; America Online Browser 1.1; rev1.2; Windows NT 5.1; .NET CLR 1.0.3705; .NET CLR 1.1.4322; Media Center PC 4.0; InfoPath.1)"
65.55.37.179 - - [11/Mar/2009:02:09:59 -0400] "GET /robots.txt HTTP/1.1" 404 693 "-" "msnbot-media/1.1 (+http://search.msn.com/msnbot.htm)"
65.55.37.179 - - [11/Mar/2009:02:09:59 -0400] "GET / HTTP/1.1" 200 464 "-" "msnbot-media/1.1 (+http://search.msn.com/msnbot.htm)"
67.185.182.183 - - [11/Mar/2009:02:13:06 -0400] "GET /favicon.ico HTTP/1.1" 404 693 "-" "Mozilla/5.0 (Windows; U; Windows NT 5.1; en-US; rv:1.9.0.3) Gecko/2008092417 Firefox/3.0.3"
67.185.182.183 - - [11/Mar/2009:02:13:29 -0400] "GET /favicon.ico HTTP/1.1" 404 693 "-" "Mozilla/5.0 (Windows; U; Windows NT 5.1; en-US; rv:1.9.0.3) Gecko/2008092417 Firefox/3.0.3"
67.185.182.183 - - [11/Mar/2009:02:13:29 -0400] "GET /favicon.ico HTTP/1.1" 404 693 "-" "Mozilla/5.0 (Windows; U; Windows NT 5.1; en-US; rv:1.9.0.3) Gecko/2008092417 Firefox/3.0.3"
67.185.182.183 - - [11/Mar/2009:02:13:29 -0400] "GET /limerick/naut199.html HTTP/1.1" 200 34481 "-" "Mozilla/5.0 (Windows; U; Windows NT 5.1; en-US; rv:1.9.0.3) Gecko/2008092417 Firefox/3.0.3"
66.249.65.241 - - [11/Mar/2009:02:19:58 -0400] "GET /welcome.html HTTP/1.1" 200 418 "-" "SAMSUNG-SGH-E250/1.0 Profile/MIDP-2.0 Configuration/CLDC-1.1 UP.Browser/6.2.3.3.c.1.101 (GUI) MMP/2.0 (compatible; Googlebot-Mobile/2.1; +http://www.google.com/bot.html)"
66.249.65.237 - - [11/Mar/2009:02:19:58 -0400] "GET / HTTP/1.1" 200 464 "-" "SAMSUNG-SGH-E250/1.0 Profile/MIDP-2.0 Configuration/CLDC-1.1 UP.Browser/6.2.3.3.c.1.101 (GUI) MMP/2.0 (compatible; Googlebot-Mobile/2.1; +http://www.google.com/bot.html)"
208.111.154.15 - - [11/Mar/2009:02:20:30 -0400] "GET /robots.txt HTTP/1.1" 404 693 "-" "Mozilla/5.0 (compatible; Charlotte/1.1; http://www.searchme.com/support/)"
208.111.154.15 - - [11/Mar/2009:02:20:43 -0400] "GET /limerick/brady/brady96.html HTTP/1.1" 304 - "-" "Mozilla/5.0 (compatible; Charlotte/1.1; http://www.searchme.com/support/)"
68.98.79.253 - - [11/Mar/2009:02:23:04 -0400] "GET /rapture/rapture.html HTTP/1.1" 200 22564 "http://images.ask.com/fr?q=trial&desturi=http%3A%2F%2Fwww.toastpoint.com%2Frapture%2Frapture.html&fm=i&ac=24&ftURI=http%3A%2F%2Fimages.ask.com%2Ffr%3Fq%3Dtrial%26desturi%3Dhttp%253A%252F%252Fwww.toastpoint.com%252Frapture%252Frapture.html%26imagesrc%3Dhttp%253A%252F%252Fwww.toastpoint.com%252Frapture%252Ftbj-jury.gif%26thumbsrc%3Dhttp%253A%252F%252F66.235.120.64%252Fts%253Ft%253D2656937575207208691%2526pid%253D23296%2526ppid%253D6%26o%3D0%26l%3Ddir%26initialURL%3Dhttp%253A%252F%252Fwww.ask.com%252Fpictures%253Fl%253Ddir%2526o%253D0%2526q%253Dtrial%2526qsrc%253D168%26thumbuselocalisedstatic%3Dfalse%26fn%3Dtbj-jury.gif%26imagewidth%3D250%26imageheight%3D212%26fs%3D3%26ft%3Dgif%26f%3D2%26fm%3Di%26ftbURI%3Dhttp%253A%252F%252Fwww.ask.com%252Fpictures%253Fq%253Dtrial%2526page%253D1%2526o%253D0%2526l%253Ddir%2526pstart%253D0&qt=0" "Mozilla/4.0 (compatible; MSIE 7.0; Windows NT 6.0; SLCC1; .NET CLR 2.0.50727; Media Center PC 5.0; .NET CLR 3.0.04506)"
68.98.79.253 - - [11/Mar/2009:02:23:04 -0400] "GET /rapture/tbj-jury.gif HTTP/1.1" 200 3904 "http://www.toastpoint.com/rapture/rapture.html" "Mozilla/4.0 (compatible; MSIE 7.0; Windows NT 6.0; SLCC1; .NET CLR 2.0.50727; Media Center PC 5.0; .NET CLR 3.0.04506)"
68.98.79.253 - - [11/Mar/2009:02:23:04 -0400] "GET /rapture/sor-well.gif HTTP/1.1" 200 2583 "http://www.toastpoint.com/rapture/rapture.html" "Mozilla/4.0 (compatible; MSIE 7.0; Windows NT 6.0; SLCC1; .NET CLR 2.0.50727; Media Center PC 5.0; .NET CLR 3.0.04506)"
68.98.79.253 - - [11/Mar/2009:02:23:04 -0400] "GET /rapture/hms-dick.gif HTTP/1.1" 200 3100 "http://www.toastpoint.com/rapture/rapture.html" "Mozilla/4.0 (compatible; MSIE 7.0; Windows NT 6.0; SLCC1; .NET CLR 2.0.50727; Media Center PC 5.0; .NET CLR 3.0.04506)"
68.98.79.253 - - [11/Mar/2009:02:23:04 -0400] "GET /rapture/pirates.gif HTTP/1.1" 200 4045 "http://www.toastpoint.com/rapture/rapture.html" "Mozilla/4.0 (compatible; MSIE 7.0; Windows NT 6.0; SLCC1; .NET CLR 2.0.50727; Media Center PC 5.0; .NET CLR 3.0.04506)"
68.98.79.253 - - [11/Mar/2009:02:23:04 -0400] "GET /rapture/bunthorne.gif HTTP/1.1" 200 3137 "http://www.toastpoint.com/rapture/rapture.html" "Mozilla/4.0 (compatible; MSIE 7.0; Windows NT 6.0; SLCC1; .NET CLR 2.0.50727; Media Center PC 5.0; .NET CLR 3.0.04506)"
68.98.79.253 - - [11/Mar/2009:02:23:04 -0400] "GET /rapture/iolanthe.gif HTTP/1.1" 200 2814 "http://www.toastpoint.com/rapture/rapture.html" "Mozilla/4.0 (compatible; MSIE 7.0; Windows NT 6.0; SLCC1; .NET CLR 2.0.50727; Media Center PC 5.0; .NET CLR 3.0.04506)"
68.98.79.253 - - [11/Mar/2009:02:23:05 -0400] "GET /rapture/ida-monk.gif HTTP/1.1" 200 3753 "http://www.toastpoint.com/rapture/rapture.html" "Mozilla/4.0 (compatible; MSIE 7.0; Windows NT 6.0; SLCC1; .NET CLR 2.0.50727; Media Center PC 5.0; .NET CLR 3.0.04506)"
68.98.79.253 - - [11/Mar/2009:02:23:05 -0400] "GET /rapture/mik-lips.gif HTTP/1.1" 200 3352 "http://www.toastpoint.com/rapture/rapture.html" "Mozilla/4.0 (compatible; MSIE 7.0; Windows NT 6.0; SLCC1; .NET CLR 2.0.50727; Media Center PC 5.0; .NET CLR 3.0.04506)"
68.98.79.253 - - [11/Mar/2009:02:23:05 -0400] "GET /rapture/rud-spec.gif HTTP/1.1" 200 2489 "http://www.toastpoint.com/rapture/rapture.html" "Mozilla/4.0 (compatible; MSIE 7.0; Windows NT 6.0; SLCC1; .NET CLR 2.0.50727; Media Center PC 5.0; .NET CLR 3.0.04506)"
68.98.79.253 - - [11/Mar/2009:02:23:05 -0400] "GET /rapture/yeo-song.gif HTTP/1.1" 200 2781 "http://www.toastpoint.com/rapture/rapture.html" "Mozilla/4.0 (compatible; MSIE 7.0; Windows NT 6.0; SLCC1; .NET CLR 2.0.50727; Media Center PC 5.0; .NET CLR 3.0.04506)"
68.98.79.253 - - [11/Mar/2009:02:23:05 -0400] "GET /rapture/gon-baby.gif HTTP/1.1" 200 2847 "http://www.toastpoint.com/rapture/rapture.html" "Mozilla/4.0 (compatible; MSIE 7.0; Windows NT 6.0; SLCC1; .NET CLR 2.0.50727; Media Center PC 5.0; .NET CLR 3.0.04506)"
68.98.79.253 - - [11/Mar/2009:02:23:05 -0400] "GET /rapture/uto-look.gif HTTP/1.1" 200 3823 "http://www.toastpoint.com/rapture/rapture.html" "Mozilla/4.0 (compatible; MSIE 7.0; Windows NT 6.0; SLCC1; .NET CLR 2.0.50727; Media Center PC 5.0; .NET CLR 3.0.04506)"
68.98.79.253 - - [11/Mar/2009:02:23:06 -0400] "GET /favicon.ico HTTP/1.1" 404 693 "-" "Mozilla/4.0 (compatible; MSIE 7.0; Windows NT 6.0; SLCC1; .NET CLR 2.0.50727; Media Center PC 5.0; .NET CLR 3.0.04506)"
81.52.143.36 - - [11/Mar/2009:02:48:50 -0400] "GET /limerick/nice499.html HTTP/1.1" 200 24193 "-" "Mozilla/5.0 (Windows; U; Windows NT 5.1; fr; rv:1.8.1) VoilaBot BETA 1.2 (support.voilabot@orange-ftgroup.com)"
66.249.65.227 - - [11/Mar/2009:03:07:12 -0400] "GET /limerick/nice196.html HTTP/1.1" 404 693 "-" "DoCoMo/2.0 N905i(c100;TB;W24H16) (compatible; Googlebot-Mobile/2.1; +http://www.google.com/bot.html)"
66.249.65.230 - - [11/Mar/2009:03:25:18 -0400] "GET /robots.txt HTTP/1.1" 404 693 "-" "DoCoMo/2.0 N905i(c100;TB;W24H16) (compatible; Googlebot-Mobile/2.1; +http://www.google.com/bot.html)"
66.249.65.239 - - [11/Mar/2009:03:25:18 -0400] "GET /haiku/1997/haik1197.html HTTP/1.1" 200 26399 "-" "DoCoMo/2.0 N905i(c100;TB;W24H16) (compatible; Googlebot-Mobile/2.1; +http://www.google.com/bot.html)"
66.249.65.244 - - [11/Mar/2009:03:25:19 -0400] "GET /limerick/1997/naut597.html HTTP/1.1" 200 22468 "-" "DoCoMo/2.0 N905i(c100;TB;W24H16) (compatible; Googlebot-Mobile/2.1; +http://www.google.com/bot.html)"
66.249.65.229 - - [11/Mar/2009:03:25:19 -0400] "GET /fiction/novels/peak1-2.html HTTP/1.1" 200 2302 "-" "DoCoMo/2.0 N905i(c100;TB;W24H16) (compatible; Googlebot-Mobile/2.1; +http://www.google.com/bot.html)"
66.249.65.228 - - [11/Mar/2009:03:26:16 -0400] "GET /haiku/1998/haiku598.html HTTP/1.1" 200 28935 "-" "DoCoMo/2.0 N905i(c100;TB;W24H16) (compatible; Googlebot-Mobile/2.1; +http://www.google.com/bot.html)"
66.249.65.230 - - [11/Mar/2009:03:27:52 -0400] "GET /haiku/1998/haiku998.html HTTP/1.1" 200 38887 "-" "DoCoMo/2.0 N905i(c100;TB;W24H16) (compatible; Googlebot-Mobile/2.1; +http://www.google.com/bot.html)"
66.249.65.234 - - [11/Mar/2009:03:27:52 -0400] "GET /haiku/1997/haiku497.html HTTP/1.1" 200 29895 "-" "DoCoMo/2.0 N905i(c100;TB;W24H16) (compatible; Googlebot-Mobile/2.1; +http://www.google.com/bot.html)"
66.249.65.239 - - [11/Mar/2009:03:27:52 -0400] "GET /limerick/1997/nice797.html HTTP/1.1" 200 19339 "-" "DoCoMo/2.0 N905i(c100;TB;W24H16) (compatible; Googlebot-Mobile/2.1; +http://www.google.com/bot.html)"
72.30.142.226 - - [11/Mar/2009:03:28:24 -0400] "GET /robots.txt HTTP/1.0" 404 693 "-" "Mozilla/5.0 (compatible; Yahoo! Slurp; http://help.yahoo.com/help/us/ysearch/slurp)"
66.249.65.240 - - [11/Mar/2009:03:28:25 -0400] "GET /limerick/1997/naut1197.html HTTP/1.1" 200 42998 "-" "DoCoMo/2.0 N905i(c100;TB;W24H16) (compatible; Googlebot-Mobile/2.1; +http://www.google.com/bot.html)"
60.242.198.83 - - [11/Mar/2009:03:28:43 -0400] "GET /gifs/japan.gif HTTP/1.1" 200 5737 "http://www.toastpoint.com/haiku/haiku399.html" "Mozilla/5.0 (Macintosh; U; Intel Mac OS X 10_4_11; en) AppleWebKit/525.27.1 (KHTML, like Gecko) Version/3.2.1 Safari/525.27.1"
60.242.198.83 - - [11/Mar/2009:03:28:43 -0400] "GET /gifs/goldstar.jpg HTTP/1.1" 200 1854 "http://www.toastpoint.com/haiku/haiku399.html" "Mozilla/5.0 (Macintosh; U; Intel Mac OS X 10_4_11; en) AppleWebKit/525.27.1 (KHTML, like Gecko) Version/3.2.1 Safari/525.27.1"
60.242.198.83 - - [11/Mar/2009:03:28:43 -0400] "GET /gifs/blank.jpg HTTP/1.1" 200 705 "http://www.toastpoint.com/haiku/haiku399.html" "Mozilla/5.0 (Macintosh; U; Intel Mac OS X 10_4_11; en) AppleWebKit/525.27.1 (KHTML, like Gecko) Version/3.2.1 Safari/525.27.1"
60.242.198.83 - - [11/Mar/2009:03:28:42 -0400] "GET /haiku/haiku399.html HTTP/1.1" 200 75208 "http://www.toastpoint.com/haiku/haiku399.html" "Mozilla/5.0 (Macintosh; U; Intel Mac OS X 10_4_11; en) AppleWebKit/525.27.1 (KHTML, like Gecko) Version/3.2.1 Safari/525.27.1"
66.249.65.231 - - [11/Mar/2009:03:28:57 -0400] "GET /haiku/1998/haik1198.html HTTP/1.1" 200 36876 "-" "DoCoMo/2.0 N905i(c100;TB;W24H16) (compatible; Googlebot-Mobile/2.1; +http://www.google.com/bot.html)"
66.249.65.241 - - [11/Mar/2009:03:28:58 -0400] "GET /limerick/docs/formhint.html HTTP/1.1" 200 2522 "-" "DoCoMo/2.0 N905i(c100;TB;W24H16) (compatible; Googlebot-Mobile/2.1; +http://www.google.com/bot.html)"
72.30.142.226 - - [11/Mar/2009:03:29:07 -0400] "GET /links.html HTTP/1.0" 200 4252 "-" "Mozilla/5.0 (compatible; Yahoo! Slurp/3.0; http://help.yahoo.com/help/us/ysearch/slurp)"
66.249.65.241 - - [11/Mar/2009:03:29:40 -0400] "GET /limerick/1996/1996.html HTTP/1.1" 404 693 "-" "DoCoMo/2.0 N905i(c100;TB;W24H16) (compatible; Googlebot-Mobile/2.1; +http://www.google.com/bot.html)"
66.249.65.234 - - [11/Mar/2009:03:29:41 -0400] "GET /haiku/1997/haiku597.html HTTP/1.1" 200 30659 "-" "DoCoMo/2.0 N905i(c100;TB;W24H16) (compatible; Googlebot-Mobile/2.1; +http://www.google.com/bot.html)"
66.249.65.234 - - [11/Mar/2009:03:29:41 -0400] "GET /haiku/1998/haiku398.html HTTP/1.1" 200 47804 "-" "DoCoMo/2.0 N905i(c100;TB;W24H16) (compatible; Googlebot-Mobile/2.1; +http://www.google.com/bot.html)"
66.249.65.229 - - [11/Mar/2009:03:29:41 -0400] "GET /limerick/1997/naut797.html HTTP/1.1" 200 22034 "-" "DoCoMo/2.0 N905i(c100;TB;W24H16) (compatible; Googlebot-Mobile/2.1; +http://www.google.com/bot.html)"
66.249.65.244 - - [11/Mar/2009:03:30:27 -0400] "GET /haiku/1997/haiku297.html HTTP/1.1" 200 48218 "-" "DoCoMo/2.0 N905i(c100;TB;W24H16) (compatible; Googlebot-Mobile/2.1; +http://www.google.com/bot.html)"
66.249.65.241 - - [11/Mar/2009:03:30:30 -0400] "GET /limerick/1997/nice1297.html HTTP/1.1" 200 24100 "-" "DoCoMo/2.0 N905i(c100;TB;W24H16) (compatible; Googlebot-Mobile/2.1; +http://www.google.com/bot.html)"
66.249.65.242 - - [11/Mar/2009:03:31:42 -0400] "GET /limerick/brady/bradyfrm.html HTTP/1.1" 200 546 "-" "DoCoMo/2.0 N905i(c100;TB;W24H16) (compatible; Googlebot-Mobile/2.1; +http://www.google.com/bot.html)"
66.249.65.225 - - [11/Mar/2009:03:32:09 -0400] "GET /haiku/1998/haiku498.html HTTP/1.1" 200 33616 "-" "DoCoMo/2.0 N905i(c100;TB;W24H16) (compatible; Googlebot-Mobile/2.1; +http://www.google.com/bot.html)"
66.249.65.229 - - [11/Mar/2009:03:32:09 -0400] "GET /limerick/1997/nice597.html HTTP/1.1" 200 16764 "-" "DoCoMo/2.0 N905i(c100;TB;W24H16) (compatible; Googlebot-Mobile/2.1; +http://www.google.com/bot.html)"
66.249.65.237 - - [11/Mar/2009:03:32:34 -0400] "GET /limerick/1997/naut197.html HTTP/1.1" 200 27246 "-" "DoCoMo/2.0 N905i(c100;TB;W24H16) (compatible; Googlebot-Mobile/2.1; +http://www.google.com/bot.html)"
66.249.65.244 - - [11/Mar/2009:03:32:53 -0400] "GET /limerick/nautfrm.html HTTP/1.1" 200 548 "-" "DoCoMo/2.0 N905i(c100;TB;W24H16) (compatible; Googlebot-Mobile/2.1; +http://www.google.com/bot.html)"
66.249.65.229 - - [11/Mar/2009:03:33:04 -0400] "GET /haiku/1997/haiku197.html HTTP/1.1" 200 34967 "-" "DoCoMo/2.0 N905i(c100;TB;W24H16) (compatible; Googlebot-Mobile/2.1; +http://www.google.com/bot.html)"
66.249.65.231 - - [11/Mar/2009:03:33:05 -0400] "GET /limerick/1997/nice197.html HTTP/1.1" 200 17698 "-" "DoCoMo/2.0 N905i(c100;TB;W24H16) (compatible; Googlebot-Mobile/2.1; +http://www.google.com/bot.html)"
66.249.65.239 - - [11/Mar/2009:03:33:05 -0400] "GET /limerick/1997/naut697.html HTTP/1.1" 200 24732 "-" "DoCoMo/2.0 N905i(c100;TB;W24H16) (compatible; Googlebot-Mobile/2.1; +http://www.google.com/bot.html)"
66.249.65.226 - - [11/Mar/2009:03:33:50 -0400] "GET /haiku/1997/haiku397.html HTTP/1.1" 200 42491 "-" "DoCoMo/2.0 N905i(c100;TB;W24H16) (compatible; Googlebot-Mobile/2.1; +http://www.google.com/bot.html)"
66.249.65.242 - - [11/Mar/2009:03:33:51 -0400] "GET /haiku/1998/haik1098.html HTTP/1.1" 200 36006 "-" "DoCoMo/2.0 N905i(c100;TB;W24H16) (compatible; Googlebot-Mobile/2.1; +http://www.google.com/bot.html)"
66.249.65.241 - - [11/Mar/2009:03:33:51 -0400] "GET /haiku/1998/haiku698.html HTTP/1.1" 200 26705 "-" "DoCoMo/2.0 N905i(c100;TB;W24H16) (compatible; Googlebot-Mobile/2.1; +http://www.google.com/bot.html)"
66.249.65.237 - - [11/Mar/2009:03:34:47 -0400] "GET /limerick/1997/nice997.html HTTP/1.1" 200 24299 "-" "DoCoMo/2.0 N905i(c100;TB;W24H16) (compatible; Googlebot-Mobile/2.1; +http://www.google.com/bot.html)"
66.249.65.227 - - [11/Mar/2009:03:34:47 -0400] "GET /limerick/1997/naut1097.html HTTP/1.1" 200 35530 "-" "DoCoMo/2.0 N905i(c100;TB;W24H16) (compatible; Googlebot-Mobile/2.1; +http://www.google.com/bot.html)"
66.249.65.237 - - [11/Mar/2009:03:35:00 -0400] "GET /haiku/1997/haiku697.html HTTP/1.1" 200 26478 "-" "DoCoMo/2.0 N905i(c100;TB;W24H16) (compatible; Googlebot-Mobile/2.1; +http://www.google.com/bot.html)"
66.249.65.229 - - [11/Mar/2009:03:35:00 -0400] "GET /limerick/1997/naut997.html HTTP/1.1" 200 53317 "-" "DoCoMo/2.0 N905i(c100;TB;W24H16) (compatible; Googlebot-Mobile/2.1; +http://www.google.com/bot.html)"
66.249.65.233 - - [11/Mar/2009:03:35:00 -0400] "GET /limerick/1997/nice1097.html HTTP/1.1" 200 20810 "-" "DoCoMo/2.0 N905i(c100;TB;W24H16) (compatible; Googlebot-Mobile/2.1; +http://www.google.com/bot.html)"
66.249.65.228 - - [11/Mar/2009:03:36:59 -0400] "GET /haiku/1996/haik1996.html HTTP/1.1" 200 1887 "-" "Mozilla/5.0 (compatible; Googlebot/2.1; +http://www.google.com/bot.html)"
66.249.65.230 - - [11/Mar/2009:03:45:21 -0400] "GET /haiku/1998/haiku298.html HTTP/1.1" 200 35588 "-" "DoCoMo/2.0 N905i(c100;TB;W24H16) (compatible; Googlebot-Mobile/2.1; +http://www.google.com/bot.html)"
66.249.65.230 - - [11/Mar/2009:03:51:54 -0400] "GET /haiku/1998/haiku198.html HTTP/1.1" 200 25922 "-" "DoCoMo/2.0 N905i(c100;TB;W24H16) (compatible; Googlebot-Mobile/2.1; +http://www.google.com/bot.html)"
66.249.65.237 - - [11/Mar/2009:03:51:54 -0400] "GET /haiku/1997/haik1297.html HTTP/1.1" 200 22956 "-" "DoCoMo/2.0 N905i(c100;TB;W24H16) (compatible; Googlebot-Mobile/2.1; +http://www.google.com/bot.html)"
66.249.65.233 - - [11/Mar/2009:03:51:54 -0400] "GET /limerick/1997/nice697.html HTTP/1.1" 200 18475 "-" "DoCoMo/2.0 N905i(c100;TB;W24H16) (compatible; Googlebot-Mobile/2.1; +http://www.google.com/bot.html)"
66.249.65.240 - - [11/Mar/2009:03:52:52 -0400] "GET /haiku/1998/haik1298.html HTTP/1.1" 200 28856 "-" "DoCoMo/2.0 N905i(c100;TB;W24H16) (compatible; Googlebot-Mobile/2.1; +http://www.google.com/bot.html)"
38.100.8.50 - - [11/Mar/2009:03:56:50 -0400] "GET /robots.txt HTTP/1.1" 404 693 "-" "panscient.com"
38.100.8.50 - - [11/Mar/2009:03:56:50 -0400] "GET / HTTP/1.1" 200 464 "-" "panscient.com"
38.100.8.50 - - [11/Mar/2009:03:56:51 -0400] "GET /toastpointtoc.html HTTP/1.1" 200 1188 "-" "panscient.com"
38.100.8.50 - - [11/Mar/2009:03:56:53 -0400] "GET /news.html HTTP/1.1" 200 17706 "-" "panscient.com"
38.100.8.50 - - [11/Mar/2009:03:56:54 -0400] "GET /toastpointtopleft.html HTTP/1.1" 200 162 "-" "panscient.com"
38.100.8.50 - - [11/Mar/2009:03:56:56 -0400] "GET /toastpointtopright.html HTTP/1.1" 200 151 "-" "panscient.com"
38.100.8.50 - - [11/Mar/2009:03:57:01 -0400] "GET /tpnews.html HTTP/1.1" 200 8305 "-" "panscient.com"
38.100.8.50 - - [11/Mar/2009:03:57:03 -0400] "GET /gifs/pastheaders.html HTTP/1.1" 200 1264 "-" "panscient.com"
38.100.8.50 - - [11/Mar/2009:03:57:05 -0400] "GET /travel/buxton2006.html HTTP/1.1" 200 1963 "-" "panscient.com"
38.100.8.50 - - [11/Mar/2009:03:57:06 -0400] "GET /ponder.html HTTP/1.1" 200 3441 "-" "panscient.com"
38.100.8.50 - - [11/Mar/2009:03:57:08 -0400] "GET /writing/english.html HTTP/1.1" 200 4064 "-" "panscient.com"
38.100.8.50 - - [11/Mar/2009:03:57:09 -0400] "GET /writing/computer.html HTTP/1.1" 200 6946 "-" "panscient.com"
38.100.8.50 - - [11/Mar/2009:03:57:12 -0400] "GET /bio.html HTTP/1.1" 200 7868 "-" "panscient.com"
38.100.8.50 - - [11/Mar/2009:03:57:15 -0400] "GET /toastpointtoc.html HTTP/1.1" 200 1188 "-" "panscient.com"
38.100.8.50 - - [11/Mar/2009:03:57:15 -0400] "GET /news.html HTTP/1.1" 200 17706 "-" "panscient.com"
38.100.8.50 - - [11/Mar/2009:03:57:17 -0400] "GET /toastpointtopleft.html HTTP/1.1" 200 162 "-" "panscient.com"
38.100.8.50 - - [11/Mar/2009:03:57:18 -0400] "GET /toastpointtopright.html HTTP/1.1" 200 151 "-" "panscient.com"
38.100.8.50 - - [11/Mar/2009:03:57:19 -0400] "GET /tpnews.html HTTP/1.1" 200 8305 "-" "panscient.com"
38.100.8.50 - - [11/Mar/2009:03:57:25 -0400] "GET /prideandjoy.html HTTP/1.1" 200 4887 "-" "panscient.com"
38.100.8.50 - - [11/Mar/2009:03:57:26 -0400] "GET /prideforallages.html HTTP/1.1" 200 988 "-" "panscient.com"
38.100.8.50 - - [11/Mar/2009:03:57:27 -0400] "GET /rapture/rapture.html HTTP/1.1" 200 22564 "-" "panscient.com"
81.52.143.16 - - [11/Mar/2009:04:00:05 -0400] "GET /limerick/1998/naut598.html HTTP/1.1" 200 63665 "-" "Mozilla/5.0 (Windows; U; Windows NT 5.1; fr; rv:1.8.1) VoilaBot BETA 1.2 (support.voilabot@orange-ftgroup.com)"
66.235.124.58 - - [11/Mar/2009:04:00:28 -0400] "GET /robots.txt HTTP/1.0" 404 693 "-" "Mozilla/5.0 (compatible; Ask Jeeves/Teoma; +http://about.ask.com/en/docs/about/webmasters.shtml)"
66.235.124.58 - - [11/Mar/2009:04:00:28 -0400] "GET /limerick/nice299.html HTTP/1.0" 200 28130 "-" "Mozilla/5.0 (compatible; Ask Jeeves/Teoma; +http://about.ask.com/en/docs/about/webmasters.shtml)"
66.249.65.242 - - [11/Mar/2009:04:02:47 -0400] "GET /haiku/1997/haiku997.html HTTP/1.1" 200 28323 "-" "DoCoMo/2.0 N905i(c100;TB;W24H16) (compatible; Googlebot-Mobile/2.1; +http://www.google.com/bot.html)"
66.249.65.231 - - [11/Mar/2009:04:14:27 -0400] "GET /limerick/1997/naut1297.html HTTP/1.1" 200 36990 "-" "DoCoMo/2.0 N905i(c100;TB;W24H16) (compatible; Googlebot-Mobile/2.1; +http://www.google.com/bot.html)"
66.249.65.230 - - [11/Mar/2009:04:15:47 -0400] "GET /limerick/1997/nice1197.html HTTP/1.1" 200 19541 "-" "DoCoMo/2.0 N905i(c100;TB;W24H16) (compatible; Googlebot-Mobile/2.1; +http://www.google.com/bot.html)"
66.249.65.234 - - [11/Mar/2009:04:18:08 -0400] "GET /fiction/fict98/fictline.html HTTP/1.1" 404 693 "-" "DoCoMo/2.0 N905i(c100;TB;W24H16) (compatible; Googlebot-Mobile/2.1; +http://www.google.com/bot.html)"
66.249.65.239 - - [11/Mar/2009:04:24:51 -0400] "GET /haiku/1997/haiku797.html HTTP/1.1" 200 23929 "-" "DoCoMo/2.0 N905i(c100;TB;W24H16) (compatible; Googlebot-Mobile/2.1; +http://www.google.com/bot.html)"
66.249.65.227 - - [11/Mar/2009:04:24:51 -0400] "GET /haiku/1998/haiku798.html HTTP/1.1" 200 74969 "-" "DoCoMo/2.0 N905i(c100;TB;W24H16) (compatible; Googlebot-Mobile/2.1; +http://www.google.com/bot.html)"
66.249.65.239 - - [11/Mar/2009:04:27:20 -0400] "GET /haiku/1997/haik1097.html HTTP/1.1" 200 24055 "-" "DoCoMo/2.0 N905i(c100;TB;W24H16) (compatible; Googlebot-Mobile/2.1; +http://www.google.com/bot.html)"
193.252.149.13 - - [11/Mar/2009:04:40:02 -0400] "GET /limerick/nice199.html HTTP/1.1" 200 25313 "-" "Mozilla/5.0 (Windows; U; Windows NT 5.1; fr; rv:1.8.1) VoilaBot BETA 1.2 (support.voilabot@orange-ftgroup.com)"
174.129.81.244 - - [11/Mar/2009:04:47:38 -0400] "GET /robots.txt HTTP/1.0" 404 693 "-" "SimilarPages/Nutch-1.0-dev (SimilarPages Nutch Crawler; http://www.similarpages.com; info at similarpages dot com)"
174.129.81.244 - - [11/Mar/2009:04:47:38 -0400] "GET /news.html HTTP/1.0" 200 17706 "-" "SimilarPages/Nutch-1.0-dev (SimilarPages Nutch Crawler; http://www.similarpages.com; info at similarpages dot com)"
174.129.81.244 - - [11/Mar/2009:04:50:21 -0400] "GET /toastpointtopright.html HTTP/1.0" 200 151 "-" "SimilarPages/Nutch-1.0-dev (SimilarPages Nutch Crawler; http://www.similarpages.com; info at similarpages dot com)"
66.249.65.234 - - [11/Mar/2009:04:52:26 -0400] "GET /fiction/fict98/novels/Rosalind.html HTTP/1.1" 404 693 "-" "DoCoMo/2.0 N905i(c100;TB;W24H16) (compatible; Googlebot-Mobile/2.1; +http://www.google.com/bot.html)"
208.80.195.47 - - [11/Mar/2009:04:54:10 -0400] "GET / HTTP/1.0" 200 464 "-" "Mozilla/4.0 (compatible; MSIE 7.0; Windows NT 5.1;  Embedded Web Browser from: http://bsalsa.com/; .NET CLR 1.0.3705; .NET CLR 1.1.4322)"
66.249.65.230 - - [11/Mar/2009:04:55:43 -0400] "GET /gifs/tpjuly2007.jpg HTTP/1.1" 304 - "-" "Googlebot-Image/1.0"
66.249.65.235 - - [11/Mar/2009:04:56:25 -0400] "GET /limerick/gifs/goldstar.jpg HTTP/1.1" 404 693 "-" "Mozilla/5.0 (compatible; Googlebot/2.1; +http://www.google.com/bot.html)"
174.129.81.244 - - [11/Mar/2009:04:57:48 -0400] "GET /toastpointtopleft.html HTTP/1.0" 200 162 "-" "SimilarPages/Nutch-1.0-dev (SimilarPages Nutch Crawler; http://www.similarpages.com; info at similarpages dot com)"
174.129.81.244 - - [11/Mar/2009:04:59:46 -0400] "GET /toastpointtoc.html HTTP/1.0" 200 1188 "-" "SimilarPages/Nutch-1.0-dev (SimilarPages Nutch Crawler; http://www.similarpages.com; info at similarpages dot com)"
65.55.165.41 - - [11/Mar/2009:05:04:43 -0400] "GET / HTTP/1.0" 200 464 "-" "Mozilla/4.0 (compatible; MSIE 6.0; Windows NT 5.2; SV1; .NET CLR 1.1.4322)"
65.55.165.41 - - [11/Mar/2009:05:04:43 -0400] "GET /toastpointtoc.html HTTP/1.0" 200 1188 "http://www.toastpoint.com/" "Mozilla/4.0 (compatible; MSIE 6.0; Windows NT 5.2; SV1; .NET CLR 1.1.4322)"
65.55.165.41 - - [11/Mar/2009:05:04:43 -0400] "GET /toastpointtopleft.html HTTP/1.0" 200 162 "http://www.toastpoint.com/" "Mozilla/4.0 (compatible; MSIE 6.0; Windows NT 5.2; SV1; .NET CLR 1.1.4322)"
65.55.165.41 - - [11/Mar/2009:05:04:43 -0400] "GET /news.html HTTP/1.0" 200 17706 "http://www.toastpoint.com/" "Mozilla/4.0 (compatible; MSIE 6.0; Windows NT 5.2; SV1; .NET CLR 1.1.4322)"
65.55.165.41 - - [11/Mar/2009:05:04:43 -0400] "GET /toastpointtopright.html HTTP/1.0" 200 151 "http://www.toastpoint.com/" "Mozilla/4.0 (compatible; MSIE 6.0; Windows NT 5.2; SV1; .NET CLR 1.1.4322)"
65.55.165.41 - - [11/Mar/2009:05:04:43 -0400] "GET /tpnews.html HTTP/1.0" 200 8305 "http://www.toastpoint.com/" "Mozilla/4.0 (compatible; MSIE 6.0; Windows NT 5.2; SV1; .NET CLR 1.1.4322)"
174.129.81.244 - - [11/Mar/2009:05:06:29 -0400] "GET /tpnews.html HTTP/1.0" 200 8305 "-" "SimilarPages/Nutch-1.0-dev (SimilarPages Nutch Crawler; http://www.similarpages.com; info at similarpages dot com)"
94.142.128.140 - - [11/Mar/2009:05:08:39 -0400] "GET /writing/kyw.html HTTP/1.0" 200 3576 "http://www.toastpoint.com/writing/kyw.html" "Mozilla/4.0 (compatible; MSIE 6.0; Windows 98; Win 9x 4.90)"
83.167.62.171 - - [11/Mar/2009:05:33:27 -0400] "GET /limerick/1997/nice397.html HTTP/1.1" 200 13929 "-" "Mozilla/5.0 (compatible; Exabot/3.0; +http://www.exabot.com/go/robot)"
221.219.119.59 - - [11/Mar/2009:05:59:46 -0400] "GET /haiku/haiku.html HTTP/1.1" 200 2147 "-" "Mozilla/5.0 (Windows; U; Windows NT 5.1; zh-CN; rv:1.9.0.5) Gecko/2008120122 Firefox/3.0.5 Ubiquity/0.1.5"
208.111.154.15 - - [11/Mar/2009:06:07:48 -0400] "GET /robots.txt HTTP/1.1" 404 693 "-" "Mozilla/5.0 (compatible; Charlotte/1.1; http://www.searchme.com/support/)"
208.111.154.15 - - [11/Mar/2009:06:07:54 -0400] "GET /limerick/brady/brady96.html HTTP/1.1" 304 - "-" "Mozilla/5.0 (compatible; Charlotte/1.1; http://www.searchme.com/support/)"
193.252.149.14 - - [11/Mar/2009:06:24:57 -0400] "GET /haiku/haiku399.html HTTP/1.1" 200 75208 "-" "Mozilla/5.0 (Windows; U; Windows NT 5.1; fr; rv:1.8.1) VoilaBot BETA 1.2 (support.voilabot@orange-ftgroup.com)"
216.180.19.168 - - [11/Mar/2009:06:29:27 -0400] "GET /favicon.ico HTTP/1.1" 404 693 "-" "Mozilla/5.0 (Windows; U; Windows NT 5.1; en-US; rv:1.8.1.1) Gecko/20061204 Firefox/2.0.0.1"
216.180.19.168 - - [11/Mar/2009:06:29:27 -0400] "GET /limerick/limerick.html HTTP/1.1" 200 2613 "-" "Mozilla/5.0 (Windows; U; Windows NT 5.1; en-US; rv:1.8.1.1) Gecko/20061204 Firefox/2.0.0.1"
216.180.19.168 - - [11/Mar/2009:06:29:27 -0400] "GET /gifs/woman.gif HTTP/1.1" 200 9657 "http://www.toastpoint.com/limerick/limerick.html" "Mozilla/5.0 (Windows; U; Windows NT 5.1; en-US; rv:1.8.1.1) Gecko/20061204 Firefox/2.0.0.1"
216.180.19.168 - - [11/Mar/2009:06:29:27 -0400] "GET /gifs/birdumb2.gif HTTP/1.1" 200 4698 "http://www.toastpoint.com/limerick/limerick.html" "Mozilla/5.0 (Windows; U; Windows NT 5.1; en-US; rv:1.8.1.1) Gecko/20061204 Firefox/2.0.0.1"
193.252.149.14 - - [11/Mar/2009:06:44:16 -0400] "GET /limerick/naut399.html HTTP/1.1" 200 38217 "-" "Mozilla/5.0 (Windows; U; Windows NT 5.1; fr; rv:1.8.1) VoilaBot BETA 1.2 (support.voilabot@orange-ftgroup.com)"
72.30.142.226 - - [11/Mar/2009:07:16:27 -0400] "GET /travel/italy2008.html HTTP/1.0" 200 35184 "-" "Mozilla/5.0 (compatible; Yahoo! Slurp/3.0; http://help.yahoo.com/help/us/ysearch/slurp)"
208.111.154.16 - - [11/Mar/2009:07:17:21 -0400] "GET /robots.txt HTTP/1.1" 404 693 "-" "Mozilla/5.0 (compatible; Charlotte/1.1; http://www.searchme.com/support/)"
208.111.154.16 - - [11/Mar/2009:07:17:40 -0400] "GET /limerick/1997/nice697.html HTTP/1.1" 200 18475 "-" "Mozilla/5.0 (compatible; Charlotte/1.1; http://www.searchme.com/support/)"
208.80.195.47 - - [11/Mar/2009:07:18:05 -0400] "GET / HTTP/1.0" 200 464 "-" "Mozilla/4.0 (compatible; MSIE 7.0; Windows NT 5.1; FunWebProducts; .NET CLR 1.0.3705; .NET CLR 1.1.4322; Media Center PC 4.0; .NET CLR 2.0.50727) Netscape/8.1.2"
74.6.18.246 - - [11/Mar/2009:07:44:51 -0400] "GET /robots.txt HTTP/1.0" 404 693 "-" "Mozilla/5.0 (compatible; Yahoo! Slurp; http://help.yahoo.com/help/us/ysearch/slurp)"
82.0.83.149 - - [11/Mar/2009:08:12:51 -0400] "GET /limerick/naut199.html HTTP/1.1" 200 34481 "http://www.google.co.uk/search?hl=en&q=crude+limerick&meta=" "Mozilla/4.0 (compatible; MSIE 6.0; Windows NT 5.1; SV1; .NET CLR 1.1.4322; .NET CLR 2.0.50727; InfoPath.1)"
82.0.83.149 - - [11/Mar/2009:08:12:52 -0400] "GET /limerick/naut199.html HTTP/1.1" 200 34481 "http://www.google.co.uk/search?hl=en&q=crude+limerick&meta=" "Mozilla/4.0 (compatible; MSIE 6.0; Windows NT 5.1; SV1; .NET CLR 1.1.4322; .NET CLR 2.0.50727; InfoPath.1)"
82.0.83.149 - - [11/Mar/2009:08:12:52 -0400] "GET /limerick/naut199.html HTTP/1.1" 200 34481 "http://www.google.co.uk/search?hl=en&q=crude+limerick&meta=" "Mozilla/4.0 (compatible; MSIE 6.0; Windows NT 5.1; SV1; .NET CLR 1.1.4322; .NET CLR 2.0.50727; InfoPath.1)"
81.52.143.31 - - [11/Mar/2009:08:26:49 -0400] "GET /limerick/nice599.html HTTP/1.1" 200 26033 "-" "Mozilla/5.0 (Windows; U; Windows NT 5.1; fr; rv:1.8.1) VoilaBot BETA 1.2 (support.voilabot@orange-ftgroup.com)"
66.249.65.227 - - [11/Mar/2009:08:35:47 -0400] "GET /fiction/novels/peak1-3.html HTTP/1.1" 200 6956 "-" "DoCoMo/2.0 N905i(c100;TB;W24H16) (compatible; Googlebot-Mobile/2.1; +http://www.google.com/bot.html)"
90.219.97.118 - - [11/Mar/2009:08:36:39 -0400] "GET /gifs/nakedman.gif HTTP/1.1" 200 7734 "http://www.toastpoint.com/limerick/naut199.html" "Mozilla/5.0 (Windows; U; Windows NT 5.1; en-GB; rv:1.9.0.7) Gecko/2009021910 Firefox/3.0.7"
90.219.97.118 - - [11/Mar/2009:08:36:39 -0400] "GET /gifs/boobies.gif HTTP/1.1" 200 11144 "http://www.toastpoint.com/limerick/naut199.html" "Mozilla/5.0 (Windows; U; Windows NT 5.1; en-GB; rv:1.9.0.7) Gecko/2009021910 Firefox/3.0.7"
90.219.97.118 - - [11/Mar/2009:08:36:39 -0400] "GET /gifs/goldstar.jpg HTTP/1.1" 200 1854 "http://www.toastpoint.com/limerick/naut199.html" "Mozilla/5.0 (Windows; U; Windows NT 5.1; en-GB; rv:1.9.0.7) Gecko/2009021910 Firefox/3.0.7"
90.219.97.118 - - [11/Mar/2009:08:36:38 -0400] "GET /limerick/naut199.html HTTP/1.1" 200 34481 "http://www.google.co.uk/search?hl=en&ei=ObC3SazwD-CGjAeYrLWiCQ&sa=X&oi=spell&resnum=1&ct=result&cd=1&q=wonder+why+when+a+man%27s+cold+his+cock+shrivels+up+but+when+a+woman%27s+cold+her+nips+get+bigger&spell=1" "Mozilla/5.0 (Windows; U; Windows NT 5.1; en-GB; rv:1.9.0.7) Gecko/2009021910 Firefox/3.0.7"
90.219.97.118 - - [11/Mar/2009:08:36:41 -0400] "GET /favicon.ico HTTP/1.1" 404 693 "-" "Mozilla/5.0 (Windows; U; Windows NT 5.1; en-GB; rv:1.9.0.7) Gecko/2009021910 Firefox/3.0.7"
90.219.97.118 - - [11/Mar/2009:08:36:44 -0400] "GET /favicon.ico HTTP/1.1" 404 693 "-" "Mozilla/5.0 (Windows; U; Windows NT 5.1; en-GB; rv:1.9.0.7) Gecko/2009021910 Firefox/3.0.7"
66.249.65.237 - - [11/Mar/2009:09:15:25 -0400] "GET /robots.txt HTTP/1.1" 404 693 "-" "Mozilla/5.0 (compatible; Googlebot/2.1; +http://www.google.com/bot.html)"
66.249.65.233 - - [11/Mar/2009:09:15:26 -0400] "GET /haiku/haiku.html HTTP/1.1" 200 2147 "-" "Mozilla/5.0 (compatible; Googlebot/2.1; +http://www.google.com/bot.html)"
81.52.143.34 - - [11/Mar/2009:09:21:34 -0400] "GET /haiku/haiku.html HTTP/1.1" 200 2147 "-" "Mozilla/5.0 (Windows; U; Windows NT 5.1; fr; rv:1.8.1) VoilaBot BETA 1.2 (support.voilabot@orange-ftgroup.com)"
207.126.224.241 - - [11/Mar/2009:11:04:51 -0400] "GET /haiku HTTP/1.0" 301 240 "-" "Mozilla/4.05 [en]"
207.126.224.241 - - [11/Mar/2009:11:04:51 -0400] "GET /haiku/ HTTP/1.0" 403 563 "-" "Mozilla/4.05 [en]"
207.126.224.241 - - [11/Mar/2009:11:04:55 -0400] "GET /limerick HTTP/1.0" 301 243 "-" "Mozilla/4.05 [en]"
207.126.224.241 - - [11/Mar/2009:11:04:55 -0400] "GET /limerick/ HTTP/1.0" 403 563 "-" "Mozilla/4.05 [en]"
68.84.72.102 - - [11/Mar/2009:11:32:09 -0400] "GET /limerick/naut199.html HTTP/1.1" 200 34481 "http://www.google.com/search?hl=en&safe=off&client=firefox-a&channel=s&rls=org.mozilla%3Aen-US%3Aofficial&hs=I25&q=naughty+limericks&btnG=Search" "Mozilla/5.0 (Windows; U; Windows NT 6.0; en-US; rv:1.9.0.7) Gecko/2009021910 Firefox/3.0.7"
68.84.72.102 - - [11/Mar/2009:11:32:09 -0400] "GET /gifs/nakedman.gif HTTP/1.1" 200 7734 "http://www.toastpoint.com/limerick/naut199.html" "Mozilla/5.0 (Windows; U; Windows NT 6.0; en-US; rv:1.9.0.7) Gecko/2009021910 Firefox/3.0.7"
68.84.72.102 - - [11/Mar/2009:11:32:09 -0400] "GET /gifs/goldstar.jpg HTTP/1.1" 200 1854 "http://www.toastpoint.com/limerick/naut199.html" "Mozilla/5.0 (Windows; U; Windows NT 6.0; en-US; rv:1.9.0.7) Gecko/2009021910 Firefox/3.0.7"
68.84.72.102 - - [11/Mar/2009:11:32:09 -0400] "GET /gifs/boobies.gif HTTP/1.1" 200 11144 "http://www.toastpoint.com/limerick/naut199.html" "Mozilla/5.0 (Windows; U; Windows NT 6.0; en-US; rv:1.9.0.7) Gecko/2009021910 Firefox/3.0.7"
68.84.72.102 - - [11/Mar/2009:11:32:10 -0400] "GET /favicon.ico HTTP/1.1" 404 693 "-" "Mozilla/5.0 (Windows; U; Windows NT 6.0; en-US; rv:1.9.0.7) Gecko/2009021910 Firefox/3.0.7"
68.84.72.102 - - [11/Mar/2009:11:32:13 -0400] "GET /favicon.ico HTTP/1.1" 404 693 "-" "Mozilla/5.0 (Windows; U; Windows NT 6.0; en-US; rv:1.9.0.7) Gecko/2009021910 Firefox/3.0.7"
174.129.85.59 - - [11/Mar/2009:11:32:13 -0400] "GET /robots.txt HTTP/1.0" 404 693 "-" "SimilarPages/Nutch-1.0-dev (SimilarPages Nutch Crawler; http://www.similarpages.com; info at similarpages dot com)"
174.129.85.59 - - [11/Mar/2009:11:32:13 -0400] "GET /rapture/rapture.html HTTP/1.0" 200 22564 "-" "SimilarPages/Nutch-1.0-dev (SimilarPages Nutch Crawler; http://www.similarpages.com; info at similarpages dot com)"
174.129.85.59 - - [11/Mar/2009:11:32:19 -0400] "GET /bio.html HTTP/1.0" 200 7868 "-" "SimilarPages/Nutch-1.0-dev (SimilarPages Nutch Crawler; http://www.similarpages.com; info at similarpages dot com)"
174.129.85.59 - - [11/Mar/2009:11:32:24 -0400] "GET /midi/midi.html HTTP/1.0" 200 3163 "-" "SimilarPages/Nutch-1.0-dev (SimilarPages Nutch Crawler; http://www.similarpages.com; info at similarpages dot com)"
66.249.65.232 - - [11/Mar/2009:11:32:55 -0400] "GET /limerick/1997/naut597.html HTTP/1.1" 200 22468 "-" "DoCoMo/2.0 N905i(c100;TB;W24H16) (compatible; Googlebot-Mobile/2.1; +http://www.google.com/bot.html)"
174.129.85.59 - - [11/Mar/2009:11:34:29 -0400] "GET /travel/buxton2006.html HTTP/1.0" 200 1963 "-" "SimilarPages/Nutch-1.0-dev (SimilarPages Nutch Crawler; http://www.similarpages.com; info at similarpages dot com)"
67.202.30.8 - - [11/Mar/2009:11:35:21 -0400] "GET /robots.txt HTTP/1.0" 404 693 "-" "SimilarPages/Nutch-1.0-dev (SimilarPages Nutch Crawler; http://www.similarpages.com; info at similarpages dot com)"
67.202.30.8 - - [11/Mar/2009:11:35:21 -0400] "GET /fiction/novels/peak.html HTTP/1.0" 200 2410 "-" "SimilarPages/Nutch-1.0-dev (SimilarPages Nutch Crawler; http://www.similarpages.com; info at similarpages dot com)"
66.249.65.228 - - [11/Mar/2009:11:35:30 -0400] "GET /limerick/1997/nice697.html HTTP/1.1" 200 18475 "-" "DoCoMo/2.0 N905i(c100;TB;W24H16) (compatible; Googlebot-Mobile/2.1; +http://www.google.com/bot.html)"
174.129.85.59 - - [11/Mar/2009:11:35:34 -0400] "GET /whytoastpoint.html HTTP/1.0" 200 605 "-" "SimilarPages/Nutch-1.0-dev (SimilarPages Nutch Crawler; http://www.similarpages.com; info at similarpages dot com)"
67.202.30.8 - - [11/Mar/2009:11:35:43 -0400] "GET /travel/buxton2006.html HTTP/1.0" 200 1963 "-" "SimilarPages/Nutch-1.0-dev (SimilarPages Nutch Crawler; http://www.similarpages.com; info at similarpages dot com)"
67.202.30.8 - - [11/Mar/2009:11:36:20 -0400] "GET /midi/midi.html HTTP/1.0" 200 3163 "-" "SimilarPages/Nutch-1.0-dev (SimilarPages Nutch Crawler; http://www.similarpages.com; info at similarpages dot com)"
67.202.30.8 - - [11/Mar/2009:11:38:16 -0400] "GET /ponder.html HTTP/1.0" 200 3441 "-" "SimilarPages/Nutch-1.0-dev (SimilarPages Nutch Crawler; http://www.similarpages.com; info at similarpages dot com)"
216.64.172.165 - - [11/Mar/2009:11:39:10 -0400] "GET /limerick/1995/bestnice.html HTTP/1.1" 200 6154 "http://www.google.com/search?hl=en&q=Best+limericks+clean&start=10&sa=N" "Mozilla/4.0 (compatible; MSIE 6.0; Windows NT 5.1; SV1; .NET CLR 1.1.4322; .NET CLR 2.0.50727; .NET CLR 3.0.04506.648; .NET CLR 3.5.21022)"
216.64.172.165 - - [11/Mar/2009:11:39:11 -0400] "GET /gifs/happy.jpg HTTP/1.1" 200 3135 "http://www.toastpoint.com/limerick/1995/bestnice.html" "Mozilla/4.0 (compatible; MSIE 6.0; Windows NT 5.1; SV1; .NET CLR 1.1.4322; .NET CLR 2.0.50727; .NET CLR 3.0.04506.648; .NET CLR 3.5.21022)"
174.129.85.59 - - [11/Mar/2009:11:39:21 -0400] "GET /wumpus.html HTTP/1.0" 200 566 "-" "SimilarPages/Nutch-1.0-dev (SimilarPages Nutch Crawler; http://www.similarpages.com; info at similarpages dot com)"
67.202.30.8 - - [11/Mar/2009:11:40:59 -0400] "GET /photo.html HTTP/1.0" 200 4228 "-" "SimilarPages/Nutch-1.0-dev (SimilarPages Nutch Crawler; http://www.similarpages.com; info at similarpages dot com)"
174.129.85.59 - - [11/Mar/2009:11:43:30 -0400] "GET /contests.html HTTP/1.0" 200 1230 "-" "SimilarPages/Nutch-1.0-dev (SimilarPages Nutch Crawler; http://www.similarpages.com; info at similarpages dot com)"
174.129.85.59 - - [11/Mar/2009:11:47:32 -0400] "GET /links.html HTTP/1.0" 200 4252 "-" "SimilarPages/Nutch-1.0-dev (SimilarPages Nutch Crawler; http://www.similarpages.com; info at similarpages dot com)"
174.129.85.59 - - [11/Mar/2009:11:48:17 -0400] "GET /prideforallages.html HTTP/1.0" 200 988 "-" "SimilarPages/Nutch-1.0-dev (SimilarPages Nutch Crawler; http://www.similarpages.com; info at similarpages dot com)"
67.202.30.8 - - [11/Mar/2009:11:48:45 -0400] "GET /writing/sept11.html HTTP/1.0" 200 17233 "-" "SimilarPages/Nutch-1.0-dev (SimilarPages Nutch Crawler; http://www.similarpages.com; info at similarpages dot com)"
174.129.85.59 - - [11/Mar/2009:11:49:12 -0400] "GET /travel/italy2008.html HTTP/1.0" 200 35184 "-" "SimilarPages/Nutch-1.0-dev (SimilarPages Nutch Crawler; http://www.similarpages.com; info at similarpages dot com)"
67.202.30.8 - - [11/Mar/2009:11:50:01 -0400] "GET /links.html HTTP/1.0" 200 4252 "-" "SimilarPages/Nutch-1.0-dev (SimilarPages Nutch Crawler; http://www.similarpages.com; info at similarpages dot com)"
174.129.85.59 - - [11/Mar/2009:11:52:44 -0400] "GET /ponder.html HTTP/1.0" 200 3441 "-" "SimilarPages/Nutch-1.0-dev (SimilarPages Nutch Crawler; http://www.similarpages.com; info at similarpages dot com)"
174.129.85.59 - - [11/Mar/2009:11:53:27 -0400] "GET /photo.html HTTP/1.0" 200 4228 "-" "SimilarPages/Nutch-1.0-dev (SimilarPages Nutch Crawler; http://www.similarpages.com; info at similarpages dot com)"
174.129.85.59 - - [11/Mar/2009:11:54:21 -0400] "GET /gifs/pastheaders.html HTTP/1.0" 200 1264 "-" "SimilarPages/Nutch-1.0-dev (SimilarPages Nutch Crawler; http://www.similarpages.com; info at similarpages dot com)"
67.202.30.8 - - [11/Mar/2009:11:55:04 -0400] "GET /wumpus.html HTTP/1.0" 200 566 "-" "SimilarPages/Nutch-1.0-dev (SimilarPages Nutch Crawler; http://www.similarpages.com; info at similarpages dot com)"
67.202.30.8 - - [11/Mar/2009:11:55:27 -0400] "GET /gifs/pastheaders.html HTTP/1.0" 200 1264 "-" "SimilarPages/Nutch-1.0-dev (SimilarPages Nutch Crawler; http://www.similarpages.com; info at similarpages dot com)"
65.219.160.140 - - [11/Mar/2009:12:00:24 -0400] "GET /favicon.ico HTTP/1.1" 404 693 "-" "Mozilla/4.0 (compatible; MSIE 7.0; Windows NT 5.1; .NET CLR 1.1.4322)"
65.219.160.140 - - [11/Mar/2009:12:00:24 -0400] "GET /limerick/naut199.html HTTP/1.1" 200 34481 "-" "Mozilla/4.0 (compatible; MSIE 7.0; Windows NT 5.1; .NET CLR 1.1.4322)"
208.111.154.28 - - [11/Mar/2009:12:20:24 -0400] "GET /robots.txt HTTP/1.1" 404 693 "-" "Mozilla/5.0 (compatible; Charlotte/1.1; http://www.searchme.com/support/)"
208.111.154.28 - - [11/Mar/2009:12:20:34 -0400] "GET /fiction/fict97/fict1297.html HTTP/1.1" 304 - "-" "Mozilla/5.0 (compatible; Charlotte/1.1; http://www.searchme.com/support/)"
83.167.62.173 - - [11/Mar/2009:13:17:42 -0400] "GET /robots.txt HTTP/1.1" 404 693 "-" "Mozilla/5.0 (compatible; Exabot/3.0; +http://www.exabot.com/go/robot)"
83.167.62.173 - - [11/Mar/2009:13:17:42 -0400] "GET /fiction/fiction.html HTTP/1.1" 200 2705 "-" "Mozilla/5.0 (compatible; Exabot/3.0; +http://www.exabot.com/go/robot)"
66.249.65.230 - - [11/Mar/2009:13:20:11 -0400] "GET /fiction/fict98/fict698.html HTTP/1.1" 200 12890 "-" "DoCoMo/2.0 N905i(c100;TB;W24H16) (compatible; Googlebot-Mobile/2.1; +http://www.google.com/bot.html)"
81.52.143.15 - - [11/Mar/2009:13:28:15 -0400] "GET /limerick/?S=A HTTP/1.1" 403 563 "-" "Mozilla/5.0 (Windows; U; Windows NT 5.1; fr; rv:1.8.1) VoilaBot BETA 1.2 (support.voilabot@orange-ftgroup.com)"
66.249.65.242 - - [11/Mar/2009:13:32:13 -0400] "GET /fiction/fict9596/fict9596.html HTTP/1.1" 200 1446 "-" "DoCoMo/2.0 N905i(c100;TB;W24H16) (compatible; Googlebot-Mobile/2.1; +http://www.google.com/bot.html)"
66.249.65.237 - - [11/Mar/2009:13:50:03 -0400] "GET /limerick/1995/nautoct.html HTTP/1.1" 200 12561 "-" "DoCoMo/2.0 N905i(c100;TB;W24H16) (compatible; Googlebot-Mobile/2.1; +http://www.google.com/bot.html)"
66.249.65.241 - - [11/Mar/2009:13:55:19 -0400] "GET /limerick/1997/naut397.html HTTP/1.1" 200 21435 "-" "DoCoMo/2.0 N905i(c100;TB;W24H16) (compatible; Googlebot-Mobile/2.1; +http://www.google.com/bot.html)"
66.249.65.233 - - [11/Mar/2009:13:55:21 -0400] "GET /limerick/1995/nicejune.html HTTP/1.1" 200 1710 "-" "DoCoMo/2.0 N905i(c100;TB;W24H16) (compatible; Googlebot-Mobile/2.1; +http://www.google.com/bot.html)"
208.111.154.16 - - [11/Mar/2009:14:21:42 -0400] "GET /robots.txt HTTP/1.1" 404 693 "-" "Mozilla/5.0 (compatible; Charlotte/1.1; http://www.searchme.com/support/)"
208.111.154.16 - - [11/Mar/2009:14:21:49 -0400] "GET /limerick/1997/nice197.html HTTP/1.1" 304 - "-" "Mozilla/5.0 (compatible; Charlotte/1.1; http://www.searchme.com/support/)"
66.249.65.227 - - [11/Mar/2009:14:46:08 -0400] "GET /fiction/fict98/fict598.html HTTP/1.1" 200 19208 "-" "DoCoMo/2.0 N905i(c100;TB;W24H16) (compatible; Googlebot-Mobile/2.1; +http://www.google.com/bot.html)"
76.179.164.107 - - [11/Mar/2009:15:00:07 -0400] "GET /gifs/boobies.gif HTTP/1.1" 200 11144 "http://www.toastpoint.com/limerick/naut199.html" "Mozilla/5.0 (Macintosh; U; PPC Mac OS X Mach-O; en-US; rv:1.8.1.12) Gecko/20080201 Firefox/2.0.0.12"
76.179.164.107 - - [11/Mar/2009:15:00:07 -0400] "GET /gifs/nakedman.gif HTTP/1.1" 200 7734 "http://www.toastpoint.com/limerick/naut199.html" "Mozilla/5.0 (Macintosh; U; PPC Mac OS X Mach-O; en-US; rv:1.8.1.12) Gecko/20080201 Firefox/2.0.0.12"
76.179.164.107 - - [11/Mar/2009:15:00:07 -0400] "GET /gifs/goldstar.jpg HTTP/1.1" 200 1854 "http://www.toastpoint.com/limerick/naut199.html" "Mozilla/5.0 (Macintosh; U; PPC Mac OS X Mach-O; en-US; rv:1.8.1.12) Gecko/20080201 Firefox/2.0.0.12"
76.179.164.107 - - [11/Mar/2009:15:00:06 -0400] "GET /limerick/naut199.html HTTP/1.1" 200 34481 "http://www.google.com/search?hl=en&client=firefox-a&channel=s&rls=org.mozilla%3Aen-US%3Aofficial&hs=Yco&q=naughty+limericks&btnG=Search" "Mozilla/5.0 (Macintosh; U; PPC Mac OS X Mach-O; en-US; rv:1.8.1.12) Gecko/20080201 Firefox/2.0.0.12"
76.179.164.107 - - [11/Mar/2009:15:00:07 -0400] "GET /favicon.ico HTTP/1.1" 404 693 "-" "Mozilla/5.0 (Macintosh; U; PPC Mac OS X Mach-O; en-US; rv:1.8.1.12) Gecko/20080201 Firefox/2.0.0.12"
208.36.144.8 - - [11/Mar/2009:15:01:17 -0400] "GET /robots.txt HTTP/1.0" 404 693 "-" "Mozilla/5.0 (Twiceler-0.9 http://www.cuil.com/twiceler/robot.html)"
81.52.143.16 - - [11/Mar/2009:15:19:21 -0400] "GET /limerick/1996/nice496.html HTTP/1.1" 200 15372 "-" "Mozilla/5.0 (Windows; U; Windows NT 5.1; fr; rv:1.8.1) VoilaBot BETA 1.2 (support.voilabot@orange-ftgroup.com)"
64.132.1.195 - - [11/Mar/2009:15:21:13 -0400] "GET /limerick/nice299.html HTTP/1.1" 200 28130 "-" "-"
64.132.1.195 - - [11/Mar/2009:15:21:16 -0400] "GET /limerick/nice299.html HTTP/1.1" 200 28130 "http://www.google.com/search?hl=en&q=clean+limerick&aq=f&oq=&safe=on" "Mozilla/4.0 (compatible; MSIE 7.0; Windows NT 5.1; .NET CLR 2.0.50727; .NET CLR 3.0.04506.30; .NET CLR 3.0.04506.648; InfoPath.2; .NET CLR 1.1.4322; .NET CLR 3.0.4506.2152; .NET CLR 3.5.30729)"
64.132.1.195 - - [11/Mar/2009:15:21:16 -0400] "GET /gifs/birdumb2.gif HTTP/1.1" 200 4698 "-" "-"
64.132.1.195 - - [11/Mar/2009:15:21:16 -0400] "GET /gifs/birdumb.gif HTTP/1.1" 200 4704 "-" "-"
64.132.1.195 - - [11/Mar/2009:15:21:19 -0400] "GET /gifs/birdumb2.gif HTTP/1.1" 200 4698 "http://www.toastpoint.com/limerick/nice299.html" "Mozilla/4.0 (compatible; MSIE 7.0; Windows NT 5.1; .NET CLR 2.0.50727; .NET CLR 3.0.04506.30; .NET CLR 3.0.04506.648; InfoPath.2; .NET CLR 1.1.4322; .NET CLR 3.0.4506.2152; .NET CLR 3.5.30729)"
64.132.1.195 - - [11/Mar/2009:15:21:19 -0400] "GET /gifs/goldstar.jpg HTTP/1.1" 200 1854 "http://www.toastpoint.com/limerick/nice299.html" "Mozilla/4.0 (compatible; MSIE 7.0; Windows NT 5.1; .NET CLR 2.0.50727; .NET CLR 3.0.04506.30; .NET CLR 3.0.04506.648; InfoPath.2; .NET CLR 1.1.4322; .NET CLR 3.0.4506.2152; .NET CLR 3.5.30729)"
64.132.1.195 - - [11/Mar/2009:15:21:19 -0400] "GET /gifs/goldstar.jpg HTTP/1.1" 200 1854 "-" "-"
64.132.1.195 - - [11/Mar/2009:15:21:21 -0400] "GET /gifs/birdumb.gif HTTP/1.1" 200 4704 "http://www.toastpoint.com/limerick/nice299.html" "Mozilla/4.0 (compatible; MSIE 7.0; Windows NT 5.1; .NET CLR 2.0.50727; .NET CLR 3.0.04506.30; .NET CLR 3.0.04506.648; InfoPath.2; .NET CLR 1.1.4322; .NET CLR 3.0.4506.2152; .NET CLR 3.5.30729)"
64.132.1.195 - - [11/Mar/2009:15:21:21 -0400] "GET /favicon.ico HTTP/1.1" 404 693 "-" "Mozilla/4.0 (compatible; MSIE 7.0; Windows NT 5.1; .NET CLR 2.0.50727; .NET CLR 3.0.04506.30; .NET CLR 3.0.04506.648; InfoPath.2; .NET CLR 1.1.4322; .NET CLR 3.0.4506.2152; .NET CLR 3.5.30729)"
