208.111.154.15 - - [20/Mar/2009:00:08:10 -0400] "GET /robots.txt HTTP/1.1" 404 693 "-" "Mozilla/5.0 (compatible; Charlotte/1.1; http://www.searchme.com/support/)"
208.111.154.15 - - [20/Mar/2009:00:08:27 -0400] "GET /fiction/fict9596/fict9596.html HTTP/1.1" 200 1446 "-" "Mozilla/5.0 (compatible; Charlotte/1.1; http://www.searchme.com/support/)"
208.111.154.15 - - [20/Mar/2009:00:12:38 -0400] "GET /robots.txt HTTP/1.1" 404 693 "-" "Mozilla/5.0 (compatible; Charlotte/1.1; http://www.searchme.com/support/)"
76.204.25.238 - - [20/Mar/2009:00:14:07 -0400] "GET /favicon.ico HTTP/1.1" 404 693 "-" "Mozilla/5.0 (Macintosh; U; PPC Mac OS X 10.4; en-GB; rv:1.9.0.7) Gecko/2009021906 Firefox/3.0.7"
76.204.25.238 - - [20/Mar/2009:00:14:20 -0400] "GET /gifs/boobies.gif HTTP/1.1" 200 11144 "http://209.85.173.132/search?q=cache:kiVbek7bQZYJ:www.toastpoint.com/limerick/naut199.html+%22putrid+cunt%22&cd=4&hl=en&ct=clnk&gl=us&client=firefox-a" "Mozilla/5.0 (Macintosh; U; PPC Mac OS X 10.4; en-GB; rv:1.9.0.7) Gecko/2009021906 Firefox/3.0.7"
76.204.25.238 - - [20/Mar/2009:00:14:20 -0400] "GET /gifs/nakedman.gif HTTP/1.1" 200 7734 "http://209.85.173.132/search?q=cache:kiVbek7bQZYJ:www.toastpoint.com/limerick/naut199.html+%22putrid+cunt%22&cd=4&hl=en&ct=clnk&gl=us&client=firefox-a" "Mozilla/5.0 (Macintosh; U; PPC Mac OS X 10.4; en-GB; rv:1.9.0.7) Gecko/2009021906 Firefox/3.0.7"
76.204.25.238 - - [20/Mar/2009:00:14:20 -0400] "GET /gifs/goldstar.jpg HTTP/1.1" 200 1854 "http://209.85.173.132/search?q=cache:kiVbek7bQZYJ:www.toastpoint.com/limerick/naut199.html+%22putrid+cunt%22&cd=4&hl=en&ct=clnk&gl=us&client=firefox-a" "Mozilla/5.0 (Macintosh; U; PPC Mac OS X 10.4; en-GB; rv:1.9.0.7) Gecko/2009021906 Firefox/3.0.7"
208.111.154.15 - - [20/Mar/2009:00:15:50 -0400] "GET /robots.txt HTTP/1.1" 404 693 "-" "Mozilla/5.0 (compatible; Charlotte/1.1; http://www.searchme.com/support/)"
208.80.195.51 - - [20/Mar/2009:00:51:58 -0400] "GET / HTTP/1.0" 200 464 "-" "Mozilla/4.0 (compatible; MSIE 7.0; Windows NT 5.1; YPC 3.2.0; .NET CLR 1.0.3705; .NET CLR 1.1.4322; yplus 4.1.00b)"
74.6.17.185 - - [20/Mar/2009:00:54:58 -0400] "GET /robots.txt HTTP/1.0" 404 693 "-" "Mozilla/5.0 (compatible; Yahoo! Slurp; http://help.yahoo.com/help/us/ysearch/slurp)"
66.249.65.234 - - [20/Mar/2009:01:26:55 -0400] "GET /welcome.html HTTP/1.1" 200 418 "-" "DoCoMo/2.0 N905i(c100;TB;W24H16) (compatible; Googlebot-Mobile/2.1; +http://www.google.com/bot.html)"
66.249.65.242 - - [20/Mar/2009:01:27:00 -0400] "GET / HTTP/1.1" 200 464 "-" "DoCoMo/2.0 N905i(c100;TB;W24H16) (compatible; Googlebot-Mobile/2.1; +http://www.google.com/bot.html)"
208.111.154.16 - - [20/Mar/2009:01:27:07 -0400] "GET /robots.txt HTTP/1.1" 404 693 "-" "Mozilla/5.0 (compatible; Charlotte/1.1; http://www.searchme.com/support/)"
66.249.65.242 - - [20/Mar/2009:01:27:11 -0400] "GET /fiction/novels/peak1-2.html HTTP/1.1" 200 2302 "-" "DoCoMo/2.0 N905i(c100;TB;W24H16) (compatible; Googlebot-Mobile/2.1; +http://www.google.com/bot.html)"
66.249.65.237 - - [20/Mar/2009:01:33:00 -0400] "GET /fiction/fict98/fict498.html HTTP/1.1" 200 24373 "-" "DoCoMo/2.0 N905i(c100;TB;W24H16) (compatible; Googlebot-Mobile/2.1; +http://www.google.com/bot.html)"
66.249.65.235 - - [20/Mar/2009:01:33:08 -0400] "GET /fiction/fict98/fict398.html HTTP/1.1" 200 26221 "-" "DoCoMo/2.0 N905i(c100;TB;W24H16) (compatible; Googlebot-Mobile/2.1; +http://www.google.com/bot.html)"
66.249.65.229 - - [20/Mar/2009:01:33:08 -0400] "GET /fiction/fict98/fict698.html HTTP/1.1" 200 12890 "-" "DoCoMo/2.0 N905i(c100;TB;W24H16) (compatible; Googlebot-Mobile/2.1; +http://www.google.com/bot.html)"
66.249.65.231 - - [20/Mar/2009:01:35:13 -0400] "GET /fiction/fict98/fict998.html HTTP/1.1" 200 7905 "-" "DoCoMo/2.0 N905i(c100;TB;W24H16) (compatible; Googlebot-Mobile/2.1; +http://www.google.com/bot.html)"
208.111.154.15 - - [20/Mar/2009:01:43:24 -0400] "GET /robots.txt HTTP/1.1" 404 693 "-" "Mozilla/5.0 (compatible; Charlotte/1.1; http://www.searchme.com/support/)"
66.249.65.226 - - [20/Mar/2009:01:43:26 -0400] "GET /fiction/fict98/fict1098.html HTTP/1.1" 200 61601 "-" "DoCoMo/2.0 N905i(c100;TB;W24H16) (compatible; Googlebot-Mobile/2.1; +http://www.google.com/bot.html)"
66.249.65.242 - - [20/Mar/2009:01:46:34 -0400] "GET /haiku/haiku.html HTTP/1.1" 200 2147 "-" "DoCoMo/2.0 N905i(c100;TB;W24H16) (compatible; Googlebot-Mobile/2.1; +http://www.google.com/bot.html)"
66.249.65.235 - - [20/Mar/2009:01:46:48 -0400] "GET /fiction/fiction.html HTTP/1.1" 200 2705 "-" "DoCoMo/2.0 N905i(c100;TB;W24H16) (compatible; Googlebot-Mobile/2.1; +http://www.google.com/bot.html)"
66.249.65.230 - - [20/Mar/2009:01:50:00 -0400] "GET /haiku/1998/haiku598.html HTTP/1.1" 200 28935 "-" "DoCoMo/2.0 N905i(c100;TB;W24H16) (compatible; Googlebot-Mobile/2.1; +http://www.google.com/bot.html)"
66.249.65.234 - - [20/Mar/2009:01:50:11 -0400] "GET /fiction/fict98/fict298.html HTTP/1.1" 200 37545 "-" "DoCoMo/2.0 N905i(c100;TB;W24H16) (compatible; Googlebot-Mobile/2.1; +http://www.google.com/bot.html)"
66.249.65.233 - - [20/Mar/2009:01:52:22 -0400] "GET /fiction/fict98/fict798.html HTTP/1.1" 200 40803 "-" "DoCoMo/2.0 N905i(c100;TB;W24H16) (compatible; Googlebot-Mobile/2.1; +http://www.google.com/bot.html)"
66.249.65.244 - - [20/Mar/2009:01:52:24 -0400] "GET /fiction/fict98/fict1198.html HTTP/1.1" 200 10372 "-" "DoCoMo/2.0 N905i(c100;TB;W24H16) (compatible; Googlebot-Mobile/2.1; +http://www.google.com/bot.html)"
66.249.65.229 - - [20/Mar/2009:01:53:52 -0400] "GET /limerick/limerick.html HTTP/1.1" 200 2613 "-" "DoCoMo/2.0 N905i(c100;TB;W24H16) (compatible; Googlebot-Mobile/2.1; +http://www.google.com/bot.html)"
66.249.65.228 - - [20/Mar/2009:01:54:29 -0400] "GET /limerick/1997/cwhitchu@tassie.net.au HTTP/1.1" 404 693 "-" "DoCoMo/2.0 N905i(c100;TB;W24H16) (compatible; Googlebot-Mobile/2.1; +http://www.google.com/bot.html)"
194.153.113.18 - - [20/Mar/2009:02:04:34 -0400] "HEAD /gifs/ornament.jpg HTTP/1.1" 200 - "-" "oBot"
194.153.113.18 - - [20/Mar/2009:02:04:35 -0400] "HEAD /fiction/novels/wpeak.jpg HTTP/1.1" 200 - "-" "oBot"
66.249.65.242 - - [20/Mar/2009:02:54:36 -0400] "GET /limerick/wumpus.html HTTP/1.1" 404 693 "-" "DoCoMo/2.0 N905i(c100;TB;W24H16) (compatible; Googlebot-Mobile/2.1; +http://www.google.com/bot.html)"
66.249.65.244 - - [20/Mar/2009:02:54:45 -0400] "GET /fiction/fict98/fict1298.html HTTP/1.1" 200 38294 "-" "DoCoMo/2.0 N905i(c100;TB;W24H16) (compatible; Googlebot-Mobile/2.1; +http://www.google.com/bot.html)"
66.249.65.228 - - [20/Mar/2009:02:56:20 -0400] "GET /fiction/fict98/fict198.html HTTP/1.1" 200 62967 "-" "DoCoMo/2.0 N905i(c100;TB;W24H16) (compatible; Googlebot-Mobile/2.1; +http://www.google.com/bot.html)"
69.61.185.88 - - [20/Mar/2009:03:02:06 -0400] "GET http://www.toastpoint.com/ HTTP/1.0" 200 464 "-" "Mozilla/4.0 (compatible; MSIE 7.0b; Windows NT 6.0)"
67.160.167.26 - - [20/Mar/2009:03:04:15 -0400] "GET /favicon.ico HTTP/1.1" 404 693 "-" "Mozilla/4.0 (compatible; MSIE 7.0; Windows NT 5.1; Mozilla/4.0 (compatible; MSIE 6.0; Windows NT 5.1; SV1) ; .NET CLR 1.1.4322; MySpace;; MySpace;)"
67.160.167.26 - - [20/Mar/2009:03:04:16 -0400] "GET /gifs/nakedman.gif HTTP/1.1" 200 7734 "http://www.toastpoint.com/limerick/naut199.html" "Mozilla/4.0 (compatible; MSIE 7.0; Windows NT 5.1; Mozilla/4.0 (compatible; MSIE 6.0; Windows NT 5.1; SV1) ; .NET CLR 1.1.4322; MySpace;; MySpace;)"
67.160.167.26 - - [20/Mar/2009:03:04:16 -0400] "GET /gifs/boobies.gif HTTP/1.1" 200 11144 "http://www.toastpoint.com/limerick/naut199.html" "Mozilla/4.0 (compatible; MSIE 7.0; Windows NT 5.1; Mozilla/4.0 (compatible; MSIE 6.0; Windows NT 5.1; SV1) ; .NET CLR 1.1.4322; MySpace;; MySpace;)"
67.160.167.26 - - [20/Mar/2009:03:04:16 -0400] "GET /gifs/goldstar.jpg HTTP/1.1" 200 1854 "http://www.toastpoint.com/limerick/naut199.html" "Mozilla/4.0 (compatible; MSIE 7.0; Windows NT 5.1; Mozilla/4.0 (compatible; MSIE 6.0; Windows NT 5.1; SV1) ; .NET CLR 1.1.4322; MySpace;; MySpace;)"
67.160.167.26 - - [20/Mar/2009:03:04:15 -0400] "GET /limerick/naut199.html HTTP/1.1" 200 34481 "-" "Mozilla/4.0 (compatible; MSIE 7.0; Windows NT 5.1; Mozilla/4.0 (compatible; MSIE 6.0; Windows NT 5.1; SV1) ; .NET CLR 1.1.4322; MySpace;; MySpace;)"
74.6.17.185 - - [20/Mar/2009:03:17:44 -0400] "GET /haiku/haiku199.html HTTP/1.0" 200 34287 "-" "Mozilla/5.0 (compatible; Yahoo! Slurp/3.0; http://help.yahoo.com/help/us/ysearch/slurp)"
66.249.65.233 - - [20/Mar/2009:03:19:40 -0400] "GET /fiction/fict98/fict598.html HTTP/1.1" 200 19208 "-" "DoCoMo/2.0 N905i(c100;TB;W24H16) (compatible; Googlebot-Mobile/2.1; +http://www.google.com/bot.html)"
208.111.154.16 - - [20/Mar/2009:03:24:46 -0400] "GET /robots.txt HTTP/1.1" 404 693 "-" "Mozilla/5.0 (compatible; Charlotte/1.1; http://www.searchme.com/support/)"
80.175.243.41 - - [20/Mar/2009:03:45:40 -0400] "GET /haiku/haiku.html HTTP/1.0" 200 2147 "http://random.yahoo.com/fast/ryl" "webcollage1/1.129"
80.175.243.41 - - [20/Mar/2009:03:45:41 -0400] "GET /gifs/japan.gif HTTP/1.0" 200 5737 "http://www.toastpoint.com/haiku/haiku.html" "webcollage1/1.129"
66.249.65.227 - - [20/Mar/2009:03:51:57 -0400] "GET /limerick/naut199.html HTTP/1.1" 304 - "-" "Mozilla/5.0 (compatible; Googlebot/2.1; +http://www.google.com/bot.html)"
81.52.143.35 - - [20/Mar/2009:03:59:38 -0400] "GET /robots.txt HTTP/1.1" 404 693 "-" "Mozilla/5.0 (Windows; U; Windows NT 5.1; fr; rv:1.8.1) VoilaBot BETA 1.2 (support.voilabot@orange-ftgroup.com)"
81.52.143.35 - - [20/Mar/2009:03:59:49 -0400] "GET /haiku/moral.html HTTP/1.1" 200 4692 "-" "Mozilla/5.0 (Windows; U; Windows NT 5.1; fr; rv:1.8.1) VoilaBot BETA 1.2 (support.voilabot@orange-ftgroup.com)"
208.111.154.16 - - [20/Mar/2009:04:09:02 -0400] "GET /robots.txt HTTP/1.1" 404 693 "-" "Mozilla/5.0 (compatible; Charlotte/1.1; http://www.searchme.com/support/)"
74.6.30.119 - - [20/Mar/2009:04:10:02 -0400] "GET /haiku/haiku.html HTTP/1.0" 200 2147 "-" "Mozilla/5.0 (compatible; Yahoo! DE Slurp; http://help.yahoo.com/help/us/ysearch/slurp)"
208.80.195.47 - - [20/Mar/2009:04:12:10 -0400] "GET / HTTP/1.0" 200 464 "-" "Mozilla/4.0 (compatible; MSIE 7.0; Windows NT 5.1; {F7017D5B-B79A-C6FE-61B6-4771B9CCD926}; .NET CLR 1.1.4322; IEMB3; IEMB3)"
208.111.154.16 - - [20/Mar/2009:04:48:29 -0400] "GET /robots.txt HTTP/1.1" 404 693 "-" "Mozilla/5.0 (compatible; Charlotte/1.1; http://www.searchme.com/support/)"
74.6.17.185 - - [20/Mar/2009:05:01:47 -0400] "GET /bio.html HTTP/1.0" 200 7868 "-" "Mozilla/5.0 (compatible; Yahoo! Slurp/3.0; http://help.yahoo.com/help/us/ysearch/slurp)"
74.6.17.185 - - [20/Mar/2009:06:20:19 -0400] "GET /haiku/1997/haiku997.html HTTP/1.0" 200 28323 "-" "Mozilla/5.0 (compatible; Yahoo! Slurp/3.0; http://help.yahoo.com/help/us/ysearch/slurp)"
66.249.65.225 - - [20/Mar/2009:06:21:16 -0400] "GET /limerick/nice499.html HTTP/1.1" 200 24193 "-" "SAMSUNG-SGH-E250/1.0 Profile/MIDP-2.0 Configuration/CLDC-1.1 UP.Browser/6.2.3.3.c.1.101 (GUI) MMP/2.0 (compatible; Googlebot-Mobile/2.1; +http://www.google.com/bot.html)"
93.97.169.18 - - [20/Mar/2009:06:24:01 -0400] "GET / HTTP/1.1" 200 464 "-" "Mozilla/4.0 (compatible; SpiderView 1.0;unix)"
89.207.208.14 - - [20/Mar/2009:06:26:47 -0400] "GET /limerick/nice499.html HTTP/1.0" 200 24193 "http://www.google.com/search?ie=UTF-8&oe=UTF-8&sourceid=navclient&gfns=1&q=www.toast+freezer.com" "Mozilla/5.0 (Windows; U; Windows NT 5.1; en-GB; rv:1.9) Gecko/2008062220 Firefox/3.0"
89.207.208.17 - - [20/Mar/2009:06:26:47 -0400] "GET /gifs/birdumb.gif HTTP/1.0" 200 4704 "http://www.toastpoint.com/limerick/nice499.html" "Mozilla/5.0 (Windows; U; Windows NT 5.1; en-GB; rv:1.9) Gecko/2008062220 Firefox/3.0"
89.207.208.3 - - [20/Mar/2009:06:26:47 -0400] "GET /gifs/birdumb2.gif HTTP/1.0" 200 4698 "http://www.toastpoint.com/limerick/nice499.html" "Mozilla/5.0 (Windows; U; Windows NT 5.1; en-GB; rv:1.9) Gecko/2008062220 Firefox/3.0"
89.207.208.3 - - [20/Mar/2009:06:26:48 -0400] "GET /gifs/goldstar.jpg HTTP/1.0" 200 1854 "http://www.toastpoint.com/limerick/nice499.html" "Mozilla/5.0 (Windows; U; Windows NT 5.1; en-GB; rv:1.9) Gecko/2008062220 Firefox/3.0"
89.207.208.14 - - [20/Mar/2009:06:26:48 -0400] "GET /favicon.ico HTTP/1.0" 404 693 "-" "Mozilla/5.0 (Windows; U; Windows NT 5.1; en-GB; rv:1.9) Gecko/2008062220 Firefox/3.0"
89.207.208.17 - - [20/Mar/2009:06:26:52 -0400] "GET /favicon.ico HTTP/1.0" 404 693 "-" "Mozilla/5.0 (Windows; U; Windows NT 5.1; en-GB; rv:1.9) Gecko/2008062220 Firefox/3.0"
208.80.195.49 - - [20/Mar/2009:06:41:27 -0400] "GET / HTTP/1.0" 200 464 "-" "Mozilla/4.0 (compatible; MSIE 7.0; Windows NT 5.1; .NET CLR 1.0.3705; .NET CLR 1.1.4322; Media Center PC 4.0; .NET CLR 2.0.50727; Zango 10.0.370.0)"
208.111.154.15 - - [20/Mar/2009:06:59:02 -0400] "GET /robots.txt HTTP/1.1" 404 693 "-" "Mozilla/5.0 (compatible; Charlotte/1.1; http://www.searchme.com/support/)"
66.249.65.235 - - [20/Mar/2009:07:19:02 -0400] "GET /robots.txt HTTP/1.1" 404 693 "-" "DoCoMo/2.0 N905i(c100;TB;W24H16) (compatible; Googlebot-Mobile/2.1; +http://www.google.com/bot.html)"
66.249.65.239 - - [20/Mar/2009:07:19:02 -0400] "GET /fiction/fict299.html HTTP/1.1" 200 38635 "-" "DoCoMo/2.0 N905i(c100;TB;W24H16) (compatible; Googlebot-Mobile/2.1; +http://www.google.com/bot.html)"
66.249.65.225 - - [20/Mar/2009:07:23:26 -0400] "GET /haiku/haiku299.html HTTP/1.1" 200 68017 "-" "DoCoMo/2.0 N905i(c100;TB;W24H16) (compatible; Googlebot-Mobile/2.1; +http://www.google.com/bot.html)"
66.249.65.232 - - [20/Mar/2009:07:26:42 -0400] "GET /haiku/haiku499.html HTTP/1.1" 200 54815 "-" "DoCoMo/2.0 N905i(c100;TB;W24H16) (compatible; Googlebot-Mobile/2.1; +http://www.google.com/bot.html)"
66.249.65.239 - - [20/Mar/2009:07:26:46 -0400] "GET /haiku/haiku199.html HTTP/1.1" 200 34287 "-" "DoCoMo/2.0 N905i(c100;TB;W24H16) (compatible; Googlebot-Mobile/2.1; +http://www.google.com/bot.html)"
66.249.65.244 - - [20/Mar/2009:07:27:39 -0400] "GET /fiction/novels/xmascurl.html HTTP/1.1" 200 33957 "-" "DoCoMo/2.0 N905i(c100;TB;W24H16) (compatible; Googlebot-Mobile/2.1; +http://www.google.com/bot.html)"
66.249.65.237 - - [20/Mar/2009:07:34:24 -0400] "GET /fiction/novels/rosalind.html HTTP/1.1" 200 30989 "-" "DoCoMo/2.0 N905i(c100;TB;W24H16) (compatible; Googlebot-Mobile/2.1; +http://www.google.com/bot.html)"
66.249.65.230 - - [20/Mar/2009:07:39:39 -0400] "GET /fiction/fict599.html HTTP/1.1" 200 7512 "-" "DoCoMo/2.0 N905i(c100;TB;W24H16) (compatible; Googlebot-Mobile/2.1; +http://www.google.com/bot.html)"
66.249.65.240 - - [20/Mar/2009:07:44:52 -0400] "GET /haiku/haiku399.html HTTP/1.1" 200 75208 "-" "DoCoMo/2.0 N905i(c100;TB;W24H16) (compatible; Googlebot-Mobile/2.1; +http://www.google.com/bot.html)"
66.249.65.234 - - [20/Mar/2009:07:50:20 -0400] "GET /haiku/haiku599.html HTTP/1.1" 200 33918 "-" "DoCoMo/2.0 N905i(c100;TB;W24H16) (compatible; Googlebot-Mobile/2.1; +http://www.google.com/bot.html)"
66.249.65.227 - - [20/Mar/2009:07:51:26 -0400] "GET /fiction/fict9596/fict9596.html HTTP/1.1" 200 1446 "-" "DoCoMo/2.0 N905i(c100;TB;W24H16) (compatible; Googlebot-Mobile/2.1; +http://www.google.com/bot.html)"
86.41.132.129 - - [20/Mar/2009:07:55:59 -0400] "GET /gifs/boobies.gif HTTP/1.1" 200 11144 "http://www.toastpoint.com/limerick/naut199.html" "Mozilla/4.0 (compatible; MSIE 7.0; Windows NT 6.0; GTB5; SLCC1; .NET CLR 2.0.50727; Media Center PC 5.0; .NET CLR 3.0.04506; InfoPath.1)"
86.41.132.129 - - [20/Mar/2009:07:55:59 -0400] "GET /limerick/naut199.html HTTP/1.1" 200 34481 "http://www.google.ie/search?sourceid=navclient&ie=UTF-8&rlz=1T4RNWN_enFR271IE298&q=unzipped+limerick" "Mozilla/4.0 (compatible; MSIE 7.0; Windows NT 6.0; GTB5; SLCC1; .NET CLR 2.0.50727; Media Center PC 5.0; .NET CLR 3.0.04506; InfoPath.1)"
86.41.132.129 - - [20/Mar/2009:07:56:00 -0400] "GET /gifs/nakedman.gif HTTP/1.1" 200 7734 "http://www.toastpoint.com/limerick/naut199.html" "Mozilla/4.0 (compatible; MSIE 7.0; Windows NT 6.0; GTB5; SLCC1; .NET CLR 2.0.50727; Media Center PC 5.0; .NET CLR 3.0.04506; InfoPath.1)"
86.41.132.129 - - [20/Mar/2009:07:56:00 -0400] "GET /gifs/goldstar.jpg HTTP/1.1" 200 1854 "http://www.toastpoint.com/limerick/naut199.html" "Mozilla/4.0 (compatible; MSIE 7.0; Windows NT 6.0; GTB5; SLCC1; .NET CLR 2.0.50727; Media Center PC 5.0; .NET CLR 3.0.04506; InfoPath.1)"
86.41.132.129 - - [20/Mar/2009:07:56:00 -0400] "GET /favicon.ico HTTP/1.1" 404 693 "-" "Mozilla/4.0 (compatible; MSIE 7.0; Windows NT 6.0; GTB5; SLCC1; .NET CLR 2.0.50727; Media Center PC 5.0; .NET CLR 3.0.04506; InfoPath.1)"
66.249.65.228 - - [20/Mar/2009:07:56:58 -0400] "GET /haiku/1996/haik1996.html HTTP/1.1" 200 1887 "-" "DoCoMo/2.0 N905i(c100;TB;W24H16) (compatible; Googlebot-Mobile/2.1; +http://www.google.com/bot.html)"
66.249.65.237 - - [20/Mar/2009:08:03:53 -0400] "GET /haiku/1997/haik1997.html HTTP/1.1" 200 2138 "-" "DoCoMo/2.0 N905i(c100;TB;W24H16) (compatible; Googlebot-Mobile/2.1; +http://www.google.com/bot.html)"
66.249.65.244 - - [20/Mar/2009:08:12:57 -0400] "GET /fiction/fict399.html HTTP/1.1" 200 27729 "-" "DoCoMo/2.0 N905i(c100;TB;W24H16) (compatible; Googlebot-Mobile/2.1; +http://www.google.com/bot.html)"
66.249.65.233 - - [20/Mar/2009:08:14:09 -0400] "GET /fiction/novels/parkey.html HTTP/1.1" 200 25723 "-" "DoCoMo/2.0 N905i(c100;TB;W24H16) (compatible; Googlebot-Mobile/2.1; +http://www.google.com/bot.html)"
58.61.164.139 - - [20/Mar/2009:08:23:27 -0400] "GET /robots.txt HTTP/1.1" 404 693 "http://www.toastpoint.com/robots.txt" "Sosospider+(+http://help.soso.com/webspider.htm)"
66.249.65.240 - - [20/Mar/2009:08:29:09 -0400] "GET /fiction/novels/peak.html HTTP/1.1" 200 2410 "-" "DoCoMo/2.0 N905i(c100;TB;W24H16) (compatible; Googlebot-Mobile/2.1; +http://www.google.com/bot.html)"
66.249.65.226 - - [20/Mar/2009:08:29:09 -0400] "GET /fiction/novels/peak2.html HTTP/1.1" 200 15955 "-" "DoCoMo/2.0 N905i(c100;TB;W24H16) (compatible; Googlebot-Mobile/2.1; +http://www.google.com/bot.html)"
66.249.65.226 - - [20/Mar/2009:08:29:42 -0400] "GET /limerick/naut299.html HTTP/1.1" 200 23095 "-" "SAMSUNG-SGH-E250/1.0 Profile/MIDP-2.0 Configuration/CLDC-1.1 UP.Browser/6.2.3.3.c.1.101 (GUI) MMP/2.0 (compatible; Googlebot-Mobile/2.1; +http://www.google.com/bot.html)"
66.249.65.239 - - [20/Mar/2009:08:35:11 -0400] "GET /limerick/1996/lim1996.html HTTP/1.1" 200 2072 "-" "SAMSUNG-SGH-E250/1.0 Profile/MIDP-2.0 Configuration/CLDC-1.1 UP.Browser/6.2.3.3.c.1.101 (GUI) MMP/2.0 (compatible; Googlebot-Mobile/2.1; +http://www.google.com/bot.html)"
66.235.124.8 - - [20/Mar/2009:08:38:04 -0400] "GET /robots.txt HTTP/1.1" 404 693 "-" "Mozilla/5.0 (compatible; Ask Jeeves/Teoma; +http://about.ask.com/en/docs/about/webmasters.shtml)"
66.235.124.8 - - [20/Mar/2009:08:38:09 -0400] "GET /fiction/novels/parkey.html HTTP/1.1" 200 25723 "-" "Mozilla/5.0 (compatible; Ask Jeeves/Teoma; +http://about.ask.com/en/docs/about/webmasters.shtml)"
66.249.65.229 - - [20/Mar/2009:08:38:45 -0400] "GET /haiku/haik1995/1995.html HTTP/1.1" 404 693 "-" "DoCoMo/2.0 N905i(c100;TB;W24H16) (compatible; Googlebot-Mobile/2.1; +http://www.google.com/bot.html)"
208.111.154.15 - - [20/Mar/2009:08:39:15 -0400] "GET /robots.txt HTTP/1.1" 404 693 "-" "Mozilla/5.0 (compatible; Charlotte/1.1; http://www.searchme.com/support/)"
208.111.154.15 - - [20/Mar/2009:09:28:32 -0400] "GET /robots.txt HTTP/1.1" 404 693 "-" "Mozilla/5.0 (compatible; Charlotte/1.1; http://www.searchme.com/support/)"
208.111.154.15 - - [20/Mar/2009:09:28:51 -0400] "GET /limerick/1996/nic1096.html HTTP/1.1" 200 9770 "-" "Mozilla/5.0 (compatible; Charlotte/1.1; http://www.searchme.com/support/)"
66.235.124.8 - - [20/Mar/2009:09:32:05 -0400] "GET /limerick/1996/nau1096.html HTTP/1.1" 200 23475 "-" "Mozilla/5.0 (compatible; Ask Jeeves/Teoma; +http://about.ask.com/en/docs/about/webmasters.shtml)"
174.129.96.68 - - [20/Mar/2009:09:36:48 -0400] "GET /robots.txt HTTP/1.0" 404 693 "-" "SimilarPages/Nutch-1.0-dev (SimilarPages Nutch Crawler; http://www.similarpages.com; info at similarpages dot com)"
174.129.96.68 - - [20/Mar/2009:09:36:48 -0400] "GET /limerick/docs/formhint.html HTTP/1.0" 200 2522 "-" "SimilarPages/Nutch-1.0-dev (SimilarPages Nutch Crawler; http://www.similarpages.com; info at similarpages dot com)"
124.115.10.193 - - [20/Mar/2009:09:37:06 -0400] "GET / HTTP/1.1" 200 464 "http://www.toastpoint.com/" "Mozilla/4.0 (compatible; MSIE 6.0; Windows NT 5.1)"
124.115.10.193 - - [20/Mar/2009:09:37:21 -0400] "GET /toastpointtopleft.html HTTP/1.1" 200 162 "http://www.toastpoint.com/toastpointtopleft.html" "Mozilla/4.0 (compatible; MSIE 6.0; Windows NT 5.1)"
124.115.10.193 - - [20/Mar/2009:09:37:21 -0400] "GET /toastpointtoc.html HTTP/1.1" 200 1188 "http://www.toastpoint.com/toastpointtoc.html" "Mozilla/4.0 (compatible; MSIE 6.0; Windows NT 5.1)"
124.115.10.193 - - [20/Mar/2009:09:37:22 -0400] "GET /news.html HTTP/1.1" 200 17706 "http://www.toastpoint.com/news.html" "Mozilla/4.0 (compatible; MSIE 6.0; Windows NT 5.1)"
124.115.10.193 - - [20/Mar/2009:09:37:25 -0400] "GET /toastpointtopright.html HTTP/1.1" 200 151 "http://www.toastpoint.com/toastpointtopright.html" "Mozilla/4.0 (compatible; MSIE 6.0; Windows NT 5.1)"
124.115.10.193 - - [20/Mar/2009:09:37:28 -0400] "GET /tpnews.html HTTP/1.1" 200 8305 "http://www.toastpoint.com/tpnews.html" "Mozilla/4.0 (compatible; MSIE 6.0; Windows NT 5.1)"
65.55.104.162 - - [20/Mar/2009:09:39:35 -0400] "GET /robots.txt HTTP/1.1" 404 693 "-" "msnbot/1.1 (+http://search.msn.com/msnbot.htm)"
65.55.104.162 - - [20/Mar/2009:09:39:35 -0400] "GET / HTTP/1.1" 200 464 "-" "msnbot/1.1 (+http://search.msn.com/msnbot.htm)"
124.115.1.66 - - [20/Mar/2009:09:40:46 -0400] "GET / HTTP/1.1" 200 464 "http://www.toastpoint.com/" "Mozilla/4.0 (compatible; MSIE 6.0; Windows NT 5.1)"
124.115.1.66 - - [20/Mar/2009:09:40:57 -0400] "GET /toastpointtopleft.html HTTP/1.1" 200 162 "http://www.toastpoint.com/toastpointtopleft.html" "Mozilla/4.0 (compatible; MSIE 6.0; Windows NT 5.1)"
124.115.1.66 - - [20/Mar/2009:09:40:58 -0400] "GET /toastpointtoc.html HTTP/1.1" 200 1188 "http://www.toastpoint.com/toastpointtoc.html" "Mozilla/4.0 (compatible; MSIE 6.0; Windows NT 5.1)"
124.115.1.66 - - [20/Mar/2009:09:40:59 -0400] "GET /news.html HTTP/1.1" 200 17706 "http://www.toastpoint.com/news.html" "Mozilla/4.0 (compatible; MSIE 6.0; Windows NT 5.1)"
124.115.1.66 - - [20/Mar/2009:09:41:00 -0400] "GET /toastpointtopright.html HTTP/1.1" 200 151 "http://www.toastpoint.com/toastpointtopright.html" "Mozilla/4.0 (compatible; MSIE 6.0; Windows NT 5.1)"
124.115.1.66 - - [20/Mar/2009:09:41:01 -0400] "GET /tpnews.html HTTP/1.1" 200 8305 "http://www.toastpoint.com/tpnews.html" "Mozilla/4.0 (compatible; MSIE 6.0; Windows NT 5.1)"
66.249.65.225 - - [20/Mar/2009:09:49:52 -0400] "GET /haiku/1998/haik1998.html HTTP/1.1" 200 2178 "-" "DoCoMo/2.0 N905i(c100;TB;W24H16) (compatible; Googlebot-Mobile/2.1; +http://www.google.com/bot.html)"
66.249.65.237 - - [20/Mar/2009:09:50:05 -0400] "GET /fiction/novels/peak3.html HTTP/1.1" 200 6906 "-" "DoCoMo/2.0 N905i(c100;TB;W24H16) (compatible; Googlebot-Mobile/2.1; +http://www.google.com/bot.html)"
66.249.65.234 - - [20/Mar/2009:09:50:16 -0400] "GET /fiction/novels/peak4.html HTTP/1.1" 200 13115 "-" "DoCoMo/2.0 N905i(c100;TB;W24H16) (compatible; Googlebot-Mobile/2.1; +http://www.google.com/bot.html)"
65.55.104.162 - - [20/Mar/2009:09:54:54 -0400] "GET /robots.txt HTTP/1.1" 404 693 "-" "msnbot/1.0 (+http://search.msn.com/msnbot.htm)"
65.55.104.162 - - [20/Mar/2009:09:54:54 -0400] "GET /toastpointtopleft.html HTTP/1.1" 200 162 "-" "msnbot/1.0 (+http://search.msn.com/msnbot.htm)"
65.55.104.162 - - [20/Mar/2009:09:54:54 -0400] "GET /toastpointtoc.html HTTP/1.1" 200 1188 "-" "msnbot/1.0 (+http://search.msn.com/msnbot.htm)"
65.55.104.162 - - [20/Mar/2009:09:54:54 -0400] "GET /news.html HTTP/1.1" 200 17706 "-" "msnbot/1.0 (+http://search.msn.com/msnbot.htm)"
65.55.104.162 - - [20/Mar/2009:09:54:54 -0400] "GET /toastpointtopright.html HTTP/1.1" 200 151 "-" "msnbot/1.0 (+http://search.msn.com/msnbot.htm)"
65.55.104.162 - - [20/Mar/2009:09:54:54 -0400] "GET /tpnews.html HTTP/1.1" 200 8305 "-" "msnbot/1.0 (+http://search.msn.com/msnbot.htm)"
208.111.154.15 - - [20/Mar/2009:09:57:54 -0400] "GET /robots.txt HTTP/1.1" 404 693 "-" "Mozilla/5.0 (compatible; Charlotte/1.1; http://www.searchme.com/support/)"
66.249.65.228 - - [20/Mar/2009:09:58:13 -0400] "GET /limerick/1995/nautnov.html HTTP/1.1" 200 13933 "-" "SAMSUNG-SGH-E250/1.0 Profile/MIDP-2.0 Configuration/CLDC-1.1 UP.Browser/6.2.3.3.c.1.101 (GUI) MMP/2.0 (compatible; Googlebot-Mobile/2.1; +http://www.google.com/bot.html)"
66.249.65.241 - - [20/Mar/2009:10:07:40 -0400] "GET /fiction/fict199.html HTTP/1.1" 200 21503 "-" "DoCoMo/2.0 N905i(c100;TB;W24H16) (compatible; Googlebot-Mobile/2.1; +http://www.google.com/bot.html)"
66.249.65.234 - - [20/Mar/2009:10:07:53 -0400] "GET /fiction/fict499.html HTTP/1.1" 200 12868 "-" "DoCoMo/2.0 N905i(c100;TB;W24H16) (compatible; Googlebot-Mobile/2.1; +http://www.google.com/bot.html)"
66.249.65.226 - - [20/Mar/2009:10:11:29 -0400] "GET /fiction/novels/peak1-3.html HTTP/1.1" 200 6956 "-" "DoCoMo/2.0 N905i(c100;TB;W24H16) (compatible; Googlebot-Mobile/2.1; +http://www.google.com/bot.html)"
66.249.65.226 - - [20/Mar/2009:10:45:20 -0400] "GET /robots.txt HTTP/1.1" 404 693 "-" "Googlebot-Image/1.0"
66.249.65.225 - - [20/Mar/2009:10:45:20 -0400] "GET /gifs/canegiehall049.JPG HTTP/1.1" 304 - "-" "Googlebot-Image/1.0"
81.52.143.37 - - [20/Mar/2009:10:45:22 -0400] "GET /limerick/nautfrm.html HTTP/1.1" 200 548 "-" "Mozilla/5.0 (Windows; U; Windows NT 5.1; fr; rv:1.8.1) VoilaBot BETA 1.2 (support.voilabot@orange-ftgroup.com)"
66.249.65.240 - - [20/Mar/2009:10:46:30 -0400] "GET /limerick/naut299.html HTTP/1.1" 200 23095 "-" "DoCoMo/2.0 N905i(c100;TB;W24H16) (compatible; Googlebot-Mobile/2.1; +http://www.google.com/bot.html)"
208.111.154.16 - - [20/Mar/2009:10:47:58 -0400] "GET /robots.txt HTTP/1.1" 404 693 "-" "Mozilla/5.0 (compatible; Charlotte/1.1; http://www.searchme.com/support/)"
208.111.154.16 - - [20/Mar/2009:10:48:19 -0400] "GET /limerick/1995/nautjune.html HTTP/1.1" 200 3274 "-" "Mozilla/5.0 (compatible; Charlotte/1.1; http://www.searchme.com/support/)"
66.249.65.230 - - [20/Mar/2009:10:50:03 -0400] "GET /limerick/brady/brady99.html HTTP/1.1" 200 7546 "-" "DoCoMo/2.0 N905i(c100;TB;W24H16) (compatible; Googlebot-Mobile/2.1; +http://www.google.com/bot.html)"
66.249.65.235 - - [20/Mar/2009:10:53:05 -0400] "GET /limerick/naut599.html HTTP/1.1" 200 21235 "-" "SAMSUNG-SGH-E250/1.0 Profile/MIDP-2.0 Configuration/CLDC-1.1 UP.Browser/6.2.3.3.c.1.101 (GUI) MMP/2.0 (compatible; Googlebot-Mobile/2.1; +http://www.google.com/bot.html)"
66.249.65.227 - - [20/Mar/2009:10:54:50 -0400] "GET /limerick/nice599.html HTTP/1.1" 200 26033 "-" "DoCoMo/2.0 N905i(c100;TB;W24H16) (compatible; Googlebot-Mobile/2.1; +http://www.google.com/bot.html)"
66.249.65.231 - - [20/Mar/2009:10:54:54 -0400] "GET /limerick/brady/brady98.html HTTP/1.1" 200 8297 "-" "DoCoMo/2.0 N905i(c100;TB;W24H16) (compatible; Googlebot-Mobile/2.1; +http://www.google.com/bot.html)"
66.249.65.244 - - [20/Mar/2009:11:00:37 -0400] "GET /limerick/naut399.html HTTP/1.1" 200 38217 "-" "DoCoMo/2.0 N905i(c100;TB;W24H16) (compatible; Googlebot-Mobile/2.1; +http://www.google.com/bot.html)"
66.249.65.227 - - [20/Mar/2009:11:00:41 -0400] "GET /limerick/brady/brady96.html HTTP/1.1" 200 6418 "-" "DoCoMo/2.0 N905i(c100;TB;W24H16) (compatible; Googlebot-Mobile/2.1; +http://www.google.com/bot.html)"
66.249.65.230 - - [20/Mar/2009:11:05:34 -0400] "GET /limerick/naut199.html HTTP/1.1" 200 34481 "-" "DoCoMo/2.0 N905i(c100;TB;W24H16) (compatible; Googlebot-Mobile/2.1; +http://www.google.com/bot.html)"
75.66.176.117 - - [20/Mar/2009:11:11:18 -0400] "GET /limerick/naut199.html HTTP/1.1" 200 34481 "http://www.google.com/search?hl=en&client=firefox-a&rls=org.mozilla:en-US:official&hs=I0L&q=naughty+limericks&revid=349975747&ei=67HDSeGGNuLHtgeZv93HCg&sa=X&oi=revisions_inline&resnum=1&ct=broad-revision&cd=5&cts=1237561892000" "Mozilla/5.0 (Windows; U; Windows NT 5.1; en-US; rv:1.9.0.7) Gecko/2009021910 Firefox/3.0.7"
75.66.176.117 - - [20/Mar/2009:11:11:19 -0400] "GET /gifs/boobies.gif HTTP/1.1" 200 11144 "http://www.toastpoint.com/limerick/naut199.html" "Mozilla/5.0 (Windows; U; Windows NT 5.1; en-US; rv:1.9.0.7) Gecko/2009021910 Firefox/3.0.7"
75.66.176.117 - - [20/Mar/2009:11:11:19 -0400] "GET /gifs/goldstar.jpg HTTP/1.1" 200 1854 "http://www.toastpoint.com/limerick/naut199.html" "Mozilla/5.0 (Windows; U; Windows NT 5.1; en-US; rv:1.9.0.7) Gecko/2009021910 Firefox/3.0.7"
75.66.176.117 - - [20/Mar/2009:11:11:19 -0400] "GET /gifs/nakedman.gif HTTP/1.1" 200 7734 "http://www.toastpoint.com/limerick/naut199.html" "Mozilla/5.0 (Windows; U; Windows NT 5.1; en-US; rv:1.9.0.7) Gecko/2009021910 Firefox/3.0.7"
75.66.176.117 - - [20/Mar/2009:11:11:19 -0400] "GET /favicon.ico HTTP/1.1" 404 693 "-" "Mozilla/5.0 (Windows; U; Windows NT 5.1; en-US; rv:1.9.0.7) Gecko/2009021910 Firefox/3.0.7"
75.66.176.117 - - [20/Mar/2009:11:11:22 -0400] "GET /favicon.ico HTTP/1.1" 404 693 "-" "Mozilla/5.0 (Windows; U; Windows NT 5.1; en-US; rv:1.9.0.7) Gecko/2009021910 Firefox/3.0.7"
66.249.65.231 - - [20/Mar/2009:11:13:58 -0400] "GET /limerick/1996/lim1996.html HTTP/1.1" 200 2072 "-" "DoCoMo/2.0 N905i(c100;TB;W24H16) (compatible; Googlebot-Mobile/2.1; +http://www.google.com/bot.html)"
66.249.65.240 - - [20/Mar/2009:11:25:14 -0400] "GET /limerick/1995/1995.html HTTP/1.1" 200 1428 "-" "DoCoMo/2.0 N905i(c100;TB;W24H16) (compatible; Googlebot-Mobile/2.1; +http://www.google.com/bot.html)"
72.187.242.244 - - [20/Mar/2009:11:26:14 -0400] "GET /favicon.ico HTTP/1.1" 404 693 "-" "Mozilla/4.0 (compatible; MSIE 7.0; Windows NT 5.1; GTB5; .NET CLR 1.1.4322)"
72.187.242.244 - - [20/Mar/2009:11:26:14 -0400] "GET /limerick/nice299.html HTTP/1.1" 200 28130 "-" "Mozilla/4.0 (compatible; MSIE 7.0; Windows NT 5.1; GTB5; .NET CLR 1.1.4322)"
72.187.242.244 - - [20/Mar/2009:11:26:14 -0400] "GET /gifs/goldstar.jpg HTTP/1.1" 200 1854 "http://www.toastpoint.com/limerick/nice299.html" "Mozilla/4.0 (compatible; MSIE 7.0; Windows NT 5.1; GTB5; .NET CLR 1.1.4322)"
72.187.242.244 - - [20/Mar/2009:11:26:14 -0400] "GET /gifs/birdumb.gif HTTP/1.1" 200 4704 "http://www.toastpoint.com/limerick/nice299.html" "Mozilla/4.0 (compatible; MSIE 7.0; Windows NT 5.1; GTB5; .NET CLR 1.1.4322)"
72.187.242.244 - - [20/Mar/2009:11:26:14 -0400] "GET /gifs/birdumb2.gif HTTP/1.1" 200 4698 "http://www.toastpoint.com/limerick/nice299.html" "Mozilla/4.0 (compatible; MSIE 7.0; Windows NT 5.1; GTB5; .NET CLR 1.1.4322)"
174.129.182.29 - - [20/Mar/2009:11:28:10 -0400] "GET /robots.txt HTTP/1.0" 404 693 "-" "SimilarPages/Nutch-1.0-dev (SimilarPages Nutch Crawler; http://www.similarpages.com; info at similarpages dot com)"
174.129.182.29 - - [20/Mar/2009:11:28:10 -0400] "GET /limerick/docs/formhint.html HTTP/1.0" 200 2522 "-" "SimilarPages/Nutch-1.0-dev (SimilarPages Nutch Crawler; http://www.similarpages.com; info at similarpages dot com)"
174.129.182.29 - - [20/Mar/2009:11:29:24 -0400] "GET /bio.html HTTP/1.0" 200 7868 "-" "SimilarPages/Nutch-1.0-dev (SimilarPages Nutch Crawler; http://www.similarpages.com; info at similarpages dot com)"
208.111.154.16 - - [20/Mar/2009:11:34:00 -0400] "GET /robots.txt HTTP/1.1" 404 693 "-" "Mozilla/5.0 (compatible; Charlotte/1.1; http://www.searchme.com/support/)"
66.249.65.228 - - [20/Mar/2009:11:35:13 -0400] "GET /limerick/naut599.html HTTP/1.1" 200 21235 "-" "DoCoMo/2.0 N905i(c100;TB;W24H16) (compatible; Googlebot-Mobile/2.1; +http://www.google.com/bot.html)"
66.249.65.242 - - [20/Mar/2009:11:39:06 -0400] "GET /limerick/brady/brady1.html HTTP/1.1" 200 4493 "-" "DoCoMo/2.0 N905i(c100;TB;W24H16) (compatible; Googlebot-Mobile/2.1; +http://www.google.com/bot.html)"
66.249.65.239 - - [20/Mar/2009:11:45:06 -0400] "GET /limerick/brady/brady97.html HTTP/1.1" 200 10474 "-" "DoCoMo/2.0 N905i(c100;TB;W24H16) (compatible; Googlebot-Mobile/2.1; +http://www.google.com/bot.html)"
66.249.65.227 - - [20/Mar/2009:11:46:33 -0400] "GET /fiction/fict98/novels/Rosalind.html HTTP/1.1" 404 693 "-" "DoCoMo/2.0 N905i(c100;TB;W24H16) (compatible; Googlebot-Mobile/2.1; +http://www.google.com/bot.html)"
66.249.65.235 - - [20/Mar/2009:11:48:45 -0400] "GET /limerick/naut499.html HTTP/1.1" 200 38163 "-" "DoCoMo/2.0 N905i(c100;TB;W24H16) (compatible; Googlebot-Mobile/2.1; +http://www.google.com/bot.html)"
66.249.65.235 - - [20/Mar/2009:11:52:05 -0400] "GET /limerick/nice299.html HTTP/1.1" 200 28130 "-" "DoCoMo/2.0 N905i(c100;TB;W24H16) (compatible; Googlebot-Mobile/2.1; +http://www.google.com/bot.html)"
66.249.65.239 - - [20/Mar/2009:11:52:08 -0400] "GET /limerick/nice399.html HTTP/1.1" 200 31092 "-" "DoCoMo/2.0 N905i(c100;TB;W24H16) (compatible; Googlebot-Mobile/2.1; +http://www.google.com/bot.html)"
69.95.200.240 - - [20/Mar/2009:11:54:10 -0400] "GET /favicon.ico HTTP/1.1" 404 693 "-" "Mozilla/4.0 (compatible; MSIE 7.0; Windows NT 5.1; .NET CLR 1.1.4322; .NET CLR 2.0.50727)"
69.95.200.240 - - [20/Mar/2009:11:54:10 -0400] "GET /gifs/goldstar.jpg HTTP/1.1" 200 1854 "http://www.toastpoint.com/limerick/naut199.html" "Mozilla/4.0 (compatible; MSIE 7.0; Windows NT 5.1; .NET CLR 1.1.4322; .NET CLR 2.0.50727)"
69.95.200.240 - - [20/Mar/2009:11:54:10 -0400] "GET /gifs/nakedman.gif HTTP/1.1" 200 7734 "http://www.toastpoint.com/limerick/naut199.html" "Mozilla/4.0 (compatible; MSIE 7.0; Windows NT 5.1; .NET CLR 1.1.4322; .NET CLR 2.0.50727)"
69.95.200.240 - - [20/Mar/2009:11:54:10 -0400] "GET /gifs/boobies.gif HTTP/1.1" 200 11144 "http://www.toastpoint.com/limerick/naut199.html" "Mozilla/4.0 (compatible; MSIE 7.0; Windows NT 5.1; .NET CLR 1.1.4322; .NET CLR 2.0.50727)"
69.95.200.240 - - [20/Mar/2009:11:54:10 -0400] "GET /limerick/naut199.html HTTP/1.1" 200 34481 "-" "Mozilla/4.0 (compatible; MSIE 7.0; Windows NT 5.1; .NET CLR 1.1.4322; .NET CLR 2.0.50727)"
208.111.154.16 - - [20/Mar/2009:11:55:17 -0400] "GET /robots.txt HTTP/1.1" 404 693 "-" "Mozilla/5.0 (compatible; Charlotte/1.1; http://www.searchme.com/support/)"
66.249.65.240 - - [20/Mar/2009:12:06:09 -0400] "GET /limerick/1998/lim1998.html HTTP/1.1" 200 2041 "-" "DoCoMo/2.0 N905i(c100;TB;W24H16) (compatible; Googlebot-Mobile/2.1; +http://www.google.com/bot.html)"
208.111.154.16 - - [20/Mar/2009:12:11:57 -0400] "GET /robots.txt HTTP/1.1" 404 693 "-" "Mozilla/5.0 (compatible; Charlotte/1.1; http://www.searchme.com/support/)"
193.47.80.45 - - [20/Mar/2009:12:13:43 -0400] "GET /robots.txt HTTP/1.1" 404 693 "-" "Mozilla/5.0 (compatible; Exabot/3.0; +http://www.exabot.com/go/robot)"
193.47.80.45 - - [20/Mar/2009:12:13:43 -0400] "GET /limerick/1996/naut296.html HTTP/1.1" 200 30357 "-" "Mozilla/5.0 (compatible; Exabot/3.0; +http://www.exabot.com/go/robot)"
152.130.15.14 - - [20/Mar/2009:12:18:15 -0400] "GET / HTTP/1.1" 200 464 "http://www.google.com/search?hl=en&safe=active&rlz=1T4SUNA_enUS231US231&q=A+toast+to+someone+leaving+a+job&start=20&sa=N" "Mozilla/4.0 (compatible; MSIE 7.0; Windows NT 5.1; GTB5; .NET CLR 2.0.50727; .NET CLR 3.0.4506.2152; .NET CLR 3.5.30729)"
152.130.15.14 - - [20/Mar/2009:12:18:15 -0400] "GET /toastpointtopleft.html HTTP/1.1" 200 162 "http://www.toastpoint.com/" "Mozilla/4.0 (compatible; MSIE 7.0; Windows NT 5.1; GTB5; .NET CLR 2.0.50727; .NET CLR 3.0.4506.2152; .NET CLR 3.5.30729)"
152.130.15.14 - - [20/Mar/2009:12:18:15 -0400] "GET /toastpointtoc.html HTTP/1.1" 200 1188 "http://www.toastpoint.com/" "Mozilla/4.0 (compatible; MSIE 7.0; Windows NT 5.1; GTB5; .NET CLR 2.0.50727; .NET CLR 3.0.4506.2152; .NET CLR 3.5.30729)"
152.130.15.14 - - [20/Mar/2009:12:18:15 -0400] "GET /news.html HTTP/1.1" 200 17706 "http://www.toastpoint.com/" "Mozilla/4.0 (compatible; MSIE 7.0; Windows NT 5.1; GTB5; .NET CLR 2.0.50727; .NET CLR 3.0.4506.2152; .NET CLR 3.5.30729)"
152.130.15.14 - - [20/Mar/2009:12:18:15 -0400] "GET /toastpointtopright.html HTTP/1.1" 200 151 "http://www.toastpoint.com/" "Mozilla/4.0 (compatible; MSIE 7.0; Windows NT 5.1; GTB5; .NET CLR 2.0.50727; .NET CLR 3.0.4506.2152; .NET CLR 3.5.30729)"
152.130.15.14 - - [20/Mar/2009:12:18:16 -0400] "GET /tpnews.html HTTP/1.1" 200 8305 "http://www.toastpoint.com/" "Mozilla/4.0 (compatible; MSIE 7.0; Windows NT 5.1; GTB5; .NET CLR 2.0.50727; .NET CLR 3.0.4506.2152; .NET CLR 3.5.30729)"
152.130.15.14 - - [20/Mar/2009:12:18:16 -0400] "GET /gifs/tpwinter20089.jpg HTTP/1.1" 200 28088 "http://www.toastpoint.com/news.html" "Mozilla/4.0 (compatible; MSIE 7.0; Windows NT 5.1; GTB5; .NET CLR 2.0.50727; .NET CLR 3.0.4506.2152; .NET CLR 3.5.30729)"
152.130.15.14 - - [20/Mar/2009:12:18:16 -0400] "GET /favicon.ico HTTP/1.1" 404 693 "-" "Mozilla/4.0 (compatible; MSIE 7.0; Windows NT 5.1; GTB5; .NET CLR 2.0.50727; .NET CLR 3.0.4506.2152; .NET CLR 3.5.30729)"
152.130.15.14 - - [20/Mar/2009:12:18:48 -0400] "GET /links.html HTTP/1.1" 200 4252 "http://www.toastpoint.com/toastpointtoc.html" "Mozilla/4.0 (compatible; MSIE 7.0; Windows NT 5.1; GTB5; .NET CLR 2.0.50727; .NET CLR 3.0.4506.2152; .NET CLR 3.5.30729)"
152.130.15.14 - - [20/Mar/2009:12:19:05 -0400] "GET /ponder.html HTTP/1.1" 200 3441 "http://www.toastpoint.com/toastpointtoc.html" "Mozilla/4.0 (compatible; MSIE 7.0; Windows NT 5.1; GTB5; .NET CLR 2.0.50727; .NET CLR 3.0.4506.2152; .NET CLR 3.5.30729)"
208.111.154.15 - - [20/Mar/2009:12:27:43 -0400] "GET /robots.txt HTTP/1.1" 404 693 "-" "Mozilla/5.0 (compatible; Charlotte/1.1; http://www.searchme.com/support/)"
208.111.154.15 - - [20/Mar/2009:12:28:01 -0400] "GET /haiku/haiku.html HTTP/1.1" 200 2147 "-" "Mozilla/5.0 (compatible; Charlotte/1.1; http://www.searchme.com/support/)"
66.249.65.234 - - [20/Mar/2009:12:29:45 -0400] "GET /limerick/nice199.html HTTP/1.1" 200 25313 "-" "DoCoMo/2.0 N905i(c100;TB;W24H16) (compatible; Googlebot-Mobile/2.1; +http://www.google.com/bot.html)"
12.163.104.253 - - [20/Mar/2009:12:48:21 -0400] "GET /limerick/naut199.html HTTP/1.1" 200 34481 "http://www.google.com/search?source=ig&hl=en&rlz=1G1GGLQ_ENUS240&q=crude+limericks&aq=f" "Mozilla/4.0 (compatible; MSIE 8.0; Windows NT 5.1; Trident/4.0; .NET CLR 1.1.4322; .NET CLR 2.0.50727; .NET CLR 3.0.04506.30; .NET CLR 3.0.04506.648; InfoPath.2)"
12.163.104.253 - - [20/Mar/2009:12:48:21 -0400] "GET /gifs/boobies.gif HTTP/1.1" 200 11144 "http://www.toastpoint.com/limerick/naut199.html" "Mozilla/4.0 (compatible; MSIE 8.0; Windows NT 5.1; Trident/4.0; .NET CLR 1.1.4322; .NET CLR 2.0.50727; .NET CLR 3.0.04506.30; .NET CLR 3.0.04506.648; InfoPath.2)"
12.163.104.253 - - [20/Mar/2009:12:48:21 -0400] "GET /gifs/nakedman.gif HTTP/1.1" 200 7734 "http://www.toastpoint.com/limerick/naut199.html" "Mozilla/4.0 (compatible; MSIE 8.0; Windows NT 5.1; Trident/4.0; .NET CLR 1.1.4322; .NET CLR 2.0.50727; .NET CLR 3.0.04506.30; .NET CLR 3.0.04506.648; InfoPath.2)"
12.163.104.253 - - [20/Mar/2009:12:48:21 -0400] "GET /gifs/goldstar.jpg HTTP/1.1" 200 1854 "http://www.toastpoint.com/limerick/naut199.html" "Mozilla/4.0 (compatible; MSIE 8.0; Windows NT 5.1; Trident/4.0; .NET CLR 1.1.4322; .NET CLR 2.0.50727; .NET CLR 3.0.04506.30; .NET CLR 3.0.04506.648; InfoPath.2)"
12.163.104.253 - - [20/Mar/2009:12:48:22 -0400] "GET /favicon.ico HTTP/1.1" 404 693 "-" "Mozilla/4.0 (compatible; MSIE 8.0; Windows NT 5.1; Trident/4.0; .NET CLR 1.1.4322; .NET CLR 2.0.50727; .NET CLR 3.0.04506.30; .NET CLR 3.0.04506.648; InfoPath.2)"
66.249.65.244 - - [20/Mar/2009:12:57:36 -0400] "GET /limerick/nice499.html HTTP/1.1" 200 24193 "-" "DoCoMo/2.0 N905i(c100;TB;W24H16) (compatible; Googlebot-Mobile/2.1; +http://www.google.com/bot.html)"
66.249.65.228 - - [20/Mar/2009:12:58:13 -0400] "GET /limerick/1997/lim1997.html HTTP/1.1" 200 1925 "-" "DoCoMo/2.0 N905i(c100;TB;W24H16) (compatible; Googlebot-Mobile/2.1; +http://www.google.com/bot.html)"
66.249.65.241 - - [20/Mar/2009:12:58:31 -0400] "GET /fiction/fict98/fictline.html HTTP/1.1" 404 693 "-" "DoCoMo/2.0 N905i(c100;TB;W24H16) (compatible; Googlebot-Mobile/2.1; +http://www.google.com/bot.html)"
66.235.124.8 - - [20/Mar/2009:13:05:08 -0400] "GET /limerick/1996/naut296.html HTTP/1.1" 200 30357 "-" "Mozilla/5.0 (compatible; Ask Jeeves/Teoma; +http://about.ask.com/en/docs/about/webmasters.shtml)"
66.235.124.56 - - [20/Mar/2009:13:11:18 -0400] "GET /robots.txt HTTP/1.0" 404 693 "-" "Mozilla/5.0 (compatible; Ask Jeeves/Teoma; +http://about.ask.com/en/docs/about/webmasters.shtml)"
66.235.124.56 - - [20/Mar/2009:13:11:18 -0400] "GET /haiku/haiku299.html HTTP/1.0" 200 68017 "-" "Mozilla/5.0 (compatible; Ask Jeeves/Teoma; +http://about.ask.com/en/docs/about/webmasters.shtml)"
174.129.187.48 - - [20/Mar/2009:13:30:33 -0400] "GET /robots.txt HTTP/1.0" 404 693 "-" "SimilarPages/Nutch-1.0-dev (SimilarPages Nutch Crawler; http://www.similarpages.com; info at similarpages dot com)"
174.129.187.48 - - [20/Mar/2009:13:30:33 -0400] "GET /limerick/docs/formhint.html HTTP/1.0" 200 2522 "-" "SimilarPages/Nutch-1.0-dev (SimilarPages Nutch Crawler; http://www.similarpages.com; info at similarpages dot com)"
174.129.187.48 - - [20/Mar/2009:13:31:56 -0400] "GET /bio.html HTTP/1.0" 200 7868 "-" "SimilarPages/Nutch-1.0-dev (SimilarPages Nutch Crawler; http://www.similarpages.com; info at similarpages dot com)"
174.129.187.48 - - [20/Mar/2009:13:47:15 -0400] "GET /haiku/haikufrm.html HTTP/1.0" 200 534 "-" "SimilarPages/Nutch-1.0-dev (SimilarPages Nutch Crawler; http://www.similarpages.com; info at similarpages dot com)"
66.249.65.234 - - [20/Mar/2009:13:47:19 -0400] "GET /gifs/program1a.jpg HTTP/1.1" 304 - "-" "Googlebot-Image/1.0"
199.185.87.242 - - [20/Mar/2009:13:48:56 -0400] "GET /favicon.ico HTTP/1.1" 404 693 "-" "Mozilla/4.0 (compatible; MSIE 7.0; Windows NT 5.1; .NET CLR 1.1.4322; .NET CLR 2.0.50727; InfoPath.1; .NET CLR 3.0.04506.30; .NET CLR 3.0.04506.648)"
199.185.87.242 - - [20/Mar/2009:13:48:56 -0400] "GET /gifs/japan.gif HTTP/1.1" 200 5737 "http://www.toastpoint.com/haiku/haiku299.html" "Mozilla/4.0 (compatible; MSIE 7.0; Windows NT 5.1; .NET CLR 1.1.4322; .NET CLR 2.0.50727; InfoPath.1; .NET CLR 3.0.04506.30; .NET CLR 3.0.04506.648)"
199.185.87.242 - - [20/Mar/2009:13:48:56 -0400] "GET /gifs/goldstar.jpg HTTP/1.1" 200 1854 "http://www.toastpoint.com/haiku/haiku299.html" "Mozilla/4.0 (compatible; MSIE 7.0; Windows NT 5.1; .NET CLR 1.1.4322; .NET CLR 2.0.50727; InfoPath.1; .NET CLR 3.0.04506.30; .NET CLR 3.0.04506.648)"
199.185.87.242 - - [20/Mar/2009:13:48:56 -0400] "GET /gifs/blank.jpg HTTP/1.1" 200 705 "http://www.toastpoint.com/haiku/haiku299.html" "Mozilla/4.0 (compatible; MSIE 7.0; Windows NT 5.1; .NET CLR 1.1.4322; .NET CLR 2.0.50727; InfoPath.1; .NET CLR 3.0.04506.30; .NET CLR 3.0.04506.648)"
199.185.87.242 - - [20/Mar/2009:13:48:56 -0400] "GET /haiku/haiku299.html HTTP/1.1" 200 68017 "-" "Mozilla/4.0 (compatible; MSIE 7.0; Windows NT 5.1; .NET CLR 1.1.4322; .NET CLR 2.0.50727; InfoPath.1; .NET CLR 3.0.04506.30; .NET CLR 3.0.04506.648)"
208.111.154.15 - - [20/Mar/2009:13:58:47 -0400] "GET /robots.txt HTTP/1.1" 404 693 "-" "Mozilla/5.0 (compatible; Charlotte/1.1; http://www.searchme.com/support/)"
208.111.154.15 - - [20/Mar/2009:13:59:07 -0400] "GET /limerick/1996/nic1196.html HTTP/1.1" 200 11053 "-" "Mozilla/5.0 (compatible; Charlotte/1.1; http://www.searchme.com/support/)"
71.113.204.185 - - [20/Mar/2009:14:09:41 -0400] "GET /gifs/goldstar.jpg HTTP/1.1" 200 1854 "http://www.toastpoint.com/limerick/naut199.html" "Mozilla/4.0 (compatible; MSIE 6.0; Windows NT 5.0; .NET CLR 2.0.50727)"
71.113.204.185 - - [20/Mar/2009:14:09:41 -0400] "GET /gifs/nakedman.gif HTTP/1.1" 200 7734 "http://www.toastpoint.com/limerick/naut199.html" "Mozilla/4.0 (compatible; MSIE 6.0; Windows NT 5.0; .NET CLR 2.0.50727)"
71.113.204.185 - - [20/Mar/2009:14:09:41 -0400] "GET /gifs/boobies.gif HTTP/1.1" 200 11144 "http://www.toastpoint.com/limerick/naut199.html" "Mozilla/4.0 (compatible; MSIE 6.0; Windows NT 5.0; .NET CLR 2.0.50727)"
71.113.204.185 - - [20/Mar/2009:14:09:41 -0400] "GET /limerick/naut199.html HTTP/1.1" 200 34481 "http://www.google.com/search?hl=en&q=naughty+limerick&aq=f&oq=" "Mozilla/4.0 (compatible; MSIE 6.0; Windows NT 5.0; .NET CLR 2.0.50727)"
24.22.104.183 - - [20/Mar/2009:14:18:25 -0400] "GET /limerick/naut199.html HTTP/1.1" 200 34481 "http://www.google.com/search?hl=en&client=firefox-a&rls=org.mozilla:en-US:official&hs=ZD4&ei=MN3DScDLIpLQsAPi5IXhBg&sa=X&oi=spell&resnum=1&ct=result&cd=1&q=naughty+limericks&spell=1" "Mozilla/5.0 (Windows; U; Windows NT 5.1; en-US; rv:1.9.0.7) Gecko/2009021910 Firefox/3.0.7"
24.22.104.183 - - [20/Mar/2009:14:18:25 -0400] "GET /gifs/nakedman.gif HTTP/1.1" 200 7734 "http://www.toastpoint.com/limerick/naut199.html" "Mozilla/5.0 (Windows; U; Windows NT 5.1; en-US; rv:1.9.0.7) Gecko/2009021910 Firefox/3.0.7"
24.22.104.183 - - [20/Mar/2009:14:18:25 -0400] "GET /gifs/boobies.gif HTTP/1.1" 200 11144 "http://www.toastpoint.com/limerick/naut199.html" "Mozilla/5.0 (Windows; U; Windows NT 5.1; en-US; rv:1.9.0.7) Gecko/2009021910 Firefox/3.0.7"
24.22.104.183 - - [20/Mar/2009:14:18:25 -0400] "GET /gifs/goldstar.jpg HTTP/1.1" 200 1854 "http://www.toastpoint.com/limerick/naut199.html" "Mozilla/5.0 (Windows; U; Windows NT 5.1; en-US; rv:1.9.0.7) Gecko/2009021910 Firefox/3.0.7"
24.22.104.183 - - [20/Mar/2009:14:18:26 -0400] "GET /favicon.ico HTTP/1.1" 404 693 "-" "Mozilla/5.0 (Windows; U; Windows NT 5.1; en-US; rv:1.9.0.7) Gecko/2009021910 Firefox/3.0.7"
24.22.104.183 - - [20/Mar/2009:14:18:29 -0400] "GET /favicon.ico HTTP/1.1" 404 693 "-" "Mozilla/5.0 (Windows; U; Windows NT 5.1; en-US; rv:1.9.0.7) Gecko/2009021910 Firefox/3.0.7"
81.52.143.29 - - [20/Mar/2009:14:54:43 -0400] "GET /limerick/1998/nice598.html HTTP/1.1" 200 45520 "-" "Mozilla/5.0 (Windows; U; Windows NT 5.1; fr; rv:1.8.1) VoilaBot BETA 1.2 (support.voilabot@orange-ftgroup.com)"
208.111.154.15 - - [20/Mar/2009:15:18:30 -0400] "GET /robots.txt HTTP/1.1" 404 693 "-" "Mozilla/5.0 (compatible; Charlotte/1.1; http://www.searchme.com/support/)"
64.126.161.194 - - [20/Mar/2009:15:30:58 -0400] "GET /limerick/nice299.html HTTP/1.1" 200 28130 "http://www.google.com/search?hl=en&q=funny+clean+limericks&revid=559402086&ei=6-3DSayfJpnMsAOUpa2WBw&sa=X&oi=revisions_inline&resnum=0&ct=broad-revision&cd=2" "Mozilla/5.0 (Windows; U; Windows NT 5.1; en-US; rv:1.9.0.7) Gecko/2009021910 Firefox/3.0.7"
64.126.161.194 - - [20/Mar/2009:15:30:59 -0400] "GET /gifs/birdumb2.gif HTTP/1.1" 200 4698 "http://www.toastpoint.com/limerick/nice299.html" "Mozilla/5.0 (Windows; U; Windows NT 5.1; en-US; rv:1.9.0.7) Gecko/2009021910 Firefox/3.0.7"
64.126.161.194 - - [20/Mar/2009:15:30:59 -0400] "GET /gifs/birdumb.gif HTTP/1.1" 200 4704 "http://www.toastpoint.com/limerick/nice299.html" "Mozilla/5.0 (Windows; U; Windows NT 5.1; en-US; rv:1.9.0.7) Gecko/2009021910 Firefox/3.0.7"
64.126.161.194 - - [20/Mar/2009:15:30:59 -0400] "GET /gifs/goldstar.jpg HTTP/1.1" 200 1854 "http://www.toastpoint.com/limerick/nice299.html" "Mozilla/5.0 (Windows; U; Windows NT 5.1; en-US; rv:1.9.0.7) Gecko/2009021910 Firefox/3.0.7"
64.126.161.194 - - [20/Mar/2009:15:31:00 -0400] "GET /favicon.ico HTTP/1.1" 404 693 "-" "Mozilla/5.0 (Windows; U; Windows NT 5.1; en-US; rv:1.9.0.7) Gecko/2009021910 Firefox/3.0.7"
64.126.161.194 - - [20/Mar/2009:15:31:03 -0400] "GET /favicon.ico HTTP/1.1" 404 693 "-" "Mozilla/5.0 (Windows; U; Windows NT 5.1; en-US; rv:1.9.0.7) Gecko/2009021910 Firefox/3.0.7"
66.249.65.237 - - [20/Mar/2009:15:36:36 -0400] "GET /haiku/1997/haiku597.html HTTP/1.1" 200 30659 "-" "DoCoMo/2.0 N905i(c100;TB;W24H16) (compatible; Googlebot-Mobile/2.1; +http://www.google.com/bot.html)"
205.188.116.80 - - [20/Mar/2009:15:47:16 -0400] "HEAD /limerick/naut199.html HTTP/1.1" 200 - "-" "-"
66.249.65.239 - - [20/Mar/2009:15:47:36 -0400] "GET /haiku/1997/haiku197.html HTTP/1.1" 200 34967 "-" "DoCoMo/2.0 N905i(c100;TB;W24H16) (compatible; Googlebot-Mobile/2.1; +http://www.google.com/bot.html)"
66.249.65.225 - - [20/Mar/2009:16:07:17 -0400] "GET /haiku/1997/haiku697.html HTTP/1.1" 200 26478 "-" "DoCoMo/2.0 N905i(c100;TB;W24H16) (compatible; Googlebot-Mobile/2.1; +http://www.google.com/bot.html)"
66.249.65.229 - - [20/Mar/2009:16:16:17 -0400] "GET /haiku/1997/haiku297.html HTTP/1.1" 200 48218 "-" "DoCoMo/2.0 N905i(c100;TB;W24H16) (compatible; Googlebot-Mobile/2.1; +http://www.google.com/bot.html)"
66.249.65.232 - - [20/Mar/2009:16:22:25 -0400] "GET /haiku/1997/haiku397.html HTTP/1.1" 200 42491 "-" "DoCoMo/2.0 N905i(c100;TB;W24H16) (compatible; Googlebot-Mobile/2.1; +http://www.google.com/bot.html)"
66.249.65.240 - - [20/Mar/2009:16:23:29 -0400] "GET /haiku/1997/haiku997.html HTTP/1.1" 200 28323 "-" "DoCoMo/2.0 N905i(c100;TB;W24H16) (compatible; Googlebot-Mobile/2.1; +http://www.google.com/bot.html)"
81.52.143.36 - - [20/Mar/2009:16:28:56 -0400] "GET /limerick/ HTTP/1.1" 403 563 "-" "Mozilla/5.0 (Windows; U; Windows NT 5.1; fr; rv:1.8.1) VoilaBot BETA 1.2 (support.voilabot@orange-ftgroup.com)"
66.249.65.227 - - [20/Mar/2009:16:37:21 -0400] "GET /haiku/1997/haiku497.html HTTP/1.1" 200 29895 "-" "DoCoMo/2.0 N905i(c100;TB;W24H16) (compatible; Googlebot-Mobile/2.1; +http://www.google.com/bot.html)"
66.249.65.233 - - [20/Mar/2009:16:37:59 -0400] "GET /fiction/fict97/fict597.html HTTP/1.1" 200 10485 "-" "SAMSUNG-SGH-E250/1.0 Profile/MIDP-2.0 Configuration/CLDC-1.1 UP.Browser/6.2.3.3.c.1.101 (GUI) MMP/2.0 (compatible; Googlebot-Mobile/2.1; +http://www.google.com/bot.html)"
66.249.65.225 - - [20/Mar/2009:16:49:18 -0400] "GET /haiku/1997/haik1297.html HTTP/1.1" 200 22956 "-" "DoCoMo/2.0 N905i(c100;TB;W24H16) (compatible; Googlebot-Mobile/2.1; +http://www.google.com/bot.html)"
66.249.65.237 - - [20/Mar/2009:16:52:54 -0400] "GET /haiku/1997/haik1197.html HTTP/1.1" 200 26399 "-" "DoCoMo/2.0 N905i(c100;TB;W24H16) (compatible; Googlebot-Mobile/2.1; +http://www.google.com/bot.html)"
65.88.88.202 - - [20/Mar/2009:17:02:04 -0400] "GET /favicon.ico HTTP/1.1" 404 693 "-" "Mozilla/5.0 (Windows; U; Windows NT 5.1; en-US; rv:1.9.0.7) Gecko/2009021910 Firefox/3.0.7"
65.88.88.202 - - [20/Mar/2009:17:02:04 -0400] "GET / HTTP/1.1" 200 464 "-" "Mozilla/5.0 (Windows; U; Windows NT 5.1; en-US; rv:1.9.0.7) Gecko/2009021910 Firefox/3.0.7"
65.88.88.202 - - [20/Mar/2009:17:02:04 -0400] "GET /toastpointtopleft.html HTTP/1.1" 200 162 "http://www.toastpoint.com/" "Mozilla/5.0 (Windows; U; Windows NT 5.1; en-US; rv:1.9.0.7) Gecko/2009021910 Firefox/3.0.7"
