66.249.65.230 - - [10/Mar/2009:00:02:40 -0400] "GET /limerick/1995/bestnice.html HTTP/1.1" 200 6154 "-" "SAMSUNG-SGH-E250/1.0 Profile/MIDP-2.0 Configuration/CLDC-1.1 UP.Browser/6.2.3.3.c.1.101 (GUI) MMP/2.0 (compatible; Googlebot-Mobile/2.1; +http://www.google.com/bot.html)"
66.249.65.231 - - [10/Mar/2009:00:02:52 -0400] "GET /limerick/1997/nice1197.html HTTP/1.1" 200 19541 "-" "SAMSUNG-SGH-E250/1.0 Profile/MIDP-2.0 Configuration/CLDC-1.1 UP.Browser/6.2.3.3.c.1.101 (GUI) MMP/2.0 (compatible; Googlebot-Mobile/2.1; +http://www.google.com/bot.html)"
66.249.65.240 - - [10/Mar/2009:00:05:34 -0400] "GET /fiction/fict97/fict97.html HTTP/1.1" 200 1536 "-" "SAMSUNG-SGH-E250/1.0 Profile/MIDP-2.0 Configuration/CLDC-1.1 UP.Browser/6.2.3.3.c.1.101 (GUI) MMP/2.0 (compatible; Googlebot-Mobile/2.1; +http://www.google.com/bot.html)"
66.249.65.230 - - [10/Mar/2009:00:05:22 -0400] "GET /haiku/1995/haikujun.html HTTP/1.1" 200 2332 "-" "SAMSUNG-SGH-E250/1.0 Profile/MIDP-2.0 Configuration/CLDC-1.1 UP.Browser/6.2.3.3.c.1.101 (GUI) MMP/2.0 (compatible; Googlebot-Mobile/2.1; +http://www.google.com/bot.html)"
143.248.25.206 - - [10/Mar/2009:00:08:46 -0400] "GET /favicon.ico HTTP/1.1" 404 693 "-" "Mozilla/4.0 (compatible; MSIE 7.0; Windows NT 5.1; Mozilla/4.0 (compatible; MSIE 6.0; Windows NT 5.1; SV1) ; .NET CLR 1.1.4322; .NET CLR 2.0.50727; .NET CLR 3.0.04506.30; InfoPath.2)"
143.248.25.206 - - [10/Mar/2009:00:08:46 -0400] "GET /limerick/1996/nice896.html HTTP/1.1" 200 9880 "http://www.google.co.kr/search?complete=1&hl=ko&lr=&newwindow=1&q=clean+limerick&start=10&sa=N" "Mozilla/4.0 (compatible; MSIE 7.0; Windows NT 5.1; Mozilla/4.0 (compatible; MSIE 6.0; Windows NT 5.1; SV1) ; .NET CLR 1.1.4322; .NET CLR 2.0.50727; .NET CLR 3.0.04506.30; InfoPath.2)"
143.248.25.206 - - [10/Mar/2009:00:08:47 -0400] "GET /gifs/goldstar.jpg HTTP/1.1" 200 1854 "http://www.toastpoint.com/limerick/1996/nice896.html" "Mozilla/4.0 (compatible; MSIE 7.0; Windows NT 5.1; Mozilla/4.0 (compatible; MSIE 6.0; Windows NT 5.1; SV1) ; .NET CLR 1.1.4322; .NET CLR 2.0.50727; .NET CLR 3.0.04506.30; InfoPath.2)"
143.248.25.206 - - [10/Mar/2009:00:08:47 -0400] "GET /gifs/happy.jpg HTTP/1.1" 200 3135 "http://www.toastpoint.com/limerick/1996/nice896.html" "Mozilla/4.0 (compatible; MSIE 7.0; Windows NT 5.1; Mozilla/4.0 (compatible; MSIE 6.0; Windows NT 5.1; SV1) ; .NET CLR 1.1.4322; .NET CLR 2.0.50727; .NET CLR 3.0.04506.30; InfoPath.2)"
68.34.45.245 - - [10/Mar/2009:00:23:02 -0400] "GET /gifs/birdumb.gif HTTP/1.1" 200 4704 "http://74.125.47.132/search?q=cache:ntUlvZPzdL4J:www.toastpoint.com/limerick/nice499.html+fly+in+my+soup+limerick&hl=en&ct=clnk&cd=1&gl=us" "Mozilla/4.0 (compatible; MSIE 7.0; Windows NT 5.1; .NET CLR 1.0.3705; .NET CLR 2.0.50727; .NET CLR 1.1.4322; Media Center PC 4.0; InfoPath.2; Creative ZENcast v2.01.01)"
68.34.45.245 - - [10/Mar/2009:00:23:02 -0400] "GET /gifs/birdumb2.gif HTTP/1.1" 200 4698 "http://74.125.47.132/search?q=cache:ntUlvZPzdL4J:www.toastpoint.com/limerick/nice499.html+fly+in+my+soup+limerick&hl=en&ct=clnk&cd=1&gl=us" "Mozilla/4.0 (compatible; MSIE 7.0; Windows NT 5.1; .NET CLR 1.0.3705; .NET CLR 2.0.50727; .NET CLR 1.1.4322; Media Center PC 4.0; InfoPath.2; Creative ZENcast v2.01.01)"
68.34.45.245 - - [10/Mar/2009:00:23:02 -0400] "GET /gifs/goldstar.jpg HTTP/1.1" 200 1854 "http://74.125.47.132/search?q=cache:ntUlvZPzdL4J:www.toastpoint.com/limerick/nice499.html+fly+in+my+soup+limerick&hl=en&ct=clnk&cd=1&gl=us" "Mozilla/4.0 (compatible; MSIE 7.0; Windows NT 5.1; .NET CLR 1.0.3705; .NET CLR 2.0.50727; .NET CLR 1.1.4322; Media Center PC 4.0; InfoPath.2; Creative ZENcast v2.01.01)"
66.249.65.237 - - [10/Mar/2009:00:28:02 -0400] "GET /haiku/1997/haik1997.html HTTP/1.1" 304 - "-" "Mozilla/5.0 (compatible; Googlebot/2.1; +http://www.google.com/bot.html)"
208.80.195.47 - - [10/Mar/2009:01:00:57 -0400] "GET / HTTP/1.0" 200 464 "-" "Mozilla/4.0 (compatible; MSIE 7.0; Windows NT 5.1; YPC 3.2.0; InfoPath.1; .NET CLR 1.1.4322; .NET CLR 2.0.50727; .NET CLR 3.0.04506.30; yplus 5.1.04b)"
66.249.65.226 - - [10/Mar/2009:01:31:48 -0400] "GET /limerick/1998/nice298.html HTTP/1.1" 200 24359 "-" "Mozilla/5.0 (compatible; Googlebot/2.1; +http://www.google.com/bot.html)"
66.249.65.229 - - [10/Mar/2009:02:02:47 -0400] "GET /limerick/1995/nautnov.html HTTP/1.1" 200 13933 "-" "SAMSUNG-SGH-E250/1.0 Profile/MIDP-2.0 Configuration/CLDC-1.1 UP.Browser/6.2.3.3.c.1.101 (GUI) MMP/2.0 (compatible; Googlebot-Mobile/2.1; +http://www.google.com/bot.html)"
66.235.124.8 - - [10/Mar/2009:02:18:58 -0400] "GET /haiku/1998/haiku798.html HTTP/1.1" 200 74969 "-" "Mozilla/5.0 (compatible; Ask Jeeves/Teoma; +http://about.ask.com/en/docs/about/webmasters.shtml)"
66.249.65.237 - - [10/Mar/2009:02:58:02 -0400] "GET /limerick/1998/nice798.html HTTP/1.1" 200 18342 "-" "Mozilla/5.0 (compatible; Googlebot/2.1; +http://www.google.com/bot.html)"
66.235.124.8 - - [10/Mar/2009:03:03:41 -0400] "GET /fiction/fict98/fict198.html HTTP/1.1" 200 62967 "-" "Mozilla/5.0 (compatible; Ask Jeeves/Teoma; +http://about.ask.com/en/docs/about/webmasters.shtml)"
208.80.195.46 - - [10/Mar/2009:03:13:27 -0400] "GET / HTTP/1.0" 200 464 "-" "Mozilla/4.0 (compatible; MSIE 6.0; Windows NT 5.1; MRA 4.8 (build 01709))"
66.249.65.242 - - [10/Mar/2009:03:21:40 -0400] "GET /fiction/novels/peak1-2.html HTTP/1.1" 200 2302 "-" "SAMSUNG-SGH-E250/1.0 Profile/MIDP-2.0 Configuration/CLDC-1.1 UP.Browser/6.2.3.3.c.1.101 (GUI) MMP/2.0 (compatible; Googlebot-Mobile/2.1; +http://www.google.com/bot.html)"
83.167.62.171 - - [10/Mar/2009:03:44:58 -0400] "GET /limerick/1996/naut496.html HTTP/1.1" 200 21599 "-" "Mozilla/5.0 (compatible; Exabot/3.0; +http://www.exabot.com/go/robot)"
208.114.97.195 - - [10/Mar/2009:03:45:16 -0400] "GET /limerick/naut199.html HTTP/1.1" 200 34481 "http://www.google.com/search?hl=hu&client=firefox-a&rls=org.mozilla%3Ahu%3Aofficial&hs=FaH&q=Night+%26+Day+Tom%C2%B4s+Princes+penis+dilatator&btnG=Keres%C3%A9s&lr=" "Mozilla/5.0 (Windows; U; Windows NT 6.0; hu; rv:1.9.0.7) Gecko/2009021910 Firefox/3.0.7"
208.114.97.195 - - [10/Mar/2009:03:45:17 -0400] "GET /gifs/goldstar.jpg HTTP/1.1" 200 1854 "http://www.toastpoint.com/limerick/naut199.html" "Mozilla/5.0 (Windows; U; Windows NT 6.0; hu; rv:1.9.0.7) Gecko/2009021910 Firefox/3.0.7"
208.114.97.195 - - [10/Mar/2009:03:45:18 -0400] "GET /gifs/boobies.gif HTTP/1.1" 200 11144 "http://www.toastpoint.com/limerick/naut199.html" "Mozilla/5.0 (Windows; U; Windows NT 6.0; hu; rv:1.9.0.7) Gecko/2009021910 Firefox/3.0.7"
208.114.97.195 - - [10/Mar/2009:03:45:18 -0400] "GET /gifs/nakedman.gif HTTP/1.1" 200 7734 "http://www.toastpoint.com/limerick/naut199.html" "Mozilla/5.0 (Windows; U; Windows NT 6.0; hu; rv:1.9.0.7) Gecko/2009021910 Firefox/3.0.7"
208.114.97.195 - - [10/Mar/2009:03:45:25 -0400] "GET /favicon.ico HTTP/1.1" 404 693 "-" "Mozilla/5.0 (Windows; U; Windows NT 6.0; hu; rv:1.9.0.7) Gecko/2009021910 Firefox/3.0.7"
208.114.97.195 - - [10/Mar/2009:03:45:27 -0400] "GET /favicon.ico HTTP/1.1" 404 693 "-" "Mozilla/5.0 (Windows; U; Windows NT 6.0; hu; rv:1.9.0.7) Gecko/2009021910 Firefox/3.0.7"
66.249.65.225 - - [10/Mar/2009:03:55:47 -0400] "GET /limerick/wumpus.html HTTP/1.1" 404 693 "-" "SAMSUNG-SGH-E250/1.0 Profile/MIDP-2.0 Configuration/CLDC-1.1 UP.Browser/6.2.3.3.c.1.101 (GUI) MMP/2.0 (compatible; Googlebot-Mobile/2.1; +http://www.google.com/bot.html)"
24.143.236.229 - - [10/Mar/2009:04:49:27 -0400] "GET /favicon.ico HTTP/1.1" 404 693 "-" "Mozilla/4.0 (compatible; MSIE 7.0; Windows NT 5.1; GTB5; .NET CLR 1.1.4322; .NET CLR 2.0.50727; .NET CLR 3.0.04506.30; .NET CLR 3.0.04506.648; Zune 3.0; .NET CLR 3.0.4506.2152; .NET CLR 3.5.30729)"
24.143.236.229 - - [10/Mar/2009:04:49:27 -0400] "GET /limerick/brady/brady98.html HTTP/1.1" 200 8297 "-" "Mozilla/4.0 (compatible; MSIE 7.0; Windows NT 5.1; GTB5; .NET CLR 1.1.4322; .NET CLR 2.0.50727; .NET CLR 3.0.04506.30; .NET CLR 3.0.04506.648; Zune 3.0; .NET CLR 3.0.4506.2152; .NET CLR 3.5.30729)"
24.143.236.229 - - [10/Mar/2009:04:49:27 -0400] "GET /gifs/goldstar.jpg HTTP/1.1" 200 1854 "http://www.toastpoint.com/limerick/brady/brady98.html" "Mozilla/4.0 (compatible; MSIE 7.0; Windows NT 5.1; GTB5; .NET CLR 1.1.4322; .NET CLR 2.0.50727; .NET CLR 3.0.04506.30; .NET CLR 3.0.04506.648; Zune 3.0; .NET CLR 3.0.4506.2152; .NET CLR 3.5.30729)"
24.143.236.229 - - [10/Mar/2009:04:49:27 -0400] "GET /limerick/brady/thebunch.gif HTTP/1.1" 200 41886 "http://www.toastpoint.com/limerick/brady/brady98.html" "Mozilla/4.0 (compatible; MSIE 7.0; Windows NT 5.1; GTB5; .NET CLR 1.1.4322; .NET CLR 2.0.50727; .NET CLR 3.0.04506.30; .NET CLR 3.0.04506.648; Zune 3.0; .NET CLR 3.0.4506.2152; .NET CLR 3.5.30729)"
124.83.159.160 - - [10/Mar/2009:05:54:18 -0400] "GET /robots.txt HTTP/1.1" 404 693 "-" "Y!J-SRD/1.0"
124.83.159.172 - - [10/Mar/2009:05:57:28 -0400] "GET /haiku/ HTTP/1.1" 403 563 "-" "DoCoMo/2.0 SH902i (compatible; Y!J-SRD/1.0; http://help.yahoo.co.jp/help/jp/search/indexing/indexing-27.html)"
124.183.86.106 - - [10/Mar/2009:06:04:02 -0400] "GET /gifs/nakedman.gif HTTP/1.1" 200 7734 "http://www.toastpoint.com/limerick/naut199.html" "Mozilla/4.0 (compatible; MSIE 6.0; Windows NT 5.1; SV1; .NET CLR 2.0.50727; .NET CLR 3.0.04506.30)"
124.183.86.106 - - [10/Mar/2009:06:04:02 -0400] "GET /gifs/goldstar.jpg HTTP/1.1" 200 1854 "http://www.toastpoint.com/limerick/naut199.html" "Mozilla/4.0 (compatible; MSIE 6.0; Windows NT 5.1; SV1; .NET CLR 2.0.50727; .NET CLR 3.0.04506.30)"
124.183.86.106 - - [10/Mar/2009:06:04:02 -0400] "GET /gifs/boobies.gif HTTP/1.1" 200 11144 "http://www.toastpoint.com/limerick/naut199.html" "Mozilla/4.0 (compatible; MSIE 6.0; Windows NT 5.1; SV1; .NET CLR 2.0.50727; .NET CLR 3.0.04506.30)"
124.183.86.106 - - [10/Mar/2009:06:04:00 -0400] "GET /limerick/naut199.html HTTP/1.1" 200 34481 "http://www.google.com.au/search?hl=en&q=naughty+limericks&meta=" "Mozilla/4.0 (compatible; MSIE 6.0; Windows NT 5.1; SV1; .NET CLR 2.0.50727; .NET CLR 3.0.04506.30)"
67.181.66.151 - - [10/Mar/2009:06:09:37 -0400] "GET /limerick/nice499.html HTTP/1.1" 200 24193 "http://www.ask.com/bar?q=jr+high+limericks&page=2&qsrc=2417&zoom=Kids+Limericks%7CExample+of+a+Limerick+Poem%7CFunny+Limericks&ab=2&u=http%3A%2F%2Fwww.toastpoint.com%2Flimerick%2Fnice499.html" "Mozilla/4.0 (compatible; MSIE 6.0; Windows NT 5.1; SV1; .NET CLR 1.1.4322)"
67.181.66.151 - - [10/Mar/2009:06:09:37 -0400] "GET /gifs/birdumb.gif HTTP/1.1" 200 4704 "http://www.toastpoint.com/limerick/nice499.html" "Mozilla/4.0 (compatible; MSIE 6.0; Windows NT 5.1; SV1; .NET CLR 1.1.4322)"
67.181.66.151 - - [10/Mar/2009:06:09:37 -0400] "GET /gifs/birdumb2.gif HTTP/1.1" 200 4698 "http://www.toastpoint.com/limerick/nice499.html" "Mozilla/4.0 (compatible; MSIE 6.0; Windows NT 5.1; SV1; .NET CLR 1.1.4322)"
67.181.66.151 - - [10/Mar/2009:06:09:37 -0400] "GET /gifs/goldstar.jpg HTTP/1.1" 200 1854 "http://www.toastpoint.com/limerick/nice499.html" "Mozilla/4.0 (compatible; MSIE 6.0; Windows NT 5.1; SV1; .NET CLR 1.1.4322)"
84.246.154.150 - - [10/Mar/2009:06:18:11 -0400] "GET /gifs/birdumb2.gif HTTP/1.1" 200 4698 "http://209.85.229.132/search?q=cache:VuT42pEHva4J:www.toastpoint.com/limerick/nice299.html+clean+limericks&hl=en&ct=clnk&cd=5&gl=uk" "Mozilla/4.0 (compatible; MSIE 7.0; Windows NT 6.0; GTB5; SLCC1; .NET CLR 2.0.50727; Media Center PC 5.0; .NET CLR 3.0.04506; .NET CLR 1.1.4322)"
84.246.154.150 - - [10/Mar/2009:06:18:11 -0400] "GET /gifs/birdumb.gif HTTP/1.1" 200 4704 "http://209.85.229.132/search?q=cache:VuT42pEHva4J:www.toastpoint.com/limerick/nice299.html+clean+limericks&hl=en&ct=clnk&cd=5&gl=uk" "Mozilla/4.0 (compatible; MSIE 7.0; Windows NT 6.0; GTB5; SLCC1; .NET CLR 2.0.50727; Media Center PC 5.0; .NET CLR 3.0.04506; .NET CLR 1.1.4322)"
84.246.154.150 - - [10/Mar/2009:06:18:11 -0400] "GET /gifs/goldstar.jpg HTTP/1.1" 200 1854 "http://209.85.229.132/search?q=cache:VuT42pEHva4J:www.toastpoint.com/limerick/nice299.html+clean+limericks&hl=en&ct=clnk&cd=5&gl=uk" "Mozilla/4.0 (compatible; MSIE 7.0; Windows NT 6.0; GTB5; SLCC1; .NET CLR 2.0.50727; Media Center PC 5.0; .NET CLR 3.0.04506; .NET CLR 1.1.4322)"
66.249.65.234 - - [10/Mar/2009:06:31:52 -0400] "GET /robots.txt HTTP/1.1" 404 693 "-" "Googlebot-Image/1.0"
66.249.65.231 - - [10/Mar/2009:06:31:52 -0400] "GET /index_files/image029.gif HTTP/1.1" 304 - "-" "Googlebot-Image/1.0"
77.88.25.27 - - [10/Mar/2009:07:26:50 -0400] "GET /robots.txt HTTP/1.1" 404 693 "-" "Yandex/1.01.001 (compatible; Win16; I)"
77.88.25.27 - - [10/Mar/2009:07:26:50 -0400] "GET / HTTP/1.1" 200 464 "-" "Yandex/1.01.001 (compatible; Win16; I)"
66.249.65.242 - - [10/Mar/2009:07:38:49 -0400] "GET /limerick/1995/nautjune.html HTTP/1.1" 304 - "-" "Mozilla/5.0 (compatible; Googlebot/2.1; +http://www.google.com/bot.html)"
66.249.65.231 - - [10/Mar/2009:07:40:29 -0400] "GET /fiction/novels/peak1-3.html HTTP/1.1" 200 6956 "-" "SAMSUNG-SGH-E250/1.0 Profile/MIDP-2.0 Configuration/CLDC-1.1 UP.Browser/6.2.3.3.c.1.101 (GUI) MMP/2.0 (compatible; Googlebot-Mobile/2.1; +http://www.google.com/bot.html)"
82.0.83.149 - - [10/Mar/2009:07:55:28 -0400] "GET /limerick/naut199.html HTTP/1.1" 200 34481 "http://www.google.co.uk/search?q=crude+limericks&hl=en&sa=2" "Mozilla/4.0 (compatible; MSIE 6.0; Windows NT 5.1; SV1; .NET CLR 2.0.50727; .NET CLR 1.1.4322)"
82.0.83.149 - - [10/Mar/2009:07:55:29 -0400] "GET /limerick/naut199.html HTTP/1.1" 200 34481 "http://www.google.co.uk/search?q=crude+limericks&hl=en&sa=2" "Mozilla/4.0 (compatible; MSIE 6.0; Windows NT 5.1; SV1; .NET CLR 2.0.50727; .NET CLR 1.1.4322)"
174.129.152.153 - - [10/Mar/2009:08:23:02 -0400] "GET /robots.txt HTTP/1.0" 404 693 "-" "SimilarPages/Nutch-1.0-dev (SimilarPages Nutch Crawler; http://www.similarpages.com; info at similarpages dot com)"
174.129.152.153 - - [10/Mar/2009:08:23:02 -0400] "GET /fiction/fiction.html HTTP/1.0" 200 2705 "-" "SimilarPages/Nutch-1.0-dev (SimilarPages Nutch Crawler; http://www.similarpages.com; info at similarpages dot com)"
174.129.152.153 - - [10/Mar/2009:08:23:08 -0400] "GET /limerick/naut299.html HTTP/1.0" 200 23095 "-" "SimilarPages/Nutch-1.0-dev (SimilarPages Nutch Crawler; http://www.similarpages.com; info at similarpages dot com)"
174.129.152.153 - - [10/Mar/2009:08:23:16 -0400] "GET /limerick/naut499.html HTTP/1.0" 200 38163 "-" "SimilarPages/Nutch-1.0-dev (SimilarPages Nutch Crawler; http://www.similarpages.com; info at similarpages dot com)"
174.129.152.153 - - [10/Mar/2009:08:23:22 -0400] "GET /welcome.html HTTP/1.0" 200 418 "-" "SimilarPages/Nutch-1.0-dev (SimilarPages Nutch Crawler; http://www.similarpages.com; info at similarpages dot com)"
174.129.152.153 - - [10/Mar/2009:08:23:56 -0400] "GET /limerick/nice199.html HTTP/1.0" 200 25313 "-" "SimilarPages/Nutch-1.0-dev (SimilarPages Nutch Crawler; http://www.similarpages.com; info at similarpages dot com)"
174.129.152.153 - - [10/Mar/2009:08:25:25 -0400] "GET /limerick/nice399.html HTTP/1.0" 200 31092 "-" "SimilarPages/Nutch-1.0-dev (SimilarPages Nutch Crawler; http://www.similarpages.com; info at similarpages dot com)"
174.129.152.153 - - [10/Mar/2009:08:26:39 -0400] "GET /limerick/naut199.html HTTP/1.0" 200 34481 "-" "SimilarPages/Nutch-1.0-dev (SimilarPages Nutch Crawler; http://www.similarpages.com; info at similarpages dot com)"
174.129.152.153 - - [10/Mar/2009:08:26:46 -0400] "GET /limerick/nice599.html HTTP/1.0" 200 26033 "-" "SimilarPages/Nutch-1.0-dev (SimilarPages Nutch Crawler; http://www.similarpages.com; info at similarpages dot com)"
174.129.152.153 - - [10/Mar/2009:08:27:03 -0400] "GET /haiku/haiku.html HTTP/1.0" 200 2147 "-" "SimilarPages/Nutch-1.0-dev (SimilarPages Nutch Crawler; http://www.similarpages.com; info at similarpages dot com)"
174.129.152.153 - - [10/Mar/2009:08:28:08 -0400] "GET /limerick/naut399.html HTTP/1.0" 200 38217 "-" "SimilarPages/Nutch-1.0-dev (SimilarPages Nutch Crawler; http://www.similarpages.com; info at similarpages dot com)"
174.129.152.153 - - [10/Mar/2009:08:29:03 -0400] "GET /limerick/brady/brady99.html HTTP/1.0" 200 7546 "-" "SimilarPages/Nutch-1.0-dev (SimilarPages Nutch Crawler; http://www.similarpages.com; info at similarpages dot com)"
174.129.152.153 - - [10/Mar/2009:08:29:05 -0400] "GET /limerick/brady/brady98.html HTTP/1.0" 200 8297 "-" "SimilarPages/Nutch-1.0-dev (SimilarPages Nutch Crawler; http://www.similarpages.com; info at similarpages dot com)"
174.129.152.153 - - [10/Mar/2009:08:29:10 -0400] "GET /limerick/brady/brady97.html HTTP/1.0" 200 10474 "-" "SimilarPages/Nutch-1.0-dev (SimilarPages Nutch Crawler; http://www.similarpages.com; info at similarpages dot com)"
174.129.152.153 - - [10/Mar/2009:08:29:15 -0400] "GET /limerick/brady/brady96.html HTTP/1.0" 200 6418 "-" "SimilarPages/Nutch-1.0-dev (SimilarPages Nutch Crawler; http://www.similarpages.com; info at similarpages dot com)"
174.129.152.153 - - [10/Mar/2009:08:29:31 -0400] "GET /limerick/naut599.html HTTP/1.0" 200 21235 "-" "SimilarPages/Nutch-1.0-dev (SimilarPages Nutch Crawler; http://www.similarpages.com; info at similarpages dot com)"
174.129.152.153 - - [10/Mar/2009:08:31:36 -0400] "GET /limerick/nice299.html HTTP/1.0" 200 28130 "-" "SimilarPages/Nutch-1.0-dev (SimilarPages Nutch Crawler; http://www.similarpages.com; info at similarpages dot com)"
174.129.152.153 - - [10/Mar/2009:08:32:33 -0400] "GET /limerick/brady/brady1.html HTTP/1.0" 200 4493 "-" "SimilarPages/Nutch-1.0-dev (SimilarPages Nutch Crawler; http://www.similarpages.com; info at similarpages dot com)"
174.129.152.153 - - [10/Mar/2009:08:32:54 -0400] "GET /limerick/nice499.html HTTP/1.0" 200 24193 "-" "SimilarPages/Nutch-1.0-dev (SimilarPages Nutch Crawler; http://www.similarpages.com; info at similarpages dot com)"
66.249.65.230 - - [10/Mar/2009:08:33:20 -0400] "GET /robots.txt HTTP/1.1" 404 693 "-" "DoCoMo/2.0 N905i(c100;TB;W24H16) (compatible; Googlebot-Mobile/2.1; +http://www.google.com/bot.html)"
66.249.65.230 - - [10/Mar/2009:08:33:20 -0400] "GET /haiku/haiku.html HTTP/1.1" 200 2147 "-" "DoCoMo/2.0 N905i(c100;TB;W24H16) (compatible; Googlebot-Mobile/2.1; +http://www.google.com/bot.html)"
72.30.142.226 - - [10/Mar/2009:08:54:22 -0400] "GET /robots.txt HTTP/1.0" 404 693 "-" "Mozilla/5.0 (compatible; Yahoo! Slurp; http://help.yahoo.com/help/us/ysearch/slurp)"
72.30.142.226 - - [10/Mar/2009:08:54:26 -0400] "GET /SlurpConfirm404/lloydr/sam/pjs_vb.htm HTTP/1.0" 404 693 "-" "Mozilla/5.0 (compatible; Yahoo! Slurp/3.0; http://help.yahoo.com/help/us/ysearch/slurp)"
66.249.65.232 - - [10/Mar/2009:10:09:18 -0400] "GET /fiction/fict499.html HTTP/1.1" 200 12868 "-" "DoCoMo/2.0 N905i(c100;TB;W24H16) (compatible; Googlebot-Mobile/2.1; +http://www.google.com/bot.html)"
66.249.65.242 - - [10/Mar/2009:10:22:11 -0400] "GET /limerick/1995/nautjuly.html HTTP/1.1" 200 3106 "-" "DoCoMo/2.0 N905i(c100;TB;W24H16) (compatible; Googlebot-Mobile/2.1; +http://www.google.com/bot.html)"
66.249.65.241 - - [10/Mar/2009:10:30:35 -0400] "GET /limerick/1998/lim1998.html HTTP/1.1" 200 2041 "-" "DoCoMo/2.0 N905i(c100;TB;W24H16) (compatible; Googlebot-Mobile/2.1; +http://www.google.com/bot.html)"
66.249.65.226 - - [10/Mar/2009:10:30:40 -0400] "GET /limerick/1995/niceaug.html HTTP/1.1" 200 4489 "-" "DoCoMo/2.0 N905i(c100;TB;W24H16) (compatible; Googlebot-Mobile/2.1; +http://www.google.com/bot.html)"
66.249.65.231 - - [10/Mar/2009:10:30:44 -0400] "GET /limerick/1995/nautmay.html HTTP/1.1" 200 4260 "-" "DoCoMo/2.0 N905i(c100;TB;W24H16) (compatible; Googlebot-Mobile/2.1; +http://www.google.com/bot.html)"
66.249.65.241 - - [10/Mar/2009:10:31:10 -0400] "GET /fiction/fict98/fict98.html HTTP/1.1" 200 1540 "-" "DoCoMo/2.0 N905i(c100;TB;W24H16) (compatible; Googlebot-Mobile/2.1; +http://www.google.com/bot.html)"
66.249.65.229 - - [10/Mar/2009:10:36:45 -0400] "GET /haiku/1995/haikujun.html HTTP/1.1" 200 2332 "-" "DoCoMo/2.0 N905i(c100;TB;W24H16) (compatible; Googlebot-Mobile/2.1; +http://www.google.com/bot.html)"
66.249.65.225 - - [10/Mar/2009:10:37:06 -0400] "GET /fiction/fict97/fict97.html HTTP/1.1" 200 1536 "-" "DoCoMo/2.0 N905i(c100;TB;W24H16) (compatible; Googlebot-Mobile/2.1; +http://www.google.com/bot.html)"
64.1.215.164 - - [10/Mar/2009:10:37:54 -0400] "GET /robots.txt HTTP/1.0" 404 693 "-" "Mozilla/5.0 (Twiceler-0.9 http://www.cuil.com/twiceler/robot.html)"
81.165.118.28 - - [10/Mar/2009:10:38:31 -0400] "GET /fiction/novels/peak2.html HTTP/1.1" 200 15955 "-" "User-Agent: Mozilla/4.0 (compatible; MSIE 7.0; Windows NT 5.1; .NET CLR 1.1.4322)"
66.249.65.239 - - [10/Mar/2009:10:43:21 -0400] "GET /fiction/fict97/fict997.html HTTP/1.1" 200 4230 "-" "DoCoMo/2.0 N905i(c100;TB;W24H16) (compatible; Googlebot-Mobile/2.1; +http://www.google.com/bot.html)"
66.249.65.232 - - [10/Mar/2009:10:52:41 -0400] "GET /haiku/1997/haik1297.html HTTP/1.1" 200 22956 "-" "DoCoMo/2.0 N905i(c100;TB;W24H16) (compatible; Googlebot-Mobile/2.1; +http://www.google.com/bot.html)"
66.249.65.231 - - [10/Mar/2009:10:53:11 -0400] "GET /limerick/1995/nautnov.html HTTP/1.1" 200 13933 "-" "DoCoMo/2.0 N905i(c100;TB;W24H16) (compatible; Googlebot-Mobile/2.1; +http://www.google.com/bot.html)"
209.204.96.142 - - [10/Mar/2009:10:54:43 -0400] "GET /fiction/novels/parkey.html HTTP/1.1" 200 25723 "http://www.google.com/search?hl=en&safe=active&q=the+mysterious+life+of+twin&btnG=Search" "Mozilla/5.0 (Macintosh; U; PPC Mac OS X Mach-O; en-US; rv:1.8.0.4) Gecko/20060508 Firefox/1.5.0.4"
66.249.65.241 - - [10/Mar/2009:10:58:07 -0400] "GET /limerick/1997/naut797.html HTTP/1.1" 200 22034 "-" "DoCoMo/2.0 N905i(c100;TB;W24H16) (compatible; Googlebot-Mobile/2.1; +http://www.google.com/bot.html)"
66.249.65.237 - - [10/Mar/2009:10:58:11 -0400] "GET /limerick/1997/nice297.html HTTP/1.1" 200 16613 "-" "DoCoMo/2.0 N905i(c100;TB;W24H16) (compatible; Googlebot-Mobile/2.1; +http://www.google.com/bot.html)"
66.249.65.225 - - [10/Mar/2009:10:58:16 -0400] "GET /limerick/1996/bestnaut.html HTTP/1.1" 200 19352 "-" "DoCoMo/2.0 N905i(c100;TB;W24H16) (compatible; Googlebot-Mobile/2.1; +http://www.google.com/bot.html)"
83.167.62.171 - - [10/Mar/2009:11:12:19 -0400] "GET /robots.txt HTTP/1.1" 404 693 "-" "Mozilla/5.0 (compatible; Exabot/3.0; +http://www.exabot.com/go/robot)"
83.167.62.171 - - [10/Mar/2009:11:12:19 -0400] "GET /gifs/pastheaders.html HTTP/1.1" 200 1264 "-" "Mozilla/5.0 (compatible; Exabot/3.0; +http://www.exabot.com/go/robot)"
66.249.65.232 - - [10/Mar/2009:11:15:04 -0400] "GET /haiku/1998/haik1998.html HTTP/1.1" 200 2178 "-" "DoCoMo/2.0 N905i(c100;TB;W24H16) (compatible; Googlebot-Mobile/2.1; +http://www.google.com/bot.html)"
66.249.65.231 - - [10/Mar/2009:11:19:34 -0400] "GET /limerick/1995/bestnice.html HTTP/1.1" 200 6154 "-" "DoCoMo/2.0 N905i(c100;TB;W24H16) (compatible; Googlebot-Mobile/2.1; +http://www.google.com/bot.html)"
66.249.65.232 - - [10/Mar/2009:11:19:39 -0400] "GET /limerick/1997/nice1197.html HTTP/1.1" 200 19541 "-" "DoCoMo/2.0 N905i(c100;TB;W24H16) (compatible; Googlebot-Mobile/2.1; +http://www.google.com/bot.html)"
66.249.65.241 - - [10/Mar/2009:11:23:00 -0400] "GET /limerick/brady/brady97.html HTTP/1.1" 200 10474 "-" "DoCoMo/2.0 N905i(c100;TB;W24H16) (compatible; Googlebot-Mobile/2.1; +http://www.google.com/bot.html)"
65.110.114.100 - - [10/Mar/2009:11:26:24 -0400] "GET /limerick/nice299.html HTTP/1.1" 200 28130 "http://www.google.com/search?hl=en&q=funny+clean+limericks&revid=205267849&ei=Koa2SZSAAoqhtwflh520CQ&sa=X&oi=revisions_inline&resnum=0&ct=broad-revision&cd=2" "Mozilla/4.0 (compatible; MSIE 7.0; Windows NT 5.1; .NET CLR 2.0.50727; .NET CLR 1.1.4322; .NET CLR 3.0.04506.30; .NET CLR 3.0.04506.648)"
193.62.5.215 - - [10/Mar/2009:11:28:58 -0400] "GET /limerick/nice299.html HTTP/1.1" 200 28130 "http://www.google.co.uk/search?q=clean+limericks&btnG=Search&hl=en&client=firefox-a&rls=org.mozilla%3Aen-GB%3Aofficial&hs=csN&sa=2" "Mozilla/5.0 (Windows; U; Windows NT 6.0; en-GB; rv:1.9.0.7) Gecko/2009021910 Firefox/3.0.7"
193.62.5.215 - - [10/Mar/2009:11:28:59 -0400] "GET /gifs/birdumb2.gif HTTP/1.1" 200 4698 "http://www.toastpoint.com/limerick/nice299.html" "Mozilla/5.0 (Windows; U; Windows NT 6.0; en-GB; rv:1.9.0.7) Gecko/2009021910 Firefox/3.0.7"
193.62.5.215 - - [10/Mar/2009:11:28:59 -0400] "GET /gifs/goldstar.jpg HTTP/1.1" 200 1854 "http://www.toastpoint.com/limerick/nice299.html" "Mozilla/5.0 (Windows; U; Windows NT 6.0; en-GB; rv:1.9.0.7) Gecko/2009021910 Firefox/3.0.7"
193.62.5.215 - - [10/Mar/2009:11:28:59 -0400] "GET /gifs/birdumb.gif HTTP/1.1" 200 4704 "http://www.toastpoint.com/limerick/nice299.html" "Mozilla/5.0 (Windows; U; Windows NT 6.0; en-GB; rv:1.9.0.7) Gecko/2009021910 Firefox/3.0.7"
193.62.5.215 - - [10/Mar/2009:11:29:00 -0400] "GET /favicon.ico HTTP/1.1" 404 693 "-" "Mozilla/5.0 (Windows; U; Windows NT 6.0; en-GB; rv:1.9.0.7) Gecko/2009021910 Firefox/3.0.7"
193.62.5.215 - - [10/Mar/2009:11:29:03 -0400] "GET /favicon.ico HTTP/1.1" 404 693 "-" "Mozilla/5.0 (Windows; U; Windows NT 6.0; en-GB; rv:1.9.0.7) Gecko/2009021910 Firefox/3.0.7"
66.249.65.241 - - [10/Mar/2009:11:30:57 -0400] "GET /fiction/fict97/fict697.html HTTP/1.1" 200 13490 "-" "DoCoMo/2.0 N905i(c100;TB;W24H16) (compatible; Googlebot-Mobile/2.1; +http://www.google.com/bot.html)"
66.249.65.226 - - [10/Mar/2009:11:33:22 -0400] "GET /haiku/1997/haik1997.html HTTP/1.1" 200 2138 "-" "DoCoMo/2.0 N905i(c100;TB;W24H16) (compatible; Googlebot-Mobile/2.1; +http://www.google.com/bot.html)"
66.249.65.241 - - [10/Mar/2009:11:35:48 -0400] "GET /limerick/brady/brady96.html HTTP/1.1" 200 6418 "-" "DoCoMo/2.0 N905i(c100;TB;W24H16) (compatible; Googlebot-Mobile/2.1; +http://www.google.com/bot.html)"
66.249.65.226 - - [10/Mar/2009:11:35:59 -0400] "GET /limerick/1995/nicejuly.html HTTP/1.1" 200 1086 "-" "DoCoMo/2.0 N905i(c100;TB;W24H16) (compatible; Googlebot-Mobile/2.1; +http://www.google.com/bot.html)"
66.249.65.244 - - [10/Mar/2009:11:41:52 -0400] "GET /robots.txt HTTP/1.1" 404 693 "-" "DoCoMo/2.0 N905i(c100;TB;W24H16) (compatible; Googlebot-Mobile/2.1; +http://www.google.com/bot.html)"
66.249.65.244 - - [10/Mar/2009:11:41:52 -0400] "GET /fiction/fict299.html HTTP/1.1" 200 38635 "-" "DoCoMo/2.0 N905i(c100;TB;W24H16) (compatible; Googlebot-Mobile/2.1; +http://www.google.com/bot.html)"
66.249.65.242 - - [10/Mar/2009:11:48:12 -0400] "GET /fiction/novels/peak.html HTTP/1.1" 200 2410 "-" "DoCoMo/2.0 N905i(c100;TB;W24H16) (compatible; Googlebot-Mobile/2.1; +http://www.google.com/bot.html)"
65.254.5.2 - - [10/Mar/2009:11:50:23 -0400] "GET /limerick/nice299.html HTTP/1.0" 200 28130 "http://www.google.com/search?hl=en&rls=com.microsoft:*:IE-SearchBox&rlz=1I7DMUS&q=funny+clean+limericks&revid=418119304&ei=64q2SdTrG83dtgeklfSwCQ&sa=X&oi=revisions_inline&resnum=0&ct=broad-revision&cd=2" "Mozilla/4.0 (compatible; MSIE 7.0; Windows NT 6.0; SLCC1; .NET CLR 2.0.50727; .NET CLR 3.0.04506; Tablet PC 2.0)"
65.254.5.2 - - [10/Mar/2009:11:50:23 -0400] "GET /gifs/birdumb2.gif HTTP/1.0" 200 4698 "http://www.toastpoint.com/limerick/nice299.html" "Mozilla/4.0 (compatible; MSIE 7.0; Windows NT 6.0; SLCC1; .NET CLR 2.0.50727; .NET CLR 3.0.04506; Tablet PC 2.0)"
65.254.5.2 - - [10/Mar/2009:11:50:23 -0400] "GET /gifs/birdumb.gif HTTP/1.0" 200 4704 "http://www.toastpoint.com/limerick/nice299.html" "Mozilla/4.0 (compatible; MSIE 7.0; Windows NT 6.0; SLCC1; .NET CLR 2.0.50727; .NET CLR 3.0.04506; Tablet PC 2.0)"
65.254.5.2 - - [10/Mar/2009:11:50:24 -0400] "GET /gifs/goldstar.jpg HTTP/1.0" 200 1854 "http://www.toastpoint.com/limerick/nice299.html" "Mozilla/4.0 (compatible; MSIE 7.0; Windows NT 6.0; SLCC1; .NET CLR 2.0.50727; .NET CLR 3.0.04506; Tablet PC 2.0)"
65.254.5.2 - - [10/Mar/2009:11:50:25 -0400] "GET /favicon.ico HTTP/1.0" 404 693 "-" "Mozilla/4.0 (compatible; MSIE 7.0; Windows NT 6.0; SLCC1; .NET CLR 2.0.50727; .NET CLR 3.0.04506; Tablet PC 2.0)"
66.249.65.240 - - [10/Mar/2009:11:51:24 -0400] "GET /limerick/nice599.html HTTP/1.1" 200 26033 "-" "DoCoMo/2.0 N905i(c100;TB;W24H16) (compatible; Googlebot-Mobile/2.1; +http://www.google.com/bot.html)"
64.207.254.254 - - [10/Mar/2009:11:52:55 -0400] "GET /limerick/nice299.html HTTP/1.1" 200 28130 "http://www.google.com/search?hl=en&q=clean+limericks&aq=f&oq=" "Mozilla/4.0 (compatible; MSIE 7.0; Windows NT 5.1)"
64.207.254.254 - - [10/Mar/2009:11:52:56 -0400] "GET /gifs/birdumb2.gif HTTP/1.1" 200 4698 "http://www.toastpoint.com/limerick/nice299.html" "Mozilla/4.0 (compatible; MSIE 7.0; Windows NT 5.1)"
64.207.254.254 - - [10/Mar/2009:11:52:56 -0400] "GET /gifs/birdumb.gif HTTP/1.1" 200 4704 "http://www.toastpoint.com/limerick/nice299.html" "Mozilla/4.0 (compatible; MSIE 7.0; Windows NT 5.1)"
64.207.254.254 - - [10/Mar/2009:11:52:56 -0400] "GET /gifs/goldstar.jpg HTTP/1.1" 200 1854 "http://www.toastpoint.com/limerick/nice299.html" "Mozilla/4.0 (compatible; MSIE 7.0; Windows NT 5.1)"
64.207.254.254 - - [10/Mar/2009:11:52:56 -0400] "GET /favicon.ico HTTP/1.1" 404 693 "-" "Mozilla/4.0 (compatible; MSIE 7.0; Windows NT 5.1)"
66.249.65.244 - - [10/Mar/2009:11:53:07 -0400] "GET /limerick/naut599.html HTTP/1.1" 200 21235 "-" "DoCoMo/2.0 N905i(c100;TB;W24H16) (compatible; Googlebot-Mobile/2.1; +http://www.google.com/bot.html)"
83.167.62.171 - - [10/Mar/2009:11:53:30 -0400] "GET /haiku/1996/haik1996.html HTTP/1.1" 200 1887 "-" "Mozilla/5.0 (compatible; Exabot/3.0; +http://www.exabot.com/go/robot)"
216.102.79.181 - - [10/Mar/2009:11:54:22 -0400] "GET /limerick/nice299.html HTTP/1.1" 200 28130 "http://www.google.com/search?client=safari&rls=en&q=clean+limerick&ie=UTF-8&oe=UTF-8" "Mozilla/5.0 (Macintosh; U; Intel Mac OS X 10_4_11; en) AppleWebKit/525.27.1 (KHTML, like Gecko) Version/3.2.1 Safari/525.27.1"
96.54.9.60 - - [10/Mar/2009:11:57:41 -0400] "GET /limerick/1995/nautnov.html HTTP/1.1" 200 13933 "http://www.google.com/search?sourceid=navclient&ie=UTF-8&rlz=1T4GGLL_en&q=horney+woman+lymric" "Mozilla/4.0 (compatible; MSIE 7.0; Windows NT 6.0; WOW64; GTB5; SLCC1; .NET CLR 2.0.50727; .NET CLR 3.0.04506; Media Center PC 5.0; eSobiSubscriber 2.0.4.16; InfoPath.2)"
96.54.9.60 - - [10/Mar/2009:11:57:42 -0400] "GET /gifs/goldstar.jpg HTTP/1.1" 200 1854 "http://www.toastpoint.com/limerick/1995/nautnov.html" "Mozilla/4.0 (compatible; MSIE 7.0; Windows NT 6.0; WOW64; GTB5; SLCC1; .NET CLR 2.0.50727; .NET CLR 3.0.04506; Media Center PC 5.0; eSobiSubscriber 2.0.4.16; InfoPath.2)"
96.54.9.60 - - [10/Mar/2009:11:57:42 -0400] "GET /favicon.ico HTTP/1.1" 404 693 "-" "Mozilla/4.0 (compatible; MSIE 7.0; Windows NT 6.0; WOW64; GTB5; SLCC1; .NET CLR 2.0.50727; .NET CLR 3.0.04506; Media Center PC 5.0; eSobiSubscriber 2.0.4.16; InfoPath.2)"
66.249.65.237 - - [10/Mar/2009:11:57:59 -0400] "GET /limerick/nice499.html HTTP/1.1" 200 24193 "-" "DoCoMo/2.0 N905i(c100;TB;W24H16) (compatible; Googlebot-Mobile/2.1; +http://www.google.com/bot.html)"
66.249.65.233 - - [10/Mar/2009:11:58:08 -0400] "GET /fiction/fict199.html HTTP/1.1" 200 21503 "-" "DoCoMo/2.0 N905i(c100;TB;W24H16) (compatible; Googlebot-Mobile/2.1; +http://www.google.com/bot.html)"
66.249.65.233 - - [10/Mar/2009:12:00:59 -0400] "GET /fiction/fict499.html HTTP/1.1" 200 12868 "-" "DoCoMo/2.0 N905i(c100;TB;W24H16) (compatible; Googlebot-Mobile/2.1; +http://www.google.com/bot.html)"
66.249.65.237 - - [10/Mar/2009:12:04:07 -0400] "GET /limerick/nice399.html HTTP/1.1" 200 31092 "-" "DoCoMo/2.0 N905i(c100;TB;W24H16) (compatible; Googlebot-Mobile/2.1; +http://www.google.com/bot.html)"
66.249.65.233 - - [10/Mar/2009:12:04:09 -0400] "GET /limerick/nice299.html HTTP/1.1" 200 28130 "-" "DoCoMo/2.0 N905i(c100;TB;W24H16) (compatible; Googlebot-Mobile/2.1; +http://www.google.com/bot.html)"
66.249.65.233 - - [10/Mar/2009:12:04:22 -0400] "GET /limerick/docs/formhint.html HTTP/1.1" 200 2522 "-" "DoCoMo/2.0 N905i(c100;TB;W24H16) (compatible; Googlebot-Mobile/2.1; +http://www.google.com/bot.html)"
66.249.65.241 - - [10/Mar/2009:12:09:18 -0400] "GET /fiction/fict599.html HTTP/1.1" 200 7512 "-" "DoCoMo/2.0 N905i(c100;TB;W24H16) (compatible; Googlebot-Mobile/2.1; +http://www.google.com/bot.html)"
66.249.65.239 - - [10/Mar/2009:12:11:25 -0400] "GET /fiction/fict399.html HTTP/1.1" 200 27729 "-" "DoCoMo/2.0 N905i(c100;TB;W24H16) (compatible; Googlebot-Mobile/2.1; +http://www.google.com/bot.html)"
66.249.65.242 - - [10/Mar/2009:12:11:49 -0400] "GET /limerick/naut399.html HTTP/1.1" 200 38217 "-" "DoCoMo/2.0 N905i(c100;TB;W24H16) (compatible; Googlebot-Mobile/2.1; +http://www.google.com/bot.html)"
66.249.65.241 - - [10/Mar/2009:12:13:08 -0400] "GET /limerick/naut499.html HTTP/1.1" 200 38163 "-" "DoCoMo/2.0 N905i(c100;TB;W24H16) (compatible; Googlebot-Mobile/2.1; +http://www.google.com/bot.html)"
66.249.65.225 - - [10/Mar/2009:12:13:51 -0400] "GET /limerick/nice199.html HTTP/1.1" 200 25313 "-" "DoCoMo/2.0 N905i(c100;TB;W24H16) (compatible; Googlebot-Mobile/2.1; +http://www.google.com/bot.html)"
66.249.65.231 - - [10/Mar/2009:12:14:27 -0400] "GET /limerick/naut299.html HTTP/1.1" 200 23095 "-" "DoCoMo/2.0 N905i(c100;TB;W24H16) (compatible; Googlebot-Mobile/2.1; +http://www.google.com/bot.html)"
66.249.65.227 - - [10/Mar/2009:12:15:22 -0400] "GET /limerick/naut199.html HTTP/1.1" 200 34481 "-" "DoCoMo/2.0 N905i(c100;TB;W24H16) (compatible; Googlebot-Mobile/2.1; +http://www.google.com/bot.html)"
66.249.65.228 - - [10/Mar/2009:12:16:25 -0400] "GET /limerick/nice499.html HTTP/1.1" 200 24193 "-" "DoCoMo/2.0 N905i(c100;TB;W24H16) (compatible; Googlebot-Mobile/2.1; +http://www.google.com/bot.html)"
66.249.65.239 - - [10/Mar/2009:12:27:31 -0400] "GET /limerick/1995/1995.html HTTP/1.1" 200 1428 "-" "DoCoMo/2.0 N905i(c100;TB;W24H16) (compatible; Googlebot-Mobile/2.1; +http://www.google.com/bot.html)"
66.249.65.239 - - [10/Mar/2009:12:27:39 -0400] "GET /limerick/1997/naut697.html HTTP/1.1" 200 24732 "-" "DoCoMo/2.0 N905i(c100;TB;W24H16) (compatible; Googlebot-Mobile/2.1; +http://www.google.com/bot.html)"
66.249.65.227 - - [10/Mar/2009:12:47:31 -0400] "GET /limerick/1995/nicesept.html HTTP/1.1" 200 3676 "-" "DoCoMo/2.0 N905i(c100;TB;W24H16) (compatible; Googlebot-Mobile/2.1; +http://www.google.com/bot.html)"
216.183.81.221 - - [10/Mar/2009:12:50:21 -0400] "GET / HTTP/1.1" 304 - "-" "Wget/1.10.2"
216.183.81.221 - - [10/Mar/2009:12:50:23 -0400] "GET /robots.txt HTTP/1.1" 404 693 "-" "Wget/1.10.2"
216.183.81.221 - - [10/Mar/2009:12:50:23 -0400] "HEAD /toastpointtopleft.html HTTP/1.1" 200 - "http://www.toastpoint.com/" "Wget/1.10.2"
216.183.81.221 - - [10/Mar/2009:12:50:24 -0400] "HEAD /toastpointtoc.html HTTP/1.1" 200 - "http://www.toastpoint.com/" "Wget/1.10.2"
216.183.81.221 - - [10/Mar/2009:12:50:24 -0400] "HEAD /news.html HTTP/1.1" 200 - "http://www.toastpoint.com/" "Wget/1.10.2"
216.183.81.221 - - [10/Mar/2009:12:50:24 -0400] "HEAD /toastpointtopright.html HTTP/1.1" 200 - "http://www.toastpoint.com/" "Wget/1.10.2"
216.183.81.221 - - [10/Mar/2009:12:50:26 -0400] "HEAD /tpnews.html HTTP/1.1" 200 - "http://www.toastpoint.com/" "Wget/1.10.2"
66.249.65.241 - - [10/Mar/2009:12:57:39 -0400] "GET /fiction/fict9596/fic1296.html HTTP/1.1" 200 7468 "-" "DoCoMo/2.0 N905i(c100;TB;W24H16) (compatible; Googlebot-Mobile/2.1; +http://www.google.com/bot.html)"
83.167.62.171 - - [10/Mar/2009:13:54:01 -0400] "GET /fiction/fict98/fict1098.html HTTP/1.1" 200 61601 "-" "Mozilla/5.0 (compatible; Exabot/3.0; +http://www.exabot.com/go/robot)"
72.30.142.226 - - [10/Mar/2009:14:04:37 -0400] "GET /SlurpConfirm404/cspweb.htm HTTP/1.0" 404 693 "-" "Mozilla/5.0 (compatible; Yahoo! Slurp/3.0; http://help.yahoo.com/help/us/ysearch/slurp)"
69.57.206.252 - - [10/Mar/2009:14:33:38 -0400] "GET / HTTP/1.1" 200 464 "http://www.google.com/search?hl=en&q=what+are+toast+points&aq=f&oq=" "Mozilla/4.0 (compatible; MSIE 7.0; Windows NT 5.1; .NET CLR 1.1.4322)"
69.57.206.252 - - [10/Mar/2009:14:33:44 -0400] "GET /toastpointtopleft.html HTTP/1.1" 200 162 "http://www.toastpoint.com/" "Mozilla/4.0 (compatible; MSIE 7.0; Windows NT 5.1; .NET CLR 1.1.4322)"
69.57.206.252 - - [10/Mar/2009:14:33:44 -0400] "GET /news.html HTTP/1.1" 200 17706 "http://www.toastpoint.com/" "Mozilla/4.0 (compatible; MSIE 7.0; Windows NT 5.1; .NET CLR 1.1.4322)"
69.57.206.252 - - [10/Mar/2009:14:33:44 -0400] "GET /toastpointtoc.html HTTP/1.1" 200 1188 "http://www.toastpoint.com/" "Mozilla/4.0 (compatible; MSIE 7.0; Windows NT 5.1; .NET CLR 1.1.4322)"
69.57.206.252 - - [10/Mar/2009:14:33:44 -0400] "GET /toastpointtopright.html HTTP/1.1" 200 151 "http://www.toastpoint.com/" "Mozilla/4.0 (compatible; MSIE 7.0; Windows NT 5.1; .NET CLR 1.1.4322)"
69.57.206.252 - - [10/Mar/2009:14:33:44 -0400] "GET /tpnews.html HTTP/1.1" 200 8305 "http://www.toastpoint.com/" "Mozilla/4.0 (compatible; MSIE 7.0; Windows NT 5.1; .NET CLR 1.1.4322)"
69.57.206.252 - - [10/Mar/2009:14:33:44 -0400] "GET /gifs/tpwinter20089.jpg HTTP/1.1" 200 28088 "http://www.toastpoint.com/news.html" "Mozilla/4.0 (compatible; MSIE 7.0; Windows NT 5.1; .NET CLR 1.1.4322)"
69.57.206.252 - - [10/Mar/2009:14:33:44 -0400] "GET /favicon.ico HTTP/1.1" 404 693 "-" "Mozilla/4.0 (compatible; MSIE 7.0; Windows NT 5.1; .NET CLR 1.1.4322)"
69.57.206.252 - - [10/Mar/2009:14:34:20 -0400] "GET /bio.html HTTP/1.1" 200 7868 "http://www.toastpoint.com/news.html" "Mozilla/4.0 (compatible; MSIE 7.0; Windows NT 5.1; .NET CLR 1.1.4322)"
69.57.206.252 - - [10/Mar/2009:14:34:20 -0400] "GET /gifs/eric.jpg HTTP/1.1" 200 19411 "http://www.toastpoint.com/bio.html" "Mozilla/4.0 (compatible; MSIE 7.0; Windows NT 5.1; .NET CLR 1.1.4322)"
69.57.206.252 - - [10/Mar/2009:14:34:20 -0400] "GET /gifs/samp.jpg HTTP/1.1" 200 2907 "http://www.toastpoint.com/bio.html" "Mozilla/4.0 (compatible; MSIE 7.0; Windows NT 5.1; .NET CLR 1.1.4322)"
69.57.206.252 - - [10/Mar/2009:14:34:20 -0400] "GET /gifs/mom&dad.jpg HTTP/1.1" 200 6709 "http://www.toastpoint.com/bio.html" "Mozilla/4.0 (compatible; MSIE 7.0; Windows NT 5.1; .NET CLR 1.1.4322)"
69.57.206.252 - - [10/Mar/2009:14:34:20 -0400] "GET /gifs/leopold.jpg HTTP/1.1" 200 38609 "http://www.toastpoint.com/bio.html" "Mozilla/4.0 (compatible; MSIE 7.0; Windows NT 5.1; .NET CLR 1.1.4322)"
66.249.65.228 - - [10/Mar/2009:14:37:58 -0400] "GET /limerick/1998/lim1998.html HTTP/1.1" 200 2041 "-" "DoCoMo/2.0 N905i(c100;TB;W24H16) (compatible; Googlebot-Mobile/2.1; +http://www.google.com/bot.html)"
66.249.65.225 - - [10/Mar/2009:14:44:11 -0400] "GET /fiction/novels/peak.html HTTP/1.1" 200 2410 "-" "DoCoMo/2.0 N905i(c100;TB;W24H16) (compatible; Googlebot-Mobile/2.1; +http://www.google.com/bot.html)"
66.249.65.230 - - [10/Mar/2009:14:44:19 -0400] "GET /fiction/novels/peak2.html HTTP/1.1" 200 15955 "-" "DoCoMo/2.0 N905i(c100;TB;W24H16) (compatible; Googlebot-Mobile/2.1; +http://www.google.com/bot.html)"
66.249.65.234 - - [10/Mar/2009:14:55:54 -0400] "GET /limerick/1995/nicedec.html HTTP/1.1" 200 13251 "-" "DoCoMo/2.0 N905i(c100;TB;W24H16) (compatible; Googlebot-Mobile/2.1; +http://www.google.com/bot.html)"
72.30.142.226 - - [10/Mar/2009:14:55:59 -0400] "GET /SlurpConfirm404/models.htm HTTP/1.0" 404 693 "-" "Mozilla/5.0 (compatible; Yahoo! Slurp/3.0; http://help.yahoo.com/help/us/ysearch/slurp)"
66.249.65.226 - - [10/Mar/2009:14:56:05 -0400] "GET /haiku/1998/haik1998.html HTTP/1.1" 200 2178 "-" "DoCoMo/2.0 N905i(c100;TB;W24H16) (compatible; Googlebot-Mobile/2.1; +http://www.google.com/bot.html)"
66.249.65.227 - - [10/Mar/2009:14:56:08 -0400] "GET /fiction/novels/peak4.html HTTP/1.1" 200 13115 "-" "DoCoMo/2.0 N905i(c100;TB;W24H16) (compatible; Googlebot-Mobile/2.1; +http://www.google.com/bot.html)"
66.249.65.225 - - [10/Mar/2009:14:56:12 -0400] "GET /fiction/novels/peak3.html HTTP/1.1" 200 6906 "-" "DoCoMo/2.0 N905i(c100;TB;W24H16) (compatible; Googlebot-Mobile/2.1; +http://www.google.com/bot.html)"
74.6.30.119 - - [10/Mar/2009:14:59:22 -0400] "GET /haiku/haiku.html HTTP/1.0" 200 2147 "-" "Mozilla/5.0 (compatible; Yahoo! DE Slurp; http://help.yahoo.com/help/us/ysearch/slurp)"
66.249.65.235 - - [10/Mar/2009:15:00:40 -0400] "GET /fiction/novels/parkey.html HTTP/1.1" 200 25723 "-" "DoCoMo/2.0 N905i(c100;TB;W24H16) (compatible; Googlebot-Mobile/2.1; +http://www.google.com/bot.html)"
66.249.65.241 - - [10/Mar/2009:15:03:59 -0400] "GET /haiku/haik1995/1995.html HTTP/1.1" 404 693 "-" "DoCoMo/2.0 N905i(c100;TB;W24H16) (compatible; Googlebot-Mobile/2.1; +http://www.google.com/bot.html)"
71.141.118.25 - - [10/Mar/2009:15:04:18 -0400] "GET /haiku/haiku.html HTTP/1.0" 200 2147 "http://random.yahoo.com/fast/ryl" "webcollage.perl/1.107"
71.141.118.25 - - [10/Mar/2009:15:04:18 -0400] "GET /haiku/haiku.html HTTP/1.0" 200 2147 "http://random.yahoo.com/fast/ryl" "webcollage.perl/1.107"
71.141.118.25 - - [10/Mar/2009:15:04:18 -0400] "GET /haiku/haiku.html HTTP/1.0" 200 2147 "http://random.yahoo.com/fast/ryl" "webcollage.perl/1.107"
71.141.118.25 - - [10/Mar/2009:15:04:18 -0400] "GET /haiku/haiku.html HTTP/1.0" 200 2147 "http://random.yahoo.com/fast/ryl" "webcollage.perl/1.107"
71.141.118.25 - - [10/Mar/2009:15:04:18 -0400] "GET /haiku/haiku.html HTTP/1.0" 200 2147 "http://random.yahoo.com/fast/ryl" "webcollage.perl/1.107"
71.141.118.25 - - [10/Mar/2009:15:04:18 -0400] "GET /haiku/haiku.html HTTP/1.0" 200 2147 "http://random.yahoo.com/fast/ryl" "webcollage.perl/1.107"
71.141.118.25 - - [10/Mar/2009:15:04:18 -0400] "GET /haiku/haiku.html HTTP/1.0" 200 2147 "http://random.yahoo.com/fast/ryl" "webcollage.perl/1.107"
71.141.118.25 - - [10/Mar/2009:15:04:18 -0400] "GET /haiku/haiku.html HTTP/1.0" 200 2147 "http://random.yahoo.com/fast/ryl" "webcollage.perl/1.107"
71.141.118.25 - - [10/Mar/2009:15:04:18 -0400] "GET /haiku/haiku.html HTTP/1.0" 200 2147 "http://random.yahoo.com/fast/ryl" "webcollage.perl/1.107"
71.141.118.25 - - [10/Mar/2009:15:04:18 -0400] "GET /haiku/haiku.html HTTP/1.0" 200 2147 "http://random.yahoo.com/fast/ryl" "webcollage.perl/1.107"
71.141.118.25 - - [10/Mar/2009:15:04:18 -0400] "GET /haiku/haiku.html HTTP/1.0" 200 2147 "http://random.yahoo.com/fast/ryl" "webcollage.perl/1.107"
71.141.118.25 - - [10/Mar/2009:15:04:18 -0400] "GET /haiku/haiku.html HTTP/1.0" 200 2147 "http://random.yahoo.com/fast/ryl" "webcollage.perl/1.107"
67.202.30.224 - - [10/Mar/2009:15:04:18 -0400] "GET /haiku/haiku.html HTTP/1.1" 200 2147 "-" "Java/1.6.0_04"
67.202.30.224 - - [10/Mar/2009:15:04:18 -0400] "GET /haiku/haiku.html HTTP/1.1" 200 2147 "-" "Mozilla/4.0 (compatible; MSIE 6.0; Windows NT 5.1; SV1; .NET CLR 1.1.4322; InfoPath.1)"
71.141.118.25 - - [10/Mar/2009:15:04:18 -0400] "GET /haiku/haiku.html HTTP/1.0" 200 2147 "http://random.yahoo.com/fast/ryl" "webcollage.perl/1.107"
173.22.132.165 - - [10/Mar/2009:15:04:18 -0400] "GET /haiku/haiku.html HTTP/1.0" 200 2147 "http://random.yahoo.com/fast/ryl" "webcollage/1.133"
71.141.118.25 - - [10/Mar/2009:15:04:18 -0400] "GET /haiku/haiku.html HTTP/1.0" 200 2147 "http://random.yahoo.com/fast/ryl" "webcollage.perl/1.107"
71.141.118.25 - - [10/Mar/2009:15:04:18 -0400] "GET /haiku/haiku.html HTTP/1.0" 200 2147 "http://random.yahoo.com/fast/ryl" "webcollage.perl/1.107"
71.141.118.25 - - [10/Mar/2009:15:04:19 -0400] "GET /haiku/haiku.html HTTP/1.0" 200 2147 "http://random.yahoo.com/fast/ryl" "webcollage.perl/1.107"
71.141.118.25 - - [10/Mar/2009:15:04:19 -0400] "GET /haiku/haiku.html HTTP/1.0" 200 2147 "http://random.yahoo.com/fast/ryl" "webcollage.perl/1.107"
173.22.132.165 - - [10/Mar/2009:15:04:19 -0400] "GET /gifs/japan.gif HTTP/1.0" 200 5737 "http://www.toastpoint.com/haiku/haiku.html" "webcollage/1.133"
66.249.65.244 - - [10/Mar/2009:15:04:21 -0400] "GET /limerick/brady/brady1.html HTTP/1.1" 200 4493 "-" "DoCoMo/2.0 N905i(c100;TB;W24H16) (compatible; Googlebot-Mobile/2.1; +http://www.google.com/bot.html)"
66.249.65.240 - - [10/Mar/2009:15:08:28 -0400] "GET /limerick/brady/brady97.html HTTP/1.1" 200 10474 "-" "DoCoMo/2.0 N905i(c100;TB;W24H16) (compatible; Googlebot-Mobile/2.1; +http://www.google.com/bot.html)"
66.249.65.228 - - [10/Mar/2009:15:12:21 -0400] "GET /haiku/1997/haik1997.html HTTP/1.1" 200 2138 "-" "DoCoMo/2.0 N905i(c100;TB;W24H16) (compatible; Googlebot-Mobile/2.1; +http://www.google.com/bot.html)"
66.249.65.244 - - [10/Mar/2009:15:12:34 -0400] "GET /limerick/1997/lim1997.html HTTP/1.1" 200 1925 "-" "DoCoMo/2.0 N905i(c100;TB;W24H16) (compatible; Googlebot-Mobile/2.1; +http://www.google.com/bot.html)"
66.249.65.244 - - [10/Mar/2009:15:20:37 -0400] "GET /haiku/1996/haik1996.html HTTP/1.1" 200 1887 "-" "DoCoMo/2.0 N905i(c100;TB;W24H16) (compatible; Googlebot-Mobile/2.1; +http://www.google.com/bot.html)"
66.249.65.235 - - [10/Mar/2009:15:20:49 -0400] "GET /limerick/brady/brady98.html HTTP/1.1" 200 8297 "-" "DoCoMo/2.0 N905i(c100;TB;W24H16) (compatible; Googlebot-Mobile/2.1; +http://www.google.com/bot.html)"
72.44.54.55 - - [10/Mar/2009:15:30:32 -0400] "GET /robots.txt HTTP/1.0" 404 693 "-" "SimilarPages/Nutch-1.0-dev (SimilarPages Nutch Crawler; http://www.similarpages.com; info at similarpages dot com)"
72.44.54.55 - - [10/Mar/2009:15:30:32 -0400] "GET / HTTP/1.0" 200 464 "-" "SimilarPages/Nutch-1.0-dev (SimilarPages Nutch Crawler; http://www.similarpages.com; info at similarpages dot com)"
72.44.54.55 - - [10/Mar/2009:15:30:47 -0400] "GET /limerick/docs/formhint.html HTTP/1.0" 200 2522 "-" "SimilarPages/Nutch-1.0-dev (SimilarPages Nutch Crawler; http://www.similarpages.com; info at similarpages dot com)"
72.44.54.55 - - [10/Mar/2009:15:35:29 -0400] "GET /limerick/nautfrm.html HTTP/1.0" 200 548 "-" "SimilarPages/Nutch-1.0-dev (SimilarPages Nutch Crawler; http://www.similarpages.com; info at similarpages dot com)"
66.249.65.225 - - [10/Mar/2009:15:36:26 -0400] "GET /limerick/1997/nice297.html HTTP/1.1" 200 16613 "-" "DoCoMo/2.0 N905i(c100;TB;W24H16) (compatible; Googlebot-Mobile/2.1; +http://www.google.com/bot.html)"
208.242.58.125 - - [10/Mar/2009:15:39:18 -0400] "GET /gifs/goldstar.jpg HTTP/1.1" 200 1854 "-" "Mozilla/4.0 (compatible;)"
208.242.58.125 - - [10/Mar/2009:15:39:18 -0400] "GET /gifs/boobies.gif HTTP/1.1" 200 11144 "-" "Mozilla/4.0 (compatible;)"
208.242.58.125 - - [10/Mar/2009:15:39:18 -0400] "GET /gifs/nakedman.gif HTTP/1.1" 200 7734 "-" "Mozilla/4.0 (compatible;)"
208.254.130.235 - - [10/Mar/2009:15:39:18 -0400] "GET /gifs/boobies.gif HTTP/1.1" 200 11144 "http://www.toastpoint.com/limerick/naut199.html" "Mozilla/4.0 (compatible; MSIE 7.0; Windows NT 5.1; GTB5; .NET CLR 1.1.4322; .NET CLR 2.0.50727; InfoPath.1; .NET CLR 3.0.04506.30)"
208.242.58.125 - - [10/Mar/2009:15:39:18 -0400] "GET /limerick/naut199.html HTTP/1.1" 200 34481 "http://www.google.com/search?hl=en&q=there+was+a+young+man+from+trent+limericks&btnG=Search" "Mozilla/4.0 (compatible; MSIE 7.0; Windows NT 5.1; GTB5; .NET CLR 1.1.4322; .NET CLR 2.0.50727; InfoPath.1; .NET CLR 3.0.04506.30)"
208.254.130.235 - - [10/Mar/2009:15:39:18 -0400] "GET /gifs/goldstar.jpg HTTP/1.1" 200 1854 "http://www.toastpoint.com/limerick/naut199.html" "Mozilla/4.0 (compatible; MSIE 7.0; Windows NT 5.1; GTB5; .NET CLR 1.1.4322; .NET CLR 2.0.50727; InfoPath.1; .NET CLR 3.0.04506.30)"
208.242.58.125 - - [10/Mar/2009:15:39:18 -0400] "GET /favicon.ico HTTP/1.1" 404 693 "-" "Mozilla/4.0 (compatible; MSIE 7.0; Windows NT 5.1; GTB5; .NET CLR 1.1.4322; .NET CLR 2.0.50727; InfoPath.1; .NET CLR 3.0.04506.30)"
193.47.80.77 - - [10/Mar/2009:15:40:56 -0400] "GET /haiku/1997/haik1297.html HTTP/1.0" 200 22956 "-" "Mozilla/5.0 (compatible; Konqueror/3.5; Linux) KHTML/3.5.5 (like Gecko) (Exabot-Thumbnails)"
193.47.80.77 - - [10/Mar/2009:15:40:56 -0400] "GET /gifs/ornament.jpg HTTP/1.0" 200 3688 "http://www.toastpoint.com/haiku/1997/haik1297.html" "Mozilla/5.0 (compatible; Konqueror/3.5; Linux) KHTML/3.5.5 (like Gecko) (Exabot-Thumbnails)"
193.47.80.77 - - [10/Mar/2009:15:40:56 -0400] "GET /gifs/goldstar.jpg HTTP/1.0" 200 1854 "http://www.toastpoint.com/haiku/1997/haik1297.html" "Mozilla/5.0 (compatible; Konqueror/3.5; Linux) KHTML/3.5.5 (like Gecko) (Exabot-Thumbnails)"
193.47.80.77 - - [10/Mar/2009:15:40:56 -0400] "GET /gifs/japan.gif HTTP/1.0" 200 5737 "http://www.toastpoint.com/haiku/1997/haik1297.html" "Mozilla/5.0 (compatible; Konqueror/3.5; Linux) KHTML/3.5.5 (like Gecko) (Exabot-Thumbnails)"
193.47.80.45 - - [10/Mar/2009:15:42:24 -0400] "GET /robots.txt HTTP/1.1" 404 693 "-" "Mozilla/5.0 (compatible; Exabot/3.0; +http://www.exabot.com/go/robot)"
193.47.80.45 - - [10/Mar/2009:15:42:25 -0400] "GET / HTTP/1.1" 200 464 "-" "Mozilla/5.0 (compatible; Exabot/3.0; +http://www.exabot.com/go/robot)"
66.249.65.240 - - [10/Mar/2009:15:44:05 -0400] "GET /limerick/1997/nice997.html HTTP/1.1" 200 24299 "-" "DoCoMo/2.0 N905i(c100;TB;W24H16) (compatible; Googlebot-Mobile/2.1; +http://www.google.com/bot.html)"
66.249.65.234 - - [10/Mar/2009:15:44:26 -0400] "GET /fiction/fict98/fictline.html HTTP/1.1" 404 693 "-" "DoCoMo/2.0 N905i(c100;TB;W24H16) (compatible; Googlebot-Mobile/2.1; +http://www.google.com/bot.html)"
66.249.65.239 - - [10/Mar/2009:15:44:36 -0400] "GET /limerick/1997/nice497.html HTTP/1.1" 200 30916 "-" "DoCoMo/2.0 N905i(c100;TB;W24H16) (compatible; Googlebot-Mobile/2.1; +http://www.google.com/bot.html)"
66.249.65.237 - - [10/Mar/2009:15:48:51 -0400] "GET /limerick/1997/nice797.html HTTP/1.1" 200 19339 "-" "DoCoMo/2.0 N905i(c100;TB;W24H16) (compatible; Googlebot-Mobile/2.1; +http://www.google.com/bot.html)"
66.249.65.231 - - [10/Mar/2009:15:48:55 -0400] "GET /limerick/1995/1995.html HTTP/1.1" 200 1428 "-" "DoCoMo/2.0 N905i(c100;TB;W24H16) (compatible; Googlebot-Mobile/2.1; +http://www.google.com/bot.html)"
207.46.92.19 - - [10/Mar/2009:16:03:25 -0400] "GET /gifs/goldstar.jpg HTTP/1.1" 200 1854 "-" "-"
205.154.150.238 - - [10/Mar/2009:16:05:11 -0400] "GET /limerick/1997/nice297.html HTTP/1.0" 200 16613 "http://www.picsearch.com/info.cgi?q=happy%20face%20gifs&id=y7SR2RDxTTWOm0aVOfGy0qHG6AYcH4PrKSfRIWGwVQI&opt=%26cols%3D6%26thumbs%3D18" "Mozilla/5.0 (Macintosh; U; Intel Mac OS X 10_5_3; en-us) AppleWebKit/525.18 (KHTML, like Gecko) Version/3.1.1 Safari/525.20"
