193.252.149.16 - - [13/Dec/2008:00:18:25 -0500] "GET /limerick/naut399.html HTTP/1.1" 200 38217 "-" "Mozilla/5.0 (Windows; U; Windows NT 5.1; fr; rv:1.8.1) VoilaBot BETA 1.2 (support.voilabot@orange-ftgroup.com)"
69.6.103.218 - - [13/Dec/2008:00:38:35 -0500] "GET /limerick/naut199.html HTTP/1.1" 200 34481 "http://www.google.com/search?hl=en&q=naughty+limericks&btnG=Google+Search&aq=f&oq=" "Mozilla/5.0 (Windows; U; Windows NT 5.1; en-US; rv:1.9.0.4) Gecko/2008102920 Firefox/3.0.4"
69.6.103.218 - - [13/Dec/2008:00:38:35 -0500] "GET /gifs/boobies.gif HTTP/1.1" 200 11144 "http://www.toastpoint.com/limerick/naut199.html" "Mozilla/5.0 (Windows; U; Windows NT 5.1; en-US; rv:1.9.0.4) Gecko/2008102920 Firefox/3.0.4"
69.6.103.218 - - [13/Dec/2008:00:38:35 -0500] "GET /gifs/nakedman.gif HTTP/1.1" 200 7734 "http://www.toastpoint.com/limerick/naut199.html" "Mozilla/5.0 (Windows; U; Windows NT 5.1; en-US; rv:1.9.0.4) Gecko/2008102920 Firefox/3.0.4"
69.6.103.218 - - [13/Dec/2008:00:38:35 -0500] "GET /gifs/goldstar.jpg HTTP/1.1" 200 1854 "http://www.toastpoint.com/limerick/naut199.html" "Mozilla/5.0 (Windows; U; Windows NT 5.1; en-US; rv:1.9.0.4) Gecko/2008102920 Firefox/3.0.4"
69.6.103.218 - - [13/Dec/2008:00:38:36 -0500] "GET /favicon.ico HTTP/1.1" 404 693 "-" "Mozilla/5.0 (Windows; U; Windows NT 5.1; en-US; rv:1.9.0.4) Gecko/2008102920 Firefox/3.0.4"
69.6.103.218 - - [13/Dec/2008:00:38:38 -0500] "GET /favicon.ico HTTP/1.1" 404 693 "-" "Mozilla/5.0 (Windows; U; Windows NT 5.1; en-US; rv:1.9.0.4) Gecko/2008102920 Firefox/3.0.4"
193.47.80.45 - - [13/Dec/2008:00:48:05 -0500] "GET /toastpointtoc.html HTTP/1.1" 200 1188 "-" "Mozilla/5.0 (compatible; Exabot/3.0; +http://www.exabot.com/go/robot)"
193.252.149.15 - - [13/Dec/2008:01:04:33 -0500] "GET /limerick/nice199.html HTTP/1.1" 200 25313 "-" "Mozilla/5.0 (Windows; U; Windows NT 5.1; fr; rv:1.8.1) VoilaBot BETA 1.2 (support.voilabot@orange-ftgroup.com)"
66.235.124.8 - - [13/Dec/2008:01:08:20 -0500] "GET /limerick/1997/nice797.html HTTP/1.1" 200 19339 "-" "Mozilla/5.0 (compatible; Ask Jeeves/Teoma; +http://about.ask.com/en/docs/about/webmasters.shtml)"
66.235.124.8 - - [13/Dec/2008:01:43:54 -0500] "GET /fiction/fict97/fict497.html HTTP/1.1" 200 11424 "-" "Mozilla/5.0 (compatible; Ask Jeeves/Teoma; +http://about.ask.com/en/docs/about/webmasters.shtml)"
96.246.60.121 - - [13/Dec/2008:01:45:05 -0500] "GET /fiction/fict98/fict498.html HTTP/1.1" 200 24373 "-" "User-Agent: Mozilla/4.0 (compatible; MSIE 7.0; Windows NT 6.0; SLCC1; .NET CLR 2.0.50727; .NET CLR 3.0.04506)"
193.47.80.45 - - [13/Dec/2008:01:52:59 -0500] "GET /limerick/1995/nautdec.html HTTP/1.1" 200 30430 "-" "Mozilla/5.0 (compatible; Exabot/3.0; +http://www.exabot.com/go/robot)"
12.208.103.123 - - [13/Dec/2008:02:41:07 -0500] "GET /gifs/japan.gif HTTP/1.1" 200 5737 "http://www.toastpoint.com/haiku/haiku299.html" "Mozilla/5.0 (Windows; U; Windows NT 5.1; en-US; rv:1.8.1.18) Gecko/20081029 Firefox/2.0.0.18"
12.208.103.123 - - [13/Dec/2008:02:41:07 -0500] "GET /gifs/goldstar.jpg HTTP/1.1" 200 1854 "http://www.toastpoint.com/haiku/haiku299.html" "Mozilla/5.0 (Windows; U; Windows NT 5.1; en-US; rv:1.8.1.18) Gecko/20081029 Firefox/2.0.0.18"
12.208.103.123 - - [13/Dec/2008:02:41:06 -0500] "GET /haiku/haiku299.html HTTP/1.1" 200 68017 "http://www.google.com/search?client=firefox-a&rls=org.mozilla%3Aen-US%3Aofficial&channel=s&hl=en&q=spencer+dirks&btnG=Google+Search" "Mozilla/5.0 (Windows; U; Windows NT 5.1; en-US; rv:1.8.1.18) Gecko/20081029 Firefox/2.0.0.18"
12.208.103.123 - - [13/Dec/2008:02:41:07 -0500] "GET /gifs/blank.jpg HTTP/1.1" 200 705 "http://www.toastpoint.com/haiku/haiku299.html" "Mozilla/5.0 (Windows; U; Windows NT 5.1; en-US; rv:1.8.1.18) Gecko/20081029 Firefox/2.0.0.18"
12.208.103.123 - - [13/Dec/2008:02:41:07 -0500] "GET /favicon.ico HTTP/1.1" 404 693 "-" "Mozilla/5.0 (Windows; U; Windows NT 5.1; en-US; rv:1.8.1.18) Gecko/20081029 Firefox/2.0.0.18"
124.115.1.66 - - [13/Dec/2008:02:45:28 -0500] "GET / HTTP/1.1" 200 464 "http://www.toastpoint.com/" "Mozilla/4.0 (compatible; MSIE 6.0; Windows NT 5.1)"
124.115.1.66 - - [13/Dec/2008:02:45:39 -0500] "GET /toastpointtopleft.html HTTP/1.1" 200 162 "http://www.toastpoint.com/toastpointtopleft.html" "Mozilla/4.0 (compatible; MSIE 6.0; Windows NT 5.1)"
124.115.1.66 - - [13/Dec/2008:02:45:40 -0500] "GET /toastpointtoc.html HTTP/1.1" 200 1188 "http://www.toastpoint.com/toastpointtoc.html" "Mozilla/4.0 (compatible; MSIE 6.0; Windows NT 5.1)"
124.115.1.66 - - [13/Dec/2008:02:45:41 -0500] "GET /news.html HTTP/1.1" 200 17577 "http://www.toastpoint.com/news.html" "Mozilla/4.0 (compatible; MSIE 6.0; Windows NT 5.1)"
124.115.1.66 - - [13/Dec/2008:02:45:46 -0500] "GET /toastpointtopright.html HTTP/1.1" 200 151 "http://www.toastpoint.com/toastpointtopright.html" "Mozilla/4.0 (compatible; MSIE 6.0; Windows NT 5.1)"
124.115.1.66 - - [13/Dec/2008:02:45:46 -0500] "GET /tpnews.html HTTP/1.1" 200 8004 "http://www.toastpoint.com/tpnews.html" "Mozilla/4.0 (compatible; MSIE 6.0; Windows NT 5.1)"
193.252.149.15 - - [13/Dec/2008:02:58:10 -0500] "GET /limerick/1996/lim1996.html HTTP/1.1" 200 2072 "-" "Mozilla/5.0 (Windows; U; Windows NT 5.1; fr; rv:1.8.1) VoilaBot BETA 1.2 (support.voilabot@orange-ftgroup.com)"
193.252.149.15 - - [13/Dec/2008:03:07:35 -0500] "GET /haiku/ HTTP/1.1" 403 563 "-" "Mozilla/5.0 (Windows; U; Windows NT 5.1; fr; rv:1.8.1) VoilaBot BETA 1.2 (support.voilabot@orange-ftgroup.com)"
124.115.10.193 - - [13/Dec/2008:03:19:12 -0500] "GET / HTTP/1.1" 200 464 "http://www.toastpoint.com/" "Mozilla/4.0 (compatible; MSIE 6.0; Windows NT 5.1)"
124.115.10.193 - - [13/Dec/2008:03:19:25 -0500] "GET /toastpointtopleft.html HTTP/1.1" 200 162 "http://www.toastpoint.com/toastpointtopleft.html" "Mozilla/4.0 (compatible; MSIE 6.0; Windows NT 5.1)"
124.115.10.193 - - [13/Dec/2008:03:19:27 -0500] "GET /toastpointtoc.html HTTP/1.1" 200 1188 "http://www.toastpoint.com/toastpointtoc.html" "Mozilla/4.0 (compatible; MSIE 6.0; Windows NT 5.1)"
124.115.10.193 - - [13/Dec/2008:03:19:30 -0500] "GET /news.html HTTP/1.1" 200 17577 "http://www.toastpoint.com/news.html" "Mozilla/4.0 (compatible; MSIE 6.0; Windows NT 5.1)"
124.115.10.193 - - [13/Dec/2008:03:19:33 -0500] "GET /toastpointtopright.html HTTP/1.1" 200 151 "http://www.toastpoint.com/toastpointtopright.html" "Mozilla/4.0 (compatible; MSIE 6.0; Windows NT 5.1)"
124.115.10.193 - - [13/Dec/2008:03:19:36 -0500] "GET /tpnews.html HTTP/1.1" 200 8004 "http://www.toastpoint.com/tpnews.html" "Mozilla/4.0 (compatible; MSIE 6.0; Windows NT 5.1)"
81.52.143.15 - - [13/Dec/2008:03:27:48 -0500] "GET /limerick/?S=A HTTP/1.1" 403 563 "-" "Mozilla/5.0 (Windows; U; Windows NT 5.1; fr; rv:1.8.1) VoilaBot BETA 1.2 (support.voilabot@orange-ftgroup.com)"
66.235.124.8 - - [13/Dec/2008:03:33:42 -0500] "GET /haiku/1998/haiku498.html HTTP/1.1" 200 33616 "-" "Mozilla/5.0 (compatible; Ask Jeeves/Teoma; +http://about.ask.com/en/docs/about/webmasters.shtml)"
66.235.124.8 - - [13/Dec/2008:04:12:50 -0500] "GET /haiku/1997/haiku397.html HTTP/1.1" 200 42491 "-" "Mozilla/5.0 (compatible; Ask Jeeves/Teoma; +http://about.ask.com/en/docs/about/webmasters.shtml)"
193.252.149.16 - - [13/Dec/2008:05:03:13 -0500] "GET /limerick/naut499.html HTTP/1.1" 200 38163 "-" "Mozilla/5.0 (Windows; U; Windows NT 5.1; fr; rv:1.8.1) VoilaBot BETA 1.2 (support.voilabot@orange-ftgroup.com)"
66.235.124.8 - - [13/Dec/2008:05:15:02 -0500] "GET /writing/computer.html HTTP/1.1" 200 6946 "-" "Mozilla/5.0 (compatible; Ask Jeeves/Teoma; +http://about.ask.com/en/docs/about/webmasters.shtml)"
193.252.149.16 - - [13/Dec/2008:05:19:03 -0500] "GET /haiku/haiku399.html HTTP/1.1" 200 75208 "-" "Mozilla/5.0 (Windows; U; Windows NT 5.1; fr; rv:1.8.1) VoilaBot BETA 1.2 (support.voilabot@orange-ftgroup.com)"
66.235.124.8 - - [13/Dec/2008:05:23:28 -0500] "GET /haiku/1997/haiku797.html HTTP/1.1" 200 23929 "-" "Mozilla/5.0 (compatible; Ask Jeeves/Teoma; +http://about.ask.com/en/docs/about/webmasters.shtml)"
66.235.124.8 - - [13/Dec/2008:06:08:31 -0500] "GET /limerick/docs/fletcher.html HTTP/1.1" 200 5576 "-" "Mozilla/5.0 (compatible; Ask Jeeves/Teoma; +http://about.ask.com/en/docs/about/webmasters.shtml)"
66.235.124.8 - - [13/Dec/2008:06:09:45 -0500] "GET /haiku/1996/haiku196.html HTTP/1.1" 200 10159 "-" "Mozilla/5.0 (compatible; Ask Jeeves/Teoma; +http://about.ask.com/en/docs/about/webmasters.shtml)"
66.235.124.8 - - [13/Dec/2008:06:15:24 -0500] "GET /haiku/1996/haiku596.html HTTP/1.1" 200 9379 "-" "Mozilla/5.0 (compatible; Ask Jeeves/Teoma; +http://about.ask.com/en/docs/about/webmasters.shtml)"
208.111.154.249 - - [13/Dec/2008:06:32:06 -0500] "GET /limerick/1995/nautaug.html HTTP/1.1" 200 7940 "-" "Mozilla/5.0 (X11; U; Linux i686 (x86_64); en-US; rv:1.8.1.18) Gecko/20081203 Firefox/2.0.0.18"
208.111.154.249 - - [13/Dec/2008:06:32:06 -0500] "GET /gifs/goldstar.jpg HTTP/1.1" 200 1854 "http://www.toastpoint.com/limerick/1995/nautaug.html" "Mozilla/5.0 (X11; U; Linux i686 (x86_64); en-US; rv:1.8.1.18) Gecko/20081203 Firefox/2.0.0.18"
208.111.154.249 - - [13/Dec/2008:06:32:06 -0500] "GET /favicon.ico HTTP/1.1" 404 693 "-" "Mozilla/5.0 (X11; U; Linux i686 (x86_64); en-US; rv:1.8.1.18) Gecko/20081203 Firefox/2.0.0.18"
66.235.124.8 - - [13/Dec/2008:06:39:27 -0500] "GET /limerick/1997/naut597.html HTTP/1.1" 200 22468 "-" "Mozilla/5.0 (compatible; Ask Jeeves/Teoma; +http://about.ask.com/en/docs/about/webmasters.shtml)"
208.80.194.40 - - [13/Dec/2008:06:42:17 -0500] "GET / HTTP/1.0" 200 464 "-" "Mozilla/4.0 (compatible; MSIE 7.0; Windows NT 5.1; BT Openworld BB; YPC 3.2.0; FunWebProducts; .NET CLR 2.0.50727; .NET CLR 1.1.4322; yplus 5.3.04d)"
216.183.81.221 - - [13/Dec/2008:06:57:32 -0500] "GET / HTTP/1.1" 304 - "-" "Wget/1.10.2"
74.72.209.3 - - [13/Dec/2008:07:51:40 -0500] "GET / HTTP/1.1" 200 464 "http://www.google.com/search?q=toast+point" "Mozilla/5.0 (Windows; U; Windows NT 6.0; en-US) AppleWebKit/525.19 (KHTML, like Gecko) Chrome/0.4.154.29 Safari/525.19"
74.72.209.3 - - [13/Dec/2008:07:52:45 -0500] "GET /index.html HTTP/1.1" 200 464 "http://ww23.rr.com/index.php?origURL=http://toastpoint/" "Mozilla/5.0 (Windows; U; Windows NT 6.0; en-US; rv:1.9.0.4) Gecko/2008102920 Firefox/3.0.4"
74.72.209.3 - - [13/Dec/2008:07:52:45 -0500] "GET /toastpointtopleft.html HTTP/1.1" 200 162 "http://www.toastpoint.com/index.html" "Mozilla/5.0 (Windows; U; Windows NT 6.0; en-US; rv:1.9.0.4) Gecko/2008102920 Firefox/3.0.4"
74.72.209.3 - - [13/Dec/2008:07:52:45 -0500] "GET /news.html HTTP/1.1" 200 17703 "http://www.toastpoint.com/index.html" "Mozilla/5.0 (Windows; U; Windows NT 6.0; en-US; rv:1.9.0.4) Gecko/2008102920 Firefox/3.0.4"
74.72.209.3 - - [13/Dec/2008:07:52:45 -0500] "GET /toastpointtoc.html HTTP/1.1" 200 1188 "http://www.toastpoint.com/index.html" "Mozilla/5.0 (Windows; U; Windows NT 6.0; en-US; rv:1.9.0.4) Gecko/2008102920 Firefox/3.0.4"
74.72.209.3 - - [13/Dec/2008:07:52:45 -0500] "GET /toastpointtopright.html HTTP/1.1" 200 151 "http://www.toastpoint.com/index.html" "Mozilla/5.0 (Windows; U; Windows NT 6.0; en-US; rv:1.9.0.4) Gecko/2008102920 Firefox/3.0.4"
74.72.209.3 - - [13/Dec/2008:07:52:45 -0500] "GET /tpnews.html HTTP/1.1" 200 8305 "http://www.toastpoint.com/index.html" "Mozilla/5.0 (Windows; U; Windows NT 6.0; en-US; rv:1.9.0.4) Gecko/2008102920 Firefox/3.0.4"
74.72.209.3 - - [13/Dec/2008:07:52:45 -0500] "GET /gifs/tpwinter20089.jpg HTTP/1.1" 200 28088 "http://www.toastpoint.com/news.html" "Mozilla/5.0 (Windows; U; Windows NT 6.0; en-US; rv:1.9.0.4) Gecko/2008102920 Firefox/3.0.4"
74.72.209.3 - - [13/Dec/2008:07:52:46 -0500] "GET /favicon.ico HTTP/1.1" 404 693 "-" "Mozilla/5.0 (Windows; U; Windows NT 6.0; en-US; rv:1.9.0.4) Gecko/2008102920 Firefox/3.0.4"
74.72.209.3 - - [13/Dec/2008:07:52:48 -0500] "GET /favicon.ico HTTP/1.1" 404 693 "-" "Mozilla/5.0 (Windows; U; Windows NT 6.0; en-US; rv:1.9.0.4) Gecko/2008102920 Firefox/3.0.4"
74.72.209.3 - - [13/Dec/2008:07:54:12 -0500] "GET /index.html HTTP/1.1" 304 - "http://ww23.rr.com/index.php?origURL=http://toastpoint/" "Mozilla/5.0 (Windows; U; Windows NT 6.0; en-US; rv:1.9.0.4) Gecko/2008102920 Firefox/3.0.4"
74.72.209.3 - - [13/Dec/2008:07:54:12 -0500] "GET /toastpointtopleft.html HTTP/1.1" 304 - "http://www.toastpoint.com/index.html" "Mozilla/5.0 (Windows; U; Windows NT 6.0; en-US; rv:1.9.0.4) Gecko/2008102920 Firefox/3.0.4"
74.72.209.3 - - [13/Dec/2008:07:54:12 -0500] "GET /news.html HTTP/1.1" 200 17706 "http://www.toastpoint.com/index.html" "Mozilla/5.0 (Windows; U; Windows NT 6.0; en-US; rv:1.9.0.4) Gecko/2008102920 Firefox/3.0.4"
74.72.209.3 - - [13/Dec/2008:07:54:12 -0500] "GET /toastpointtoc.html HTTP/1.1" 304 - "http://www.toastpoint.com/index.html" "Mozilla/5.0 (Windows; U; Windows NT 6.0; en-US; rv:1.9.0.4) Gecko/2008102920 Firefox/3.0.4"
74.72.209.3 - - [13/Dec/2008:07:54:12 -0500] "GET /toastpointtopright.html HTTP/1.1" 304 - "http://www.toastpoint.com/index.html" "Mozilla/5.0 (Windows; U; Windows NT 6.0; en-US; rv:1.9.0.4) Gecko/2008102920 Firefox/3.0.4"
74.72.209.3 - - [13/Dec/2008:07:54:12 -0500] "GET /gifs/tpwinter20089.jpg HTTP/1.1" 304 - "http://www.toastpoint.com/news.html" "Mozilla/5.0 (Windows; U; Windows NT 6.0; en-US; rv:1.9.0.4) Gecko/2008102920 Firefox/3.0.4"
74.72.209.3 - - [13/Dec/2008:07:54:12 -0500] "GET /tpnews.html HTTP/1.1" 304 - "http://www.toastpoint.com/index.html" "Mozilla/5.0 (Windows; U; Windows NT 6.0; en-US; rv:1.9.0.4) Gecko/2008102920 Firefox/3.0.4"
74.72.209.3 - - [13/Dec/2008:07:54:18 -0500] "GET /gifs/pastheaders.html HTTP/1.1" 200 1264 "http://www.toastpoint.com/news.html" "Mozilla/5.0 (Windows; U; Windows NT 6.0; en-US; rv:1.9.0.4) Gecko/2008102920 Firefox/3.0.4"
74.72.209.3 - - [13/Dec/2008:07:54:18 -0500] "GET /gifs/tpjune2008.jpg HTTP/1.1" 200 30254 "http://www.toastpoint.com/gifs/pastheaders.html" "Mozilla/5.0 (Windows; U; Windows NT 6.0; en-US; rv:1.9.0.4) Gecko/2008102920 Firefox/3.0.4"
74.72.209.3 - - [13/Dec/2008:07:54:18 -0500] "GET /gifs/tpaprilmay2008.jpg HTTP/1.1" 200 19848 "http://www.toastpoint.com/gifs/pastheaders.html" "Mozilla/5.0 (Windows; U; Windows NT 6.0; en-US; rv:1.9.0.4) Gecko/2008102920 Firefox/3.0.4"
74.72.209.3 - - [13/Dec/2008:07:54:18 -0500] "GET /gifs/tpoct-nov2008.jpg HTTP/1.1" 200 59792 "http://www.toastpoint.com/gifs/pastheaders.html" "Mozilla/5.0 (Windows; U; Windows NT 6.0; en-US; rv:1.9.0.4) Gecko/2008102920 Firefox/3.0.4"
74.72.209.3 - - [13/Dec/2008:07:54:18 -0500] "GET /gifs/tpsept2008.jpg HTTP/1.1" 200 39710 "http://www.toastpoint.com/gifs/pastheaders.html" "Mozilla/5.0 (Windows; U; Windows NT 6.0; en-US; rv:1.9.0.4) Gecko/2008102920 Firefox/3.0.4"
74.72.209.3 - - [13/Dec/2008:07:54:19 -0500] "GET /gifs/tpmar2008.jpg HTTP/1.1" 200 36414 "http://www.toastpoint.com/gifs/pastheaders.html" "Mozilla/5.0 (Windows; U; Windows NT 6.0; en-US; rv:1.9.0.4) Gecko/2008102920 Firefox/3.0.4"
74.72.209.3 - - [13/Dec/2008:07:54:18 -0500] "GET /gifs/tpaug2008.jpg HTTP/1.1" 200 58877 "http://www.toastpoint.com/gifs/pastheaders.html" "Mozilla/5.0 (Windows; U; Windows NT 6.0; en-US; rv:1.9.0.4) Gecko/2008102920 Firefox/3.0.4"
74.72.209.3 - - [13/Dec/2008:07:54:19 -0500] "GET /gifs/tpfeb2008.jpg HTTP/1.1" 200 26400 "http://www.toastpoint.com/gifs/pastheaders.html" "Mozilla/5.0 (Windows; U; Windows NT 6.0; en-US; rv:1.9.0.4) Gecko/2008102920 Firefox/3.0.4"
74.72.209.3 - - [13/Dec/2008:07:54:19 -0500] "GET /gifs/tpjan2008.jpg HTTP/1.1" 200 26786 "http://www.toastpoint.com/gifs/pastheaders.html" "Mozilla/5.0 (Windows; U; Windows NT 6.0; en-US; rv:1.9.0.4) Gecko/2008102920 Firefox/3.0.4"
74.72.209.3 - - [13/Dec/2008:07:54:18 -0500] "GET /gifs/tpjul2008.jpg HTTP/1.1" 200 93792 "http://www.toastpoint.com/gifs/pastheaders.html" "Mozilla/5.0 (Windows; U; Windows NT 6.0; en-US; rv:1.9.0.4) Gecko/2008102920 Firefox/3.0.4"
74.72.209.3 - - [13/Dec/2008:07:54:19 -0500] "GET /gifs/tpdecember2007.jpg HTTP/1.1" 200 21721 "http://www.toastpoint.com/gifs/pastheaders.html" "Mozilla/5.0 (Windows; U; Windows NT 6.0; en-US; rv:1.9.0.4) Gecko/2008102920 Firefox/3.0.4"
74.72.209.3 - - [13/Dec/2008:07:54:20 -0500] "GET /gifs/tpnov2007.jpg HTTP/1.1" 200 24800 "http://www.toastpoint.com/gifs/pastheaders.html" "Mozilla/5.0 (Windows; U; Windows NT 6.0; en-US; rv:1.9.0.4) Gecko/2008102920 Firefox/3.0.4"
74.72.209.3 - - [13/Dec/2008:07:54:20 -0500] "GET /gifs/tpsept2007.jpg HTTP/1.1" 200 24519 "http://www.toastpoint.com/gifs/pastheaders.html" "Mozilla/5.0 (Windows; U; Windows NT 6.0; en-US; rv:1.9.0.4) Gecko/2008102920 Firefox/3.0.4"
74.72.209.3 - - [13/Dec/2008:07:54:20 -0500] "GET /gifs/tpaugust2007.jpg HTTP/1.1" 200 39173 "http://www.toastpoint.com/gifs/pastheaders.html" "Mozilla/5.0 (Windows; U; Windows NT 6.0; en-US; rv:1.9.0.4) Gecko/2008102920 Firefox/3.0.4"
74.72.209.3 - - [13/Dec/2008:07:54:20 -0500] "GET /gifs/tpjune2007.jpg HTTP/1.1" 200 50796 "http://www.toastpoint.com/gifs/pastheaders.html" "Mozilla/5.0 (Windows; U; Windows NT 6.0; en-US; rv:1.9.0.4) Gecko/2008102920 Firefox/3.0.4"
74.72.209.3 - - [13/Dec/2008:07:54:20 -0500] "GET /gifs/tpjuly2007.jpg HTTP/1.1" 200 42279 "http://www.toastpoint.com/gifs/pastheaders.html" "Mozilla/5.0 (Windows; U; Windows NT 6.0; en-US; rv:1.9.0.4) Gecko/2008102920 Firefox/3.0.4"
74.72.209.3 - - [13/Dec/2008:07:54:20 -0500] "GET /gifs/tpoct2007.jpg HTTP/1.1" 200 81294 "http://www.toastpoint.com/gifs/pastheaders.html" "Mozilla/5.0 (Windows; U; Windows NT 6.0; en-US; rv:1.9.0.4) Gecko/2008102920 Firefox/3.0.4"
74.72.209.3 - - [13/Dec/2008:07:54:20 -0500] "GET /gifs/tpmay2007.jpg HTTP/1.1" 200 45766 "http://www.toastpoint.com/gifs/pastheaders.html" "Mozilla/5.0 (Windows; U; Windows NT 6.0; en-US; rv:1.9.0.4) Gecko/2008102920 Firefox/3.0.4"
74.72.209.3 - - [13/Dec/2008:07:54:21 -0500] "GET /gifs/tpapril2007.jpg HTTP/1.1" 200 22244 "http://www.toastpoint.com/gifs/pastheaders.html" "Mozilla/5.0 (Windows; U; Windows NT 6.0; en-US; rv:1.9.0.4) Gecko/2008102920 Firefox/3.0.4"
74.72.209.3 - - [13/Dec/2008:07:54:21 -0500] "GET /gifs/tpmar2007.jpg HTTP/1.1" 200 51880 "http://www.toastpoint.com/gifs/pastheaders.html" "Mozilla/5.0 (Windows; U; Windows NT 6.0; en-US; rv:1.9.0.4) Gecko/2008102920 Firefox/3.0.4"
74.72.209.3 - - [13/Dec/2008:07:54:21 -0500] "GET /gifs/tpfeb2007.jpg HTTP/1.1" 200 34757 "http://www.toastpoint.com/gifs/pastheaders.html" "Mozilla/5.0 (Windows; U; Windows NT 6.0; en-US; rv:1.9.0.4) Gecko/2008102920 Firefox/3.0.4"
74.72.209.3 - - [13/Dec/2008:07:54:21 -0500] "GET /gifs/tpjan2007.jpg HTTP/1.1" 200 32595 "http://www.toastpoint.com/gifs/pastheaders.html" "Mozilla/5.0 (Windows; U; Windows NT 6.0; en-US; rv:1.9.0.4) Gecko/2008102920 Firefox/3.0.4"
74.72.209.3 - - [13/Dec/2008:07:54:21 -0500] "GET /gifs/tpdec2006.jpg HTTP/1.1" 200 34968 "http://www.toastpoint.com/gifs/pastheaders.html" "Mozilla/5.0 (Windows; U; Windows NT 6.0; en-US; rv:1.9.0.4) Gecko/2008102920 Firefox/3.0.4"
74.72.209.3 - - [13/Dec/2008:07:54:21 -0500] "GET /gifs/tpnov2006.jpg HTTP/1.1" 200 55802 "http://www.toastpoint.com/gifs/pastheaders.html" "Mozilla/5.0 (Windows; U; Windows NT 6.0; en-US; rv:1.9.0.4) Gecko/2008102920 Firefox/3.0.4"
74.72.209.3 - - [13/Dec/2008:07:54:22 -0500] "GET /gifs/tpoct2006.jpg HTTP/1.1" 200 19794 "http://www.toastpoint.com/gifs/pastheaders.html" "Mozilla/5.0 (Windows; U; Windows NT 6.0; en-US; rv:1.9.0.4) Gecko/2008102920 Firefox/3.0.4"
74.72.209.3 - - [13/Dec/2008:07:54:22 -0500] "GET /gifs/tpsept2006.jpg HTTP/1.1" 200 24140 "http://www.toastpoint.com/gifs/pastheaders.html" "Mozilla/5.0 (Windows; U; Windows NT 6.0; en-US; rv:1.9.0.4) Gecko/2008102920 Firefox/3.0.4"
74.72.209.3 - - [13/Dec/2008:07:54:22 -0500] "GET /gifs/tpaugust2006.jpg HTTP/1.1" 200 34419 "http://www.toastpoint.com/gifs/pastheaders.html" "Mozilla/5.0 (Windows; U; Windows NT 6.0; en-US; rv:1.9.0.4) Gecko/2008102920 Firefox/3.0.4"
74.72.209.3 - - [13/Dec/2008:07:54:22 -0500] "GET /gifs/tpjuly2006b.jpg HTTP/1.1" 200 30751 "http://www.toastpoint.com/gifs/pastheaders.html" "Mozilla/5.0 (Windows; U; Windows NT 6.0; en-US; rv:1.9.0.4) Gecko/2008102920 Firefox/3.0.4"
74.72.209.3 - - [13/Dec/2008:07:54:22 -0500] "GET /gifs/tpjune2006.jpg HTTP/1.1" 200 58542 "http://www.toastpoint.com/gifs/pastheaders.html" "Mozilla/5.0 (Windows; U; Windows NT 6.0; en-US; rv:1.9.0.4) Gecko/2008102920 Firefox/3.0.4"
74.72.209.3 - - [13/Dec/2008:07:54:22 -0500] "GET /gifs/tpmay2006.png HTTP/1.1" 200 232170 "http://www.toastpoint.com/gifs/pastheaders.html" "Mozilla/5.0 (Windows; U; Windows NT 6.0; en-US; rv:1.9.0.4) Gecko/2008102920 Firefox/3.0.4"
66.235.124.8 - - [13/Dec/2008:08:12:30 -0500] "GET /limerick/1998/nice1298.html HTTP/1.1" 200 22822 "-" "Mozilla/5.0 (compatible; Ask Jeeves/Teoma; +http://about.ask.com/en/docs/about/webmasters.shtml)"
74.6.23.237 - - [13/Dec/2008:08:21:23 -0500] "GET /robots.txt HTTP/1.0" 404 693 "-" "Mozilla/5.0 (compatible; Yahoo! Slurp; http://help.yahoo.com/help/us/ysearch/slurp)"
74.6.30.119 - - [13/Dec/2008:08:21:24 -0500] "GET /haiku/haiku.html HTTP/1.0" 200 2147 "-" "Mozilla/5.0 (compatible; Yahoo! DE Slurp; http://help.yahoo.com/help/us/ysearch/slurp)"
78.163.143.8 - - [13/Dec/2008:09:28:01 -0500] "GET /gifs/goldstar.jpg HTTP/1.1" 200 1854 "-" "Mozilla/3.0 (compatible; Indy Library)"
193.47.80.45 - - [13/Dec/2008:09:51:33 -0500] "GET /limerick/1998/naut498.html HTTP/1.1" 200 31946 "-" "Mozilla/5.0 (compatible; Exabot/3.0; +http://www.exabot.com/go/robot)"
74.6.30.101 - - [13/Dec/2008:10:01:08 -0500] "GET / HTTP/1.0" 200 464 "-" "Mozilla/5.0 (compatible; Yahoo! DE Slurp; http://help.yahoo.com/help/us/ysearch/slurp)"
74.6.30.101 - - [13/Dec/2008:10:01:08 -0500] "GET /toastpointtopleft.html HTTP/1.0" 200 162 "-" "Mozilla/5.0 (compatible; Yahoo! DE Slurp; http://help.yahoo.com/help/us/ysearch/slurp)"
74.6.30.101 - - [13/Dec/2008:10:01:08 -0500] "GET /toastpointtoc.html HTTP/1.0" 200 1188 "-" "Mozilla/5.0 (compatible; Yahoo! DE Slurp; http://help.yahoo.com/help/us/ysearch/slurp)"
74.6.30.101 - - [13/Dec/2008:10:01:09 -0500] "GET /news.html HTTP/1.0" 200 17706 "-" "Mozilla/5.0 (compatible; Yahoo! DE Slurp; http://help.yahoo.com/help/us/ysearch/slurp)"
74.6.30.101 - - [13/Dec/2008:10:01:09 -0500] "GET /toastpointtopright.html HTTP/1.0" 200 151 "-" "Mozilla/5.0 (compatible; Yahoo! DE Slurp; http://help.yahoo.com/help/us/ysearch/slurp)"
74.6.30.101 - - [13/Dec/2008:10:01:09 -0500] "GET /tpnews.html HTTP/1.0" 200 8305 "-" "Mozilla/5.0 (compatible; Yahoo! DE Slurp; http://help.yahoo.com/help/us/ysearch/slurp)"
208.36.144.6 - - [13/Dec/2008:11:35:35 -0500] "GET /midi/midi.html HTTP/1.0" 200 3163 "-" "Mozilla/5.0 (Twiceler-0.9 http://www.cuil.com/twiceler/robot.html)"
208.36.144.6 - - [13/Dec/2008:11:35:35 -0500] "GET /midi/midi.html HTTP/1.0" 200 3163 "-" "Mozilla/5.0 (Twiceler-0.9 http://www.cuil.com/twiceler/robot.html)"
64.1.215.164 - - [13/Dec/2008:12:00:15 -0500] "GET /robots.txt HTTP/1.0" 404 693 "-" "Mozilla/5.0 (Twiceler-0.9 http://www.cuil.com/twiceler/robot.html)"
208.115.111.245 - - [13/Dec/2008:12:03:51 -0500] "GET /robots.txt HTTP/1.1" 404 693 "-" "Mozilla/5.0 (compatible; DotBot/1.1; http://www.dotnetdotcom.org/, crawler@dotnetdotcom.org)"
216.183.81.221 - - [13/Dec/2008:12:06:01 -0500] "GET / HTTP/1.1" 304 - "-" "Wget/1.10.2"
90.214.115.5 - - [13/Dec/2008:12:06:50 -0500] "GET /fiction/novels/parkey.html HTTP/1.1" 200 25723 "-" "Mozilla/4.0 (compatible; MSIE 6.0; Windows NT 5.1;1813)"
71.100.161.169 - - [13/Dec/2008:12:31:34 -0500] "GET /limerick/nice299.html HTTP/1.1" 200 28130 "http://www.google.com/search?hl=en&q=Clean+Limericks&aq=f&oq=" "Mozilla/4.0 (compatible; MSIE 7.0; Windows NT 6.0; SLCC1; .NET CLR 2.0.50727; Media Center PC 5.0; .NET CLR 3.0.04506)"
71.100.161.169 - - [13/Dec/2008:12:31:34 -0500] "GET /gifs/birdumb2.gif HTTP/1.1" 200 4698 "http://www.toastpoint.com/limerick/nice299.html" "Mozilla/4.0 (compatible; MSIE 7.0; Windows NT 6.0; SLCC1; .NET CLR 2.0.50727; Media Center PC 5.0; .NET CLR 3.0.04506)"
71.100.161.169 - - [13/Dec/2008:12:31:35 -0500] "GET /gifs/birdumb.gif HTTP/1.1" 200 4704 "http://www.toastpoint.com/limerick/nice299.html" "Mozilla/4.0 (compatible; MSIE 7.0; Windows NT 6.0; SLCC1; .NET CLR 2.0.50727; Media Center PC 5.0; .NET CLR 3.0.04506)"
71.100.161.169 - - [13/Dec/2008:12:31:35 -0500] "GET /gifs/goldstar.jpg HTTP/1.1" 200 1854 "http://www.toastpoint.com/limerick/nice299.html" "Mozilla/4.0 (compatible; MSIE 7.0; Windows NT 6.0; SLCC1; .NET CLR 2.0.50727; Media Center PC 5.0; .NET CLR 3.0.04506)"
71.100.161.169 - - [13/Dec/2008:12:31:37 -0500] "GET /favicon.ico HTTP/1.1" 404 693 "-" "Mozilla/4.0 (compatible; MSIE 7.0; Windows NT 6.0; SLCC1; .NET CLR 2.0.50727; Media Center PC 5.0; .NET CLR 3.0.04506)"
208.115.111.245 - - [13/Dec/2008:12:37:30 -0500] "GET /robots.txt HTTP/1.1" 404 693 "-" "Mozilla/5.0 (compatible; DotBot/1.1; http://www.dotnetdotcom.org/, crawler@dotnetdotcom.org)"
193.47.80.45 - - [13/Dec/2008:13:12:28 -0500] "GET /robots.txt HTTP/1.1" 404 693 "-" "Mozilla/5.0 (compatible; Exabot/3.0; +http://www.exabot.com/go/robot)"
193.47.80.45 - - [13/Dec/2008:13:12:28 -0500] "GET /limerick/1998/naut1198.html HTTP/1.1" 200 22126 "-" "Mozilla/5.0 (compatible; Exabot/3.0; +http://www.exabot.com/go/robot)"
208.115.111.245 - - [13/Dec/2008:13:40:03 -0500] "GET /haiku/1996/haiku196.html HTTP/1.1" 200 10159 "-" "Mozilla/5.0 (compatible; DotBot/1.1; http://www.dotnetdotcom.org/, crawler@dotnetdotcom.org)"
208.115.111.245 - - [13/Dec/2008:13:40:04 -0500] "GET /haiku/1996/haiku296.html HTTP/1.1" 200 16138 "-" "Mozilla/5.0 (compatible; DotBot/1.1; http://www.dotnetdotcom.org/, crawler@dotnetdotcom.org)"
208.115.111.245 - - [13/Dec/2008:13:40:06 -0500] "GET /haiku/1996/haiku396.html HTTP/1.1" 200 17896 "-" "Mozilla/5.0 (compatible; DotBot/1.1; http://www.dotnetdotcom.org/, crawler@dotnetdotcom.org)"
208.115.111.245 - - [13/Dec/2008:13:40:07 -0500] "GET /haiku/1996/haiku496.html HTTP/1.1" 200 19025 "-" "Mozilla/5.0 (compatible; DotBot/1.1; http://www.dotnetdotcom.org/, crawler@dotnetdotcom.org)"
208.115.111.245 - - [13/Dec/2008:13:40:08 -0500] "GET /haiku/1996/haiku596.html HTTP/1.1" 200 9379 "-" "Mozilla/5.0 (compatible; DotBot/1.1; http://www.dotnetdotcom.org/, crawler@dotnetdotcom.org)"
208.115.111.245 - - [13/Dec/2008:13:40:09 -0500] "GET /haiku/1996/haiku696.html HTTP/1.1" 200 9779 "-" "Mozilla/5.0 (compatible; DotBot/1.1; http://www.dotnetdotcom.org/, crawler@dotnetdotcom.org)"
208.115.111.245 - - [13/Dec/2008:13:40:11 -0500] "GET /haiku/1996/haiku796.html HTTP/1.1" 200 14361 "-" "Mozilla/5.0 (compatible; DotBot/1.1; http://www.dotnetdotcom.org/, crawler@dotnetdotcom.org)"
208.115.111.245 - - [13/Dec/2008:13:40:11 -0500] "GET /haiku/1996/haiku896.html HTTP/1.1" 200 20278 "-" "Mozilla/5.0 (compatible; DotBot/1.1; http://www.dotnetdotcom.org/, crawler@dotnetdotcom.org)"
208.115.111.245 - - [13/Dec/2008:13:40:12 -0500] "GET /haiku/1996/haiku996.html HTTP/1.1" 200 14845 "-" "Mozilla/5.0 (compatible; DotBot/1.1; http://www.dotnetdotcom.org/, crawler@dotnetdotcom.org)"
208.115.111.245 - - [13/Dec/2008:13:40:13 -0500] "GET /haiku/1997/haik1097.html HTTP/1.1" 200 24055 "-" "Mozilla/5.0 (compatible; DotBot/1.1; http://www.dotnetdotcom.org/, crawler@dotnetdotcom.org)"
66.235.124.8 - - [13/Dec/2008:13:50:59 -0500] "GET /robots.txt HTTP/1.1" 404 693 "-" "Mozilla/5.0 (compatible; Ask Jeeves/Teoma; +http://about.ask.com/en/docs/about/webmasters.shtml)"
66.235.124.8 - - [13/Dec/2008:13:51:04 -0500] "GET /limerick/1998/naut1298.html HTTP/1.1" 200 31614 "-" "Mozilla/5.0 (compatible; Ask Jeeves/Teoma; +http://about.ask.com/en/docs/about/webmasters.shtml)"
66.235.124.8 - - [13/Dec/2008:13:52:23 -0500] "GET /fiction/novels/peak3.html HTTP/1.1" 200 6906 "-" "Mozilla/5.0 (compatible; Ask Jeeves/Teoma; +http://about.ask.com/en/docs/about/webmasters.shtml)"
216.183.81.221 - - [13/Dec/2008:13:55:42 -0500] "GET / HTTP/1.1" 304 - "-" "Wget/1.10.2"
193.47.80.45 - - [13/Dec/2008:13:59:51 -0500] "GET /haiku/1997/haik1097.html HTTP/1.1" 200 24055 "-" "Mozilla/5.0 (compatible; Exabot/3.0; +http://www.exabot.com/go/robot)"
207.67.117.30 - - [13/Dec/2008:14:39:20 -0500] "GET / HTTP/1.0" 200 464 "-" "page_verifier http://www.securecomputing.com/goto/pv"
216.183.81.221 - - [13/Dec/2008:14:40:19 -0500] "GET / HTTP/1.1" 304 - "-" "Wget/1.10.2"
207.67.117.30 - - [13/Dec/2008:14:40:55 -0500] "GET /limerick/1997 HTTP/1.0" 301 244 "-" "page_verifier http://www.securecomputing.com/goto/pv"
207.67.117.30 - - [13/Dec/2008:14:40:56 -0500] "GET /limerick/1997/ HTTP/1.0" 403 563 "-" "page_verifier http://www.securecomputing.com/goto/pv"
207.67.117.30 - - [13/Dec/2008:14:42:12 -0500] "GET /limerick/1997 HTTP/1.0" 301 244 "-" "page_verifier http://www.securecomputing.com/goto/pv"
81.52.143.16 - - [13/Dec/2008:15:09:56 -0500] "GET /haiku/haiku.html HTTP/1.1" 200 2147 "-" "Mozilla/5.0 (Windows; U; Windows NT 5.1; fr; rv:1.8.1) VoilaBot BETA 1.2 (support.voilabot@orange-ftgroup.com)"
65.13.157.115 - - [13/Dec/2008:15:43:46 -0500] "GET /gifs/boobies.gif HTTP/1.1" 200 11144 "http://www.toastpoint.com/limerick/naut199.html" "Mozilla/4.0 (compatible; MSIE 7.0; Windows NT 5.1; .NET CLR 1.1.4322; .NET CLR 2.0.50727; .NET CLR 3.0.04506.30; .NET CLR 3.0.04506.648)"
65.13.157.115 - - [13/Dec/2008:15:43:46 -0500] "GET /limerick/naut199.html HTTP/1.1" 200 34481 "http://my.att.net/s/s.dll?num=10&spage=search%2Fresultshome1.htm&channel=english&searchType=web&source=&string=naughty+limericks&where=&sm.x=32&sm.y=10" "Mozilla/4.0 (compatible; MSIE 7.0; Windows NT 5.1; .NET CLR 1.1.4322; .NET CLR 2.0.50727; .NET CLR 3.0.04506.30; .NET CLR 3.0.04506.648)"
65.13.157.115 - - [13/Dec/2008:15:43:46 -0500] "GET /gifs/nakedman.gif HTTP/1.1" 200 7734 "http://www.toastpoint.com/limerick/naut199.html" "Mozilla/4.0 (compatible; MSIE 7.0; Windows NT 5.1; .NET CLR 1.1.4322; .NET CLR 2.0.50727; .NET CLR 3.0.04506.30; .NET CLR 3.0.04506.648)"
65.13.157.115 - - [13/Dec/2008:15:43:46 -0500] "GET /gifs/goldstar.jpg HTTP/1.1" 200 1854 "http://www.toastpoint.com/limerick/naut199.html" "Mozilla/4.0 (compatible; MSIE 7.0; Windows NT 5.1; .NET CLR 1.1.4322; .NET CLR 2.0.50727; .NET CLR 3.0.04506.30; .NET CLR 3.0.04506.648)"
65.13.157.115 - - [13/Dec/2008:15:43:46 -0500] "GET /favicon.ico HTTP/1.1" 404 693 "-" "Mozilla/4.0 (compatible; MSIE 7.0; Windows NT 5.1; .NET CLR 1.1.4322; .NET CLR 2.0.50727; .NET CLR 3.0.04506.30; .NET CLR 3.0.04506.648)"
81.52.143.16 - - [13/Dec/2008:15:46:33 -0500] "GET /robots.txt HTTP/1.1" 404 693 "-" "Mozilla/5.0 (Windows; U; Windows NT 5.1; fr; rv:1.8.1) VoilaBot BETA 1.2 (support.voilabot@orange-ftgroup.com)"
81.52.143.16 - - [13/Dec/2008:15:46:43 -0500] "GET /limerick/1998/naut598.html HTTP/1.1" 200 63665 "-" "Mozilla/5.0 (Windows; U; Windows NT 5.1; fr; rv:1.8.1) VoilaBot BETA 1.2 (support.voilabot@orange-ftgroup.com)"
208.115.111.245 - - [13/Dec/2008:15:58:46 -0500] "GET /robots.txt HTTP/1.1" 404 693 "-" "Mozilla/5.0 (compatible; DotBot/1.1; http://www.dotnetdotcom.org/, crawler@dotnetdotcom.org)"
81.52.143.15 - - [13/Dec/2008:16:03:47 -0500] "GET /fiction/fict399.html HTTP/1.1" 200 27729 "-" "Mozilla/5.0 (Windows; U; Windows NT 5.1; fr; rv:1.8.1) VoilaBot BETA 1.2 (support.voilabot@orange-ftgroup.com)"
124.115.1.66 - - [13/Dec/2008:16:08:03 -0500] "GET / HTTP/1.1" 200 464 "http://www.toastpoint.com/" "Mozilla/4.0 (compatible; MSIE 6.0; Windows NT 5.1)"
124.115.1.66 - - [13/Dec/2008:16:08:15 -0500] "GET /toastpointtopleft.html HTTP/1.1" 200 162 "http://www.toastpoint.com/toastpointtopleft.html" "Mozilla/4.0 (compatible; MSIE 6.0; Windows NT 5.1)"
124.115.1.66 - - [13/Dec/2008:16:08:16 -0500] "GET /toastpointtoc.html HTTP/1.1" 200 1188 "http://www.toastpoint.com/toastpointtoc.html" "Mozilla/4.0 (compatible; MSIE 6.0; Windows NT 5.1)"
124.115.1.66 - - [13/Dec/2008:16:08:16 -0500] "GET /news.html HTTP/1.1" 200 17706 "http://www.toastpoint.com/news.html" "Mozilla/4.0 (compatible; MSIE 6.0; Windows NT 5.1)"
124.115.1.66 - - [13/Dec/2008:16:08:17 -0500] "GET /toastpointtopright.html HTTP/1.1" 200 151 "http://www.toastpoint.com/toastpointtopright.html" "Mozilla/4.0 (compatible; MSIE 6.0; Windows NT 5.1)"
124.115.1.66 - - [13/Dec/2008:16:08:18 -0500] "GET /tpnews.html HTTP/1.1" 200 8305 "http://www.toastpoint.com/tpnews.html" "Mozilla/4.0 (compatible; MSIE 6.0; Windows NT 5.1)"
124.115.10.193 - - [13/Dec/2008:16:10:57 -0500] "GET / HTTP/1.1" 200 464 "http://www.toastpoint.com/" "Mozilla/4.0 (compatible; MSIE 6.0; Windows NT 5.1)"
124.115.10.193 - - [13/Dec/2008:16:11:11 -0500] "GET /toastpointtopleft.html HTTP/1.1" 200 162 "http://www.toastpoint.com/toastpointtopleft.html" "Mozilla/4.0 (compatible; MSIE 6.0; Windows NT 5.1)"
124.115.10.193 - - [13/Dec/2008:16:11:13 -0500] "GET /toastpointtoc.html HTTP/1.1" 200 1188 "http://www.toastpoint.com/toastpointtoc.html" "Mozilla/4.0 (compatible; MSIE 6.0; Windows NT 5.1)"
124.115.10.193 - - [13/Dec/2008:16:11:15 -0500] "GET /news.html HTTP/1.1" 200 17706 "http://www.toastpoint.com/news.html" "Mozilla/4.0 (compatible; MSIE 6.0; Windows NT 5.1)"
124.115.10.193 - - [13/Dec/2008:16:11:18 -0500] "GET /toastpointtopright.html HTTP/1.1" 200 151 "http://www.toastpoint.com/toastpointtopright.html" "Mozilla/4.0 (compatible; MSIE 6.0; Windows NT 5.1)"
124.115.10.193 - - [13/Dec/2008:16:11:21 -0500] "GET /tpnews.html HTTP/1.1" 200 8305 "http://www.toastpoint.com/tpnews.html" "Mozilla/4.0 (compatible; MSIE 6.0; Windows NT 5.1)"
71.162.248.193 - - [13/Dec/2008:16:58:47 -0500] "GET / HTTP/1.1" 200 464 "http://www.google.com/search?source=ig&hl=en&rlz=1G1GGLQ_ENUS296&q=making+toast+points&aq=f" "Mozilla/4.0 (compatible; MSIE 7.0; Windows NT 6.0; SLCC1; .NET CLR 2.0.50727; .NET CLR 3.0.04506)"
71.162.248.193 - - [13/Dec/2008:16:58:48 -0500] "GET /toastpointtoc.html HTTP/1.1" 200 1188 "http://www.toastpoint.com/" "Mozilla/4.0 (compatible; MSIE 7.0; Windows NT 6.0; SLCC1; .NET CLR 2.0.50727; .NET CLR 3.0.04506)"
71.162.248.193 - - [13/Dec/2008:16:58:48 -0500] "GET /news.html HTTP/1.1" 200 17706 "http://www.toastpoint.com/" "Mozilla/4.0 (compatible; MSIE 7.0; Windows NT 6.0; SLCC1; .NET CLR 2.0.50727; .NET CLR 3.0.04506)"
71.162.248.193 - - [13/Dec/2008:16:58:49 -0500] "GET /toastpointtopleft.html HTTP/1.1" 200 162 "http://www.toastpoint.com/" "Mozilla/4.0 (compatible; MSIE 7.0; Windows NT 6.0; SLCC1; .NET CLR 2.0.50727; .NET CLR 3.0.04506)"
71.162.248.193 - - [13/Dec/2008:16:58:51 -0500] "GET /toastpointtopright.html HTTP/1.1" 200 151 "http://www.toastpoint.com/" "Mozilla/4.0 (compatible; MSIE 7.0; Windows NT 6.0; SLCC1; .NET CLR 2.0.50727; .NET CLR 3.0.04506)"
71.162.248.193 - - [13/Dec/2008:16:58:51 -0500] "GET /tpnews.html HTTP/1.1" 200 8305 "http://www.toastpoint.com/" "Mozilla/4.0 (compatible; MSIE 7.0; Windows NT 6.0; SLCC1; .NET CLR 2.0.50727; .NET CLR 3.0.04506)"
71.162.248.193 - - [13/Dec/2008:16:58:51 -0500] "GET /gifs/tpwinter20089.jpg HTTP/1.1" 200 28088 "http://www.toastpoint.com/news.html" "Mozilla/4.0 (compatible; MSIE 7.0; Windows NT 6.0; SLCC1; .NET CLR 2.0.50727; .NET CLR 3.0.04506)"
71.162.248.193 - - [13/Dec/2008:16:58:53 -0500] "GET /favicon.ico HTTP/1.1" 404 693 "-" "Mozilla/4.0 (compatible; MSIE 7.0; Windows NT 6.0; SLCC1; .NET CLR 2.0.50727; .NET CLR 3.0.04506)"
63.241.3.51 - - [13/Dec/2008:17:28:37 -0500] "GET /limerick/limerick.html HTTP/1.1" 200 2613 "-" "Mozilla/4.0 (compatible; MSIE 7.0; Windows NT 5.1; .NET CLR 1.1.4322; .NET CLR 2.0.50727; InfoPath.1; .NET CLR 3.0.04506.30; .NET CLR 3.0.04506.648)"
208.36.144.8 - - [13/Dec/2008:17:29:25 -0500] "GET /robots.txt HTTP/1.0" 404 693 "-" "Mozilla/5.0 (Twiceler-0.9 http://www.cuil.com/twiceler/robot.html)"
65.55.165.35 - - [13/Dec/2008:17:29:40 -0500] "GET /haiku/ HTTP/1.0" 403 563 "http://search.live.com/results.aspx?q=haiku" "Mozilla/4.0 (compatible; MSIE 6.0; Windows NT 5.2; SV1; .NET CLR 1.1.4322)"
208.115.111.245 - - [13/Dec/2008:17:49:06 -0500] "GET /haiku/1997/haik1197.html HTTP/1.1" 200 26399 "-" "Mozilla/5.0 (compatible; DotBot/1.1; http://www.dotnetdotcom.org/, crawler@dotnetdotcom.org)"
208.115.111.245 - - [13/Dec/2008:17:49:09 -0500] "GET /haiku/1997/haik1297.html HTTP/1.1" 200 22956 "-" "Mozilla/5.0 (compatible; DotBot/1.1; http://www.dotnetdotcom.org/, crawler@dotnetdotcom.org)"
208.115.111.245 - - [13/Dec/2008:17:49:10 -0500] "GET /haiku/1997/haik1997.html HTTP/1.1" 200 2138 "-" "Mozilla/5.0 (compatible; DotBot/1.1; http://www.dotnetdotcom.org/, crawler@dotnetdotcom.org)"
208.115.111.245 - - [13/Dec/2008:17:49:11 -0500] "GET /haiku/1997/haiku197.html HTTP/1.1" 200 34967 "-" "Mozilla/5.0 (compatible; DotBot/1.1; http://www.dotnetdotcom.org/, crawler@dotnetdotcom.org)"
208.115.111.245 - - [13/Dec/2008:17:49:12 -0500] "GET /haiku/1997/haiku297.html HTTP/1.1" 200 48218 "-" "Mozilla/5.0 (compatible; DotBot/1.1; http://www.dotnetdotcom.org/, crawler@dotnetdotcom.org)"
208.115.111.245 - - [13/Dec/2008:17:49:13 -0500] "GET /haiku/1997/haiku397.html HTTP/1.1" 200 42491 "-" "Mozilla/5.0 (compatible; DotBot/1.1; http://www.dotnetdotcom.org/, crawler@dotnetdotcom.org)"
208.115.111.245 - - [13/Dec/2008:17:49:15 -0500] "GET /haiku/1997/haiku497.html HTTP/1.1" 200 29895 "-" "Mozilla/5.0 (compatible; DotBot/1.1; http://www.dotnetdotcom.org/, crawler@dotnetdotcom.org)"
208.115.111.245 - - [13/Dec/2008:17:49:16 -0500] "GET /haiku/1997/haiku597.html HTTP/1.1" 200 30659 "-" "Mozilla/5.0 (compatible; DotBot/1.1; http://www.dotnetdotcom.org/, crawler@dotnetdotcom.org)"
208.115.111.245 - - [13/Dec/2008:17:49:17 -0500] "GET /haiku/1997/haiku697.html HTTP/1.1" 200 26478 "-" "Mozilla/5.0 (compatible; DotBot/1.1; http://www.dotnetdotcom.org/, crawler@dotnetdotcom.org)"
208.115.111.245 - - [13/Dec/2008:17:49:18 -0500] "GET /haiku/1997/haiku797.html HTTP/1.1" 200 23929 "-" "Mozilla/5.0 (compatible; DotBot/1.1; http://www.dotnetdotcom.org/, crawler@dotnetdotcom.org)"
24.161.12.84 - - [13/Dec/2008:17:52:35 -0500] "GET /favicon.ico HTTP/1.1" 404 693 "-" "Mozilla/4.0 (compatible; MSIE 7.0; Windows NT 5.1; .NET CLR 2.0.50727; .NET CLR 1.1.4322; .NET CLR 3.0.04506.30; .NET CLR 3.0.04506.648; Windows-Media-Player/10.00.00.3990)"
24.161.12.84 - - [13/Dec/2008:17:52:35 -0500] "GET /limerick/naut199.html HTTP/1.1" 200 34481 "http://www.google.com/search?hl=en&q=naughty+limericks&aq=0&oq=naughty+l" "Mozilla/4.0 (compatible; MSIE 7.0; Windows NT 5.1; .NET CLR 2.0.50727; .NET CLR 1.1.4322; .NET CLR 3.0.04506.30; .NET CLR 3.0.04506.648; Windows-Media-Player/10.00.00.3990)"
24.161.12.84 - - [13/Dec/2008:17:52:35 -0500] "GET /gifs/boobies.gif HTTP/1.1" 200 11144 "http://www.toastpoint.com/limerick/naut199.html" "Mozilla/4.0 (compatible; MSIE 7.0; Windows NT 5.1; .NET CLR 2.0.50727; .NET CLR 1.1.4322; .NET CLR 3.0.04506.30; .NET CLR 3.0.04506.648; Windows-Media-Player/10.00.00.3990)"
24.161.12.84 - - [13/Dec/2008:17:52:35 -0500] "GET /gifs/nakedman.gif HTTP/1.1" 200 7734 "http://www.toastpoint.com/limerick/naut199.html" "Mozilla/4.0 (compatible; MSIE 7.0; Windows NT 5.1; .NET CLR 2.0.50727; .NET CLR 1.1.4322; .NET CLR 3.0.04506.30; .NET CLR 3.0.04506.648; Windows-Media-Player/10.00.00.3990)"
24.161.12.84 - - [13/Dec/2008:17:52:35 -0500] "GET /gifs/goldstar.jpg HTTP/1.1" 200 1854 "http://www.toastpoint.com/limerick/naut199.html" "Mozilla/4.0 (compatible; MSIE 7.0; Windows NT 5.1; .NET CLR 2.0.50727; .NET CLR 1.1.4322; .NET CLR 3.0.04506.30; .NET CLR 3.0.04506.648; Windows-Media-Player/10.00.00.3990)"
64.12.116.137 - - [13/Dec/2008:18:10:06 -0500] "HEAD /limerick/nice299.html HTTP/1.1" 200 - "-" "-"
74.6.23.237 - - [13/Dec/2008:18:19:46 -0500] "GET /robots.txt HTTP/1.0" 404 693 "-" "Mozilla/5.0 (compatible; Yahoo! Slurp; http://help.yahoo.com/help/us/ysearch/slurp)"
74.6.76.45 - - [13/Dec/2008:18:19:46 -0500] "GET /haiku/haiku.html HTTP/1.0" 200 2147 "-" "Mozilla/5.0 (compatible; Yahoo! DE Slurp; http://help.yahoo.com/help/us/ysearch/slurp)"
24.229.181.97 - - [13/Dec/2008:18:33:59 -0500] "GET /limerick/naut199.html HTTP/1.1" 200 34481 "http://www.google.com/search?hl=en&q=naughty+limerick" "Mozilla/4.0 (compatible; MSIE 7.0; Windows NT 5.1; MSDigitalLocker; .NET CLR 2.0.50727)"
24.229.181.97 - - [13/Dec/2008:18:33:59 -0500] "GET /gifs/nakedman.gif HTTP/1.1" 200 7734 "http://www.toastpoint.com/limerick/naut199.html" "Mozilla/4.0 (compatible; MSIE 7.0; Windows NT 5.1; MSDigitalLocker; .NET CLR 2.0.50727)"
24.229.181.97 - - [13/Dec/2008:18:34:00 -0500] "GET /gifs/goldstar.jpg HTTP/1.1" 200 1854 "http://www.toastpoint.com/limerick/naut199.html" "Mozilla/4.0 (compatible; MSIE 7.0; Windows NT 5.1; MSDigitalLocker; .NET CLR 2.0.50727)"
24.229.181.97 - - [13/Dec/2008:18:34:02 -0500] "GET /gifs/boobies.gif HTTP/1.1" 200 11144 "http://www.toastpoint.com/limerick/naut199.html" "Mozilla/4.0 (compatible; MSIE 7.0; Windows NT 5.1; MSDigitalLocker; .NET CLR 2.0.50727)"
24.229.181.97 - - [13/Dec/2008:18:34:02 -0500] "GET /favicon.ico HTTP/1.1" 404 693 "-" "Mozilla/4.0 (compatible; MSIE 7.0; Windows NT 5.1; MSDigitalLocker; .NET CLR 2.0.50727)"
216.183.81.221 - - [13/Dec/2008:18:38:07 -0500] "GET / HTTP/1.1" 304 - "-" "Wget/1.10.2"
216.183.81.221 - - [13/Dec/2008:18:39:11 -0500] "GET / HTTP/1.1" 304 - "-" "Wget/1.10.2"
216.183.81.221 - - [13/Dec/2008:18:49:10 -0500] "GET / HTTP/1.1" 304 - "-" "Wget/1.10.2"
75.83.127.94 - - [13/Dec/2008:18:56:28 -0500] "GET http://www.toastpoint.com/ HTTP/1.0" 200 464 "-" "Mozilla/4.0 (compatible; MSIE 7.0b; Windows NT 6.0)"
75.83.127.94 - - [13/Dec/2008:18:57:10 -0500] "GET http://www.toastpoint.com/ HTTP/1.0" 200 464 "-" "Mozilla/4.0 (compatible; MSIE 7.0b; Windows NT 6.0)"
65.55.209.74 - - [13/Dec/2008:18:58:51 -0500] "GET /robots.txt HTTP/1.1" 404 693 "-" "msnbot/1.1 (+http://search.msn.com/msnbot.htm)"
65.55.209.74 - - [13/Dec/2008:18:58:51 -0500] "GET /limerick/naut199.html HTTP/1.1" 200 34481 "-" "msnbot/1.1 (+http://search.msn.com/msnbot.htm)"
216.183.81.221 - - [13/Dec/2008:19:17:12 -0500] "GET / HTTP/1.1" 200 464 "-" "Wget/1.10.2"
74.6.21.249 - - [13/Dec/2008:19:20:07 -0500] "GET /robots.txt HTTP/1.0" 404 693 "-" "Mozilla/5.0 (compatible; Yahoo! Slurp; http://help.yahoo.com/help/us/ysearch/slurp)"
74.6.76.45 - - [13/Dec/2008:19:20:09 -0500] "GET / HTTP/1.0" 200 464 "-" "Mozilla/5.0 (compatible; Yahoo! DE Slurp; http://help.yahoo.com/help/us/ysearch/slurp)"
74.6.76.45 - - [13/Dec/2008:19:20:10 -0500] "GET /toastpointtopleft.html HTTP/1.0" 200 162 "-" "Mozilla/5.0 (compatible; Yahoo! DE Slurp; http://help.yahoo.com/help/us/ysearch/slurp)"
74.6.76.45 - - [13/Dec/2008:19:20:11 -0500] "GET /toastpointtoc.html HTTP/1.0" 200 1188 "-" "Mozilla/5.0 (compatible; Yahoo! DE Slurp; http://help.yahoo.com/help/us/ysearch/slurp)"
74.6.76.45 - - [13/Dec/2008:19:20:12 -0500] "GET /news.html HTTP/1.0" 200 17706 "-" "Mozilla/5.0 (compatible; Yahoo! DE Slurp; http://help.yahoo.com/help/us/ysearch/slurp)"
74.6.76.45 - - [13/Dec/2008:19:20:13 -0500] "GET /toastpointtopright.html HTTP/1.0" 200 151 "-" "Mozilla/5.0 (compatible; Yahoo! DE Slurp; http://help.yahoo.com/help/us/ysearch/slurp)"
74.6.76.45 - - [13/Dec/2008:19:20:14 -0500] "GET /tpnews.html HTTP/1.0" 200 8305 "-" "Mozilla/5.0 (compatible; Yahoo! DE Slurp; http://help.yahoo.com/help/us/ysearch/slurp)"
77.102.68.34 - - [13/Dec/2008:19:20:43 -0500] "GET /bio.html HTTP/1.1" 200 7868 "http://search.live.com/results.aspx?q=who+sang+a+little+bit+of+toast&src=IE-SearchBox" "Mozilla/4.0 (compatible; MSIE 7.0; Windows NT 6.0; SLCC1; .NET CLR 2.0.50727; Media Center PC 5.0; .NET CLR 3.0.04506)"
77.102.68.34 - - [13/Dec/2008:19:20:44 -0500] "GET /gifs/samp.jpg HTTP/1.1" 200 2907 "http://www.toastpoint.com/bio.html" "Mozilla/4.0 (compatible; MSIE 7.0; Windows NT 6.0; SLCC1; .NET CLR 2.0.50727; Media Center PC 5.0; .NET CLR 3.0.04506)"
77.102.68.34 - - [13/Dec/2008:19:20:44 -0500] "GET /gifs/mom&dad.jpg HTTP/1.1" 200 6709 "http://www.toastpoint.com/bio.html" "Mozilla/4.0 (compatible; MSIE 7.0; Windows NT 6.0; SLCC1; .NET CLR 2.0.50727; Media Center PC 5.0; .NET CLR 3.0.04506)"
77.102.68.34 - - [13/Dec/2008:19:20:44 -0500] "GET /gifs/eric.jpg HTTP/1.1" 200 19411 "http://www.toastpoint.com/bio.html" "Mozilla/4.0 (compatible; MSIE 7.0; Windows NT 6.0; SLCC1; .NET CLR 2.0.50727; Media Center PC 5.0; .NET CLR 3.0.04506)"
77.102.68.34 - - [13/Dec/2008:19:20:44 -0500] "GET /gifs/leopold.jpg HTTP/1.1" 200 38609 "http://www.toastpoint.com/bio.html" "Mozilla/4.0 (compatible; MSIE 7.0; Windows NT 6.0; SLCC1; .NET CLR 2.0.50727; Media Center PC 5.0; .NET CLR 3.0.04506)"
77.102.68.34 - - [13/Dec/2008:19:20:45 -0500] "GET /favicon.ico HTTP/1.1" 404 693 "-" "Mozilla/4.0 (compatible; MSIE 7.0; Windows NT 6.0; SLCC1; .NET CLR 2.0.50727; Media Center PC 5.0; .NET CLR 3.0.04506)"
76.17.101.146 - - [13/Dec/2008:19:27:29 -0500] "GET /limerick/nice299.html HTTP/1.1" 200 28130 "http://www.google.com/search?q=romantic+goldfish+limerick&ie=utf-8&oe=utf-8&aq=t&rls=org.mozilla:en-US:official&client=firefox-a" "Mozilla/5.0 (Windows; U; Windows NT 5.1; en-US; rv:1.9.0.4) Gecko/2008102920 Firefox/3.0.4"
76.17.101.146 - - [13/Dec/2008:19:27:29 -0500] "GET /gifs/goldstar.jpg HTTP/1.1" 200 1854 "http://www.toastpoint.com/limerick/nice299.html" "Mozilla/5.0 (Windows; U; Windows NT 5.1; en-US; rv:1.9.0.4) Gecko/2008102920 Firefox/3.0.4"
76.17.101.146 - - [13/Dec/2008:19:27:29 -0500] "GET /gifs/birdumb2.gif HTTP/1.1" 200 4698 "http://www.toastpoint.com/limerick/nice299.html" "Mozilla/5.0 (Windows; U; Windows NT 5.1; en-US; rv:1.9.0.4) Gecko/2008102920 Firefox/3.0.4"
76.17.101.146 - - [13/Dec/2008:19:27:29 -0500] "GET /gifs/birdumb.gif HTTP/1.1" 200 4704 "http://www.toastpoint.com/limerick/nice299.html" "Mozilla/5.0 (Windows; U; Windows NT 5.1; en-US; rv:1.9.0.4) Gecko/2008102920 Firefox/3.0.4"
76.17.101.146 - - [13/Dec/2008:19:27:29 -0500] "GET /favicon.ico HTTP/1.1" 404 693 "-" "Mozilla/5.0 (Windows; U; Windows NT 5.1; en-US; rv:1.9.0.4) Gecko/2008102920 Firefox/3.0.4"
193.238.230.109 - - [13/Dec/2008:19:35:09 -0500] "GET / HTTP/1.1" 200 464 "-" "Mozilla/5.0 (compatible)"
193.238.230.109 - - [13/Dec/2008:19:35:10 -0500] "GET / HTTP/1.1" 200 464 "-" "Mozilla/5.0 (compatible)"
193.238.230.109 - - [13/Dec/2008:19:35:10 -0500] "GET / HTTP/1.1" 200 464 "-" "Mozilla/5.0 (compatible)"
193.238.230.109 - - [13/Dec/2008:19:35:10 -0500] "GET / HTTP/1.1" 200 464 "-" "Mozilla/5.0 (compatible)"
193.238.230.109 - - [13/Dec/2008:19:35:10 -0500] "GET / HTTP/1.1" 200 464 "-" "Mozilla/5.0 (compatible)"
81.52.143.26 - - [13/Dec/2008:20:15:06 -0500] "GET /prideforallages.html HTTP/1.1" 200 988 "-" "Mozilla/5.0 (Windows; U; Windows NT 5.1; fr; rv:1.8.1) VoilaBot BETA 1.2 (support.voilabot@orange-ftgroup.com)"
208.115.111.245 - - [13/Dec/2008:21:36:42 -0500] "GET /limerick/1997/naut1297.html HTTP/1.1" 200 36990 "-" "Mozilla/5.0 (compatible; DotBot/1.1; http://www.dotnetdotcom.org/, crawler@dotnetdotcom.org)"
208.115.111.245 - - [13/Dec/2008:21:36:44 -0500] "GET /limerick/1997/naut197.html HTTP/1.1" 200 27246 "-" "Mozilla/5.0 (compatible; DotBot/1.1; http://www.dotnetdotcom.org/, crawler@dotnetdotcom.org)"
208.115.111.245 - - [13/Dec/2008:21:36:46 -0500] "GET /limerick/1997/naut297.html HTTP/1.1" 200 31034 "-" "Mozilla/5.0 (compatible; DotBot/1.1; http://www.dotnetdotcom.org/, crawler@dotnetdotcom.org)"
208.115.111.245 - - [13/Dec/2008:21:36:47 -0500] "GET /limerick/1997/naut397.html HTTP/1.1" 200 21435 "-" "Mozilla/5.0 (compatible; DotBot/1.1; http://www.dotnetdotcom.org/, crawler@dotnetdotcom.org)"
208.115.111.245 - - [13/Dec/2008:21:36:50 -0500] "GET /limerick/1997/naut497.html HTTP/1.1" 200 43346 "-" "Mozilla/5.0 (compatible; DotBot/1.1; http://www.dotnetdotcom.org/, crawler@dotnetdotcom.org)"
208.115.111.245 - - [13/Dec/2008:21:36:51 -0500] "GET /limerick/1997/naut597.html HTTP/1.1" 200 22468 "-" "Mozilla/5.0 (compatible; DotBot/1.1; http://www.dotnetdotcom.org/, crawler@dotnetdotcom.org)"
208.115.111.245 - - [13/Dec/2008:21:36:52 -0500] "GET /limerick/1997/naut697.html HTTP/1.1" 200 24732 "-" "Mozilla/5.0 (compatible; DotBot/1.1; http://www.dotnetdotcom.org/, crawler@dotnetdotcom.org)"
208.115.111.245 - - [13/Dec/2008:21:36:54 -0500] "GET /limerick/1997/naut797.html HTTP/1.1" 200 22034 "-" "Mozilla/5.0 (compatible; DotBot/1.1; http://www.dotnetdotcom.org/, crawler@dotnetdotcom.org)"
208.115.111.245 - - [13/Dec/2008:21:36:55 -0500] "GET /limerick/1997/naut997.html HTTP/1.1" 200 53317 "-" "Mozilla/5.0 (compatible; DotBot/1.1; http://www.dotnetdotcom.org/, crawler@dotnetdotcom.org)"
208.115.111.245 - - [13/Dec/2008:21:36:56 -0500] "GET /limerick/1997/nice1097.html HTTP/1.1" 200 20810 "-" "Mozilla/5.0 (compatible; DotBot/1.1; http://www.dotnetdotcom.org/, crawler@dotnetdotcom.org)"
75.83.127.94 - - [13/Dec/2008:21:46:18 -0500] "GET http://www.toastpoint.com/ HTTP/1.0" 200 464 "-" "Mozilla/4.0 (compatible; MSIE 7.0b; Windows NT 6.0)"
75.83.127.94 - - [13/Dec/2008:21:46:44 -0500] "GET http://www.toastpoint.com/ HTTP/1.0" 200 464 "-" "Mozilla/4.0 (compatible; MSIE 7.0b; Windows NT 6.0)"
75.83.127.94 - - [13/Dec/2008:21:47:03 -0500] "GET http://www.toastpoint.com/ HTTP/1.0" 200 464 "-" "Mozilla/4.0 (compatible; MSIE 7.0b; Windows NT 6.0)"
75.83.127.94 - - [13/Dec/2008:21:53:59 -0500] "GET http://www.toastpoint.com/ HTTP/1.0" 200 464 "-" "Mozilla/4.0 (compatible; MSIE 7.0b; Windows NT 6.0)"
119.63.194.130 - - [13/Dec/2008:22:53:40 -0500] "GET / HTTP/1.1" 304 - "-" "Baiduspider+(+http://help.baidu.jp/system/05.html)"
66.249.65.232 - - [13/Dec/2008:23:40:26 -0500] "GET /robots.txt HTTP/1.1" 404 693 "-" "Mozilla/5.0 (compatible; Googlebot/2.1; +http://www.google.com/bot.html)"
66.249.65.232 - - [13/Dec/2008:23:40:26 -0500] "GET /writing/fancy.html HTTP/1.1" 200 4720 "-" "Mozilla/5.0 (compatible; Googlebot/2.1; +http://www.google.com/bot.html)"
