65.55.210.9 - - [15/Dec/2008:01:38:22 -0500] "GET /robots.txt HTTP/1.1" 404 693 "-" "msnbot/1.1 (+http://search.msn.com/msnbot.htm)"
65.55.210.9 - - [15/Dec/2008:01:38:22 -0500] "GET /limerick/1998/nice298.html HTTP/1.1" 200 24359 "-" "msnbot/1.1 (+http://search.msn.com/msnbot.htm)"
74.6.22.162 - - [15/Dec/2008:01:51:14 -0500] "GET /robots.txt HTTP/1.0" 404 693 "-" "Mozilla/5.0 (compatible; Yahoo! Slurp; http://help.yahoo.com/help/us/ysearch/slurp)"
74.6.22.162 - - [15/Dec/2008:01:51:24 -0500] "GET /photo.html HTTP/1.0" 200 4228 "-" "Mozilla/5.0 (compatible; Yahoo! Slurp; http://help.yahoo.com/help/us/ysearch/slurp)"
81.52.143.26 - - [15/Dec/2008:02:30:27 -0500] "GET /robots.txt HTTP/1.1" 404 693 "-" "Mozilla/5.0 (Windows; U; Windows NT 5.1; fr; rv:1.8.1) VoilaBot BETA 1.2 (support.voilabot@orange-ftgroup.com)"
81.52.143.26 - - [15/Dec/2008:02:30:40 -0500] "GET /limerick/nice499.html HTTP/1.1" 200 24193 "-" "Mozilla/5.0 (Windows; U; Windows NT 5.1; fr; rv:1.8.1) VoilaBot BETA 1.2 (support.voilabot@orange-ftgroup.com)"
193.252.149.15 - - [15/Dec/2008:02:46:31 -0500] "GET /robots.txt HTTP/1.1" 404 693 "-" "Mozilla/5.0 (Windows; U; Windows NT 5.1; fr; rv:1.8.1) VoilaBot BETA 1.2 (support.voilabot@orange-ftgroup.com)"
193.252.149.15 - - [15/Dec/2008:02:46:35 -0500] "GET /haiku/haiku199.html HTTP/1.1" 200 34287 "-" "Mozilla/5.0 (Windows; U; Windows NT 5.1; fr; rv:1.8.1) VoilaBot BETA 1.2 (support.voilabot@orange-ftgroup.com)"
193.47.80.45 - - [15/Dec/2008:03:21:20 -0500] "GET /rapture/hogwartssorcerer.txt HTTP/1.1" 200 12877 "-" "Mozilla/5.0 (compatible; Exabot/3.0; +http://www.exabot.com/go/robot)"
208.80.194.48 - - [15/Dec/2008:03:30:44 -0500] "GET / HTTP/1.0" 200 464 "-" "Mozilla/4.0 (compatible; MSIE 7.0; Windows NT 5.1; {3876D45F-2570-31B5-B48A-56820D761267}; .NET CLR 1.1.4322)"
193.47.80.45 - - [15/Dec/2008:03:41:12 -0500] "GET /fiction/fict98/fict298.html HTTP/1.1" 200 37545 "-" "Mozilla/5.0 (compatible; Exabot/3.0; +http://www.exabot.com/go/robot)"
72.44.41.174 - - [15/Dec/2008:04:11:05 -0500] "GET /haiku/haiku299.html HTTP/1.1" 200 68017 "-" "-"
208.111.154.15 - - [15/Dec/2008:04:23:01 -0500] "GET /robots.txt HTTP/1.0" 404 693 "-" "Mozilla/5.0 (compatible; Charlotte/1.1; http://www.searchme.com/support/)"
65.55.230.188 - - [15/Dec/2008:04:23:11 -0500] "GET /robots.txt HTTP/1.1" 404 693 "-" "msnbot-media/1.1 (+http://search.msn.com/msnbot.htm)"
65.55.230.188 - - [15/Dec/2008:04:23:11 -0500] "GET / HTTP/1.1" 200 919088 "-" "msnbot-media/1.1 (+http://search.msn.com/msnbot.htm)"
81.52.143.26 - - [15/Dec/2008:04:31:41 -0500] "GET /limerick/nice299.html HTTP/1.1" 200 28130 "-" "Mozilla/5.0 (Windows; U; Windows NT 5.1; fr; rv:1.8.1) VoilaBot BETA 1.2 (support.voilabot@orange-ftgroup.com)"
68.142.215.138 - - [15/Dec/2008:04:33:56 -0500] "GET /robots.txt HTTP/1.0" 404 693 "-" "Mozilla/5.0 (Yahoo-MMCrawler/4.0; mailto:vertical-crawl-support@yahoo-inc.com)"
68.142.215.138 - - [15/Dec/2008:04:33:56 -0500] "GET /gifs/tpoct-nov2008.jpg HTTP/1.0" 200 59792 "-" "Mozilla/5.0 (Yahoo-MMCrawler/4.0; mailto:vertical-crawl-support@yahoo-inc.com)"
114.111.36.26 - - [15/Dec/2008:04:51:17 -0500] "GET /robots.txt HTTP/1.1" 404 693 "-" "Mozilla/4.0 (compatible; NaverBot/1.0; http://help.naver.com/delete_main.asp)"
114.111.36.26 - - [15/Dec/2008:04:51:23 -0500] "GET / HTTP/1.1" 200 464 "-" "Mozilla/4.0 (compatible; NaverBot/1.0; http://help.naver.com/delete_main.asp)"
208.111.154.16 - - [15/Dec/2008:04:52:18 -0500] "GET /robots.txt HTTP/1.0" 404 693 "-" "Mozilla/5.0 (compatible; Charlotte/1.1; http://www.searchme.com/support/)"
68.142.215.138 - - [15/Dec/2008:04:53:11 -0500] "GET /robots.txt HTTP/1.0" 404 693 "-" "Mozilla/5.0 (Yahoo-MMCrawler/4.0; mailto:vertical-crawl-support@yahoo-inc.com)"
68.142.215.138 - - [15/Dec/2008:04:53:11 -0500] "GET /gifs/tpoct-nov2008.jpg HTTP/1.0" 200 59792 "-" "Mozilla/5.0 (Yahoo-MMCrawler/4.0; mailto:vertical-crawl-support@yahoo-inc.com)"
68.142.215.138 - - [15/Dec/2008:05:03:07 -0500] "GET /robots.txt HTTP/1.0" 404 693 "-" "Mozilla/5.0 (Yahoo-MMCrawler/4.0; mailto:vertical-crawl-support@yahoo-inc.com)"
68.142.215.138 - - [15/Dec/2008:05:03:08 -0500] "GET /gifs/tpoct-nov2008.jpg HTTP/1.0" 200 59792 "-" "Mozilla/5.0 (Yahoo-MMCrawler/4.0; mailto:vertical-crawl-support@yahoo-inc.com)"
68.142.215.138 - - [15/Dec/2008:05:16:08 -0500] "GET /robots.txt HTTP/1.0" 404 693 "-" "Mozilla/5.0 (Yahoo-MMCrawler/4.0; mailto:vertical-crawl-support@yahoo-inc.com)"
68.142.215.138 - - [15/Dec/2008:05:16:08 -0500] "GET /gifs/tpoct-nov2008.jpg HTTP/1.0" 200 59792 "-" "Mozilla/5.0 (Yahoo-MMCrawler/4.0; mailto:vertical-crawl-support@yahoo-inc.com)"
208.36.144.6 - - [15/Dec/2008:05:20:41 -0500] "GET /robots.txt HTTP/1.0" 404 693 "-" "Mozilla/5.0 (Twiceler-0.9 http://www.cuil.com/twiceler/robot.html)"
68.142.215.138 - - [15/Dec/2008:05:23:22 -0500] "GET /robots.txt HTTP/1.0" 404 693 "-" "Mozilla/5.0 (Yahoo-MMCrawler/4.0; mailto:vertical-crawl-support@yahoo-inc.com)"
68.142.215.138 - - [15/Dec/2008:05:23:22 -0500] "GET /gifs/tpoct-nov2008.jpg HTTP/1.0" 200 59792 "-" "Mozilla/5.0 (Yahoo-MMCrawler/4.0; mailto:vertical-crawl-support@yahoo-inc.com)"
208.111.154.16 - - [15/Dec/2008:05:26:39 -0500] "GET /robots.txt HTTP/1.0" 404 693 "-" "Mozilla/5.0 (compatible; Charlotte/1.1; http://www.searchme.com/support/)"
68.142.215.138 - - [15/Dec/2008:05:28:56 -0500] "GET /robots.txt HTTP/1.0" 404 693 "-" "Mozilla/5.0 (Yahoo-MMCrawler/4.0; mailto:vertical-crawl-support@yahoo-inc.com)"
68.142.215.138 - - [15/Dec/2008:05:28:56 -0500] "GET /gifs/tpoct-nov2008.jpg HTTP/1.0" 200 59792 "-" "Mozilla/5.0 (Yahoo-MMCrawler/4.0; mailto:vertical-crawl-support@yahoo-inc.com)"
208.80.194.43 - - [15/Dec/2008:05:29:41 -0500] "GET / HTTP/1.0" 200 464 "-" "Mozilla/4.0 (compatible; MSIE 6.0; Windows NT 5.1; {0B2CBCAF-AFF0-A66E-9050-E3CADDECDB86}; (R1 1.5); .NET CLR 1.1.4322; .NET CLR 2.0.50727)"
208.111.154.16 - - [15/Dec/2008:05:38:39 -0500] "GET /robots.txt HTTP/1.0" 404 693 "-" "Mozilla/5.0 (compatible; Charlotte/1.1; http://www.searchme.com/support/)"
216.183.81.221 - - [15/Dec/2008:05:42:20 -0500] "GET / HTTP/1.1" 304 - "-" "Wget/1.10.2"
68.142.215.138 - - [15/Dec/2008:05:43:24 -0500] "GET /robots.txt HTTP/1.0" 404 693 "-" "Mozilla/5.0 (Yahoo-MMCrawler/4.0; mailto:vertical-crawl-support@yahoo-inc.com)"
68.142.215.138 - - [15/Dec/2008:05:43:24 -0500] "GET /gifs/tpoct-nov2008.jpg HTTP/1.0" 200 59792 "-" "Mozilla/5.0 (Yahoo-MMCrawler/4.0; mailto:vertical-crawl-support@yahoo-inc.com)"
68.142.215.138 - - [15/Dec/2008:05:54:21 -0500] "GET /robots.txt HTTP/1.0" 404 693 "-" "Mozilla/5.0 (Yahoo-MMCrawler/4.0; mailto:vertical-crawl-support@yahoo-inc.com)"
68.142.215.138 - - [15/Dec/2008:05:54:22 -0500] "GET /gifs/tpoct-nov2008.jpg HTTP/1.0" 200 59792 "-" "Mozilla/5.0 (Yahoo-MMCrawler/4.0; mailto:vertical-crawl-support@yahoo-inc.com)"
208.111.154.15 - - [15/Dec/2008:05:59:32 -0500] "GET /robots.txt HTTP/1.0" 404 693 "-" "Mozilla/5.0 (compatible; Charlotte/1.1; http://www.searchme.com/support/)"
68.142.215.138 - - [15/Dec/2008:06:13:37 -0500] "GET /robots.txt HTTP/1.0" 404 693 "-" "Mozilla/5.0 (Yahoo-MMCrawler/4.0; mailto:vertical-crawl-support@yahoo-inc.com)"
68.142.215.138 - - [15/Dec/2008:06:13:37 -0500] "GET /gifs/tpoct-nov2008.jpg HTTP/1.0" 200 59792 "-" "Mozilla/5.0 (Yahoo-MMCrawler/4.0; mailto:vertical-crawl-support@yahoo-inc.com)"
68.142.215.138 - - [15/Dec/2008:06:18:05 -0500] "GET /robots.txt HTTP/1.0" 404 693 "-" "Mozilla/5.0 (Yahoo-MMCrawler/4.0; mailto:vertical-crawl-support@yahoo-inc.com)"
68.142.215.138 - - [15/Dec/2008:06:18:05 -0500] "GET /gifs/tpoct-nov2008.jpg HTTP/1.0" 200 59792 "-" "Mozilla/5.0 (Yahoo-MMCrawler/4.0; mailto:vertical-crawl-support@yahoo-inc.com)"
68.142.215.138 - - [15/Dec/2008:06:22:59 -0500] "GET /robots.txt HTTP/1.0" 404 693 "-" "Mozilla/5.0 (Yahoo-MMCrawler/4.0; mailto:vertical-crawl-support@yahoo-inc.com)"
68.142.215.138 - - [15/Dec/2008:06:22:59 -0500] "GET /gifs/tpoct-nov2008.jpg HTTP/1.0" 200 59792 "-" "Mozilla/5.0 (Yahoo-MMCrawler/4.0; mailto:vertical-crawl-support@yahoo-inc.com)"
208.111.154.16 - - [15/Dec/2008:06:24:28 -0500] "GET /robots.txt HTTP/1.0" 404 693 "-" "Mozilla/5.0 (compatible; Charlotte/1.1; http://www.searchme.com/support/)"
68.142.215.138 - - [15/Dec/2008:06:37:39 -0500] "GET /robots.txt HTTP/1.0" 404 693 "-" "Mozilla/5.0 (Yahoo-MMCrawler/4.0; mailto:vertical-crawl-support@yahoo-inc.com)"
68.142.215.138 - - [15/Dec/2008:06:37:40 -0500] "GET /gifs/tpoct-nov2008.jpg HTTP/1.0" 200 59792 "-" "Mozilla/5.0 (Yahoo-MMCrawler/4.0; mailto:vertical-crawl-support@yahoo-inc.com)"
63.241.3.51 - - [15/Dec/2008:06:40:10 -0500] "GET /limerick/limerick.html HTTP/1.1" 200 2613 "-" "-"
65.55.108.139 - - [15/Dec/2008:06:40:21 -0500] "GET /robots.txt HTTP/1.1" 404 693 "-" "msnbot-media/1.1 (+http://search.msn.com/msnbot.htm)"
65.55.108.139 - - [15/Dec/2008:06:40:21 -0500] "GET /index_files/image014.gif HTTP/1.1" 200 862 "-" "msnbot-media/1.1 (+http://search.msn.com/msnbot.htm)"
66.249.65.7 - - [15/Dec/2008:06:51:36 -0500] "GET /limerick/brady/thebunch.gif HTTP/1.1" 304 - "-" "Googlebot-Image/1.0"
68.142.215.138 - - [15/Dec/2008:07:02:53 -0500] "GET /robots.txt HTTP/1.0" 404 693 "-" "Mozilla/5.0 (Yahoo-MMCrawler/4.0; mailto:vertical-crawl-support@yahoo-inc.com)"
68.142.215.138 - - [15/Dec/2008:07:02:54 -0500] "GET /gifs/tpoct-nov2008.jpg HTTP/1.0" 200 59792 "-" "Mozilla/5.0 (Yahoo-MMCrawler/4.0; mailto:vertical-crawl-support@yahoo-inc.com)"
124.115.10.193 - - [15/Dec/2008:07:13:43 -0500] "GET / HTTP/1.1" 200 464 "http://www.toastpoint.com/" "Mozilla/4.0 (compatible; MSIE 6.0; Windows NT 5.1)"
124.115.10.193 - - [15/Dec/2008:07:13:55 -0500] "GET /toastpointtopleft.html HTTP/1.1" 200 162 "http://www.toastpoint.com/toastpointtopleft.html" "Mozilla/4.0 (compatible; MSIE 6.0; Windows NT 5.1)"
124.115.10.193 - - [15/Dec/2008:07:13:58 -0500] "GET /toastpointtoc.html HTTP/1.1" 200 1188 "http://www.toastpoint.com/toastpointtoc.html" "Mozilla/4.0 (compatible; MSIE 6.0; Windows NT 5.1)"
124.115.10.193 - - [15/Dec/2008:07:14:00 -0500] "GET /news.html HTTP/1.1" 200 17706 "http://www.toastpoint.com/news.html" "Mozilla/4.0 (compatible; MSIE 6.0; Windows NT 5.1)"
124.115.10.193 - - [15/Dec/2008:07:14:03 -0500] "GET /toastpointtopright.html HTTP/1.1" 200 151 "http://www.toastpoint.com/toastpointtopright.html" "Mozilla/4.0 (compatible; MSIE 6.0; Windows NT 5.1)"
124.115.10.193 - - [15/Dec/2008:07:14:05 -0500] "GET /tpnews.html HTTP/1.1" 200 8305 "http://www.toastpoint.com/tpnews.html" "Mozilla/4.0 (compatible; MSIE 6.0; Windows NT 5.1)"
208.111.154.15 - - [15/Dec/2008:07:47:47 -0500] "GET /robots.txt HTTP/1.0" 404 693 "-" "Mozilla/5.0 (compatible; Charlotte/1.1; http://www.searchme.com/support/)"
208.111.154.16 - - [15/Dec/2008:07:48:04 -0500] "GET /limerick/1995/niceoct.html HTTP/1.1" 200 5007 "-" "Mozilla/5.0 (compatible; Charlotte/1.1; http://www.searchme.com/support/)"
124.115.1.66 - - [15/Dec/2008:07:53:50 -0500] "GET / HTTP/1.1" 200 464 "http://www.toastpoint.com/" "Mozilla/4.0 (compatible; MSIE 6.0; Windows NT 5.1)"
124.115.1.66 - - [15/Dec/2008:07:54:10 -0500] "GET /toastpointtopleft.html HTTP/1.1" 200 162 "http://www.toastpoint.com/toastpointtopleft.html" "Mozilla/4.0 (compatible; MSIE 6.0; Windows NT 5.1)"
124.115.1.66 - - [15/Dec/2008:07:54:11 -0500] "GET /toastpointtoc.html HTTP/1.1" 200 1188 "http://www.toastpoint.com/toastpointtoc.html" "Mozilla/4.0 (compatible; MSIE 6.0; Windows NT 5.1)"
124.115.1.66 - - [15/Dec/2008:07:54:15 -0500] "GET /news.html HTTP/1.1" 200 17706 "http://www.toastpoint.com/news.html" "Mozilla/4.0 (compatible; MSIE 6.0; Windows NT 5.1)"
124.115.1.66 - - [15/Dec/2008:07:54:18 -0500] "GET /toastpointtopright.html HTTP/1.1" 200 151 "http://www.toastpoint.com/toastpointtopright.html" "Mozilla/4.0 (compatible; MSIE 6.0; Windows NT 5.1)"
124.115.1.66 - - [15/Dec/2008:07:54:19 -0500] "GET /tpnews.html HTTP/1.1" 200 8305 "http://www.toastpoint.com/tpnews.html" "Mozilla/4.0 (compatible; MSIE 6.0; Windows NT 5.1)"
208.111.154.16 - - [15/Dec/2008:08:03:56 -0500] "GET /robots.txt HTTP/1.0" 404 693 "-" "Mozilla/5.0 (compatible; Charlotte/1.1; http://www.searchme.com/support/)"
65.55.108.170 - - [15/Dec/2008:08:06:06 -0500] "GET /robots.txt HTTP/1.1" 404 693 "-" "msnbot-media/1.1 (+http://search.msn.com/msnbot.htm)"
65.55.108.170 - - [15/Dec/2008:08:06:07 -0500] "GET /index_files/image012.jpg HTTP/1.1" 200 4749 "-" "msnbot-media/1.1 (+http://search.msn.com/msnbot.htm)"
208.111.154.15 - - [15/Dec/2008:08:16:02 -0500] "GET /robots.txt HTTP/1.0" 404 693 "-" "Mozilla/5.0 (compatible; Charlotte/1.1; http://www.searchme.com/support/)"
208.111.154.16 - - [15/Dec/2008:08:25:24 -0500] "GET /robots.txt HTTP/1.0" 404 693 "-" "Mozilla/5.0 (compatible; Charlotte/1.1; http://www.searchme.com/support/)"
65.55.209.252 - - [15/Dec/2008:08:28:34 -0500] "GET /robots.txt HTTP/1.1" 404 693 "-" "msnbot/1.1 (+http://search.msn.com/msnbot.htm)"
65.55.209.252 - - [15/Dec/2008:08:28:34 -0500] "GET /limerick/1998/lim1998.html HTTP/1.1" 304 - "-" "msnbot/1.1 (+http://search.msn.com/msnbot.htm)"
208.111.154.16 - - [15/Dec/2008:08:35:23 -0500] "GET /robots.txt HTTP/1.0" 404 693 "-" "Mozilla/5.0 (compatible; Charlotte/1.1; http://www.searchme.com/support/)"
208.111.154.15 - - [15/Dec/2008:08:40:19 -0500] "GET /robots.txt HTTP/1.0" 404 693 "-" "Mozilla/5.0 (compatible; Charlotte/1.1; http://www.searchme.com/support/)"
67.188.183.250 - - [15/Dec/2008:08:45:10 -0500] "GET /robots.txt HTTP/1.0" 404 693 "-" "nrsbot/5.0(loopip.com/robot.html)"
67.188.183.250 - - [15/Dec/2008:08:45:11 -0500] "GET /haiku/haiku.html HTTP/1.0" 200 2147 "-" "nrsbot/5.0(loopip.com/robot.html)"
119.160.120.31 - - [15/Dec/2008:08:45:33 -0500] "GET / HTTP/1.0" 200 464 "-" "Mozilla/4.0 (compatible; MSIE 7.0b; Windows NT 6.0)"
195.93.21.1 - - [15/Dec/2008:08:51:08 -0500] "HEAD /bio.html HTTP/1.1" 200 - "-" "-"
195.93.21.1 - - [15/Dec/2008:08:51:08 -0500] "HEAD /bio.html HTTP/1.1" 200 - "-" "-"
74.6.27.176 - - [15/Dec/2008:08:51:42 -0500] "GET /robots.txt HTTP/1.0" 404 693 "-" "Mozilla/5.0 (compatible; Yahoo! Slurp; http://help.yahoo.com/help/us/ysearch/slurp)"
74.6.30.119 - - [15/Dec/2008:08:51:42 -0500] "GET /haiku/haiku.html HTTP/1.0" 200 2147 "-" "Mozilla/5.0 (compatible; Yahoo! DE Slurp; http://help.yahoo.com/help/us/ysearch/slurp)"
195.93.21.1 - - [15/Dec/2008:08:51:52 -0500] "HEAD /bio.html HTTP/1.1" 200 - "-" "-"
195.93.21.1 - - [15/Dec/2008:08:51:52 -0500] "HEAD /bio.html HTTP/1.1" 200 - "-" "-"
195.93.21.1 - - [15/Dec/2008:08:52:15 -0500] "HEAD /bio.html HTTP/1.1" 200 - "-" "-"
195.93.21.1 - - [15/Dec/2008:08:52:15 -0500] "HEAD /bio.html HTTP/1.1" 200 - "-" "-"
72.14.199.90 - - [15/Dec/2008:09:07:04 -0500] "GET /haiku/1997/haik1997.html HTTP/1.1" 200 2138 "-" "DoCoMo/2.0 N905i(c100;TB;W24H16) (compatible; Googlebot-Mobile/2.1; +http://www.google.com/bot.html)"
72.14.199.90 - - [15/Dec/2008:09:07:32 -0500] "GET /haiku/1995/haikujul.html HTTP/1.1" 200 2170 "-" "DoCoMo/2.0 N905i(c100;TB;W24H16) (compatible; Googlebot-Mobile/2.1; +http://www.google.com/bot.html)"
72.14.199.90 - - [15/Dec/2008:09:09:58 -0500] "GET /limerick/1998/lim1998.html HTTP/1.1" 200 2041 "-" "DoCoMo/2.0 N905i(c100;TB;W24H16) (compatible; Googlebot-Mobile/2.1; +http://www.google.com/bot.html)"
72.14.199.90 - - [15/Dec/2008:09:10:38 -0500] "GET /haiku/1995/1995.html HTTP/1.1" 200 951 "-" "DoCoMo/2.0 N905i(c100;TB;W24H16) (compatible; Googlebot-Mobile/2.1; +http://www.google.com/bot.html)"
208.108.81.18 - - [15/Dec/2008:09:13:33 -0500] "GET /limerick/naut199.html HTTP/1.1" 200 34481 "http://www.google.com/search?hl=en&q=naughty+limericks&aq=0&oq=naughty+li" "Mozilla/4.0 (compatible; MSIE 6.0; Windows NT 5.1; SV1; .NET CLR 1.1.4322; InfoPath.1; .NET CLR 2.0.50727)"
72.14.199.90 - - [15/Dec/2008:09:13:36 -0500] "GET /limerick/1995/1995.html HTTP/1.1" 200 1428 "-" "DoCoMo/2.0 N905i(c100;TB;W24H16) (compatible; Googlebot-Mobile/2.1; +http://www.google.com/bot.html)"
72.14.199.90 - - [15/Dec/2008:09:14:17 -0500] "GET /haiku/1998/haik1998.html HTTP/1.1" 200 2178 "-" "DoCoMo/2.0 N905i(c100;TB;W24H16) (compatible; Googlebot-Mobile/2.1; +http://www.google.com/bot.html)"
72.14.199.90 - - [15/Dec/2008:09:17:44 -0500] "GET /limerick/1995/niceoct.html HTTP/1.1" 200 5007 "-" "DoCoMo/2.0 N905i(c100;TB;W24H16) (compatible; Googlebot-Mobile/2.1; +http://www.google.com/bot.html)"
72.14.199.90 - - [15/Dec/2008:09:18:25 -0500] "GET /fiction/fict98/fict98.html HTTP/1.1" 200 1540 "-" "DoCoMo/2.0 N905i(c100;TB;W24H16) (compatible; Googlebot-Mobile/2.1; +http://www.google.com/bot.html)"
72.14.199.90 - - [15/Dec/2008:09:20:40 -0500] "GET /limerick/1997/lim1997.html HTTP/1.1" 200 1925 "-" "DoCoMo/2.0 N905i(c100;TB;W24H16) (compatible; Googlebot-Mobile/2.1; +http://www.google.com/bot.html)"
72.14.199.90 - - [15/Dec/2008:09:20:45 -0500] "GET /fiction/novels/peak.html HTTP/1.1" 200 2410 "-" "DoCoMo/2.0 N905i(c100;TB;W24H16) (compatible; Googlebot-Mobile/2.1; +http://www.google.com/bot.html)"
208.111.154.16 - - [15/Dec/2008:09:20:56 -0500] "GET /robots.txt HTTP/1.0" 404 693 "-" "Mozilla/5.0 (compatible; Charlotte/1.1; http://www.searchme.com/support/)"
208.111.154.16 - - [15/Dec/2008:09:21:16 -0500] "GET /limerick/1996/nice996.html HTTP/1.1" 200 4972 "-" "Mozilla/5.0 (compatible; Charlotte/1.1; http://www.searchme.com/support/)"
72.14.199.90 - - [15/Dec/2008:09:21:27 -0500] "GET /haiku/1995/haikuaug.html HTTP/1.1" 200 6373 "-" "DoCoMo/2.0 N905i(c100;TB;W24H16) (compatible; Googlebot-Mobile/2.1; +http://www.google.com/bot.html)"
72.14.199.90 - - [15/Dec/2008:09:22:30 -0500] "GET /limerick/1995/nicenov.html HTTP/1.1" 200 5429 "-" "DoCoMo/2.0 N905i(c100;TB;W24H16) (compatible; Googlebot-Mobile/2.1; +http://www.google.com/bot.html)"
72.14.199.90 - - [15/Dec/2008:09:23:23 -0500] "GET /limerick/brady/brady1.html HTTP/1.1" 200 4493 "-" "DoCoMo/2.0 N905i(c100;TB;W24H16) (compatible; Googlebot-Mobile/2.1; +http://www.google.com/bot.html)"
72.14.199.90 - - [15/Dec/2008:09:25:02 -0500] "GET /limerick/1995/nautaug.html HTTP/1.1" 200 7940 "-" "DoCoMo/2.0 N905i(c100;TB;W24H16) (compatible; Googlebot-Mobile/2.1; +http://www.google.com/bot.html)"
72.14.199.90 - - [15/Dec/2008:09:25:49 -0500] "GET /limerick/1996/lim1996.html HTTP/1.1" 200 2072 "-" "DoCoMo/2.0 N905i(c100;TB;W24H16) (compatible; Googlebot-Mobile/2.1; +http://www.google.com/bot.html)"
72.14.199.90 - - [15/Dec/2008:09:26:47 -0500] "GET /limerick/1995/nautmay.html HTTP/1.1" 200 4260 "-" "DoCoMo/2.0 N905i(c100;TB;W24H16) (compatible; Googlebot-Mobile/2.1; +http://www.google.com/bot.html)"
72.14.199.90 - - [15/Dec/2008:09:26:49 -0500] "GET /limerick/1995/niceaug.html HTTP/1.1" 200 4489 "-" "DoCoMo/2.0 N905i(c100;TB;W24H16) (compatible; Googlebot-Mobile/2.1; +http://www.google.com/bot.html)"
72.14.199.90 - - [15/Dec/2008:09:28:31 -0500] "GET /fiction/fict97/fict997.html HTTP/1.1" 200 4230 "-" "DoCoMo/2.0 N905i(c100;TB;W24H16) (compatible; Googlebot-Mobile/2.1; +http://www.google.com/bot.html)"
72.14.199.90 - - [15/Dec/2008:09:28:36 -0500] "GET /haiku/1995/haikujun.html HTTP/1.1" 200 2332 "-" "DoCoMo/2.0 N905i(c100;TB;W24H16) (compatible; Googlebot-Mobile/2.1; +http://www.google.com/bot.html)"
72.14.199.90 - - [15/Dec/2008:09:28:37 -0500] "GET /fiction/fict97/fict97.html HTTP/1.1" 200 1536 "-" "DoCoMo/2.0 N905i(c100;TB;W24H16) (compatible; Googlebot-Mobile/2.1; +http://www.google.com/bot.html)"
72.14.199.90 - - [15/Dec/2008:09:28:50 -0500] "GET /limerick/1995/nicejuly.html HTTP/1.1" 200 1086 "-" "DoCoMo/2.0 N905i(c100;TB;W24H16) (compatible; Googlebot-Mobile/2.1; +http://www.google.com/bot.html)"
72.14.199.90 - - [15/Dec/2008:09:28:56 -0500] "GET /fiction/fict97/fict297.html HTTP/1.1" 200 8467 "-" "DoCoMo/2.0 N905i(c100;TB;W24H16) (compatible; Googlebot-Mobile/2.1; +http://www.google.com/bot.html)"
72.14.199.90 - - [15/Dec/2008:09:29:14 -0500] "GET /limerick/brady/brady99.html HTTP/1.1" 200 7546 "-" "DoCoMo/2.0 N905i(c100;TB;W24H16) (compatible; Googlebot-Mobile/2.1; +http://www.google.com/bot.html)"
72.14.199.90 - - [15/Dec/2008:09:29:18 -0500] "GET /limerick/1995/nicesept.html HTTP/1.1" 200 3676 "-" "DoCoMo/2.0 N905i(c100;TB;W24H16) (compatible; Googlebot-Mobile/2.1; +http://www.google.com/bot.html)"
72.14.199.90 - - [15/Dec/2008:09:29:57 -0500] "GET /limerick/1995/bestnice.html HTTP/1.1" 200 6154 "-" "DoCoMo/2.0 N905i(c100;TB;W24H16) (compatible; Googlebot-Mobile/2.1; +http://www.google.com/bot.html)"
72.14.199.90 - - [15/Dec/2008:09:30:19 -0500] "GET /fiction/fict98/fict998.html HTTP/1.1" 200 7905 "-" "DoCoMo/2.0 N905i(c100;TB;W24H16) (compatible; Googlebot-Mobile/2.1; +http://www.google.com/bot.html)"
72.14.199.90 - - [15/Dec/2008:09:30:44 -0500] "GET /limerick/1995/nautsept.html HTTP/1.1" 200 7977 "-" "DoCoMo/2.0 N905i(c100;TB;W24H16) (compatible; Googlebot-Mobile/2.1; +http://www.google.com/bot.html)"
72.14.199.90 - - [15/Dec/2008:09:31:13 -0500] "GET /limerick/1995/nautjuly.html HTTP/1.1" 200 3106 "-" "DoCoMo/2.0 N905i(c100;TB;W24H16) (compatible; Googlebot-Mobile/2.1; +http://www.google.com/bot.html)"
72.14.199.90 - - [15/Dec/2008:09:31:18 -0500] "GET /limerick/1995/nautjune.html HTTP/1.1" 200 3274 "-" "DoCoMo/2.0 N905i(c100;TB;W24H16) (compatible; Googlebot-Mobile/2.1; +http://www.google.com/bot.html)"
72.14.199.41 - - [15/Dec/2008:09:33:55 -0500] "GET /robots.txt HTTP/1.1" 404 693 "-" "DoCoMo/2.0 N905i(c100;TB;W24H16) (compatible; Googlebot-Mobile/2.1; +http://www.google.com/bot.html)"
72.14.199.41 - - [15/Dec/2008:09:33:55 -0500] "GET /fiction/fict97/fict97.html HTTP/1.1" 200 1536 "-" "DoCoMo/2.0 N905i(c100;TB;W24H16) (compatible; Googlebot-Mobile/2.1; +http://www.google.com/bot.html)"
82.4.167.238 - - [15/Dec/2008:09:35:54 -0500] "GET /fiction/novels/peak2.html HTTP/1.1" 200 15955 "http://images.google.co.uk/imgres?imgurl=http://www.toastpoint.com/fiction/novels/petunia.jpg&imgrefurl=http://www.toastpoint.com/fiction/novels/peak2.html&usg=__RldIXiJPTxK71Bk0urr0wy6TEjU=&h=161&w=240&sz=39&hl=en&start=25&um=1&tbnid=kmfaEm6CPj0ZyM:&tbnh=74&tbnw=110&prev=/images%3Fq%3Dprize%2Bhogs%26start%3D21%26ndsp%3D21%26um%3D1%26hl%3Den%26rlz%3D1T4GPTB_en-GBGB296GB296%26sa%3DN" "Mozilla/4.0 (compatible; MSIE 7.0; Windows NT 5.1; InfoPath.2; .NET CLR 2.0.50727)"
82.4.167.238 - - [15/Dec/2008:09:35:54 -0500] "GET /gifs/paper.gif HTTP/1.1" 200 4756 "http://www.toastpoint.com/fiction/novels/peak2.html" "Mozilla/4.0 (compatible; MSIE 7.0; Windows NT 5.1; InfoPath.2; .NET CLR 2.0.50727)"
82.4.167.238 - - [15/Dec/2008:09:35:54 -0500] "GET /fiction/novels/wpeak.jpg HTTP/1.1" 200 52861 "http://www.toastpoint.com/fiction/novels/peak2.html" "Mozilla/4.0 (compatible; MSIE 7.0; Windows NT 5.1; InfoPath.2; .NET CLR 2.0.50727)"
82.4.167.238 - - [15/Dec/2008:09:35:54 -0500] "GET /fiction/novels/petunia.jpg HTTP/1.1" 200 39799 "http://www.toastpoint.com/fiction/novels/peak2.html" "Mozilla/4.0 (compatible; MSIE 7.0; Windows NT 5.1; InfoPath.2; .NET CLR 2.0.50727)"
72.14.199.41 - - [15/Dec/2008:09:36:12 -0500] "GET /fiction/fict98/fict98.html HTTP/1.1" 200 1540 "-" "DoCoMo/2.0 N905i(c100;TB;W24H16) (compatible; Googlebot-Mobile/2.1; +http://www.google.com/bot.html)"
74.61.45.35 - - [15/Dec/2008:09:38:18 -0500] "GET /fiction/fict98/fict398.html HTTP/1.1" 200 26221 "-" "Mozilla/5.0 (X11; U; Linux i686; en-US; rv:1.9.0.4) Gecko/2008102920 Firefox/3.0.4"
74.61.45.35 - - [15/Dec/2008:09:38:19 -0500] "GET /gifs/quill2.gif HTTP/1.1" 200 4300 "http://www.toastpoint.com/fiction/fict98/fict398.html" "Mozilla/5.0 (X11; U; Linux i686; en-US; rv:1.9.0.4) Gecko/2008102920 Firefox/3.0.4"
74.61.45.35 - - [15/Dec/2008:09:38:19 -0500] "GET /fiction/fict98/coupthb.gif HTTP/1.1" 404 693 "http://www.toastpoint.com/fiction/fict98/fict398.html" "Mozilla/5.0 (X11; U; Linux i686; en-US; rv:1.9.0.4) Gecko/2008102920 Firefox/3.0.4"
74.61.45.35 - - [15/Dec/2008:09:38:19 -0500] "GET /gifs/paper.gif HTTP/1.1" 200 4756 "http://www.toastpoint.com/fiction/fict98/fict398.html" "Mozilla/5.0 (X11; U; Linux i686; en-US; rv:1.9.0.4) Gecko/2008102920 Firefox/3.0.4"
74.61.45.35 - - [15/Dec/2008:09:38:19 -0500] "GET /fiction/fict98/crabthb.gif HTTP/1.1" 404 693 "http://www.toastpoint.com/fiction/fict98/fict398.html" "Mozilla/5.0 (X11; U; Linux i686; en-US; rv:1.9.0.4) Gecko/2008102920 Firefox/3.0.4"
74.61.45.35 - - [15/Dec/2008:09:38:19 -0500] "GET /gifs/quill1.gif HTTP/1.1" 200 4312 "http://www.toastpoint.com/fiction/fict98/fict398.html" "Mozilla/5.0 (X11; U; Linux i686; en-US; rv:1.9.0.4) Gecko/2008102920 Firefox/3.0.4"
74.61.45.35 - - [15/Dec/2008:09:38:19 -0500] "GET /gifs/star3.gif HTTP/1.1" 200 1536 "http://www.toastpoint.com/fiction/fict98/fict398.html" "Mozilla/5.0 (X11; U; Linux i686; en-US; rv:1.9.0.4) Gecko/2008102920 Firefox/3.0.4"
74.61.45.35 - - [15/Dec/2008:09:38:19 -0500] "GET /gifs/quill2.gif HTTP/1.1" 200 4300 "http://www.toastpoint.com/fiction/fict98/fict398.html" "Mozilla/5.0 (X11; U; Linux i686; en-US; rv:1.9.0.4) Gecko/2008102920 Firefox/3.0.4"
74.61.45.35 - - [15/Dec/2008:09:38:19 -0500] "GET /fiction/fict98/coupthb.gif HTTP/1.1" 404 693 "http://www.toastpoint.com/fiction/fict98/fict398.html" "Mozilla/5.0 (X11; U; Linux i686; en-US; rv:1.9.0.4) Gecko/2008102920 Firefox/3.0.4"
74.61.45.35 - - [15/Dec/2008:09:38:19 -0500] "GET /gifs/paper.gif HTTP/1.1" 200 4756 "http://www.toastpoint.com/fiction/fict98/fict398.html" "Mozilla/5.0 (X11; U; Linux i686; en-US; rv:1.9.0.4) Gecko/2008102920 Firefox/3.0.4"
74.61.45.35 - - [15/Dec/2008:09:38:19 -0500] "GET /gifs/quill1.gif HTTP/1.1" 200 4312 "http://www.toastpoint.com/fiction/fict98/fict398.html" "Mozilla/5.0 (X11; U; Linux i686; en-US; rv:1.9.0.4) Gecko/2008102920 Firefox/3.0.4"
74.61.45.35 - - [15/Dec/2008:09:38:19 -0500] "GET /fiction/fict98/crabthb.gif HTTP/1.1" 404 693 "http://www.toastpoint.com/fiction/fict98/fict398.html" "Mozilla/5.0 (X11; U; Linux i686; en-US; rv:1.9.0.4) Gecko/2008102920 Firefox/3.0.4"
74.61.45.35 - - [15/Dec/2008:09:38:19 -0500] "GET /gifs/star3.gif HTTP/1.1" 200 1536 "http://www.toastpoint.com/fiction/fict98/fict398.html" "Mozilla/5.0 (X11; U; Linux i686; en-US; rv:1.9.0.4) Gecko/2008102920 Firefox/3.0.4"
74.61.45.35 - - [15/Dec/2008:09:38:19 -0500] "GET /favicon.ico HTTP/1.1" 404 693 "-" "Mozilla/5.0 (X11; U; Linux i686; en-US; rv:1.9.0.4) Gecko/2008102920 Firefox/3.0.4"
74.61.45.35 - - [15/Dec/2008:09:38:21 -0500] "GET /favicon.ico HTTP/1.1" 404 693 "-" "Mozilla/5.0 (X11; U; Linux i686; en-US; rv:1.9.0.4) Gecko/2008102920 Firefox/3.0.4"
74.61.45.35 - - [15/Dec/2008:09:38:21 -0500] "GET /favicon.ico HTTP/1.1" 404 693 "-" "Mozilla/5.0 (X11; U; Linux i686; en-US; rv:1.9.0.4) Gecko/2008102920 Firefox/3.0.4"
74.61.45.35 - - [15/Dec/2008:09:38:21 -0500] "GET /favicon.ico HTTP/1.1" 404 693 "-" "Mozilla/5.0 (X11; U; Linux i686; en-US; rv:1.9.0.4) Gecko/2008102920 Firefox/3.0.4"
72.14.199.90 - - [15/Dec/2008:09:56:16 -0500] "GET /limerick/brady/brady96.html HTTP/1.1" 200 6418 "-" "DoCoMo/2.0 N905i(c100;TB;W24H16) (compatible; Googlebot-Mobile/2.1; +http://www.google.com/bot.html)"
65.215.94.13 - - [15/Dec/2008:10:02:52 -0500] "GET / HTTP/1.0" 200 464 "-" "Mozilla/4.0 (compatible; MSIE 6.0; Windows NT 5.1; SV1; .NET CLR 1.1.4322; .NET CLR 2.0.50727; .NET CLR 3.0.04506.30; .NET CLR 3.0.04506.648; .NET CLR 3.5.21022)"
65.215.94.13 - - [15/Dec/2008:10:02:52 -0500] "GET /toastpointtopleft.html HTTP/1.0" 200 162 "http://www.toastpoint.com/" "Mozilla/4.0 (compatible; MSIE 6.0; Windows NT 5.1; SV1; .NET CLR 1.1.4322; .NET CLR 2.0.50727; .NET CLR 3.0.04506.30; .NET CLR 3.0.04506.648; .NET CLR 3.5.21022)"
65.215.94.13 - - [15/Dec/2008:10:02:52 -0500] "GET /toastpointtoc.html HTTP/1.0" 200 1188 "http://www.toastpoint.com/" "Mozilla/4.0 (compatible; MSIE 6.0; Windows NT 5.1; SV1; .NET CLR 1.1.4322; .NET CLR 2.0.50727; .NET CLR 3.0.04506.30; .NET CLR 3.0.04506.648; .NET CLR 3.5.21022)"
65.215.94.13 - - [15/Dec/2008:10:02:52 -0500] "GET /news.html HTTP/1.0" 200 17706 "http://www.toastpoint.com/" "Mozilla/4.0 (compatible; MSIE 6.0; Windows NT 5.1; SV1; .NET CLR 1.1.4322; .NET CLR 2.0.50727; .NET CLR 3.0.04506.30; .NET CLR 3.0.04506.648; .NET CLR 3.5.21022)"
65.215.94.13 - - [15/Dec/2008:10:02:52 -0500] "GET /toastpointtopright.html HTTP/1.0" 200 151 "http://www.toastpoint.com/" "Mozilla/4.0 (compatible; MSIE 6.0; Windows NT 5.1; SV1; .NET CLR 1.1.4322; .NET CLR 2.0.50727; .NET CLR 3.0.04506.30; .NET CLR 3.0.04506.648; .NET CLR 3.5.21022)"
65.215.94.13 - - [15/Dec/2008:10:02:53 -0500] "GET /tpnews.html HTTP/1.0" 200 8305 "http://www.toastpoint.com/" "Mozilla/4.0 (compatible; MSIE 6.0; Windows NT 5.1; SV1; .NET CLR 1.1.4322; .NET CLR 2.0.50727; .NET CLR 3.0.04506.30; .NET CLR 3.0.04506.648; .NET CLR 3.5.21022)"
65.215.94.13 - - [15/Dec/2008:10:02:53 -0500] "GET /gifs/tpwinter20089.jpg HTTP/1.0" 200 28088 "http://www.toastpoint.com/news.html" "Mozilla/4.0 (compatible; MSIE 6.0; Windows NT 5.1; SV1; .NET CLR 1.1.4322; .NET CLR 2.0.50727; .NET CLR 3.0.04506.30; .NET CLR 3.0.04506.648; .NET CLR 3.5.21022)"
65.215.94.13 - - [15/Dec/2008:10:04:03 -0500] "GET /gifs/leoonbed.jpg HTTP/1.0" 200 58699 "http://www.toastpoint.com/news.html" "Mozilla/4.0 (compatible; MSIE 6.0; Windows NT 5.1; SV1; .NET CLR 1.1.4322; .NET CLR 2.0.50727; .NET CLR 3.0.04506.30; .NET CLR 3.0.04506.648; .NET CLR 3.5.21022)"
208.111.154.248 - - [15/Dec/2008:10:10:57 -0500] "GET /limerick/1996/naut796.html HTTP/1.1" 200 9432 "-" "Mozilla/5.0 (X11; U; Linux i686 (x86_64); en-US; rv:1.8.1.18) Gecko/20081203 Firefox/2.0.0.18"
208.111.154.248 - - [15/Dec/2008:10:10:58 -0500] "GET /gifs/mouthf1.jpg HTTP/1.1" 200 3650 "http://www.toastpoint.com/limerick/1996/naut796.html" "Mozilla/5.0 (X11; U; Linux i686 (x86_64); en-US; rv:1.8.1.18) Gecko/20081203 Firefox/2.0.0.18"
208.111.154.248 - - [15/Dec/2008:10:10:58 -0500] "GET /gifs/banana.jpg HTTP/1.1" 200 4139 "http://www.toastpoint.com/limerick/1996/naut796.html" "Mozilla/5.0 (X11; U; Linux i686 (x86_64); en-US; rv:1.8.1.18) Gecko/20081203 Firefox/2.0.0.18"
208.111.154.248 - - [15/Dec/2008:10:10:58 -0500] "GET /gifs/goldstar.jpg HTTP/1.1" 200 1854 "http://www.toastpoint.com/limerick/1996/naut796.html" "Mozilla/5.0 (X11; U; Linux i686 (x86_64); en-US; rv:1.8.1.18) Gecko/20081203 Firefox/2.0.0.18"
208.111.154.248 - - [15/Dec/2008:10:10:58 -0500] "GET /favicon.ico HTTP/1.1" 404 693 "-" "Mozilla/5.0 (X11; U; Linux i686 (x86_64); en-US; rv:1.8.1.18) Gecko/20081203 Firefox/2.0.0.18"
64.12.116.210 - - [15/Dec/2008:10:48:19 -0500] "HEAD /limerick/naut199.html HTTP/1.1" 200 - "-" "Mozilla/4.0 (compatible; MSIE 6.0; AOL 9.1; AOLBuild 4334.34; Windows NT 5.1; SV1; .NET CLR 1.0.3705; .NET CLR 1.1.4322; Media Center PC 4.0; .NET CLR 2.0.50727)"
64.1.215.164 - - [15/Dec/2008:11:13:41 -0500] "GET /robots.txt HTTP/1.0" 404 693 "-" "Mozilla/5.0 (Twiceler-0.9 http://www.cuil.com/twiceler/robot.html)"
208.111.154.15 - - [15/Dec/2008:12:03:19 -0500] "GET /robots.txt HTTP/1.0" 404 693 "-" "Mozilla/5.0 (compatible; Charlotte/1.1; http://www.searchme.com/support/)"
208.111.154.15 - - [15/Dec/2008:12:10:46 -0500] "GET /robots.txt HTTP/1.0" 404 693 "-" "Mozilla/5.0 (compatible; Charlotte/1.1; http://www.searchme.com/support/)"
208.111.154.16 - - [15/Dec/2008:12:13:03 -0500] "GET /robots.txt HTTP/1.0" 404 693 "-" "Mozilla/5.0 (compatible; Charlotte/1.1; http://www.searchme.com/support/)"
208.111.154.16 - - [15/Dec/2008:12:51:17 -0500] "GET /robots.txt HTTP/1.0" 404 693 "-" "Mozilla/5.0 (compatible; Charlotte/1.1; http://www.searchme.com/support/)"
81.52.143.15 - - [15/Dec/2008:12:54:20 -0500] "GET /limerick/1998/nice598.html HTTP/1.1" 200 45520 "-" "Mozilla/5.0 (Windows; U; Windows NT 5.1; fr; rv:1.8.1) VoilaBot BETA 1.2 (support.voilabot@orange-ftgroup.com)"
208.111.154.16 - - [15/Dec/2008:12:55:38 -0500] "GET /robots.txt HTTP/1.0" 404 693 "-" "Mozilla/5.0 (compatible; Charlotte/1.1; http://www.searchme.com/support/)"
208.111.154.15 - - [15/Dec/2008:12:55:58 -0500] "GET /robots.txt HTTP/1.0" 404 693 "-" "Mozilla/5.0 (compatible; Charlotte/1.1; http://www.searchme.com/support/)"
208.111.154.16 - - [15/Dec/2008:13:01:12 -0500] "GET /robots.txt HTTP/1.0" 404 693 "-" "Mozilla/5.0 (compatible; Charlotte/1.1; http://www.searchme.com/support/)"
208.54.14.13 - - [15/Dec/2008:13:04:34 -0500] "GET /favicon.ico HTTP/1.1" 404 693 "-" "Mozilla/4.0 (compatible; MSIE 7.0; Windows NT 6.0; SLCC1; .NET CLR 2.0.50727; Media Center PC 5.0; FDM; Windows-Media-Player/10.00.00.3990; .NET CLR 3.5.21022; .NET CLR 3.5.30729; .NET CLR 3.0.30618)"
208.54.14.13 - - [15/Dec/2008:13:04:34 -0500] "GET /limerick/limerick.html HTTP/1.1" 200 2613 "-" "Mozilla/4.0 (compatible; MSIE 7.0; Windows NT 6.0; SLCC1; .NET CLR 2.0.50727; Media Center PC 5.0; FDM; Windows-Media-Player/10.00.00.3990; .NET CLR 3.5.21022; .NET CLR 3.5.30729; .NET CLR 3.0.30618)"
208.54.14.13 - - [15/Dec/2008:13:04:35 -0500] "GET /gifs/woman.gif HTTP/1.1" 200 9657 "http://www.toastpoint.com/limerick/limerick.html" "Mozilla/4.0 (compatible; MSIE 7.0; Windows NT 6.0; SLCC1; .NET CLR 2.0.50727; Media Center PC 5.0; FDM; Windows-Media-Player/10.00.00.3990; .NET CLR 3.5.21022; .NET CLR 3.5.30729; .NET CLR 3.0.30618)"
208.54.14.13 - - [15/Dec/2008:13:04:35 -0500] "GET /gifs/birdumb2.gif HTTP/1.1" 200 4698 "http://www.toastpoint.com/limerick/limerick.html" "Mozilla/4.0 (compatible; MSIE 7.0; Windows NT 6.0; SLCC1; .NET CLR 2.0.50727; Media Center PC 5.0; FDM; Windows-Media-Player/10.00.00.3990; .NET CLR 3.5.21022; .NET CLR 3.5.30729; .NET CLR 3.0.30618)"
208.54.14.13 - - [15/Dec/2008:13:04:45 -0500] "GET /limerick/1998/lim1998.html HTTP/1.1" 200 2041 "http://www.toastpoint.com/limerick/limerick.html" "Mozilla/4.0 (compatible; MSIE 7.0; Windows NT 6.0; SLCC1; .NET CLR 2.0.50727; Media Center PC 5.0; FDM; Windows-Media-Player/10.00.00.3990; .NET CLR 3.5.21022; .NET CLR 3.5.30729; .NET CLR 3.0.30618)"
208.54.14.13 - - [15/Dec/2008:13:04:46 -0500] "GET /gifs/mouthf1.jpg HTTP/1.1" 200 3650 "http://www.toastpoint.com/limerick/1998/lim1998.html" "Mozilla/4.0 (compatible; MSIE 7.0; Windows NT 6.0; SLCC1; .NET CLR 2.0.50727; Media Center PC 5.0; FDM; Windows-Media-Player/10.00.00.3990; .NET CLR 3.5.21022; .NET CLR 3.5.30729; .NET CLR 3.0.30618)"
208.54.14.13 - - [15/Dec/2008:13:04:47 -0500] "GET /gifs/happy.jpg HTTP/1.1" 200 3135 "http://www.toastpoint.com/limerick/1998/lim1998.html" "Mozilla/4.0 (compatible; MSIE 7.0; Windows NT 6.0; SLCC1; .NET CLR 2.0.50727; Media Center PC 5.0; FDM; Windows-Media-Player/10.00.00.3990; .NET CLR 3.5.21022; .NET CLR 3.5.30729; .NET CLR 3.0.30618)"
208.54.14.13 - - [15/Dec/2008:13:04:52 -0500] "GET /limerick/1998/naut1298.html HTTP/1.1" 200 31614 "http://www.toastpoint.com/limerick/1998/lim1998.html" "Mozilla/4.0 (compatible; MSIE 7.0; Windows NT 6.0; SLCC1; .NET CLR 2.0.50727; Media Center PC 5.0; FDM; Windows-Media-Player/10.00.00.3990; .NET CLR 3.5.21022; .NET CLR 3.5.30729; .NET CLR 3.0.30618)"
208.54.14.13 - - [15/Dec/2008:13:04:54 -0500] "GET /gifs/boobies.gif HTTP/1.1" 200 11144 "http://www.toastpoint.com/limerick/1998/naut1298.html" "Mozilla/4.0 (compatible; MSIE 7.0; Windows NT 6.0; SLCC1; .NET CLR 2.0.50727; Media Center PC 5.0; FDM; Windows-Media-Player/10.00.00.3990; .NET CLR 3.5.21022; .NET CLR 3.5.30729; .NET CLR 3.0.30618)"
208.54.14.13 - - [15/Dec/2008:13:04:56 -0500] "GET /gifs/nakedman.gif HTTP/1.1" 200 7734 "http://www.toastpoint.com/limerick/1998/naut1298.html" "Mozilla/4.0 (compatible; MSIE 7.0; Windows NT 6.0; SLCC1; .NET CLR 2.0.50727; Media Center PC 5.0; FDM; Windows-Media-Player/10.00.00.3990; .NET CLR 3.5.21022; .NET CLR 3.5.30729; .NET CLR 3.0.30618)"
208.54.14.13 - - [15/Dec/2008:13:04:57 -0500] "GET /gifs/goldstar.jpg HTTP/1.1" 200 1854 "http://www.toastpoint.com/limerick/1998/naut1298.html" "Mozilla/4.0 (compatible; MSIE 7.0; Windows NT 6.0; SLCC1; .NET CLR 2.0.50727; Media Center PC 5.0; FDM; Windows-Media-Player/10.00.00.3990; .NET CLR 3.5.21022; .NET CLR 3.5.30729; .NET CLR 3.0.30618)"
208.54.14.13 - - [15/Dec/2008:13:05:09 -0500] "GET /limerick/1998/naut1198.html HTTP/1.1" 200 22126 "http://www.toastpoint.com/limerick/1998/lim1998.html" "Mozilla/4.0 (compatible; MSIE 7.0; Windows NT 6.0; SLCC1; .NET CLR 2.0.50727; Media Center PC 5.0; FDM; Windows-Media-Player/10.00.00.3990; .NET CLR 3.5.21022; .NET CLR 3.5.30729; .NET CLR 3.0.30618)"
208.54.14.13 - - [15/Dec/2008:13:05:22 -0500] "GET /limerick/1998/naut1098.html HTTP/1.1" 200 29294 "http://www.toastpoint.com/limerick/1998/lim1998.html" "Mozilla/4.0 (compatible; MSIE 7.0; Windows NT 6.0; SLCC1; .NET CLR 2.0.50727; Media Center PC 5.0; FDM; Windows-Media-Player/10.00.00.3990; .NET CLR 3.5.21022; .NET CLR 3.5.30729; .NET CLR 3.0.30618)"
208.54.14.13 - - [15/Dec/2008:13:05:34 -0500] "GET /limerick/1998/naut998.html HTTP/1.1" 200 35543 "http://www.toastpoint.com/limerick/1998/lim1998.html" "Mozilla/4.0 (compatible; MSIE 7.0; Windows NT 6.0; SLCC1; .NET CLR 2.0.50727; Media Center PC 5.0; FDM; Windows-Media-Player/10.00.00.3990; .NET CLR 3.5.21022; .NET CLR 3.5.30729; .NET CLR 3.0.30618)"
208.54.14.13 - - [15/Dec/2008:13:13:34 -0500] "GET /limerick/1998/naut798.html HTTP/1.1" 200 47582 "http://www.toastpoint.com/limerick/1998/lim1998.html" "Mozilla/4.0 (compatible; MSIE 7.0; Windows NT 6.0; SLCC1; .NET CLR 2.0.50727; Media Center PC 5.0; FDM; Windows-Media-Player/10.00.00.3990; .NET CLR 3.5.21022; .NET CLR 3.5.30729; .NET CLR 3.0.30618)"
208.54.14.13 - - [15/Dec/2008:13:14:31 -0500] "GET /limerick/1998/naut698.html HTTP/1.1" 200 41193 "http://www.toastpoint.com/limerick/1998/lim1998.html" "Mozilla/4.0 (compatible; MSIE 7.0; Windows NT 6.0; SLCC1; .NET CLR 2.0.50727; Media Center PC 5.0; FDM; Windows-Media-Player/10.00.00.3990; .NET CLR 3.5.21022; .NET CLR 3.5.30729; .NET CLR 3.0.30618)"
208.54.14.13 - - [15/Dec/2008:13:14:42 -0500] "GET /limerick/1998/naut598.html HTTP/1.1" 200 63665 "http://www.toastpoint.com/limerick/1998/lim1998.html" "Mozilla/4.0 (compatible; MSIE 7.0; Windows NT 6.0; SLCC1; .NET CLR 2.0.50727; Media Center PC 5.0; FDM; Windows-Media-Player/10.00.00.3990; .NET CLR 3.5.21022; .NET CLR 3.5.30729; .NET CLR 3.0.30618)"
208.54.14.13 - - [15/Dec/2008:13:14:56 -0500] "GET /limerick/1998/naut498.html HTTP/1.1" 200 31946 "http://www.toastpoint.com/limerick/1998/lim1998.html" "Mozilla/4.0 (compatible; MSIE 7.0; Windows NT 6.0; SLCC1; .NET CLR 2.0.50727; Media Center PC 5.0; FDM; Windows-Media-Player/10.00.00.3990; .NET CLR 3.5.21022; .NET CLR 3.5.30729; .NET CLR 3.0.30618)"
208.54.14.13 - - [15/Dec/2008:13:15:14 -0500] "GET /limerick/1998/naut398.html HTTP/1.1" 200 58324 "http://www.toastpoint.com/limerick/1998/lim1998.html" "Mozilla/4.0 (compatible; MSIE 7.0; Windows NT 6.0; SLCC1; .NET CLR 2.0.50727; Media Center PC 5.0; FDM; Windows-Media-Player/10.00.00.3990; .NET CLR 3.5.21022; .NET CLR 3.5.30729; .NET CLR 3.0.30618)"
208.54.14.13 - - [15/Dec/2008:13:15:28 -0500] "GET /limerick/1998/naut298.html HTTP/1.1" 200 48518 "http://www.toastpoint.com/limerick/1998/lim1998.html" "Mozilla/4.0 (compatible; MSIE 7.0; Windows NT 6.0; SLCC1; .NET CLR 2.0.50727; Media Center PC 5.0; FDM; Windows-Media-Player/10.00.00.3990; .NET CLR 3.5.21022; .NET CLR 3.5.30729; .NET CLR 3.0.30618)"
208.54.14.13 - - [15/Dec/2008:13:16:08 -0500] "GET /limerick/1998/naut198.html HTTP/1.1" 200 38022 "http://www.toastpoint.com/limerick/1998/lim1998.html" "Mozilla/4.0 (compatible; MSIE 7.0; Windows NT 6.0; SLCC1; .NET CLR 2.0.50727; Media Center PC 5.0; FDM; Windows-Media-Player/10.00.00.3990; .NET CLR 3.5.21022; .NET CLR 3.5.30729; .NET CLR 3.0.30618)"
208.54.14.13 - - [15/Dec/2008:13:16:10 -0500] "GET /gifs/banana.jpg HTTP/1.1" 200 4139 "http://www.toastpoint.com/limerick/1998/naut198.html" "Mozilla/4.0 (compatible; MSIE 7.0; Windows NT 6.0; SLCC1; .NET CLR 2.0.50727; Media Center PC 5.0; FDM; Windows-Media-Player/10.00.00.3990; .NET CLR 3.5.21022; .NET CLR 3.5.30729; .NET CLR 3.0.30618)"
208.54.14.13 - - [15/Dec/2008:13:16:32 -0500] "GET /limerick/naut599.html HTTP/1.1" 200 21235 "http://www.toastpoint.com/limerick/limerick.html" "Mozilla/4.0 (compatible; MSIE 7.0; Windows NT 6.0; SLCC1; .NET CLR 2.0.50727; Media Center PC 5.0; FDM; Windows-Media-Player/10.00.00.3990; .NET CLR 3.5.21022; .NET CLR 3.5.30729; .NET CLR 3.0.30618)"
208.54.14.13 - - [15/Dec/2008:13:16:45 -0500] "GET /limerick/naut499.html HTTP/1.1" 200 38163 "http://www.toastpoint.com/limerick/limerick.html" "Mozilla/4.0 (compatible; MSIE 7.0; Windows NT 6.0; SLCC1; .NET CLR 2.0.50727; Media Center PC 5.0; FDM; Windows-Media-Player/10.00.00.3990; .NET CLR 3.5.21022; .NET CLR 3.5.30729; .NET CLR 3.0.30618)"
208.54.14.13 - - [15/Dec/2008:13:16:54 -0500] "GET /limerick/naut399.html HTTP/1.1" 200 38217 "http://www.toastpoint.com/limerick/limerick.html" "Mozilla/4.0 (compatible; MSIE 7.0; Windows NT 6.0; SLCC1; .NET CLR 2.0.50727; Media Center PC 5.0; FDM; Windows-Media-Player/10.00.00.3990; .NET CLR 3.5.21022; .NET CLR 3.5.30729; .NET CLR 3.0.30618)"
208.54.14.13 - - [15/Dec/2008:13:17:29 -0500] "GET /limerick/naut299.html HTTP/1.1" 200 23095 "http://www.toastpoint.com/limerick/limerick.html" "Mozilla/4.0 (compatible; MSIE 7.0; Windows NT 6.0; SLCC1; .NET CLR 2.0.50727; Media Center PC 5.0; FDM; Windows-Media-Player/10.00.00.3990; .NET CLR 3.5.21022; .NET CLR 3.5.30729; .NET CLR 3.0.30618)"
208.54.14.13 - - [15/Dec/2008:13:18:08 -0500] "GET /limerick/naut199.html HTTP/1.1" 200 34481 "http://www.toastpoint.com/limerick/limerick.html" "Mozilla/4.0 (compatible; MSIE 7.0; Windows NT 6.0; SLCC1; .NET CLR 2.0.50727; Media Center PC 5.0; FDM; Windows-Media-Player/10.00.00.3990; .NET CLR 3.5.21022; .NET CLR 3.5.30729; .NET CLR 3.0.30618)"
208.54.14.13 - - [15/Dec/2008:13:18:17 -0500] "GET /limerick/1997/lim1997.html HTTP/1.1" 200 1925 "http://www.toastpoint.com/limerick/limerick.html" "Mozilla/4.0 (compatible; MSIE 7.0; Windows NT 6.0; SLCC1; .NET CLR 2.0.50727; Media Center PC 5.0; FDM; Windows-Media-Player/10.00.00.3990; .NET CLR 3.5.21022; .NET CLR 3.5.30729; .NET CLR 3.0.30618)"
208.54.14.13 - - [15/Dec/2008:13:18:21 -0500] "GET /limerick/1997/naut1297.html HTTP/1.1" 200 36990 "http://www.toastpoint.com/limerick/1997/lim1997.html" "Mozilla/4.0 (compatible; MSIE 7.0; Windows NT 6.0; SLCC1; .NET CLR 2.0.50727; Media Center PC 5.0; FDM; Windows-Media-Player/10.00.00.3990; .NET CLR 3.5.21022; .NET CLR 3.5.30729; .NET CLR 3.0.30618)"
208.54.14.13 - - [15/Dec/2008:13:18:24 -0500] "GET /gifs/ornament.jpg HTTP/1.1" 200 3688 "http://www.toastpoint.com/limerick/1997/naut1297.html" "Mozilla/4.0 (compatible; MSIE 7.0; Windows NT 6.0; SLCC1; .NET CLR 2.0.50727; Media Center PC 5.0; FDM; Windows-Media-Player/10.00.00.3990; .NET CLR 3.5.21022; .NET CLR 3.5.30729; .NET CLR 3.0.30618)"
208.54.14.13 - - [15/Dec/2008:13:18:30 -0500] "GET /limerick/1997/naut1197.html HTTP/1.1" 200 42998 "http://www.toastpoint.com/limerick/1997/lim1997.html" "Mozilla/4.0 (compatible; MSIE 7.0; Windows NT 6.0; SLCC1; .NET CLR 2.0.50727; Media Center PC 5.0; FDM; Windows-Media-Player/10.00.00.3990; .NET CLR 3.5.21022; .NET CLR 3.5.30729; .NET CLR 3.0.30618)"
208.54.14.13 - - [15/Dec/2008:13:18:39 -0500] "GET /limerick/1997/naut1097.html HTTP/1.1" 200 35530 "http://www.toastpoint.com/limerick/1997/lim1997.html" "Mozilla/4.0 (compatible; MSIE 7.0; Windows NT 6.0; SLCC1; .NET CLR 2.0.50727; Media Center PC 5.0; FDM; Windows-Media-Player/10.00.00.3990; .NET CLR 3.5.21022; .NET CLR 3.5.30729; .NET CLR 3.0.30618)"
208.54.14.13 - - [15/Dec/2008:13:18:54 -0500] "GET /limerick/1997/naut997.html HTTP/1.1" 200 53317 "http://www.toastpoint.com/limerick/1997/lim1997.html" "Mozilla/4.0 (compatible; MSIE 7.0; Windows NT 6.0; SLCC1; .NET CLR 2.0.50727; Media Center PC 5.0; FDM; Windows-Media-Player/10.00.00.3990; .NET CLR 3.5.21022; .NET CLR 3.5.30729; .NET CLR 3.0.30618)"
208.54.14.13 - - [15/Dec/2008:13:18:57 -0500] "GET /limerick/1997/mouthf1.jpg HTTP/1.1" 404 693 "http://www.toastpoint.com/limerick/1997/naut997.html" "Mozilla/4.0 (compatible; MSIE 7.0; Windows NT 6.0; SLCC1; .NET CLR 2.0.50727; Media Center PC 5.0; FDM; Windows-Media-Player/10.00.00.3990; .NET CLR 3.5.21022; .NET CLR 3.5.30729; .NET CLR 3.0.30618)"
208.54.14.13 - - [15/Dec/2008:13:18:59 -0500] "GET /limerick/1997/banana.jpg HTTP/1.1" 404 693 "http://www.toastpoint.com/limerick/1997/naut997.html" "Mozilla/4.0 (compatible; MSIE 7.0; Windows NT 6.0; SLCC1; .NET CLR 2.0.50727; Media Center PC 5.0; FDM; Windows-Media-Player/10.00.00.3990; .NET CLR 3.5.21022; .NET CLR 3.5.30729; .NET CLR 3.0.30618)"
208.54.14.13 - - [15/Dec/2008:13:19:00 -0500] "GET /limerick/1997/goldstar.jpg HTTP/1.1" 404 693 "http://www.toastpoint.com/limerick/1997/naut997.html" "Mozilla/4.0 (compatible; MSIE 7.0; Windows NT 6.0; SLCC1; .NET CLR 2.0.50727; Media Center PC 5.0; FDM; Windows-Media-Player/10.00.00.3990; .NET CLR 3.5.21022; .NET CLR 3.5.30729; .NET CLR 3.0.30618)"
208.54.14.13 - - [15/Dec/2008:13:19:02 -0500] "GET /limerick/1997/hostedby.gif HTTP/1.1" 404 693 "http://www.toastpoint.com/limerick/1997/naut997.html" "Mozilla/4.0 (compatible; MSIE 7.0; Windows NT 6.0; SLCC1; .NET CLR 2.0.50727; Media Center PC 5.0; FDM; Windows-Media-Player/10.00.00.3990; .NET CLR 3.5.21022; .NET CLR 3.5.30729; .NET CLR 3.0.30618)"
208.54.14.13 - - [15/Dec/2008:13:19:23 -0500] "GET /limerick/1997/naut797.html HTTP/1.1" 200 22034 "http://www.toastpoint.com/limerick/1997/lim1997.html" "Mozilla/4.0 (compatible; MSIE 7.0; Windows NT 6.0; SLCC1; .NET CLR 2.0.50727; Media Center PC 5.0; FDM; Windows-Media-Player/10.00.00.3990; .NET CLR 3.5.21022; .NET CLR 3.5.30729; .NET CLR 3.0.30618)"
208.54.14.13 - - [15/Dec/2008:13:19:37 -0500] "GET /limerick/1997/naut697.html HTTP/1.1" 200 24732 "http://www.toastpoint.com/limerick/1997/lim1997.html" "Mozilla/4.0 (compatible; MSIE 7.0; Windows NT 6.0; SLCC1; .NET CLR 2.0.50727; Media Center PC 5.0; FDM; Windows-Media-Player/10.00.00.3990; .NET CLR 3.5.21022; .NET CLR 3.5.30729; .NET CLR 3.0.30618)"
208.54.14.13 - - [15/Dec/2008:13:19:46 -0500] "GET /limerick/1997/naut597.html HTTP/1.1" 200 22468 "http://www.toastpoint.com/limerick/1997/lim1997.html" "Mozilla/4.0 (compatible; MSIE 7.0; Windows NT 6.0; SLCC1; .NET CLR 2.0.50727; Media Center PC 5.0; FDM; Windows-Media-Player/10.00.00.3990; .NET CLR 3.5.21022; .NET CLR 3.5.30729; .NET CLR 3.0.30618)"
208.54.14.13 - - [15/Dec/2008:13:20:07 -0500] "GET /limerick/1997/naut497.html HTTP/1.1" 200 43346 "http://www.toastpoint.com/limerick/1997/lim1997.html" "Mozilla/4.0 (compatible; MSIE 7.0; Windows NT 6.0; SLCC1; .NET CLR 2.0.50727; Media Center PC 5.0; FDM; Windows-Media-Player/10.00.00.3990; .NET CLR 3.5.21022; .NET CLR 3.5.30729; .NET CLR 3.0.30618)"
208.54.14.13 - - [15/Dec/2008:13:20:17 -0500] "GET /limerick/1997/naut397.html HTTP/1.1" 200 21435 "http://www.toastpoint.com/limerick/1997/lim1997.html" "Mozilla/4.0 (compatible; MSIE 7.0; Windows NT 6.0; SLCC1; .NET CLR 2.0.50727; Media Center PC 5.0; FDM; Windows-Media-Player/10.00.00.3990; .NET CLR 3.5.21022; .NET CLR 3.5.30729; .NET CLR 3.0.30618)"
208.54.14.13 - - [15/Dec/2008:13:20:29 -0500] "GET /limerick/1997/naut297.html HTTP/1.1" 200 31034 "http://www.toastpoint.com/limerick/1997/lim1997.html" "Mozilla/4.0 (compatible; MSIE 7.0; Windows NT 6.0; SLCC1; .NET CLR 2.0.50727; Media Center PC 5.0; FDM; Windows-Media-Player/10.00.00.3990; .NET CLR 3.5.21022; .NET CLR 3.5.30729; .NET CLR 3.0.30618)"
208.54.14.13 - - [15/Dec/2008:13:29:21 -0500] "GET /limerick/1997/naut197.html HTTP/1.1" 200 27246 "http://www.toastpoint.com/limerick/1997/lim1997.html" "Mozilla/4.0 (compatible; MSIE 7.0; Windows NT 6.0; SLCC1; .NET CLR 2.0.50727; Media Center PC 5.0; FDM; Windows-Media-Player/10.00.00.3990; .NET CLR 3.5.21022; .NET CLR 3.5.30729; .NET CLR 3.0.30618)"
208.54.14.13 - - [15/Dec/2008:13:29:39 -0500] "GET /limerick/1996/lim1996.html HTTP/1.1" 200 2072 "http://www.toastpoint.com/limerick/limerick.html" "Mozilla/4.0 (compatible; MSIE 7.0; Windows NT 6.0; SLCC1; .NET CLR 2.0.50727; Media Center PC 5.0; FDM; Windows-Media-Player/10.00.00.3990; .NET CLR 3.5.21022; .NET CLR 3.5.30729; .NET CLR 3.0.30618)"
208.54.14.13 - - [15/Dec/2008:13:29:45 -0500] "GET /limerick/1996/nau1296.html HTTP/1.1" 200 25921 "http://www.toastpoint.com/limerick/1996/lim1996.html" "Mozilla/4.0 (compatible; MSIE 7.0; Windows NT 6.0; SLCC1; .NET CLR 2.0.50727; Media Center PC 5.0; FDM; Windows-Media-Player/10.00.00.3990; .NET CLR 3.5.21022; .NET CLR 3.5.30729; .NET CLR 3.0.30618)"
208.54.14.13 - - [15/Dec/2008:13:29:59 -0500] "GET /limerick/1996/nau1196.html HTTP/1.1" 200 14916 "http://www.toastpoint.com/limerick/1996/lim1996.html" "Mozilla/4.0 (compatible; MSIE 7.0; Windows NT 6.0; SLCC1; .NET CLR 2.0.50727; Media Center PC 5.0; FDM; Windows-Media-Player/10.00.00.3990; .NET CLR 3.5.21022; .NET CLR 3.5.30729; .NET CLR 3.0.30618)"
208.54.14.13 - - [15/Dec/2008:13:30:21 -0500] "GET /limerick/1996/nau1096.html HTTP/1.1" 200 23475 "http://www.toastpoint.com/limerick/1996/lim1996.html" "Mozilla/4.0 (compatible; MSIE 7.0; Windows NT 6.0; SLCC1; .NET CLR 2.0.50727; Media Center PC 5.0; FDM; Windows-Media-Player/10.00.00.3990; .NET CLR 3.5.21022; .NET CLR 3.5.30729; .NET CLR 3.0.30618)"
208.54.14.13 - - [15/Dec/2008:13:30:44 -0500] "GET /limerick/1996/naut996.html HTTP/1.1" 200 13852 "http://www.toastpoint.com/limerick/1996/lim1996.html" "Mozilla/4.0 (compatible; MSIE 7.0; Windows NT 6.0; SLCC1; .NET CLR 2.0.50727; Media Center PC 5.0; FDM; Windows-Media-Player/10.00.00.3990; .NET CLR 3.5.21022; .NET CLR 3.5.30729; .NET CLR 3.0.30618)"
208.54.14.13 - - [15/Dec/2008:13:31:06 -0500] "GET /limerick/1996/naut896.html HTTP/1.1" 200 14574 "http://www.toastpoint.com/limerick/1996/lim1996.html" "Mozilla/4.0 (compatible; MSIE 7.0; Windows NT 6.0; SLCC1; .NET CLR 2.0.50727; Media Center PC 5.0; FDM; Windows-Media-Player/10.00.00.3990; .NET CLR 3.5.21022; .NET CLR 3.5.30729; .NET CLR 3.0.30618)"
208.54.14.13 - - [15/Dec/2008:13:31:50 -0500] "GET /limerick/1996/naut796.html HTTP/1.1" 200 9432 "http://www.toastpoint.com/limerick/1996/lim1996.html" "Mozilla/4.0 (compatible; MSIE 7.0; Windows NT 6.0; SLCC1; .NET CLR 2.0.50727; Media Center PC 5.0; FDM; Windows-Media-Player/10.00.00.3990; .NET CLR 3.5.21022; .NET CLR 3.5.30729; .NET CLR 3.0.30618)"
