66.235.124.8 - - [08/Mar/2009:00:19:39 -0500] "GET /fiction/fict9596/fict296.html HTTP/1.1" 200 12689 "-" "Mozilla/5.0 (compatible; Ask Jeeves/Teoma; +http://about.ask.com/en/docs/about/webmasters.shtml)"
208.111.154.15 - - [08/Mar/2009:00:20:10 -0500] "GET /robots.txt HTTP/1.1" 404 693 "-" "Mozilla/5.0 (compatible; Charlotte/1.1; http://www.searchme.com/support/)"
208.111.154.15 - - [08/Mar/2009:00:20:22 -0500] "GET /limerick/1998/naut498.html HTTP/1.1" 304 - "-" "Mozilla/5.0 (compatible; Charlotte/1.1; http://www.searchme.com/support/)"
66.235.124.8 - - [08/Mar/2009:00:44:25 -0500] "GET /limerick/1997/naut797.html HTTP/1.1" 200 22034 "-" "Mozilla/5.0 (compatible; Ask Jeeves/Teoma; +http://about.ask.com/en/docs/about/webmasters.shtml)"
66.235.124.8 - - [08/Mar/2009:00:49:36 -0500] "GET /limerick/1996/nice196.html HTTP/1.1" 200 10647 "-" "Mozilla/5.0 (compatible; Ask Jeeves/Teoma; +http://about.ask.com/en/docs/about/webmasters.shtml)"
72.30.142.226 - - [08/Mar/2009:01:07:30 -0500] "GET /robots.txt HTTP/1.0" 404 693 "-" "Mozilla/5.0 (compatible; Yahoo! Slurp; http://help.yahoo.com/help/us/ysearch/slurp)"
72.30.142.226 - - [08/Mar/2009:01:07:43 -0500] "GET / HTTP/1.0" 200 464 "-" "Mozilla/5.0 (compatible; Yahoo! Slurp/3.0; http://help.yahoo.com/help/us/ysearch/slurp)"
72.30.142.226 - - [08/Mar/2009:01:07:43 -0500] "GET /toastpointtopleft.html HTTP/1.0" 200 162 "http://www.toastpoint.com/" "Mozilla/5.0 (compatible; Yahoo! Slurp/3.0; http://help.yahoo.com/help/us/ysearch/slurp)"
72.30.142.226 - - [08/Mar/2009:01:07:43 -0500] "GET /toastpointtoc.html HTTP/1.0" 200 1188 "http://www.toastpoint.com/" "Mozilla/5.0 (compatible; Yahoo! Slurp/3.0; http://help.yahoo.com/help/us/ysearch/slurp)"
72.30.142.226 - - [08/Mar/2009:01:07:43 -0500] "GET /toastpointtopright.html HTTP/1.0" 200 151 "http://www.toastpoint.com/" "Mozilla/5.0 (compatible; Yahoo! Slurp/3.0; http://help.yahoo.com/help/us/ysearch/slurp)"
72.30.142.226 - - [08/Mar/2009:01:07:43 -0500] "GET /news.html HTTP/1.0" 200 17706 "http://www.toastpoint.com/" "Mozilla/5.0 (compatible; Yahoo! Slurp/3.0; http://help.yahoo.com/help/us/ysearch/slurp)"
72.30.142.226 - - [08/Mar/2009:01:07:43 -0500] "GET /tpnews.html HTTP/1.0" 200 8305 "http://www.toastpoint.com/" "Mozilla/5.0 (compatible; Yahoo! Slurp/3.0; http://help.yahoo.com/help/us/ysearch/slurp)"
208.111.154.15 - - [08/Mar/2009:01:15:51 -0500] "GET /robots.txt HTTP/1.1" 404 693 "-" "Mozilla/5.0 (compatible; Charlotte/1.1; http://www.searchme.com/support/)"
208.111.154.15 - - [08/Mar/2009:01:16:08 -0500] "GET /haiku/1997/haik1297.html HTTP/1.1" 304 - "-" "Mozilla/5.0 (compatible; Charlotte/1.1; http://www.searchme.com/support/)"
124.115.1.66 - - [08/Mar/2009:01:32:28 -0500] "GET / HTTP/1.1" 200 464 "http://www.toastpoint.com/" "Mozilla/4.0 (compatible; MSIE 6.0; Windows NT 5.1)"
124.115.1.66 - - [08/Mar/2009:01:32:39 -0500] "GET /toastpointtopleft.html HTTP/1.1" 200 162 "http://www.toastpoint.com/toastpointtopleft.html" "Mozilla/4.0 (compatible; MSIE 6.0; Windows NT 5.1)"
124.115.1.66 - - [08/Mar/2009:01:32:40 -0500] "GET /toastpointtoc.html HTTP/1.1" 200 1188 "http://www.toastpoint.com/toastpointtoc.html" "Mozilla/4.0 (compatible; MSIE 6.0; Windows NT 5.1)"
124.115.1.66 - - [08/Mar/2009:01:32:42 -0500] "GET /news.html HTTP/1.1" 200 17706 "http://www.toastpoint.com/news.html" "Mozilla/4.0 (compatible; MSIE 6.0; Windows NT 5.1)"
124.115.1.66 - - [08/Mar/2009:01:32:43 -0500] "GET /toastpointtopright.html HTTP/1.1" 200 151 "http://www.toastpoint.com/toastpointtopright.html" "Mozilla/4.0 (compatible; MSIE 6.0; Windows NT 5.1)"
124.115.1.66 - - [08/Mar/2009:01:32:44 -0500] "GET /tpnews.html HTTP/1.1" 200 8305 "http://www.toastpoint.com/tpnews.html" "Mozilla/4.0 (compatible; MSIE 6.0; Windows NT 5.1)"
208.111.154.16 - - [08/Mar/2009:01:51:36 -0500] "GET /robots.txt HTTP/1.1" 404 693 "-" "Mozilla/5.0 (compatible; Charlotte/1.1; http://www.searchme.com/support/)"
66.235.124.8 - - [08/Mar/2009:01:59:49 -0500] "GET /haiku/moral.html HTTP/1.1" 200 4692 "-" "Mozilla/5.0 (compatible; Ask Jeeves/Teoma; +http://about.ask.com/en/docs/about/webmasters.shtml)"
208.111.154.15 - - [08/Mar/2009:03:06:24 -0400] "GET /robots.txt HTTP/1.1" 404 693 "-" "Mozilla/5.0 (compatible; Charlotte/1.1; http://www.searchme.com/support/)"
208.111.154.15 - - [08/Mar/2009:03:06:42 -0400] "GET /haiku/1998/haiku198.html HTTP/1.1" 304 - "-" "Mozilla/5.0 (compatible; Charlotte/1.1; http://www.searchme.com/support/)"
66.235.124.8 - - [08/Mar/2009:03:28:46 -0400] "GET /fiction/fict98/fict1198.html HTTP/1.1" 200 10372 "-" "Mozilla/5.0 (compatible; Ask Jeeves/Teoma; +http://about.ask.com/en/docs/about/webmasters.shtml)"
64.75.230.126 - - [08/Mar/2009:03:46:05 -0400] "GET /haiku/1997/haiku597.html HTTP/1.1" 200 30659 "http://www.google.com/search?q=Richard+Nedervelt&rls=com.microsoft:en-us:IE-SearchBox&ie=UTF-8&oe=UTF-8&sourceid=ie7&rlz=1I7GGLL_en" "Mozilla/4.0 (compatible; MSIE 7.0; Windows NT 5.1; GTB5; InfoPath.2; .NET CLR 2.0.50727; .NET CLR 3.0.04506.648; .NET CLR 3.5.21022)"
64.75.230.126 - - [08/Mar/2009:03:46:06 -0400] "GET /gifs/japan.gif HTTP/1.1" 200 5737 "http://www.toastpoint.com/haiku/1997/haiku597.html" "Mozilla/4.0 (compatible; MSIE 7.0; Windows NT 5.1; GTB5; InfoPath.2; .NET CLR 2.0.50727; .NET CLR 3.0.04506.648; .NET CLR 3.5.21022)"
64.75.230.126 - - [08/Mar/2009:03:46:08 -0400] "GET /gifs/goldstar.jpg HTTP/1.1" 200 1854 "http://www.toastpoint.com/haiku/1997/haiku597.html" "Mozilla/4.0 (compatible; MSIE 7.0; Windows NT 5.1; GTB5; InfoPath.2; .NET CLR 2.0.50727; .NET CLR 3.0.04506.648; .NET CLR 3.5.21022)"
64.75.230.126 - - [08/Mar/2009:03:46:15 -0400] "GET /favicon.ico HTTP/1.1" 404 693 "-" "Mozilla/4.0 (compatible; MSIE 7.0; Windows NT 5.1; GTB5; InfoPath.2; .NET CLR 2.0.50727; .NET CLR 3.0.04506.648; .NET CLR 3.5.21022)"
208.80.195.51 - - [08/Mar/2009:03:57:46 -0400] "GET / HTTP/1.0" 200 464 "-" "Mozilla/4.0 (compatible; MSIE 6.0; Windows NT 5.1; SV1; SIMBAR={4C802619-E279-476b-B200-95A545D4BCF4}; .NET CLR 1.0.3705; .NET CLR 1.1.4322; Media Center PC 4.0; .NET CLR 2.0.50727)"
66.235.124.8 - - [08/Mar/2009:04:12:57 -0400] "GET /robots.txt HTTP/1.1" 404 693 "-" "Mozilla/5.0 (compatible; Ask Jeeves/Teoma; +http://about.ask.com/en/docs/about/webmasters.shtml)"
66.235.124.8 - - [08/Mar/2009:04:13:02 -0400] "GET /fiction/fict97/fict697.html HTTP/1.1" 200 13490 "-" "Mozilla/5.0 (compatible; Ask Jeeves/Teoma; +http://about.ask.com/en/docs/about/webmasters.shtml)"
66.235.124.8 - - [08/Mar/2009:04:17:26 -0400] "GET /haiku/1998/haiku398.html HTTP/1.1" 200 47804 "-" "Mozilla/5.0 (compatible; Ask Jeeves/Teoma; +http://about.ask.com/en/docs/about/webmasters.shtml)"
81.52.143.35 - - [08/Mar/2009:04:28:13 -0400] "GET /robots.txt HTTP/1.1" 404 693 "-" "Mozilla/5.0 (Windows; U; Windows NT 5.1; fr; rv:1.8.1) VoilaBot BETA 1.2 (support.voilabot@orange-ftgroup.com)"
81.52.143.35 - - [08/Mar/2009:04:28:21 -0400] "GET /limerick/docs/formhint.html HTTP/1.1" 200 2522 "-" "Mozilla/5.0 (Windows; U; Windows NT 5.1; fr; rv:1.8.1) VoilaBot BETA 1.2 (support.voilabot@orange-ftgroup.com)"
208.111.154.16 - - [08/Mar/2009:04:53:22 -0400] "GET /haiku/haiku599.html HTTP/1.1" 304 - "-" "Mozilla/5.0 (compatible; Charlotte/1.1; http://www.searchme.com/support/)"
66.235.124.8 - - [08/Mar/2009:05:00:11 -0400] "GET /haiku/1997/haik1097.html HTTP/1.1" 200 24055 "-" "Mozilla/5.0 (compatible; Ask Jeeves/Teoma; +http://about.ask.com/en/docs/about/webmasters.shtml)"
208.36.144.6 - - [08/Mar/2009:05:01:22 -0400] "GET /robots.txt HTTP/1.0" 404 693 "-" "Mozilla/5.0 (Twiceler-0.9 http://www.cuil.com/twiceler/robot.html)"
65.55.209.252 - - [08/Mar/2009:05:23:04 -0400] "GET /robots.txt HTTP/1.1" 404 693 "-" "msnbot/1.1 (+http://search.msn.com/msnbot.htm)"
65.55.209.252 - - [08/Mar/2009:05:23:05 -0400] "GET /limerick/ HTTP/1.1" 403 563 "-" "msnbot/1.1 (+http://search.msn.com/msnbot.htm)"
66.235.124.8 - - [08/Mar/2009:05:43:55 -0400] "GET /fiction/novels/rosalind.html HTTP/1.1" 200 30989 "-" "Mozilla/5.0 (compatible; Ask Jeeves/Teoma; +http://about.ask.com/en/docs/about/webmasters.shtml)"
66.235.124.8 - - [08/Mar/2009:06:04:49 -0400] "GET /limerick/1996/naut996.html HTTP/1.1" 200 13852 "-" "Mozilla/5.0 (compatible; Ask Jeeves/Teoma; +http://about.ask.com/en/docs/about/webmasters.shtml)"
72.30.142.226 - - [08/Mar/2009:06:05:37 -0400] "GET / HTTP/1.0" 304 - "-" "Mozilla/5.0 (compatible; Yahoo! Slurp/3.0; http://help.yahoo.com/help/us/ysearch/slurp)"
72.30.142.226 - - [08/Mar/2009:06:05:38 -0400] "GET /toastpointtopleft.html HTTP/1.0" 304 - "http://www.toastpoint.com/" "Mozilla/5.0 (compatible; Yahoo! Slurp/3.0; http://help.yahoo.com/help/us/ysearch/slurp)"
72.30.142.226 - - [08/Mar/2009:06:05:38 -0400] "GET /toastpointtopright.html HTTP/1.0" 304 - "http://www.toastpoint.com/" "Mozilla/5.0 (compatible; Yahoo! Slurp/3.0; http://help.yahoo.com/help/us/ysearch/slurp)"
72.30.142.226 - - [08/Mar/2009:06:05:38 -0400] "GET /tpnews.html HTTP/1.0" 304 - "http://www.toastpoint.com/" "Mozilla/5.0 (compatible; Yahoo! Slurp/3.0; http://help.yahoo.com/help/us/ysearch/slurp)"
72.30.142.226 - - [08/Mar/2009:06:05:38 -0400] "GET /toastpointtoc.html HTTP/1.0" 304 - "http://www.toastpoint.com/" "Mozilla/5.0 (compatible; Yahoo! Slurp/3.0; http://help.yahoo.com/help/us/ysearch/slurp)"
72.30.142.226 - - [08/Mar/2009:06:05:38 -0400] "GET /news.html HTTP/1.0" 304 - "http://www.toastpoint.com/" "Mozilla/5.0 (compatible; Yahoo! Slurp/3.0; http://help.yahoo.com/help/us/ysearch/slurp)"
66.249.65.234 - - [08/Mar/2009:06:14:08 -0400] "GET /robots.txt HTTP/1.1" 404 693 "-" "Googlebot-Image/1.0"
66.249.65.235 - - [08/Mar/2009:06:14:08 -0400] "GET /index_files/image030.gif HTTP/1.1" 304 - "-" "Googlebot-Image/1.0"
66.235.124.8 - - [08/Mar/2009:06:17:28 -0400] "GET /limerick/1996/nice596.html HTTP/1.1" 200 13725 "-" "Mozilla/5.0 (compatible; Ask Jeeves/Teoma; +http://about.ask.com/en/docs/about/webmasters.shtml)"
66.235.124.8 - - [08/Mar/2009:06:17:48 -0400] "GET /limerick/1997/nice597.html HTTP/1.1" 200 16764 "-" "Mozilla/5.0 (compatible; Ask Jeeves/Teoma; +http://about.ask.com/en/docs/about/webmasters.shtml)"
208.111.154.16 - - [08/Mar/2009:06:19:05 -0400] "GET /limerick/1997/naut197.html HTTP/1.1" 304 - "-" "Mozilla/5.0 (compatible; Charlotte/1.1; http://www.searchme.com/support/)"
208.111.154.15 - - [08/Mar/2009:06:30:55 -0400] "GET /robots.txt HTTP/1.1" 404 693 "-" "Mozilla/5.0 (compatible; Charlotte/1.1; http://www.searchme.com/support/)"
208.111.154.15 - - [08/Mar/2009:06:31:16 -0400] "GET /haiku/1997/haiku597.html HTTP/1.1" 304 - "-" "Mozilla/5.0 (compatible; Charlotte/1.1; http://www.searchme.com/support/)"
193.47.80.45 - - [08/Mar/2009:06:36:38 -0400] "GET /robots.txt HTTP/1.1" 404 693 "-" "Mozilla/5.0 (compatible; Exabot/3.0; +http://www.exabot.com/go/robot)"
193.47.80.45 - - [08/Mar/2009:06:36:38 -0400] "GET /rapture/hogwartsiolanthe.txt HTTP/1.1" 304 - "-" "Mozilla/5.0 (compatible; Exabot/3.0; +http://www.exabot.com/go/robot)"
65.55.230.217 - - [08/Mar/2009:06:41:26 -0400] "GET /robots.txt HTTP/1.1" 404 693 "-" "msnbot-media/1.1 (+http://search.msn.com/msnbot.htm)"
65.55.230.217 - - [08/Mar/2009:06:41:26 -0400] "GET /limerick/limerick.html HTTP/1.1" 200 2613 "-" "msnbot-media/1.1 (+http://search.msn.com/msnbot.htm)"
66.249.65.231 - - [08/Mar/2009:06:51:16 -0400] "GET /robots.txt HTTP/1.1" 404 693 "-" "Mozilla/5.0 (compatible; Googlebot/2.1; +http://www.google.com/bot.html)"
66.249.65.235 - - [08/Mar/2009:06:51:16 -0400] "GET /fiction/fict97/fict97.html HTTP/1.1" 200 1536 "-" "Mozilla/5.0 (compatible; Googlebot/2.1; +http://www.google.com/bot.html)"
208.111.154.16 - - [08/Mar/2009:06:51:42 -0400] "GET /fiction/fict97/fict697.html HTTP/1.1" 200 13490 "-" "Mozilla/5.0 (compatible; Charlotte/1.1; http://www.searchme.com/support/)"
208.111.154.16 - - [08/Mar/2009:06:55:24 -0400] "GET /fiction/fict98/fict798.html HTTP/1.1" 200 40803 "-" "Mozilla/5.0 (compatible; Charlotte/1.1; http://www.searchme.com/support/)"
208.111.154.15 - - [08/Mar/2009:07:06:52 -0400] "GET /robots.txt HTTP/1.1" 404 693 "-" "Mozilla/5.0 (compatible; Charlotte/1.1; http://www.searchme.com/support/)"
208.111.154.15 - - [08/Mar/2009:07:06:53 -0400] "GET /limerick/1998/nice1298.html HTTP/1.1" 200 22822 "-" "Mozilla/5.0 (compatible; Charlotte/1.1; http://www.searchme.com/support/)"
65.55.220.222 - - [08/Mar/2009:07:42:19 -0400] "GET /robots.txt HTTP/1.1" 404 693 "-" "msnbot-media/1.1 (+http://search.msn.com/msnbot.htm)"
65.55.220.222 - - [08/Mar/2009:07:42:19 -0400] "GET /gifs/tpaprilmay2008.jpg HTTP/1.1" 200 19848 "-" "msnbot-media/1.1 (+http://search.msn.com/msnbot.htm)"
125.237.1.54 - - [08/Mar/2009:07:51:11 -0400] "GET /favicon.ico HTTP/1.1" 404 693 "-" "Mozilla/4.0 (compatible; MSIE 7.0; Windows NT 6.0; GTB5; SLCC1; .NET CLR 2.0.50727; Media Center PC 5.0; .NET CLR 3.5.30729; .NET CLR 3.0.30618)"
125.237.1.54 - - [08/Mar/2009:07:51:11 -0400] "GET /gifs/boobies.gif HTTP/1.1" 200 11144 "http://www.toastpoint.com/limerick/naut199.html" "Mozilla/4.0 (compatible; MSIE 7.0; Windows NT 6.0; GTB5; SLCC1; .NET CLR 2.0.50727; Media Center PC 5.0; .NET CLR 3.5.30729; .NET CLR 3.0.30618)"
125.237.1.54 - - [08/Mar/2009:07:51:11 -0400] "GET /limerick/naut199.html HTTP/1.1" 200 34481 "http://www.google.co.nz/search?hl=en&q=crude+limericks&meta=" "Mozilla/4.0 (compatible; MSIE 7.0; Windows NT 6.0; GTB5; SLCC1; .NET CLR 2.0.50727; Media Center PC 5.0; .NET CLR 3.5.30729; .NET CLR 3.0.30618)"
125.237.1.54 - - [08/Mar/2009:07:51:12 -0400] "GET /gifs/nakedman.gif HTTP/1.1" 200 7734 "http://www.toastpoint.com/limerick/naut199.html" "Mozilla/4.0 (compatible; MSIE 7.0; Windows NT 6.0; GTB5; SLCC1; .NET CLR 2.0.50727; Media Center PC 5.0; .NET CLR 3.5.30729; .NET CLR 3.0.30618)"
125.237.1.54 - - [08/Mar/2009:07:51:12 -0400] "GET /gifs/goldstar.jpg HTTP/1.1" 200 1854 "http://www.toastpoint.com/limerick/naut199.html" "Mozilla/4.0 (compatible; MSIE 7.0; Windows NT 6.0; GTB5; SLCC1; .NET CLR 2.0.50727; Media Center PC 5.0; .NET CLR 3.5.30729; .NET CLR 3.0.30618)"
125.237.1.54 - - [08/Mar/2009:07:51:14 -0400] "GET /favicon.ico HTTP/1.1" 404 693 "-" "Mozilla/5.0 (compatible; Google Desktop)"
216.183.81.221 - - [08/Mar/2009:08:03:46 -0400] "GET /haiku/haiku.html HTTP/1.0" 200 2147 "-" "Wget/1.10.2"
216.183.81.221 - - [08/Mar/2009:08:03:46 -0400] "GET /robots.txt HTTP/1.0" 404 693 "-" "Wget/1.10.2"
216.183.81.221 - - [08/Mar/2009:08:03:47 -0400] "GET /gifs/japan.gif HTTP/1.0" 200 5737 "http://www.toastpoint.com/haiku/haiku.html" "Wget/1.10.2"
216.183.81.221 - - [08/Mar/2009:08:03:47 -0400] "GET /haiku/haiku599.html HTTP/1.0" 200 33918 "http://www.toastpoint.com/haiku/haiku.html" "Wget/1.10.2"
216.183.81.221 - - [08/Mar/2009:08:03:47 -0400] "GET /haiku/haiku499.html HTTP/1.0" 200 54815 "http://www.toastpoint.com/haiku/haiku.html" "Wget/1.10.2"
216.183.81.221 - - [08/Mar/2009:08:03:47 -0400] "GET /haiku/haiku399.html HTTP/1.0" 200 75208 "http://www.toastpoint.com/haiku/haiku.html" "Wget/1.10.2"
216.183.81.221 - - [08/Mar/2009:08:03:47 -0400] "GET /haiku/haiku299.html HTTP/1.0" 200 68017 "http://www.toastpoint.com/haiku/haiku.html" "Wget/1.10.2"
216.183.81.221 - - [08/Mar/2009:08:03:48 -0400] "GET /haiku/haiku199.html HTTP/1.0" 200 34287 "http://www.toastpoint.com/haiku/haiku.html" "Wget/1.10.2"
216.183.81.221 - - [08/Mar/2009:08:03:48 -0400] "GET /haiku/1998/haik1998.html HTTP/1.0" 200 2178 "http://www.toastpoint.com/haiku/haiku.html" "Wget/1.10.2"
216.183.81.221 - - [08/Mar/2009:08:03:48 -0400] "GET /haiku/1997/haik1997.html HTTP/1.0" 200 2138 "http://www.toastpoint.com/haiku/haiku.html" "Wget/1.10.2"
216.183.81.221 - - [08/Mar/2009:08:03:48 -0400] "GET /haiku/1996/haik1996.html HTTP/1.0" 200 1887 "http://www.toastpoint.com/haiku/haiku.html" "Wget/1.10.2"
216.183.81.221 - - [08/Mar/2009:08:03:48 -0400] "GET /haiku/haik1995/1995.html HTTP/1.0" 404 693 "http://www.toastpoint.com/haiku/haiku.html" "Wget/1.10.2"
216.183.81.221 - - [08/Mar/2009:08:03:48 -0400] "GET /welcome.html HTTP/1.0" 200 418 "http://www.toastpoint.com/haiku/haiku.html" "Wget/1.10.2"
216.183.81.221 - - [08/Mar/2009:08:03:49 -0400] "GET /limerick/limerick.html HTTP/1.0" 200 2613 "http://www.toastpoint.com/haiku/haiku.html" "Wget/1.10.2"
216.183.81.221 - - [08/Mar/2009:08:03:49 -0400] "GET /fiction/fiction.html HTTP/1.0" 200 2705 "http://www.toastpoint.com/haiku/haiku.html" "Wget/1.10.2"
67.195.37.179 - - [08/Mar/2009:08:16:33 -0400] "GET /robots.txt HTTP/1.0" 404 693 "-" "Mozilla/5.0 (compatible; Yahoo! Slurp; http://help.yahoo.com/help/us/ysearch/slurp)"
67.195.37.179 - - [08/Mar/2009:08:16:33 -0400] "GET /haiku/haiku.html HTTP/1.0" 304 - "-" "Mozilla/5.0 (compatible; Yahoo! DE Slurp; http://help.yahoo.com/help/us/ysearch/slurp)"
208.111.154.15 - - [08/Mar/2009:08:42:36 -0400] "GET /robots.txt HTTP/1.1" 404 693 "-" "Mozilla/5.0 (compatible; Charlotte/1.1; http://www.searchme.com/support/)"
80.2.126.208 - - [08/Mar/2009:08:51:32 -0400] "GET /limerick/1996/nice496.html HTTP/1.1" 200 15372 "http://search.virginmedia.com/results/?q=40%20birthday%20limerick" "Mozilla/5.0 (Windows; U; Windows NT 6.0; en-GB; rv:1.9.0.7) Gecko/2009021910 Firefox/3.0.7"
80.2.126.208 - - [08/Mar/2009:08:51:32 -0400] "GET /gifs/goldstar.jpg HTTP/1.1" 200 1854 "http://www.toastpoint.com/limerick/1996/nice496.html" "Mozilla/5.0 (Windows; U; Windows NT 6.0; en-GB; rv:1.9.0.7) Gecko/2009021910 Firefox/3.0.7"
80.2.126.208 - - [08/Mar/2009:08:51:32 -0400] "GET /gifs/happy.jpg HTTP/1.1" 200 3135 "http://www.toastpoint.com/limerick/1996/nice496.html" "Mozilla/5.0 (Windows; U; Windows NT 6.0; en-GB; rv:1.9.0.7) Gecko/2009021910 Firefox/3.0.7"
80.2.126.208 - - [08/Mar/2009:08:51:32 -0400] "GET /favicon.ico HTTP/1.1" 404 693 "-" "Mozilla/5.0 (Windows; U; Windows NT 6.0; en-GB; rv:1.9.0.7) Gecko/2009021910 Firefox/3.0.7"
65.55.231.115 - - [08/Mar/2009:08:53:45 -0400] "GET /robots.txt HTTP/1.1" 404 693 "-" "msnbot-media/1.1 (+http://search.msn.com/msnbot.htm)"
65.55.231.115 - - [08/Mar/2009:08:53:45 -0400] "GET /gifs/tpapril2007.jpg HTTP/1.1" 200 22244 "-" "msnbot-media/1.1 (+http://search.msn.com/msnbot.htm)"
66.235.124.8 - - [08/Mar/2009:08:56:00 -0400] "GET /fiction/fict98/fict398.html HTTP/1.1" 200 26221 "-" "Mozilla/5.0 (compatible; Ask Jeeves/Teoma; +http://about.ask.com/en/docs/about/webmasters.shtml)"
220.255.7.184 - - [08/Mar/2009:08:56:43 -0400] "GET /fiction/fict399.html HTTP/1.1" 200 27729 "http://images.google.com.sg/imgres?imgurl=http://www.toastpoint.com/gifs/quill1.gif&imgrefurl=http://www.toastpoint.com/fiction/fict399.html&usg=__Ko4CFuHPKTIqIz4f7oENG9EOMtA=&h=176&w=194&sz=5&hl=en&start=9&tbnid=ohdvuboevaPLEM:&tbnh=93&tbnw=103&prev=/images%3Fq%3Dquill%2Bcartoon%26gbv%3D2%26hl%3Den%26sa%3DX" "Mozilla/4.0 (compatible; MSIE 7.0; Windows NT 5.1; .NET CLR 2.0.50727)"
220.255.7.148 - - [08/Mar/2009:08:56:45 -0400] "GET /gifs/quill1.gif HTTP/1.0" 200 4312 "http://www.toastpoint.com/fiction/fict399.html" "Mozilla/4.0 (compatible; MSIE 7.0; Windows NT 5.1; .NET CLR 2.0.50727)"
220.255.7.179 - - [08/Mar/2009:08:56:45 -0400] "GET /gifs/paper.gif HTTP/1.1" 200 4756 "http://www.toastpoint.com/fiction/fict399.html" "Mozilla/4.0 (compatible; MSIE 7.0; Windows NT 5.1; .NET CLR 2.0.50727)"
220.255.7.218 - - [08/Mar/2009:08:56:45 -0400] "GET /gifs/quill2.gif HTTP/1.1" 200 4300 "http://www.toastpoint.com/fiction/fict399.html" "Mozilla/4.0 (compatible; MSIE 7.0; Windows NT 5.1; .NET CLR 2.0.50727)"
220.255.7.185 - - [08/Mar/2009:08:56:46 -0400] "GET /gifs/star3.gif HTTP/1.1" 200 1536 "http://www.toastpoint.com/fiction/fict399.html" "Mozilla/4.0 (compatible; MSIE 7.0; Windows NT 5.1; .NET CLR 2.0.50727)"
220.255.7.155 - - [08/Mar/2009:08:56:46 -0400] "GET /fiction/crabthb.gif HTTP/1.1" 200 20571 "http://www.toastpoint.com/fiction/fict399.html" "Mozilla/4.0 (compatible; MSIE 7.0; Windows NT 5.1; .NET CLR 2.0.50727)"
220.255.7.145 - - [08/Mar/2009:08:56:52 -0400] "GET /favicon.ico HTTP/1.1" 404 693 "-" "Mozilla/4.0 (compatible; MSIE 7.0; Windows NT 5.1; .NET CLR 2.0.50727)"
208.111.154.16 - - [08/Mar/2009:09:01:13 -0400] "GET /robots.txt HTTP/1.1" 404 693 "-" "Mozilla/5.0 (compatible; Charlotte/1.1; http://www.searchme.com/support/)"
81.52.143.36 - - [08/Mar/2009:09:04:53 -0400] "GET /limerick/naut299.html HTTP/1.1" 200 23095 "-" "Mozilla/5.0 (Windows; U; Windows NT 5.1; fr; rv:1.8.1) VoilaBot BETA 1.2 (support.voilabot@orange-ftgroup.com)"
66.235.124.99 - - [08/Mar/2009:09:23:30 -0400] "GET /robots.txt HTTP/1.1" 404 693 "-" "Mozilla/5.0 (compatible; Ask Jeeves/Teoma; +http://about.ask.com/en/docs/about/webmasters.shtml)"
66.235.124.99 - - [08/Mar/2009:09:23:35 -0400] "GET /fiction/novels/xmascurl.html HTTP/1.1" 200 33957 "-" "Mozilla/5.0 (compatible; Ask Jeeves/Teoma; +http://about.ask.com/en/docs/about/webmasters.shtml)"
66.235.124.8 - - [08/Mar/2009:09:40:05 -0400] "GET /limerick/naut199.html HTTP/1.1" 200 34481 "-" "Mozilla/5.0 (compatible; Ask Jeeves/Teoma; +http://about.ask.com/en/docs/about/webmasters.shtml)"
66.235.124.8 - - [08/Mar/2009:09:45:09 -0400] "GET /limerick/nice199.html HTTP/1.1" 200 25313 "-" "Mozilla/5.0 (compatible; Ask Jeeves/Teoma; +http://about.ask.com/en/docs/about/webmasters.shtml)"
65.55.220.214 - - [08/Mar/2009:09:50:25 -0400] "GET /robots.txt HTTP/1.1" 404 693 "-" "msnbot-media/1.1 (+http://search.msn.com/msnbot.htm)"
65.55.220.214 - - [08/Mar/2009:09:50:25 -0400] "GET /gifs/tpsept2007.jpg HTTP/1.1" 200 24519 "-" "msnbot-media/1.1 (+http://search.msn.com/msnbot.htm)"
66.249.65.227 - - [08/Mar/2009:09:52:40 -0400] "GET /tpnews.html HTTP/1.1" 304 - "-" "Mozilla/5.0 (compatible; Googlebot/2.1; +http://www.google.com/bot.html)"
124.115.10.193 - - [08/Mar/2009:10:01:06 -0400] "GET / HTTP/1.1" 200 464 "http://www.toastpoint.com/" "Mozilla/4.0 (compatible; MSIE 6.0; Windows NT 5.1)"
124.115.10.193 - - [08/Mar/2009:10:01:17 -0400] "GET /toastpointtopleft.html HTTP/1.1" 200 162 "http://www.toastpoint.com/toastpointtopleft.html" "Mozilla/4.0 (compatible; MSIE 6.0; Windows NT 5.1)"
124.115.10.193 - - [08/Mar/2009:10:01:18 -0400] "GET /toastpointtoc.html HTTP/1.1" 200 1188 "http://www.toastpoint.com/toastpointtoc.html" "Mozilla/4.0 (compatible; MSIE 6.0; Windows NT 5.1)"
124.115.10.193 - - [08/Mar/2009:10:01:22 -0400] "GET /news.html HTTP/1.1" 200 17706 "http://www.toastpoint.com/news.html" "Mozilla/4.0 (compatible; MSIE 6.0; Windows NT 5.1)"
124.115.10.193 - - [08/Mar/2009:10:01:25 -0400] "GET /toastpointtopright.html HTTP/1.1" 200 151 "http://www.toastpoint.com/toastpointtopright.html" "Mozilla/4.0 (compatible; MSIE 6.0; Windows NT 5.1)"
124.115.10.193 - - [08/Mar/2009:10:01:26 -0400] "GET /tpnews.html HTTP/1.1" 200 8305 "http://www.toastpoint.com/tpnews.html" "Mozilla/4.0 (compatible; MSIE 6.0; Windows NT 5.1)"
208.111.154.15 - - [08/Mar/2009:10:14:41 -0400] "GET /robots.txt HTTP/1.1" 404 693 "-" "Mozilla/5.0 (compatible; Charlotte/1.1; http://www.searchme.com/support/)"
65.55.220.209 - - [08/Mar/2009:10:21:21 -0400] "GET /robots.txt HTTP/1.1" 404 693 "-" "msnbot-media/1.1 (+http://search.msn.com/msnbot.htm)"
65.55.220.209 - - [08/Mar/2009:10:21:21 -0400] "GET /gifs/tpjune2006.jpg HTTP/1.1" 200 58542 "-" "msnbot-media/1.1 (+http://search.msn.com/msnbot.htm)"
67.195.37.179 - - [08/Mar/2009:10:36:47 -0400] "GET /robots.txt HTTP/1.0" 404 693 "-" "Mozilla/5.0 (compatible; Yahoo! Slurp; http://help.yahoo.com/help/us/ysearch/slurp)"
67.195.37.179 - - [08/Mar/2009:10:36:47 -0400] "GET / HTTP/1.0" 304 - "-" "Mozilla/5.0 (compatible; Yahoo! DE Slurp; http://help.yahoo.com/help/us/ysearch/slurp)"
67.195.37.179 - - [08/Mar/2009:10:36:48 -0400] "GET /toastpointtopleft.html HTTP/1.0" 304 - "-" "Mozilla/5.0 (compatible; Yahoo! DE Slurp; http://help.yahoo.com/help/us/ysearch/slurp)"
67.195.37.179 - - [08/Mar/2009:10:36:48 -0400] "GET /toastpointtoc.html HTTP/1.0" 304 - "-" "Mozilla/5.0 (compatible; Yahoo! DE Slurp; http://help.yahoo.com/help/us/ysearch/slurp)"
67.195.37.179 - - [08/Mar/2009:10:36:48 -0400] "GET /news.html HTTP/1.0" 304 - "-" "Mozilla/5.0 (compatible; Yahoo! DE Slurp; http://help.yahoo.com/help/us/ysearch/slurp)"
67.195.37.179 - - [08/Mar/2009:10:36:49 -0400] "GET /toastpointtopright.html HTTP/1.0" 304 - "-" "Mozilla/5.0 (compatible; Yahoo! DE Slurp; http://help.yahoo.com/help/us/ysearch/slurp)"
67.195.37.179 - - [08/Mar/2009:10:36:49 -0400] "GET /tpnews.html HTTP/1.0" 304 - "-" "Mozilla/5.0 (compatible; Yahoo! DE Slurp; http://help.yahoo.com/help/us/ysearch/slurp)"
66.235.124.8 - - [08/Mar/2009:10:38:15 -0400] "GET /haiku/haiku299.html HTTP/1.1" 200 68017 "-" "Mozilla/5.0 (compatible; Ask Jeeves/Teoma; +http://about.ask.com/en/docs/about/webmasters.shtml)"
208.74.247.249 - - [08/Mar/2009:10:50:26 -0400] "GET /limerick/1995/nautsept.html HTTP/1.1" 200 7977 "http://www.google.com/search?hl=en&rls=GGGL,GGGL:2006-27,GGGL:en&ei=I9uzSa6vOJnCMs-rmP8E&sa=X&oi=spell&resnum=0&ct=result&cd=1&q=a+man+named+bates+dance+the+fandango&spell=1&cts=1236523818277" "Mozilla/5.0 (Windows; U; Windows NT 5.1; en-US; rv:1.8.0.12) Gecko/20070508 Firefox/1.5.0.12"
208.74.247.249 - - [08/Mar/2009:10:50:27 -0400] "GET /gifs/goldstar.jpg HTTP/1.1" 200 1854 "http://www.toastpoint.com/limerick/1995/nautsept.html" "Mozilla/5.0 (Windows; U; Windows NT 5.1; en-US; rv:1.8.0.12) Gecko/20070508 Firefox/1.5.0.12"
208.74.247.249 - - [08/Mar/2009:10:50:30 -0400] "GET /favicon.ico HTTP/1.1" 404 693 "-" "Mozilla/5.0 (Windows; U; Windows NT 5.1; en-US; rv:1.8.0.12) Gecko/20070508 Firefox/1.5.0.12"
208.74.247.249 - - [08/Mar/2009:10:55:40 -0400] "GET /limerick/1995/nautaug.html HTTP/1.1" 200 7940 "http://www.toastpoint.com/limerick/1995/nautsept.html" "Mozilla/5.0 (Windows; U; Windows NT 5.1; en-US; rv:1.8.0.12) Gecko/20070508 Firefox/1.5.0.12"
208.111.154.16 - - [08/Mar/2009:10:57:47 -0400] "GET /robots.txt HTTP/1.1" 404 693 "-" "Mozilla/5.0 (compatible; Charlotte/1.1; http://www.searchme.com/support/)"
208.111.154.16 - - [08/Mar/2009:10:57:51 -0400] "GET /fiction/novels/parkey.html HTTP/1.1" 200 25723 "-" "Mozilla/5.0 (compatible; Charlotte/1.1; http://www.searchme.com/support/)"
81.52.143.35 - - [08/Mar/2009:11:07:02 -0400] "GET /limerick/nice299.html HTTP/1.1" 200 28130 "-" "Mozilla/5.0 (Windows; U; Windows NT 5.1; fr; rv:1.8.1) VoilaBot BETA 1.2 (support.voilabot@orange-ftgroup.com)"
194.153.113.22 - - [08/Mar/2009:11:13:07 -0400] "GET /robots.txt HTTP/1.1" 404 693 "-" "oBot"
194.153.113.22 - - [08/Mar/2009:11:13:08 -0400] "HEAD /icons/image2.gif HTTP/1.1" 200 - "-" "oBot"
194.153.113.22 - - [08/Mar/2009:11:13:08 -0400] "HEAD /fiction/tyrolthb.gif HTTP/1.1" 200 - "-" "oBot"
194.153.113.22 - - [08/Mar/2009:11:13:09 -0400] "HEAD /rapture/iolanthe.gif HTTP/1.1" 200 - "-" "oBot"
194.153.113.22 - - [08/Mar/2009:11:13:10 -0400] "HEAD /gifs/canegiehall045.JPG HTTP/1.1" 200 - "-" "oBot"
194.153.113.22 - - [08/Mar/2009:11:13:11 -0400] "HEAD /rapture/yeo-song.gif HTTP/1.1" 200 - "-" "oBot"
194.153.113.22 - - [08/Mar/2009:11:13:12 -0400] "HEAD /gifs/paper.gif HTTP/1.1" 200 - "-" "oBot"
194.153.113.22 - - [08/Mar/2009:11:13:13 -0400] "HEAD /gifs/carnegieband.jpg HTTP/1.1" 200 - "-" "oBot"
194.153.113.22 - - [08/Mar/2009:11:13:14 -0400] "HEAD /icons/text.gif HTTP/1.1" 200 - "-" "oBot"
194.153.113.22 - - [08/Mar/2009:11:13:14 -0400] "HEAD /gifs/birdumb.gif HTTP/1.1" 200 - "-" "oBot"
194.153.113.22 - - [08/Mar/2009:11:13:15 -0400] "HEAD /gifs/quill2.gif HTTP/1.1" 200 - "-" "oBot"
194.153.113.22 - - [08/Mar/2009:11:13:16 -0400] "HEAD /gifs/blank.jpg HTTP/1.1" 200 - "-" "oBot"
194.153.113.22 - - [08/Mar/2009:11:13:17 -0400] "HEAD /icons/folder.gif HTTP/1.1" 200 - "-" "oBot"
194.153.113.22 - - [08/Mar/2009:11:13:18 -0400] "HEAD /gifs/seal.gif HTTP/1.1" 200 - "-" "oBot"
194.153.113.22 - - [08/Mar/2009:11:13:19 -0400] "HEAD /rapture/rud-spec.gif HTTP/1.1" 200 - "-" "oBot"
194.153.113.22 - - [08/Mar/2009:11:13:20 -0400] "HEAD /gifs/carnegiecover.jpg HTTP/1.1" 200 - "-" "oBot"
194.153.113.22 - - [08/Mar/2009:11:13:21 -0400] "HEAD /icons/blank.gif HTTP/1.1" 200 - "-" "oBot"
194.153.113.22 - - [08/Mar/2009:11:13:21 -0400] "HEAD /rapture/tbj-jury.gif HTTP/1.1" 200 - "-" "oBot"
194.153.113.22 - - [08/Mar/2009:11:13:22 -0400] "HEAD /gifs/nakedman.gif HTTP/1.1" 200 - "-" "oBot"
194.153.113.22 - - [08/Mar/2009:11:13:23 -0400] "HEAD /gifs/ornament.jpg HTTP/1.1" 200 - "-" "oBot"
194.153.113.22 - - [08/Mar/2009:11:13:24 -0400] "HEAD /fiction/novels/wpeak.jpg HTTP/1.1" 200 - "-" "oBot"
194.153.113.22 - - [08/Mar/2009:11:13:25 -0400] "HEAD /gifs/mouthf1.jpg HTTP/1.1" 200 - "-" "oBot"
194.153.113.22 - - [08/Mar/2009:11:13:25 -0400] "HEAD /gifs/program2a.jpg HTTP/1.1" 200 - "-" "oBot"
194.153.113.22 - - [08/Mar/2009:11:13:26 -0400] "HEAD /limerick/brady/thebunch.gif HTTP/1.1" 200 - "-" "oBot"
194.153.113.22 - - [08/Mar/2009:11:13:26 -0400] "HEAD /gifs/woman.gif HTTP/1.1" 200 - "-" "oBot"
194.153.113.22 - - [08/Mar/2009:11:13:27 -0400] "HEAD /gifs/quill1.gif HTTP/1.1" 200 - "-" "oBot"
194.153.113.22 - - [08/Mar/2009:11:13:28 -0400] "HEAD /gifs/me.jpg HTTP/1.1" 200 - "-" "oBot"
194.153.113.22 - - [08/Mar/2009:11:13:28 -0400] "HEAD /rapture/hms-dick.gif HTTP/1.1" 200 - "-" "oBot"
194.153.113.22 - - [08/Mar/2009:11:13:29 -0400] "HEAD /rapture/ida-monk.gif HTTP/1.1" 200 - "-" "oBot"
194.153.113.22 - - [08/Mar/2009:11:13:29 -0400] "HEAD /gifs/wumpuspei2005.jpg HTTP/1.1" 200 - "-" "oBot"
194.153.113.22 - - [08/Mar/2009:11:13:30 -0400] "HEAD /rapture/mik-lips.gif HTTP/1.1" 200 - "-" "oBot"
194.153.113.22 - - [08/Mar/2009:11:13:31 -0400] "HEAD /gifs/mom&dad.jpg HTTP/1.1" 200 - "-" "oBot"
194.153.113.22 - - [08/Mar/2009:11:13:31 -0400] "HEAD /rapture/pirates.gif HTTP/1.1" 200 - "-" "oBot"
194.153.113.22 - - [08/Mar/2009:11:13:32 -0400] "HEAD /rapture/gd-jimj.gif HTTP/1.1" 200 - "-" "oBot"
194.153.113.22 - - [08/Mar/2009:11:13:33 -0400] "HEAD /limerick/goldstar.gif HTTP/1.1" 200 - "-" "oBot"
194.153.113.22 - - [08/Mar/2009:11:13:33 -0400] "HEAD /icons/unknown.gif HTTP/1.1" 200 - "-" "oBot"
194.153.113.22 - - [08/Mar/2009:11:13:34 -0400] "HEAD /gifs/canegiehall081.JPG HTTP/1.1" 200 - "-" "oBot"
194.153.113.22 - - [08/Mar/2009:11:13:35 -0400] "HEAD /gifs/eric%20as%20sp.jpg HTTP/1.1" 200 - "-" "oBot"
194.153.113.22 - - [08/Mar/2009:11:13:36 -0400] "HEAD /gifs/2003halloween2.jpg HTTP/1.1" 200 - "-" "oBot"
194.153.113.22 - - [08/Mar/2009:11:13:37 -0400] "HEAD /gifs/babygr.jpg HTTP/1.1" 200 - "-" "oBot"
194.153.113.22 - - [08/Mar/2009:11:13:38 -0400] "HEAD /gifs/mom%26dad.jpg HTTP/1.1" 200 - "-" "oBot"
194.153.113.22 - - [08/Mar/2009:11:13:39 -0400] "HEAD /gifs/star3.gif HTTP/1.1" 200 - "-" "oBot"
194.153.113.22 - - [08/Mar/2009:11:13:40 -0400] "HEAD /gifs/banana.jpg HTTP/1.1" 200 - "-" "oBot"
194.153.113.22 - - [08/Mar/2009:11:13:41 -0400] "HEAD /gifs/conductor.jpg HTTP/1.1" 200 - "-" "oBot"
194.153.113.22 - - [08/Mar/2009:11:13:42 -0400] "HEAD /gifs/boobies.gif HTTP/1.1" 200 - "-" "oBot"
194.153.113.22 - - [08/Mar/2009:11:13:43 -0400] "HEAD /haiku/goldstar.gif HTTP/1.1" 200 - "-" "oBot"
194.153.113.22 - - [08/Mar/2009:11:13:43 -0400] "HEAD /gifs/leopold.jpg HTTP/1.1" 200 - "-" "oBot"
194.153.113.22 - - [08/Mar/2009:11:13:44 -0400] "HEAD /rapture/gon-baby.gif HTTP/1.1" 200 - "-" "oBot"
194.153.113.22 - - [08/Mar/2009:11:13:44 -0400] "HEAD /gifs/goldstar.jpg HTTP/1.1" 200 - "-" "oBot"
194.153.113.22 - - [08/Mar/2009:11:13:45 -0400] "HEAD /gifs/canegiehall057.JPG HTTP/1.1" 200 - "-" "oBot"
194.153.113.22 - - [08/Mar/2009:11:13:46 -0400] "HEAD /gifs/sam.jpg HTTP/1.1" 200 - "-" "oBot"
194.153.113.22 - - [08/Mar/2009:11:13:47 -0400] "HEAD /gifs/happy.jpg HTTP/1.1" 200 - "-" "oBot"
194.153.113.22 - - [08/Mar/2009:11:13:47 -0400] "HEAD /gifs/canegiehall049.JPG HTTP/1.1" 200 - "-" "oBot"
194.153.113.22 - - [08/Mar/2009:11:13:47 -0400] "HEAD /rapture/sor-well.gif HTTP/1.1" 200 - "-" "oBot"
194.153.113.22 - - [08/Mar/2009:11:13:48 -0400] "HEAD /rapture/uto-look.gif HTTP/1.1" 200 - "-" "oBot"
194.153.113.22 - - [08/Mar/2009:11:13:49 -0400] "HEAD /gifs/program1a.jpg HTTP/1.1" 200 - "-" "oBot"
194.153.113.22 - - [08/Mar/2009:11:13:50 -0400] "HEAD /gifs/leoonbed.jpg HTTP/1.1" 200 - "-" "oBot"
194.153.113.22 - - [08/Mar/2009:11:13:50 -0400] "HEAD /rapture/bunthorne.gif HTTP/1.1" 200 - "-" "oBot"
194.153.113.22 - - [08/Mar/2009:11:13:51 -0400] "HEAD /icons/back.gif HTTP/1.1" 200 - "-" "oBot"
194.153.113.22 - - [08/Mar/2009:11:13:52 -0400] "HEAD /haiku/1996/lastleaf.jpg HTTP/1.1" 200 - "-" "oBot"
194.153.113.22 - - [08/Mar/2009:11:13:52 -0400] "HEAD /fiction/coupthb.gif HTTP/1.1" 200 - "-" "oBot"
194.153.113.22 - - [08/Mar/2009:11:13:53 -0400] "HEAD /gifs/birdumb2.gif HTTP/1.1" 200 - "-" "oBot"
194.153.113.22 - - [08/Mar/2009:11:13:53 -0400] "HEAD /gifs/quill.gif HTTP/1.1" 200 - "-" "oBot"
194.153.113.22 - - [08/Mar/2009:11:13:54 -0400] "HEAD /fiction/crabthb.gif HTTP/1.1" 200 - "-" "oBot"
194.153.113.22 - - [08/Mar/2009:11:13:55 -0400] "HEAD /gifs/58-w-cliffs.JPG HTTP/1.1" 200 - "-" "oBot"
88.240.57.238 - - [08/Mar/2009:11:17:23 -0400] "GET /gifs/Rosalinda.gif HTTP/1.1" 404 693 "http://www.toastpoint.com/fiction/novels/rosalind.html" "Mozilla/4.0 (compatible; MSIE 7.0; Windows NT 6.0; GTB5; SLCC1; .NET CLR 2.0.50727; .NET CLR 3.0.04506)"
88.240.57.238 - - [08/Mar/2009:11:17:23 -0400] "GET /fiction/novels/rosalind.html HTTP/1.1" 200 30989 "http://www.google.co.uk/search?hl=en&q=rosal%C4%B1nda+collect%C4%B1on+dearest&btnG=Google+Search&meta=" "Mozilla/4.0 (compatible; MSIE 7.0; Windows NT 6.0; GTB5; SLCC1; .NET CLR 2.0.50727; .NET CLR 3.0.04506)"
88.240.57.238 - - [08/Mar/2009:11:17:25 -0400] "GET /favicon.ico HTTP/1.1" 404 693 "-" "Mozilla/4.0 (compatible; MSIE 7.0; Windows NT 6.0; GTB5; SLCC1; .NET CLR 2.0.50727; .NET CLR 3.0.04506)"
208.111.154.15 - - [08/Mar/2009:11:45:42 -0400] "GET /robots.txt HTTP/1.1" 404 693 "-" "Mozilla/5.0 (compatible; Charlotte/1.1; http://www.searchme.com/support/)"
79.176.228.3 - - [08/Mar/2009:11:49:48 -0400] "GET /limerick/naut199.html HTTP/1.1" 200 34481 "http://www.google.com/search?hl=en&q=naughty+limericks" "Mozilla/4.0 (compatible; MSIE 7.0; Windows NT 5.1; .NET CLR 2.0.50727; .NET CLR 3.0.4506.2152; .NET CLR 3.5.30729)"
79.176.228.3 - - [08/Mar/2009:11:49:49 -0400] "GET /gifs/nakedman.gif HTTP/1.1" 200 7734 "http://www.toastpoint.com/limerick/naut199.html" "Mozilla/4.0 (compatible; MSIE 7.0; Windows NT 5.1; .NET CLR 2.0.50727; .NET CLR 3.0.4506.2152; .NET CLR 3.5.30729)"
79.176.228.3 - - [08/Mar/2009:11:49:49 -0400] "GET /gifs/boobies.gif HTTP/1.1" 200 11144 "http://www.toastpoint.com/limerick/naut199.html" "Mozilla/4.0 (compatible; MSIE 7.0; Windows NT 5.1; .NET CLR 2.0.50727; .NET CLR 3.0.4506.2152; .NET CLR 3.5.30729)"
79.176.228.3 - - [08/Mar/2009:11:49:50 -0400] "GET /gifs/goldstar.jpg HTTP/1.1" 200 1854 "http://www.toastpoint.com/limerick/naut199.html" "Mozilla/4.0 (compatible; MSIE 7.0; Windows NT 5.1; .NET CLR 2.0.50727; .NET CLR 3.0.4506.2152; .NET CLR 3.5.30729)"
79.176.228.3 - - [08/Mar/2009:11:49:50 -0400] "GET /favicon.ico HTTP/1.1" 404 693 "-" "Mozilla/4.0 (compatible; MSIE 7.0; Windows NT 5.1; .NET CLR 2.0.50727; .NET CLR 3.0.4506.2152; .NET CLR 3.5.30729)"
66.235.124.8 - - [08/Mar/2009:12:13:19 -0400] "GET /writing/fancy.html HTTP/1.1" 200 4720 "-" "Mozilla/5.0 (compatible; Ask Jeeves/Teoma; +http://about.ask.com/en/docs/about/webmasters.shtml)"
66.249.65.244 - - [08/Mar/2009:12:14:10 -0400] "GET /gifs/wumpuspei2005.jpg HTTP/1.1" 304 - "-" "Googlebot-Image/1.0"
72.30.142.226 - - [08/Mar/2009:12:16:47 -0400] "GET /robots.txt HTTP/1.0" 404 693 "-" "Mozilla/5.0 (compatible; Yahoo! Slurp; http://help.yahoo.com/help/us/ysearch/slurp)"
208.111.154.15 - - [08/Mar/2009:12:21:54 -0400] "GET /haiku/1998/haiku798.html HTTP/1.1" 304 - "-" "Mozilla/5.0 (compatible; Charlotte/1.1; http://www.searchme.com/support/)"
174.129.181.104 - - [08/Mar/2009:12:38:56 -0400] "GET /robots.txt HTTP/1.0" 404 693 "-" "SimilarPages/Nutch-1.0-dev (SimilarPages Nutch Crawler; http://www.similarpages.com; info at similarpages dot com)"
174.129.181.104 - - [08/Mar/2009:12:38:56 -0400] "GET /fiction/fiction.html HTTP/1.0" 200 2705 "-" "SimilarPages/Nutch-1.0-dev (SimilarPages Nutch Crawler; http://www.similarpages.com; info at similarpages dot com)"
174.129.181.104 - - [08/Mar/2009:12:39:04 -0400] "GET /limerick/naut299.html HTTP/1.0" 200 23095 "-" "SimilarPages/Nutch-1.0-dev (SimilarPages Nutch Crawler; http://www.similarpages.com; info at similarpages dot com)"
174.129.181.104 - - [08/Mar/2009:12:39:12 -0400] "GET /limerick/naut499.html HTTP/1.0" 200 38163 "-" "SimilarPages/Nutch-1.0-dev (SimilarPages Nutch Crawler; http://www.similarpages.com; info at similarpages dot com)"
174.129.181.104 - - [08/Mar/2009:12:39:18 -0400] "GET /welcome.html HTTP/1.0" 200 418 "-" "SimilarPages/Nutch-1.0-dev (SimilarPages Nutch Crawler; http://www.similarpages.com; info at similarpages dot com)"
174.129.181.104 - - [08/Mar/2009:12:39:23 -0400] "GET /limerick/nice199.html HTTP/1.0" 200 25313 "-" "SimilarPages/Nutch-1.0-dev (SimilarPages Nutch Crawler; http://www.similarpages.com; info at similarpages dot com)"
174.129.181.104 - - [08/Mar/2009:12:40:10 -0400] "GET /limerick/nice399.html HTTP/1.0" 200 31092 "-" "SimilarPages/Nutch-1.0-dev (SimilarPages Nutch Crawler; http://www.similarpages.com; info at similarpages dot com)"
174.129.181.104 - - [08/Mar/2009:12:41:18 -0400] "GET /limerick/naut199.html HTTP/1.0" 200 34481 "-" "SimilarPages/Nutch-1.0-dev (SimilarPages Nutch Crawler; http://www.similarpages.com; info at similarpages dot com)"
174.129.181.104 - - [08/Mar/2009:12:41:23 -0400] "GET /limerick/nice599.html HTTP/1.0" 200 26033 "-" "SimilarPages/Nutch-1.0-dev (SimilarPages Nutch Crawler; http://www.similarpages.com; info at similarpages dot com)"
174.129.181.104 - - [08/Mar/2009:12:41:32 -0400] "GET /haiku/haiku.html HTTP/1.0" 200 2147 "-" "SimilarPages/Nutch-1.0-dev (SimilarPages Nutch Crawler; http://www.similarpages.com; info at similarpages dot com)"
174.129.181.104 - - [08/Mar/2009:12:42:23 -0400] "GET /limerick/naut399.html HTTP/1.0" 200 38217 "-" "SimilarPages/Nutch-1.0-dev (SimilarPages Nutch Crawler; http://www.similarpages.com; info at similarpages dot com)"
174.129.181.104 - - [08/Mar/2009:12:43:14 -0400] "GET /limerick/brady/brady99.html HTTP/1.0" 200 7546 "-" "SimilarPages/Nutch-1.0-dev (SimilarPages Nutch Crawler; http://www.similarpages.com; info at similarpages dot com)"
174.129.181.104 - - [08/Mar/2009:12:43:19 -0400] "GET /limerick/brady/brady98.html HTTP/1.0" 200 8297 "-" "SimilarPages/Nutch-1.0-dev (SimilarPages Nutch Crawler; http://www.similarpages.com; info at similarpages dot com)"
174.129.181.104 - - [08/Mar/2009:12:43:25 -0400] "GET /limerick/brady/brady97.html HTTP/1.0" 200 10474 "-" "SimilarPages/Nutch-1.0-dev (SimilarPages Nutch Crawler; http://www.similarpages.com; info at similarpages dot com)"
174.129.181.104 - - [08/Mar/2009:12:43:30 -0400] "GET /limerick/brady/brady96.html HTTP/1.0" 200 6418 "-" "SimilarPages/Nutch-1.0-dev (SimilarPages Nutch Crawler; http://www.similarpages.com; info at similarpages dot com)"
174.129.181.104 - - [08/Mar/2009:12:43:34 -0400] "GET /limerick/naut599.html HTTP/1.0" 200 21235 "-" "SimilarPages/Nutch-1.0-dev (SimilarPages Nutch Crawler; http://www.similarpages.com; info at similarpages dot com)"
174.129.181.104 - - [08/Mar/2009:12:45:33 -0400] "GET /limerick/nice299.html HTTP/1.0" 200 28130 "-" "SimilarPages/Nutch-1.0-dev (SimilarPages Nutch Crawler; http://www.similarpages.com; info at similarpages dot com)"
174.129.181.104 - - [08/Mar/2009:12:46:13 -0400] "GET /limerick/brady/brady1.html HTTP/1.0" 200 4493 "-" "SimilarPages/Nutch-1.0-dev (SimilarPages Nutch Crawler; http://www.similarpages.com; info at similarpages dot com)"
174.129.181.104 - - [08/Mar/2009:12:46:35 -0400] "GET /limerick/nice499.html HTTP/1.0" 200 24193 "-" "SimilarPages/Nutch-1.0-dev (SimilarPages Nutch Crawler; http://www.similarpages.com; info at similarpages dot com)"
66.235.124.8 - - [08/Mar/2009:13:13:12 -0400] "GET /limerick/nice599.html HTTP/1.1" 200 26033 "-" "Mozilla/5.0 (compatible; Ask Jeeves/Teoma; +http://about.ask.com/en/docs/about/webmasters.shtml)"
208.111.154.16 - - [08/Mar/2009:13:16:51 -0400] "GET /robots.txt HTTP/1.1" 404 693 "-" "Mozilla/5.0 (compatible; Charlotte/1.1; http://www.searchme.com/support/)"
124.115.1.66 - - [08/Mar/2009:13:35:54 -0400] "GET / HTTP/1.1" 200 464 "http://www.toastpoint.com/" "Mozilla/4.0 (compatible; MSIE 6.0; Windows NT 5.1)"
124.115.1.66 - - [08/Mar/2009:13:36:06 -0400] "GET /toastpointtopleft.html HTTP/1.1" 200 162 "http://www.toastpoint.com/toastpointtopleft.html" "Mozilla/4.0 (compatible; MSIE 6.0; Windows NT 5.1)"
124.115.1.66 - - [08/Mar/2009:13:36:07 -0400] "GET /toastpointtoc.html HTTP/1.1" 200 1188 "http://www.toastpoint.com/toastpointtoc.html" "Mozilla/4.0 (compatible; MSIE 6.0; Windows NT 5.1)"
124.115.1.66 - - [08/Mar/2009:13:36:07 -0400] "GET /news.html HTTP/1.1" 200 17706 "http://www.toastpoint.com/news.html" "Mozilla/4.0 (compatible; MSIE 6.0; Windows NT 5.1)"
124.115.1.66 - - [08/Mar/2009:13:36:09 -0400] "GET /toastpointtopright.html HTTP/1.1" 200 151 "http://www.toastpoint.com/toastpointtopright.html" "Mozilla/4.0 (compatible; MSIE 6.0; Windows NT 5.1)"
124.115.1.66 - - [08/Mar/2009:13:36:09 -0400] "GET /tpnews.html HTTP/1.1" 200 8305 "http://www.toastpoint.com/tpnews.html" "Mozilla/4.0 (compatible; MSIE 6.0; Windows NT 5.1)"
205.178.184.155 - - [08/Mar/2009:13:49:30 -0400] "HEAD / HTTP/1.1" 200 - "-" "Mozilla/4.0 (compatible; MSIE 6.0; Windows NT 5.2; SV1; .NET CLR 1.1.4322; .NET CLR 2.0.50727)"
205.178.184.155 - - [08/Mar/2009:13:50:01 -0400] "GET / HTTP/1.1" 200 464 "-" "Mozilla/5.0 (Windows; U; Windows NT 5.1; en-US; rv:1.8.1.12) Gecko/20080201 Firefox/2.0.0.12"
205.178.184.155 - - [08/Mar/2009:13:50:02 -0400] "GET /toastpointtopleft.html HTTP/1.1" 200 162 "http%3a%2f%2ftoastpoint.com%2f" "Mozilla/4.0 (compatible; MSIE 6.0; Windows NT 5.2; SV1; .NET CLR 1.1.4322; .NET CLR 2.0.50727)"
205.178.184.155 - - [08/Mar/2009:13:50:02 -0400] "GET /toastpointtoc.html HTTP/1.1" 200 1188 "http%3a%2f%2ftoastpoint.com%2f" "Mozilla/4.0 (compatible; MSIE 6.0; Windows NT 5.2; SV1; .NET CLR 1.1.4322; .NET CLR 2.0.50727)"
205.178.184.155 - - [08/Mar/2009:13:50:02 -0400] "GET /news.html HTTP/1.1" 200 17706 "http%3a%2f%2ftoastpoint.com%2f" "Mozilla/4.0 (compatible; MSIE 7.0; Windows NT 5.1; .NET CLR 1.1.4322; .NET CLR 2.0.50727)"
205.178.184.155 - - [08/Mar/2009:13:50:02 -0400] "GET /toastpointtopright.html HTTP/1.1" 200 151 "http%3a%2f%2ftoastpoint.com%2f" "Mozilla/5.0 (Windows; U; Windows NT 5.1; en-US; rv:1.8.1.12) Gecko/20080201 Firefox/2.0.0.12"
205.178.184.155 - - [08/Mar/2009:13:50:02 -0400] "GET /tpnews.html HTTP/1.1" 200 8305 "http%3a%2f%2ftoastpoint.com%2f" "Mozilla/4.0 (compatible; MSIE 6.0; Windows NT 5.2; SV1; .NET CLR 1.1.4322; .NET CLR 2.0.50727)"
208.111.154.16 - - [08/Mar/2009:13:54:11 -0400] "GET /robots.txt HTTP/1.1" 404 693 "-" "Mozilla/5.0 (compatible; Charlotte/1.1; http://www.searchme.com/support/)"
208.111.154.16 - - [08/Mar/2009:13:54:30 -0400] "GET /limerick/1998/naut198.html HTTP/1.1" 304 - "-" "Mozilla/5.0 (compatible; Charlotte/1.1; http://www.searchme.com/support/)"
205.178.184.155 - - [08/Mar/2009:14:04:19 -0400] "GET / HTTP/1.1" 200 464 "-" "Mozilla/4.0 (compatible; MSIE 7.0; Windows NT 5.1; .NET CLR 1.1.4322; .NET CLR 2.0.50727)"
205.178.184.155 - - [08/Mar/2009:14:04:19 -0400] "GET /robots.txt HTTP/1.1" 404 693 "-" "Mozilla/5.0 (Windows; U; Windows NT 5.1; en-US; rv:1.8.1.12) Gecko/20080201 Firefox/2.0.0.12"
205.178.184.153 - - [08/Mar/2009:14:05:28 -0400] "HEAD /photo.html HTTP/1.1" 200 - "-" "Mozilla/4.0 (compatible; MSIE 7.0; Windows NT 5.1; .NET CLR 1.1.4322; .NET CLR 2.0.50727)"
205.178.184.152 - - [08/Mar/2009:14:05:28 -0400] "HEAD /bio.html HTTP/1.1" 200 - "-" "Mozilla/5.0 (Windows; U; Windows NT 5.1; en-US; rv:1.8.1.12) Gecko/20080201 Firefox/2.0.0.12"
205.178.184.152 - - [08/Mar/2009:14:05:36 -0400] "GET /bio.html HTTP/1.1" 200 7868 "-" "Mozilla/5.0 (Windows; U; Windows NT 5.1; en-US; rv:1.8.1.16) Gecko/20080702 Firefox/2.0.0.16"
205.178.184.155 - - [08/Mar/2009:14:05:43 -0400] "GET /news.html HTTP/1.1" 200 17706 "-" "Mozilla/5.0 (Windows; U; Windows NT 5.1; en-US; rv:1.8.1.12) Gecko/20080201 Firefox/2.0.0.12"
205.178.184.155 - - [08/Mar/2009:14:05:44 -0400] "GET /links.html HTTP/1.1" 200 4252 "-" "Mozilla/5.0 (Windows; U; Windows NT 5.1; en-US; rv:1.8.1.12) Gecko/20080201 Firefox/2.0.0.12"
205.178.184.155 - - [08/Mar/2009:14:05:44 -0400] "GET /contests.html HTTP/1.1" 200 1230 "-" "Mozilla/4.0 (compatible; MSIE 6.0; Windows NT 5.2; SV1; .NET CLR 1.1.4322; .NET CLR 2.0.50727)"
205.178.184.153 - - [08/Mar/2009:14:06:07 -0400] "GET /photo.html HTTP/1.1" 200 4228 "-" "Mozilla/4.0 (compatible; MSIE 7.0; Windows NT 5.1; .NET CLR 1.1.4322; .NET CLR 2.0.50727)"
208.111.154.15 - - [08/Mar/2009:14:12:10 -0400] "GET /robots.txt HTTP/1.1" 404 693 "-" "Mozilla/5.0 (compatible; Charlotte/1.1; http://www.searchme.com/support/)"
208.111.154.15 - - [08/Mar/2009:14:26:46 -0400] "GET /robots.txt HTTP/1.1" 404 693 "-" "Mozilla/5.0 (compatible; Charlotte/1.1; http://www.searchme.com/support/)"
208.111.154.15 - - [08/Mar/2009:14:27:05 -0400] "GET /limerick/1997/naut1197.html HTTP/1.1" 304 - "-" "Mozilla/5.0 (compatible; Charlotte/1.1; http://www.searchme.com/support/)"
66.249.65.239 - - [08/Mar/2009:14:29:33 -0400] "GET /limerick/limerick.html HTTP/1.1" 200 2613 "-" "DoCoMo/2.0 N905i(c100;TB;W24H16) (compatible; Googlebot-Mobile/2.1; +http://www.google.com/bot.html)"
92.119.44.168 - - [08/Mar/2009:14:54:22 -0400] "GET /fiction/fict98/fict698.html HTTP/1.1" 200 12890 "http://www.google.com/search?client=opera&rls=en&q=tenboobs&sourceid=opera&ie=utf-8&oe=utf-8" "Opera/9.64 (Windows NT 5.1; U; en) Presto/2.1.1"
92.119.44.168 - - [08/Mar/2009:14:54:23 -0400] "GET /fiction/fict98/coupthb.gif HTTP/1.1" 404 693 "http://www.toastpoint.com/fiction/fict98/fict698.html" "Opera/9.64 (Windows NT 5.1; U; en) Presto/2.1.1"
92.119.44.168 - - [08/Mar/2009:14:54:23 -0400] "GET /gifs/paper.gif HTTP/1.1" 200 4756 "http://www.toastpoint.com/fiction/fict98/fict698.html" "Opera/9.64 (Windows NT 5.1; U; en) Presto/2.1.1"
92.119.44.168 - - [08/Mar/2009:14:54:23 -0400] "GET /gifs/star3.gif HTTP/1.1" 200 1536 "http://www.toastpoint.com/fiction/fict98/fict698.html" "Opera/9.64 (Windows NT 5.1; U; en) Presto/2.1.1"
92.119.44.168 - - [08/Mar/2009:14:54:23 -0400] "GET /gifs/star3.gif HTTP/1.1" 200 1536 "http://www.toastpoint.com/fiction/fict98/fict698.html" "Opera/9.64 (Windows NT 5.1; U; en) Presto/2.1.1"
92.119.44.168 - - [08/Mar/2009:14:54:23 -0400] "GET /gifs/quill1.gif HTTP/1.1" 200 4312 "http://www.toastpoint.com/fiction/fict98/fict698.html" "Opera/9.64 (Windows NT 5.1; U; en) Presto/2.1.1"
92.119.44.168 - - [08/Mar/2009:14:54:23 -0400] "GET /fiction/fict98/crabthb.gif HTTP/1.1" 404 693 "http://www.toastpoint.com/fiction/fict98/fict698.html" "Opera/9.64 (Windows NT 5.1; U; en) Presto/2.1.1"
92.119.44.168 - - [08/Mar/2009:14:54:23 -0400] "GET /gifs/quill2.gif HTTP/1.1" 200 4300 "http://www.toastpoint.com/fiction/fict98/fict698.html" "Opera/9.64 (Windows NT 5.1; U; en) Presto/2.1.1"
92.119.44.168 - - [08/Mar/2009:14:54:23 -0400] "GET /fiction/fict98/crabthb.gif HTTP/1.1" 404 693 "http://www.toastpoint.com/fiction/fict98/fict698.html" "Opera/9.64 (Windows NT 5.1; U; en) Presto/2.1.1"
92.119.44.168 - - [08/Mar/2009:14:54:24 -0400] "GET /favicon.ico HTTP/1.1" 404 693 "http://www.toastpoint.com/fiction/fict98/fict698.html" "Opera/9.64 (Windows NT 5.1; U; en) Presto/2.1.1"
208.80.195.36 - - [08/Mar/2009:14:57:52 -0400] "GET / HTTP/1.0" 200 464 "-" "Mozilla/4.0 (compatible; MSIE 6.0; Windows NT 5.1; {704A62EA-B19E-0D54-180C-2A8A4141BDFA})"
66.249.65.240 - - [08/Mar/2009:15:08:41 -0400] "GET /limerick/1995/nicenov.html HTTP/1.1" 200 5429 "-" "SAMSUNG-SGH-E250/1.0 Profile/MIDP-2.0 Configuration/CLDC-1.1 UP.Browser/6.2.3.3.c.1.101 (GUI) MMP/2.0 (compatible; Googlebot-Mobile/2.1; +http://www.google.com/bot.html)"
66.249.65.228 - - [08/Mar/2009:15:08:41 -0400] "GET /fiction/fict97/fict297.html HTTP/1.1" 200 8467 "-" "SAMSUNG-SGH-E250/1.0 Profile/MIDP-2.0 Configuration/CLDC-1.1 UP.Browser/6.2.3.3.c.1.101 (GUI) MMP/2.0 (compatible; Googlebot-Mobile/2.1; +http://www.google.com/bot.html)"
66.249.65.225 - - [08/Mar/2009:15:08:50 -0400] "GET /limerick/1996/lim1996.html HTTP/1.1" 304 - "-" "Mozilla/5.0 (compatible; Googlebot/2.1; +http://www.google.com/bot.html)"
66.249.65.228 - - [08/Mar/2009:15:08:52 -0400] "GET /limerick/1997/lim1997.html HTTP/1.1" 200 1925 "-" "SAMSUNG-SGH-E250/1.0 Profile/MIDP-2.0 Configuration/CLDC-1.1 UP.Browser/6.2.3.3.c.1.101 (GUI) MMP/2.0 (compatible; Googlebot-Mobile/2.1; +http://www.google.com/bot.html)"
66.249.65.227 - - [08/Mar/2009:15:08:53 -0400] "GET /limerick/1995/nautsept.html HTTP/1.1" 200 7977 "-" "SAMSUNG-SGH-E250/1.0 Profile/MIDP-2.0 Configuration/CLDC-1.1 UP.Browser/6.2.3.3.c.1.101 (GUI) MMP/2.0 (compatible; Googlebot-Mobile/2.1; +http://www.google.com/bot.html)"
66.249.65.228 - - [08/Mar/2009:15:09:06 -0400] "GET /haiku/1995/haikujul.html HTTP/1.1" 200 2170 "-" "SAMSUNG-SGH-E250/1.0 Profile/MIDP-2.0 Configuration/CLDC-1.1 UP.Browser/6.2.3.3.c.1.101 (GUI) MMP/2.0 (compatible; Googlebot-Mobile/2.1; +http://www.google.com/bot.html)"
66.249.65.239 - - [08/Mar/2009:15:09:16 -0400] "GET /haiku/1995/1995.html HTTP/1.1" 200 951 "-" "SAMSUNG-SGH-E250/1.0 Profile/MIDP-2.0 Configuration/CLDC-1.1 UP.Browser/6.2.3.3.c.1.101 (GUI) MMP/2.0 (compatible; Googlebot-Mobile/2.1; +http://www.google.com/bot.html)"
66.249.65.233 - - [08/Mar/2009:15:09:26 -0400] "GET /limerick/docs/fletcher.html HTTP/1.1" 200 5576 "-" "SAMSUNG-SGH-E250/1.0 Profile/MIDP-2.0 Configuration/CLDC-1.1 UP.Browser/6.2.3.3.c.1.101 (GUI) MMP/2.0 (compatible; Googlebot-Mobile/2.1; +http://www.google.com/bot.html)"
66.249.65.228 - - [08/Mar/2009:15:10:28 -0400] "GET /fiction/novels/peak4.html HTTP/1.1" 200 13115 "-" "SAMSUNG-SGH-E250/1.0 Profile/MIDP-2.0 Configuration/CLDC-1.1 UP.Browser/6.2.3.3.c.1.101 (GUI) MMP/2.0 (compatible; Googlebot-Mobile/2.1; +http://www.google.com/bot.html)"
