72.14.199.86 - - [19/Jan/2009:00:16:34 -0500] "GET /limerick/naut299.html HTTP/1.1" 200 23095 "-" "DoCoMo/2.0 N905i(c100;TB;W24H16) (compatible; Googlebot-Mobile/2.1; +http://www.google.com/bot.html)"
72.14.199.86 - - [19/Jan/2009:00:16:48 -0500] "GET /fiction/fict599.html HTTP/1.1" 200 7512 "-" "DoCoMo/2.0 N905i(c100;TB;W24H16) (compatible; Googlebot-Mobile/2.1; +http://www.google.com/bot.html)"
72.14.199.86 - - [19/Jan/2009:00:17:29 -0500] "GET /fiction/fiction.html HTTP/1.1" 200 2705 "-" "DoCoMo/2.0 N905i(c100;TB;W24H16) (compatible; Googlebot-Mobile/2.1; +http://www.google.com/bot.html)"
72.14.199.86 - - [19/Jan/2009:00:17:35 -0500] "GET /limerick/naut599.html HTTP/1.1" 200 21235 "-" "DoCoMo/2.0 N905i(c100;TB;W24H16) (compatible; Googlebot-Mobile/2.1; +http://www.google.com/bot.html)"
67.195.37.89 - - [19/Jan/2009:00:21:13 -0500] "GET /robots.txt HTTP/1.0" 404 693 "-" "Mozilla/5.0 (compatible; Yahoo! Slurp; http://help.yahoo.com/help/us/ysearch/slurp)"
67.195.37.89 - - [19/Jan/2009:00:21:19 -0500] "GET / HTTP/1.0" 200 464 "-" "Mozilla/5.0 (compatible; Yahoo! DE Slurp; http://help.yahoo.com/help/us/ysearch/slurp)"
67.195.37.89 - - [19/Jan/2009:00:21:19 -0500] "GET /toastpointtopleft.html HTTP/1.0" 200 162 "-" "Mozilla/5.0 (compatible; Yahoo! DE Slurp; http://help.yahoo.com/help/us/ysearch/slurp)"
67.195.37.89 - - [19/Jan/2009:00:21:20 -0500] "GET /toastpointtoc.html HTTP/1.0" 200 1188 "-" "Mozilla/5.0 (compatible; Yahoo! DE Slurp; http://help.yahoo.com/help/us/ysearch/slurp)"
67.195.37.89 - - [19/Jan/2009:00:21:20 -0500] "GET /news.html HTTP/1.0" 200 17706 "-" "Mozilla/5.0 (compatible; Yahoo! DE Slurp; http://help.yahoo.com/help/us/ysearch/slurp)"
67.195.37.89 - - [19/Jan/2009:00:21:21 -0500] "GET /toastpointtopright.html HTTP/1.0" 200 151 "-" "Mozilla/5.0 (compatible; Yahoo! DE Slurp; http://help.yahoo.com/help/us/ysearch/slurp)"
67.195.37.89 - - [19/Jan/2009:00:21:21 -0500] "GET /tpnews.html HTTP/1.0" 200 8305 "-" "Mozilla/5.0 (compatible; Yahoo! DE Slurp; http://help.yahoo.com/help/us/ysearch/slurp)"
124.105.93.54 - - [19/Jan/2009:00:23:35 -0500] "GET /favicon.ico HTTP/1.1" 404 693 "-" "Mozilla/5.0 (Windows; U; Windows NT 5.1; en-US; rv:1.9.0.5) Gecko/2008120122 Firefox/3.0.5"
124.105.93.54 - - [19/Jan/2009:00:23:37 -0500] "GET /favicon.ico HTTP/1.1" 404 693 "-" "Mozilla/5.0 (Windows; U; Windows NT 5.1; en-US; rv:1.9.0.5) Gecko/2008120122 Firefox/3.0.5"
124.105.93.54 - - [19/Jan/2009:00:23:47 -0500] "GET /gifs/japan.gif HTTP/1.1" 200 5737 "http://www.toastpoint.com/haiku/1997/haiku297.html" "Mozilla/5.0 (Windows; U; Windows NT 5.1; en-US; rv:1.9.0.5) Gecko/2008120122 Firefox/3.0.5"
124.105.93.54 - - [19/Jan/2009:00:23:47 -0500] "GET /gifs/goldstar.jpg HTTP/1.1" 200 1854 "http://www.toastpoint.com/haiku/1997/haiku297.html" "Mozilla/5.0 (Windows; U; Windows NT 5.1; en-US; rv:1.9.0.5) Gecko/2008120122 Firefox/3.0.5"
124.105.93.54 - - [19/Jan/2009:00:23:44 -0500] "GET /haiku/1997/haiku297.html HTTP/1.1" 200 48218 "-" "Mozilla/5.0 (Windows; U; Windows NT 5.1; en-US; rv:1.9.0.5) Gecko/2008120122 Firefox/3.0.5"
64.136.27.228 - - [19/Jan/2009:00:40:47 -0500] "GET /limerick/1995/niceaug.html HTTP/1.1" 200 4489 "-" "Mozilla/4.0 (compatible; MSIE 6.0; Windows 98)"
64.136.27.228 - - [19/Jan/2009:00:40:51 -0500] "GET /gifs/goldstar.jpg HTTP/1.1" 200 1854 "http://www.toastpoint.com/limerick/1995/niceaug.html" "Mozilla/4.0 (compatible; MSIE 6.0; Windows 98)"
24.184.10.167 - - [19/Jan/2009:01:08:37 -0500] "GET /bio.html HTTP/1.1" 200 7868 "http://www.toastpoint.com/bio.html" "Mozilla/5.0 (Macintosh; U; Intel Mac OS X 10_4_11; en) AppleWebKit/525.18 (KHTML, like Gecko) Version/3.1.1 Safari/525.18"
24.184.10.167 - - [19/Jan/2009:01:08:37 -0500] "GET /gifs/eric.jpg HTTP/1.1" 200 19411 "http://www.toastpoint.com/bio.html" "Mozilla/5.0 (Macintosh; U; Intel Mac OS X 10_4_11; en) AppleWebKit/525.18 (KHTML, like Gecko) Version/3.1.1 Safari/525.18"
24.184.10.167 - - [19/Jan/2009:01:08:37 -0500] "GET /gifs/samp.jpg HTTP/1.1" 200 2907 "http://www.toastpoint.com/bio.html" "Mozilla/5.0 (Macintosh; U; Intel Mac OS X 10_4_11; en) AppleWebKit/525.18 (KHTML, like Gecko) Version/3.1.1 Safari/525.18"
24.184.10.167 - - [19/Jan/2009:01:08:37 -0500] "GET /gifs/mom&dad.jpg HTTP/1.1" 200 6709 "http://www.toastpoint.com/bio.html" "Mozilla/5.0 (Macintosh; U; Intel Mac OS X 10_4_11; en) AppleWebKit/525.18 (KHTML, like Gecko) Version/3.1.1 Safari/525.18"
24.184.10.167 - - [19/Jan/2009:01:08:37 -0500] "GET /gifs/leopold.jpg HTTP/1.1" 200 38609 "http://www.toastpoint.com/bio.html" "Mozilla/5.0 (Macintosh; U; Intel Mac OS X 10_4_11; en) AppleWebKit/525.18 (KHTML, like Gecko) Version/3.1.1 Safari/525.18"
24.184.10.167 - - [19/Jan/2009:01:08:37 -0500] "GET /favicon.ico HTTP/1.1" 404 693 "http://www.toastpoint.com/gifs/leopold.jpg" "Mozilla/5.0 (Macintosh; U; Intel Mac OS X 10_4_11; en) AppleWebKit/525.18 (KHTML, like Gecko) Version/3.1.1 Safari/525.18"
72.14.199.86 - - [19/Jan/2009:01:24:01 -0500] "GET /haiku/1995/haikujul.html HTTP/1.1" 200 2170 "-" "DoCoMo/2.0 N905i(c100;TB;W24H16) (compatible; Googlebot-Mobile/2.1; +http://www.google.com/bot.html)"
72.14.199.86 - - [19/Jan/2009:01:24:12 -0500] "GET /limerick/1995/nautmay.html HTTP/1.1" 200 4260 "-" "DoCoMo/2.0 N905i(c100;TB;W24H16) (compatible; Googlebot-Mobile/2.1; +http://www.google.com/bot.html)"
72.14.199.86 - - [19/Jan/2009:01:24:12 -0500] "GET /haiku/1995/haikujun.html HTTP/1.1" 200 2332 "-" "DoCoMo/2.0 N905i(c100;TB;W24H16) (compatible; Googlebot-Mobile/2.1; +http://www.google.com/bot.html)"
72.14.199.86 - - [19/Jan/2009:01:24:15 -0500] "GET /limerick/1997/nice597.html HTTP/1.1" 200 16764 "-" "DoCoMo/2.0 N905i(c100;TB;W24H16) (compatible; Googlebot-Mobile/2.1; +http://www.google.com/bot.html)"
72.14.199.86 - - [19/Jan/2009:01:24:15 -0500] "GET /limerick/1997/naut397.html HTTP/1.1" 200 21435 "-" "DoCoMo/2.0 N905i(c100;TB;W24H16) (compatible; Googlebot-Mobile/2.1; +http://www.google.com/bot.html)"
72.14.199.86 - - [19/Jan/2009:01:24:15 -0500] "GET /limerick/1995/nicejune.html HTTP/1.1" 200 1710 "-" "DoCoMo/2.0 N905i(c100;TB;W24H16) (compatible; Googlebot-Mobile/2.1; +http://www.google.com/bot.html)"
72.14.199.86 - - [19/Jan/2009:01:24:15 -0500] "GET /limerick/1997/nice797.html HTTP/1.1" 200 19339 "-" "DoCoMo/2.0 N905i(c100;TB;W24H16) (compatible; Googlebot-Mobile/2.1; +http://www.google.com/bot.html)"
72.14.199.86 - - [19/Jan/2009:01:24:15 -0500] "GET /limerick/brady/brady1.html HTTP/1.1" 200 4493 "-" "DoCoMo/2.0 N905i(c100;TB;W24H16) (compatible; Googlebot-Mobile/2.1; +http://www.google.com/bot.html)"
72.14.199.86 - - [19/Jan/2009:01:24:15 -0500] "GET /fiction/fict98/fict998.html HTTP/1.1" 200 7905 "-" "DoCoMo/2.0 N905i(c100;TB;W24H16) (compatible; Googlebot-Mobile/2.1; +http://www.google.com/bot.html)"
72.14.199.86 - - [19/Jan/2009:01:24:18 -0500] "GET /limerick/1997/naut597.html HTTP/1.1" 200 22468 "-" "DoCoMo/2.0 N905i(c100;TB;W24H16) (compatible; Googlebot-Mobile/2.1; +http://www.google.com/bot.html)"
72.14.199.86 - - [19/Jan/2009:01:24:19 -0500] "GET /limerick/1997/nice1297.html HTTP/1.1" 200 24100 "-" "DoCoMo/2.0 N905i(c100;TB;W24H16) (compatible; Googlebot-Mobile/2.1; +http://www.google.com/bot.html)"
72.14.199.86 - - [19/Jan/2009:01:24:20 -0500] "GET /limerick/1997/nice1097.html HTTP/1.1" 200 20810 "-" "DoCoMo/2.0 N905i(c100;TB;W24H16) (compatible; Googlebot-Mobile/2.1; +http://www.google.com/bot.html)"
72.14.199.86 - - [19/Jan/2009:01:24:21 -0500] "GET /haiku/1996/haik1996.html HTTP/1.1" 200 1887 "-" "DoCoMo/2.0 N905i(c100;TB;W24H16) (compatible; Googlebot-Mobile/2.1; +http://www.google.com/bot.html)"
72.14.199.86 - - [19/Jan/2009:01:24:21 -0500] "GET /limerick/1995/nicesept.html HTTP/1.1" 200 3676 "-" "DoCoMo/2.0 N905i(c100;TB;W24H16) (compatible; Googlebot-Mobile/2.1; +http://www.google.com/bot.html)"
72.14.199.86 - - [19/Jan/2009:01:24:23 -0500] "GET /limerick/1997/nice997.html HTTP/1.1" 200 24299 "-" "DoCoMo/2.0 N905i(c100;TB;W24H16) (compatible; Googlebot-Mobile/2.1; +http://www.google.com/bot.html)"
72.14.199.86 - - [19/Jan/2009:01:24:23 -0500] "GET /fiction/fict98/fict98.html HTTP/1.1" 200 1540 "-" "DoCoMo/2.0 N905i(c100;TB;W24H16) (compatible; Googlebot-Mobile/2.1; +http://www.google.com/bot.html)"
72.14.199.86 - - [19/Jan/2009:01:24:23 -0500] "GET /limerick/1995/bestnice.html HTTP/1.1" 200 6154 "-" "DoCoMo/2.0 N905i(c100;TB;W24H16) (compatible; Googlebot-Mobile/2.1; +http://www.google.com/bot.html)"
72.14.199.86 - - [19/Jan/2009:01:24:26 -0500] "GET /limerick/1995/nicenov.html HTTP/1.1" 200 5429 "-" "DoCoMo/2.0 N905i(c100;TB;W24H16) (compatible; Googlebot-Mobile/2.1; +http://www.google.com/bot.html)"
72.14.199.86 - - [19/Jan/2009:01:24:26 -0500] "GET /limerick/1997/nice297.html HTTP/1.1" 200 16613 "-" "DoCoMo/2.0 N905i(c100;TB;W24H16) (compatible; Googlebot-Mobile/2.1; +http://www.google.com/bot.html)"
72.14.199.86 - - [19/Jan/2009:01:24:26 -0500] "GET /limerick/1997/naut797.html HTTP/1.1" 200 22034 "-" "DoCoMo/2.0 N905i(c100;TB;W24H16) (compatible; Googlebot-Mobile/2.1; +http://www.google.com/bot.html)"
72.14.199.86 - - [19/Jan/2009:01:24:26 -0500] "GET /limerick/1997/naut697.html HTTP/1.1" 200 24732 "-" "DoCoMo/2.0 N905i(c100;TB;W24H16) (compatible; Googlebot-Mobile/2.1; +http://www.google.com/bot.html)"
72.14.199.86 - - [19/Jan/2009:01:24:26 -0500] "GET /fiction/fict97/fict297.html HTTP/1.1" 200 8467 "-" "DoCoMo/2.0 N905i(c100;TB;W24H16) (compatible; Googlebot-Mobile/2.1; +http://www.google.com/bot.html)"
72.14.199.86 - - [19/Jan/2009:01:25:08 -0500] "GET /haiku/1995/1995.html HTTP/1.1" 200 951 "-" "DoCoMo/2.0 N905i(c100;TB;W24H16) (compatible; Googlebot-Mobile/2.1; +http://www.google.com/bot.html)"
72.14.199.86 - - [19/Jan/2009:01:25:10 -0500] "GET /limerick/1997/nice397.html HTTP/1.1" 200 13929 "-" "DoCoMo/2.0 N905i(c100;TB;W24H16) (compatible; Googlebot-Mobile/2.1; +http://www.google.com/bot.html)"
72.14.199.90 - - [19/Jan/2009:01:32:05 -0500] "GET /robots.txt HTTP/1.1" 404 693 "-" "DoCoMo/2.0 N905i(c100;TB;W24H16) (compatible; Googlebot-Mobile/2.1; +http://www.google.com/bot.html)"
72.14.199.90 - - [19/Jan/2009:01:32:05 -0500] "GET /fiction/novels/peak1-2.html HTTP/1.1" 200 2302 "-" "DoCoMo/2.0 N905i(c100;TB;W24H16) (compatible; Googlebot-Mobile/2.1; +http://www.google.com/bot.html)"
72.14.199.90 - - [19/Jan/2009:01:35:12 -0500] "GET /fiction/fict98/fict98.html HTTP/1.1" 200 1540 "-" "DoCoMo/2.0 N905i(c100;TB;W24H16) (compatible; Googlebot-Mobile/2.1; +http://www.google.com/bot.html)"
72.14.199.86 - - [19/Jan/2009:01:35:18 -0500] "GET /limerick/1995/nicemay.html HTTP/1.1" 200 1859 "-" "DoCoMo/2.0 N905i(c100;TB;W24H16) (compatible; Googlebot-Mobile/2.1; +http://www.google.com/bot.html)"
72.14.199.86 - - [19/Jan/2009:01:35:33 -0500] "GET /fiction/fict9596/fict9596.html HTTP/1.1" 200 1446 "-" "DoCoMo/2.0 N905i(c100;TB;W24H16) (compatible; Googlebot-Mobile/2.1; +http://www.google.com/bot.html)"
72.14.199.86 - - [19/Jan/2009:01:39:07 -0500] "GET /limerick/brady/brady97.html HTTP/1.1" 200 10474 "-" "DoCoMo/2.0 N905i(c100;TB;W24H16) (compatible; Googlebot-Mobile/2.1; +http://www.google.com/bot.html)"
72.14.199.90 - - [19/Jan/2009:01:39:26 -0500] "GET /fiction/fict97/fict97.html HTTP/1.1" 200 1536 "-" "DoCoMo/2.0 N905i(c100;TB;W24H16) (compatible; Googlebot-Mobile/2.1; +http://www.google.com/bot.html)"
74.6.22.175 - - [19/Jan/2009:02:16:27 -0500] "GET /rapture/rapture.html HTTP/1.0" 200 22564 "-" "Mozilla/5.0 (compatible; Yahoo! Slurp; http://help.yahoo.com/help/us/ysearch/slurp)"
68.192.9.221 - - [19/Jan/2009:02:24:12 -0500] "GET /robots.txt HTTP/1.0" 404 693 "http://majestic12.co.uk/bot.php?I=CED998189F-50517E629D585DB3-toastpoint_com" "Mozilla/5.0 (compatible; MJ12bot/v1.2.3; http://www.majestic12.co.uk/bot.php?+)"
68.192.9.221 - - [19/Jan/2009:02:24:21 -0500] "GET /bio.html HTTP/1.1" 200 7868 "-" "Mozilla/5.0 (compatible; MJ12bot/v1.2.3; http://www.majestic12.co.uk/bot.php?+)"
68.192.9.221 - - [19/Jan/2009:02:24:39 -0500] "GET /contests.html HTTP/1.1" 200 1230 "-" "Mozilla/5.0 (compatible; MJ12bot/v1.2.3; http://www.majestic12.co.uk/bot.php?+)"
68.192.9.221 - - [19/Jan/2009:02:24:42 -0500] "GET /gifs/pastheaders.html HTTP/1.1" 200 1264 "-" "Mozilla/5.0 (compatible; MJ12bot/v1.2.3; http://www.majestic12.co.uk/bot.php?+)"
68.192.9.221 - - [19/Jan/2009:02:24:55 -0500] "GET /links.html HTTP/1.1" 200 4252 "-" "Mozilla/5.0 (compatible; MJ12bot/v1.2.3; http://www.majestic12.co.uk/bot.php?+)"
68.192.9.221 - - [19/Jan/2009:02:25:00 -0500] "GET /midi/midi.html HTTP/1.1" 200 3163 "-" "Mozilla/5.0 (compatible; MJ12bot/v1.2.3; http://www.majestic12.co.uk/bot.php?+)"
193.43.176.102 - - [19/Jan/2009:02:25:06 -0500] "GET /haiku/1998/haik1298.html HTTP/1.1" 200 28856 "-" "Mozilla/4.0 (compatible; MSIE 6.0; Windows NT 5.1; SV1; .NET CLR 1.1.4322)"
193.43.176.102 - - [19/Jan/2009:02:25:07 -0500] "GET /gifs/blank.jpg HTTP/1.1" 200 705 "http://www.toastpoint.com/haiku/1998/haik1298.html" "Mozilla/4.0 (compatible; MSIE 6.0; Windows NT 5.1; SV1; .NET CLR 1.1.4322)"
193.43.176.102 - - [19/Jan/2009:02:25:07 -0500] "GET /gifs/goldstar.jpg HTTP/1.1" 200 1854 "http://www.toastpoint.com/haiku/1998/haik1298.html" "Mozilla/4.0 (compatible; MSIE 6.0; Windows NT 5.1; SV1; .NET CLR 1.1.4322)"
68.192.9.221 - - [19/Jan/2009:02:26:03 -0500] "GET /photo.html HTTP/1.0" 200 4228 "-" "Mozilla/5.0 (compatible; MJ12bot/v1.2.3; http://www.majestic12.co.uk/bot.php?+)"
68.192.9.221 - - [19/Jan/2009:02:26:06 -0500] "GET /ponder.html HTTP/1.1" 200 3441 "-" "Mozilla/5.0 (compatible; MJ12bot/v1.2.3; http://www.majestic12.co.uk/bot.php?+)"
68.192.9.221 - - [19/Jan/2009:02:26:17 -0500] "GET /rapture/rapture.html HTTP/1.1" 200 22564 "-" "Mozilla/5.0 (compatible; MJ12bot/v1.2.3; http://www.majestic12.co.uk/bot.php?+)"
68.192.9.221 - - [19/Jan/2009:02:26:47 -0500] "GET /travel/buxton2006.html HTTP/1.1" 200 1963 "-" "Mozilla/5.0 (compatible; MJ12bot/v1.2.3; http://www.majestic12.co.uk/bot.php?+)"
68.192.9.221 - - [19/Jan/2009:02:26:49 -0500] "GET /travel/italy2008.html HTTP/1.1" 200 35184 "-" "Mozilla/5.0 (compatible; MJ12bot/v1.2.3; http://www.majestic12.co.uk/bot.php?+)"
68.192.9.221 - - [19/Jan/2009:02:26:53 -0500] "GET /whytoastpoint.html HTTP/1.1" 200 605 "-" "Mozilla/5.0 (compatible; MJ12bot/v1.2.3; http://www.majestic12.co.uk/bot.php?+)"
68.192.9.221 - - [19/Jan/2009:02:26:55 -0500] "GET /wumpus.html HTTP/1.1" 200 566 "-" "Mozilla/5.0 (compatible; MJ12bot/v1.2.3; http://www.majestic12.co.uk/bot.php?+)"
65.55.210.8 - - [19/Jan/2009:02:34:42 -0500] "GET /robots.txt HTTP/1.1" 404 693 "-" "msnbot/1.1 (+http://search.msn.com/msnbot.htm)"
65.55.210.8 - - [19/Jan/2009:02:34:43 -0500] "GET /fiction/fict499.html HTTP/1.1" 200 12868 "-" "msnbot/1.1 (+http://search.msn.com/msnbot.htm)"
121.210.114.58 - - [19/Jan/2009:02:56:59 -0500] "GET /favicon.ico HTTP/1.1" 404 693 "-" "Mozilla/5.0 (Macintosh; U; Intel Mac OS X 10.5; en-US; rv:1.9.0.5) Gecko/2008120121 Firefox/3.0.5"
121.210.114.58 - - [19/Jan/2009:02:57:00 -0500] "GET /gifs/boobies.gif HTTP/1.1" 200 11144 "http://www.toastpoint.com/limerick/naut199.html" "Mozilla/5.0 (Macintosh; U; Intel Mac OS X 10.5; en-US; rv:1.9.0.5) Gecko/2008120121 Firefox/3.0.5"
121.210.114.58 - - [19/Jan/2009:02:57:00 -0500] "GET /gifs/nakedman.gif HTTP/1.1" 200 7734 "http://www.toastpoint.com/limerick/naut199.html" "Mozilla/5.0 (Macintosh; U; Intel Mac OS X 10.5; en-US; rv:1.9.0.5) Gecko/2008120121 Firefox/3.0.5"
121.210.114.58 - - [19/Jan/2009:02:57:00 -0500] "GET /gifs/goldstar.jpg HTTP/1.1" 200 1854 "http://www.toastpoint.com/limerick/naut199.html" "Mozilla/5.0 (Macintosh; U; Intel Mac OS X 10.5; en-US; rv:1.9.0.5) Gecko/2008120121 Firefox/3.0.5"
121.210.114.58 - - [19/Jan/2009:02:56:59 -0500] "GET /limerick/naut199.html HTTP/1.1" 200 34481 "-" "Mozilla/5.0 (Macintosh; U; Intel Mac OS X 10.5; en-US; rv:1.9.0.5) Gecko/2008120121 Firefox/3.0.5"
121.210.114.58 - - [19/Jan/2009:02:57:02 -0500] "GET /favicon.ico HTTP/1.1" 404 693 "-" "Mozilla/5.0 (Macintosh; U; Intel Mac OS X 10.5; en-US; rv:1.9.0.5) Gecko/2008120121 Firefox/3.0.5"
121.210.114.58 - - [19/Jan/2009:02:57:02 -0500] "GET /favicon.ico HTTP/1.1" 404 693 "-" "Mozilla/5.0 (Macintosh; U; Intel Mac OS X 10.5; en-US; rv:1.9.0.5) Gecko/2008120121 Firefox/3.0.5"
114.111.36.26 - - [19/Jan/2009:03:19:59 -0500] "GET /robots.txt HTTP/1.1" 404 693 "-" "Mozilla/4.0 (compatible; NaverBot/1.0; http://help.naver.com/customer_webtxt_02.jsp)"
114.111.36.26 - - [19/Jan/2009:03:20:16 -0500] "GET / HTTP/1.1" 200 464 "-" "Mozilla/4.0 (compatible; NaverBot/1.0; http://help.naver.com/customer_webtxt_02.jsp)"
75.83.127.94 - - [19/Jan/2009:04:07:08 -0500] "GET http://www.toastpoint.com/ HTTP/1.0" 200 464 "-" "Mozilla/4.0 (compatible; MSIE 7.0b; Windows NT 6.0)"
75.83.127.94 - - [19/Jan/2009:04:08:11 -0500] "GET http://www.toastpoint.com/ HTTP/1.0" 200 464 "-" "Mozilla/4.0 (compatible; MSIE 7.0b; Windows NT 6.0)"
75.83.127.94 - - [19/Jan/2009:04:10:17 -0500] "GET http://www.toastpoint.com/ HTTP/1.0" 200 464 "-" "Mozilla/4.0 (compatible; MSIE 7.0b; Windows NT 6.0)"
75.83.127.94 - - [19/Jan/2009:04:14:38 -0500] "GET http://www.toastpoint.com/ HTTP/1.0" 200 464 "-" "Mozilla/4.0 (compatible; MSIE 7.0b; Windows NT 6.0)"
75.83.127.94 - - [19/Jan/2009:04:16:36 -0500] "GET http://www.toastpoint.com/ HTTP/1.0" 200 464 "-" "Mozilla/4.0 (compatible; MSIE 7.0b; Windows NT 6.0)"
208.111.154.15 - - [19/Jan/2009:04:24:58 -0500] "GET /robots.txt HTTP/1.0" 404 693 "-" "Mozilla/5.0 (compatible; Charlotte/1.1; http://www.searchme.com/support/)"
208.111.154.35 - - [19/Jan/2009:04:25:18 -0500] "GET / HTTP/1.1" 304 - "-" "Mozilla/5.0 (compatible; Charlotte/1.1; http://www.searchme.com/support/)"
208.111.154.15 - - [19/Jan/2009:04:55:46 -0500] "GET /robots.txt HTTP/1.1" 404 693 "-" "Mozilla/5.0 (compatible; Charlotte/1.1; http://www.searchme.com/support/)"
74.6.29.154 - - [19/Jan/2009:04:55:55 -0500] "GET /robots.txt HTTP/1.0" 404 693 "-" "Mozilla/5.0 (compatible; Yahoo! Slurp; http://help.yahoo.com/help/us/ysearch/slurp)"
74.6.30.119 - - [19/Jan/2009:04:55:55 -0500] "GET /haiku/haiku.html HTTP/1.0" 200 2147 "-" "Mozilla/5.0 (compatible; Yahoo! DE Slurp; http://help.yahoo.com/help/us/ysearch/slurp)"
74.6.30.101 - - [19/Jan/2009:05:34:43 -0500] "GET / HTTP/1.0" 200 464 "-" "Mozilla/5.0 (compatible; Yahoo! DE Slurp; http://help.yahoo.com/help/us/ysearch/slurp)"
74.6.30.101 - - [19/Jan/2009:05:34:43 -0500] "GET /toastpointtopleft.html HTTP/1.0" 200 162 "-" "Mozilla/5.0 (compatible; Yahoo! DE Slurp; http://help.yahoo.com/help/us/ysearch/slurp)"
74.6.30.101 - - [19/Jan/2009:05:34:44 -0500] "GET /toastpointtoc.html HTTP/1.0" 200 1188 "-" "Mozilla/5.0 (compatible; Yahoo! DE Slurp; http://help.yahoo.com/help/us/ysearch/slurp)"
74.6.30.101 - - [19/Jan/2009:05:34:44 -0500] "GET /news.html HTTP/1.0" 200 17706 "-" "Mozilla/5.0 (compatible; Yahoo! DE Slurp; http://help.yahoo.com/help/us/ysearch/slurp)"
74.6.30.101 - - [19/Jan/2009:05:34:45 -0500] "GET /toastpointtopright.html HTTP/1.0" 200 151 "-" "Mozilla/5.0 (compatible; Yahoo! DE Slurp; http://help.yahoo.com/help/us/ysearch/slurp)"
74.6.30.101 - - [19/Jan/2009:05:34:45 -0500] "GET /tpnews.html HTTP/1.0" 200 8305 "-" "Mozilla/5.0 (compatible; Yahoo! DE Slurp; http://help.yahoo.com/help/us/ysearch/slurp)"
74.6.76.45 - - [19/Jan/2009:05:46:29 -0500] "GET /haiku/haiku.html HTTP/1.0" 200 2147 "-" "Mozilla/5.0 (compatible; Yahoo! DE Slurp; http://help.yahoo.com/help/us/ysearch/slurp)"
208.111.154.15 - - [19/Jan/2009:06:07:11 -0500] "GET /robots.txt HTTP/1.1" 404 693 "-" "Mozilla/5.0 (compatible; Charlotte/1.1; http://www.searchme.com/support/)"
208.111.154.15 - - [19/Jan/2009:06:07:31 -0500] "GET /limerick/1995/nicejuly.html HTTP/1.1" 200 1086 "-" "Mozilla/5.0 (compatible; Charlotte/1.1; http://www.searchme.com/support/)"
208.111.154.15 - - [19/Jan/2009:06:18:14 -0500] "GET /robots.txt HTTP/1.1" 404 693 "-" "Mozilla/5.0 (compatible; Charlotte/1.1; http://www.searchme.com/support/)"
208.111.154.16 - - [19/Jan/2009:06:21:47 -0500] "GET /robots.txt HTTP/1.1" 404 693 "-" "Mozilla/5.0 (compatible; Charlotte/1.1; http://www.searchme.com/support/)"
65.55.108.163 - - [19/Jan/2009:06:29:37 -0500] "GET /robots.txt HTTP/1.1" 404 693 "-" "msnbot-media/1.1 (+http://search.msn.com/msnbot.htm)"
65.55.108.163 - - [19/Jan/2009:06:29:37 -0500] "GET /rapture/tbj-jury.gif HTTP/1.1" 200 3904 "-" "msnbot-media/1.1 (+http://search.msn.com/msnbot.htm)"
63.241.3.51 - - [19/Jan/2009:06:42:36 -0500] "GET /limerick/limerick.html HTTP/1.1" 200 2613 "-" "-"
72.14.199.86 - - [19/Jan/2009:06:43:17 -0500] "GET /robots.txt HTTP/1.1" 404 693 "-" "DoCoMo/2.0 N905i(c100;TB;W24H16) (compatible; Googlebot-Mobile/2.1; +http://www.google.com/bot.html)"
72.14.199.86 - - [19/Jan/2009:06:43:17 -0500] "GET /limerick/nautfrm.html HTTP/1.1" 200 548 "-" "DoCoMo/2.0 N905i(c100;TB;W24H16) (compatible; Googlebot-Mobile/2.1; +http://www.google.com/bot.html)"
72.14.199.86 - - [19/Jan/2009:06:44:12 -0500] "GET /limerick/1995/nicedec.html HTTP/1.1" 200 13251 "-" "DoCoMo/2.0 N905i(c100;TB;W24H16) (compatible; Googlebot-Mobile/2.1; +http://www.google.com/bot.html)"
72.14.199.86 - - [19/Jan/2009:06:45:18 -0500] "GET /limerick/naut199.html HTTP/1.1" 200 34481 "-" "DoCoMo/2.0 N905i(c100;TB;W24H16) (compatible; Googlebot-Mobile/2.1; +http://www.google.com/bot.html)"
72.14.199.86 - - [19/Jan/2009:06:46:13 -0500] "GET /fiction/fict98/fict798.html HTTP/1.1" 200 40803 "-" "DoCoMo/2.0 N905i(c100;TB;W24H16) (compatible; Googlebot-Mobile/2.1; +http://www.google.com/bot.html)"
208.111.154.248 - - [19/Jan/2009:06:47:05 -0500] "GET /gifs/mouthf1.jpg HTTP/1.1" 200 3650 "http://www.toastpoint.com/limerick/1997/naut497.html" "Mozilla/5.0 (X11; U; Linux i686 (x86_64); en-US; rv:1.8.1.18) Gecko/20081203 Firefox/2.0.0.18"
208.111.154.248 - - [19/Jan/2009:06:47:04 -0500] "GET /limerick/1997/naut497.html HTTP/1.1" 200 43346 "-" "Mozilla/5.0 (X11; U; Linux i686 (x86_64); en-US; rv:1.8.1.18) Gecko/20081203 Firefox/2.0.0.18"
208.111.154.248 - - [19/Jan/2009:06:47:05 -0500] "GET /gifs/banana.jpg HTTP/1.1" 200 4139 "http://www.toastpoint.com/limerick/1997/naut497.html" "Mozilla/5.0 (X11; U; Linux i686 (x86_64); en-US; rv:1.8.1.18) Gecko/20081203 Firefox/2.0.0.18"
208.111.154.248 - - [19/Jan/2009:06:47:05 -0500] "GET /gifs/goldstar.jpg HTTP/1.1" 200 1854 "http://www.toastpoint.com/limerick/1997/naut497.html" "Mozilla/5.0 (X11; U; Linux i686 (x86_64); en-US; rv:1.8.1.18) Gecko/20081203 Firefox/2.0.0.18"
208.111.154.248 - - [19/Jan/2009:06:47:05 -0500] "GET /favicon.ico HTTP/1.1" 404 693 "-" "Mozilla/5.0 (X11; U; Linux i686 (x86_64); en-US; rv:1.8.1.18) Gecko/20081203 Firefox/2.0.0.18"
72.14.199.86 - - [19/Jan/2009:06:47:07 -0500] "GET /limerick/1997/nice697.html HTTP/1.1" 200 18475 "-" "DoCoMo/2.0 N905i(c100;TB;W24H16) (compatible; Googlebot-Mobile/2.1; +http://www.google.com/bot.html)"
72.14.199.86 - - [19/Jan/2009:06:55:21 -0500] "GET /limerick/naut499.html HTTP/1.1" 200 38163 "-" "DoCoMo/2.0 N905i(c100;TB;W24H16) (compatible; Googlebot-Mobile/2.1; +http://www.google.com/bot.html)"
72.14.199.86 - - [19/Jan/2009:06:55:23 -0500] "GET /limerick/1997/naut297.html HTTP/1.1" 200 31034 "-" "DoCoMo/2.0 N905i(c100;TB;W24H16) (compatible; Googlebot-Mobile/2.1; +http://www.google.com/bot.html)"
65.55.209.86 - - [19/Jan/2009:06:57:40 -0500] "GET /robots.txt HTTP/1.1" 404 693 "-" "msnbot/1.1 (+http://search.msn.com/msnbot.htm)"
65.55.209.86 - - [19/Jan/2009:06:57:40 -0500] "GET /fiction/novels/peak.html HTTP/1.1" 200 2410 "-" "msnbot/1.1 (+http://search.msn.com/msnbot.htm)"
72.14.199.86 - - [19/Jan/2009:06:58:31 -0500] "GET /limerick/1997/naut497.html HTTP/1.1" 200 43346 "-" "DoCoMo/2.0 N905i(c100;TB;W24H16) (compatible; Googlebot-Mobile/2.1; +http://www.google.com/bot.html)"
72.14.199.86 - - [19/Jan/2009:06:58:44 -0500] "GET /limerick/brady/bradyfrm.html HTTP/1.1" 200 546 "-" "DoCoMo/2.0 N905i(c100;TB;W24H16) (compatible; Googlebot-Mobile/2.1; +http://www.google.com/bot.html)"
72.14.199.86 - - [19/Jan/2009:06:59:16 -0500] "GET /limerick/naut399.html HTTP/1.1" 200 38217 "-" "DoCoMo/2.0 N905i(c100;TB;W24H16) (compatible; Googlebot-Mobile/2.1; +http://www.google.com/bot.html)"
72.14.199.86 - - [19/Jan/2009:06:59:16 -0500] "GET /limerick/1997/nice497.html HTTP/1.1" 200 30916 "-" "DoCoMo/2.0 N905i(c100;TB;W24H16) (compatible; Googlebot-Mobile/2.1; +http://www.google.com/bot.html)"
72.14.199.86 - - [19/Jan/2009:07:00:02 -0500] "GET /fiction/fict97/fict397.html HTTP/1.1" 200 11668 "-" "DoCoMo/2.0 N905i(c100;TB;W24H16) (compatible; Googlebot-Mobile/2.1; +http://www.google.com/bot.html)"
72.14.199.86 - - [19/Jan/2009:07:00:11 -0500] "GET /fiction/fict97/fict197.html HTTP/1.1" 200 17226 "-" "DoCoMo/2.0 N905i(c100;TB;W24H16) (compatible; Googlebot-Mobile/2.1; +http://www.google.com/bot.html)"
72.14.199.86 - - [19/Jan/2009:07:00:12 -0500] "GET /limerick/1997/cwhitchu@tassie.net.au HTTP/1.1" 404 693 "-" "DoCoMo/2.0 N905i(c100;TB;W24H16) (compatible; Googlebot-Mobile/2.1; +http://www.google.com/bot.html)"
72.14.199.86 - - [19/Jan/2009:07:00:17 -0500] "GET /fiction/fict98/fict1098.html HTTP/1.1" 200 61601 "-" "DoCoMo/2.0 N905i(c100;TB;W24H16) (compatible; Googlebot-Mobile/2.1; +http://www.google.com/bot.html)"
72.14.199.86 - - [19/Jan/2009:07:00:23 -0500] "GET /haiku/1995/haikuaug.html HTTP/1.1" 200 6373 "-" "DoCoMo/2.0 N905i(c100;TB;W24H16) (compatible; Googlebot-Mobile/2.1; +http://www.google.com/bot.html)"
72.14.199.86 - - [19/Jan/2009:07:00:25 -0500] "GET /limerick/1997/naut997.html HTTP/1.1" 200 53317 "-" "DoCoMo/2.0 N905i(c100;TB;W24H16) (compatible; Googlebot-Mobile/2.1; +http://www.google.com/bot.html)"
72.14.199.86 - - [19/Jan/2009:07:00:26 -0500] "GET /limerick/1997/nice1197.html HTTP/1.1" 200 19541 "-" "DoCoMo/2.0 N905i(c100;TB;W24H16) (compatible; Googlebot-Mobile/2.1; +http://www.google.com/bot.html)"
72.14.199.86 - - [19/Jan/2009:07:00:32 -0500] "GET /limerick/1997/nice197.html HTTP/1.1" 200 17698 "-" "DoCoMo/2.0 N905i(c100;TB;W24H16) (compatible; Googlebot-Mobile/2.1; +http://www.google.com/bot.html)"
72.14.199.86 - - [19/Jan/2009:07:00:32 -0500] "GET /limerick/1995/niceoct.html HTTP/1.1" 200 5007 "-" "DoCoMo/2.0 N905i(c100;TB;W24H16) (compatible; Googlebot-Mobile/2.1; +http://www.google.com/bot.html)"
81.149.176.219 - - [19/Jan/2009:07:07:58 -0500] "GET /favicon.ico HTTP/1.1" 404 693 "-" "Mozilla/4.0 (compatible; MSIE 7.0; Windows NT 5.1; .NET CLR 1.1.4322; .NET CLR 2.0.50727; .NET CLR 3.0.04506.30; .NET CLR 3.0.04506.648)"
81.149.176.219 - - [19/Jan/2009:07:07:58 -0500] "GET /limerick/1998/nice498.html HTTP/1.1" 200 32863 "-" "Mozilla/4.0 (compatible; MSIE 7.0; Windows NT 5.1; .NET CLR 1.1.4322; .NET CLR 2.0.50727; .NET CLR 3.0.04506.30; .NET CLR 3.0.04506.648)"
81.149.176.219 - - [19/Jan/2009:07:07:58 -0500] "GET /gifs/birdumb.gif HTTP/1.1" 200 4704 "http://www.toastpoint.com/limerick/1998/nice498.html" "Mozilla/4.0 (compatible; MSIE 7.0; Windows NT 5.1; .NET CLR 1.1.4322; .NET CLR 2.0.50727; .NET CLR 3.0.04506.30; .NET CLR 3.0.04506.648)"
81.149.176.219 - - [19/Jan/2009:07:07:58 -0500] "GET /gifs/birdumb2.gif HTTP/1.1" 200 4698 "http://www.toastpoint.com/limerick/1998/nice498.html" "Mozilla/4.0 (compatible; MSIE 7.0; Windows NT 5.1; .NET CLR 1.1.4322; .NET CLR 2.0.50727; .NET CLR 3.0.04506.30; .NET CLR 3.0.04506.648)"
81.149.176.219 - - [19/Jan/2009:07:07:59 -0500] "GET /gifs/goldstar.jpg HTTP/1.1" 200 1854 "http://www.toastpoint.com/limerick/1998/nice498.html" "Mozilla/4.0 (compatible; MSIE 7.0; Windows NT 5.1; .NET CLR 1.1.4322; .NET CLR 2.0.50727; .NET CLR 3.0.04506.30; .NET CLR 3.0.04506.648)"
208.111.154.15 - - [19/Jan/2009:07:25:26 -0500] "GET /robots.txt HTTP/1.1" 404 693 "-" "Mozilla/5.0 (compatible; Charlotte/1.1; http://www.searchme.com/support/)"
81.52.143.15 - - [19/Jan/2009:07:27:47 -0500] "GET / HTTP/1.1" 200 464 "-" "Mozilla/5.0 (Windows; U; Windows NT 5.1; fr; rv:1.8.1) VoilaBot BETA 1.2 (support.voilabot@orange-ftgroup.com)"
208.111.154.15 - - [19/Jan/2009:08:01:30 -0500] "GET /robots.txt HTTP/1.1" 404 693 "-" "Mozilla/5.0 (compatible; Charlotte/1.1; http://www.searchme.com/support/)"
208.111.154.15 - - [19/Jan/2009:09:15:28 -0500] "GET /robots.txt HTTP/1.1" 404 693 "-" "Mozilla/5.0 (compatible; Charlotte/1.1; http://www.searchme.com/support/)"
72.14.199.90 - - [19/Jan/2009:09:31:21 -0500] "GET /fiction/fict97/fict997.html HTTP/1.1" 200 4230 "-" "DoCoMo/2.0 N905i(c100;TB;W24H16) (compatible; Googlebot-Mobile/2.1; +http://www.google.com/bot.html)"
72.14.199.90 - - [19/Jan/2009:09:31:23 -0500] "GET /fiction/fict97/fict1197.html HTTP/1.1" 200 12283 "-" "DoCoMo/2.0 N905i(c100;TB;W24H16) (compatible; Googlebot-Mobile/2.1; +http://www.google.com/bot.html)"
72.14.199.86 - - [19/Jan/2009:09:31:42 -0500] "GET /limerick/docs/formhint.html HTTP/1.1" 200 2522 "-" "DoCoMo/2.0 N905i(c100;TB;W24H16) (compatible; Googlebot-Mobile/2.1; +http://www.google.com/bot.html)"
72.14.199.90 - - [19/Jan/2009:09:31:42 -0500] "GET /fiction/fict97/fict197.html HTTP/1.1" 200 17226 "-" "DoCoMo/2.0 N905i(c100;TB;W24H16) (compatible; Googlebot-Mobile/2.1; +http://www.google.com/bot.html)"
72.14.199.90 - - [19/Jan/2009:09:31:43 -0500] "GET /fiction/fict97/fict697.html HTTP/1.1" 200 13490 "-" "DoCoMo/2.0 N905i(c100;TB;W24H16) (compatible; Googlebot-Mobile/2.1; +http://www.google.com/bot.html)"
72.14.199.90 - - [19/Jan/2009:09:31:43 -0500] "GET /fiction/fict97/fict1297.html HTTP/1.1" 200 6078 "-" "DoCoMo/2.0 N905i(c100;TB;W24H16) (compatible; Googlebot-Mobile/2.1; +http://www.google.com/bot.html)"
72.14.199.90 - - [19/Jan/2009:09:32:43 -0500] "GET /fiction/fict97/fict497.html HTTP/1.1" 200 11424 "-" "DoCoMo/2.0 N905i(c100;TB;W24H16) (compatible; Googlebot-Mobile/2.1; +http://www.google.com/bot.html)"
72.14.199.90 - - [19/Jan/2009:09:32:59 -0500] "GET /fiction/fict98/fict798.html HTTP/1.1" 200 40803 "-" "DoCoMo/2.0 N905i(c100;TB;W24H16) (compatible; Googlebot-Mobile/2.1; +http://www.google.com/bot.html)"
72.14.199.90 - - [19/Jan/2009:09:33:00 -0500] "GET /fiction/fict98/fict1198.html HTTP/1.1" 200 10372 "-" "DoCoMo/2.0 N905i(c100;TB;W24H16) (compatible; Googlebot-Mobile/2.1; +http://www.google.com/bot.html)"
72.14.199.90 - - [19/Jan/2009:09:33:00 -0500] "GET /fiction/fict97/fict1097.html HTTP/1.1" 200 10353 "-" "DoCoMo/2.0 N905i(c100;TB;W24H16) (compatible; Googlebot-Mobile/2.1; +http://www.google.com/bot.html)"
72.14.199.90 - - [19/Jan/2009:09:33:46 -0500] "GET /fiction/novels/peak1-3.html HTTP/1.1" 200 6956 "-" "DoCoMo/2.0 N905i(c100;TB;W24H16) (compatible; Googlebot-Mobile/2.1; +http://www.google.com/bot.html)"
72.14.199.90 - - [19/Jan/2009:09:33:46 -0500] "GET /fiction/fict98/fict1298.html HTTP/1.1" 200 38294 "-" "DoCoMo/2.0 N905i(c100;TB;W24H16) (compatible; Googlebot-Mobile/2.1; +http://www.google.com/bot.html)"
72.14.199.90 - - [19/Jan/2009:09:35:24 -0500] "GET /fiction/fict98/fict298.html HTTP/1.1" 200 37545 "-" "DoCoMo/2.0 N905i(c100;TB;W24H16) (compatible; Googlebot-Mobile/2.1; +http://www.google.com/bot.html)"
72.14.199.90 - - [19/Jan/2009:09:37:10 -0500] "GET /fiction/fict98/fict598.html HTTP/1.1" 200 19208 "-" "DoCoMo/2.0 N905i(c100;TB;W24H16) (compatible; Googlebot-Mobile/2.1; +http://www.google.com/bot.html)"
72.14.199.90 - - [19/Jan/2009:09:37:29 -0500] "GET /fiction/fict97/fict397.html HTTP/1.1" 200 11668 "-" "DoCoMo/2.0 N905i(c100;TB;W24H16) (compatible; Googlebot-Mobile/2.1; +http://www.google.com/bot.html)"
72.14.199.90 - - [19/Jan/2009:09:37:29 -0500] "GET /fiction/fict98/fict998.html HTTP/1.1" 200 7905 "-" "DoCoMo/2.0 N905i(c100;TB;W24H16) (compatible; Googlebot-Mobile/2.1; +http://www.google.com/bot.html)"
72.14.199.90 - - [19/Jan/2009:09:37:29 -0500] "GET /fiction/fict97/fict297.html HTTP/1.1" 200 8467 "-" "DoCoMo/2.0 N905i(c100;TB;W24H16) (compatible; Googlebot-Mobile/2.1; +http://www.google.com/bot.html)"
72.14.199.90 - - [19/Jan/2009:09:37:38 -0500] "GET /limerick/limerick.html HTTP/1.1" 200 2613 "-" "DoCoMo/2.0 N905i(c100;TB;W24H16) (compatible; Googlebot-Mobile/2.1; +http://www.google.com/bot.html)"
72.14.199.90 - - [19/Jan/2009:09:37:54 -0500] "GET /fiction/fict98/fict198.html HTTP/1.1" 200 62967 "-" "DoCoMo/2.0 N905i(c100;TB;W24H16) (compatible; Googlebot-Mobile/2.1; +http://www.google.com/bot.html)"
72.14.199.90 - - [19/Jan/2009:09:38:06 -0500] "GET /fiction/fict98/fict1098.html HTTP/1.1" 200 61601 "-" "DoCoMo/2.0 N905i(c100;TB;W24H16) (compatible; Googlebot-Mobile/2.1; +http://www.google.com/bot.html)"
72.14.199.90 - - [19/Jan/2009:09:40:41 -0500] "GET /welcome.html HTTP/1.1" 200 418 "-" "DoCoMo/2.0 N905i(c100;TB;W24H16) (compatible; Googlebot-Mobile/2.1; +http://www.google.com/bot.html)"
72.14.199.86 - - [19/Jan/2009:09:40:42 -0500] "GET / HTTP/1.1" 200 464 "-" "DoCoMo/2.0 N905i(c100;TB;W24H16) (compatible; Googlebot-Mobile/2.1; +http://www.google.com/bot.html)"
81.52.143.26 - - [19/Jan/2009:09:45:10 -0500] "GET /prideforallages.html HTTP/1.1" 200 988 "-" "Mozilla/5.0 (Windows; U; Windows NT 5.1; fr; rv:1.8.1) VoilaBot BETA 1.2 (support.voilabot@orange-ftgroup.com)"
208.111.154.15 - - [19/Jan/2009:09:58:02 -0500] "GET /robots.txt HTTP/1.1" 404 693 "-" "Mozilla/5.0 (compatible; Charlotte/1.1; http://www.searchme.com/support/)"
208.111.154.16 - - [19/Jan/2009:10:31:07 -0500] "GET /robots.txt HTTP/1.1" 404 693 "-" "Mozilla/5.0 (compatible; Charlotte/1.1; http://www.searchme.com/support/)"
208.111.154.16 - - [19/Jan/2009:10:31:26 -0500] "GET /limerick/1995/1995.html HTTP/1.1" 200 1428 "-" "Mozilla/5.0 (compatible; Charlotte/1.1; http://www.searchme.com/support/)"
72.14.199.90 - - [19/Jan/2009:10:42:11 -0500] "GET /haiku/haiku.html HTTP/1.1" 200 2147 "-" "DoCoMo/2.0 N905i(c100;TB;W24H16) (compatible; Googlebot-Mobile/2.1; +http://www.google.com/bot.html)"
72.14.199.90 - - [19/Jan/2009:10:42:11 -0500] "GET /fiction/fiction.html HTTP/1.1" 200 2705 "-" "DoCoMo/2.0 N905i(c100;TB;W24H16) (compatible; Googlebot-Mobile/2.1; +http://www.google.com/bot.html)"
72.14.199.90 - - [19/Jan/2009:10:43:14 -0500] "GET /fiction/fict98/fict698.html HTTP/1.1" 200 12890 "-" "DoCoMo/2.0 N905i(c100;TB;W24H16) (compatible; Googlebot-Mobile/2.1; +http://www.google.com/bot.html)"
72.14.199.90 - - [19/Jan/2009:10:43:14 -0500] "GET /fiction/fict98/fict498.html HTTP/1.1" 200 24373 "-" "DoCoMo/2.0 N905i(c100;TB;W24H16) (compatible; Googlebot-Mobile/2.1; +http://www.google.com/bot.html)"
72.14.199.90 - - [19/Jan/2009:10:43:14 -0500] "GET /fiction/fict97/fict597.html HTTP/1.1" 200 10485 "-" "DoCoMo/2.0 N905i(c100;TB;W24H16) (compatible; Googlebot-Mobile/2.1; +http://www.google.com/bot.html)"
72.14.199.90 - - [19/Jan/2009:10:43:14 -0500] "GET /fiction/fict97/fict797.html HTTP/1.1" 200 4873 "-" "DoCoMo/2.0 N905i(c100;TB;W24H16) (compatible; Googlebot-Mobile/2.1; +http://www.google.com/bot.html)"
72.14.199.90 - - [19/Jan/2009:10:43:14 -0500] "GET /fiction/fict98/fict398.html HTTP/1.1" 200 26221 "-" "DoCoMo/2.0 N905i(c100;TB;W24H16) (compatible; Googlebot-Mobile/2.1; +http://www.google.com/bot.html)"
72.20.109.34 - - [19/Jan/2009:11:04:33 -0500] "GET /robots.txt HTTP/1.1" 404 693 "-" "GurujiBot/1.0 (+http://www.guruji.com/en/WebmasterFAQ.html)"
72.20.109.34 - - [19/Jan/2009:11:04:34 -0500] "GET / HTTP/1.1" 200 919088 "-" "GurujiBot/1.0 (+http://www.guruji.com/en/WebmasterFAQ.html)"
208.111.154.15 - - [19/Jan/2009:11:13:53 -0500] "GET /robots.txt HTTP/1.1" 404 693 "-" "Mozilla/5.0 (compatible; Charlotte/1.1; http://www.searchme.com/support/)"
81.52.143.16 - - [19/Jan/2009:11:14:30 -0500] "GET /robots.txt HTTP/1.1" 404 693 "-" "Mozilla/5.0 (Windows; U; Windows NT 5.1; fr; rv:1.8.1) VoilaBot BETA 1.2 (support.voilabot@orange-ftgroup.com)"
81.52.143.16 - - [19/Jan/2009:11:14:48 -0500] "GET /welcome.html HTTP/1.1" 200 418 "-" "Mozilla/5.0 (Windows; U; Windows NT 5.1; fr; rv:1.8.1) VoilaBot BETA 1.2 (support.voilabot@orange-ftgroup.com)"
74.233.52.74 - - [19/Jan/2009:11:20:24 -0500] "GET /favicon.ico HTTP/1.1" 404 693 "-" "Mozilla/4.0 (compatible; MSIE 7.0; Windows NT 5.1; .NET CLR 1.1.4322)"
74.233.52.74 - - [19/Jan/2009:11:20:25 -0500] "GET /gifs/japan.gif HTTP/1.1" 200 5737 "http://www.toastpoint.com/haiku/1997/haiku197.html" "Mozilla/4.0 (compatible; MSIE 7.0; Windows NT 5.1; .NET CLR 1.1.4322)"
74.233.52.74 - - [19/Jan/2009:11:20:25 -0500] "GET /gifs/goldstar.jpg HTTP/1.1" 200 1854 "http://www.toastpoint.com/haiku/1997/haiku197.html" "Mozilla/4.0 (compatible; MSIE 7.0; Windows NT 5.1; .NET CLR 1.1.4322)"
74.233.52.74 - - [19/Jan/2009:11:20:24 -0500] "GET /haiku/1997/haiku197.html HTTP/1.1" 200 34967 "-" "Mozilla/4.0 (compatible; MSIE 7.0; Windows NT 5.1; .NET CLR 1.1.4322)"
75.83.127.94 - - [19/Jan/2009:11:22:22 -0500] "GET http://www.toastpoint.com/ HTTP/1.0" 200 464 "-" "Mozilla/4.0 (compatible; MSIE 7.0b; Windows NT 6.0)"
208.111.154.15 - - [19/Jan/2009:11:23:23 -0500] "GET /robots.txt HTTP/1.1" 404 693 "-" "Mozilla/5.0 (compatible; Charlotte/1.1; http://www.searchme.com/support/)"
75.83.127.94 - - [19/Jan/2009:11:25:04 -0500] "GET http://www.toastpoint.com/ HTTP/1.0" 200 464 "-" "Mozilla/4.0 (compatible; MSIE 7.0b; Windows NT 6.0)"
75.83.127.94 - - [19/Jan/2009:11:28:30 -0500] "GET http://www.toastpoint.com/ HTTP/1.0" 200 464 "-" "Mozilla/4.0 (compatible; MSIE 7.0b; Windows NT 6.0)"
75.83.127.94 - - [19/Jan/2009:11:30:56 -0500] "GET http://www.toastpoint.com/ HTTP/1.0" 200 464 "-" "Mozilla/4.0 (compatible; MSIE 7.0b; Windows NT 6.0)"
75.83.127.94 - - [19/Jan/2009:11:31:20 -0500] "GET http://www.toastpoint.com/ HTTP/1.0" 200 464 "-" "Mozilla/4.0 (compatible; MSIE 7.0b; Windows NT 6.0)"
75.83.127.94 - - [19/Jan/2009:11:31:46 -0500] "GET http://www.toastpoint.com/ HTTP/1.0" 200 464 "-" "Mozilla/4.0 (compatible; MSIE 7.0b; Windows NT 6.0)"
75.83.127.94 - - [19/Jan/2009:11:41:47 -0500] "GET http://www.toastpoint.com/ HTTP/1.0" 200 464 "-" "Mozilla/4.0 (compatible; MSIE 7.0b; Windows NT 6.0)"
208.111.154.15 - - [19/Jan/2009:11:58:02 -0500] "GET /robots.txt HTTP/1.1" 404 693 "-" "Mozilla/5.0 (compatible; Charlotte/1.1; http://www.searchme.com/support/)"
204.239.136.99 - - [19/Jan/2009:12:30:40 -0500] "GET /gifs/goldstar.jpg HTTP/1.1" 200 1854 "http://74.125.95.132/search?q=cache:kiVbek7bQZYJ:www.toastpoint.com/limerick/naut199.html+%22castor+oil%22+and+pass+the+time+and+limerick&hl=en&ct=clnk&cd=2&gl=ca" "Mozilla/4.0 (compatible; MSIE 6.0; Windows NT 5.1; SV1; .NET CLR 1.1.4322; MS-RTC LM 8; .NET CLR 2.0.50727; InfoPath.2; .NET CLR 3.0.04506.30; .NET CLR 3.0.04506.648)"
72.14.199.86 - - [19/Jan/2009:12:43:57 -0500] "GET /limerick/travel/bayarea.html HTTP/1.1" 404 693 "-" "DoCoMo/2.0 N905i(c100;TB;W24H16) (compatible; Googlebot-Mobile/2.1; +http://www.google.com/bot.html)"
72.14.199.86 - - [19/Jan/2009:12:45:00 -0500] "GET /limerick/1997/naut197.html HTTP/1.1" 200 27246 "-" "DoCoMo/2.0 N905i(c100;TB;W24H16) (compatible; Googlebot-Mobile/2.1; +http://www.google.com/bot.html)"
72.14.199.86 - - [19/Jan/2009:12:51:14 -0500] "GET /limerick/nice196.html HTTP/1.1" 404 693 "-" "DoCoMo/2.0 N905i(c100;TB;W24H16) (compatible; Googlebot-Mobile/2.1; +http://www.google.com/bot.html)"
208.111.154.15 - - [19/Jan/2009:12:51:33 -0500] "GET /robots.txt HTTP/1.1" 404 693 "-" "Mozilla/5.0 (compatible; Charlotte/1.1; http://www.searchme.com/support/)"
72.14.199.86 - - [19/Jan/2009:12:54:23 -0500] "GET /haiku/1995/haikusep.html HTTP/1.1" 200 5645 "-" "DoCoMo/2.0 N905i(c100;TB;W24H16) (compatible; Googlebot-Mobile/2.1; +http://www.google.com/bot.html)"
217.212.224.183 - - [19/Jan/2009:13:05:29 -0500] "GET /robots.txt HTTP/1.0" 404 693 "-" "psbot/0.1 (+http://www.picsearch.com/bot.html)"
217.212.224.164 - - [19/Jan/2009:13:05:29 -0500] "GET /fiction/fict98/tyrolthb.gif HTTP/1.0" 404 693 "-" "psbot/0.1 (+http://www.picsearch.com/bot.html)"
217.212.224.186 - - [19/Jan/2009:13:05:48 -0500] "GET /fiction/fict98/tyrol.jpg HTTP/1.0" 404 693 "-" "psbot/0.1 (+http://www.picsearch.com/bot.html)"
193.252.149.15 - - [19/Jan/2009:13:20:35 -0500] "GET /haiku/haikufrm.html HTTP/1.1" 200 534 "-" "Mozilla/5.0 (Windows; U; Windows NT 5.1; fr; rv:1.8.1) VoilaBot BETA 1.2 (support.voilabot@orange-ftgroup.com)"
66.82.9.55 - - [19/Jan/2009:13:25:35 -0500] "GET /gifs/japan.gif HTTP/1.1" 200 5737 "http://images.google.com/images?gbv=2&hl=en&safe=off&q=windblown+panties+japan&start=21&sa=N&ndsp=21" "Mozilla/4.0 (compatible; MSIE 7.0; Windows NT 6.0; SLCC1; .NET CLR 2.0.50727; Media Center PC 5.0; .NET CLR 3.0.04506)"
74.6.76.45 - - [19/Jan/2009:13:31:40 -0500] "GET / HTTP/1.0" 200 464 "-" "Mozilla/5.0 (compatible; Yahoo! DE Slurp; http://help.yahoo.com/help/us/ysearch/slurp)"
74.6.76.45 - - [19/Jan/2009:13:31:41 -0500] "GET /toastpointtopleft.html HTTP/1.0" 200 162 "-" "Mozilla/5.0 (compatible; Yahoo! DE Slurp; http://help.yahoo.com/help/us/ysearch/slurp)"
74.6.76.45 - - [19/Jan/2009:13:31:42 -0500] "GET /toastpointtoc.html HTTP/1.0" 200 1188 "-" "Mozilla/5.0 (compatible; Yahoo! DE Slurp; http://help.yahoo.com/help/us/ysearch/slurp)"
74.6.76.45 - - [19/Jan/2009:13:31:43 -0500] "GET /news.html HTTP/1.0" 200 17706 "-" "Mozilla/5.0 (compatible; Yahoo! DE Slurp; http://help.yahoo.com/help/us/ysearch/slurp)"
74.6.76.45 - - [19/Jan/2009:13:31:44 -0500] "GET /toastpointtopright.html HTTP/1.0" 200 151 "-" "Mozilla/5.0 (compatible; Yahoo! DE Slurp; http://help.yahoo.com/help/us/ysearch/slurp)"
74.6.76.45 - - [19/Jan/2009:13:31:45 -0500] "GET /tpnews.html HTTP/1.0" 200 8305 "-" "Mozilla/5.0 (compatible; Yahoo! DE Slurp; http://help.yahoo.com/help/us/ysearch/slurp)"
93.213.46.115 - - [19/Jan/2009:13:37:13 -0500] "GET /favicon.ico HTTP/1.1" 404 693 "-" "Mozilla/5.0 (Windows; U; Windows NT 6.0; de; rv:1.9.0.5) Gecko/2008120122 Firefox/2.0.0.13;MEGAUPLOAD 1.0 (.NET CLR 3.5.30729)"
93.213.46.115 - - [19/Jan/2009:13:37:13 -0500] "GET /fiction/novels/peak2.html HTTP/1.1" 200 15955 "-" "Mozilla/5.0 (Windows; U; Windows NT 6.0; de; rv:1.9.0.5) Gecko/2008120122 Firefox/2.0.0.13;MEGAUPLOAD 1.0 (.NET CLR 3.5.30729)"
93.213.46.115 - - [19/Jan/2009:13:37:14 -0500] "GET /gifs/paper.gif HTTP/1.1" 200 4756 "http://www.toastpoint.com/fiction/novels/peak2.html" "Mozilla/5.0 (Windows; U; Windows NT 6.0; de; rv:1.9.0.5) Gecko/2008120122 Firefox/2.0.0.13;MEGAUPLOAD 1.0 (.NET CLR 3.5.30729)"
93.213.46.115 - - [19/Jan/2009:13:37:14 -0500] "GET /fiction/novels/petunia.jpg HTTP/1.1" 200 39799 "http://www.toastpoint.com/fiction/novels/peak2.html" "Mozilla/5.0 (Windows; U; Windows NT 6.0; de; rv:1.9.0.5) Gecko/2008120122 Firefox/2.0.0.13;MEGAUPLOAD 1.0 (.NET CLR 3.5.30729)"
93.213.46.115 - - [19/Jan/2009:13:37:14 -0500] "GET /fiction/novels/wpeak.jpg HTTP/1.1" 200 52861 "http://www.toastpoint.com/fiction/novels/peak2.html" "Mozilla/5.0 (Windows; U; Windows NT 6.0; de; rv:1.9.0.5) Gecko/2008120122 Firefox/2.0.0.13;MEGAUPLOAD 1.0 (.NET CLR 3.5.30729)"
93.213.46.115 - - [19/Jan/2009:13:37:15 -0500] "GET /favicon.ico HTTP/1.1" 404 693 "-" "Mozilla/5.0 (Windows; U; Windows NT 6.0; de; rv:1.9.0.5) Gecko/2008120122 Firefox/2.0.0.13;MEGAUPLOAD 1.0 (.NET CLR 3.5.30729)"
93.213.46.115 - - [19/Jan/2009:13:37:16 -0500] "GET /favicon.ico HTTP/1.1" 404 693 "-" "Mozilla/5.0 (Windows; U; Windows NT 6.0; de; rv:1.9.0.5) Gecko/2008120122 Firefox/2.0.0.13;MEGAUPLOAD 1.0 (.NET CLR 3.5.30729)"
93.213.46.115 - - [19/Jan/2009:13:37:17 -0500] "GET /favicon.ico HTTP/1.1" 404 693 "-" "Mozilla/5.0 (Windows; U; Windows NT 6.0; de; rv:1.9.0.5) Gecko/2008120122 Firefox/2.0.0.13;MEGAUPLOAD 1.0 (.NET CLR 3.5.30729)"
207.154.59.124 - - [19/Jan/2009:13:37:33 -0500] "GET /limerick/naut599.html HTTP/1.0" 200 21235 "-" "Samsung-SPHM540 Polaris/6.0 MMP/2.0 Profile/MIDP-2.0 Configuration/CLDC-1.1"
207.154.59.124 - - [19/Jan/2009:13:37:35 -0500] "GET /limerick/naut599.html HTTP/1.0" 200 21235 "-" "Samsung-SPHM540 Polaris/6.0 MMP/2.0 Profile/MIDP-2.0 Configuration/CLDC-1.1"
207.154.59.124 - - [19/Jan/2009:13:37:37 -0500] "GET /gifs/boobies.gif HTTP/1.0" 200 11144 "-" "Samsung-SPHM540 Polaris/6.0 MMP/2.0 Profile/MIDP-2.0 Configuration/CLDC-1.1"
207.154.59.124 - - [19/Jan/2009:13:38:03 -0500] "GET /gifs/nakedman.gif HTTP/1.0" 200 7734 "-" "Samsung-SPHM540 Polaris/6.0 MMP/2.0 Profile/MIDP-2.0 Configuration/CLDC-1.1"
81.52.143.15 - - [19/Jan/2009:14:03:58 -0500] "GET /limerick/nice599.html HTTP/1.1" 200 26033 "-" "Mozilla/5.0 (Windows; U; Windows NT 5.1; fr; rv:1.8.1) VoilaBot BETA 1.2 (support.voilabot@orange-ftgroup.com)"
208.111.154.15 - - [19/Jan/2009:14:19:11 -0500] "GET /robots.txt HTTP/1.1" 404 693 "-" "Mozilla/5.0 (compatible; Charlotte/1.1; http://www.searchme.com/support/)"
208.80.194.40 - - [19/Jan/2009:14:55:10 -0500] "GET / HTTP/1.0" 200 464 "-" "Mozilla/4.0 (compatible; MSIE 6.0; Windows NT 5.1; SV1; BrowserVer)"
66.90.118.101 - - [19/Jan/2009:14:58:53 -0500] "GET / HTTP/1.1" 200 464 "-" "Mozilla/5.0 (compatible; WebDataCentreBot/1.0; +http://WebDataCentre.com/)"
66.90.118.101 - - [19/Jan/2009:14:58:54 -0500] "GET / HTTP/1.1" 200 464 "-" "Mozilla/5.0 (compatible; WebDataCentreBot/1.0; +http://WebDataCentre.com/)"
66.90.118.101 - - [19/Jan/2009:14:58:54 -0500] "GET / HTTP/1.1" 200 464 "-" "Mozilla/5.0 (compatible; WebDataCentreBot/1.0; +http://WebDataCentre.com/)"
66.90.118.101 - - [19/Jan/2009:14:58:55 -0500] "GET / HTTP/1.1" 200 464 "-" "Mozilla/5.0 (compatible; WebDataCentreBot/1.0; +http://WebDataCentre.com/)"
89.240.119.63 - - [19/Jan/2009:15:13:15 -0500] "GET /favicon.ico HTTP/1.1" 404 693 "-" "Mozilla/4.0 (compatible; MSIE 7.0; Windows NT 5.1; FunWebProducts; .NET CLR 1.0.3705; .NET CLR 1.1.4322; Media Center PC 4.0; .NET CLR 2.0.50727)"
89.240.119.63 - - [19/Jan/2009:15:13:15 -0500] "GET /limerick/1995/nautnov.html HTTP/1.1" 200 13933 "-" "Mozilla/4.0 (compatible; MSIE 7.0; Windows NT 5.1; FunWebProducts; .NET CLR 1.0.3705; .NET CLR 1.1.4322; Media Center PC 4.0; .NET CLR 2.0.50727)"
89.240.119.63 - - [19/Jan/2009:15:13:16 -0500] "GET /gifs/goldstar.jpg HTTP/1.1" 200 1854 "http://www.toastpoint.com/limerick/1995/nautnov.html" "Mozilla/4.0 (compatible; MSIE 7.0; Windows NT 5.1; FunWebProducts; .NET CLR 1.0.3705; .NET CLR 1.1.4322; Media Center PC 4.0; .NET CLR 2.0.50727)"
213.196.204.25 - - [19/Jan/2009:15:18:43 -0500] "GET /gifs/goldstar.jpg HTTP/1.1" 200 1854 "http://images.google.de/imgres?imgurl=http://www.toastpoint.com/gifs/goldstar.jpg&imgrefurl=http://www.toastpoint.com/fiction/novels/parkey.html&usg=__dCfF4IRfCzWvf9SPl-1HwNxaBbY=&h=60&w=80&sz=2&tbnid=y0YfIVcnlekXqM:&tbnh=56&tbnw=74&hl=de&um=1&prev=/images%3Fq%3Dhey%2Bstranger%2Bgif%26start%3D378%26imgtype%3Dclipart%26as_st%3Dy%26ndsp%3D18%26um%3D1%26hl%3Dde%26sa%3DN&frame=small" "Mozilla/4.0 (compatible; MSIE 7.0; Windows NT 5.1; MRA 5.2 (build 02405); MRSPUTNIK 2, 0, 1, 29 SW; .NET CLR 2.0.50727; .NET CLR 3.0.4506.2152; .NET CLR 3.5.30729)"
213.196.204.25 - - [19/Jan/2009:15:18:44 -0500] "GET /fiction/novels/parkey.html HTTP/1.1" 200 25723 "http://images.google.de/imgres?imgurl=http://www.toastpoint.com/gifs/goldstar.jpg&imgrefurl=http://www.toastpoint.com/fiction/novels/parkey.html&usg=__dCfF4IRfCzWvf9SPl-1HwNxaBbY=&h=60&w=80&sz=2&hl=de&start=391&um=1&tbnid=y0YfIVcnlekXqM:&tbnh=56&tbnw=74&prev=/images%3Fq%3Dhey%2Bstranger%2Bgif%26start%3D378%26imgtype%3Dclipart%26as_st%3Dy%26ndsp%3D18%26um%3D1%26hl%3Dde%26sa%3DN" "Mozilla/4.0 (compatible; MSIE 7.0; Windows NT 5.1; MRA 5.2 (build 02405); MRSPUTNIK 2, 0, 1, 29 SW; .NET CLR 2.0.50727; .NET CLR 3.0.4506.2152; .NET CLR 3.5.30729)"
213.196.204.25 - - [19/Jan/2009:15:18:44 -0500] "GET /favicon.ico HTTP/1.1" 404 693 "-" "Mozilla/4.0 (compatible; MSIE 7.0; Windows NT 5.1; MRA 5.2 (build 02405); MRSPUTNIK 2, 0, 1, 29 SW; .NET CLR 2.0.50727; .NET CLR 3.0.4506.2152; .NET CLR 3.5.30729)"
208.111.154.16 - - [19/Jan/2009:15:21:37 -0500] "GET /robots.txt HTTP/1.1" 404 693 "-" "Mozilla/5.0 (compatible; Charlotte/1.1; http://www.searchme.com/support/)"
78.147.36.31 - - [19/Jan/2009:15:45:43 -0500] "GET /limerick/nice299.html HTTP/1.1" 200 28130 "http://www.toastpoint.com/limerick/nice299.html" "Mozilla/5.0 (Macintosh; U; Intel Mac OS X 10_5_5; en-us) AppleWebKit/525.26.2 (KHTML, like Gecko) Version/3.2 Safari/525.26.12"
208.111.154.16 - - [19/Jan/2009:16:00:48 -0500] "GET /robots.txt HTTP/1.1" 404 693 "-" "Mozilla/5.0 (compatible; Charlotte/1.1; http://www.searchme.com/support/)"
64.129.12.225 - - [19/Jan/2009:16:02:21 -0500] "GET /limerick/1997/nice197.html HTTP/1.1" 200 17698 "-" "User-Agent: Mozilla/4.0 (compatible; MSIE 6.0; Windows NT 5.1; SV1)"
208.111.154.16 - - [19/Jan/2009:16:06:13 -0500] "GET /robots.txt HTTP/1.1" 404 693 "-" "Mozilla/5.0 (compatible; Charlotte/1.1; http://www.searchme.com/support/)"
208.111.154.16 - - [19/Jan/2009:16:06:33 -0500] "GET /haiku/1998/haik1998.html HTTP/1.1" 200 2178 "-" "Mozilla/5.0 (compatible; Charlotte/1.1; http://www.searchme.com/support/)"
72.14.199.90 - - [19/Jan/2009:16:08:26 -0500] "GET /robots.txt HTTP/1.1" 404 693 "-" "DoCoMo/2.0 N905i(c100;TB;W24H16) (compatible; Googlebot-Mobile/2.1; +http://www.google.com/bot.html)"
72.14.199.90 - - [19/Jan/2009:16:08:26 -0500] "GET /fiction/fict199.html HTTP/1.1" 200 21503 "-" "DoCoMo/2.0 N905i(c100;TB;W24H16) (compatible; Googlebot-Mobile/2.1; +http://www.google.com/bot.html)"
72.14.199.90 - - [19/Jan/2009:16:08:26 -0500] "GET /fiction/fict499.html HTTP/1.1" 200 12868 "-" "DoCoMo/2.0 N905i(c100;TB;W24H16) (compatible; Googlebot-Mobile/2.1; +http://www.google.com/bot.html)"
72.14.199.90 - - [19/Jan/2009:16:08:27 -0500] "GET /limerick/1995/1995.html HTTP/1.1" 200 1428 "-" "DoCoMo/2.0 N905i(c100;TB;W24H16) (compatible; Googlebot-Mobile/2.1; +http://www.google.com/bot.html)"
72.14.199.90 - - [19/Jan/2009:16:08:32 -0500] "GET /haiku/haik1995/1995.html HTTP/1.1" 404 693 "-" "DoCoMo/2.0 N905i(c100;TB;W24H16) (compatible; Googlebot-Mobile/2.1; +http://www.google.com/bot.html)"
72.14.199.90 - - [19/Jan/2009:16:08:32 -0500] "GET /limerick/brady/brady1.html HTTP/1.1" 200 4493 "-" "DoCoMo/2.0 N905i(c100;TB;W24H16) (compatible; Googlebot-Mobile/2.1; +http://www.google.com/bot.html)"
72.14.199.90 - - [19/Jan/2009:16:08:33 -0500] "GET /fiction/fict299.html HTTP/1.1" 200 38635 "-" "DoCoMo/2.0 N905i(c100;TB;W24H16) (compatible; Googlebot-Mobile/2.1; +http://www.google.com/bot.html)"
72.14.199.90 - - [19/Jan/2009:16:08:35 -0500] "GET /limerick/brady/brady97.html HTTP/1.1" 200 10474 "-" "DoCoMo/2.0 N905i(c100;TB;W24H16) (compatible; Googlebot-Mobile/2.1; +http://www.google.com/bot.html)"
