67.195.37.179 - - [21/Feb/2009:00:15:02 -0500] "GET /haiku/haiku.html HTTP/1.0" 200 2147 "-" "Mozilla/5.0 (compatible; Yahoo! DE Slurp; http://help.yahoo.com/help/us/ysearch/slurp)"
208.111.154.16 - - [21/Feb/2009:00:18:45 -0500] "GET /robots.txt HTTP/1.1" 404 693 "-" "Mozilla/5.0 (compatible; Charlotte/1.1; http://www.searchme.com/support/)"
208.111.154.16 - - [21/Feb/2009:00:19:02 -0500] "GET /fiction/fict98/fict1198.html HTTP/1.1" 200 10372 "-" "Mozilla/5.0 (compatible; Charlotte/1.1; http://www.searchme.com/support/)"
208.111.154.16 - - [21/Feb/2009:00:19:23 -0500] "GET /robots.txt HTTP/1.1" 404 693 "-" "Mozilla/5.0 (compatible; Charlotte/1.1; http://www.searchme.com/support/)"
208.111.154.15 - - [21/Feb/2009:00:36:00 -0500] "GET /robots.txt HTTP/1.1" 404 693 "-" "Mozilla/5.0 (compatible; Charlotte/1.1; http://www.searchme.com/support/)"
208.111.154.15 - - [21/Feb/2009:00:36:19 -0500] "GET /limerick/1995/bestnaut.html HTTP/1.1" 200 10247 "-" "Mozilla/5.0 (compatible; Charlotte/1.1; http://www.searchme.com/support/)"
208.111.154.15 - - [21/Feb/2009:00:50:19 -0500] "GET /robots.txt HTTP/1.1" 404 693 "-" "Mozilla/5.0 (compatible; Charlotte/1.1; http://www.searchme.com/support/)"
208.111.154.15 - - [21/Feb/2009:00:56:21 -0500] "GET /robots.txt HTTP/1.1" 404 693 "-" "Mozilla/5.0 (compatible; Charlotte/1.1; http://www.searchme.com/support/)"
66.249.65.242 - - [21/Feb/2009:01:25:50 -0500] "GET /limerick/nice299.html HTTP/1.1" 304 - "-" "Mozilla/5.0 (compatible; Googlebot/2.1; +http://www.google.com/bot.html)"
72.30.161.235 - - [21/Feb/2009:01:38:25 -0500] "GET /robots.txt HTTP/1.0" 404 693 "-" "Mozilla/5.0 (compatible; Yahoo! Slurp; http://help.yahoo.com/help/us/ysearch/slurp)"
72.30.161.235 - - [21/Feb/2009:01:38:47 -0500] "GET /haiku/1997/haiku697.html HTTP/1.0" 200 26478 "-" "Mozilla/5.0 (compatible; Yahoo! Slurp; http://help.yahoo.com/help/us/ysearch/slurp)"
81.52.143.16 - - [21/Feb/2009:01:53:43 -0500] "GET /limerick/1996/nice496.html HTTP/1.1" 200 15372 "-" "Mozilla/5.0 (Windows; U; Windows NT 5.1; fr; rv:1.8.1) VoilaBot BETA 1.2 (support.voilabot@orange-ftgroup.com)"
208.111.154.15 - - [21/Feb/2009:01:59:51 -0500] "GET /robots.txt HTTP/1.1" 404 693 "-" "Mozilla/5.0 (compatible; Charlotte/1.1; http://www.searchme.com/support/)"
81.52.143.26 - - [21/Feb/2009:02:11:40 -0500] "GET /limerick/nice499.html HTTP/1.1" 200 24193 "-" "Mozilla/5.0 (Windows; U; Windows NT 5.1; fr; rv:1.8.1) VoilaBot BETA 1.2 (support.voilabot@orange-ftgroup.com)"
74.32.210.35 - - [21/Feb/2009:02:17:08 -0500] "GET /favicon.ico HTTP/1.1" 404 693 "-" "Mozilla/4.0 (compatible; MSIE 7.0; Windows NT 5.1; GTB5; .NET CLR 1.1.4322; .NET CLR 2.0.50727)"
74.32.210.35 - - [21/Feb/2009:02:17:08 -0500] "GET /gifs/birdumb2.gif HTTP/1.1" 200 4698 "http://www.toastpoint.com/limerick/nice299.html" "Mozilla/4.0 (compatible; MSIE 7.0; Windows NT 5.1; GTB5; .NET CLR 1.1.4322; .NET CLR 2.0.50727)"
74.32.210.35 - - [21/Feb/2009:02:17:08 -0500] "GET /gifs/goldstar.jpg HTTP/1.1" 200 1854 "http://www.toastpoint.com/limerick/nice299.html" "Mozilla/4.0 (compatible; MSIE 7.0; Windows NT 5.1; GTB5; .NET CLR 1.1.4322; .NET CLR 2.0.50727)"
74.32.210.35 - - [21/Feb/2009:02:17:08 -0500] "GET /gifs/birdumb.gif HTTP/1.1" 200 4704 "http://www.toastpoint.com/limerick/nice299.html" "Mozilla/4.0 (compatible; MSIE 7.0; Windows NT 5.1; GTB5; .NET CLR 1.1.4322; .NET CLR 2.0.50727)"
74.32.210.35 - - [21/Feb/2009:02:17:08 -0500] "GET /limerick/nice299.html HTTP/1.1" 200 28130 "-" "Mozilla/4.0 (compatible; MSIE 7.0; Windows NT 5.1; GTB5; .NET CLR 1.1.4322; .NET CLR 2.0.50727)"
81.52.143.16 - - [21/Feb/2009:02:19:54 -0500] "GET /haiku/?S=A HTTP/1.1" 403 563 "-" "Mozilla/5.0 (Windows; U; Windows NT 5.1; fr; rv:1.8.1) VoilaBot BETA 1.2 (support.voilabot@orange-ftgroup.com)"
208.111.154.15 - - [21/Feb/2009:02:23:04 -0500] "GET /robots.txt HTTP/1.1" 404 693 "-" "Mozilla/5.0 (compatible; Charlotte/1.1; http://www.searchme.com/support/)"
208.111.154.15 - - [21/Feb/2009:02:24:08 -0500] "GET /robots.txt HTTP/1.1" 404 693 "-" "Mozilla/5.0 (compatible; Charlotte/1.1; http://www.searchme.com/support/)"
81.52.143.26 - - [21/Feb/2009:02:43:35 -0500] "GET /limerick/nice299.html HTTP/1.1" 200 28130 "-" "Mozilla/5.0 (Windows; U; Windows NT 5.1; fr; rv:1.8.1) VoilaBot BETA 1.2 (support.voilabot@orange-ftgroup.com)"
38.108.180.46 - - [21/Feb/2009:03:28:31 -0500] "GET /robots.txt HTTP/1.1" 404 693 "-" "Mozilla/5.0 (compatible; ScoutJet; +http://www.scoutjet.com/)"
38.108.180.46 - - [21/Feb/2009:03:28:35 -0500] "GET /toastpointtopleft.html HTTP/1.1" 200 162 "-" "Mozilla/5.0 (compatible; ScoutJet; +http://www.scoutjet.com/)"
65.55.209.243 - - [21/Feb/2009:03:38:20 -0500] "GET /robots.txt HTTP/1.1" 404 693 "-" "msnbot/1.1 (+http://search.msn.com/msnbot.htm)"
65.55.209.243 - - [21/Feb/2009:03:38:20 -0500] "GET /limerick/1995/niceaug.html HTTP/1.1" 200 4489 "-" "msnbot/1.1 (+http://search.msn.com/msnbot.htm)"
208.111.154.16 - - [21/Feb/2009:03:55:47 -0500] "GET /robots.txt HTTP/1.1" 404 693 "-" "Mozilla/5.0 (compatible; Charlotte/1.1; http://www.searchme.com/support/)"
208.111.154.15 - - [21/Feb/2009:03:57:57 -0500] "GET /robots.txt HTTP/1.1" 404 693 "-" "Mozilla/5.0 (compatible; Charlotte/1.1; http://www.searchme.com/support/)"
208.111.154.15 - - [21/Feb/2009:04:00:57 -0500] "GET /robots.txt HTTP/1.1" 404 693 "-" "Mozilla/5.0 (compatible; Charlotte/1.1; http://www.searchme.com/support/)"
208.111.154.15 - - [21/Feb/2009:04:01:18 -0500] "GET /fiction/fict9596/fict1095.html HTTP/1.1" 200 11219 "-" "Mozilla/5.0 (compatible; Charlotte/1.1; http://www.searchme.com/support/)"
193.252.149.15 - - [21/Feb/2009:04:03:06 -0500] "GET /haiku/haiku199.html HTTP/1.1" 200 34287 "-" "Mozilla/5.0 (Windows; U; Windows NT 5.1; fr; rv:1.8.1) VoilaBot BETA 1.2 (support.voilabot@orange-ftgroup.com)"
208.111.154.15 - - [21/Feb/2009:04:08:29 -0500] "GET /robots.txt HTTP/1.1" 404 693 "-" "Mozilla/5.0 (compatible; Charlotte/1.1; http://www.searchme.com/support/)"
208.111.154.15 - - [21/Feb/2009:04:08:50 -0500] "GET /limerick/1996/nic1296.html HTTP/1.1" 200 19459 "-" "Mozilla/5.0 (compatible; Charlotte/1.1; http://www.searchme.com/support/)"
208.111.154.16 - - [21/Feb/2009:04:14:23 -0500] "GET /robots.txt HTTP/1.1" 404 693 "-" "Mozilla/5.0 (compatible; Charlotte/1.1; http://www.searchme.com/support/)"
208.111.154.16 - - [21/Feb/2009:04:14:43 -0500] "GET /limerick/1995/nautsept.html HTTP/1.1" 200 7977 "-" "Mozilla/5.0 (compatible; Charlotte/1.1; http://www.searchme.com/support/)"
66.249.65.229 - - [21/Feb/2009:04:17:23 -0500] "GET /robots.txt HTTP/1.1" 404 693 "-" "Mozilla/5.0 (compatible; Googlebot/2.1; +http://www.google.com/bot.html)"
66.249.65.239 - - [21/Feb/2009:04:17:23 -0500] "GET /limerick/limerick.html HTTP/1.1" 304 - "-" "Mozilla/5.0 (compatible; Googlebot/2.1; +http://www.google.com/bot.html)"
66.235.112.5 - - [21/Feb/2009:04:38:32 -0500] "GET /robots.txt HTTP/1.0" 404 693 "-" "Mozilla/5.0 (compatible; Ask Jeeves/Teoma; +http://about.ask.com/en/docs/about/webmasters.shtml)"
66.235.112.5 - - [21/Feb/2009:04:38:32 -0500] "GET /adfhsdak.html HTTP/1.0" 404 693 "-" "Mozilla/5.0 (compatible; Ask Jeeves/Teoma; +http://about.ask.com/en/docs/about/webmasters.shtml)"
193.252.149.16 - - [21/Feb/2009:05:08:20 -0500] "GET /limerick/naut499.html HTTP/1.1" 200 38163 "-" "Mozilla/5.0 (Windows; U; Windows NT 5.1; fr; rv:1.8.1) VoilaBot BETA 1.2 (support.voilabot@orange-ftgroup.com)"
208.111.154.15 - - [21/Feb/2009:05:10:26 -0500] "GET /robots.txt HTTP/1.1" 404 693 "-" "Mozilla/5.0 (compatible; Charlotte/1.1; http://www.searchme.com/support/)"
208.111.154.16 - - [21/Feb/2009:05:40:21 -0500] "GET /robots.txt HTTP/1.1" 404 693 "-" "Mozilla/5.0 (compatible; Charlotte/1.1; http://www.searchme.com/support/)"
208.111.154.24 - - [21/Feb/2009:05:46:09 -0500] "GET /robots.txt HTTP/1.1" 404 693 "-" "Mozilla/5.0 (compatible; Charlotte/1.1; http://www.searchme.com/support/)"
66.249.65.233 - - [21/Feb/2009:05:48:22 -0500] "GET /limerick/limerick.html HTTP/1.1" 200 2613 "-" "SAMSUNG-SGH-E250/1.0 Profile/MIDP-2.0 Configuration/CLDC-1.1 UP.Browser/6.2.3.3.c.1.101 (GUI) MMP/2.0 (compatible; Googlebot-Mobile/2.1; +http://www.google.com/bot.html)"
66.249.65.226 - - [21/Feb/2009:06:35:26 -0500] "GET /haiku/haiku199.html HTTP/1.1" 200 34287 "-" "Mozilla/5.0 (compatible; Googlebot/2.1; +http://www.google.com/bot.html)"
208.111.154.15 - - [21/Feb/2009:07:02:17 -0500] "GET /robots.txt HTTP/1.1" 404 693 "-" "Mozilla/5.0 (compatible; Charlotte/1.1; http://www.searchme.com/support/)"
208.111.154.15 - - [21/Feb/2009:07:02:37 -0500] "GET /limerick/nice399.html HTTP/1.1" 200 31092 "-" "Mozilla/5.0 (compatible; Charlotte/1.1; http://www.searchme.com/support/)"
66.249.65.242 - - [21/Feb/2009:07:04:28 -0500] "GET /limerick/1995/nautoct.html HTTP/1.1" 200 12561 "-" "SAMSUNG-SGH-E250/1.0 Profile/MIDP-2.0 Configuration/CLDC-1.1 UP.Browser/6.2.3.3.c.1.101 (GUI) MMP/2.0 (compatible; Googlebot-Mobile/2.1; +http://www.google.com/bot.html)"
66.249.65.244 - - [21/Feb/2009:07:09:01 -0500] "GET /fiction/fict97/fict1297.html HTTP/1.1" 200 6078 "-" "SAMSUNG-SGH-E250/1.0 Profile/MIDP-2.0 Configuration/CLDC-1.1 UP.Browser/6.2.3.3.c.1.101 (GUI) MMP/2.0 (compatible; Googlebot-Mobile/2.1; +http://www.google.com/bot.html)"
66.249.65.234 - - [21/Feb/2009:07:14:49 -0500] "GET /robots.txt HTTP/1.1" 404 693 "-" "SAMSUNG-SGH-E250/1.0 Profile/MIDP-2.0 Configuration/CLDC-1.1 UP.Browser/6.2.3.3.c.1.101 (GUI) MMP/2.0 (compatible; Googlebot-Mobile/2.1; +http://www.google.com/bot.html)"
66.249.65.244 - - [21/Feb/2009:07:14:49 -0500] "GET /fiction/novels/peak1-2.html HTTP/1.1" 200 2302 "-" "SAMSUNG-SGH-E250/1.0 Profile/MIDP-2.0 Configuration/CLDC-1.1 UP.Browser/6.2.3.3.c.1.101 (GUI) MMP/2.0 (compatible; Googlebot-Mobile/2.1; +http://www.google.com/bot.html)"
38.108.180.81 - - [21/Feb/2009:07:15:11 -0500] "GET /robots.txt HTTP/1.1" 404 693 "-" "Mozilla/5.0 (compatible; ScoutJet; +http://www.scoutjet.com/)"
38.108.180.81 - - [21/Feb/2009:07:15:15 -0500] "GET /limerick/1996/nice896.html HTTP/1.1" 200 9880 "-" "Mozilla/5.0 (compatible; ScoutJet; +http://www.scoutjet.com/)"
38.108.180.81 - - [21/Feb/2009:07:15:30 -0500] "GET /toastpointtoc.html HTTP/1.1" 200 1188 "-" "Mozilla/5.0 (compatible; ScoutJet; +http://www.scoutjet.com/)"
38.108.180.81 - - [21/Feb/2009:07:15:44 -0500] "GET /welcome.html HTTP/1.1" 200 418 "-" "Mozilla/5.0 (compatible; ScoutJet; +http://www.scoutjet.com/)"
38.108.180.81 - - [21/Feb/2009:07:15:57 -0500] "GET /travel/buxton2006.html HTTP/1.1" 200 1963 "-" "Mozilla/5.0 (compatible; ScoutJet; +http://www.scoutjet.com/)"
66.249.65.227 - - [21/Feb/2009:07:18:02 -0500] "GET /limerick/1995/nautsept.html HTTP/1.1" 200 7977 "-" "SAMSUNG-SGH-E250/1.0 Profile/MIDP-2.0 Configuration/CLDC-1.1 UP.Browser/6.2.3.3.c.1.101 (GUI) MMP/2.0 (compatible; Googlebot-Mobile/2.1; +http://www.google.com/bot.html)"
66.249.65.244 - - [21/Feb/2009:07:18:11 -0500] "GET /limerick/1995/nicejune.html HTTP/1.1" 200 1710 "-" "SAMSUNG-SGH-E250/1.0 Profile/MIDP-2.0 Configuration/CLDC-1.1 UP.Browser/6.2.3.3.c.1.101 (GUI) MMP/2.0 (compatible; Googlebot-Mobile/2.1; +http://www.google.com/bot.html)"
208.111.154.16 - - [21/Feb/2009:07:18:18 -0500] "GET /robots.txt HTTP/1.1" 404 693 "-" "Mozilla/5.0 (compatible; Charlotte/1.1; http://www.searchme.com/support/)"
66.249.65.241 - - [21/Feb/2009:07:28:32 -0500] "GET /limerick/1997/nice1097.html HTTP/1.1" 200 20810 "-" "SAMSUNG-SGH-E250/1.0 Profile/MIDP-2.0 Configuration/CLDC-1.1 UP.Browser/6.2.3.3.c.1.101 (GUI) MMP/2.0 (compatible; Googlebot-Mobile/2.1; +http://www.google.com/bot.html)"
208.111.154.31 - - [21/Feb/2009:07:28:53 -0500] "GET /robots.txt HTTP/1.1" 404 693 "-" "Mozilla/5.0 (compatible; Charlotte/1.1; http://www.searchme.com/support/)"
208.111.154.31 - - [21/Feb/2009:07:29:08 -0500] "GET /limerick/1998/nice698.html HTTP/1.1" 200 24183 "-" "Mozilla/5.0 (compatible; Charlotte/1.1; http://www.searchme.com/support/)"
208.111.154.15 - - [21/Feb/2009:07:32:11 -0500] "GET /robots.txt HTTP/1.1" 404 693 "-" "Mozilla/5.0 (compatible; Charlotte/1.1; http://www.searchme.com/support/)"
38.108.180.46 - - [21/Feb/2009:07:39:26 -0500] "GET /robots.txt HTTP/1.1" 404 693 "-" "Mozilla/5.0 (compatible; ScoutJet; +http://www.scoutjet.com/)"
38.108.180.46 - - [21/Feb/2009:07:39:27 -0500] "GET /toastpointtoc.html HTTP/1.1" 200 1188 "-" "Mozilla/5.0 (compatible; ScoutJet; +http://www.scoutjet.com/)"
208.111.154.15 - - [21/Feb/2009:07:50:03 -0500] "GET /robots.txt HTTP/1.1" 404 693 "-" "Mozilla/5.0 (compatible; Charlotte/1.1; http://www.searchme.com/support/)"
208.111.154.15 - - [21/Feb/2009:07:50:24 -0500] "GET /limerick/1997/nice1197.html HTTP/1.1" 200 19541 "-" "Mozilla/5.0 (compatible; Charlotte/1.1; http://www.searchme.com/support/)"
208.80.194.32 - - [21/Feb/2009:07:57:48 -0500] "GET / HTTP/1.0" 200 464 "-" "Mozilla/4.0 (compatible; MSIE 6.0; Windows NT 5.1; SV1; BIGPOND_ADSL_42)"
193.252.149.16 - - [21/Feb/2009:08:13:02 -0500] "GET /limerick/limerick.html HTTP/1.1" 200 2613 "-" "Mozilla/5.0 (Windows; U; Windows NT 5.1; fr; rv:1.8.1) VoilaBot BETA 1.2 (support.voilabot@orange-ftgroup.com)"
66.249.65.237 - - [21/Feb/2009:08:13:59 -0500] "GET /limerick/naut399.html HTTP/1.1" 200 38217 "-" "SAMSUNG-SGH-E250/1.0 Profile/MIDP-2.0 Configuration/CLDC-1.1 UP.Browser/6.2.3.3.c.1.101 (GUI) MMP/2.0 (compatible; Googlebot-Mobile/2.1; +http://www.google.com/bot.html)"
66.249.65.228 - - [21/Feb/2009:08:16:13 -0500] "GET /limerick/brady/brady99.html HTTP/1.1" 200 7546 "-" "SAMSUNG-SGH-E250/1.0 Profile/MIDP-2.0 Configuration/CLDC-1.1 UP.Browser/6.2.3.3.c.1.101 (GUI) MMP/2.0 (compatible; Googlebot-Mobile/2.1; +http://www.google.com/bot.html)"
66.249.65.241 - - [21/Feb/2009:08:19:20 -0500] "GET /fiction/fict97/fict597.html HTTP/1.1" 200 10485 "-" "SAMSUNG-SGH-E250/1.0 Profile/MIDP-2.0 Configuration/CLDC-1.1 UP.Browser/6.2.3.3.c.1.101 (GUI) MMP/2.0 (compatible; Googlebot-Mobile/2.1; +http://www.google.com/bot.html)"
208.111.154.16 - - [21/Feb/2009:08:22:11 -0500] "GET /robots.txt HTTP/1.1" 404 693 "-" "Mozilla/5.0 (compatible; Charlotte/1.1; http://www.searchme.com/support/)"
208.111.154.16 - - [21/Feb/2009:08:22:32 -0500] "GET /limerick/1997/nice1097.html HTTP/1.1" 200 20810 "-" "Mozilla/5.0 (compatible; Charlotte/1.1; http://www.searchme.com/support/)"
66.249.65.230 - - [21/Feb/2009:08:22:41 -0500] "GET /limerick/1997/naut597.html HTTP/1.1" 200 22468 "-" "SAMSUNG-SGH-E250/1.0 Profile/MIDP-2.0 Configuration/CLDC-1.1 UP.Browser/6.2.3.3.c.1.101 (GUI) MMP/2.0 (compatible; Googlebot-Mobile/2.1; +http://www.google.com/bot.html)"
66.249.65.237 - - [21/Feb/2009:08:22:43 -0500] "GET /limerick/nice299.html HTTP/1.1" 200 28130 "-" "SAMSUNG-SGH-E250/1.0 Profile/MIDP-2.0 Configuration/CLDC-1.1 UP.Browser/6.2.3.3.c.1.101 (GUI) MMP/2.0 (compatible; Googlebot-Mobile/2.1; +http://www.google.com/bot.html)"
208.111.154.15 - - [21/Feb/2009:08:27:09 -0500] "GET /robots.txt HTTP/1.1" 404 693 "-" "Mozilla/5.0 (compatible; Charlotte/1.1; http://www.searchme.com/support/)"
66.249.65.239 - - [21/Feb/2009:08:33:46 -0500] "GET /limerick/brady/brady97.html HTTP/1.1" 200 10474 "-" "SAMSUNG-SGH-E250/1.0 Profile/MIDP-2.0 Configuration/CLDC-1.1 UP.Browser/6.2.3.3.c.1.101 (GUI) MMP/2.0 (compatible; Googlebot-Mobile/2.1; +http://www.google.com/bot.html)"
66.249.65.237 - - [21/Feb/2009:08:33:48 -0500] "GET /limerick/naut499.html HTTP/1.1" 200 38163 "-" "SAMSUNG-SGH-E250/1.0 Profile/MIDP-2.0 Configuration/CLDC-1.1 UP.Browser/6.2.3.3.c.1.101 (GUI) MMP/2.0 (compatible; Googlebot-Mobile/2.1; +http://www.google.com/bot.html)"
66.249.65.244 - - [21/Feb/2009:08:37:40 -0500] "GET /limerick/1998/naut598.html HTTP/1.1" 200 63665 "-" "Mozilla/5.0 (compatible; Googlebot/2.1; +http://www.google.com/bot.html)"
66.249.65.229 - - [21/Feb/2009:08:38:10 -0500] "GET /limerick/nice599.html HTTP/1.1" 200 26033 "-" "SAMSUNG-SGH-E250/1.0 Profile/MIDP-2.0 Configuration/CLDC-1.1 UP.Browser/6.2.3.3.c.1.101 (GUI) MMP/2.0 (compatible; Googlebot-Mobile/2.1; +http://www.google.com/bot.html)"
66.249.65.240 - - [21/Feb/2009:08:45:23 -0500] "GET /limerick/nice199.html HTTP/1.1" 200 25313 "-" "SAMSUNG-SGH-E250/1.0 Profile/MIDP-2.0 Configuration/CLDC-1.1 UP.Browser/6.2.3.3.c.1.101 (GUI) MMP/2.0 (compatible; Googlebot-Mobile/2.1; +http://www.google.com/bot.html)"
66.249.65.233 - - [21/Feb/2009:08:51:11 -0500] "GET /limerick/nice399.html HTTP/1.1" 200 31092 "-" "SAMSUNG-SGH-E250/1.0 Profile/MIDP-2.0 Configuration/CLDC-1.1 UP.Browser/6.2.3.3.c.1.101 (GUI) MMP/2.0 (compatible; Googlebot-Mobile/2.1; +http://www.google.com/bot.html)"
66.249.65.237 - - [21/Feb/2009:08:51:15 -0500] "GET /limerick/naut199.html HTTP/1.1" 200 34481 "-" "SAMSUNG-SGH-E250/1.0 Profile/MIDP-2.0 Configuration/CLDC-1.1 UP.Browser/6.2.3.3.c.1.101 (GUI) MMP/2.0 (compatible; Googlebot-Mobile/2.1; +http://www.google.com/bot.html)"
67.202.54.191 - - [21/Feb/2009:08:56:57 -0500] "GET /robots.txt HTTP/1.0" 404 693 "-" "ia_archiver (+http://www.alexa.com/site/help/webmasters; crawler@alexa.com)"
67.202.54.191 - - [21/Feb/2009:08:56:57 -0500] "GET / HTTP/1.0" 200 464 "-" "ia_archiver (+http://www.alexa.com/site/help/webmasters; crawler@alexa.com)"
208.111.154.15 - - [21/Feb/2009:09:15:41 -0500] "GET /robots.txt HTTP/1.1" 404 693 "-" "Mozilla/5.0 (compatible; Charlotte/1.1; http://www.searchme.com/support/)"
66.249.65.241 - - [21/Feb/2009:09:30:14 -0500] "GET /welcome.html HTTP/1.1" 200 418 "-" "Mozilla/5.0 (compatible; Googlebot/2.1; +http://www.google.com/bot.html)"
66.249.65.228 - - [21/Feb/2009:09:30:14 -0500] "GET / HTTP/1.1" 200 464 "-" "Mozilla/5.0 (compatible; Googlebot/2.1; +http://www.google.com/bot.html)"
67.172.243.131 - - [21/Feb/2009:09:53:16 -0500] "GET /limerick/limerick.html HTTP/1.1" 200 2613 "http://www.math.fsu.edu/~mesterto/Unscramble/word.play.html" "Mozilla/5.0 (X11; U; Linux x86_64; en-US; rv:1.9.0.6) Gecko/2009012700 SUSE/3.0.6-0.1.2 Firefox/3.0.6"
67.172.243.131 - - [21/Feb/2009:09:53:16 -0500] "GET /gifs/birdumb2.gif HTTP/1.1" 200 4698 "http://www.toastpoint.com/limerick/limerick.html" "Mozilla/5.0 (X11; U; Linux x86_64; en-US; rv:1.9.0.6) Gecko/2009012700 SUSE/3.0.6-0.1.2 Firefox/3.0.6"
67.172.243.131 - - [21/Feb/2009:09:53:16 -0500] "GET /gifs/woman.gif HTTP/1.1" 200 9657 "http://www.toastpoint.com/limerick/limerick.html" "Mozilla/5.0 (X11; U; Linux x86_64; en-US; rv:1.9.0.6) Gecko/2009012700 SUSE/3.0.6-0.1.2 Firefox/3.0.6"
67.172.243.131 - - [21/Feb/2009:09:53:17 -0500] "GET /favicon.ico HTTP/1.1" 404 693 "-" "Mozilla/5.0 (X11; U; Linux x86_64; en-US; rv:1.9.0.6) Gecko/2009012700 SUSE/3.0.6-0.1.2 Firefox/3.0.6"
67.172.243.131 - - [21/Feb/2009:09:53:20 -0500] "GET /favicon.ico HTTP/1.1" 404 693 "-" "Mozilla/5.0 (X11; U; Linux x86_64; en-US; rv:1.9.0.6) Gecko/2009012700 SUSE/3.0.6-0.1.2 Firefox/3.0.6"
67.172.243.131 - - [21/Feb/2009:09:53:28 -0500] "GET /limerick/nice299.html HTTP/1.1" 200 28130 "http://www.toastpoint.com/limerick/limerick.html" "Mozilla/5.0 (X11; U; Linux x86_64; en-US; rv:1.9.0.6) Gecko/2009012700 SUSE/3.0.6-0.1.2 Firefox/3.0.6"
67.172.243.131 - - [21/Feb/2009:09:53:28 -0500] "GET /gifs/birdumb.gif HTTP/1.1" 200 4704 "http://www.toastpoint.com/limerick/nice299.html" "Mozilla/5.0 (X11; U; Linux x86_64; en-US; rv:1.9.0.6) Gecko/2009012700 SUSE/3.0.6-0.1.2 Firefox/3.0.6"
67.172.243.131 - - [21/Feb/2009:09:53:28 -0500] "GET /gifs/goldstar.jpg HTTP/1.1" 200 1854 "http://www.toastpoint.com/limerick/nice299.html" "Mozilla/5.0 (X11; U; Linux x86_64; en-US; rv:1.9.0.6) Gecko/2009012700 SUSE/3.0.6-0.1.2 Firefox/3.0.6"
81.52.143.16 - - [21/Feb/2009:09:58:31 -0500] "GET /limerick/?N=D HTTP/1.1" 403 563 "-" "Mozilla/5.0 (Windows; U; Windows NT 5.1; fr; rv:1.8.1) VoilaBot BETA 1.2 (support.voilabot@orange-ftgroup.com)"
66.235.124.8 - - [21/Feb/2009:10:08:19 -0500] "GET /robots.txt HTTP/1.1" 404 693 "-" "Mozilla/5.0 (compatible; Ask Jeeves/Teoma; +http://about.ask.com/en/docs/about/webmasters.shtml)"
66.235.124.8 - - [21/Feb/2009:10:08:24 -0500] "GET /haiku/haiku299.html HTTP/1.1" 200 68017 "-" "Mozilla/5.0 (compatible; Ask Jeeves/Teoma; +http://about.ask.com/en/docs/about/webmasters.shtml)"
66.249.65.237 - - [21/Feb/2009:10:28:18 -0500] "GET /limerick/1995/nautnov.html HTTP/1.1" 200 13933 "-" "Mozilla/5.0 (compatible; Googlebot/2.1; +http://www.google.com/bot.html)"
38.108.180.81 - - [21/Feb/2009:10:47:06 -0500] "GET /robots.txt HTTP/1.1" 404 693 "-" "Mozilla/5.0 (compatible; ScoutJet; +http://www.scoutjet.com/)"
38.108.180.81 - - [21/Feb/2009:10:47:09 -0500] "GET /toastpointtopleft.html HTTP/1.1" 200 162 "-" "Mozilla/5.0 (compatible; ScoutJet; +http://www.scoutjet.com/)"
38.108.180.81 - - [21/Feb/2009:10:47:23 -0500] "GET /links.html HTTP/1.1" 200 4252 "-" "Mozilla/5.0 (compatible; ScoutJet; +http://www.scoutjet.com/)"
38.108.180.81 - - [21/Feb/2009:10:47:35 -0500] "GET /gifs/pastheaders.html HTTP/1.1" 200 1264 "-" "Mozilla/5.0 (compatible; ScoutJet; +http://www.scoutjet.com/)"
38.108.180.81 - - [21/Feb/2009:10:47:47 -0500] "GET /wumpus.html HTTP/1.1" 200 566 "-" "Mozilla/5.0 (compatible; ScoutJet; +http://www.scoutjet.com/)"
66.249.65.232 - - [21/Feb/2009:10:48:03 -0500] "GET /haiku/1998/haik1298.html HTTP/1.1" 200 28856 "-" "Mozilla/5.0 (compatible; Googlebot/2.1; +http://www.google.com/bot.html)"
66.235.124.8 - - [21/Feb/2009:10:55:27 -0500] "GET /haiku/haiku399.html HTTP/1.1" 200 75208 "-" "Mozilla/5.0 (compatible; Ask Jeeves/Teoma; +http://about.ask.com/en/docs/about/webmasters.shtml)"
72.30.87.119 - - [21/Feb/2009:11:00:35 -0500] "GET /robots.txt HTTP/1.0" 404 693 "-" "Mozilla/5.0 (compatible; Yahoo! Slurp; http://help.yahoo.com/help/us/ysearch/slurp)"
38.108.180.46 - - [21/Feb/2009:11:11:11 -0500] "GET /robots.txt HTTP/1.1" 404 693 "-" "Mozilla/5.0 (compatible; ScoutJet; +http://www.scoutjet.com/)"
38.108.180.46 - - [21/Feb/2009:11:11:16 -0500] "GET /news.html HTTP/1.1" 200 17706 "-" "Mozilla/5.0 (compatible; ScoutJet; +http://www.scoutjet.com/)"
208.111.154.15 - - [21/Feb/2009:11:17:37 -0500] "GET /robots.txt HTTP/1.1" 404 693 "-" "Mozilla/5.0 (compatible; Charlotte/1.1; http://www.searchme.com/support/)"
208.111.154.15 - - [21/Feb/2009:11:17:55 -0500] "GET /fiction/fict98/fict598.html HTTP/1.1" 304 - "-" "Mozilla/5.0 (compatible; Charlotte/1.1; http://www.searchme.com/support/)"
75.88.82.147 - - [21/Feb/2009:11:37:18 -0500] "GET /limerick/nice299.html HTTP/1.1" 200 28130 "-" "Mozilla/4.0 (compatible; MSIE 6.0; Windows NT 5.1;1813)"
75.88.82.147 - - [21/Feb/2009:11:37:17 -0500] "GET /haiku/haiku399.html HTTP/1.1" 200 75208 "-" "Mozilla/4.0 (compatible; MSIE 6.0; Windows NT 5.1;1813)"
208.111.154.16 - - [21/Feb/2009:12:19:02 -0500] "GET /robots.txt HTTP/1.1" 404 693 "-" "Mozilla/5.0 (compatible; Charlotte/1.1; http://www.searchme.com/support/)"
41.192.255.122 - - [21/Feb/2009:12:34:03 -0500] "GET /limerick/1995/nautjune.html HTTP/1.1" 200 3274 "http://www.google.co.za/m?mrestrict=xhtml&eosr=on&ct=fsh&q=naughty+limericks" "BlackBerry8310/4.5.0.55 Profile/MIDP-2.0 Configuration/CLDC-1.1 VendorID/168"
41.192.255.122 - - [21/Feb/2009:12:34:03 -0500] "GET /favicon.ico HTTP/1.1" 404 693 "http://www.toastpoint.com/limerick/1995/nautjune.html" "BlackBerry8310/4.5.0.55 Profile/MIDP-2.0 Configuration/CLDC-1.1 VendorID/168"
41.192.255.122 - - [21/Feb/2009:12:34:03 -0500] "GET /gifs/goldstar.jpg HTTP/1.1" 200 1854 "http://www.toastpoint.com/limerick/1995/nautjune.html" "BlackBerry8310/4.5.0.55 Profile/MIDP-2.0 Configuration/CLDC-1.1 VendorID/168"
41.192.255.122 - - [21/Feb/2009:12:34:03 -0500] "GET /gifs/goldstar.jpg HTTP/1.1" 200 1854 "http://www.toastpoint.com/limerick/1995/nautjune.html" "BlackBerry8310/4.5.0.55 Profile/MIDP-2.0 Configuration/CLDC-1.1 VendorID/168"
208.111.154.33 - - [21/Feb/2009:12:52:25 -0500] "GET /robots.txt HTTP/1.1" 404 693 "-" "Mozilla/5.0 (compatible; Charlotte/1.1; http://www.searchme.com/support/)"
208.111.154.15 - - [21/Feb/2009:13:05:07 -0500] "GET /robots.txt HTTP/1.1" 404 693 "-" "Mozilla/5.0 (compatible; Charlotte/1.1; http://www.searchme.com/support/)"
208.111.154.15 - - [21/Feb/2009:13:05:07 -0500] "GET /fiction/fict97/fict397.html HTTP/1.1" 200 11668 "-" "Mozilla/5.0 (compatible; Charlotte/1.1; http://www.searchme.com/support/)"
66.249.65.242 - - [21/Feb/2009:13:21:53 -0500] "GET /fiction/fict499.html HTTP/1.1" 200 12868 "-" "Mozilla/5.0 (compatible; Googlebot/2.1; +http://www.google.com/bot.html)"
212.113.48.20 - - [21/Feb/2009:13:35:00 -0500] "GET /haiku/haiku599.html HTTP/1.0" 200 33918 "http://www.toastpoint.com/haiku/haiku599.html" "Mozilla/1.22 (compatible; MSIE 2.0; Windows 95)"
208.111.154.16 - - [21/Feb/2009:13:51:21 -0500] "GET /robots.txt HTTP/1.1" 404 693 "-" "Mozilla/5.0 (compatible; Charlotte/1.1; http://www.searchme.com/support/)"
72.30.161.235 - - [21/Feb/2009:13:55:30 -0500] "GET /limerick/1996/nic1096.html HTTP/1.0" 200 9770 "-" "Mozilla/5.0 (compatible; Yahoo! Slurp; http://help.yahoo.com/help/us/ysearch/slurp)"
208.111.154.16 - - [21/Feb/2009:13:58:40 -0500] "GET /robots.txt HTTP/1.1" 404 693 "-" "Mozilla/5.0 (compatible; Charlotte/1.1; http://www.searchme.com/support/)"
208.111.154.15 - - [21/Feb/2009:14:11:34 -0500] "GET /fiction/novels/peak4.html HTTP/1.1" 200 13115 "-" "Mozilla/5.0 (compatible; Charlotte/1.1; http://www.searchme.com/support/)"
81.52.143.26 - - [21/Feb/2009:14:11:58 -0500] "GET /haiku/?D=A HTTP/1.1" 403 563 "-" "Mozilla/5.0 (Windows; U; Windows NT 5.1; fr; rv:1.8.1) VoilaBot BETA 1.2 (support.voilabot@orange-ftgroup.com)"
70.226.169.18 - - [21/Feb/2009:14:13:48 -0500] "GET /gifs/boobies.gif HTTP/1.1" 200 11144 "http://www.toastpoint.com/limerick/naut199.html" "Mozilla/5.0 (iPhone; U; CPU iPhone OS 2_2 like Mac OS X; en-us) AppleWebKit/525.18.1 (KHTML, like Gecko) Version/3.1.1 Mobile/5G77 Safari/525.20"
70.226.169.18 - - [21/Feb/2009:14:13:48 -0500] "GET /gifs/nakedman.gif HTTP/1.1" 200 7734 "http://www.toastpoint.com/limerick/naut199.html" "Mozilla/5.0 (iPhone; U; CPU iPhone OS 2_2 like Mac OS X; en-us) AppleWebKit/525.18.1 (KHTML, like Gecko) Version/3.1.1 Mobile/5G77 Safari/525.20"
70.226.169.18 - - [21/Feb/2009:14:13:48 -0500] "GET /gifs/goldstar.jpg HTTP/1.1" 200 1854 "http://www.toastpoint.com/limerick/naut199.html" "Mozilla/5.0 (iPhone; U; CPU iPhone OS 2_2 like Mac OS X; en-us) AppleWebKit/525.18.1 (KHTML, like Gecko) Version/3.1.1 Mobile/5G77 Safari/525.20"
70.226.169.18 - - [21/Feb/2009:14:13:48 -0500] "GET /limerick/naut199.html HTTP/1.1" 200 34481 "http://www.google.com/" "Mozilla/5.0 (iPhone; U; CPU iPhone OS 2_2 like Mac OS X; en-us) AppleWebKit/525.18.1 (KHTML, like Gecko) Version/3.1.1 Mobile/5G77 Safari/525.20"
81.52.143.16 - - [21/Feb/2009:14:24:36 -0500] "GET /haiku/haiku.html HTTP/1.1" 200 2147 "-" "Mozilla/5.0 (Windows; U; Windows NT 5.1; fr; rv:1.8.1) VoilaBot BETA 1.2 (support.voilabot@orange-ftgroup.com)"
193.47.80.45 - - [21/Feb/2009:14:26:03 -0500] "GET /robots.txt HTTP/1.1" 404 693 "-" "Mozilla/5.0 (compatible; Exabot/3.0; +http://www.exabot.com/go/robot)"
193.47.80.45 - - [21/Feb/2009:14:26:03 -0500] "GET /fiction/fict9596/fict696.html HTTP/1.1" 200 15163 "-" "Mozilla/5.0 (compatible; Exabot/3.0; +http://www.exabot.com/go/robot)"
208.111.154.15 - - [21/Feb/2009:15:22:50 -0500] "GET /robots.txt HTTP/1.1" 404 693 "-" "Mozilla/5.0 (compatible; Charlotte/1.1; http://www.searchme.com/support/)"
70.88.222.25 - - [21/Feb/2009:15:36:02 -0500] "GET / HTTP/1.0" 200 464 "-" "Mozilla/5.0 (Windows; U; Windows NT 5.1; en-US; rv:1.7) Gecko/20040613 Firefox/0.8.0+"
208.111.154.16 - - [21/Feb/2009:15:55:10 -0500] "GET /robots.txt HTTP/1.1" 404 693 "-" "Mozilla/5.0 (compatible; Charlotte/1.1; http://www.searchme.com/support/)"
207.200.116.68 - - [21/Feb/2009:16:22:22 -0500] "GET /limerick/naut199.html HTTP/1.1" 200 34481 "http://www.google.com/search?hl=en&ie=ISO-8859-1&q=Naughty+Limericks&btnG=Google+Search&aq=f&oq=" "Mozilla/4.0 (compatible; MSIE 7.0; AOL 9.0; Windows NT 5.1; .NET CLR 2.0.50727; IEMB3; IEMB3)"
207.200.116.131 - - [21/Feb/2009:16:22:24 -0500] "GET /gifs/nakedman.gif HTTP/1.1" 200 7734 "http://www.toastpoint.com/limerick/naut199.html" "Mozilla/4.0 (compatible; MSIE 7.0; AOL 9.0; Windows NT 5.1; .NET CLR 2.0.50727; IEMB3; IEMB3)"
207.200.116.72 - - [21/Feb/2009:16:22:24 -0500] "GET /gifs/boobies.gif HTTP/1.1" 200 11144 "http://www.toastpoint.com/limerick/naut199.html" "Mozilla/4.0 (compatible; MSIE 7.0; AOL 9.0; Windows NT 5.1; .NET CLR 2.0.50727; IEMB3; IEMB3)"
207.200.116.10 - - [21/Feb/2009:16:22:24 -0500] "GET /gifs/goldstar.jpg HTTP/1.1" 200 1854 "http://www.toastpoint.com/limerick/naut199.html" "Mozilla/4.0 (compatible; MSIE 7.0; AOL 9.0; Windows NT 5.1; .NET CLR 2.0.50727; IEMB3; IEMB3)"
66.249.65.235 - - [21/Feb/2009:16:26:09 -0500] "GET /robots.txt HTTP/1.1" 404 693 "-" "DoCoMo/2.0 N905i(c100;TB;W24H16) (compatible; Googlebot-Mobile/2.1; +http://www.google.com/bot.html)"
66.249.65.241 - - [21/Feb/2009:16:26:09 -0500] "GET /limerick/limerick.html HTTP/1.1" 200 2613 "-" "DoCoMo/2.0 N905i(c100;TB;W24H16) (compatible; Googlebot-Mobile/2.1; +http://www.google.com/bot.html)"
66.249.65.244 - - [21/Feb/2009:16:28:04 -0500] "GET /fiction/fict97/fict1297.html HTTP/1.1" 200 6078 "-" "DoCoMo/2.0 N905i(c100;TB;W24H16) (compatible; Googlebot-Mobile/2.1; +http://www.google.com/bot.html)"
66.249.65.241 - - [21/Feb/2009:16:28:27 -0500] "GET /fiction/novels/peak4.html HTTP/1.1" 200 13115 "-" "DoCoMo/2.0 N905i(c100;TB;W24H16) (compatible; Googlebot-Mobile/2.1; +http://www.google.com/bot.html)"
66.249.65.240 - - [21/Feb/2009:16:28:30 -0500] "GET /limerick/1997/naut597.html HTTP/1.1" 200 22468 "-" "DoCoMo/2.0 N905i(c100;TB;W24H16) (compatible; Googlebot-Mobile/2.1; +http://www.google.com/bot.html)"
66.249.65.233 - - [21/Feb/2009:16:28:43 -0500] "GET /fiction/fict97/fict597.html HTTP/1.1" 200 10485 "-" "DoCoMo/2.0 N905i(c100;TB;W24H16) (compatible; Googlebot-Mobile/2.1; +http://www.google.com/bot.html)"
66.249.65.244 - - [21/Feb/2009:16:28:49 -0500] "GET /limerick/1995/nautoct.html HTTP/1.1" 200 12561 "-" "DoCoMo/2.0 N905i(c100;TB;W24H16) (compatible; Googlebot-Mobile/2.1; +http://www.google.com/bot.html)"
66.249.65.239 - - [21/Feb/2009:16:29:08 -0500] "GET /limerick/1997/lim1997.html HTTP/1.1" 200 1925 "-" "DoCoMo/2.0 N905i(c100;TB;W24H16) (compatible; Googlebot-Mobile/2.1; +http://www.google.com/bot.html)"
66.249.65.233 - - [21/Feb/2009:16:29:08 -0500] "GET /limerick/1997/naut397.html HTTP/1.1" 200 21435 "-" "DoCoMo/2.0 N905i(c100;TB;W24H16) (compatible; Googlebot-Mobile/2.1; +http://www.google.com/bot.html)"
66.249.65.239 - - [21/Feb/2009:16:29:10 -0500] "GET /limerick/1995/nicejune.html HTTP/1.1" 200 1710 "-" "DoCoMo/2.0 N905i(c100;TB;W24H16) (compatible; Googlebot-Mobile/2.1; +http://www.google.com/bot.html)"
66.249.65.230 - - [21/Feb/2009:16:29:24 -0500] "GET /fiction/fict9596/fict9596.html HTTP/1.1" 200 1446 "-" "DoCoMo/2.0 N905i(c100;TB;W24H16) (compatible; Googlebot-Mobile/2.1; +http://www.google.com/bot.html)"
66.249.65.244 - - [21/Feb/2009:16:29:46 -0500] "GET /fiction/novels/peak1-2.html HTTP/1.1" 200 2302 "-" "DoCoMo/2.0 N905i(c100;TB;W24H16) (compatible; Googlebot-Mobile/2.1; +http://www.google.com/bot.html)"
66.249.65.240 - - [21/Feb/2009:16:29:52 -0500] "GET /limerick/brady/brady97.html HTTP/1.1" 200 10474 "-" "DoCoMo/2.0 N905i(c100;TB;W24H16) (compatible; Googlebot-Mobile/2.1; +http://www.google.com/bot.html)"
66.249.65.233 - - [21/Feb/2009:16:30:03 -0500] "GET /limerick/1997/nice797.html HTTP/1.1" 200 19339 "-" "DoCoMo/2.0 N905i(c100;TB;W24H16) (compatible; Googlebot-Mobile/2.1; +http://www.google.com/bot.html)"
66.249.65.225 - - [21/Feb/2009:16:30:03 -0500] "GET /limerick/brady/brady1.html HTTP/1.1" 200 4493 "-" "DoCoMo/2.0 N905i(c100;TB;W24H16) (compatible; Googlebot-Mobile/2.1; +http://www.google.com/bot.html)"
208.111.154.16 - - [21/Feb/2009:16:46:37 -0500] "GET /robots.txt HTTP/1.1" 404 693 "-" "Mozilla/5.0 (compatible; Charlotte/1.1; http://www.searchme.com/support/)"
208.111.154.16 - - [21/Feb/2009:16:47:17 -0500] "GET /robots.txt HTTP/1.1" 404 693 "-" "Mozilla/5.0 (compatible; Charlotte/1.1; http://www.searchme.com/support/)"
208.111.154.15 - - [21/Feb/2009:16:50:25 -0500] "GET /robots.txt HTTP/1.1" 404 693 "-" "Mozilla/5.0 (compatible; Charlotte/1.1; http://www.searchme.com/support/)"
98.163.94.177 - - [21/Feb/2009:16:50:32 -0500] "GET /limerick/limerick.html HTTP/1.1" 200 2613 "http://www.google.com/search?hl=en&rlz=1C1GGLS_enUS291US303&ei=6HagSdCBM4H8tgex2bz5DA&sa=X&oi=spell&resnum=1&ct=result&cd=1&q=limerick+toast&spell=1" "Mozilla/5.0 (Windows; U; Windows NT 5.1; en-US) AppleWebKit/525.19 (KHTML, like Gecko) Chrome/1.0.154.48 Safari/525.19"
98.163.94.177 - - [21/Feb/2009:16:50:32 -0500] "GET /gifs/woman.gif HTTP/1.1" 200 9657 "http://www.toastpoint.com/limerick/limerick.html" "Mozilla/5.0 (Windows; U; Windows NT 5.1; en-US) AppleWebKit/525.19 (KHTML, like Gecko) Chrome/1.0.154.48 Safari/525.19"
98.163.94.177 - - [21/Feb/2009:16:50:32 -0500] "GET /gifs/birdumb2.gif HTTP/1.1" 200 4698 "http://www.toastpoint.com/limerick/limerick.html" "Mozilla/5.0 (Windows; U; Windows NT 5.1; en-US) AppleWebKit/525.19 (KHTML, like Gecko) Chrome/1.0.154.48 Safari/525.19"
98.163.94.177 - - [21/Feb/2009:16:50:32 -0500] "GET /favicon.ico HTTP/1.1" 404 693 "-" "Mozilla/5.0 (Windows; U; Windows NT 5.1; en-US) AppleWebKit/525.19 (KHTML, like Gecko) Chrome/1.0.154.48 Safari/525.19"
208.111.154.15 - - [21/Feb/2009:16:50:45 -0500] "GET /haiku/1998/haiku698.html HTTP/1.1" 200 26705 "-" "Mozilla/5.0 (compatible; Charlotte/1.1; http://www.searchme.com/support/)"
98.163.94.177 - - [21/Feb/2009:16:50:46 -0500] "GET /limerick/naut599.html HTTP/1.1" 200 21235 "http://www.toastpoint.com/limerick/limerick.html" "Mozilla/5.0 (Windows; U; Windows NT 5.1; en-US) AppleWebKit/525.19 (KHTML, like Gecko) Chrome/1.0.154.48 Safari/525.19"
98.163.94.177 - - [21/Feb/2009:16:50:47 -0500] "GET /gifs/boobies.gif HTTP/1.1" 200 11144 "http://www.toastpoint.com/limerick/naut599.html" "Mozilla/5.0 (Windows; U; Windows NT 5.1; en-US) AppleWebKit/525.19 (KHTML, like Gecko) Chrome/1.0.154.48 Safari/525.19"
98.163.94.177 - - [21/Feb/2009:16:50:47 -0500] "GET /gifs/goldstar.jpg HTTP/1.1" 200 1854 "http://www.toastpoint.com/limerick/naut599.html" "Mozilla/5.0 (Windows; U; Windows NT 5.1; en-US) AppleWebKit/525.19 (KHTML, like Gecko) Chrome/1.0.154.48 Safari/525.19"
98.163.94.177 - - [21/Feb/2009:16:50:47 -0500] "GET /gifs/nakedman.gif HTTP/1.1" 200 7734 "http://www.toastpoint.com/limerick/naut599.html" "Mozilla/5.0 (Windows; U; Windows NT 5.1; en-US) AppleWebKit/525.19 (KHTML, like Gecko) Chrome/1.0.154.48 Safari/525.19"
98.163.94.177 - - [21/Feb/2009:16:51:16 -0500] "GET /limerick/nice599.html HTTP/1.1" 200 26033 "http://www.toastpoint.com/limerick/limerick.html" "Mozilla/5.0 (Windows; U; Windows NT 5.1; en-US) AppleWebKit/525.19 (KHTML, like Gecko) Chrome/1.0.154.48 Safari/525.19"
98.163.94.177 - - [21/Feb/2009:16:51:16 -0500] "GET /gifs/birdumb.gif HTTP/1.1" 200 4704 "http://www.toastpoint.com/limerick/nice599.html" "Mozilla/5.0 (Windows; U; Windows NT 5.1; en-US) AppleWebKit/525.19 (KHTML, like Gecko) Chrome/1.0.154.48 Safari/525.19"
63.241.3.51 - - [21/Feb/2009:17:12:37 -0500] "GET /limerick/limerick.html HTTP/1.1" 200 2613 "-" "Mozilla/4.0 (compatible; MSIE 7.0; Windows NT 5.1; .NET CLR 1.1.4322; .NET CLR 2.0.50727; InfoPath.1; .NET CLR 3.0.04506.30; .NET CLR 3.0.04506.648)"
216.183.81.221 - - [21/Feb/2009:17:26:49 -0500] "GET / HTTP/1.0" 200 464 "-" "Wget/1.10.2"
216.183.81.221 - - [21/Feb/2009:17:26:49 -0500] "GET /robots.txt HTTP/1.0" 404 693 "-" "Wget/1.10.2"
216.183.81.221 - - [21/Feb/2009:17:26:49 -0500] "GET /toastpointtopleft.html HTTP/1.0" 200 162 "http://www.toastpoint.com/" "Wget/1.10.2"
216.183.81.221 - - [21/Feb/2009:17:26:49 -0500] "GET /toastpointtoc.html HTTP/1.0" 200 1188 "http://www.toastpoint.com/" "Wget/1.10.2"
216.183.81.221 - - [21/Feb/2009:17:26:49 -0500] "GET /news.html HTTP/1.0" 200 17706 "http://www.toastpoint.com/" "Wget/1.10.2"
216.183.81.221 - - [21/Feb/2009:17:26:50 -0500] "GET /toastpointtopright.html HTTP/1.0" 200 151 "http://www.toastpoint.com/" "Wget/1.10.2"
216.183.81.221 - - [21/Feb/2009:17:26:50 -0500] "GET /tpnews.html HTTP/1.0" 200 8305 "http://www.toastpoint.com/" "Wget/1.10.2"
66.215.31.98 - - [21/Feb/2009:17:30:46 -0500] "GET / HTTP/1.1" 200 464 "-" "bnvsxmgy8eybspx8pygntjJktp"
86.134.42.111 - - [21/Feb/2009:17:34:50 -0500] "GET /index.html HTTP/1.1" 200 464 "-" "Mozilla/4.0 (compatible; MSIE 7.0; Windows NT 5.1; AntivirXP08; .NET CLR 1.1.4322; .NET CLR 2.0.50727)"
86.134.42.111 - - [21/Feb/2009:17:34:50 -0500] "GET /toastpointtopleft.html HTTP/1.1" 200 162 "http://www.toastpoint.com/index.html" "Mozilla/4.0 (compatible; MSIE 7.0; Windows NT 5.1; AntivirXP08; .NET CLR 1.1.4322; .NET CLR 2.0.50727)"
86.134.42.111 - - [21/Feb/2009:17:34:50 -0500] "GET /news.html HTTP/1.1" 200 17706 "http://www.toastpoint.com/index.html" "Mozilla/4.0 (compatible; MSIE 7.0; Windows NT 5.1; AntivirXP08; .NET CLR 1.1.4322; .NET CLR 2.0.50727)"
86.134.42.111 - - [21/Feb/2009:17:34:50 -0500] "GET /toastpointtoc.html HTTP/1.1" 200 1188 "http://www.toastpoint.com/index.html" "Mozilla/4.0 (compatible; MSIE 7.0; Windows NT 5.1; AntivirXP08; .NET CLR 1.1.4322; .NET CLR 2.0.50727)"
86.134.42.111 - - [21/Feb/2009:17:34:50 -0500] "GET /toastpointtopright.html HTTP/1.1" 200 151 "http://www.toastpoint.com/index.html" "Mozilla/4.0 (compatible; MSIE 7.0; Windows NT 5.1; AntivirXP08; .NET CLR 1.1.4322; .NET CLR 2.0.50727)"
86.134.42.111 - - [21/Feb/2009:17:34:50 -0500] "GET /tpnews.html HTTP/1.1" 200 8305 "http://www.toastpoint.com/index.html" "Mozilla/4.0 (compatible; MSIE 7.0; Windows NT 5.1; AntivirXP08; .NET CLR 1.1.4322; .NET CLR 2.0.50727)"
86.134.42.111 - - [21/Feb/2009:17:34:50 -0500] "GET /gifs/tpwinter20089.jpg HTTP/1.1" 200 28088 "http://www.toastpoint.com/news.html" "Mozilla/4.0 (compatible; MSIE 7.0; Windows NT 5.1; AntivirXP08; .NET CLR 1.1.4322; .NET CLR 2.0.50727)"
208.111.154.15 - - [21/Feb/2009:17:38:24 -0500] "GET /robots.txt HTTP/1.1" 404 693 "-" "Mozilla/5.0 (compatible; Charlotte/1.1; http://www.searchme.com/support/)"
208.111.154.16 - - [21/Feb/2009:17:40:26 -0500] "GET /limerick/1997/naut397.html HTTP/1.1" 200 21435 "-" "Mozilla/5.0 (compatible; Charlotte/1.1; http://www.searchme.com/support/)"
208.111.154.15 - - [21/Feb/2009:17:40:47 -0500] "GET /robots.txt HTTP/1.1" 404 693 "-" "Mozilla/5.0 (compatible; Charlotte/1.1; http://www.searchme.com/support/)"
208.111.154.15 - - [21/Feb/2009:17:41:06 -0500] "GET /limerick/1997/naut297.html HTTP/1.1" 200 31034 "-" "Mozilla/5.0 (compatible; Charlotte/1.1; http://www.searchme.com/support/)"
208.111.154.15 - - [21/Feb/2009:18:23:15 -0500] "GET /robots.txt HTTP/1.1" 404 693 "-" "Mozilla/5.0 (compatible; Charlotte/1.1; http://www.searchme.com/support/)"
208.111.154.15 - - [21/Feb/2009:18:23:33 -0500] "GET /haiku/1997/haik1297.html HTTP/1.1" 200 22956 "-" "Mozilla/5.0 (compatible; Charlotte/1.1; http://www.searchme.com/support/)"
208.111.154.15 - - [21/Feb/2009:18:24:42 -0500] "GET /robots.txt HTTP/1.1" 404 693 "-" "Mozilla/5.0 (compatible; Charlotte/1.1; http://www.searchme.com/support/)"
66.249.65.242 - - [21/Feb/2009:18:29:27 -0500] "GET /haiku/1996/haik1996.html HTTP/1.1" 200 1887 "-" "DoCoMo/2.0 N905i(c100;TB;W24H16) (compatible; Googlebot-Mobile/2.1; +http://www.google.com/bot.html)"
66.249.65.233 - - [21/Feb/2009:18:29:30 -0500] "GET /limerick/1997/nice997.html HTTP/1.1" 200 24299 "-" "DoCoMo/2.0 N905i(c100;TB;W24H16) (compatible; Googlebot-Mobile/2.1; +http://www.google.com/bot.html)"
66.249.65.227 - - [21/Feb/2009:18:29:40 -0500] "GET /limerick/1995/nautsept.html HTTP/1.1" 200 7977 "-" "DoCoMo/2.0 N905i(c100;TB;W24H16) (compatible; Googlebot-Mobile/2.1; +http://www.google.com/bot.html)"
66.249.65.234 - - [21/Feb/2009:18:30:37 -0500] "GET /limerick/1997/nice1097.html HTTP/1.1" 200 20810 "-" "DoCoMo/2.0 N905i(c100;TB;W24H16) (compatible; Googlebot-Mobile/2.1; +http://www.google.com/bot.html)"
208.111.154.15 - - [21/Feb/2009:18:40:50 -0500] "GET /robots.txt HTTP/1.1" 404 693 "-" "Mozilla/5.0 (compatible; Charlotte/1.1; http://www.searchme.com/support/)"
217.212.224.183 - - [21/Feb/2009:18:43:16 -0500] "GET /robots.txt HTTP/1.0" 404 693 "-" "psbot/0.1 (+http://www.picsearch.com/bot.html)"
217.212.224.180 - - [21/Feb/2009:18:43:17 -0500] "GET /fiction/fict98/tyrol.gif HTTP/1.0" 404 693 "-" "psbot/0.1 (+http://www.picsearch.com/bot.html)"
208.111.154.15 - - [21/Feb/2009:18:50:57 -0500] "GET /robots.txt HTTP/1.1" 404 693 "-" "Mozilla/5.0 (compatible; Charlotte/1.1; http://www.searchme.com/support/)"
208.111.154.16 - - [21/Feb/2009:18:56:16 -0500] "GET /robots.txt HTTP/1.1" 404 693 "-" "Mozilla/5.0 (compatible; Charlotte/1.1; http://www.searchme.com/support/)"
208.111.154.16 - - [21/Feb/2009:19:05:44 -0500] "GET /robots.txt HTTP/1.1" 404 693 "-" "Mozilla/5.0 (compatible; Charlotte/1.1; http://www.searchme.com/support/)"
63.238.184.234 - - [21/Feb/2009:19:38:34 -0500] "GET /favicon.ico HTTP/1.1" 404 693 "-" "Mozilla/5.0 (Windows; U; Windows NT 5.1; en-US; rv:1.8.1.20) Gecko/20081217 Firefox/2.0.0.20"
208.111.154.32 - - [21/Feb/2009:19:43:34 -0500] "GET /robots.txt HTTP/1.1" 404 693 "-" "Mozilla/5.0 (compatible; Charlotte/1.1; http://www.searchme.com/support/)"
208.111.154.32 - - [21/Feb/2009:19:43:52 -0500] "GET /limerick/1998/nice198.html HTTP/1.1" 200 25254 "-" "Mozilla/5.0 (compatible; Charlotte/1.1; http://www.searchme.com/support/)"
66.249.65.237 - - [21/Feb/2009:20:14:50 -0500] "GET /limerick HTTP/1.1" 301 243 "-" "Mozilla/5.0 (compatible; Googlebot/2.1; +http://www.google.com/bot.html)"
66.249.65.240 - - [21/Feb/2009:20:19:01 -0500] "GET /limerick/ HTTP/1.1" 403 563 "-" "Mozilla/5.0 (compatible; Googlebot/2.1; +http://www.google.com/bot.html)"
216.183.81.221 - - [21/Feb/2009:20:22:12 -0500] "GET /haiku/haiku.html HTTP/1.0" 200 2147 "-" "Wget/1.10.2"
216.183.81.221 - - [21/Feb/2009:20:22:13 -0500] "GET /robots.txt HTTP/1.0" 404 693 "-" "Wget/1.10.2"
216.183.81.221 - - [21/Feb/2009:20:22:13 -0500] "GET /gifs/japan.gif HTTP/1.0" 200 5737 "http://www.toastpoint.com/haiku/haiku.html" "Wget/1.10.2"
216.183.81.221 - - [21/Feb/2009:20:22:13 -0500] "GET /haiku/haiku599.html HTTP/1.0" 200 33918 "http://www.toastpoint.com/haiku/haiku.html" "Wget/1.10.2"
216.183.81.221 - - [21/Feb/2009:20:22:13 -0500] "GET /haiku/haiku499.html HTTP/1.0" 200 54815 "http://www.toastpoint.com/haiku/haiku.html" "Wget/1.10.2"
216.183.81.221 - - [21/Feb/2009:20:22:13 -0500] "GET /haiku/haiku399.html HTTP/1.0" 200 75208 "http://www.toastpoint.com/haiku/haiku.html" "Wget/1.10.2"
216.183.81.221 - - [21/Feb/2009:20:22:13 -0500] "GET /haiku/haiku299.html HTTP/1.0" 200 68017 "http://www.toastpoint.com/haiku/haiku.html" "Wget/1.10.2"
216.183.81.221 - - [21/Feb/2009:20:22:14 -0500] "GET /haiku/haiku199.html HTTP/1.0" 200 34287 "http://www.toastpoint.com/haiku/haiku.html" "Wget/1.10.2"
216.183.81.221 - - [21/Feb/2009:20:22:14 -0500] "GET /haiku/1998/haik1998.html HTTP/1.0" 200 2178 "http://www.toastpoint.com/haiku/haiku.html" "Wget/1.10.2"
216.183.81.221 - - [21/Feb/2009:20:22:14 -0500] "GET /haiku/1997/haik1997.html HTTP/1.0" 200 2138 "http://www.toastpoint.com/haiku/haiku.html" "Wget/1.10.2"
216.183.81.221 - - [21/Feb/2009:20:22:14 -0500] "GET /haiku/1996/haik1996.html HTTP/1.0" 200 1887 "http://www.toastpoint.com/haiku/haiku.html" "Wget/1.10.2"
216.183.81.221 - - [21/Feb/2009:20:22:14 -0500] "GET /haiku/haik1995/1995.html HTTP/1.0" 404 693 "http://www.toastpoint.com/haiku/haiku.html" "Wget/1.10.2"
216.183.81.221 - - [21/Feb/2009:20:22:14 -0500] "GET /welcome.html HTTP/1.0" 200 418 "http://www.toastpoint.com/haiku/haiku.html" "Wget/1.10.2"
216.183.81.221 - - [21/Feb/2009:20:22:15 -0500] "GET /limerick/limerick.html HTTP/1.0" 200 2613 "http://www.toastpoint.com/haiku/haiku.html" "Wget/1.10.2"
216.183.81.221 - - [21/Feb/2009:20:22:15 -0500] "GET /fiction/fiction.html HTTP/1.0" 200 2705 "http://www.toastpoint.com/haiku/haiku.html" "Wget/1.10.2"
66.249.65.237 - - [21/Feb/2009:20:45:03 -0500] "GET /haiku/1995/bestof95.html HTTP/1.1" 200 7955 "-" "Mozilla/5.0 (compatible; Googlebot/2.1; +http://www.google.com/bot.html)"
208.111.154.15 - - [21/Feb/2009:21:05:12 -0500] "GET /robots.txt HTTP/1.1" 404 693 "-" "Mozilla/5.0 (compatible; Charlotte/1.1; http://www.searchme.com/support/)"
208.111.154.15 - - [21/Feb/2009:21:14:25 -0500] "GET /robots.txt HTTP/1.1" 404 693 "-" "Mozilla/5.0 (compatible; Charlotte/1.1; http://www.searchme.com/support/)"
32.150.153.16 - - [21/Feb/2009:21:33:20 -0500] "GET /gifs/boobies.gif HTTP/1.1" 200 11144 "http://www.toastpoint.com/limerick/naut199.html" "Mozilla/5.0 (iPhone; U; CPU iPhone OS 2_2 like Mac OS X; en-us) AppleWebKit/525.18.1 (KHTML, like Gecko) Version/3.1.1 Mobile/5G77 Safari/525.20"
32.150.153.16 - - [21/Feb/2009:21:33:20 -0500] "GET /gifs/nakedman.gif HTTP/1.1" 200 7734 "http://www.toastpoint.com/limerick/naut199.html" "Mozilla/5.0 (iPhone; U; CPU iPhone OS 2_2 like Mac OS X; en-us) AppleWebKit/525.18.1 (KHTML, like Gecko) Version/3.1.1 Mobile/5G77 Safari/525.20"
32.150.153.16 - - [21/Feb/2009:21:33:20 -0500] "GET /gifs/goldstar.jpg HTTP/1.1" 200 1854 "http://www.toastpoint.com/limerick/naut199.html" "Mozilla/5.0 (iPhone; U; CPU iPhone OS 2_2 like Mac OS X; en-us) AppleWebKit/525.18.1 (KHTML, like Gecko) Version/3.1.1 Mobile/5G77 Safari/525.20"
32.150.153.16 - - [21/Feb/2009:21:33:19 -0500] "GET /limerick/naut199.html HTTP/1.1" 200 34481 "http://www.google.com/" "Mozilla/5.0 (iPhone; U; CPU iPhone OS 2_2 like Mac OS X; en-us) AppleWebKit/525.18.1 (KHTML, like Gecko) Version/3.1.1 Mobile/5G77 Safari/525.20"
67.195.37.179 - - [21/Feb/2009:22:01:30 -0500] "GET /robots.txt HTTP/1.0" 404 693 "-" "Mozilla/5.0 (compatible; Yahoo! Slurp; http://help.yahoo.com/help/us/ysearch/slurp)"
67.195.37.179 - - [21/Feb/2009:22:01:30 -0500] "GET / HTTP/1.0" 200 464 "-" "Mozilla/5.0 (compatible; Yahoo! DE Slurp; http://help.yahoo.com/help/us/ysearch/slurp)"
67.195.37.179 - - [21/Feb/2009:22:01:31 -0500] "GET /toastpointtopleft.html HTTP/1.0" 200 162 "-" "Mozilla/5.0 (compatible; Yahoo! DE Slurp; http://help.yahoo.com/help/us/ysearch/slurp)"
67.195.37.179 - - [21/Feb/2009:22:01:31 -0500] "GET /toastpointtoc.html HTTP/1.0" 200 1188 "-" "Mozilla/5.0 (compatible; Yahoo! DE Slurp; http://help.yahoo.com/help/us/ysearch/slurp)"
67.195.37.179 - - [21/Feb/2009:22:01:32 -0500] "GET /news.html HTTP/1.0" 304 - "-" "Mozilla/5.0 (compatible; Yahoo! DE Slurp; http://help.yahoo.com/help/us/ysearch/slurp)"
67.195.37.179 - - [21/Feb/2009:22:01:32 -0500] "GET /toastpointtopright.html HTTP/1.0" 200 151 "-" "Mozilla/5.0 (compatible; Yahoo! DE Slurp; http://help.yahoo.com/help/us/ysearch/slurp)"
67.195.37.179 - - [21/Feb/2009:22:01:32 -0500] "GET /tpnews.html HTTP/1.0" 200 8305 "-" "Mozilla/5.0 (compatible; Yahoo! DE Slurp; http://help.yahoo.com/help/us/ysearch/slurp)"
208.111.154.15 - - [21/Feb/2009:22:03:57 -0500] "GET /robots.txt HTTP/1.1" 404 693 "-" "Mozilla/5.0 (compatible; Charlotte/1.1; http://www.searchme.com/support/)"
208.80.194.40 - - [21/Feb/2009:22:15:09 -0500] "GET / HTTP/1.0" 200 464 "-" "Mozilla/4.0 (compatible; MSIE 6.0; Windows NT 5.1; {34426A8D-4D32-A400-36EA-C93F43A35D8E}; ZangoToolbar 4.8.3)"
81.52.143.15 - - [21/Feb/2009:22:36:01 -0500] "GET / HTTP/1.1" 200 464 "-" "Mozilla/5.0 (Windows; U; Windows NT 5.1; fr; rv:1.8.1) VoilaBot BETA 1.2 (support.voilabot@orange-ftgroup.com)"
81.52.143.26 - - [21/Feb/2009:22:36:24 -0500] "GET /prideforallages.html HTTP/1.1" 200 988 "-" "Mozilla/5.0 (Windows; U; Windows NT 5.1; fr; rv:1.8.1) VoilaBot BETA 1.2 (support.voilabot@orange-ftgroup.com)"
81.52.143.15 - - [21/Feb/2009:22:36:30 -0500] "GET /toastpointtopright.html HTTP/1.1" 200 151 "-" "Mozilla/5.0 (Windows; U; Windows NT 5.1; fr; rv:1.8.1) VoilaBot BETA 1.2 (support.voilabot@orange-ftgroup.com)"
81.52.143.15 - - [21/Feb/2009:22:36:30 -0500] "GET /toastpointtopleft.html HTTP/1.1" 200 162 "-" "Mozilla/5.0 (Windows; U; Windows NT 5.1; fr; rv:1.8.1) VoilaBot BETA 1.2 (support.voilabot@orange-ftgroup.com)"
81.52.143.15 - - [21/Feb/2009:22:36:30 -0500] "GET /toastpointtoc.html HTTP/1.1" 200 1188 "-" "Mozilla/5.0 (Windows; U; Windows NT 5.1; fr; rv:1.8.1) VoilaBot BETA 1.2 (support.voilabot@orange-ftgroup.com)"
81.52.143.15 - - [21/Feb/2009:22:36:30 -0500] "GET /news.html HTTP/1.1" 200 17706 "-" "Mozilla/5.0 (Windows; U; Windows NT 5.1; fr; rv:1.8.1) VoilaBot BETA 1.2 (support.voilabot@orange-ftgroup.com)"
81.52.143.15 - - [21/Feb/2009:22:36:30 -0500] "GET /tpnews.html HTTP/1.1" 200 8305 "-" "Mozilla/5.0 (Windows; U; Windows NT 5.1; fr; rv:1.8.1) VoilaBot BETA 1.2 (support.voilabot@orange-ftgroup.com)"
208.111.154.16 - - [21/Feb/2009:22:36:57 -0500] "GET /robots.txt HTTP/1.1" 404 693 "-" "Mozilla/5.0 (compatible; Charlotte/1.1; http://www.searchme.com/support/)"
208.111.154.15 - - [21/Feb/2009:22:40:48 -0500] "GET /robots.txt HTTP/1.1" 404 693 "-" "Mozilla/5.0 (compatible; Charlotte/1.1; http://www.searchme.com/support/)"
208.111.154.15 - - [21/Feb/2009:22:41:03 -0500] "GET /limerick/1998/naut698.html HTTP/1.1" 304 - "-" "Mozilla/5.0 (compatible; Charlotte/1.1; http://www.searchme.com/support/)"
208.111.154.15 - - [21/Feb/2009:22:43:00 -0500] "GET /haiku/1998/haiku298.html HTTP/1.1" 200 35588 "-" "Mozilla/5.0 (compatible; Charlotte/1.1; http://www.searchme.com/support/)"
208.111.154.15 - - [21/Feb/2009:23:12:45 -0500] "GET /robots.txt HTTP/1.1" 404 693 "-" "Mozilla/5.0 (compatible; Charlotte/1.1; http://www.searchme.com/support/)"
66.249.65.233 - - [21/Feb/2009:23:26:00 -0500] "GET /gifs/tpmay2006.png HTTP/1.1" 304 - "-" "Googlebot-Image/1.0"
208.111.154.16 - - [21/Feb/2009:23:30:20 -0500] "GET /robots.txt HTTP/1.1" 404 693 "-" "Mozilla/5.0 (compatible; Charlotte/1.1; http://www.searchme.com/support/)"
18.96.6.192 - - [21/Feb/2009:23:35:14 -0500] "GET /limerick/naut199.html HTTP/1.1" 200 34481 "http://www.google.com/search?client=safari&rls=en-us&q=naughty+limericks&ie=UTF-8&oe=UTF-8" "Mozilla/5.0 (Macintosh; U; Intel Mac OS X 10_5_4; en-us) AppleWebKit/525.18 (KHTML, like Gecko) Version/3.1.2 Safari/525.20.1"
