74.6.76.45 - - [16/Dec/2008:00:21:43 -0500] "GET / HTTP/1.0" 200 464 "-" "Mozilla/5.0 (compatible; Yahoo! DE Slurp; http://help.yahoo.com/help/us/ysearch/slurp)"
74.6.76.45 - - [16/Dec/2008:00:21:45 -0500] "GET /toastpointtopleft.html HTTP/1.0" 200 162 "-" "Mozilla/5.0 (compatible; Yahoo! DE Slurp; http://help.yahoo.com/help/us/ysearch/slurp)"
74.6.76.45 - - [16/Dec/2008:00:21:46 -0500] "GET /toastpointtoc.html HTTP/1.0" 200 1188 "-" "Mozilla/5.0 (compatible; Yahoo! DE Slurp; http://help.yahoo.com/help/us/ysearch/slurp)"
74.6.76.45 - - [16/Dec/2008:00:21:47 -0500] "GET /news.html HTTP/1.0" 200 17706 "-" "Mozilla/5.0 (compatible; Yahoo! DE Slurp; http://help.yahoo.com/help/us/ysearch/slurp)"
74.6.76.45 - - [16/Dec/2008:00:21:49 -0500] "GET /toastpointtopright.html HTTP/1.0" 200 151 "-" "Mozilla/5.0 (compatible; Yahoo! DE Slurp; http://help.yahoo.com/help/us/ysearch/slurp)"
74.6.76.45 - - [16/Dec/2008:00:21:51 -0500] "GET /tpnews.html HTTP/1.0" 200 8305 "-" "Mozilla/5.0 (compatible; Yahoo! DE Slurp; http://help.yahoo.com/help/us/ysearch/slurp)"
71.177.11.58 - - [16/Dec/2008:00:28:41 -0500] "GET /bio.html HTTP/1.1" 200 7868 "-" "Mozilla/5.0 (Windows; U; Windows NT 6.0; en-US; rv:1.9.0.4) Gecko/2008102920 Firefox/3.0.4"
71.177.11.58 - - [16/Dec/2008:00:28:41 -0500] "GET /gifs/mom&dad.jpg HTTP/1.1" 200 6709 "http://www.toastpoint.com/bio.html" "Mozilla/5.0 (Windows; U; Windows NT 6.0; en-US; rv:1.9.0.4) Gecko/2008102920 Firefox/3.0.4"
71.177.11.58 - - [16/Dec/2008:00:28:41 -0500] "GET /gifs/samp.jpg HTTP/1.1" 200 2907 "http://www.toastpoint.com/bio.html" "Mozilla/5.0 (Windows; U; Windows NT 6.0; en-US; rv:1.9.0.4) Gecko/2008102920 Firefox/3.0.4"
71.177.11.58 - - [16/Dec/2008:00:28:41 -0500] "GET /gifs/eric.jpg HTTP/1.1" 200 19411 "http://www.toastpoint.com/bio.html" "Mozilla/5.0 (Windows; U; Windows NT 6.0; en-US; rv:1.9.0.4) Gecko/2008102920 Firefox/3.0.4"
71.177.11.58 - - [16/Dec/2008:00:28:41 -0500] "GET /gifs/leopold.jpg HTTP/1.1" 200 38609 "http://www.toastpoint.com/bio.html" "Mozilla/5.0 (Windows; U; Windows NT 6.0; en-US; rv:1.9.0.4) Gecko/2008102920 Firefox/3.0.4"
71.177.11.58 - - [16/Dec/2008:00:28:42 -0500] "GET /gifs/leopold.jpg HTTP/1.1" 206 34857 "http://images.google.com/imgres?imgurl=http://www.toastpoint.com/gifs/leopold.jpg&imgrefurl=http://www.toastpoint.com/bio.html&h=282&w=428&sz=38&tbnid=g9FOnr71yiG4mM:&tbnh=83&tbnw=126&hl=en&um=1&prev=/images%3Fq%3Dblack%2Bfluffy%2Bcat%26um%3D1%26hl%3Den%26client%3Dfirefox-a%26channel%3Ds%26rls%3Dorg.mozilla:en-US:official%26hs%3DR27%26sa%3DG&frame=small" "Mozilla/5.0 (Windows; U; Windows NT 6.0; en-US; rv:1.9.0.4) Gecko/2008102920 Firefox/3.0.4"
75.83.127.94 - - [16/Dec/2008:00:46:29 -0500] "GET http://www.toastpoint.com/ HTTP/1.0" 200 464 "-" "Mozilla/4.0 (compatible; MSIE 7.0b; Windows NT 6.0)"
75.83.127.94 - - [16/Dec/2008:00:55:56 -0500] "GET http://www.toastpoint.com/ HTTP/1.0" 200 464 "-" "Mozilla/4.0 (compatible; MSIE 7.0b; Windows NT 6.0)"
75.83.127.94 - - [16/Dec/2008:01:02:41 -0500] "GET http://www.toastpoint.com/ HTTP/1.0" 200 464 "-" "Mozilla/4.0 (compatible; MSIE 7.0b; Windows NT 6.0)"
75.83.127.94 - - [16/Dec/2008:01:21:04 -0500] "GET http://www.toastpoint.com/ HTTP/1.0" 200 464 "-" "Mozilla/4.0 (compatible; MSIE 7.0b; Windows NT 6.0)"
193.47.80.45 - - [16/Dec/2008:01:40:16 -0500] "GET /robots.txt HTTP/1.1" 404 693 "-" "Mozilla/5.0 (compatible; Exabot/3.0; +http://www.exabot.com/go/robot)"
193.47.80.45 - - [16/Dec/2008:01:40:17 -0500] "GET /limerick/brady/brady1.html HTTP/1.1" 200 4493 "-" "Mozilla/5.0 (compatible; Exabot/3.0; +http://www.exabot.com/go/robot)"
74.6.8.120 - - [16/Dec/2008:02:20:38 -0500] "GET /robots.txt HTTP/1.0" 404 693 "-" "Mozilla/5.0 (compatible; Yahoo! Slurp; http://help.yahoo.com/help/us/ysearch/slurp)"
74.6.8.120 - - [16/Dec/2008:02:20:39 -0500] "GET /limerick/1995/nautdec.html HTTP/1.0" 200 30430 "-" "Mozilla/5.0 (compatible; Yahoo! Slurp; http://help.yahoo.com/help/us/ysearch/slurp)"
193.47.80.45 - - [16/Dec/2008:02:23:53 -0500] "GET /haiku/1997/haiku397.html HTTP/1.1" 200 42491 "-" "Mozilla/5.0 (compatible; Exabot/3.0; +http://www.exabot.com/go/robot)"
75.83.127.94 - - [16/Dec/2008:03:10:34 -0500] "GET http://www.toastpoint.com/ HTTP/1.0" 200 464 "-" "Mozilla/4.0 (compatible; MSIE 7.0b; Windows NT 6.0)"
208.111.154.15 - - [16/Dec/2008:03:17:29 -0500] "GET /robots.txt HTTP/1.0" 404 693 "-" "Mozilla/5.0 (compatible; Charlotte/1.1; http://www.searchme.com/support/)"
208.111.154.16 - - [16/Dec/2008:03:22:23 -0500] "GET /robots.txt HTTP/1.0" 404 693 "-" "Mozilla/5.0 (compatible; Charlotte/1.1; http://www.searchme.com/support/)"
193.47.80.45 - - [16/Dec/2008:03:27:28 -0500] "GET /haiku/1997/haiku497.html HTTP/1.1" 200 29895 "-" "Mozilla/5.0 (compatible; Exabot/3.0; +http://www.exabot.com/go/robot)"
208.111.154.15 - - [16/Dec/2008:03:56:51 -0500] "GET /robots.txt HTTP/1.0" 404 693 "-" "Mozilla/5.0 (compatible; Charlotte/1.1; http://www.searchme.com/support/)"
208.80.194.39 - - [16/Dec/2008:04:19:50 -0500] "GET / HTTP/1.0" 200 464 "-" "Mozilla/4.0 (compatible; MSIE 6.0; Windows NT 5.1; SV1; FunWebProducts; Assiniboine Community College; InfoPath.1; .NET CLR 1.1.4322; .NET CLR 2.0.50727)"
193.47.80.45 - - [16/Dec/2008:04:34:44 -0500] "GET /haiku/1996/haiku496.html HTTP/1.1" 200 19025 "-" "Mozilla/5.0 (compatible; Exabot/3.0; +http://www.exabot.com/go/robot)"
208.111.154.15 - - [16/Dec/2008:04:48:14 -0500] "GET /robots.txt HTTP/1.0" 404 693 "-" "Mozilla/5.0 (compatible; Charlotte/1.1; http://www.searchme.com/support/)"
208.111.154.15 - - [16/Dec/2008:05:47:07 -0500] "GET /robots.txt HTTP/1.0" 404 693 "-" "Mozilla/5.0 (compatible; Charlotte/1.1; http://www.searchme.com/support/)"
208.111.154.15 - - [16/Dec/2008:05:55:35 -0500] "GET /robots.txt HTTP/1.0" 404 693 "-" "Mozilla/5.0 (compatible; Charlotte/1.1; http://www.searchme.com/support/)"
208.111.154.16 - - [16/Dec/2008:05:55:55 -0500] "GET /limerick/1995/niceaug.html HTTP/1.1" 304 - "-" "Mozilla/5.0 (compatible; Charlotte/1.1; http://www.searchme.com/support/)"
208.111.154.16 - - [16/Dec/2008:06:18:34 -0500] "GET /robots.txt HTTP/1.0" 404 693 "-" "Mozilla/5.0 (compatible; Charlotte/1.1; http://www.searchme.com/support/)"
63.241.3.51 - - [16/Dec/2008:06:37:41 -0500] "GET /limerick/limerick.html HTTP/1.1" 200 2613 "-" "-"
212.219.143.131 - - [16/Dec/2008:06:51:26 -0500] "GET /fiction/novels/peak2.html HTTP/1.1" 200 15955 "http://www.google.co.uk/search?hl=en&q=widows+peak-+the+best+way+to+dress+it+out&meta=" "Mozilla/4.0 (compatible; MSIE 6.0; Windows NT 5.1; SV1; .NET CLR 1.1.4322; InfoPath.1)"
212.219.143.131 - - [16/Dec/2008:06:51:26 -0500] "GET /gifs/paper.gif HTTP/1.1" 200 4756 "http://www.toastpoint.com/fiction/novels/peak2.html" "Mozilla/4.0 (compatible; MSIE 6.0; Windows NT 5.1; SV1; .NET CLR 1.1.4322; InfoPath.1)"
212.219.143.131 - - [16/Dec/2008:06:51:26 -0500] "GET /fiction/novels/wpeak.jpg HTTP/1.1" 200 52861 "http://www.toastpoint.com/fiction/novels/peak2.html" "Mozilla/4.0 (compatible; MSIE 6.0; Windows NT 5.1; SV1; .NET CLR 1.1.4322; InfoPath.1)"
212.219.143.131 - - [16/Dec/2008:06:51:26 -0500] "GET /fiction/novels/petunia.jpg HTTP/1.1" 200 39799 "http://www.toastpoint.com/fiction/novels/peak2.html" "Mozilla/4.0 (compatible; MSIE 6.0; Windows NT 5.1; SV1; .NET CLR 1.1.4322; InfoPath.1)"
208.111.154.15 - - [16/Dec/2008:06:56:42 -0500] "GET /robots.txt HTTP/1.0" 404 693 "-" "Mozilla/5.0 (compatible; Charlotte/1.1; http://www.searchme.com/support/)"
193.47.80.45 - - [16/Dec/2008:07:00:49 -0500] "GET /fiction/fict299.html HTTP/1.1" 200 38635 "-" "Mozilla/5.0 (compatible; Exabot/3.0; +http://www.exabot.com/go/robot)"
65.55.232.19 - - [16/Dec/2008:07:21:43 -0500] "GET /limerick/1996/nice896.html HTTP/1.1" 304 - "-" "msnbot/1.1 (+http://search.msn.com/msnbot.htm)"
208.111.154.15 - - [16/Dec/2008:07:24:39 -0500] "GET /robots.txt HTTP/1.0" 404 693 "-" "Mozilla/5.0 (compatible; Charlotte/1.1; http://www.searchme.com/support/)"
208.111.154.15 - - [16/Dec/2008:07:24:59 -0500] "GET /fiction/fict97/fict97.html HTTP/1.1" 200 1536 "-" "Mozilla/5.0 (compatible; Charlotte/1.1; http://www.searchme.com/support/)"
75.83.127.94 - - [16/Dec/2008:07:44:49 -0500] "GET http://www.toastpoint.com/ HTTP/1.0" 200 464 "-" "Mozilla/4.0 (compatible; MSIE 7.0b; Windows NT 6.0)"
75.83.127.94 - - [16/Dec/2008:07:45:30 -0500] "GET http://www.toastpoint.com/ HTTP/1.0" 200 464 "-" "Mozilla/4.0 (compatible; MSIE 7.0b; Windows NT 6.0)"
75.83.127.94 - - [16/Dec/2008:07:47:02 -0500] "GET http://www.toastpoint.com/ HTTP/1.0" 200 464 "-" "Mozilla/4.0 (compatible; MSIE 7.0b; Windows NT 6.0)"
75.83.127.94 - - [16/Dec/2008:07:47:42 -0500] "GET http://www.toastpoint.com/ HTTP/1.0" 200 464 "-" "Mozilla/4.0 (compatible; MSIE 7.0b; Windows NT 6.0)"
208.111.154.16 - - [16/Dec/2008:08:13:14 -0500] "GET /robots.txt HTTP/1.0" 404 693 "-" "Mozilla/5.0 (compatible; Charlotte/1.1; http://www.searchme.com/support/)"
208.111.154.16 - - [16/Dec/2008:08:51:30 -0500] "GET /robots.txt HTTP/1.0" 404 693 "-" "Mozilla/5.0 (compatible; Charlotte/1.1; http://www.searchme.com/support/)"
74.6.25.246 - - [16/Dec/2008:09:01:43 -0500] "GET /robots.txt HTTP/1.0" 404 693 "-" "Mozilla/5.0 (compatible; Yahoo! Slurp; http://help.yahoo.com/help/us/ysearch/slurp)"
74.6.30.119 - - [16/Dec/2008:09:01:43 -0500] "GET /haiku/haiku.html HTTP/1.0" 200 2147 "-" "Mozilla/5.0 (compatible; Yahoo! DE Slurp; http://help.yahoo.com/help/us/ysearch/slurp)"
208.111.154.15 - - [16/Dec/2008:09:05:07 -0500] "GET /robots.txt HTTP/1.0" 404 693 "-" "Mozilla/5.0 (compatible; Charlotte/1.1; http://www.searchme.com/support/)"
66.249.65.232 - - [16/Dec/2008:09:16:37 -0500] "GET /robots.txt HTTP/1.1" 404 693 "-" "Nokia6820/2.0 (4.83) Profile/MIDP-1.0 Configuration/CLDC-1.0 (compatible; Googlebot-Mobile/2.1; +http://www.google.com/bot.html)"
66.249.65.232 - - [16/Dec/2008:09:16:37 -0500] "GET /haiku/1995/haikusep.html HTTP/1.1" 200 5645 "-" "Nokia6820/2.0 (4.83) Profile/MIDP-1.0 Configuration/CLDC-1.0 (compatible; Googlebot-Mobile/2.1; +http://www.google.com/bot.html)"
208.111.154.15 - - [16/Dec/2008:09:20:02 -0500] "GET /robots.txt HTTP/1.0" 404 693 "-" "Mozilla/5.0 (compatible; Charlotte/1.1; http://www.searchme.com/support/)"
208.111.154.15 - - [16/Dec/2008:09:20:12 -0500] "GET /robots.txt HTTP/1.0" 404 693 "-" "Mozilla/5.0 (compatible; Charlotte/1.1; http://www.searchme.com/support/)"
208.111.154.15 - - [16/Dec/2008:09:20:32 -0500] "GET /limerick/brady/brady96.html HTTP/1.1" 200 6418 "-" "Mozilla/5.0 (compatible; Charlotte/1.1; http://www.searchme.com/support/)"
72.189.67.177 - - [16/Dec/2008:10:02:48 -0500] "GET /gifs/quill1.gif HTTP/1.1" 200 4312 "http://www.toastpoint.com/fiction/fict98/fict298.html" "Mozilla/5.0 (Windows; U; Windows NT 5.1; en-US; rv:1.9.0.4) Gecko/2008102920 Firefox/3.0.4"
72.189.67.177 - - [16/Dec/2008:10:02:48 -0500] "GET /gifs/paper.gif HTTP/1.1" 200 4756 "http://www.toastpoint.com/fiction/fict98/fict298.html" "Mozilla/5.0 (Windows; U; Windows NT 5.1; en-US; rv:1.9.0.4) Gecko/2008102920 Firefox/3.0.4"
72.189.67.177 - - [16/Dec/2008:10:02:48 -0500] "GET /fiction/fict98/fict298.html HTTP/1.1" 200 37545 "http://www.google.com/search?hl=en&client=firefox-a&rls=org.mozilla:en-US:official&q=norma+deplume&start=40&sa=N" "Mozilla/5.0 (Windows; U; Windows NT 5.1; en-US; rv:1.9.0.4) Gecko/2008102920 Firefox/3.0.4"
72.189.67.177 - - [16/Dec/2008:10:02:48 -0500] "GET /gifs/quill2.gif HTTP/1.1" 200 4300 "http://www.toastpoint.com/fiction/fict98/fict298.html" "Mozilla/5.0 (Windows; U; Windows NT 5.1; en-US; rv:1.9.0.4) Gecko/2008102920 Firefox/3.0.4"
72.189.67.177 - - [16/Dec/2008:10:02:48 -0500] "GET /gifs/star3.gif HTTP/1.1" 200 1536 "http://www.toastpoint.com/fiction/fict98/fict298.html" "Mozilla/5.0 (Windows; U; Windows NT 5.1; en-US; rv:1.9.0.4) Gecko/2008102920 Firefox/3.0.4"
72.189.67.177 - - [16/Dec/2008:10:02:49 -0500] "GET /favicon.ico HTTP/1.1" 404 693 "-" "Mozilla/5.0 (Windows; U; Windows NT 5.1; en-US; rv:1.9.0.4) Gecko/2008102920 Firefox/3.0.4"
72.189.67.177 - - [16/Dec/2008:10:02:52 -0500] "GET /favicon.ico HTTP/1.1" 404 693 "-" "Mozilla/5.0 (Windows; U; Windows NT 5.1; en-US; rv:1.9.0.4) Gecko/2008102920 Firefox/3.0.4"
208.111.154.15 - - [16/Dec/2008:10:06:04 -0500] "GET /robots.txt HTTP/1.0" 404 693 "-" "Mozilla/5.0 (compatible; Charlotte/1.1; http://www.searchme.com/support/)"
208.111.154.16 - - [16/Dec/2008:10:13:21 -0500] "GET /robots.txt HTTP/1.0" 404 693 "-" "Mozilla/5.0 (compatible; Charlotte/1.1; http://www.searchme.com/support/)"
67.131.78.2 - - [16/Dec/2008:10:45:39 -0500] "GET /gifs/boobies.gif HTTP/1.1" 200 11144 "http://www.toastpoint.com/limerick/naut199.html" "Mozilla/4.0 (compatible; MSIE 7.0; Windows NT 6.0; SLCC1; .NET CLR 2.0.50727; .NET CLR 3.0.04506)"
67.131.78.2 - - [16/Dec/2008:10:45:36 -0500] "GET /limerick/naut199.html HTTP/1.1" 200 34481 "http://www.google.com/search?sourceid=navclient&ie=UTF-8&rlz=1T4DMUS_enUS304US305&q=naughty+limericks" "Mozilla/4.0 (compatible; MSIE 7.0; Windows NT 6.0; SLCC1; .NET CLR 2.0.50727; .NET CLR 3.0.04506)"
67.131.78.2 - - [16/Dec/2008:10:45:40 -0500] "GET /gifs/nakedman.gif HTTP/1.1" 200 7734 "http://www.toastpoint.com/limerick/naut199.html" "Mozilla/4.0 (compatible; MSIE 7.0; Windows NT 6.0; SLCC1; .NET CLR 2.0.50727; .NET CLR 3.0.04506)"
67.131.78.2 - - [16/Dec/2008:10:45:40 -0500] "GET /gifs/goldstar.jpg HTTP/1.1" 200 1854 "http://www.toastpoint.com/limerick/naut199.html" "Mozilla/4.0 (compatible; MSIE 7.0; Windows NT 6.0; SLCC1; .NET CLR 2.0.50727; .NET CLR 3.0.04506)"
67.131.78.2 - - [16/Dec/2008:10:45:41 -0500] "GET /favicon.ico HTTP/1.1" 404 693 "-" "Mozilla/4.0 (compatible; MSIE 7.0; Windows NT 6.0; SLCC1; .NET CLR 2.0.50727; .NET CLR 3.0.04506)"
208.111.154.16 - - [16/Dec/2008:11:18:16 -0500] "GET /robots.txt HTTP/1.0" 404 693 "-" "Mozilla/5.0 (compatible; Charlotte/1.1; http://www.searchme.com/support/)"
208.111.154.15 - - [16/Dec/2008:11:58:48 -0500] "GET /robots.txt HTTP/1.0" 404 693 "-" "Mozilla/5.0 (compatible; Charlotte/1.1; http://www.searchme.com/support/)"
117.196.143.236 - - [16/Dec/2008:12:06:24 -0500] "GET /limerick/1995/nautsept.html HTTP/1.1" 200 7977 "http://www.google.co.in/search?hl=en&rlz=1G1GGLQ_ENIN307&q=the+camel+limerick&btnG=Search&meta=" "Mozilla/5.0 (Windows; U; Windows NT 5.1; en-US) AppleWebKit/525.19 (KHTML, like Gecko) Chrome/1.0.154.36 Safari/525.19"
117.196.143.236 - - [16/Dec/2008:12:06:25 -0500] "GET /gifs/goldstar.jpg HTTP/1.1" 200 1854 "http://www.toastpoint.com/limerick/1995/nautsept.html" "Mozilla/5.0 (Windows; U; Windows NT 5.1; en-US) AppleWebKit/525.19 (KHTML, like Gecko) Chrome/1.0.154.36 Safari/525.19"
117.196.143.236 - - [16/Dec/2008:12:06:26 -0500] "GET /favicon.ico HTTP/1.1" 404 693 "-" "Mozilla/5.0 (Windows; U; Windows NT 5.1; en-US) AppleWebKit/525.19 (KHTML, like Gecko) Chrome/1.0.154.36 Safari/525.19"
208.111.154.248 - - [16/Dec/2008:12:24:31 -0500] "GET /limerick/1995/nicejune.html HTTP/1.1" 200 1710 "-" "Mozilla/5.0 (X11; U; Linux i686 (x86_64); en-US; rv:1.8.1.18) Gecko/20081203 Firefox/2.0.0.18"
208.111.154.248 - - [16/Dec/2008:12:24:32 -0500] "GET /gifs/goldstar.jpg HTTP/1.1" 200 1854 "http://www.toastpoint.com/limerick/1995/nicejune.html" "Mozilla/5.0 (X11; U; Linux i686 (x86_64); en-US; rv:1.8.1.18) Gecko/20081203 Firefox/2.0.0.18"
208.111.154.248 - - [16/Dec/2008:12:24:32 -0500] "GET /favicon.ico HTTP/1.1" 404 693 "-" "Mozilla/5.0 (X11; U; Linux i686 (x86_64); en-US; rv:1.8.1.18) Gecko/20081203 Firefox/2.0.0.18"
66.235.124.8 - - [16/Dec/2008:12:24:59 -0500] "GET /robots.txt HTTP/1.1" 404 693 "-" "Mozilla/5.0 (compatible; Ask Jeeves/Teoma; +http://about.ask.com/en/docs/about/webmasters.shtml)"
66.235.124.8 - - [16/Dec/2008:12:25:04 -0500] "GET /limerick/1995/nautsept.html HTTP/1.1" 200 7977 "-" "Mozilla/5.0 (compatible; Ask Jeeves/Teoma; +http://about.ask.com/en/docs/about/webmasters.shtml)"
66.235.124.54 - - [16/Dec/2008:12:32:31 -0500] "GET /robots.txt HTTP/1.0" 404 693 "-" "Mozilla/5.0 (compatible; Ask Jeeves/Teoma; +http://about.ask.com/en/docs/about/webmasters.shtml)"
66.235.124.54 - - [16/Dec/2008:12:32:31 -0500] "GET /limerick/docs/formhint.html HTTP/1.0" 200 2522 "-" "Mozilla/5.0 (compatible; Ask Jeeves/Teoma; +http://about.ask.com/en/docs/about/webmasters.shtml)"
66.235.124.8 - - [16/Dec/2008:12:32:47 -0500] "GET /haiku/haiku499.html HTTP/1.1" 200 54815 "-" "Mozilla/5.0 (compatible; Ask Jeeves/Teoma; +http://about.ask.com/en/docs/about/webmasters.shtml)"
66.235.124.8 - - [16/Dec/2008:12:35:25 -0500] "GET /limerick/1996/nice296.html HTTP/1.1" 200 9047 "-" "Mozilla/5.0 (compatible; Ask Jeeves/Teoma; +http://about.ask.com/en/docs/about/webmasters.shtml)"
208.111.154.16 - - [16/Dec/2008:12:36:26 -0500] "GET /robots.txt HTTP/1.0" 404 693 "-" "Mozilla/5.0 (compatible; Charlotte/1.1; http://www.searchme.com/support/)"
66.235.124.8 - - [16/Dec/2008:12:37:17 -0500] "GET /limerick/naut299.html HTTP/1.1" 200 23095 "-" "Mozilla/5.0 (compatible; Ask Jeeves/Teoma; +http://about.ask.com/en/docs/about/webmasters.shtml)"
124.115.10.193 - - [16/Dec/2008:12:43:08 -0500] "GET / HTTP/1.1" 200 464 "http://www.toastpoint.com/" "Mozilla/4.0 (compatible; MSIE 6.0; Windows NT 5.1)"
66.235.124.8 - - [16/Dec/2008:12:43:10 -0500] "GET /limerick/1996/bestnaut.html HTTP/1.1" 200 19352 "-" "Mozilla/5.0 (compatible; Ask Jeeves/Teoma; +http://about.ask.com/en/docs/about/webmasters.shtml)"
124.115.10.193 - - [16/Dec/2008:12:43:23 -0500] "GET /toastpointtopleft.html HTTP/1.1" 200 162 "http://www.toastpoint.com/toastpointtopleft.html" "Mozilla/4.0 (compatible; MSIE 6.0; Windows NT 5.1)"
124.115.10.193 - - [16/Dec/2008:12:43:23 -0500] "GET /toastpointtoc.html HTTP/1.1" 200 1188 "http://www.toastpoint.com/toastpointtoc.html" "Mozilla/4.0 (compatible; MSIE 6.0; Windows NT 5.1)"
124.115.10.193 - - [16/Dec/2008:12:43:24 -0500] "GET /news.html HTTP/1.1" 200 17706 "http://www.toastpoint.com/news.html" "Mozilla/4.0 (compatible; MSIE 6.0; Windows NT 5.1)"
124.115.10.193 - - [16/Dec/2008:12:43:29 -0500] "GET /toastpointtopright.html HTTP/1.1" 200 151 "http://www.toastpoint.com/toastpointtopright.html" "Mozilla/4.0 (compatible; MSIE 6.0; Windows NT 5.1)"
124.115.10.193 - - [16/Dec/2008:12:43:31 -0500] "GET /tpnews.html HTTP/1.1" 200 8305 "http://www.toastpoint.com/tpnews.html" "Mozilla/4.0 (compatible; MSIE 6.0; Windows NT 5.1)"
202.83.51.63 - - [16/Dec/2008:12:54:43 -0500] "GET /gifs/goldstar.jpg HTTP/1.1" 200 1854 "http://www.toastpoint.com/limerick/1998/naut198.html" "Mozilla/4.0 (compatible; MSIE 6.0; Windows NT 5.1; SV1; FunWebProducts)"
202.83.51.63 - - [16/Dec/2008:12:54:43 -0500] "GET /gifs/mouthf1.jpg HTTP/1.1" 200 3650 "http://www.toastpoint.com/limerick/1998/naut198.html" "Mozilla/4.0 (compatible; MSIE 6.0; Windows NT 5.1; SV1; FunWebProducts)"
202.83.51.63 - - [16/Dec/2008:12:54:43 -0500] "GET /gifs/banana.jpg HTTP/1.1" 200 4139 "http://www.toastpoint.com/limerick/1998/naut198.html" "Mozilla/4.0 (compatible; MSIE 6.0; Windows NT 5.1; SV1; FunWebProducts)"
202.83.51.63 - - [16/Dec/2008:12:54:42 -0500] "GET /limerick/1998/naut198.html HTTP/1.1" 200 38022 "-" "Mozilla/4.0 (compatible; MSIE 6.0; Windows NT 5.1; SV1; FunWebProducts)"
208.111.154.16 - - [16/Dec/2008:13:02:13 -0500] "GET /robots.txt HTTP/1.0" 404 693 "-" "Mozilla/5.0 (compatible; Charlotte/1.1; http://www.searchme.com/support/)"
124.115.1.66 - - [16/Dec/2008:13:09:24 -0500] "GET / HTTP/1.1" 200 464 "http://www.toastpoint.com/" "Mozilla/4.0 (compatible; MSIE 6.0; Windows NT 5.1)"
124.115.1.66 - - [16/Dec/2008:13:09:37 -0500] "GET /toastpointtopleft.html HTTP/1.1" 200 162 "http://www.toastpoint.com/toastpointtopleft.html" "Mozilla/4.0 (compatible; MSIE 6.0; Windows NT 5.1)"
124.115.1.66 - - [16/Dec/2008:13:09:38 -0500] "GET /toastpointtoc.html HTTP/1.1" 200 1188 "http://www.toastpoint.com/toastpointtoc.html" "Mozilla/4.0 (compatible; MSIE 6.0; Windows NT 5.1)"
124.115.1.66 - - [16/Dec/2008:13:09:39 -0500] "GET /news.html HTTP/1.1" 200 17706 "http://www.toastpoint.com/news.html" "Mozilla/4.0 (compatible; MSIE 6.0; Windows NT 5.1)"
124.115.1.66 - - [16/Dec/2008:13:09:40 -0500] "GET /toastpointtopright.html HTTP/1.1" 200 151 "http://www.toastpoint.com/toastpointtopright.html" "Mozilla/4.0 (compatible; MSIE 6.0; Windows NT 5.1)"
124.115.1.66 - - [16/Dec/2008:13:09:41 -0500] "GET /tpnews.html HTTP/1.1" 200 8305 "http://www.toastpoint.com/tpnews.html" "Mozilla/4.0 (compatible; MSIE 6.0; Windows NT 5.1)"
75.83.127.94 - - [16/Dec/2008:13:42:05 -0500] "GET http://www.toastpoint.com/ HTTP/1.0" 200 464 "-" "Mozilla/4.0 (compatible; MSIE 7.0b; Windows NT 6.0)"
75.83.127.94 - - [16/Dec/2008:13:42:38 -0500] "GET http://www.toastpoint.com/ HTTP/1.0" 200 464 "-" "Mozilla/4.0 (compatible; MSIE 7.0b; Windows NT 6.0)"
75.83.127.94 - - [16/Dec/2008:13:43:01 -0500] "GET http://www.toastpoint.com/ HTTP/1.0" 200 464 "-" "Mozilla/4.0 (compatible; MSIE 7.0b; Windows NT 6.0)"
75.83.127.94 - - [16/Dec/2008:13:44:52 -0500] "GET http://www.toastpoint.com/ HTTP/1.0" 200 464 "-" "Mozilla/4.0 (compatible; MSIE 7.0b; Windows NT 6.0)"
66.235.124.8 - - [16/Dec/2008:14:04:50 -0500] "GET /limerick/1998/naut198.html HTTP/1.1" 200 38022 "-" "Mozilla/5.0 (compatible; Ask Jeeves/Teoma; +http://about.ask.com/en/docs/about/webmasters.shtml)"
66.235.124.8 - - [16/Dec/2008:14:06:44 -0500] "GET /fiction/fict9596/fict196.html HTTP/1.1" 200 12060 "-" "Mozilla/5.0 (compatible; Ask Jeeves/Teoma; +http://about.ask.com/en/docs/about/webmasters.shtml)"
123.69.100.225 - - [16/Dec/2008:14:12:16 -0500] "GET / HTTP/1.1" 200 464 "-" "Mozilla/4.0(compatible; MSIE 5.0; Windows 98; DigExt)"
71.215.242.144 - - [16/Dec/2008:14:21:36 -0500] "GET /favicon.ico HTTP/1.1" 404 693 "-" "Mozilla/5.0 (Windows; U; Windows NT 5.1; en-US; rv:1.9.0.4) Gecko/2008102920 Firefox/3.0.4"
71.215.242.144 - - [16/Dec/2008:14:21:36 -0500] "GET / HTTP/1.1" 200 464 "-" "Mozilla/5.0 (Windows; U; Windows NT 5.1; en-US; rv:1.9.0.4) Gecko/2008102920 Firefox/3.0.4"
71.215.242.144 - - [16/Dec/2008:14:21:37 -0500] "GET /toastpointtopleft.html HTTP/1.1" 200 162 "http://www.toastpoint.com/" "Mozilla/5.0 (Windows; U; Windows NT 5.1; en-US; rv:1.9.0.4) Gecko/2008102920 Firefox/3.0.4"
71.215.242.144 - - [16/Dec/2008:14:21:37 -0500] "GET /toastpointtoc.html HTTP/1.1" 200 1188 "http://www.toastpoint.com/" "Mozilla/5.0 (Windows; U; Windows NT 5.1; en-US; rv:1.9.0.4) Gecko/2008102920 Firefox/3.0.4"
71.215.242.144 - - [16/Dec/2008:14:21:37 -0500] "GET /news.html HTTP/1.1" 200 17706 "http://www.toastpoint.com/" "Mozilla/5.0 (Windows; U; Windows NT 5.1; en-US; rv:1.9.0.4) Gecko/2008102920 Firefox/3.0.4"
71.215.242.144 - - [16/Dec/2008:14:21:37 -0500] "GET /toastpointtopright.html HTTP/1.1" 200 151 "http://www.toastpoint.com/" "Mozilla/5.0 (Windows; U; Windows NT 5.1; en-US; rv:1.9.0.4) Gecko/2008102920 Firefox/3.0.4"
71.215.242.144 - - [16/Dec/2008:14:21:37 -0500] "GET /tpnews.html HTTP/1.1" 200 8305 "http://www.toastpoint.com/" "Mozilla/5.0 (Windows; U; Windows NT 5.1; en-US; rv:1.9.0.4) Gecko/2008102920 Firefox/3.0.4"
71.215.242.144 - - [16/Dec/2008:14:21:37 -0500] "GET /gifs/tpwinter20089.jpg HTTP/1.1" 200 28088 "http://www.toastpoint.com/news.html" "Mozilla/5.0 (Windows; U; Windows NT 5.1; en-US; rv:1.9.0.4) Gecko/2008102920 Firefox/3.0.4"
71.215.242.144 - - [16/Dec/2008:14:21:39 -0500] "GET /favicon.ico HTTP/1.1" 404 693 "-" "Mozilla/5.0 (Windows; U; Windows NT 5.1; en-US; rv:1.9.0.4) Gecko/2008102920 Firefox/3.0.4"
71.215.242.144 - - [16/Dec/2008:14:21:39 -0500] "GET /favicon.ico HTTP/1.1" 404 693 "-" "Mozilla/5.0 (Windows; U; Windows NT 5.1; en-US; rv:1.9.0.4) Gecko/2008102920 Firefox/3.0.4"
208.111.154.16 - - [16/Dec/2008:14:28:48 -0500] "GET /robots.txt HTTP/1.0" 404 693 "-" "Mozilla/5.0 (compatible; Charlotte/1.1; http://www.searchme.com/support/)"
208.111.154.15 - - [16/Dec/2008:14:41:29 -0500] "GET /robots.txt HTTP/1.0" 404 693 "-" "Mozilla/5.0 (compatible; Charlotte/1.1; http://www.searchme.com/support/)"
208.111.154.16 - - [16/Dec/2008:14:45:12 -0500] "GET /robots.txt HTTP/1.0" 404 693 "-" "Mozilla/5.0 (compatible; Charlotte/1.1; http://www.searchme.com/support/)"
66.235.124.8 - - [16/Dec/2008:15:14:23 -0500] "GET /limerick/1998/naut998.html HTTP/1.1" 200 35543 "-" "Mozilla/5.0 (compatible; Ask Jeeves/Teoma; +http://about.ask.com/en/docs/about/webmasters.shtml)"
137.241.250.101 - - [16/Dec/2008:15:17:34 -0500] "GET /fiction/fiction.html HTTP/1.1" 200 2705 "http://www.google.com/search?hl=en&q=bad+fiction+contest&aq=0&oq=bad+fiction" "Mozilla/4.0 (compatible; MSIE 6.0; Windows NT 5.1; SV1; .NET CLR 2.0.50727; .NET CLR 1.1.4322; InfoPath.2)"
137.241.250.101 - - [16/Dec/2008:15:17:35 -0500] "GET /gifs/paper.gif HTTP/1.1" 200 4756 "http://www.toastpoint.com/fiction/fiction.html" "Mozilla/4.0 (compatible; MSIE 6.0; Windows NT 5.1; SV1; .NET CLR 2.0.50727; .NET CLR 1.1.4322; InfoPath.2)"
137.241.250.101 - - [16/Dec/2008:15:17:35 -0500] "GET /gifs/quill1.gif HTTP/1.1" 200 4312 "http://www.toastpoint.com/fiction/fiction.html" "Mozilla/4.0 (compatible; MSIE 6.0; Windows NT 5.1; SV1; .NET CLR 2.0.50727; .NET CLR 1.1.4322; InfoPath.2)"
137.241.250.101 - - [16/Dec/2008:15:17:35 -0500] "GET /gifs/quill2.gif HTTP/1.1" 200 4300 "http://www.toastpoint.com/fiction/fiction.html" "Mozilla/4.0 (compatible; MSIE 6.0; Windows NT 5.1; SV1; .NET CLR 2.0.50727; .NET CLR 1.1.4322; InfoPath.2)"
137.241.250.101 - - [16/Dec/2008:15:17:37 -0500] "GET /fiction/fict599.html HTTP/1.1" 200 7512 "http://www.toastpoint.com/fiction/fiction.html" "Mozilla/4.0 (compatible; MSIE 6.0; Windows NT 5.1; SV1; .NET CLR 2.0.50727; .NET CLR 1.1.4322; InfoPath.2)"
137.241.250.101 - - [16/Dec/2008:15:17:37 -0500] "GET /gifs/star3.gif HTTP/1.1" 200 1536 "http://www.toastpoint.com/fiction/fict599.html" "Mozilla/4.0 (compatible; MSIE 6.0; Windows NT 5.1; SV1; .NET CLR 2.0.50727; .NET CLR 1.1.4322; InfoPath.2)"
137.241.250.101 - - [16/Dec/2008:15:17:44 -0500] "GET /fiction/fict399.html HTTP/1.1" 200 27729 "http://www.toastpoint.com/fiction/fiction.html" "Mozilla/4.0 (compatible; MSIE 6.0; Windows NT 5.1; SV1; .NET CLR 2.0.50727; .NET CLR 1.1.4322; InfoPath.2)"
137.241.250.101 - - [16/Dec/2008:15:17:44 -0500] "GET /fiction/crabthb.gif HTTP/1.1" 200 20571 "http://www.toastpoint.com/fiction/fict399.html" "Mozilla/4.0 (compatible; MSIE 6.0; Windows NT 5.1; SV1; .NET CLR 2.0.50727; .NET CLR 1.1.4322; InfoPath.2)"
137.241.250.101 - - [16/Dec/2008:15:17:47 -0500] "GET /fiction/coupthb.gif HTTP/1.1" 200 16353 "http://www.toastpoint.com/fiction/fict299.html" "Mozilla/4.0 (compatible; MSIE 6.0; Windows NT 5.1; SV1; .NET CLR 2.0.50727; .NET CLR 1.1.4322; InfoPath.2)"
137.241.250.101 - - [16/Dec/2008:15:17:47 -0500] "GET /fiction/fict299.html HTTP/1.1" 200 38635 "http://www.toastpoint.com/fiction/fiction.html" "Mozilla/4.0 (compatible; MSIE 6.0; Windows NT 5.1; SV1; .NET CLR 2.0.50727; .NET CLR 1.1.4322; InfoPath.2)"
137.241.250.101 - - [16/Dec/2008:15:17:47 -0500] "GET /fiction/tyrolthb.gif HTTP/1.1" 200 13216 "http://www.toastpoint.com/fiction/fict299.html" "Mozilla/4.0 (compatible; MSIE 6.0; Windows NT 5.1; SV1; .NET CLR 2.0.50727; .NET CLR 1.1.4322; InfoPath.2)"
137.241.250.101 - - [16/Dec/2008:15:17:55 -0500] "GET /fiction/fict199.html HTTP/1.1" 200 21503 "http://www.toastpoint.com/fiction/fiction.html" "Mozilla/4.0 (compatible; MSIE 6.0; Windows NT 5.1; SV1; .NET CLR 2.0.50727; .NET CLR 1.1.4322; InfoPath.2)"
137.241.250.101 - - [16/Dec/2008:15:18:00 -0500] "GET /fiction/fict98/fict98.html HTTP/1.1" 200 1540 "http://www.toastpoint.com/fiction/fiction.html" "Mozilla/4.0 (compatible; MSIE 6.0; Windows NT 5.1; SV1; .NET CLR 2.0.50727; .NET CLR 1.1.4322; InfoPath.2)"
137.241.250.101 - - [16/Dec/2008:15:18:01 -0500] "GET /gifs/quill.gif HTTP/1.1" 200 4312 "http://www.toastpoint.com/fiction/fict98/fict98.html" "Mozilla/4.0 (compatible; MSIE 6.0; Windows NT 5.1; SV1; .NET CLR 2.0.50727; .NET CLR 1.1.4322; InfoPath.2)"
137.241.250.101 - - [16/Dec/2008:15:18:05 -0500] "GET /fiction/fict97/fict97.html HTTP/1.1" 200 1536 "http://www.toastpoint.com/fiction/fiction.html" "Mozilla/4.0 (compatible; MSIE 6.0; Windows NT 5.1; SV1; .NET CLR 2.0.50727; .NET CLR 1.1.4322; InfoPath.2)"
137.241.250.101 - - [16/Dec/2008:15:18:11 -0500] "GET /fiction/fict97/fict1197.html HTTP/1.1" 200 12283 "http://www.toastpoint.com/fiction/fict97/fict97.html" "Mozilla/4.0 (compatible; MSIE 6.0; Windows NT 5.1; SV1; .NET CLR 2.0.50727; .NET CLR 1.1.4322; InfoPath.2)"
137.241.250.101 - - [16/Dec/2008:15:18:23 -0500] "GET /fiction/fict97/fict297.html HTTP/1.1" 200 8467 "http://www.toastpoint.com/fiction/fict97/fict97.html" "Mozilla/4.0 (compatible; MSIE 6.0; Windows NT 5.1; SV1; .NET CLR 2.0.50727; .NET CLR 1.1.4322; InfoPath.2)"
137.241.250.101 - - [16/Dec/2008:15:18:54 -0500] "GET /fiction/fict97/fict197.html HTTP/1.1" 200 17226 "http://www.toastpoint.com/fiction/fict97/fict97.html" "Mozilla/4.0 (compatible; MSIE 6.0; Windows NT 5.1; SV1; .NET CLR 2.0.50727; .NET CLR 1.1.4322; InfoPath.2)"
137.241.250.101 - - [16/Dec/2008:15:19:21 -0500] "GET /fiction/fict97/fict997.html HTTP/1.1" 200 4230 "http://www.toastpoint.com/fiction/fict97/fict97.html" "Mozilla/4.0 (compatible; MSIE 6.0; Windows NT 5.1; SV1; .NET CLR 2.0.50727; .NET CLR 1.1.4322; InfoPath.2)"
64.1.215.164 - - [16/Dec/2008:16:08:53 -0500] "GET /limerick/1997/naut497.html HTTP/1.0" 200 43346 "-" "Mozilla/5.0 (Twiceler-0.9 http://www.cuil.com/twiceler/robot.html)"
208.111.154.16 - - [16/Dec/2008:16:20:48 -0500] "GET /robots.txt HTTP/1.0" 404 693 "-" "Mozilla/5.0 (compatible; Charlotte/1.1; http://www.searchme.com/support/)"
65.55.210.6 - - [16/Dec/2008:16:44:34 -0500] "GET /robots.txt HTTP/1.1" 404 693 "-" "msnbot/1.1 (+http://search.msn.com/msnbot.htm)"
65.55.210.6 - - [16/Dec/2008:16:44:35 -0500] "GET /haiku/haik1995/1995.html HTTP/1.1" 404 693 "-" "msnbot/1.1 (+http://search.msn.com/msnbot.htm)"
66.235.124.8 - - [16/Dec/2008:17:24:48 -0500] "GET /haiku/haiku.html HTTP/1.1" 200 2147 "-" "Mozilla/5.0 (compatible; Ask Jeeves/Teoma; +http://about.ask.com/en/docs/about/webmasters.shtml)"
208.111.154.16 - - [16/Dec/2008:18:00:56 -0500] "GET /robots.txt HTTP/1.0" 404 693 "-" "Mozilla/5.0 (compatible; Charlotte/1.1; http://www.searchme.com/support/)"
208.111.154.16 - - [16/Dec/2008:18:05:24 -0500] "GET /robots.txt HTTP/1.0" 404 693 "-" "Mozilla/5.0 (compatible; Charlotte/1.1; http://www.searchme.com/support/)"
208.111.154.15 - - [16/Dec/2008:18:14:02 -0500] "GET /robots.txt HTTP/1.0" 404 693 "-" "Mozilla/5.0 (compatible; Charlotte/1.1; http://www.searchme.com/support/)"
66.235.124.8 - - [16/Dec/2008:18:27:36 -0500] "GET /limerick/1997/nice497.html HTTP/1.1" 200 30916 "-" "Mozilla/5.0 (compatible; Ask Jeeves/Teoma; +http://about.ask.com/en/docs/about/webmasters.shtml)"
74.6.28.104 - - [16/Dec/2008:18:33:05 -0500] "GET /robots.txt HTTP/1.0" 404 693 "-" "Mozilla/5.0 (compatible; Yahoo! Slurp; http://help.yahoo.com/help/us/ysearch/slurp)"
74.6.30.101 - - [16/Dec/2008:18:33:06 -0500] "GET / HTTP/1.0" 200 464 "-" "Mozilla/5.0 (compatible; Yahoo! DE Slurp; http://help.yahoo.com/help/us/ysearch/slurp)"
74.6.30.101 - - [16/Dec/2008:18:33:06 -0500] "GET /toastpointtopleft.html HTTP/1.0" 200 162 "-" "Mozilla/5.0 (compatible; Yahoo! DE Slurp; http://help.yahoo.com/help/us/ysearch/slurp)"
74.6.30.101 - - [16/Dec/2008:18:33:06 -0500] "GET /toastpointtoc.html HTTP/1.0" 200 1188 "-" "Mozilla/5.0 (compatible; Yahoo! DE Slurp; http://help.yahoo.com/help/us/ysearch/slurp)"
74.6.30.101 - - [16/Dec/2008:18:33:07 -0500] "GET /news.html HTTP/1.0" 200 17706 "-" "Mozilla/5.0 (compatible; Yahoo! DE Slurp; http://help.yahoo.com/help/us/ysearch/slurp)"
74.6.30.101 - - [16/Dec/2008:18:33:07 -0500] "GET /toastpointtopright.html HTTP/1.0" 200 151 "-" "Mozilla/5.0 (compatible; Yahoo! DE Slurp; http://help.yahoo.com/help/us/ysearch/slurp)"
74.6.30.101 - - [16/Dec/2008:18:33:07 -0500] "GET /tpnews.html HTTP/1.0" 200 8305 "-" "Mozilla/5.0 (compatible; Yahoo! DE Slurp; http://help.yahoo.com/help/us/ysearch/slurp)"
201.159.5.2 - - [16/Dec/2008:18:33:48 -0500] "GET /favicon.ico HTTP/1.1" 404 693 "-" "Mozilla/5.0 (Windows; U; Windows NT 5.1; es-ES; rv:1.9.0.4) Gecko/2008102920 Firefox/3.0.4"
66.235.124.8 - - [16/Dec/2008:18:57:10 -0500] "GET /rapture/hogwartssorcerer.txt HTTP/1.1" 200 12877 "-" "Mozilla/5.0 (compatible; Ask Jeeves/Teoma; +http://about.ask.com/en/docs/about/webmasters.shtml)"
90.218.233.40 - - [16/Dec/2008:19:30:24 -0500] "GET /gifs/japan.gif HTTP/1.1" 200 5737 "http://www.toastpoint.com/haiku/haiku499.html" "Mozilla/5.0 (Windows; U; Windows NT 5.1; en-GB; rv:1.9.0.4) Gecko/2008102920 Firefox/3.0.4"
90.218.233.40 - - [16/Dec/2008:19:30:24 -0500] "GET /gifs/goldstar.jpg HTTP/1.1" 200 1854 "http://www.toastpoint.com/haiku/haiku499.html" "Mozilla/5.0 (Windows; U; Windows NT 5.1; en-GB; rv:1.9.0.4) Gecko/2008102920 Firefox/3.0.4"
90.218.233.40 - - [16/Dec/2008:19:30:24 -0500] "GET /gifs/blank.jpg HTTP/1.1" 200 705 "http://www.toastpoint.com/haiku/haiku499.html" "Mozilla/5.0 (Windows; U; Windows NT 5.1; en-GB; rv:1.9.0.4) Gecko/2008102920 Firefox/3.0.4"
90.218.233.40 - - [16/Dec/2008:19:30:23 -0500] "GET /haiku/haiku499.html HTTP/1.1" 200 54815 "-" "Mozilla/5.0 (Windows; U; Windows NT 5.1; en-GB; rv:1.9.0.4) Gecko/2008102920 Firefox/3.0.4"
90.218.233.40 - - [16/Dec/2008:19:30:25 -0500] "GET /favicon.ico HTTP/1.1" 404 693 "-" "Mozilla/5.0 (Windows; U; Windows NT 5.1; en-GB; rv:1.9.0.4) Gecko/2008102920 Firefox/3.0.4"
90.218.233.40 - - [16/Dec/2008:19:30:26 -0500] "GET /favicon.ico HTTP/1.1" 404 693 "-" "Mozilla/5.0 (Windows; U; Windows NT 5.1; en-GB; rv:1.9.0.4) Gecko/2008102920 Firefox/3.0.4"
90.218.233.40 - - [16/Dec/2008:19:30:26 -0500] "GET /favicon.ico HTTP/1.1" 404 693 "-" "Mozilla/5.0 (Windows; U; Windows NT 5.1; en-GB; rv:1.9.0.4) Gecko/2008102920 Firefox/3.0.4"
66.235.124.8 - - [16/Dec/2008:19:35:46 -0500] "GET /haiku/1998/haiku798.html HTTP/1.1" 200 74969 "-" "Mozilla/5.0 (compatible; Ask Jeeves/Teoma; +http://about.ask.com/en/docs/about/webmasters.shtml)"
66.235.124.8 - - [16/Dec/2008:19:51:35 -0500] "GET /limerick/1996/nice696.html HTTP/1.1" 200 7043 "-" "Mozilla/5.0 (compatible; Ask Jeeves/Teoma; +http://about.ask.com/en/docs/about/webmasters.shtml)"
67.195.37.158 - - [16/Dec/2008:20:16:50 -0500] "GET /robots.txt HTTP/1.0" 404 693 "-" "Mozilla/5.0 (compatible; Yahoo! Slurp; http://help.yahoo.com/help/us/ysearch/slurp)"
67.195.37.158 - - [16/Dec/2008:20:16:51 -0500] "GET / HTTP/1.0" 200 464 "-" "Mozilla/5.0 (compatible; Yahoo! DE Slurp; http://help.yahoo.com/help/us/ysearch/slurp)"
67.195.37.158 - - [16/Dec/2008:20:16:52 -0500] "GET /toastpointtopleft.html HTTP/1.0" 200 162 "-" "Mozilla/5.0 (compatible; Yahoo! DE Slurp; http://help.yahoo.com/help/us/ysearch/slurp)"
67.195.37.158 - - [16/Dec/2008:20:16:52 -0500] "GET /toastpointtoc.html HTTP/1.0" 200 1188 "-" "Mozilla/5.0 (compatible; Yahoo! DE Slurp; http://help.yahoo.com/help/us/ysearch/slurp)"
67.195.37.158 - - [16/Dec/2008:20:16:53 -0500] "GET /news.html HTTP/1.0" 200 17706 "-" "Mozilla/5.0 (compatible; Yahoo! DE Slurp; http://help.yahoo.com/help/us/ysearch/slurp)"
67.195.37.158 - - [16/Dec/2008:20:16:54 -0500] "GET /toastpointtopright.html HTTP/1.0" 200 151 "-" "Mozilla/5.0 (compatible; Yahoo! DE Slurp; http://help.yahoo.com/help/us/ysearch/slurp)"
67.195.37.158 - - [16/Dec/2008:20:16:55 -0500] "GET /tpnews.html HTTP/1.0" 200 8305 "-" "Mozilla/5.0 (compatible; Yahoo! DE Slurp; http://help.yahoo.com/help/us/ysearch/slurp)"
66.235.124.8 - - [16/Dec/2008:20:22:21 -0500] "GET /haiku/haiku199.html HTTP/1.1" 200 34287 "-" "Mozilla/5.0 (compatible; Ask Jeeves/Teoma; +http://about.ask.com/en/docs/about/webmasters.shtml)"
66.235.124.8 - - [16/Dec/2008:20:25:35 -0500] "GET /limerick/nice199.html HTTP/1.1" 200 25313 "-" "Mozilla/5.0 (compatible; Ask Jeeves/Teoma; +http://about.ask.com/en/docs/about/webmasters.shtml)"
66.235.124.8 - - [16/Dec/2008:20:42:59 -0500] "GET /limerick/1995/nautjune.html HTTP/1.1" 200 3274 "-" "Mozilla/5.0 (compatible; Ask Jeeves/Teoma; +http://about.ask.com/en/docs/about/webmasters.shtml)"
64.1.215.164 - - [16/Dec/2008:20:45:29 -0500] "GET /haiku/haiku399.html HTTP/1.0" 200 75208 "-" "Mozilla/5.0 (Twiceler-0.9 http://www.cuil.com/twiceler/robot.html)"
38.100.41.107 - - [16/Dec/2008:20:55:13 -0500] "GET / HTTP/1.1" 200 464 "-" "Mozilla/4.0 (compatible; MSIE 7.0;  Windows NT 5.2)"
38.100.41.107 - - [16/Dec/2008:20:55:23 -0500] "GET /news.html HTTP/1.1" 200 17706 "http://www.toastpoint.com/" "Mozilla/4.0 (compatible; MSIE 7.0;  Windows NT 5.2)"
38.100.41.107 - - [16/Dec/2008:20:55:23 -0500] "GET /toastpointtopright.html HTTP/1.1" 200 151 "http://www.toastpoint.com/" "Mozilla/4.0 (compatible; MSIE 7.0;  Windows NT 5.2)"
38.100.41.107 - - [16/Dec/2008:20:55:23 -0500] "GET /toastpointtoc.html HTTP/1.1" 200 1188 "http://www.toastpoint.com/" "Mozilla/4.0 (compatible; MSIE 7.0;  Windows NT 5.2)"
38.100.41.107 - - [16/Dec/2008:20:55:23 -0500] "GET /tpnews.html HTTP/1.1" 200 8305 "http://www.toastpoint.com/" "Mozilla/4.0 (compatible; MSIE 7.0;  Windows NT 5.2)"
38.100.41.107 - - [16/Dec/2008:20:55:23 -0500] "GET /toastpointtopleft.html HTTP/1.1" 200 162 "http://www.toastpoint.com/" "Mozilla/4.0 (compatible; MSIE 7.0;  Windows NT 5.2)"
38.100.41.107 - - [16/Dec/2008:20:55:48 -0500] "GET /gifs/pastheaders.html HTTP/1.1" 200 1264 "http://www.toastpoint.com/news.html" "Mozilla/4.0 (compatible; MSIE 7.0;  Windows NT 5.2)"
38.100.41.107 - - [16/Dec/2008:20:55:48 -0500] "GET /travel/buxton2006.html HTTP/1.1" 200 1963 "http://www.toastpoint.com/news.html" "Mozilla/4.0 (compatible; MSIE 7.0;  Windows NT 5.2)"
38.100.41.107 - - [16/Dec/2008:20:55:48 -0500] "GET /whytoastpoint.html HTTP/1.1" 200 605 "http://www.toastpoint.com/toastpointtoc.html" "Mozilla/4.0 (compatible; MSIE 7.0;  Windows NT 5.2)"
38.100.41.107 - - [16/Dec/2008:20:55:48 -0500] "GET /midi/midi.html HTTP/1.1" 200 3163 "http://www.toastpoint.com/toastpointtoc.html" "Mozilla/4.0 (compatible; MSIE 7.0;  Windows NT 5.2)"
38.100.41.107 - - [16/Dec/2008:20:55:49 -0500] "GET /ponder.html HTTP/1.1" 200 3441 "http://www.toastpoint.com/toastpointtoc.html" "Mozilla/4.0 (compatible; MSIE 7.0;  Windows NT 5.2)"
38.100.41.107 - - [16/Dec/2008:20:55:49 -0500] "GET /links.html HTTP/1.1" 200 4252 "http://www.toastpoint.com/toastpointtoc.html" "Mozilla/4.0 (compatible; MSIE 7.0;  Windows NT 5.2)"
38.100.41.107 - - [16/Dec/2008:20:55:49 -0500] "GET /photo.html HTTP/1.1" 200 4228 "http://www.toastpoint.com/toastpointtoc.html" "Mozilla/4.0 (compatible; MSIE 7.0;  Windows NT 5.2)"
38.100.41.107 - - [16/Dec/2008:20:55:49 -0500] "GET /bio.html HTTP/1.1" 200 7868 "http://www.toastpoint.com/news.html" "Mozilla/4.0 (compatible; MSIE 7.0;  Windows NT 5.2)"
38.100.41.107 - - [16/Dec/2008:20:55:49 -0500] "GET /contests.html HTTP/1.1" 200 1230 "http://www.toastpoint.com/toastpointtoc.html" "Mozilla/4.0 (compatible; MSIE 7.0;  Windows NT 5.2)"
38.100.41.107 - - [16/Dec/2008:20:55:49 -0500] "GET /rapture/rapture.html HTTP/1.1" 200 22564 "http://www.toastpoint.com/toastpointtoc.html" "Mozilla/4.0 (compatible; MSIE 7.0;  Windows NT 5.2)"
38.100.41.107 - - [16/Dec/2008:20:55:50 -0500] "GET /wumpus.html HTTP/1.1" 200 566 "http://www.toastpoint.com/toastpointtoc.html" "Mozilla/4.0 (compatible; MSIE 7.0;  Windows NT 5.2)"
38.100.41.107 - - [16/Dec/2008:20:55:50 -0500] "GET /travel/italy2008.html HTTP/1.1" 200 35184 "http://www.toastpoint.com/tpnews.html" "Mozilla/4.0 (compatible; MSIE 7.0;  Windows NT 5.2)"
38.100.41.107 - - [16/Dec/2008:20:55:50 -0500] "GET /prideforallages.html HTTP/1.1" 200 988 "http://www.toastpoint.com/tpnews.html" "Mozilla/4.0 (compatible; MSIE 7.0;  Windows NT 5.2)"
38.100.41.107 - - [16/Dec/2008:20:56:22 -0500] "GET /prideandjoy.html HTTP/1.1" 200 4887 "http://www.toastpoint.com/bio.html" "Mozilla/4.0 (compatible; MSIE 7.0;  Windows NT 5.2)"
38.100.41.107 - - [16/Dec/2008:20:56:22 -0500] "GET /limerick/limerick.html HTTP/1.1" 200 2613 "http://www.toastpoint.com/ponder.html" "Mozilla/4.0 (compatible; MSIE 7.0;  Windows NT 5.2)"
38.100.41.107 - - [16/Dec/2008:20:56:22 -0500] "GET /writing/english.html HTTP/1.1" 200 4064 "http://www.toastpoint.com/ponder.html" "Mozilla/4.0 (compatible; MSIE 7.0;  Windows NT 5.2)"
38.100.41.107 - - [16/Dec/2008:20:56:22 -0500] "GET /writing/sept11.html HTTP/1.1" 200 17233 "http://www.toastpoint.com/ponder.html" "Mozilla/4.0 (compatible; MSIE 7.0;  Windows NT 5.2)"
38.100.41.107 - - [16/Dec/2008:20:56:22 -0500] "GET /fiction/fiction.html HTTP/1.1" 200 2705 "http://www.toastpoint.com/ponder.html" "Mozilla/4.0 (compatible; MSIE 7.0;  Windows NT 5.2)"
38.100.41.107 - - [16/Dec/2008:20:56:22 -0500] "GET /writing/fancy.html HTTP/1.1" 200 4720 "http://www.toastpoint.com/ponder.html" "Mozilla/4.0 (compatible; MSIE 7.0;  Windows NT 5.2)"
38.100.41.107 - - [16/Dec/2008:20:56:22 -0500] "GET /haiku/haiku.html HTTP/1.1" 200 2147 "http://www.toastpoint.com/ponder.html" "Mozilla/4.0 (compatible; MSIE 7.0;  Windows NT 5.2)"
38.100.41.107 - - [16/Dec/2008:20:56:22 -0500] "GET /index.html HTTP/1.1" 200 464 "http://www.toastpoint.com/bio.html" "Mozilla/4.0 (compatible; MSIE 7.0;  Windows NT 5.2)"
38.100.41.107 - - [16/Dec/2008:20:56:22 -0500] "GET /writing/funny.html HTTP/1.1" 200 6412 "http://www.toastpoint.com/ponder.html" "Mozilla/4.0 (compatible; MSIE 7.0;  Windows NT 5.2)"
38.100.41.107 - - [16/Dec/2008:20:56:22 -0500] "GET /writing/computer.html HTTP/1.1" 200 6946 "http://www.toastpoint.com/ponder.html" "Mozilla/4.0 (compatible; MSIE 7.0;  Windows NT 5.2)"
38.100.41.107 - - [16/Dec/2008:20:56:24 -0500] "GET /writing/kyw.html HTTP/1.1" 200 3576 "http://www.toastpoint.com/ponder.html" "Mozilla/4.0 (compatible; MSIE 7.0;  Windows NT 5.2)"
38.100.41.107 - - [16/Dec/2008:20:56:25 -0500] "GET /writing/pumpkin.html HTTP/1.1" 200 3677 "http://www.toastpoint.com/ponder.html" "Mozilla/4.0 (compatible; MSIE 7.0;  Windows NT 5.2)"
38.100.41.107 - - [16/Dec/2008:20:56:25 -0500] "GET /writing/pride.html HTTP/1.1" 200 9029 "http://www.toastpoint.com/ponder.html" "Mozilla/4.0 (compatible; MSIE 7.0;  Windows NT 5.2)"
38.100.41.107 - - [16/Dec/2008:20:56:25 -0500] "GET /travel/alaska2004.html HTTP/1.1" 200 4572 "http://www.toastpoint.com/photo.html" "Mozilla/4.0 (compatible; MSIE 7.0;  Windows NT 5.2)"
38.100.41.107 - - [16/Dec/2008:20:56:25 -0500] "GET /travel/bermuda2006.html HTTP/1.1" 200 706 "http://www.toastpoint.com/photo.html" "Mozilla/4.0 (compatible; MSIE 7.0;  Windows NT 5.2)"
38.100.41.107 - - [16/Dec/2008:20:56:25 -0500] "GET /travel/scotland2001.html HTTP/1.1" 200 1042 "http://www.toastpoint.com/photo.html" "Mozilla/4.0 (compatible; MSIE 7.0;  Windows NT 5.2)"
38.100.41.107 - - [16/Dec/2008:20:56:25 -0500] "GET /travel/novascotia-pei2005.html HTTP/1.1" 200 735 "http://www.toastpoint.com/photo.html" "Mozilla/4.0 (compatible; MSIE 7.0;  Windows NT 5.2)"
38.100.41.107 - - [16/Dec/2008:20:56:25 -0500] "GET /conthist.html HTTP/1.1" 200 2351 "http://www.toastpoint.com/contests.html" "Mozilla/4.0 (compatible; MSIE 7.0;  Windows NT 5.2)"
38.100.41.107 - - [16/Dec/2008:20:56:25 -0500] "GET /rapture/ HTTP/1.1" 403 563 "http://www.toastpoint.com/rapture/rapture.html" "Mozilla/4.0 (compatible; MSIE 7.0;  Windows NT 5.2)"
38.100.41.107 - - [16/Dec/2008:20:56:25 -0500] "GET /rapture/hagss.html HTTP/1.1" 200 594 "http://www.toastpoint.com/rapture/rapture.html" "Mozilla/4.0 (compatible; MSIE 7.0;  Windows NT 5.2)"
38.100.41.107 - - [16/Dec/2008:20:56:28 -0500] "GET /rapture/welcome.html HTTP/1.1" 404 693 "http://www.toastpoint.com/rapture/rapture.html" "Mozilla/4.0 (compatible; MSIE 7.0;  Windows NT 5.2)"
38.100.41.107 - - [16/Dec/2008:20:56:28 -0500] "GET /welcome.html HTTP/1.1" 200 418 "http://www.toastpoint.com/prideforallages.html" "Mozilla/4.0 (compatible; MSIE 7.0;  Windows NT 5.2)"
38.100.41.107 - - [16/Dec/2008:20:57:34 -0500] "GET /limerick/1995/1995.html HTTP/1.1" 200 1428 "http://www.toastpoint.com/limerick/limerick.html" "Mozilla/4.0 (compatible; MSIE 7.0;  Windows NT 5.2)"
38.100.41.107 - - [16/Dec/2008:20:57:35 -0500] "GET /limerick/nice399.html HTTP/1.1" 200 31092 "http://www.toastpoint.com/limerick/limerick.html" "Mozilla/4.0 (compatible; MSIE 7.0;  Windows NT 5.2)"
38.100.41.107 - - [16/Dec/2008:20:57:35 -0500] "GET /limerick/nice599.html HTTP/1.1" 200 26033 "http://www.toastpoint.com/limerick/limerick.html" "Mozilla/4.0 (compatible; MSIE 7.0;  Windows NT 5.2)"
38.100.41.107 - - [16/Dec/2008:20:57:35 -0500] "GET /limerick/nice499.html HTTP/1.1" 200 24193 "http://www.toastpoint.com/limerick/limerick.html" "Mozilla/4.0 (compatible; MSIE 7.0;  Windows NT 5.2)"
38.100.41.107 - - [16/Dec/2008:20:57:35 -0500] "GET /limerick/1997/lim1997.html HTTP/1.1" 200 1925 "http://www.toastpoint.com/limerick/limerick.html" "Mozilla/4.0 (compatible; MSIE 7.0;  Windows NT 5.2)"
38.100.41.107 - - [16/Dec/2008:20:57:35 -0500] "GET /limerick/1998/lim1998.html HTTP/1.1" 200 2041 "http://www.toastpoint.com/limerick/limerick.html" "Mozilla/4.0 (compatible; MSIE 7.0;  Windows NT 5.2)"
38.100.41.107 - - [16/Dec/2008:20:57:35 -0500] "GET /limerick/nice299.html HTTP/1.1" 200 28130 "http://www.toastpoint.com/limerick/limerick.html" "Mozilla/4.0 (compatible; MSIE 7.0;  Windows NT 5.2)"
38.100.41.107 - - [16/Dec/2008:20:57:35 -0500] "GET /limerick/1996/lim1996.html HTTP/1.1" 200 2072 "http://www.toastpoint.com/limerick/limerick.html" "Mozilla/4.0 (compatible; MSIE 7.0;  Windows NT 5.2)"
38.100.41.107 - - [16/Dec/2008:20:57:35 -0500] "GET /limerick/nice199.html HTTP/1.1" 200 25313 "http://www.toastpoint.com/limerick/limerick.html" "Mozilla/4.0 (compatible; MSIE 7.0;  Windows NT 5.2)"
81.52.143.26 - - [16/Dec/2008:21:12:18 -0500] "GET /prideforallages.html HTTP/1.1" 200 988 "-" "Mozilla/5.0 (Windows; U; Windows NT 5.1; fr; rv:1.8.1) VoilaBot BETA 1.2 (support.voilabot@orange-ftgroup.com)"
74.173.39.11 - - [16/Dec/2008:21:24:39 -0500] "GET /favicon.ico HTTP/1.1" 404 693 "-" "Mozilla/4.0 (compatible; MSIE 7.0; Windows NT 6.0; FunWebProducts; SLCC1; .NET CLR 2.0.50727; .NET CLR 3.0.04506; InfoPath.2; .NET CLR 1.1.4322)"
74.173.39.11 - - [16/Dec/2008:21:24:39 -0500] "GET /haiku/haiku.html HTTP/1.1" 200 2147 "http://www.haiku.com/joku.html" "Mozilla/4.0 (compatible; MSIE 7.0; Windows NT 6.0; FunWebProducts; SLCC1; .NET CLR 2.0.50727; .NET CLR 3.0.04506; InfoPath.2; .NET CLR 1.1.4322)"
74.173.39.11 - - [16/Dec/2008:21:24:39 -0500] "GET /gifs/japan.gif HTTP/1.1" 200 5737 "http://www.toastpoint.com/haiku/haiku.html" "Mozilla/4.0 (compatible; MSIE 7.0; Windows NT 6.0; FunWebProducts; SLCC1; .NET CLR 2.0.50727; .NET CLR 3.0.04506; InfoPath.2; .NET CLR 1.1.4322)"
74.173.39.11 - - [16/Dec/2008:21:24:54 -0500] "GET /haiku/1998/haik1998.html HTTP/1.1" 200 2178 "http://www.toastpoint.com/haiku/haiku.html" "Mozilla/4.0 (compatible; MSIE 7.0; Windows NT 6.0; FunWebProducts; SLCC1; .NET CLR 2.0.50727; .NET CLR 3.0.04506; InfoPath.2; .NET CLR 1.1.4322)"
74.173.39.11 - - [16/Dec/2008:21:25:02 -0500] "GET /haiku/1998/haiku498.html HTTP/1.1" 200 33616 "http://www.toastpoint.com/haiku/1998/haik1998.html" "Mozilla/4.0 (compatible; MSIE 7.0; Windows NT 6.0; FunWebProducts; SLCC1; .NET CLR 2.0.50727; .NET CLR 3.0.04506; InfoPath.2; .NET CLR 1.1.4322)"
74.173.39.11 - - [16/Dec/2008:21:25:03 -0500] "GET /gifs/goldstar.jpg HTTP/1.1" 200 1854 "http://www.toastpoint.com/haiku/1998/haiku498.html" "Mozilla/4.0 (compatible; MSIE 7.0; Windows NT 6.0; FunWebProducts; SLCC1; .NET CLR 2.0.50727; .NET CLR 3.0.04506; InfoPath.2; .NET CLR 1.1.4322)"
74.173.39.11 - - [16/Dec/2008:21:25:52 -0500] "GET /gifs/blank.jpg HTTP/1.1" 200 705 "http://www.toastpoint.com/haiku/haiku299.html" "Mozilla/4.0 (compatible; MSIE 7.0; Windows NT 6.0; FunWebProducts; SLCC1; .NET CLR 2.0.50727; .NET CLR 3.0.04506; InfoPath.2; .NET CLR 1.1.4322)"
74.173.39.11 - - [16/Dec/2008:21:25:51 -0500] "GET /haiku/haiku299.html HTTP/1.1" 200 68017 "http://www.toastpoint.com/haiku/haiku.html" "Mozilla/4.0 (compatible; MSIE 7.0; Windows NT 6.0; FunWebProducts; SLCC1; .NET CLR 2.0.50727; .NET CLR 3.0.04506; InfoPath.2; .NET CLR 1.1.4322)"
67.202.43.229 - - [16/Dec/2008:21:45:29 -0500] "GET /robots.txt HTTP/1.0" 404 693 "-" "ia_archiver (+http://www.alexa.com/site/help/webmasters; crawler@alexa.com)"
67.202.43.229 - - [16/Dec/2008:21:45:29 -0500] "GET /limerick/nice299.html HTTP/1.0" 200 28130 "-" "ia_archiver (+http://www.alexa.com/site/help/webmasters; crawler@alexa.com)"
65.55.209.254 - - [16/Dec/2008:21:45:46 -0500] "GET /robots.txt HTTP/1.1" 404 693 "-" "msnbot/1.1 (+http://search.msn.com/msnbot.htm)"
65.55.209.254 - - [16/Dec/2008:21:45:46 -0500] "GET /midi/midi.html HTTP/1.1" 200 3163 "-" "msnbot/1.1 (+http://search.msn.com/msnbot.htm)"
67.195.37.158 - - [16/Dec/2008:21:54:30 -0500] "GET /haiku/haiku.html HTTP/1.0" 200 2147 "-" "Mozilla/5.0 (compatible; Yahoo! DE Slurp; http://help.yahoo.com/help/us/ysearch/slurp)"
66.235.124.8 - - [16/Dec/2008:21:59:41 -0500] "GET /writing/pride.html HTTP/1.1" 200 9029 "-" "Mozilla/5.0 (compatible; Ask Jeeves/Teoma; +http://about.ask.com/en/docs/about/webmasters.shtml)"
196.25.255.246 - - [16/Dec/2008:22:12:29 -0500] "GET /limerick/1998/naut198.html HTTP/1.1" 200 38022 "-" "Mozilla/4.0 (compatible; MSIE 6.0; Windows NT 5.1; SV1; Hotbar4.4.1.1415; .NET CLR 1.1.4322; .NET CLR 2.0.50727)"
198.54.202.226 - - [16/Dec/2008:22:12:31 -0500] "GET /gifs/banana.jpg HTTP/1.1" 200 4139 "http://www.toastpoint.com/limerick/1998/naut198.html" "Mozilla/4.0 (compatible; MSIE 6.0; Windows NT 5.1; SV1; Hotbar4.4.1.1415; .NET CLR 1.1.4322; .NET CLR 2.0.50727)"
198.54.202.250 - - [16/Dec/2008:22:12:32 -0500] "GET /gifs/goldstar.jpg HTTP/1.1" 200 1854 "http://www.toastpoint.com/limerick/1998/naut198.html" "Mozilla/4.0 (compatible; MSIE 6.0; Windows NT 5.1; SV1; Hotbar4.4.1.1415; .NET CLR 1.1.4322; .NET CLR 2.0.50727)"
193.47.80.45 - - [16/Dec/2008:22:17:29 -0500] "GET /limerick/1997/naut1097.html HTTP/1.1" 200 35530 "-" "Mozilla/5.0 (compatible; Exabot/3.0; +http://www.exabot.com/go/robot)"
98.27.161.191 - - [16/Dec/2008:22:31:33 -0500] "GET /gifs/boobies.gif HTTP/1.1" 200 11144 "http://www.toastpoint.com/limerick/naut199.html" "Mozilla/4.0 (compatible; MSIE 7.0; Windows NT 5.1; .NET CLR 1.1.4322; .NET CLR 2.0.50727; .NET CLR 3.0.04506.30)"
