63.114.24.9 - - [09/Jan/2009:18:45:39 -0500] "GET /tpnews.html HTTP/1.1" 200 8305 "http://www.toastpoint.com/" "Mozilla/4.0 (compatible; MSIE 7.0; Windows NT 5.1; .NET CLR 1.1.4322; .NET CLR 2.0.50727; FDM; .NET CLR 3.0.04506.30; .NET CLR 1.0.3705; .NET CLR 3.0.04506.648; MS-RTC LM 8; InfoPath.2)"
63.114.24.9 - - [09/Jan/2009:18:45:39 -0500] "GET /gifs/tpwinter20089.jpg HTTP/1.1" 200 28088 "http://www.toastpoint.com/news.html" "Mozilla/4.0 (compatible; MSIE 7.0; Windows NT 5.1; .NET CLR 1.1.4322; .NET CLR 2.0.50727; FDM; .NET CLR 3.0.04506.30; .NET CLR 1.0.3705; .NET CLR 3.0.04506.648; MS-RTC LM 8; InfoPath.2)"
98.165.84.17 - - [09/Jan/2009:18:46:57 -0500] "GET /favicon.ico HTTP/1.1" 404 693 "-" "Mozilla/5.0 (Windows; U; Windows NT 5.1; en-US; rv:1.8.1.18) Gecko/20081029 Firefox/2.0.0.18"
98.165.84.17 - - [09/Jan/2009:18:46:57 -0500] "GET /limerick/nice299.html HTTP/1.1" 200 28130 "-" "Mozilla/5.0 (Windows; U; Windows NT 5.1; en-US; rv:1.8.1.18) Gecko/20081029 Firefox/2.0.0.18"
98.165.84.17 - - [09/Jan/2009:18:46:58 -0500] "GET /gifs/birdumb.gif HTTP/1.1" 200 4704 "http://www.toastpoint.com/limerick/nice299.html" "Mozilla/5.0 (Windows; U; Windows NT 5.1; en-US; rv:1.8.1.18) Gecko/20081029 Firefox/2.0.0.18"
98.165.84.17 - - [09/Jan/2009:18:46:58 -0500] "GET /gifs/birdumb2.gif HTTP/1.1" 200 4698 "http://www.toastpoint.com/limerick/nice299.html" "Mozilla/5.0 (Windows; U; Windows NT 5.1; en-US; rv:1.8.1.18) Gecko/20081029 Firefox/2.0.0.18"
98.165.84.17 - - [09/Jan/2009:18:46:58 -0500] "GET /gifs/goldstar.jpg HTTP/1.1" 200 1854 "http://www.toastpoint.com/limerick/nice299.html" "Mozilla/5.0 (Windows; U; Windows NT 5.1; en-US; rv:1.8.1.18) Gecko/20081029 Firefox/2.0.0.18"
208.115.138.254 - - [09/Jan/2009:19:07:13 -0500] "GET / HTTP/1.1" 200 464 "-" "Mozilla/4.0"
71.169.44.180 - - [09/Jan/2009:19:07:16 -0500] "GET / HTTP/1.1" 200 464 "-" "Mozilla/4.0 (compatible; MSIE 6.0; Windows NT 5.1; SV1; .NET CLR 1.1.4322; .NET CLR 2.0.50727)"
208.115.138.254 - - [09/Jan/2009:19:07:17 -0500] "GET /toastpointtoc.html HTTP/1.1" 200 1188 "-" "Mozilla/4.0"
208.115.138.254 - - [09/Jan/2009:19:07:17 -0500] "GET /toastpointtopleft.html HTTP/1.1" 200 162 "-" "Mozilla/4.0"
71.169.44.180 - - [09/Jan/2009:19:07:17 -0500] "GET /toastpointtoc.html HTTP/1.1" 200 1188 "http://www.toastpoint.com/" "Mozilla/4.0 (compatible; MSIE 6.0; Windows NT 5.1; SV1; .NET CLR 1.1.4322; .NET CLR 2.0.50727)"
71.169.44.180 - - [09/Jan/2009:19:07:17 -0500] "GET /news.html HTTP/1.1" 200 17706 "http://www.toastpoint.com/" "Mozilla/4.0 (compatible; MSIE 6.0; Windows NT 5.1; SV1; .NET CLR 1.1.4322; .NET CLR 2.0.50727)"
71.169.44.180 - - [09/Jan/2009:19:07:17 -0500] "GET /toastpointtopright.html HTTP/1.1" 200 151 "http://www.toastpoint.com/" "Mozilla/4.0 (compatible; MSIE 6.0; Windows NT 5.1; SV1; .NET CLR 1.1.4322; .NET CLR 2.0.50727)"
71.169.44.180 - - [09/Jan/2009:19:07:17 -0500] "GET /toastpointtopleft.html HTTP/1.1" 200 162 "http://www.toastpoint.com/" "Mozilla/4.0 (compatible; MSIE 6.0; Windows NT 5.1; SV1; .NET CLR 1.1.4322; .NET CLR 2.0.50727)"
71.169.44.180 - - [09/Jan/2009:19:07:17 -0500] "GET /tpnews.html HTTP/1.1" 200 8305 "http://www.toastpoint.com/" "Mozilla/4.0 (compatible; MSIE 6.0; Windows NT 5.1; SV1; .NET CLR 1.1.4322; .NET CLR 2.0.50727)"
71.169.44.180 - - [09/Jan/2009:19:07:20 -0500] "GET /gifs/tpwinter20089.jpg HTTP/1.1" 200 28088 "http://www.toastpoint.com/news.html" "Mozilla/4.0 (compatible; MSIE 6.0; Windows NT 5.1; SV1; .NET CLR 1.1.4322; .NET CLR 2.0.50727)"
71.169.44.180 - - [09/Jan/2009:19:08:05 -0500] "GET /photo.html HTTP/1.1" 200 4228 "http://www.toastpoint.com/toastpointtoc.html" "Mozilla/4.0 (compatible; MSIE 6.0; Windows NT 5.1; SV1; .NET CLR 1.1.4322; .NET CLR 2.0.50727)"
208.115.138.254 - - [09/Jan/2009:19:08:14 -0500] "GET /travel/bermuda2006.html HTTP/1.1" 200 706 "-" "Mozilla/4.0"
71.169.44.180 - - [09/Jan/2009:19:08:14 -0500] "GET /travel/bermuda2006.html HTTP/1.1" 200 706 "http://www.toastpoint.com/photo.html" "Mozilla/4.0 (compatible; MSIE 6.0; Windows NT 5.1; SV1; .NET CLR 1.1.4322; .NET CLR 2.0.50727)"
72.14.199.86 - - [09/Jan/2009:19:12:52 -0500] "GET /limerick/brady/brady97.html HTTP/1.1" 200 10474 "-" "DoCoMo/2.0 N905i(c100;TB;W24H16) (compatible; Googlebot-Mobile/2.1; +http://www.google.com/bot.html)"
64.1.215.164 - - [09/Jan/2009:19:27:52 -0500] "GET /fiction/fict9596/fict896.html HTTP/1.0" 200 27993 "-" "Mozilla/5.0 (Twiceler-0.9 http://www.cuil.com/twiceler/robot.html)"
81.52.143.26 - - [09/Jan/2009:19:32:42 -0500] "GET /prideforallages.html HTTP/1.1" 200 988 "-" "Mozilla/5.0 (Windows; U; Windows NT 5.1; fr; rv:1.8.1) VoilaBot BETA 1.2 (support.voilabot@orange-ftgroup.com)"
64.1.215.164 - - [09/Jan/2009:20:07:49 -0500] "GET /fiction/fict9596/fict296.html HTTP/1.0" 200 12689 "-" "Mozilla/5.0 (Twiceler-0.9 http://www.cuil.com/twiceler/robot.html)"
64.1.215.164 - - [09/Jan/2009:20:37:41 -0500] "GET /haiku/1995/yuckunov.htm HTTP/1.0" 404 693 "-" "Mozilla/5.0 (Twiceler-0.9 http://www.cuil.com/twiceler/robot.html)"
70.255.210.223 - - [09/Jan/2009:20:48:34 -0500] "GET /favicon.ico HTTP/1.1" 404 693 "-" "Mozilla/4.0 (compatible; MSIE 7.0; Windows NT 5.1; sbcydsl 3.12; YComp 5.0.0.0; .NET CLR 1.1.4322; .NET CLR 2.0.50727)"
70.255.210.223 - - [09/Jan/2009:20:48:34 -0500] "GET /limerick/brady/brady98.html HTTP/1.1" 200 8297 "-" "Mozilla/4.0 (compatible; MSIE 7.0; Windows NT 5.1; sbcydsl 3.12; YComp 5.0.0.0; .NET CLR 1.1.4322; .NET CLR 2.0.50727)"
70.255.210.223 - - [09/Jan/2009:20:48:35 -0500] "GET /gifs/goldstar.jpg HTTP/1.1" 200 1854 "http://www.toastpoint.com/limerick/brady/brady98.html" "Mozilla/4.0 (compatible; MSIE 7.0; Windows NT 5.1; sbcydsl 3.12; YComp 5.0.0.0; .NET CLR 1.1.4322; .NET CLR 2.0.50727)"
70.255.210.223 - - [09/Jan/2009:20:48:35 -0500] "GET /limerick/brady/thebunch.gif HTTP/1.1" 200 41886 "http://www.toastpoint.com/limerick/brady/brady98.html" "Mozilla/4.0 (compatible; MSIE 7.0; Windows NT 5.1; sbcydsl 3.12; YComp 5.0.0.0; .NET CLR 1.1.4322; .NET CLR 2.0.50727)"
208.80.194.38 - - [09/Jan/2009:21:16:58 -0500] "GET / HTTP/1.0" 200 464 "-" "Mozilla/4.0 (compatible; MSIE 6.0; Windows NT 5.1; SV1; CMS Music Store2 v1.00.12 (Music Store,1033);  Embedded Web Browser from: http://bsalsa.com/; .NET CLR 1.1.4322)"
193.47.80.45 - - [09/Jan/2009:21:24:27 -0500] "GET /robots.txt HTTP/1.1" 404 693 "-" "Mozilla/5.0 (compatible; Exabot/3.0; +http://www.exabot.com/go/robot)"
193.47.80.45 - - [09/Jan/2009:21:24:27 -0500] "GET /limerick/1997/naut1297.html HTTP/1.1" 200 36990 "-" "Mozilla/5.0 (compatible; Exabot/3.0; +http://www.exabot.com/go/robot)"
70.245.65.14 - - [09/Jan/2009:21:43:06 -0500] "GET /favicon.ico HTTP/1.1" 404 693 "-" "Mozilla/5.0 (Windows; U; Windows NT 5.1; en-US; rv:1.9.0.5) Gecko/2008120122 Firefox/3.0.5"
70.245.65.14 - - [09/Jan/2009:21:43:07 -0500] "GET /gifs/japan.gif HTTP/1.1" 200 5737 "http://www.toastpoint.com/haiku/haiku299.html" "Mozilla/5.0 (Windows; U; Windows NT 5.1; en-US; rv:1.9.0.5) Gecko/2008120122 Firefox/3.0.5"
70.245.65.14 - - [09/Jan/2009:21:43:07 -0500] "GET /gifs/blank.jpg HTTP/1.1" 200 705 "http://www.toastpoint.com/haiku/haiku299.html" "Mozilla/5.0 (Windows; U; Windows NT 5.1; en-US; rv:1.9.0.5) Gecko/2008120122 Firefox/3.0.5"
70.245.65.14 - - [09/Jan/2009:21:43:07 -0500] "GET /gifs/goldstar.jpg HTTP/1.1" 200 1854 "http://www.toastpoint.com/haiku/haiku299.html" "Mozilla/5.0 (Windows; U; Windows NT 5.1; en-US; rv:1.9.0.5) Gecko/2008120122 Firefox/3.0.5"
70.245.65.14 - - [09/Jan/2009:21:43:06 -0500] "GET /haiku/haiku299.html HTTP/1.1" 200 68017 "-" "Mozilla/5.0 (Windows; U; Windows NT 5.1; en-US; rv:1.9.0.5) Gecko/2008120122 Firefox/3.0.5"
70.245.65.14 - - [09/Jan/2009:21:43:09 -0500] "GET /favicon.ico HTTP/1.1" 404 693 "-" "Mozilla/5.0 (Windows; U; Windows NT 5.1; en-US; rv:1.9.0.5) Gecko/2008120122 Firefox/3.0.5"
70.245.65.14 - - [09/Jan/2009:21:43:09 -0500] "GET /favicon.ico HTTP/1.1" 404 693 "-" "Mozilla/5.0 (Windows; U; Windows NT 5.1; en-US; rv:1.9.0.5) Gecko/2008120122 Firefox/3.0.5"
193.47.80.45 - - [09/Jan/2009:22:05:38 -0500] "GET /limerick/1997/nice697.html HTTP/1.1" 200 18475 "-" "Mozilla/5.0 (compatible; Exabot/3.0; +http://www.exabot.com/go/robot)"
72.14.199.86 - - [09/Jan/2009:22:07:53 -0500] "GET /robots.txt HTTP/1.1" 404 693 "-" "DoCoMo/2.0 N905i(c100;TB;W24H16) (compatible; Googlebot-Mobile/2.1; +http://www.google.com/bot.html)"
72.14.199.86 - - [09/Jan/2009:22:07:53 -0500] "GET /fiction/fict97/fict197.html HTTP/1.1" 200 17226 "-" "DoCoMo/2.0 N905i(c100;TB;W24H16) (compatible; Googlebot-Mobile/2.1; +http://www.google.com/bot.html)"
74.6.17.155 - - [09/Jan/2009:22:09:31 -0500] "GET /limerick/1997/nice297.html HTTP/1.0" 200 16613 "-" "Mozilla/5.0 (compatible; Yahoo! Slurp; http://help.yahoo.com/help/us/ysearch/slurp)"
72.14.199.86 - - [09/Jan/2009:22:32:01 -0500] "GET /fiction/fict98/fict1098.html HTTP/1.1" 200 61601 "-" "DoCoMo/2.0 N905i(c100;TB;W24H16) (compatible; Googlebot-Mobile/2.1; +http://www.google.com/bot.html)"
64.1.215.164 - - [09/Jan/2009:22:38:37 -0500] "GET /fiction/fict9596/fict596.html HTTP/1.0" 200 24035 "-" "Mozilla/5.0 (Twiceler-0.9 http://www.cuil.com/twiceler/robot.html)"
69.181.252.39 - - [09/Jan/2009:22:40:13 -0500] "GET /favicon.ico HTTP/1.1" 404 693 "http://www.toastpoint.com/limerick/nice299.html" "Mozilla/5.0 (Macintosh; U; PPC Mac OS X 10_4_11; en) AppleWebKit/525.27.1 (KHTML, like Gecko) Version/3.2.1 Safari/525.27.1"
69.181.252.39 - - [09/Jan/2009:22:40:13 -0500] "GET /limerick/nice299.html HTTP/1.1" 200 28130 "http://www.toastpoint.com/limerick/nice299.html" "Mozilla/5.0 (Macintosh; U; PPC Mac OS X 10_4_11; en) AppleWebKit/525.27.1 (KHTML, like Gecko) Version/3.2.1 Safari/525.27.1"
69.181.252.39 - - [09/Jan/2009:22:40:13 -0500] "GET /gifs/goldstar.jpg HTTP/1.1" 200 1854 "http://www.toastpoint.com/limerick/nice299.html" "Mozilla/5.0 (Macintosh; U; PPC Mac OS X 10_4_11; en) AppleWebKit/525.27.1 (KHTML, like Gecko) Version/3.2.1 Safari/525.27.1"
69.181.252.39 - - [09/Jan/2009:22:40:13 -0500] "GET /gifs/birdumb.gif HTTP/1.1" 200 4704 "http://www.toastpoint.com/limerick/nice299.html" "Mozilla/5.0 (Macintosh; U; PPC Mac OS X 10_4_11; en) AppleWebKit/525.27.1 (KHTML, like Gecko) Version/3.2.1 Safari/525.27.1"
69.181.252.39 - - [09/Jan/2009:22:40:13 -0500] "GET /gifs/birdumb2.gif HTTP/1.1" 200 4698 "http://www.toastpoint.com/limerick/nice299.html" "Mozilla/5.0 (Macintosh; U; PPC Mac OS X 10_4_11; en) AppleWebKit/525.27.1 (KHTML, like Gecko) Version/3.2.1 Safari/525.27.1"
115.145.149.57 - - [09/Jan/2009:22:44:50 -0500] "GET /errors.php?error=http://www.elnimbo.de/barrierefrei/board/i?? HTTP/1.1" 404 693 "-" "Mozilla/5.0 (Windows; U; Win98; en-US; rv:1.8.0.1) Gecko/20060130 SeaMonkey/1.0"
115.145.149.57 - - [09/Jan/2009:22:44:51 -0500] "GET //guestbook5/admin.php?include_path=../../../../../../../../../../../../../../../../../../../../../../../../proc/self/environ HTTP/1.1" 404 693 "-" "XXX<? echo \"w0000t\"; ?>XXX"
115.145.149.57 - - [09/Jan/2009:22:44:52 -0500] "GET //guestbook5/admin.php?include_path=../../../../../../../../../../../../../../../../../../../../../../../../proc/self/environ%00 HTTP/1.1" 404 693 "-" "XXX<? echo \"w0000t\"; ?>XXX"
72.14.199.86 - - [09/Jan/2009:22:55:46 -0500] "GET /limerick/brady/bradyfrm.html HTTP/1.1" 200 546 "-" "DoCoMo/2.0 N905i(c100;TB;W24H16) (compatible; Googlebot-Mobile/2.1; +http://www.google.com/bot.html)"
72.14.199.41 - - [09/Jan/2009:23:11:22 -0500] "GET /robots.txt HTTP/1.1" 404 693 "-" "DoCoMo/2.0 N905i(c100;TB;W24H16) (compatible; Googlebot-Mobile/2.1; +http://www.google.com/bot.html)"
72.14.199.41 - - [09/Jan/2009:23:11:22 -0500] "GET /welcome.html HTTP/1.1" 200 418 "-" "DoCoMo/2.0 N905i(c100;TB;W24H16) (compatible; Googlebot-Mobile/2.1; +http://www.google.com/bot.html)"
72.14.199.86 - - [09/Jan/2009:23:11:30 -0500] "GET / HTTP/1.1" 200 464 "-" "DoCoMo/2.0 N905i(c100;TB;W24H16) (compatible; Googlebot-Mobile/2.1; +http://www.google.com/bot.html)"
72.14.199.41 - - [09/Jan/2009:23:22:52 -0500] "GET /fiction/fiction.html HTTP/1.1" 200 2705 "-" "DoCoMo/2.0 N905i(c100;TB;W24H16) (compatible; Googlebot-Mobile/2.1; +http://www.google.com/bot.html)"
72.219.176.66 - - [09/Jan/2009:23:30:37 -0500] "GET /favicon.ico HTTP/1.1" 404 693 "-" "Mozilla/4.0 (compatible; MSIE 7.0; Windows NT 5.1; .NET CLR 2.0.50727; Windows-Media-Player/10.00.00.3990)"
72.219.176.66 - - [09/Jan/2009:23:30:37 -0500] "GET / HTTP/1.1" 200 464 "-" "Mozilla/4.0 (compatible; MSIE 7.0; Windows NT 5.1; .NET CLR 2.0.50727; Windows-Media-Player/10.00.00.3990)"
72.219.176.66 - - [09/Jan/2009:23:30:37 -0500] "GET /toastpointtopleft.html HTTP/1.1" 200 162 "http://www.toastpoint.com/" "Mozilla/4.0 (compatible; MSIE 7.0; Windows NT 5.1; .NET CLR 2.0.50727; Windows-Media-Player/10.00.00.3990)"
72.219.176.66 - - [09/Jan/2009:23:30:37 -0500] "GET /toastpointtoc.html HTTP/1.1" 200 1188 "http://www.toastpoint.com/" "Mozilla/4.0 (compatible; MSIE 7.0; Windows NT 5.1; .NET CLR 2.0.50727; Windows-Media-Player/10.00.00.3990)"
72.219.176.66 - - [09/Jan/2009:23:30:37 -0500] "GET /news.html HTTP/1.1" 200 17706 "http://www.toastpoint.com/" "Mozilla/4.0 (compatible; MSIE 7.0; Windows NT 5.1; .NET CLR 2.0.50727; Windows-Media-Player/10.00.00.3990)"
72.219.176.66 - - [09/Jan/2009:23:30:37 -0500] "GET /toastpointtopright.html HTTP/1.1" 200 151 "http://www.toastpoint.com/" "Mozilla/4.0 (compatible; MSIE 7.0; Windows NT 5.1; .NET CLR 2.0.50727; Windows-Media-Player/10.00.00.3990)"
72.219.176.66 - - [09/Jan/2009:23:30:37 -0500] "GET /tpnews.html HTTP/1.1" 200 8305 "http://www.toastpoint.com/" "Mozilla/4.0 (compatible; MSIE 7.0; Windows NT 5.1; .NET CLR 2.0.50727; Windows-Media-Player/10.00.00.3990)"
72.219.176.66 - - [09/Jan/2009:23:30:38 -0500] "GET /gifs/tpwinter20089.jpg HTTP/1.1" 200 28088 "http://www.toastpoint.com/news.html" "Mozilla/4.0 (compatible; MSIE 7.0; Windows NT 5.1; .NET CLR 2.0.50727; Windows-Media-Player/10.00.00.3990)"
72.14.199.41 - - [09/Jan/2009:23:32:07 -0500] "GET /fiction/novels/peak1-3.html HTTP/1.1" 200 6956 "-" "DoCoMo/2.0 N905i(c100;TB;W24H16) (compatible; Googlebot-Mobile/2.1; +http://www.google.com/bot.html)"
72.14.199.86 - - [09/Jan/2009:23:33:31 -0500] "GET /fiction/fict97/fict397.html HTTP/1.1" 200 11668 "-" "DoCoMo/2.0 N905i(c100;TB;W24H16) (compatible; Googlebot-Mobile/2.1; +http://www.google.com/bot.html)"
72.14.199.86 - - [09/Jan/2009:23:42:42 -0500] "GET /limerick/1995/nicedec.html HTTP/1.1" 200 13251 "-" "DoCoMo/2.0 N905i(c100;TB;W24H16) (compatible; Googlebot-Mobile/2.1; +http://www.google.com/bot.html)"
72.14.199.86 - - [09/Jan/2009:23:44:49 -0500] "GET /fiction/fict98/fict798.html HTTP/1.1" 200 40803 "-" "DoCoMo/2.0 N905i(c100;TB;W24H16) (compatible; Googlebot-Mobile/2.1; +http://www.google.com/bot.html)"
64.1.215.164 - - [09/Jan/2009:23:53:52 -0500] "GET /limerick/1996/naut796.html HTTP/1.0" 200 9432 "-" "Mozilla/5.0 (Twiceler-0.9 http://www.cuil.com/twiceler/robot.html)"
