124.115.1.7 - - [07/Dec/2008:01:02:44 -0500] "GET / HTTP/1.1" 200 464 "http://www.toastpoint.com/" "Mozilla/4.0 (compatible; MSIE 6.0; Windows NT 5.1)"
124.115.1.7 - - [07/Dec/2008:01:02:56 -0500] "GET /toastpointtopleft.html HTTP/1.1" 200 162 "http://www.toastpoint.com/toastpointtopleft.html" "Mozilla/4.0 (compatible; MSIE 6.0; Windows NT 5.1)"
124.115.1.7 - - [07/Dec/2008:01:02:57 -0500] "GET /toastpointtoc.html HTTP/1.1" 200 1188 "http://www.toastpoint.com/toastpointtoc.html" "Mozilla/4.0 (compatible; MSIE 6.0; Windows NT 5.1)"
124.115.1.7 - - [07/Dec/2008:01:02:57 -0500] "GET /news.html HTTP/1.1" 200 17577 "http://www.toastpoint.com/news.html" "Mozilla/4.0 (compatible; MSIE 6.0; Windows NT 5.1)"
124.115.1.7 - - [07/Dec/2008:01:03:02 -0500] "GET /toastpointtopright.html HTTP/1.1" 200 151 "http://www.toastpoint.com/toastpointtopright.html" "Mozilla/4.0 (compatible; MSIE 6.0; Windows NT 5.1)"
124.115.1.7 - - [07/Dec/2008:01:03:03 -0500] "GET /tpnews.html HTTP/1.1" 200 8004 "http://www.toastpoint.com/tpnews.html" "Mozilla/4.0 (compatible; MSIE 6.0; Windows NT 5.1)"
68.180.138.184 - - [07/Dec/2008:01:39:30 -0500] "GET /robots.txt HTTP/1.0" 404 693 "-" "REAP-crawler Nutch/Nutch-1.0-dev (Reap Project; http://reap.cs.cmu.edu/REAP-crawler/; Reap Project)"
68.180.138.184 - - [07/Dec/2008:01:39:30 -0500] "GET /limerick/1995/nautoct.html HTTP/1.0" 200 12561 "-" "REAP-crawler Nutch/Nutch-1.0-dev (Reap Project; http://reap.cs.cmu.edu/REAP-crawler/; Reap Project)"
68.180.138.184 - - [07/Dec/2008:01:41:49 -0500] "GET /fiction/fict599.html HTTP/1.0" 200 7512 "-" "REAP-crawler Nutch/Nutch-1.0-dev (Reap Project; http://reap.cs.cmu.edu/REAP-crawler/; Reap Project)"
68.180.138.184 - - [07/Dec/2008:01:47:40 -0500] "GET /limerick/1995/nicejuly.html HTTP/1.0" 200 1086 "-" "REAP-crawler Nutch/Nutch-1.0-dev (Reap Project; http://reap.cs.cmu.edu/REAP-crawler/; Reap Project)"
96.2.103.157 - - [07/Dec/2008:01:49:57 -0500] "GET /rapture/rapture.html HTTP/1.1" 200 22564 "http://images.ask.com/fr?q=grand+jury&desturi=http%3A%2F%2Fwww.toastpoint.com%2Frapture%2Frapture.html&fm=i&ac=3&ftURI=http%3A%2F%2Fimages.ask.com%2Ffr%3Fq%3Dgrand%2Bjury%26desturi%3Dhttp%253A%252F%252Fwww.toastpoint.com%252Frapture%252Frapture.html%26imagesrc%3Dhttp%253A%252F%252Fwww.toastpoint.com%252Frapture%252Ftbj-jury.gif%26thumbsrc%3Dhttp%253A%252F%252F66.235.120.64%252Fts%253Ft%253D2656937575207208691%2526pid%253D23296%2526ppid%253D0%26o%3D20036%26l%3Ddir%26thumbuselocalisedstatic%3Dfalse%26fn%3Dtbj-jury.gif%26imagewidth%3D250%26imageheight%3D212%26fs%3D3%26ft%3Dgif%26f%3D2%26fm%3Di%26ftbURI%3Dhttp%253A%252F%252Fwww.ask.com%252Fpictures%253Fq%253Dgrand%252Bjury%2526page%253D1%2526o%253D20036%2526l%253Ddir%2526pstart%253D0&qt=0" "Mozilla/4.0 (compatible; MSIE 7.0; Windows NT 5.1; .NET CLR 1.0.3705; .NET CLR 1.1.4322; Media Center PC 4.0)"
96.2.103.157 - - [07/Dec/2008:01:49:57 -0500] "GET /rapture/tbj-jury.gif HTTP/1.1" 200 3904 "http://www.toastpoint.com/rapture/rapture.html" "Mozilla/4.0 (compatible; MSIE 7.0; Windows NT 5.1; .NET CLR 1.0.3705; .NET CLR 1.1.4322; Media Center PC 4.0)"
96.2.103.157 - - [07/Dec/2008:01:49:57 -0500] "GET /rapture/sor-well.gif HTTP/1.1" 200 2583 "http://www.toastpoint.com/rapture/rapture.html" "Mozilla/4.0 (compatible; MSIE 7.0; Windows NT 5.1; .NET CLR 1.0.3705; .NET CLR 1.1.4322; Media Center PC 4.0)"
96.2.103.157 - - [07/Dec/2008:01:49:57 -0500] "GET /rapture/hms-dick.gif HTTP/1.1" 200 3100 "http://www.toastpoint.com/rapture/rapture.html" "Mozilla/4.0 (compatible; MSIE 7.0; Windows NT 5.1; .NET CLR 1.0.3705; .NET CLR 1.1.4322; Media Center PC 4.0)"
96.2.103.157 - - [07/Dec/2008:01:49:57 -0500] "GET /rapture/pirates.gif HTTP/1.1" 200 4045 "http://www.toastpoint.com/rapture/rapture.html" "Mozilla/4.0 (compatible; MSIE 7.0; Windows NT 5.1; .NET CLR 1.0.3705; .NET CLR 1.1.4322; Media Center PC 4.0)"
96.2.103.157 - - [07/Dec/2008:01:49:57 -0500] "GET /rapture/bunthorne.gif HTTP/1.1" 200 3137 "http://www.toastpoint.com/rapture/rapture.html" "Mozilla/4.0 (compatible; MSIE 7.0; Windows NT 5.1; .NET CLR 1.0.3705; .NET CLR 1.1.4322; Media Center PC 4.0)"
96.2.103.157 - - [07/Dec/2008:01:49:57 -0500] "GET /rapture/iolanthe.gif HTTP/1.1" 200 2814 "http://www.toastpoint.com/rapture/rapture.html" "Mozilla/4.0 (compatible; MSIE 7.0; Windows NT 5.1; .NET CLR 1.0.3705; .NET CLR 1.1.4322; Media Center PC 4.0)"
96.2.103.157 - - [07/Dec/2008:01:49:57 -0500] "GET /rapture/ida-monk.gif HTTP/1.1" 200 3753 "http://www.toastpoint.com/rapture/rapture.html" "Mozilla/4.0 (compatible; MSIE 7.0; Windows NT 5.1; .NET CLR 1.0.3705; .NET CLR 1.1.4322; Media Center PC 4.0)"
96.2.103.157 - - [07/Dec/2008:01:49:58 -0500] "GET /rapture/mik-lips.gif HTTP/1.1" 200 3352 "http://www.toastpoint.com/rapture/rapture.html" "Mozilla/4.0 (compatible; MSIE 7.0; Windows NT 5.1; .NET CLR 1.0.3705; .NET CLR 1.1.4322; Media Center PC 4.0)"
96.2.103.157 - - [07/Dec/2008:01:49:58 -0500] "GET /rapture/rud-spec.gif HTTP/1.1" 200 2489 "http://www.toastpoint.com/rapture/rapture.html" "Mozilla/4.0 (compatible; MSIE 7.0; Windows NT 5.1; .NET CLR 1.0.3705; .NET CLR 1.1.4322; Media Center PC 4.0)"
96.2.103.157 - - [07/Dec/2008:01:49:58 -0500] "GET /rapture/yeo-song.gif HTTP/1.1" 200 2781 "http://www.toastpoint.com/rapture/rapture.html" "Mozilla/4.0 (compatible; MSIE 7.0; Windows NT 5.1; .NET CLR 1.0.3705; .NET CLR 1.1.4322; Media Center PC 4.0)"
96.2.103.157 - - [07/Dec/2008:01:49:58 -0500] "GET /rapture/gon-baby.gif HTTP/1.1" 200 2847 "http://www.toastpoint.com/rapture/rapture.html" "Mozilla/4.0 (compatible; MSIE 7.0; Windows NT 5.1; .NET CLR 1.0.3705; .NET CLR 1.1.4322; Media Center PC 4.0)"
96.2.103.157 - - [07/Dec/2008:01:49:58 -0500] "GET /rapture/uto-look.gif HTTP/1.1" 200 3823 "http://www.toastpoint.com/rapture/rapture.html" "Mozilla/4.0 (compatible; MSIE 7.0; Windows NT 5.1; .NET CLR 1.0.3705; .NET CLR 1.1.4322; Media Center PC 4.0)"
68.180.138.184 - - [07/Dec/2008:01:55:35 -0500] "GET /limerick/1995/nautdec.html HTTP/1.0" 200 30430 "-" "REAP-crawler Nutch/Nutch-1.0-dev (Reap Project; http://reap.cs.cmu.edu/REAP-crawler/; Reap Project)"
68.180.138.184 - - [07/Dec/2008:01:57:59 -0500] "GET /limerick/1995/bestnaut.html HTTP/1.0" 200 10247 "-" "REAP-crawler Nutch/Nutch-1.0-dev (Reap Project; http://reap.cs.cmu.edu/REAP-crawler/; Reap Project)"
117.195.39.217 - - [07/Dec/2008:01:58:00 -0500] "GET /limerick/1995/nautnov.html HTTP/1.1" 200 13933 "http://www.google.com/search?hl=en&rls=com.microsoft:*:IE-SearchBox&rlz=1I7SKPB&q=naughty+doctors+touching+girl+body&start=20&sa=N" "Mozilla/4.0 (compatible; MSIE 7.0; Windows NT 6.0; SLCC1; .NET CLR 2.0.50727; .NET CLR 3.0.04506; InfoPath.2)"
117.195.39.217 - - [07/Dec/2008:01:58:01 -0500] "GET /gifs/goldstar.jpg HTTP/1.1" 200 1854 "http://www.toastpoint.com/limerick/1995/nautnov.html" "Mozilla/4.0 (compatible; MSIE 7.0; Windows NT 6.0; SLCC1; .NET CLR 2.0.50727; .NET CLR 3.0.04506; InfoPath.2)"
117.195.39.217 - - [07/Dec/2008:01:58:02 -0500] "GET /favicon.ico HTTP/1.1" 404 693 "-" "Mozilla/4.0 (compatible; MSIE 7.0; Windows NT 6.0; SLCC1; .NET CLR 2.0.50727; .NET CLR 3.0.04506; InfoPath.2)"
68.180.138.184 - - [07/Dec/2008:01:59:46 -0500] "GET /limerick/1995/nautjune.html HTTP/1.0" 200 3274 "-" "REAP-crawler Nutch/Nutch-1.0-dev (Reap Project; http://reap.cs.cmu.edu/REAP-crawler/; Reap Project)"
68.180.138.184 - - [07/Dec/2008:01:59:55 -0500] "GET /limerick/1995/nicesept.html HTTP/1.0" 200 3676 "-" "REAP-crawler Nutch/Nutch-1.0-dev (Reap Project; http://reap.cs.cmu.edu/REAP-crawler/; Reap Project)"
68.180.138.184 - - [07/Dec/2008:02:00:11 -0500] "GET /limerick/haiku/haiku.html HTTP/1.0" 404 693 "-" "REAP-crawler Nutch/Nutch-1.0-dev (Reap Project; http://reap.cs.cmu.edu/REAP-crawler/; Reap Project)"
66.235.124.8 - - [07/Dec/2008:02:01:46 -0500] "GET /robots.txt HTTP/1.1" 404 693 "-" "Mozilla/5.0 (compatible; Ask Jeeves/Teoma; +http://about.ask.com/en/docs/about/webmasters.shtml)"
66.235.124.8 - - [07/Dec/2008:02:01:51 -0500] "GET /limerick/1997/naut497.html HTTP/1.1" 200 43346 "-" "Mozilla/5.0 (compatible; Ask Jeeves/Teoma; +http://about.ask.com/en/docs/about/webmasters.shtml)"
68.180.138.184 - - [07/Dec/2008:02:04:28 -0500] "GET /limerick/1995/nautaug.html HTTP/1.0" 200 7940 "-" "REAP-crawler Nutch/Nutch-1.0-dev (Reap Project; http://reap.cs.cmu.edu/REAP-crawler/; Reap Project)"
68.180.138.184 - - [07/Dec/2008:02:11:36 -0500] "GET /limerick/1995/nautnov.html HTTP/1.0" 200 13933 "-" "REAP-crawler Nutch/Nutch-1.0-dev (Reap Project; http://reap.cs.cmu.edu/REAP-crawler/; Reap Project)"
68.180.138.184 - - [07/Dec/2008:02:25:22 -0500] "GET /fiction/fict399.html HTTP/1.0" 200 27729 "-" "REAP-crawler Nutch/Nutch-1.0-dev (Reap Project; http://reap.cs.cmu.edu/REAP-crawler/; Reap Project)"
68.180.138.184 - - [07/Dec/2008:02:34:03 -0500] "GET /limerick/1995/niceoct.html HTTP/1.0" 200 5007 "-" "REAP-crawler Nutch/Nutch-1.0-dev (Reap Project; http://reap.cs.cmu.edu/REAP-crawler/; Reap Project)"
196.35.158.181 - - [07/Dec/2008:02:39:04 -0500] "GET /limerick/naut199.html HTTP/1.1" 200 34481 "http://www.google.co.za/search?hl=en&q=naughty+chef+lymericks&meta=" "Mozilla/4.0 (compatible; MSIE 7.0; Windows NT 6.0; SLCC1; .NET CLR 2.0.50727; .NET CLR 3.0.04506)"
196.35.158.181 - - [07/Dec/2008:02:39:05 -0500] "GET /gifs/boobies.gif HTTP/1.1" 200 11144 "http://www.toastpoint.com/limerick/naut199.html" "Mozilla/4.0 (compatible; MSIE 7.0; Windows NT 6.0; SLCC1; .NET CLR 2.0.50727; .NET CLR 3.0.04506)"
196.35.158.181 - - [07/Dec/2008:02:39:06 -0500] "GET /gifs/nakedman.gif HTTP/1.1" 200 7734 "http://www.toastpoint.com/limerick/naut199.html" "Mozilla/4.0 (compatible; MSIE 7.0; Windows NT 6.0; SLCC1; .NET CLR 2.0.50727; .NET CLR 3.0.04506)"
196.35.158.181 - - [07/Dec/2008:02:39:06 -0500] "GET /gifs/goldstar.jpg HTTP/1.1" 200 1854 "http://www.toastpoint.com/limerick/naut199.html" "Mozilla/4.0 (compatible; MSIE 7.0; Windows NT 6.0; SLCC1; .NET CLR 2.0.50727; .NET CLR 3.0.04506)"
196.35.158.181 - - [07/Dec/2008:02:39:07 -0500] "GET /favicon.ico HTTP/1.1" 404 693 "-" "Mozilla/4.0 (compatible; MSIE 7.0; Windows NT 6.0; SLCC1; .NET CLR 2.0.50727; .NET CLR 3.0.04506)"
196.35.158.181 - - [07/Dec/2008:02:39:13 -0500] "GET /favicon.ico HTTP/1.1" 404 693 "-" "Mozilla/5.0 (compatible; Google Desktop)"
74.6.26.42 - - [07/Dec/2008:02:47:02 -0500] "GET /robots.txt HTTP/1.0" 404 693 "-" "Mozilla/5.0 (compatible; Yahoo! Slurp; http://help.yahoo.com/help/us/ysearch/slurp)"
74.6.76.45 - - [07/Dec/2008:02:47:02 -0500] "GET /haiku/haiku.html HTTP/1.0" 200 2147 "-" "Mozilla/5.0 (compatible; Yahoo! DE Slurp; http://help.yahoo.com/help/us/ysearch/slurp)"
68.180.138.184 - - [07/Dec/2008:02:47:29 -0500] "GET /limerick/1995/nicedec.html HTTP/1.0" 200 13251 "-" "REAP-crawler Nutch/Nutch-1.0-dev (Reap Project; http://reap.cs.cmu.edu/REAP-crawler/; Reap Project)"
68.180.138.184 - - [07/Dec/2008:02:51:38 -0500] "GET /limerick/1995/nicejune.html HTTP/1.0" 200 1710 "-" "REAP-crawler Nutch/Nutch-1.0-dev (Reap Project; http://reap.cs.cmu.edu/REAP-crawler/; Reap Project)"
74.6.30.119 - - [07/Dec/2008:02:55:23 -0500] "GET /haiku/haiku.html HTTP/1.0" 200 2147 "-" "Mozilla/5.0 (compatible; Yahoo! DE Slurp; http://help.yahoo.com/help/us/ysearch/slurp)"
68.180.138.184 - - [07/Dec/2008:02:55:29 -0500] "GET /limerick/fiction/fiction.html HTTP/1.0" 404 693 "-" "REAP-crawler Nutch/Nutch-1.0-dev (Reap Project; http://reap.cs.cmu.edu/REAP-crawler/; Reap Project)"
68.180.138.184 - - [07/Dec/2008:02:56:28 -0500] "GET /limerick/1995/niceaug.html HTTP/1.0" 200 4489 "-" "REAP-crawler Nutch/Nutch-1.0-dev (Reap Project; http://reap.cs.cmu.edu/REAP-crawler/; Reap Project)"
68.180.138.184 - - [07/Dec/2008:03:02:59 -0500] "GET /limerick/1995/nicenov.html HTTP/1.0" 200 5429 "-" "REAP-crawler Nutch/Nutch-1.0-dev (Reap Project; http://reap.cs.cmu.edu/REAP-crawler/; Reap Project)"
68.180.138.184 - - [07/Dec/2008:03:06:22 -0500] "GET /limerick/1995/nautjuly.html HTTP/1.0" 200 3106 "-" "REAP-crawler Nutch/Nutch-1.0-dev (Reap Project; http://reap.cs.cmu.edu/REAP-crawler/; Reap Project)"
68.180.138.184 - - [07/Dec/2008:03:17:24 -0500] "GET /limerick/1995/nautsept.html HTTP/1.0" 200 7977 "-" "REAP-crawler Nutch/Nutch-1.0-dev (Reap Project; http://reap.cs.cmu.edu/REAP-crawler/; Reap Project)"
68.180.138.184 - - [07/Dec/2008:03:19:22 -0500] "GET /limerick/1995/bestnice.html HTTP/1.0" 200 6154 "-" "REAP-crawler Nutch/Nutch-1.0-dev (Reap Project; http://reap.cs.cmu.edu/REAP-crawler/; Reap Project)"
74.6.76.45 - - [07/Dec/2008:03:43:32 -0500] "GET / HTTP/1.0" 200 464 "-" "Mozilla/5.0 (compatible; Yahoo! DE Slurp; http://help.yahoo.com/help/us/ysearch/slurp)"
74.6.76.45 - - [07/Dec/2008:03:43:33 -0500] "GET /toastpointtopleft.html HTTP/1.0" 200 162 "-" "Mozilla/5.0 (compatible; Yahoo! DE Slurp; http://help.yahoo.com/help/us/ysearch/slurp)"
74.6.76.45 - - [07/Dec/2008:03:43:34 -0500] "GET /toastpointtoc.html HTTP/1.0" 200 1188 "-" "Mozilla/5.0 (compatible; Yahoo! DE Slurp; http://help.yahoo.com/help/us/ysearch/slurp)"
74.6.76.45 - - [07/Dec/2008:03:43:36 -0500] "GET /news.html HTTP/1.0" 200 17577 "-" "Mozilla/5.0 (compatible; Yahoo! DE Slurp; http://help.yahoo.com/help/us/ysearch/slurp)"
74.6.76.45 - - [07/Dec/2008:03:43:37 -0500] "GET /toastpointtopright.html HTTP/1.0" 200 151 "-" "Mozilla/5.0 (compatible; Yahoo! DE Slurp; http://help.yahoo.com/help/us/ysearch/slurp)"
74.6.76.45 - - [07/Dec/2008:03:43:38 -0500] "GET /tpnews.html HTTP/1.0" 200 8004 "-" "Mozilla/5.0 (compatible; Yahoo! DE Slurp; http://help.yahoo.com/help/us/ysearch/slurp)"
208.111.154.16 - - [07/Dec/2008:03:47:35 -0500] "GET /robots.txt HTTP/1.0" 404 693 "-" "Mozilla/5.0 (compatible; Charlotte/1.1; http://www.searchme.com/support/)"
72.30.65.32 - - [07/Dec/2008:04:49:59 -0500] "GET /robots.txt HTTP/1.0" 404 693 "-" "Mozilla/5.0 (compatible; Yahoo! Slurp; http://help.yahoo.com/help/us/ysearch/slurp)"
122.105.231.44 - - [07/Dec/2008:04:54:10 -0500] "GET /haiku/haiku199.html HTTP/1.1" 200 34287 "http://www.google.com.au/search?hl=en&q=haiku+mediating&start=10&sa=N" "Mozilla/4.0 (compatible; MSIE 6.0; Windows NT 5.1; SV1)"
122.105.231.44 - - [07/Dec/2008:04:54:12 -0500] "GET /gifs/japan.gif HTTP/1.1" 200 5737 "http://www.toastpoint.com/haiku/haiku199.html" "Mozilla/4.0 (compatible; MSIE 6.0; Windows NT 5.1; SV1)"
122.105.231.44 - - [07/Dec/2008:04:54:12 -0500] "GET /gifs/goldstar.jpg HTTP/1.1" 200 1854 "http://www.toastpoint.com/haiku/haiku199.html" "Mozilla/4.0 (compatible; MSIE 6.0; Windows NT 5.1; SV1)"
122.105.231.44 - - [07/Dec/2008:04:54:12 -0500] "GET /gifs/blank.jpg HTTP/1.1" 200 705 "http://www.toastpoint.com/haiku/haiku199.html" "Mozilla/4.0 (compatible; MSIE 6.0; Windows NT 5.1; SV1)"
122.105.231.44 - - [07/Dec/2008:04:54:14 -0500] "GET /favicon.ico HTTP/1.1" 404 693 "-" "Mozilla/4.0 (compatible; MSIE 6.0; Windows NT 5.1; SV1)"
122.105.231.44 - - [07/Dec/2008:04:54:14 -0500] "GET /favicon.ico HTTP/1.1" 404 693 "-" "Mozilla/4.0 (compatible; MSIE 6.0; Windows NT 5.1; SV1)"
193.47.80.45 - - [07/Dec/2008:05:56:21 -0500] "GET /robots.txt HTTP/1.1" 404 693 "-" "Mozilla/5.0 (compatible; Exabot/3.0; +http://www.exabot.com/go/robot)"
193.47.80.45 - - [07/Dec/2008:05:56:21 -0500] "GET /haiku/1997/haiku797.html HTTP/1.1" 200 23929 "-" "Mozilla/5.0 (compatible; Exabot/3.0; +http://www.exabot.com/go/robot)"
74.6.17.188 - - [07/Dec/2008:06:09:48 -0500] "GET /robots.txt HTTP/1.0" 404 693 "-" "Mozilla/5.0 (compatible; Yahoo! Slurp; http://help.yahoo.com/help/us/ysearch/slurp)"
124.115.10.193 - - [07/Dec/2008:06:32:35 -0500] "GET / HTTP/1.1" 200 464 "http://www.toastpoint.com/" "Mozilla/4.0 (compatible; MSIE 6.0; Windows NT 5.1)"
124.115.10.193 - - [07/Dec/2008:06:32:48 -0500] "GET /toastpointtopleft.html HTTP/1.1" 200 162 "http://www.toastpoint.com/toastpointtopleft.html" "Mozilla/4.0 (compatible; MSIE 6.0; Windows NT 5.1)"
124.115.10.193 - - [07/Dec/2008:06:32:49 -0500] "GET /toastpointtoc.html HTTP/1.1" 200 1188 "http://www.toastpoint.com/toastpointtoc.html" "Mozilla/4.0 (compatible; MSIE 6.0; Windows NT 5.1)"
124.115.10.193 - - [07/Dec/2008:06:32:51 -0500] "GET /news.html HTTP/1.1" 200 17577 "http://www.toastpoint.com/news.html" "Mozilla/4.0 (compatible; MSIE 6.0; Windows NT 5.1)"
124.115.10.193 - - [07/Dec/2008:06:32:53 -0500] "GET /toastpointtopright.html HTTP/1.1" 200 151 "http://www.toastpoint.com/toastpointtopright.html" "Mozilla/4.0 (compatible; MSIE 6.0; Windows NT 5.1)"
124.115.10.193 - - [07/Dec/2008:06:32:55 -0500] "GET /tpnews.html HTTP/1.1" 200 8004 "http://www.toastpoint.com/tpnews.html" "Mozilla/4.0 (compatible; MSIE 6.0; Windows NT 5.1)"
63.241.3.51 - - [07/Dec/2008:06:36:16 -0500] "GET /limerick/limerick.html HTTP/1.1" 200 2613 "-" "-"
65.55.210.9 - - [07/Dec/2008:06:58:10 -0500] "GET /robots.txt HTTP/1.1" 404 693 "-" "msnbot/1.1 (+http://search.msn.com/msnbot.htm)"
65.55.210.9 - - [07/Dec/2008:06:58:10 -0500] "GET /travel/novascotia-pei2005.html HTTP/1.1" 200 735 "-" "msnbot/1.1 (+http://search.msn.com/msnbot.htm)"
208.111.154.16 - - [07/Dec/2008:07:36:57 -0500] "GET /robots.txt HTTP/1.0" 404 693 "-" "Mozilla/5.0 (compatible; Charlotte/1.1; http://www.searchme.com/support/)"
208.111.154.16 - - [07/Dec/2008:07:37:16 -0500] "GET /limerick/1996/nic1096.html HTTP/1.1" 304 - "-" "Mozilla/5.0 (compatible; Charlotte/1.1; http://www.searchme.com/support/)"
208.111.154.15 - - [07/Dec/2008:07:39:02 -0500] "GET /robots.txt HTTP/1.0" 404 693 "-" "Mozilla/5.0 (compatible; Charlotte/1.1; http://www.searchme.com/support/)"
208.111.154.16 - - [07/Dec/2008:07:39:24 -0500] "GET /haiku/haik1995/1995.html HTTP/1.1" 404 693 "-" "Mozilla/5.0 (compatible; Charlotte/1.1; http://www.searchme.com/support/)"
208.111.154.16 - - [07/Dec/2008:07:41:33 -0500] "GET /robots.txt HTTP/1.0" 404 693 "-" "Mozilla/5.0 (compatible; Charlotte/1.1; http://www.searchme.com/support/)"
65.55.210.9 - - [07/Dec/2008:07:44:25 -0500] "GET /haiku/1996/haiku696.html HTTP/1.1" 200 9779 "-" "msnbot/1.1 (+http://search.msn.com/msnbot.htm)"
72.30.65.32 - - [07/Dec/2008:07:45:17 -0500] "GET /robots.txt HTTP/1.0" 404 693 "-" "Mozilla/5.0 (compatible; Yahoo! Slurp; http://help.yahoo.com/help/us/ysearch/slurp)"
193.47.80.45 - - [07/Dec/2008:07:58:27 -0500] "GET /ponder.html HTTP/1.1" 200 3441 "-" "Mozilla/5.0 (compatible; Exabot/3.0; +http://www.exabot.com/go/robot)"
207.126.224.241 - - [07/Dec/2008:08:11:23 -0500] "GET /haiku HTTP/1.0" 301 240 "-" "Mozilla/4.05 [en]"
207.126.224.241 - - [07/Dec/2008:08:11:23 -0500] "GET /haiku/ HTTP/1.0" 403 563 "-" "Mozilla/4.05 [en]"
207.126.224.241 - - [07/Dec/2008:08:11:26 -0500] "GET /limerick HTTP/1.0" 301 243 "-" "Mozilla/4.05 [en]"
207.126.224.241 - - [07/Dec/2008:08:11:26 -0500] "GET /limerick/ HTTP/1.0" 403 563 "-" "Mozilla/4.05 [en]"
124.115.1.66 - - [07/Dec/2008:08:12:40 -0500] "GET / HTTP/1.1" 200 464 "http://www.toastpoint.com/" "Mozilla/4.0 (compatible; MSIE 6.0; Windows NT 5.1)"
124.115.1.66 - - [07/Dec/2008:08:12:52 -0500] "GET /toastpointtopleft.html HTTP/1.1" 200 162 "http://www.toastpoint.com/toastpointtopleft.html" "Mozilla/4.0 (compatible; MSIE 6.0; Windows NT 5.1)"
124.115.1.66 - - [07/Dec/2008:08:12:53 -0500] "GET /toastpointtoc.html HTTP/1.1" 200 1188 "http://www.toastpoint.com/toastpointtoc.html" "Mozilla/4.0 (compatible; MSIE 6.0; Windows NT 5.1)"
124.115.1.66 - - [07/Dec/2008:08:12:53 -0500] "GET /news.html HTTP/1.1" 200 17577 "http://www.toastpoint.com/news.html" "Mozilla/4.0 (compatible; MSIE 6.0; Windows NT 5.1)"
124.115.1.66 - - [07/Dec/2008:08:12:55 -0500] "GET /toastpointtopright.html HTTP/1.1" 200 151 "http://www.toastpoint.com/toastpointtopright.html" "Mozilla/4.0 (compatible; MSIE 6.0; Windows NT 5.1)"
124.115.1.66 - - [07/Dec/2008:08:12:56 -0500] "GET /tpnews.html HTTP/1.1" 200 8004 "http://www.toastpoint.com/tpnews.html" "Mozilla/4.0 (compatible; MSIE 6.0; Windows NT 5.1)"
68.180.138.157 - - [07/Dec/2008:08:35:20 -0500] "GET /robots.txt HTTP/1.0" 404 693 "-" "REAP-crawler Nutch/Nutch-1.0-dev (Reap Project; http://reap.cs.cmu.edu/REAP-crawler/; Reap Project)"
68.180.138.157 - - [07/Dec/2008:08:35:20 -0500] "GET /limerick/wumpus.html HTTP/1.0" 404 693 "-" "REAP-crawler Nutch/Nutch-1.0-dev (Reap Project; http://reap.cs.cmu.edu/REAP-crawler/; Reap Project)"
193.47.80.45 - - [07/Dec/2008:08:38:31 -0500] "GET /limerick/1997/naut597.html HTTP/1.1" 200 22468 "-" "Mozilla/5.0 (compatible; Exabot/3.0; +http://www.exabot.com/go/robot)"
86.149.112.115 - - [07/Dec/2008:09:11:04 -0500] "GET /gifs/boobies.gif HTTP/1.1" 200 11144 "http://www.toastpoint.com/limerick/naut199.html" "Mozilla/4.0 (compatible; MSIE 7.0; Windows NT 6.0; SLCC1; .NET CLR 2.0.50727; .NET CLR 3.0.04506; InfoPath.2)"
86.149.112.115 - - [07/Dec/2008:09:11:04 -0500] "GET /limerick/naut199.html HTTP/1.1" 200 34481 "http://www.google.com.au/search?hl=en&rlz=1T4ADBR_enAU239AU247&q=naughty+limericks&start=10&sa=N" "Mozilla/4.0 (compatible; MSIE 7.0; Windows NT 6.0; SLCC1; .NET CLR 2.0.50727; .NET CLR 3.0.04506; InfoPath.2)"
86.149.112.115 - - [07/Dec/2008:09:11:05 -0500] "GET /gifs/nakedman.gif HTTP/1.1" 200 7734 "http://www.toastpoint.com/limerick/naut199.html" "Mozilla/4.0 (compatible; MSIE 7.0; Windows NT 6.0; SLCC1; .NET CLR 2.0.50727; .NET CLR 3.0.04506; InfoPath.2)"
86.149.112.115 - - [07/Dec/2008:09:11:05 -0500] "GET /gifs/goldstar.jpg HTTP/1.1" 200 1854 "http://www.toastpoint.com/limerick/naut199.html" "Mozilla/4.0 (compatible; MSIE 7.0; Windows NT 6.0; SLCC1; .NET CLR 2.0.50727; .NET CLR 3.0.04506; InfoPath.2)"
86.149.112.115 - - [07/Dec/2008:09:11:05 -0500] "GET /favicon.ico HTTP/1.1" 404 693 "-" "Mozilla/4.0 (compatible; MSIE 7.0; Windows NT 6.0; SLCC1; .NET CLR 2.0.50727; .NET CLR 3.0.04506; InfoPath.2)"
68.180.138.157 - - [07/Dec/2008:09:23:21 -0500] "GET /limerick/1995/nautnov.html HTTP/1.0" 200 13933 "-" "REAP-crawler Nutch/Nutch-1.0-dev (Reap Project; http://reap.cs.cmu.edu/REAP-crawler/; Reap Project)"
66.249.66.46 - - [07/Dec/2008:09:50:24 -0500] "GET /robots.txt HTTP/1.1" 404 693 "-" "Nokia6820/2.0 (4.83) Profile/MIDP-1.0 Configuration/CLDC-1.0 (compatible; Googlebot-Mobile/2.1; +http://www.google.com/bot.html)"
66.249.66.46 - - [07/Dec/2008:09:50:24 -0500] "GET /limerick/limerick.html HTTP/1.1" 200 2613 "-" "Nokia6820/2.0 (4.83) Profile/MIDP-1.0 Configuration/CLDC-1.0 (compatible; Googlebot-Mobile/2.1; +http://www.google.com/bot.html)"
71.255.99.196 - - [07/Dec/2008:10:14:59 -0500] "GET /limerick/naut199.html HTTP/1.1" 200 34481 "http://www.google.com/search?hl=en&rls=RNWO,RNWO:2008-21,RNWO:en&pwst=1&q=naughty%20limericks&revid=85741260&resnum=0&um=1&ie=UTF-8&sa=N&tab=iw" "Mozilla/4.0 (compatible; MSIE 7.0; Windows NT 5.1; SV1; AntivirXP08;  Embedded Web Browser from: http://bsalsa.com/; .NET CLR 1.0.3705; .NET CLR 1.1.4322; Media Center PC 4.0; .NET CLR 2.0.50727; Media Center PC 2.8)"
71.255.99.196 - - [07/Dec/2008:10:14:59 -0500] "GET /gifs/boobies.gif HTTP/1.1" 200 11144 "http://www.toastpoint.com/limerick/naut199.html" "Mozilla/4.0 (compatible; MSIE 7.0; Windows NT 5.1; SV1; AntivirXP08;  Embedded Web Browser from: http://bsalsa.com/; .NET CLR 1.0.3705; .NET CLR 1.1.4322; Media Center PC 4.0; .NET CLR 2.0.50727; Media Center PC 2.8)"
71.255.99.196 - - [07/Dec/2008:10:15:00 -0500] "GET /gifs/nakedman.gif HTTP/1.1" 200 7734 "http://www.toastpoint.com/limerick/naut199.html" "Mozilla/4.0 (compatible; MSIE 7.0; Windows NT 5.1; SV1; AntivirXP08;  Embedded Web Browser from: http://bsalsa.com/; .NET CLR 1.0.3705; .NET CLR 1.1.4322; Media Center PC 4.0; .NET CLR 2.0.50727; Media Center PC 2.8)"
71.255.99.196 - - [07/Dec/2008:10:15:00 -0500] "GET /gifs/goldstar.jpg HTTP/1.1" 200 1854 "http://www.toastpoint.com/limerick/naut199.html" "Mozilla/4.0 (compatible; MSIE 7.0; Windows NT 5.1; SV1; AntivirXP08;  Embedded Web Browser from: http://bsalsa.com/; .NET CLR 1.0.3705; .NET CLR 1.1.4322; Media Center PC 4.0; .NET CLR 2.0.50727; Media Center PC 2.8)"
71.255.99.196 - - [07/Dec/2008:10:15:00 -0500] "GET /favicon.ico HTTP/1.1" 404 693 "-" "Mozilla/4.0 (compatible; MSIE 7.0; Windows NT 5.1; SV1; AntivirXP08;  Embedded Web Browser from: http://bsalsa.com/; .NET CLR 1.0.3705; .NET CLR 1.1.4322; Media Center PC 4.0; .NET CLR 2.0.50727; Media Center PC 2.8)"
64.1.215.164 - - [07/Dec/2008:10:44:59 -0500] "GET /robots.txt HTTP/1.0" 404 693 "-" "Mozilla/5.0 (Twiceler-0.9 http://www.cuil.com/twiceler/robot.html)"
76.71.47.228 - - [07/Dec/2008:10:47:59 -0500] "GET /limerick/1995/nautnov.html HTTP/1.1" 200 13933 "-" "Mozilla/4.0 (compatible; MSIE 7.0; Windows NT 5.1; FunWebProducts; SPOENB/1.0; AntivirXP08; .NET CLR 1.1.4322; SPOENB/1.0)"
76.71.47.228 - - [07/Dec/2008:10:47:59 -0500] "GET /gifs/goldstar.jpg HTTP/1.1" 200 1854 "http://www.toastpoint.com/limerick/1995/nautnov.html" "Mozilla/4.0 (compatible; MSIE 7.0; Windows NT 5.1; FunWebProducts; SPOENB/1.0; AntivirXP08; .NET CLR 1.1.4322; SPOENB/1.0)"
76.71.47.228 - - [07/Dec/2008:10:49:21 -0500] "GET /limerick/1995/nautoct.html HTTP/1.1" 200 12561 "http://www.toastpoint.com/limerick/1995/nautnov.html" "Mozilla/4.0 (compatible; MSIE 7.0; Windows NT 5.1; FunWebProducts; SPOENB/1.0; AntivirXP08; .NET CLR 1.1.4322; SPOENB/1.0)"
76.71.47.228 - - [07/Dec/2008:10:49:30 -0500] "GET /limerick/1995/nautsept.html HTTP/1.1" 200 7977 "http://www.toastpoint.com/limerick/1995/nautoct.html" "Mozilla/4.0 (compatible; MSIE 7.0; Windows NT 5.1; FunWebProducts; SPOENB/1.0; AntivirXP08; .NET CLR 1.1.4322; SPOENB/1.0)"
76.71.47.228 - - [07/Dec/2008:10:49:38 -0500] "GET /limerick/1995/nautaug.html HTTP/1.1" 200 7940 "http://www.toastpoint.com/limerick/1995/nautsept.html" "Mozilla/4.0 (compatible; MSIE 7.0; Windows NT 5.1; FunWebProducts; SPOENB/1.0; AntivirXP08; .NET CLR 1.1.4322; SPOENB/1.0)"
76.71.47.228 - - [07/Dec/2008:10:52:36 -0500] "GET /gifs/goldstar.jpg HTTP/1.1" 304 - "-" "Mozilla/4.0 (compatible; MSIE 7.0; Windows NT 5.1; FunWebProducts; SPOENB/1.0; AntivirXP08; .NET CLR 1.1.4322; SPOENB/1.0)"
76.71.47.228 - - [07/Dec/2008:10:53:07 -0500] "GET /limerick/1995/nautjuly.html HTTP/1.1" 200 3106 "http://www.toastpoint.com/limerick/1995/nautaug.html" "Mozilla/4.0 (compatible; MSIE 7.0; Windows NT 5.1; FunWebProducts; SPOENB/1.0; AntivirXP08; .NET CLR 1.1.4322; SPOENB/1.0)"
208.111.154.15 - - [07/Dec/2008:11:13:52 -0500] "GET /robots.txt HTTP/1.0" 404 693 "-" "Mozilla/5.0 (compatible; Charlotte/1.1; http://www.searchme.com/support/)"
85.220.118.173 - - [07/Dec/2008:11:27:42 -0500] "GET /gifs/boobies.gif HTTP/1.1" 200 11144 "http://www.toastpoint.com/limerick/naut199.html" "Mozilla/5.0 (Windows; U; Windows NT 6.0; en-US; rv:1.9.0.4) Gecko/2008102920 Firefox/3.0.4"
85.220.118.173 - - [07/Dec/2008:11:27:42 -0500] "GET /gifs/nakedman.gif HTTP/1.1" 200 7734 "http://www.toastpoint.com/limerick/naut199.html" "Mozilla/5.0 (Windows; U; Windows NT 6.0; en-US; rv:1.9.0.4) Gecko/2008102920 Firefox/3.0.4"
85.220.118.173 - - [07/Dec/2008:11:27:42 -0500] "GET /gifs/goldstar.jpg HTTP/1.1" 200 1854 "http://www.toastpoint.com/limerick/naut199.html" "Mozilla/5.0 (Windows; U; Windows NT 6.0; en-US; rv:1.9.0.4) Gecko/2008102920 Firefox/3.0.4"
85.220.118.173 - - [07/Dec/2008:11:27:41 -0500] "GET /limerick/naut199.html HTTP/1.1" 200 34481 "http://www.google.is/search?hl=en&sa=X&oi=spell&resnum=0&ct=result&cd=1&q=naughty+limericks&spell=1" "Mozilla/5.0 (Windows; U; Windows NT 6.0; en-US; rv:1.9.0.4) Gecko/2008102920 Firefox/3.0.4"
85.220.118.173 - - [07/Dec/2008:11:27:49 -0500] "GET /favicon.ico HTTP/1.1" 404 693 "-" "Mozilla/5.0 (Windows; U; Windows NT 6.0; en-US; rv:1.9.0.4) Gecko/2008102920 Firefox/3.0.4"
85.220.118.173 - - [07/Dec/2008:11:27:52 -0500] "GET /favicon.ico HTTP/1.1" 404 693 "-" "Mozilla/5.0 (Windows; U; Windows NT 6.0; en-US; rv:1.9.0.4) Gecko/2008102920 Firefox/3.0.4"
99.6.34.91 - - [07/Dec/2008:12:54:21 -0500] "GET /rapture/rapture.html HTTP/1.1" 200 22564 "http://images.ask.com/fr?q=jury+trial&desturi=http%3A%2F%2Fwww.toastpoint.com%2Frapture%2Frapture.html&fm=i&ac=3&ftURI=http%3A%2F%2Fimages.ask.com%2Ffr%3Fq%3Djury%2Btrial%26desturi%3Dhttp%253A%252F%252Fwww.toastpoint.com%252Frapture%252Frapture.html%26imagesrc%3Dhttp%253A%252F%252Fwww.toastpoint.com%252Frapture%252Ftbj-jury.gif%26thumbsrc%3Dhttp%253A%252F%252F66.235.120.64%252Fts%253Ft%253D2656937575207208691%2526pid%253D23296%2526ppid%253D0%26o%3D20036%26l%3Ddir%26thumbuselocalisedstatic%3Dfalse%26fn%3Dtbj-jury.gif%26imagewidth%3D250%26imageheight%3D212%26fs%3D3%26ft%3Dgif%26f%3D2%26fm%3Di%26ftbURI%3Dhttp%253A%252F%252Fwww.ask.com%252Fpictures%253Fq%253Djury%252Btrial%2526page%253D1%2526o%253D20036%2526l%253Ddir%2526pstart%253D0&qt=0" "Mozilla/4.0 (compatible; MSIE 7.0; Windows NT 6.0; SLCC1; .NET CLR 2.0.50727; Media Center PC 5.0; .NET CLR 3.0.04506)"
99.6.34.91 - - [07/Dec/2008:12:54:22 -0500] "GET /rapture/tbj-jury.gif HTTP/1.1" 200 3904 "http://www.toastpoint.com/rapture/rapture.html" "Mozilla/4.0 (compatible; MSIE 7.0; Windows NT 6.0; SLCC1; .NET CLR 2.0.50727; Media Center PC 5.0; .NET CLR 3.0.04506)"
99.6.34.91 - - [07/Dec/2008:12:54:22 -0500] "GET /rapture/sor-well.gif HTTP/1.1" 200 2583 "http://www.toastpoint.com/rapture/rapture.html" "Mozilla/4.0 (compatible; MSIE 7.0; Windows NT 6.0; SLCC1; .NET CLR 2.0.50727; Media Center PC 5.0; .NET CLR 3.0.04506)"
99.6.34.91 - - [07/Dec/2008:12:54:22 -0500] "GET /rapture/hms-dick.gif HTTP/1.1" 200 3100 "http://www.toastpoint.com/rapture/rapture.html" "Mozilla/4.0 (compatible; MSIE 7.0; Windows NT 6.0; SLCC1; .NET CLR 2.0.50727; Media Center PC 5.0; .NET CLR 3.0.04506)"
99.6.34.91 - - [07/Dec/2008:12:54:22 -0500] "GET /rapture/pirates.gif HTTP/1.1" 200 4045 "http://www.toastpoint.com/rapture/rapture.html" "Mozilla/4.0 (compatible; MSIE 7.0; Windows NT 6.0; SLCC1; .NET CLR 2.0.50727; Media Center PC 5.0; .NET CLR 3.0.04506)"
99.6.34.91 - - [07/Dec/2008:12:54:22 -0500] "GET /rapture/bunthorne.gif HTTP/1.1" 200 3137 "http://www.toastpoint.com/rapture/rapture.html" "Mozilla/4.0 (compatible; MSIE 7.0; Windows NT 6.0; SLCC1; .NET CLR 2.0.50727; Media Center PC 5.0; .NET CLR 3.0.04506)"
99.6.34.91 - - [07/Dec/2008:12:54:22 -0500] "GET /rapture/iolanthe.gif HTTP/1.1" 200 2814 "http://www.toastpoint.com/rapture/rapture.html" "Mozilla/4.0 (compatible; MSIE 7.0; Windows NT 6.0; SLCC1; .NET CLR 2.0.50727; Media Center PC 5.0; .NET CLR 3.0.04506)"
99.6.34.91 - - [07/Dec/2008:12:54:22 -0500] "GET /rapture/ida-monk.gif HTTP/1.1" 200 3753 "http://www.toastpoint.com/rapture/rapture.html" "Mozilla/4.0 (compatible; MSIE 7.0; Windows NT 6.0; SLCC1; .NET CLR 2.0.50727; Media Center PC 5.0; .NET CLR 3.0.04506)"
99.6.34.91 - - [07/Dec/2008:12:54:22 -0500] "GET /rapture/rud-spec.gif HTTP/1.1" 200 2489 "http://www.toastpoint.com/rapture/rapture.html" "Mozilla/4.0 (compatible; MSIE 7.0; Windows NT 6.0; SLCC1; .NET CLR 2.0.50727; Media Center PC 5.0; .NET CLR 3.0.04506)"
99.6.34.91 - - [07/Dec/2008:12:54:22 -0500] "GET /rapture/mik-lips.gif HTTP/1.1" 200 3352 "http://www.toastpoint.com/rapture/rapture.html" "Mozilla/4.0 (compatible; MSIE 7.0; Windows NT 6.0; SLCC1; .NET CLR 2.0.50727; Media Center PC 5.0; .NET CLR 3.0.04506)"
99.6.34.91 - - [07/Dec/2008:12:54:22 -0500] "GET /rapture/gon-baby.gif HTTP/1.1" 200 2847 "http://www.toastpoint.com/rapture/rapture.html" "Mozilla/4.0 (compatible; MSIE 7.0; Windows NT 6.0; SLCC1; .NET CLR 2.0.50727; Media Center PC 5.0; .NET CLR 3.0.04506)"
99.6.34.91 - - [07/Dec/2008:12:54:22 -0500] "GET /rapture/yeo-song.gif HTTP/1.1" 200 2781 "http://www.toastpoint.com/rapture/rapture.html" "Mozilla/4.0 (compatible; MSIE 7.0; Windows NT 6.0; SLCC1; .NET CLR 2.0.50727; Media Center PC 5.0; .NET CLR 3.0.04506)"
99.6.34.91 - - [07/Dec/2008:12:54:22 -0500] "GET /rapture/uto-look.gif HTTP/1.1" 200 3823 "http://www.toastpoint.com/rapture/rapture.html" "Mozilla/4.0 (compatible; MSIE 7.0; Windows NT 6.0; SLCC1; .NET CLR 2.0.50727; Media Center PC 5.0; .NET CLR 3.0.04506)"
99.6.34.91 - - [07/Dec/2008:12:54:24 -0500] "GET /favicon.ico HTTP/1.1" 404 693 "-" "Mozilla/4.0 (compatible; MSIE 7.0; Windows NT 6.0; SLCC1; .NET CLR 2.0.50727; Media Center PC 5.0; .NET CLR 3.0.04506)"
99.6.34.91 - - [07/Dec/2008:12:54:25 -0500] "GET /favicon.ico HTTP/1.1" 404 693 "-" "Mozilla/5.0 (compatible; Google Desktop)"
65.55.209.248 - - [07/Dec/2008:13:02:34 -0500] "GET /robots.txt HTTP/1.1" 404 693 "-" "msnbot/1.1 (+http://search.msn.com/msnbot.htm)"
65.55.209.248 - - [07/Dec/2008:13:02:37 -0500] "GET /limerick/brady/brady1.html HTTP/1.1" 304 - "-" "msnbot/1.1 (+http://search.msn.com/msnbot.htm)"
76.71.47.228 - - [07/Dec/2008:13:19:27 -0500] "GET /gifs/goldstar.jpg HTTP/1.1" 304 - "-" "Mozilla/4.0 (compatible; MSIE 7.0; Windows NT 5.1; FunWebProducts; SPOENB/1.0; AntivirXP08; .NET CLR 1.1.4322; SPOENB/1.0)"
208.111.154.15 - - [07/Dec/2008:13:27:39 -0500] "GET /robots.txt HTTP/1.0" 404 693 "-" "Mozilla/5.0 (compatible; Charlotte/1.1; http://www.searchme.com/support/)"
124.115.0.15 - - [07/Dec/2008:13:50:17 -0500] "GET /robots.txt HTTP/1.1" 404 693 "http://www.toastpoint.com/robots.txt" "Sosospider+(+http://help.soso.com/webspider.htm)"
66.249.66.46 - - [07/Dec/2008:14:15:22 -0500] "GET /haiku/1995/1995.html HTTP/1.1" 200 951 "-" "Nokia6820/2.0 (4.83) Profile/MIDP-1.0 Configuration/CLDC-1.0 (compatible; Googlebot-Mobile/2.1; +http://www.google.com/bot.html)"
193.47.80.45 - - [07/Dec/2008:14:30:08 -0500] "GET /limerick/1995/nautsept.html HTTP/1.1" 200 7977 "-" "Mozilla/5.0 (compatible; Exabot/3.0; +http://www.exabot.com/go/robot)"
76.71.47.228 - - [07/Dec/2008:14:40:07 -0500] "GET /gifs/goldstar.jpg HTTP/1.1" 304 - "-" "Mozilla/4.0 (compatible; MSIE 7.0; Windows NT 5.1; FunWebProducts; SPOENB/1.0; AntivirXP08; .NET CLR 1.1.4322; SPOENB/1.0)"
207.126.224.241 - - [07/Dec/2008:14:43:37 -0500] "GET /haiku/haiku.html HTTP/1.0" 200 2147 "-" "Mozilla/4.05 [en]"
76.71.47.228 - - [07/Dec/2008:15:06:16 -0500] "GET /gifs/goldstar.jpg HTTP/1.1" 304 - "-" "Mozilla/4.0 (compatible; MSIE 7.0; Windows NT 5.1; FunWebProducts; SPOENB/1.0; AntivirXP08; .NET CLR 1.1.4322; SPOENB/1.0)"
64.1.215.164 - - [07/Dec/2008:15:13:05 -0500] "GET /gifs/program2a.jpg HTTP/1.0" 200 16735 "-" "Mozilla/5.0 (Twiceler-0.9 http://www.cuil.com/twiceler/robot.html)"
65.55.209.249 - - [07/Dec/2008:15:48:17 -0500] "GET /robots.txt HTTP/1.1" 404 693 "-" "msnbot/1.1 (+http://search.msn.com/msnbot.htm)"
65.55.209.249 - - [07/Dec/2008:15:48:17 -0500] "GET /travel/alaska2004.html HTTP/1.1" 200 4572 "-" "msnbot/1.1 (+http://search.msn.com/msnbot.htm)"
208.36.144.8 - - [07/Dec/2008:16:10:38 -0500] "GET /robots.txt HTTP/1.0" 404 693 "-" "Mozilla/5.0 (Twiceler-0.9 http://www.cuil.com/twiceler/robot.html)"
193.47.80.45 - - [07/Dec/2008:16:57:04 -0500] "GET /limerick/1996/nice996.html HTTP/1.1" 200 4972 "-" "Mozilla/5.0 (compatible; Exabot/3.0; +http://www.exabot.com/go/robot)"
80.58.205.43 - - [07/Dec/2008:17:02:42 -0500] "GET /fiction/fict98/fict698.html HTTP/1.1" 200 12890 "http://www.google.es/search?client=firefox-a&rls=org.mozilla%3Aes-ES%3Aofficial&channel=s&hl=es&q=TENBOOBS&meta=&btnG=Buscar+con+Google" "Mozilla/5.0 (Windows; U; Windows NT 5.1; es-ES; rv:1.9.0.4) Gecko/2008102920 Firefox/3.0.4"
80.58.205.43 - - [07/Dec/2008:17:02:43 -0500] "GET /fiction/fict98/crabthb.gif HTTP/1.1" 404 693 "http://www.toastpoint.com/fiction/fict98/fict698.html" "Mozilla/5.0 (Windows; U; Windows NT 5.1; es-ES; rv:1.9.0.4) Gecko/2008102920 Firefox/3.0.4"
80.58.205.43 - - [07/Dec/2008:17:02:43 -0500] "GET /gifs/paper.gif HTTP/1.1" 200 4756 "http://www.toastpoint.com/fiction/fict98/fict698.html" "Mozilla/5.0 (Windows; U; Windows NT 5.1; es-ES; rv:1.9.0.4) Gecko/2008102920 Firefox/3.0.4"
80.58.205.43 - - [07/Dec/2008:17:02:43 -0500] "GET /gifs/quill1.gif HTTP/1.1" 200 4312 "http://www.toastpoint.com/fiction/fict98/fict698.html" "Mozilla/5.0 (Windows; U; Windows NT 5.1; es-ES; rv:1.9.0.4) Gecko/2008102920 Firefox/3.0.4"
80.58.205.43 - - [07/Dec/2008:17:02:43 -0500] "GET /gifs/quill2.gif HTTP/1.1" 200 4300 "http://www.toastpoint.com/fiction/fict98/fict698.html" "Mozilla/5.0 (Windows; U; Windows NT 5.1; es-ES; rv:1.9.0.4) Gecko/2008102920 Firefox/3.0.4"
80.58.205.43 - - [07/Dec/2008:17:02:43 -0500] "GET /fiction/fict98/coupthb.gif HTTP/1.1" 404 693 "http://www.toastpoint.com/fiction/fict98/fict698.html" "Mozilla/5.0 (Windows; U; Windows NT 5.1; es-ES; rv:1.9.0.4) Gecko/2008102920 Firefox/3.0.4"
80.58.205.43 - - [07/Dec/2008:17:02:43 -0500] "GET /gifs/star3.gif HTTP/1.1" 200 1536 "http://www.toastpoint.com/fiction/fict98/fict698.html" "Mozilla/5.0 (Windows; U; Windows NT 5.1; es-ES; rv:1.9.0.4) Gecko/2008102920 Firefox/3.0.4"
80.58.205.43 - - [07/Dec/2008:17:02:44 -0500] "GET /favicon.ico HTTP/1.1" 404 693 "-" "Mozilla/5.0 (Windows; U; Windows NT 5.1; es-ES; rv:1.9.0.4) Gecko/2008102920 Firefox/3.0.4"
80.58.205.43 - - [07/Dec/2008:17:02:46 -0500] "GET /favicon.ico HTTP/1.1" 404 693 "-" "Mozilla/5.0 (Windows; U; Windows NT 5.1; es-ES; rv:1.9.0.4) Gecko/2008102920 Firefox/3.0.4"
74.6.21.249 - - [07/Dec/2008:17:07:25 -0500] "GET /robots.txt HTTP/1.0" 404 693 "-" "Mozilla/5.0 (compatible; Yahoo! Slurp; http://help.yahoo.com/help/us/ysearch/slurp)"
74.6.30.101 - - [07/Dec/2008:17:07:25 -0500] "GET / HTTP/1.0" 200 464 "-" "Mozilla/5.0 (compatible; Yahoo! DE Slurp; http://help.yahoo.com/help/us/ysearch/slurp)"
74.6.30.101 - - [07/Dec/2008:17:07:26 -0500] "GET /toastpointtopleft.html HTTP/1.0" 200 162 "-" "Mozilla/5.0 (compatible; Yahoo! DE Slurp; http://help.yahoo.com/help/us/ysearch/slurp)"
74.6.30.101 - - [07/Dec/2008:17:07:26 -0500] "GET /toastpointtoc.html HTTP/1.0" 200 1188 "-" "Mozilla/5.0 (compatible; Yahoo! DE Slurp; http://help.yahoo.com/help/us/ysearch/slurp)"
74.6.30.101 - - [07/Dec/2008:17:07:26 -0500] "GET /news.html HTTP/1.0" 200 17577 "-" "Mozilla/5.0 (compatible; Yahoo! DE Slurp; http://help.yahoo.com/help/us/ysearch/slurp)"
74.6.30.101 - - [07/Dec/2008:17:07:27 -0500] "GET /toastpointtopright.html HTTP/1.0" 200 151 "-" "Mozilla/5.0 (compatible; Yahoo! DE Slurp; http://help.yahoo.com/help/us/ysearch/slurp)"
74.6.30.101 - - [07/Dec/2008:17:07:27 -0500] "GET /tpnews.html HTTP/1.0" 200 8004 "-" "Mozilla/5.0 (compatible; Yahoo! DE Slurp; http://help.yahoo.com/help/us/ysearch/slurp)"
72.30.79.51 - - [07/Dec/2008:17:09:03 -0500] "GET /robots.txt HTTP/1.0" 404 693 "-" "Mozilla/5.0 (compatible; Yahoo! Slurp; http://help.yahoo.com/help/us/ysearch/slurp)"
70.51.77.58 - - [07/Dec/2008:17:46:02 -0500] "GET /haiku/1998/haik1298.html HTTP/1.1" 200 28856 "http://www.google.com/search?hl=en&q=issa+bumblebee+snail+haiku&btnG=Google+Search&aq=f&oq=" "Mozilla/5.0 (Macintosh; U; Intel Mac OS X; en) AppleWebKit/418.9 (KHTML, like Gecko) Safari/419.3"
70.51.77.58 - - [07/Dec/2008:17:46:03 -0500] "GET /gifs/japan.gif HTTP/1.1" 200 5737 "http://www.toastpoint.com/haiku/1998/haik1298.html" "Mozilla/5.0 (Macintosh; U; Intel Mac OS X; en) AppleWebKit/418.9 (KHTML, like Gecko) Safari/419.3"
70.51.77.58 - - [07/Dec/2008:17:46:03 -0500] "GET /gifs/goldstar.jpg HTTP/1.1" 200 1854 "http://www.toastpoint.com/haiku/1998/haik1298.html" "Mozilla/5.0 (Macintosh; U; Intel Mac OS X; en) AppleWebKit/418.9 (KHTML, like Gecko) Safari/419.3"
70.51.77.58 - - [07/Dec/2008:17:46:03 -0500] "GET /gifs/blank.jpg HTTP/1.1" 200 705 "http://www.toastpoint.com/haiku/1998/haik1298.html" "Mozilla/5.0 (Macintosh; U; Intel Mac OS X; en) AppleWebKit/418.9 (KHTML, like Gecko) Safari/419.3"
70.51.77.58 - - [07/Dec/2008:17:46:03 -0500] "GET /favicon.ico HTTP/1.1" 404 693 "-" "Mozilla/5.0 (Macintosh; U; Intel Mac OS X; en) AppleWebKit/418.9 (KHTML, like Gecko) Safari/419.3"
98.164.196.131 - - [07/Dec/2008:17:54:23 -0500] "GET /limerick/1996/nice796.html HTTP/1.1" 200 10929 "http://www.google.com/search?hl=en&q=columbo+limrick+from+show+belly+can&aq=f&oq=" "Mozilla/4.0 (compatible; MSIE 7.0; Windows NT 5.1; .NET CLR 1.1.4322)"
98.164.196.131 - - [07/Dec/2008:17:54:24 -0500] "GET /gifs/happy.jpg HTTP/1.1" 200 3135 "http://www.toastpoint.com/limerick/1996/nice796.html" "Mozilla/4.0 (compatible; MSIE 7.0; Windows NT 5.1; .NET CLR 1.1.4322)"
98.164.196.131 - - [07/Dec/2008:17:54:24 -0500] "GET /gifs/goldstar.jpg HTTP/1.1" 200 1854 "http://www.toastpoint.com/limerick/1996/nice796.html" "Mozilla/4.0 (compatible; MSIE 7.0; Windows NT 5.1; .NET CLR 1.1.4322)"
98.164.196.131 - - [07/Dec/2008:17:54:24 -0500] "GET /favicon.ico HTTP/1.1" 404 693 "-" "Mozilla/4.0 (compatible; MSIE 7.0; Windows NT 5.1; .NET CLR 1.1.4322)"
70.197.103.57 - - [07/Dec/2008:17:55:46 -0500] "GET /gifs/boobies.gif HTTP/1.1" 200 11144 "http://www.toastpoint.com/limerick/naut199.html" "Mozilla/4.0 (compatible; MSIE 7.0; Windows NT 6.0; SLCC1; .NET CLR 2.0.50727; Media Center PC 5.0; .NET CLR 3.0.04506)"
70.197.103.57 - - [07/Dec/2008:17:55:46 -0500] "GET /limerick/naut199.html HTTP/1.1" 200 34481 "http://www.google.com/search?source=ig&hl=en&rlz=1G1GGLQ_ENUS288&q=naughty+limericks&aq=1&oq=naughty+l" "Mozilla/4.0 (compatible; MSIE 7.0; Windows NT 6.0; SLCC1; .NET CLR 2.0.50727; Media Center PC 5.0; .NET CLR 3.0.04506)"
70.197.103.57 - - [07/Dec/2008:17:55:47 -0500] "GET /gifs/nakedman.gif HTTP/1.1" 200 7734 "http://www.toastpoint.com/limerick/naut199.html" "Mozilla/4.0 (compatible; MSIE 7.0; Windows NT 6.0; SLCC1; .NET CLR 2.0.50727; Media Center PC 5.0; .NET CLR 3.0.04506)"
70.197.103.57 - - [07/Dec/2008:17:55:48 -0500] "GET /gifs/goldstar.jpg HTTP/1.1" 200 1854 "http://www.toastpoint.com/limerick/naut199.html" "Mozilla/4.0 (compatible; MSIE 7.0; Windows NT 6.0; SLCC1; .NET CLR 2.0.50727; Media Center PC 5.0; .NET CLR 3.0.04506)"
70.197.103.57 - - [07/Dec/2008:17:55:51 -0500] "GET /favicon.ico HTTP/1.1" 404 693 "-" "Mozilla/4.0 (compatible; MSIE 7.0; Windows NT 6.0; SLCC1; .NET CLR 2.0.50727; Media Center PC 5.0; .NET CLR 3.0.04506)"
98.164.196.131 - - [07/Dec/2008:17:57:53 -0500] "GET /limerick/1996/lim1996.html HTTP/1.1" 200 2072 "http://www.toastpoint.com/limerick/1996/nice796.html" "Mozilla/4.0 (compatible; MSIE 7.0; Windows NT 5.1; .NET CLR 1.1.4322)"
98.164.196.131 - - [07/Dec/2008:17:57:53 -0500] "GET /gifs/mouthf1.jpg HTTP/1.1" 200 3650 "http://www.toastpoint.com/limerick/1996/lim1996.html" "Mozilla/4.0 (compatible; MSIE 7.0; Windows NT 5.1; .NET CLR 1.1.4322)"
98.164.196.131 - - [07/Dec/2008:17:57:58 -0500] "GET /limerick/1996/naut796.html HTTP/1.1" 200 9432 "http://www.toastpoint.com/limerick/1996/lim1996.html" "Mozilla/4.0 (compatible; MSIE 7.0; Windows NT 5.1; .NET CLR 1.1.4322)"
98.164.196.131 - - [07/Dec/2008:17:57:58 -0500] "GET /gifs/banana.jpg HTTP/1.1" 200 4139 "http://www.toastpoint.com/limerick/1996/naut796.html" "Mozilla/4.0 (compatible; MSIE 7.0; Windows NT 5.1; .NET CLR 1.1.4322)"
98.164.196.131 - - [07/Dec/2008:18:09:33 -0500] "GET /limerick/limerick.html HTTP/1.1" 200 2613 "http://www.toastpoint.com/limerick/1996/naut796.html" "Mozilla/4.0 (compatible; MSIE 7.0; Windows NT 5.1; .NET CLR 1.1.4322)"
98.164.196.131 - - [07/Dec/2008:18:09:34 -0500] "GET /gifs/birdumb2.gif HTTP/1.1" 200 4698 "http://www.toastpoint.com/limerick/limerick.html" "Mozilla/4.0 (compatible; MSIE 7.0; Windows NT 5.1; .NET CLR 1.1.4322)"
98.164.196.131 - - [07/Dec/2008:18:09:34 -0500] "GET /gifs/woman.gif HTTP/1.1" 200 9657 "http://www.toastpoint.com/limerick/limerick.html" "Mozilla/4.0 (compatible; MSIE 7.0; Windows NT 5.1; .NET CLR 1.1.4322)"
98.164.196.131 - - [07/Dec/2008:18:09:51 -0500] "GET /limerick/naut599.html HTTP/1.1" 200 21235 "http://www.toastpoint.com/limerick/limerick.html" "Mozilla/4.0 (compatible; MSIE 7.0; Windows NT 5.1; .NET CLR 1.1.4322)"
98.164.196.131 - - [07/Dec/2008:18:09:52 -0500] "GET /gifs/nakedman.gif HTTP/1.1" 200 7734 "http://www.toastpoint.com/limerick/naut599.html" "Mozilla/4.0 (compatible; MSIE 7.0; Windows NT 5.1; .NET CLR 1.1.4322)"
98.164.196.131 - - [07/Dec/2008:18:09:52 -0500] "GET /gifs/boobies.gif HTTP/1.1" 200 11144 "http://www.toastpoint.com/limerick/naut599.html" "Mozilla/4.0 (compatible; MSIE 7.0; Windows NT 5.1; .NET CLR 1.1.4322)"
66.21.205.177 - - [07/Dec/2008:18:11:28 -0500] "GET /gifs/nakedman.gif HTTP/1.1" 200 7734 "http://www.toastpoint.com/limerick/naut199.html" "Mozilla/4.0 (compatible; MSIE 6.0; Windows NT 5.1; SV1; 3P_UVRM 1.0.11.1)"
66.21.205.177 - - [07/Dec/2008:18:11:28 -0500] "GET /gifs/boobies.gif HTTP/1.1" 200 11144 "http://www.toastpoint.com/limerick/naut199.html" "Mozilla/4.0 (compatible; MSIE 6.0; Windows NT 5.1; SV1; 3P_UVRM 1.0.11.1)"
66.21.205.177 - - [07/Dec/2008:18:11:28 -0500] "GET /limerick/naut199.html HTTP/1.1" 200 34481 "http://www.google.com/search?hl=en&q=naughty+limericks&aq=2&oq=naughty+l" "Mozilla/4.0 (compatible; MSIE 6.0; Windows NT 5.1; SV1; 3P_UVRM 1.0.11.1)"
66.21.205.177 - - [07/Dec/2008:18:11:28 -0500] "GET /gifs/goldstar.jpg HTTP/1.1" 200 1854 "http://www.toastpoint.com/limerick/naut199.html" "Mozilla/4.0 (compatible; MSIE 6.0; Windows NT 5.1; SV1; 3P_UVRM 1.0.11.1)"
66.249.66.46 - - [07/Dec/2008:18:21:28 -0500] "GET /fiction/fict97/fict297.html HTTP/1.1" 200 8467 "-" "Nokia6820/2.0 (4.83) Profile/MIDP-1.0 Configuration/CLDC-1.0 (compatible; Googlebot-Mobile/2.1; +http://www.google.com/bot.html)"
66.249.66.46 - - [07/Dec/2008:18:21:35 -0500] "GET /limerick/brady/brady1.html HTTP/1.1" 200 4493 "-" "Nokia6820/2.0 (4.83) Profile/MIDP-1.0 Configuration/CLDC-1.0 (compatible; Googlebot-Mobile/2.1; +http://www.google.com/bot.html)"
66.249.66.46 - - [07/Dec/2008:18:22:04 -0500] "GET /fiction/fict98/fict998.html HTTP/1.1" 200 7905 "-" "Nokia6820/2.0 (4.83) Profile/MIDP-1.0 Configuration/CLDC-1.0 (compatible; Googlebot-Mobile/2.1; +http://www.google.com/bot.html)"
66.249.66.46 - - [07/Dec/2008:18:22:32 -0500] "GET /limerick/1997/lim1997.html HTTP/1.1" 200 1925 "-" "Nokia6820/2.0 (4.83) Profile/MIDP-1.0 Configuration/CLDC-1.0 (compatible; Googlebot-Mobile/2.1; +http://www.google.com/bot.html)"
66.249.66.46 - - [07/Dec/2008:18:26:10 -0500] "GET /haiku/1995/haikujul.html HTTP/1.1" 200 2170 "-" "Nokia6820/2.0 (4.83) Profile/MIDP-1.0 Configuration/CLDC-1.0 (compatible; Googlebot-Mobile/2.1; +http://www.google.com/bot.html)"
208.80.194.55 - - [07/Dec/2008:18:40:10 -0500] "GET / HTTP/1.0" 200 464 "-" "Mozilla/4.0 (compatible; MSIE 6.0; Windows NT 5.1; (none); Media Center PC 2.8; .NET CLR 1.1.4322; .NET CLR 2.0.50727; ZangoToolbar 4.8.3)"
65.55.210.6 - - [07/Dec/2008:18:57:34 -0500] "GET /robots.txt HTTP/1.1" 404 693 "-" "msnbot/1.1 (+http://search.msn.com/msnbot.htm)"
65.55.210.6 - - [07/Dec/2008:18:57:34 -0500] "GET /limerick/ HTTP/1.1" 403 563 "-" "msnbot/1.1 (+http://search.msn.com/msnbot.htm)"
74.192.104.182 - - [07/Dec/2008:19:04:13 -0500] "GET /rapture/rapture.html HTTP/1.1" 200 22564 "http://images.ask.com/fr?q=right+to+trial+by+jury&desturi=http%3A%2F%2Fwww.toastpoint.com%2Frapture%2Frapture.html&fm=i&ac=3&ftURI=http%3A%2F%2Fimages.ask.com%2Ffr%3Fq%3Dright%2Bto%2Btrial%2Bby%2Bjury%26desturi%3Dhttp%253A%252F%252Fwww.toastpoint.com%252Frapture%252Frapture.html%26imagesrc%3Dhttp%253A%252F%252Fwww.toastpoint.com%252Frapture%252Ftbj-jury.gif%26thumbsrc%3Dhttp%253A%252F%252F66.235.120.64%252Fts%253Ft%253D2656937575207208691%2526pid%253D23296%2526ppid%253D0%26o%3D0%26l%3Ddir%26thumbuselocalisedstatic%3Dfalse%26fn%3Dtbj-jury.gif%26imagewidth%3D250%26imageheight%3D212%26fs%3D3%26ft%3Dgif%26f%3D2%26fm%3Di%26ftbURI%3Dhttp%253A%252F%252Fwww.ask.com%252Fpictures%253Fq%253Dright%252Bto%252Btrial%252Bby%252Bjury%2526page%253D1%2526o%253D0%2526l%253Ddir%2526pstart%253D0&qt=0" "Mozilla/4.0 (compatible; MSIE 7.0; Windows NT 5.1; .NET CLR 1.0.3705; .NET CLR 1.1.4322; Media Center PC 4.0)"
74.192.104.182 - - [07/Dec/2008:19:04:13 -0500] "GET /rapture/tbj-jury.gif HTTP/1.1" 200 3904 "http://www.toastpoint.com/rapture/rapture.html" "Mozilla/4.0 (compatible; MSIE 7.0; Windows NT 5.1; .NET CLR 1.0.3705; .NET CLR 1.1.4322; Media Center PC 4.0)"
74.192.104.182 - - [07/Dec/2008:19:04:13 -0500] "GET /rapture/sor-well.gif HTTP/1.1" 200 2583 "http://www.toastpoint.com/rapture/rapture.html" "Mozilla/4.0 (compatible; MSIE 7.0; Windows NT 5.1; .NET CLR 1.0.3705; .NET CLR 1.1.4322; Media Center PC 4.0)"
74.192.104.182 - - [07/Dec/2008:19:04:13 -0500] "GET /rapture/hms-dick.gif HTTP/1.1" 200 3100 "http://www.toastpoint.com/rapture/rapture.html" "Mozilla/4.0 (compatible; MSIE 7.0; Windows NT 5.1; .NET CLR 1.0.3705; .NET CLR 1.1.4322; Media Center PC 4.0)"
74.192.104.182 - - [07/Dec/2008:19:04:13 -0500] "GET /rapture/pirates.gif HTTP/1.1" 200 4045 "http://www.toastpoint.com/rapture/rapture.html" "Mozilla/4.0 (compatible; MSIE 7.0; Windows NT 5.1; .NET CLR 1.0.3705; .NET CLR 1.1.4322; Media Center PC 4.0)"
74.192.104.182 - - [07/Dec/2008:19:04:13 -0500] "GET /rapture/bunthorne.gif HTTP/1.1" 200 3137 "http://www.toastpoint.com/rapture/rapture.html" "Mozilla/4.0 (compatible; MSIE 7.0; Windows NT 5.1; .NET CLR 1.0.3705; .NET CLR 1.1.4322; Media Center PC 4.0)"
74.192.104.182 - - [07/Dec/2008:19:04:13 -0500] "GET /rapture/iolanthe.gif HTTP/1.1" 200 2814 "http://www.toastpoint.com/rapture/rapture.html" "Mozilla/4.0 (compatible; MSIE 7.0; Windows NT 5.1; .NET CLR 1.0.3705; .NET CLR 1.1.4322; Media Center PC 4.0)"
74.192.104.182 - - [07/Dec/2008:19:04:13 -0500] "GET /rapture/mik-lips.gif HTTP/1.1" 200 3352 "http://www.toastpoint.com/rapture/rapture.html" "Mozilla/4.0 (compatible; MSIE 7.0; Windows NT 5.1; .NET CLR 1.0.3705; .NET CLR 1.1.4322; Media Center PC 4.0)"
74.192.104.182 - - [07/Dec/2008:19:04:13 -0500] "GET /rapture/ida-monk.gif HTTP/1.1" 200 3753 "http://www.toastpoint.com/rapture/rapture.html" "Mozilla/4.0 (compatible; MSIE 7.0; Windows NT 5.1; .NET CLR 1.0.3705; .NET CLR 1.1.4322; Media Center PC 4.0)"
74.192.104.182 - - [07/Dec/2008:19:04:13 -0500] "GET /rapture/rud-spec.gif HTTP/1.1" 200 2489 "http://www.toastpoint.com/rapture/rapture.html" "Mozilla/4.0 (compatible; MSIE 7.0; Windows NT 5.1; .NET CLR 1.0.3705; .NET CLR 1.1.4322; Media Center PC 4.0)"
74.192.104.182 - - [07/Dec/2008:19:04:13 -0500] "GET /rapture/yeo-song.gif HTTP/1.1" 200 2781 "http://www.toastpoint.com/rapture/rapture.html" "Mozilla/4.0 (compatible; MSIE 7.0; Windows NT 5.1; .NET CLR 1.0.3705; .NET CLR 1.1.4322; Media Center PC 4.0)"
74.192.104.182 - - [07/Dec/2008:19:04:13 -0500] "GET /rapture/gon-baby.gif HTTP/1.1" 200 2847 "http://www.toastpoint.com/rapture/rapture.html" "Mozilla/4.0 (compatible; MSIE 7.0; Windows NT 5.1; .NET CLR 1.0.3705; .NET CLR 1.1.4322; Media Center PC 4.0)"
