71.105.95.162 - - [21/Jan/2009:00:12:24 -0500] "GET /favicon.ico HTTP/1.1" 404 693 "-" "Mozilla/4.0 (compatible; MSIE 7.0; Windows NT 5.1; .NET CLR 1.1.4322; IEMB3; .NET CLR 2.0.50727; IEMB3)"
71.105.95.162 - - [21/Jan/2009:00:12:24 -0500] "GET /limerick/1996/nic1296.html HTTP/1.1" 200 19459 "-" "Mozilla/4.0 (compatible; MSIE 7.0; Windows NT 5.1; .NET CLR 1.1.4322; IEMB3; .NET CLR 2.0.50727; IEMB3)"
71.105.95.162 - - [21/Jan/2009:00:12:24 -0500] "GET /gifs/happy.jpg HTTP/1.1" 200 3135 "http://www.toastpoint.com/limerick/1996/nic1296.html" "Mozilla/4.0 (compatible; MSIE 7.0; Windows NT 5.1; .NET CLR 1.1.4322; IEMB3; .NET CLR 2.0.50727; IEMB3)"
71.105.95.162 - - [21/Jan/2009:00:12:25 -0500] "GET /gifs/goldstar.jpg HTTP/1.1" 200 1854 "http://www.toastpoint.com/limerick/1996/nic1296.html" "Mozilla/4.0 (compatible; MSIE 7.0; Windows NT 5.1; .NET CLR 1.1.4322; IEMB3; .NET CLR 2.0.50727; IEMB3)"
71.105.95.162 - - [21/Jan/2009:00:16:18 -0500] "GET /gifs/boobies.gif HTTP/1.1" 200 11144 "http://www.toastpoint.com/limerick/naut199.html" "Mozilla/4.0 (compatible; MSIE 7.0; Windows NT 5.1; .NET CLR 1.1.4322; IEMB3; .NET CLR 2.0.50727; IEMB3)"
71.105.95.162 - - [21/Jan/2009:00:16:18 -0500] "GET /limerick/naut199.html HTTP/1.1" 200 34481 "http://www.google.com/search?hl=en&rls=com.microsoft:en-us:IE-SearchBox&rlz=1I7SUNA_en&sa=X&oi=spell&resnum=0&ct=result&cd=1&q=ebonics+limericks&spell=1" "Mozilla/4.0 (compatible; MSIE 7.0; Windows NT 5.1; .NET CLR 1.1.4322; IEMB3; .NET CLR 2.0.50727; IEMB3)"
71.105.95.162 - - [21/Jan/2009:00:16:19 -0500] "GET /gifs/nakedman.gif HTTP/1.1" 200 7734 "http://www.toastpoint.com/limerick/naut199.html" "Mozilla/4.0 (compatible; MSIE 7.0; Windows NT 5.1; .NET CLR 1.1.4322; IEMB3; .NET CLR 2.0.50727; IEMB3)"
66.235.124.8 - - [21/Jan/2009:00:23:36 -0500] "GET /robots.txt HTTP/1.1" 404 693 "-" "Mozilla/5.0 (compatible; Ask Jeeves/Teoma; +http://about.ask.com/en/docs/about/webmasters.shtml)"
66.235.124.8 - - [21/Jan/2009:00:23:41 -0500] "GET /fiction/fict98/fict198.html HTTP/1.1" 200 62967 "-" "Mozilla/5.0 (compatible; Ask Jeeves/Teoma; +http://about.ask.com/en/docs/about/webmasters.shtml)"
208.111.154.15 - - [21/Jan/2009:00:25:39 -0500] "GET /robots.txt HTTP/1.1" 404 693 "-" "Mozilla/5.0 (compatible; Charlotte/1.1; http://www.searchme.com/support/)"
208.111.154.15 - - [21/Jan/2009:00:25:51 -0500] "GET /limerick/1995/nicedec.html HTTP/1.1" 200 13251 "-" "Mozilla/5.0 (compatible; Charlotte/1.1; http://www.searchme.com/support/)"
208.111.154.15 - - [21/Jan/2009:00:48:25 -0500] "GET /robots.txt HTTP/1.1" 404 693 "-" "Mozilla/5.0 (compatible; Charlotte/1.1; http://www.searchme.com/support/)"
208.111.154.16 - - [21/Jan/2009:00:52:01 -0500] "GET /robots.txt HTTP/1.1" 404 693 "-" "Mozilla/5.0 (compatible; Charlotte/1.1; http://www.searchme.com/support/)"
173.112.26.169 - - [21/Jan/2009:01:24:08 -0500] "GET /gifs/boobies.gif HTTP/1.1" 200 11144 "http://www.toastpoint.com/limerick/naut199.html" "Mozilla/4.0 (compatible; MSIE 7.0; Windows NT 5.1; .NET CLR 1.1.4322)"
173.112.26.169 - - [21/Jan/2009:01:24:08 -0500] "GET /limerick/naut199.html HTTP/1.1" 200 34481 "http://www.google.com/search?hl=en&q=flyin+nun+nubians&aq=f&oq=" "Mozilla/4.0 (compatible; MSIE 7.0; Windows NT 5.1; .NET CLR 1.1.4322)"
173.112.26.169 - - [21/Jan/2009:01:24:08 -0500] "GET /gifs/nakedman.gif HTTP/1.1" 200 7734 "http://www.toastpoint.com/limerick/naut199.html" "Mozilla/4.0 (compatible; MSIE 7.0; Windows NT 5.1; .NET CLR 1.1.4322)"
173.112.26.169 - - [21/Jan/2009:01:24:09 -0500] "GET /gifs/goldstar.jpg HTTP/1.1" 200 1854 "http://www.toastpoint.com/limerick/naut199.html" "Mozilla/4.0 (compatible; MSIE 7.0; Windows NT 5.1; .NET CLR 1.1.4322)"
173.112.26.169 - - [21/Jan/2009:01:24:09 -0500] "GET /favicon.ico HTTP/1.1" 404 693 "-" "Mozilla/4.0 (compatible; MSIE 7.0; Windows NT 5.1; .NET CLR 1.1.4322)"
194.110.162.225 - - [21/Jan/2009:01:51:08 -0500] "GET /haiku/1998/haiku298.html HTTP/1.1" 200 35588 "-" "Mozilla/4.0 (compatible; MSIE 6.0; Windows NT 5.1; SV1; .NET CLR 1.1.4322)"
65.55.209.248 - - [21/Jan/2009:02:03:29 -0500] "GET /robots.txt HTTP/1.1" 404 693 "-" "msnbot/1.1 (+http://search.msn.com/msnbot.htm)"
65.55.209.248 - - [21/Jan/2009:02:03:29 -0500] "GET /limerick/brady/brady97.html HTTP/1.1" 304 - "-" "msnbot/1.1 (+http://search.msn.com/msnbot.htm)"
72.20.109.37 - - [21/Jan/2009:02:12:18 -0500] "GET /robots.txt HTTP/1.1" 404 693 "-" "GurujiBot/1.0 (+http://www.guruji.com/en/WebmasterFAQ.html)"
72.20.109.37 - - [21/Jan/2009:02:12:18 -0500] "GET / HTTP/1.1" 200 919088 "-" "GurujiBot/1.0 (+http://www.guruji.com/en/WebmasterFAQ.html)"
67.195.37.90 - - [21/Jan/2009:03:07:27 -0500] "GET /robots.txt HTTP/1.0" 404 693 "-" "Mozilla/5.0 (compatible; Yahoo! Slurp; http://help.yahoo.com/help/us/ysearch/slurp)"
67.195.37.90 - - [21/Jan/2009:03:07:27 -0500] "GET / HTTP/1.0" 200 464 "-" "Mozilla/5.0 (compatible; Yahoo! DE Slurp; http://help.yahoo.com/help/us/ysearch/slurp)"
67.195.37.90 - - [21/Jan/2009:03:07:28 -0500] "GET /toastpointtopleft.html HTTP/1.0" 200 162 "-" "Mozilla/5.0 (compatible; Yahoo! DE Slurp; http://help.yahoo.com/help/us/ysearch/slurp)"
67.195.37.90 - - [21/Jan/2009:03:07:28 -0500] "GET /toastpointtoc.html HTTP/1.0" 200 1188 "-" "Mozilla/5.0 (compatible; Yahoo! DE Slurp; http://help.yahoo.com/help/us/ysearch/slurp)"
67.195.37.90 - - [21/Jan/2009:03:07:29 -0500] "GET /news.html HTTP/1.0" 200 17706 "-" "Mozilla/5.0 (compatible; Yahoo! DE Slurp; http://help.yahoo.com/help/us/ysearch/slurp)"
67.195.37.90 - - [21/Jan/2009:03:07:29 -0500] "GET /toastpointtopright.html HTTP/1.0" 200 151 "-" "Mozilla/5.0 (compatible; Yahoo! DE Slurp; http://help.yahoo.com/help/us/ysearch/slurp)"
67.195.37.90 - - [21/Jan/2009:03:07:30 -0500] "GET /tpnews.html HTTP/1.0" 200 8305 "-" "Mozilla/5.0 (compatible; Yahoo! DE Slurp; http://help.yahoo.com/help/us/ysearch/slurp)"
66.249.65.232 - - [21/Jan/2009:03:39:46 -0500] "GET /robots.txt HTTP/1.1" 404 693 "-" "Nokia6820/2.0 (4.83) Profile/MIDP-1.0 Configuration/CLDC-1.0 (compatible; Googlebot-Mobile/2.1; +http://www.google.com/bot.html)"
66.249.65.232 - - [21/Jan/2009:03:39:46 -0500] "GET /fiction/fict599.html HTTP/1.1" 200 7512 "-" "Nokia6820/2.0 (4.83) Profile/MIDP-1.0 Configuration/CLDC-1.0 (compatible; Googlebot-Mobile/2.1; +http://www.google.com/bot.html)"
66.249.65.112 - - [21/Jan/2009:03:59:26 -0500] "GET /limerick/travel/bayarea.html HTTP/1.1" 404 693 "-" "DoCoMo/2.0 N905i(c100;TB;W24H16) (compatible; Googlebot-Mobile/2.1; +http://www.google.com/bot.html)"
66.249.65.112 - - [21/Jan/2009:04:00:46 -0500] "GET /limerick/1997/cwhitchu@tassie.net.au HTTP/1.1" 404 693 "-" "DoCoMo/2.0 N905i(c100;TB;W24H16) (compatible; Googlebot-Mobile/2.1; +http://www.google.com/bot.html)"
66.249.65.112 - - [21/Jan/2009:04:02:16 -0500] "GET /limerick/1997/nice297.html HTTP/1.1" 200 16613 "-" "DoCoMo/2.0 N905i(c100;TB;W24H16) (compatible; Googlebot-Mobile/2.1; +http://www.google.com/bot.html)"
66.249.65.112 - - [21/Jan/2009:04:04:41 -0500] "GET /limerick/docs/fletcher.html HTTP/1.1" 200 5576 "-" "DoCoMo/2.0 N905i(c100;TB;W24H16) (compatible; Googlebot-Mobile/2.1; +http://www.google.com/bot.html)"
208.111.154.248 - - [21/Jan/2009:04:09:27 -0500] "GET /gifs/paper.gif HTTP/1.1" 200 4756 "http://www.toastpoint.com/fiction/fict98/fict198.html" "Mozilla/5.0 (X11; U; Linux i686 (x86_64); en-US; rv:1.8.1.18) Gecko/20081203 Firefox/2.0.0.18"
208.111.154.248 - - [21/Jan/2009:04:09:27 -0500] "GET /gifs/quill1.gif HTTP/1.1" 200 4312 "http://www.toastpoint.com/fiction/fict98/fict198.html" "Mozilla/5.0 (X11; U; Linux i686 (x86_64); en-US; rv:1.8.1.18) Gecko/20081203 Firefox/2.0.0.18"
208.111.154.248 - - [21/Jan/2009:04:09:27 -0500] "GET /fiction/fict98/fict198.html HTTP/1.1" 200 62967 "-" "Mozilla/5.0 (X11; U; Linux i686 (x86_64); en-US; rv:1.8.1.18) Gecko/20081203 Firefox/2.0.0.18"
208.111.154.248 - - [21/Jan/2009:04:09:28 -0500] "GET /gifs/quill2.gif HTTP/1.1" 200 4300 "http://www.toastpoint.com/fiction/fict98/fict198.html" "Mozilla/5.0 (X11; U; Linux i686 (x86_64); en-US; rv:1.8.1.18) Gecko/20081203 Firefox/2.0.0.18"
208.111.154.248 - - [21/Jan/2009:04:09:28 -0500] "GET /gifs/star3.gif HTTP/1.1" 200 1536 "http://www.toastpoint.com/fiction/fict98/fict198.html" "Mozilla/5.0 (X11; U; Linux i686 (x86_64); en-US; rv:1.8.1.18) Gecko/20081203 Firefox/2.0.0.18"
208.111.154.248 - - [21/Jan/2009:04:09:28 -0500] "GET /favicon.ico HTTP/1.1" 404 693 "-" "Mozilla/5.0 (X11; U; Linux i686 (x86_64); en-US; rv:1.8.1.18) Gecko/20081203 Firefox/2.0.0.18"
66.249.65.112 - - [21/Jan/2009:04:13:22 -0500] "GET /limerick/1997/nice1197.html HTTP/1.1" 200 19541 "-" "DoCoMo/2.0 N905i(c100;TB;W24H16) (compatible; Googlebot-Mobile/2.1; +http://www.google.com/bot.html)"
208.111.154.15 - - [21/Jan/2009:04:17:07 -0500] "GET /robots.txt HTTP/1.1" 404 693 "-" "Mozilla/5.0 (compatible; Charlotte/1.1; http://www.searchme.com/support/)"
208.111.154.15 - - [21/Jan/2009:04:17:26 -0500] "GET /limerick/1996/naut696.html HTTP/1.1" 200 13746 "-" "Mozilla/5.0 (compatible; Charlotte/1.1; http://www.searchme.com/support/)"
66.249.65.112 - - [21/Jan/2009:04:22:17 -0500] "GET /limerick/1997/nice597.html HTTP/1.1" 200 16764 "-" "DoCoMo/2.0 N905i(c100;TB;W24H16) (compatible; Googlebot-Mobile/2.1; +http://www.google.com/bot.html)"
208.111.154.249 - - [21/Jan/2009:04:28:59 -0500] "GET /fiction/fict97/fict1197.html HTTP/1.1" 200 12283 "-" "Mozilla/5.0 (X11; U; Linux i686 (x86_64); en-US; rv:1.8.1.18) Gecko/20081203 Firefox/2.0.0.18"
208.111.154.249 - - [21/Jan/2009:04:29:00 -0500] "GET /gifs/paper.gif HTTP/1.1" 200 4756 "http://www.toastpoint.com/fiction/fict97/fict1197.html" "Mozilla/5.0 (X11; U; Linux i686 (x86_64); en-US; rv:1.8.1.18) Gecko/20081203 Firefox/2.0.0.18"
208.111.154.249 - - [21/Jan/2009:04:29:00 -0500] "GET /gifs/quill1.gif HTTP/1.1" 200 4312 "http://www.toastpoint.com/fiction/fict97/fict1197.html" "Mozilla/5.0 (X11; U; Linux i686 (x86_64); en-US; rv:1.8.1.18) Gecko/20081203 Firefox/2.0.0.18"
208.111.154.249 - - [21/Jan/2009:04:29:00 -0500] "GET /gifs/quill2.gif HTTP/1.1" 200 4300 "http://www.toastpoint.com/fiction/fict97/fict1197.html" "Mozilla/5.0 (X11; U; Linux i686 (x86_64); en-US; rv:1.8.1.18) Gecko/20081203 Firefox/2.0.0.18"
208.111.154.249 - - [21/Jan/2009:04:29:00 -0500] "GET /gifs/star3.gif HTTP/1.1" 200 1536 "http://www.toastpoint.com/fiction/fict97/fict1197.html" "Mozilla/5.0 (X11; U; Linux i686 (x86_64); en-US; rv:1.8.1.18) Gecko/20081203 Firefox/2.0.0.18"
208.111.154.249 - - [21/Jan/2009:04:29:00 -0500] "GET /favicon.ico HTTP/1.1" 404 693 "-" "Mozilla/5.0 (X11; U; Linux i686 (x86_64); en-US; rv:1.8.1.18) Gecko/20081203 Firefox/2.0.0.18"
65.55.210.6 - - [21/Jan/2009:04:50:22 -0500] "GET /limerick/ HTTP/1.1" 403 563 "-" "msnbot/1.1 (+http://search.msn.com/msnbot.htm)"
208.111.154.249 - - [21/Jan/2009:05:06:21 -0500] "GET /haiku/1995/haikunov.html HTTP/1.1" 200 12211 "-" "Mozilla/5.0 (X11; U; Linux i686 (x86_64); en-US; rv:1.8.1.18) Gecko/20081203 Firefox/2.0.0.18"
208.111.154.249 - - [21/Jan/2009:05:06:21 -0500] "GET /haiku/1995/goldstar.gif HTTP/1.1" 200 3705 "http://www.toastpoint.com/haiku/1995/haikunov.html" "Mozilla/5.0 (X11; U; Linux i686 (x86_64); en-US; rv:1.8.1.18) Gecko/20081203 Firefox/2.0.0.18"
208.111.154.249 - - [21/Jan/2009:05:06:21 -0500] "GET /favicon.ico HTTP/1.1" 404 693 "-" "Mozilla/5.0 (X11; U; Linux i686 (x86_64); en-US; rv:1.8.1.18) Gecko/20081203 Firefox/2.0.0.18"
208.111.154.15 - - [21/Jan/2009:05:36:14 -0500] "GET /robots.txt HTTP/1.1" 404 693 "-" "Mozilla/5.0 (compatible; Charlotte/1.1; http://www.searchme.com/support/)"
208.111.154.16 - - [21/Jan/2009:05:49:58 -0500] "GET /robots.txt HTTP/1.1" 404 693 "-" "Mozilla/5.0 (compatible; Charlotte/1.1; http://www.searchme.com/support/)"
74.6.19.242 - - [21/Jan/2009:05:55:02 -0500] "GET /robots.txt HTTP/1.0" 404 693 "-" "Mozilla/5.0 (compatible; Yahoo! Slurp; http://help.yahoo.com/help/us/ysearch/slurp)"
74.6.30.119 - - [21/Jan/2009:05:55:02 -0500] "GET /haiku/haiku.html HTTP/1.0" 200 2147 "-" "Mozilla/5.0 (compatible; Yahoo! DE Slurp; http://help.yahoo.com/help/us/ysearch/slurp)"
66.235.124.58 - - [21/Jan/2009:06:03:16 -0500] "GET /robots.txt HTTP/1.0" 404 693 "-" "Mozilla/5.0 (compatible; Ask Jeeves/Teoma; +http://about.ask.com/en/docs/about/webmasters.shtml)"
66.235.124.58 - - [21/Jan/2009:06:03:16 -0500] "GET /limerick/naut199.html HTTP/1.0" 200 34481 "-" "Mozilla/5.0 (compatible; Ask Jeeves/Teoma; +http://about.ask.com/en/docs/about/webmasters.shtml)"
66.249.65.232 - - [21/Jan/2009:06:13:19 -0500] "GET /limerick/brady/brady1.html HTTP/1.1" 200 4493 "-" "Nokia6820/2.0 (4.83) Profile/MIDP-1.0 Configuration/CLDC-1.0 (compatible; Googlebot-Mobile/2.1; +http://www.google.com/bot.html)"
66.249.65.232 - - [21/Jan/2009:06:13:26 -0500] "GET /limerick/1997/nice797.html HTTP/1.1" 200 19339 "-" "Nokia6820/2.0 (4.83) Profile/MIDP-1.0 Configuration/CLDC-1.0 (compatible; Googlebot-Mobile/2.1; +http://www.google.com/bot.html)"
66.249.65.232 - - [21/Jan/2009:06:28:01 -0500] "GET /robots.txt HTTP/1.1" 404 693 "-" "Nokia6820/2.0 (4.83) Profile/MIDP-1.0 Configuration/CLDC-1.0 (compatible; Googlebot-Mobile/2.1; +http://www.google.com/bot.html)"
208.111.154.248 - - [21/Jan/2009:06:31:45 -0500] "GET /fiction/novels/peak1-2.html HTTP/1.1" 200 2302 "-" "Mozilla/5.0 (X11; U; Linux i686 (x86_64); en-US; rv:1.8.1.18) Gecko/20081203 Firefox/2.0.0.18"
208.111.154.248 - - [21/Jan/2009:06:31:46 -0500] "GET /gifs/paper.gif HTTP/1.1" 200 4756 "http://www.toastpoint.com/fiction/novels/peak1-2.html" "Mozilla/5.0 (X11; U; Linux i686 (x86_64); en-US; rv:1.8.1.18) Gecko/20081203 Firefox/2.0.0.18"
208.111.154.248 - - [21/Jan/2009:06:31:46 -0500] "GET /fiction/novels/wpeak.jpg HTTP/1.1" 200 52861 "http://www.toastpoint.com/fiction/novels/peak1-2.html" "Mozilla/5.0 (X11; U; Linux i686 (x86_64); en-US; rv:1.8.1.18) Gecko/20081203 Firefox/2.0.0.18"
208.111.154.248 - - [21/Jan/2009:06:31:46 -0500] "GET /fiction/novels/kix.jpg HTTP/1.1" 200 41172 "http://www.toastpoint.com/fiction/novels/peak1-2.html" "Mozilla/5.0 (X11; U; Linux i686 (x86_64); en-US; rv:1.8.1.18) Gecko/20081203 Firefox/2.0.0.18"
208.111.154.248 - - [21/Jan/2009:06:31:46 -0500] "GET /favicon.ico HTTP/1.1" 404 693 "-" "Mozilla/5.0 (X11; U; Linux i686 (x86_64); en-US; rv:1.8.1.18) Gecko/20081203 Firefox/2.0.0.18"
193.252.149.15 - - [21/Jan/2009:06:40:03 -0500] "GET /robots.txt HTTP/1.1" 404 693 "-" "Mozilla/5.0 (Windows; U; Windows NT 5.1; fr; rv:1.8.1) VoilaBot BETA 1.2 (support.voilabot@orange-ftgroup.com)"
193.252.149.15 - - [21/Jan/2009:06:40:45 -0500] "GET /limerick/nice199.html HTTP/1.1" 200 25313 "-" "Mozilla/5.0 (Windows; U; Windows NT 5.1; fr; rv:1.8.1) VoilaBot BETA 1.2 (support.voilabot@orange-ftgroup.com)"
63.241.3.51 - - [21/Jan/2009:06:44:27 -0500] "GET /limerick/limerick.html HTTP/1.1" 200 2613 "-" "-"
66.249.65.232 - - [21/Jan/2009:07:18:55 -0500] "GET /haiku/1995/1995.html HTTP/1.1" 200 951 "-" "Nokia6820/2.0 (4.83) Profile/MIDP-1.0 Configuration/CLDC-1.0 (compatible; Googlebot-Mobile/2.1; +http://www.google.com/bot.html)"
208.111.154.15 - - [21/Jan/2009:07:23:49 -0500] "GET /robots.txt HTTP/1.1" 404 693 "-" "Mozilla/5.0 (compatible; Charlotte/1.1; http://www.searchme.com/support/)"
74.53.239.34 - - [21/Jan/2009:07:27:15 -0500] "GET / HTTP/1.1" 200 464 "-" "Mozilla/5.0 (Windows; U; Windows NT 5.1; en-US; rv:1.9) Gecko/2008051206 Firefox/3.0"
66.249.65.232 - - [21/Jan/2009:07:39:04 -0500] "GET /limerick/1997/nice1097.html HTTP/1.1" 200 20810 "-" "Nokia6820/2.0 (4.83) Profile/MIDP-1.0 Configuration/CLDC-1.0 (compatible; Googlebot-Mobile/2.1; +http://www.google.com/bot.html)"
208.111.154.15 - - [21/Jan/2009:07:53:44 -0500] "GET /robots.txt HTTP/1.1" 404 693 "-" "Mozilla/5.0 (compatible; Charlotte/1.1; http://www.searchme.com/support/)"
119.40.64.9 - - [21/Jan/2009:07:53:53 -0500] "GET /limerick/naut199.html HTTP/1.1" 200 34481 "-" "Mozilla/4.0 (compatible; MSIE 6.0; Windows NT 5.1; SV1; .NET CLR 1.1.4322; .NET CLR 2.0.50727)"
119.40.64.9 - - [21/Jan/2009:07:53:55 -0500] "GET /gifs/nakedman.gif HTTP/1.1" 200 7734 "http://www.toastpoint.com/limerick/naut199.html" "Mozilla/4.0 (compatible; MSIE 6.0; Windows NT 5.1; SV1; .NET CLR 1.1.4322; .NET CLR 2.0.50727)"
119.40.64.9 - - [21/Jan/2009:07:53:56 -0500] "GET /gifs/boobies.gif HTTP/1.1" 200 11144 "http://www.toastpoint.com/limerick/naut199.html" "Mozilla/4.0 (compatible; MSIE 6.0; Windows NT 5.1; SV1; .NET CLR 1.1.4322; .NET CLR 2.0.50727)"
119.40.64.9 - - [21/Jan/2009:07:53:56 -0500] "GET /gifs/goldstar.jpg HTTP/1.1" 200 1854 "http://www.toastpoint.com/limerick/naut199.html" "Mozilla/4.0 (compatible; MSIE 6.0; Windows NT 5.1; SV1; .NET CLR 1.1.4322; .NET CLR 2.0.50727)"
208.111.154.15 - - [21/Jan/2009:07:54:05 -0500] "GET /fiction/fict97/fict397.html HTTP/1.1" 304 - "-" "Mozilla/5.0 (compatible; Charlotte/1.1; http://www.searchme.com/support/)"
66.235.124.8 - - [21/Jan/2009:08:02:10 -0500] "GET /haiku/haiku399.html HTTP/1.1" 200 75208 "-" "Mozilla/5.0 (compatible; Ask Jeeves/Teoma; +http://about.ask.com/en/docs/about/webmasters.shtml)"
74.6.24.90 - - [21/Jan/2009:08:13:17 -0500] "GET /robots.txt HTTP/1.0" 404 693 "-" "Mozilla/5.0 (compatible; Yahoo! Slurp; http://help.yahoo.com/help/us/ysearch/slurp)"
74.6.30.101 - - [21/Jan/2009:08:13:17 -0500] "GET / HTTP/1.0" 200 464 "-" "Mozilla/5.0 (compatible; Yahoo! DE Slurp; http://help.yahoo.com/help/us/ysearch/slurp)"
74.6.30.101 - - [21/Jan/2009:08:13:17 -0500] "GET /toastpointtopleft.html HTTP/1.0" 200 162 "-" "Mozilla/5.0 (compatible; Yahoo! DE Slurp; http://help.yahoo.com/help/us/ysearch/slurp)"
74.6.30.101 - - [21/Jan/2009:08:13:18 -0500] "GET /toastpointtoc.html HTTP/1.0" 200 1188 "-" "Mozilla/5.0 (compatible; Yahoo! DE Slurp; http://help.yahoo.com/help/us/ysearch/slurp)"
74.6.30.101 - - [21/Jan/2009:08:13:18 -0500] "GET /news.html HTTP/1.0" 200 17706 "-" "Mozilla/5.0 (compatible; Yahoo! DE Slurp; http://help.yahoo.com/help/us/ysearch/slurp)"
74.6.30.101 - - [21/Jan/2009:08:13:19 -0500] "GET /toastpointtopright.html HTTP/1.0" 200 151 "-" "Mozilla/5.0 (compatible; Yahoo! DE Slurp; http://help.yahoo.com/help/us/ysearch/slurp)"
74.6.30.101 - - [21/Jan/2009:08:13:19 -0500] "GET /tpnews.html HTTP/1.0" 200 8305 "-" "Mozilla/5.0 (compatible; Yahoo! DE Slurp; http://help.yahoo.com/help/us/ysearch/slurp)"
82.29.194.155 - - [21/Jan/2009:08:50:49 -0500] "GET /gifs/boobies.gif HTTP/1.1" 200 11144 "http://www.toastpoint.com/limerick/naut199.html" "Mozilla/4.0 (compatible; MSIE 7.0; Windows NT 5.1; .NET CLR 1.1.4322)"
82.29.194.155 - - [21/Jan/2009:08:50:49 -0500] "GET /gifs/goldstar.jpg HTTP/1.1" 200 1854 "http://www.toastpoint.com/limerick/naut199.html" "Mozilla/4.0 (compatible; MSIE 7.0; Windows NT 5.1; .NET CLR 1.1.4322)"
82.29.194.155 - - [21/Jan/2009:08:50:49 -0500] "GET /gifs/nakedman.gif HTTP/1.1" 200 7734 "http://www.toastpoint.com/limerick/naut199.html" "Mozilla/4.0 (compatible; MSIE 7.0; Windows NT 5.1; .NET CLR 1.1.4322)"
82.29.194.155 - - [21/Jan/2009:08:50:48 -0500] "GET /limerick/naut199.html HTTP/1.1" 200 34481 "-" "Mozilla/4.0 (compatible; MSIE 7.0; Windows NT 5.1; .NET CLR 1.1.4322)"
72.30.161.228 - - [21/Jan/2009:09:03:46 -0500] "GET /robots.txt HTTP/1.0" 404 693 "-" "Mozilla/5.0 (compatible; Yahoo! Slurp; http://help.yahoo.com/help/us/ysearch/slurp)"
72.30.161.228 - - [21/Jan/2009:09:03:51 -0500] "GET /fiction/fict98/ HTTP/1.0" 403 563 "-" "Mozilla/5.0 (compatible; Yahoo! Slurp; http://help.yahoo.com/help/us/ysearch/slurp)"
208.111.154.15 - - [21/Jan/2009:09:04:35 -0500] "GET /robots.txt HTTP/1.1" 404 693 "-" "Mozilla/5.0 (compatible; Charlotte/1.1; http://www.searchme.com/support/)"
82.7.13.55 - - [21/Jan/2009:09:22:53 -0500] "GET /favicon.ico HTTP/1.1" 404 693 "-" "Mozilla/5.0 (Windows; U; Windows NT 5.1; en-GB; rv:1.9.0.5) Gecko/2008120122 Firefox/3.0.5"
82.7.13.55 - - [21/Jan/2009:09:22:53 -0500] "GET /favicon.ico HTTP/1.1" 404 693 "-" "Mozilla/5.0 (Windows; U; Windows NT 5.1; en-GB; rv:1.9.0.5) Gecko/2008120122 Firefox/3.0.5"
82.7.13.55 - - [21/Jan/2009:09:22:53 -0500] "GET /limerick/nice299.html HTTP/1.1" 200 28130 "-" "Mozilla/5.0 (Windows; U; Windows NT 5.1; en-GB; rv:1.9.0.5) Gecko/2008120122 Firefox/3.0.5"
82.7.13.55 - - [21/Jan/2009:09:22:54 -0500] "GET /gifs/birdumb2.gif HTTP/1.1" 200 4698 "http://www.toastpoint.com/limerick/nice299.html" "Mozilla/5.0 (Windows; U; Windows NT 5.1; en-GB; rv:1.9.0.5) Gecko/2008120122 Firefox/3.0.5"
82.7.13.55 - - [21/Jan/2009:09:22:54 -0500] "GET /gifs/goldstar.jpg HTTP/1.1" 200 1854 "http://www.toastpoint.com/limerick/nice299.html" "Mozilla/5.0 (Windows; U; Windows NT 5.1; en-GB; rv:1.9.0.5) Gecko/2008120122 Firefox/3.0.5"
82.7.13.55 - - [21/Jan/2009:09:22:54 -0500] "GET /gifs/birdumb.gif HTTP/1.1" 200 4704 "http://www.toastpoint.com/limerick/nice299.html" "Mozilla/5.0 (Windows; U; Windows NT 5.1; en-GB; rv:1.9.0.5) Gecko/2008120122 Firefox/3.0.5"
74.6.22.48 - - [21/Jan/2009:09:34:41 -0500] "GET /robots.txt HTTP/1.0" 404 693 "-" "Mozilla/5.0 (compatible; Yahoo! Slurp; http://help.yahoo.com/help/us/ysearch/slurp)"
74.6.76.45 - - [21/Jan/2009:09:34:41 -0500] "GET /haiku/haiku.html HTTP/1.0" 200 2147 "-" "Mozilla/5.0 (compatible; Yahoo! DE Slurp; http://help.yahoo.com/help/us/ysearch/slurp)"
208.111.154.16 - - [21/Jan/2009:09:45:49 -0500] "GET /robots.txt HTTP/1.1" 404 693 "-" "Mozilla/5.0 (compatible; Charlotte/1.1; http://www.searchme.com/support/)"
208.111.154.16 - - [21/Jan/2009:09:46:09 -0500] "GET /limerick/1995/bestnaut.html HTTP/1.1" 200 10247 "-" "Mozilla/5.0 (compatible; Charlotte/1.1; http://www.searchme.com/support/)"
208.111.154.16 - - [21/Jan/2009:09:47:53 -0500] "GET /robots.txt HTTP/1.1" 404 693 "-" "Mozilla/5.0 (compatible; Charlotte/1.1; http://www.searchme.com/support/)"
208.111.154.16 - - [21/Jan/2009:09:48:12 -0500] "GET /fiction/fict9596/fict1095.html HTTP/1.1" 304 - "-" "Mozilla/5.0 (compatible; Charlotte/1.1; http://www.searchme.com/support/)"
208.111.154.249 - - [21/Jan/2009:09:54:39 -0500] "GET /gifs/paper.gif HTTP/1.1" 200 4756 "http://www.toastpoint.com/fiction/fict98/fict798.html" "Mozilla/5.0 (X11; U; Linux i686 (x86_64); en-US; rv:1.8.1.18) Gecko/20081203 Firefox/2.0.0.18"
208.111.154.249 - - [21/Jan/2009:09:54:39 -0500] "GET /fiction/fict98/fict798.html HTTP/1.1" 200 40803 "-" "Mozilla/5.0 (X11; U; Linux i686 (x86_64); en-US; rv:1.8.1.18) Gecko/20081203 Firefox/2.0.0.18"
208.111.154.249 - - [21/Jan/2009:09:54:40 -0500] "GET /gifs/quill1.gif HTTP/1.1" 200 4312 "http://www.toastpoint.com/fiction/fict98/fict798.html" "Mozilla/5.0 (X11; U; Linux i686 (x86_64); en-US; rv:1.8.1.18) Gecko/20081203 Firefox/2.0.0.18"
208.111.154.249 - - [21/Jan/2009:09:54:40 -0500] "GET /gifs/quill2.gif HTTP/1.1" 200 4300 "http://www.toastpoint.com/fiction/fict98/fict798.html" "Mozilla/5.0 (X11; U; Linux i686 (x86_64); en-US; rv:1.8.1.18) Gecko/20081203 Firefox/2.0.0.18"
208.111.154.249 - - [21/Jan/2009:09:54:40 -0500] "GET /gifs/star3.gif HTTP/1.1" 200 1536 "http://www.toastpoint.com/fiction/fict98/fict798.html" "Mozilla/5.0 (X11; U; Linux i686 (x86_64); en-US; rv:1.8.1.18) Gecko/20081203 Firefox/2.0.0.18"
208.111.154.249 - - [21/Jan/2009:09:54:40 -0500] "GET /fiction/fict98/coupthb.gif HTTP/1.1" 404 693 "http://www.toastpoint.com/fiction/fict98/fict798.html" "Mozilla/5.0 (X11; U; Linux i686 (x86_64); en-US; rv:1.8.1.18) Gecko/20081203 Firefox/2.0.0.18"
208.111.154.249 - - [21/Jan/2009:09:54:40 -0500] "GET /favicon.ico HTTP/1.1" 404 693 "-" "Mozilla/5.0 (X11; U; Linux i686 (x86_64); en-US; rv:1.8.1.18) Gecko/20081203 Firefox/2.0.0.18"
66.249.65.232 - - [21/Jan/2009:09:57:10 -0500] "GET /haiku/1995/haikudec.html HTTP/1.1" 200 16366 "-" "Nokia6820/2.0 (4.83) Profile/MIDP-1.0 Configuration/CLDC-1.0 (compatible; Googlebot-Mobile/2.1; +http://www.google.com/bot.html)"
66.249.65.232 - - [21/Jan/2009:09:57:13 -0500] "GET /haiku/1995/haikuoct.html HTTP/1.1" 200 10090 "-" "Nokia6820/2.0 (4.83) Profile/MIDP-1.0 Configuration/CLDC-1.0 (compatible; Googlebot-Mobile/2.1; +http://www.google.com/bot.html)"
66.249.65.232 - - [21/Jan/2009:10:02:07 -0500] "GET /haiku/1995/haikunov.html HTTP/1.1" 200 12211 "-" "Nokia6820/2.0 (4.83) Profile/MIDP-1.0 Configuration/CLDC-1.0 (compatible; Googlebot-Mobile/2.1; +http://www.google.com/bot.html)"
66.249.65.232 - - [21/Jan/2009:10:06:38 -0500] "GET /haiku/1995/bestof95.html HTTP/1.1" 200 7955 "-" "Nokia6820/2.0 (4.83) Profile/MIDP-1.0 Configuration/CLDC-1.0 (compatible; Googlebot-Mobile/2.1; +http://www.google.com/bot.html)"
66.249.65.111 - - [21/Jan/2009:10:43:29 -0500] "GET /limerick/1997/nice1097.html HTTP/1.1" 200 20810 "-" "DoCoMo/2.0 N905i(c100;TB;W24H16) (compatible; Googlebot-Mobile/2.1; +http://www.google.com/bot.html)"
208.111.154.16 - - [21/Jan/2009:10:48:23 -0500] "GET /fiction/fict97/fict497.html HTTP/1.1" 304 - "-" "Mozilla/5.0 (compatible; Charlotte/1.1; http://www.searchme.com/support/)"
66.249.65.111 - - [21/Jan/2009:10:58:40 -0500] "GET /haiku/1995/1995.html HTTP/1.1" 200 951 "-" "DoCoMo/2.0 N905i(c100;TB;W24H16) (compatible; Googlebot-Mobile/2.1; +http://www.google.com/bot.html)"
75.83.127.94 - - [21/Jan/2009:11:01:07 -0500] "GET http://www.toastpoint.com/ HTTP/1.0" 200 464 "-" "Mozilla/4.0 (compatible; MSIE 7.0b; Windows NT 6.0)"
75.83.127.94 - - [21/Jan/2009:11:01:36 -0500] "GET http://www.toastpoint.com/ HTTP/1.0" 200 464 "-" "Mozilla/4.0 (compatible; MSIE 7.0b; Windows NT 6.0)"
75.83.127.94 - - [21/Jan/2009:11:01:55 -0500] "GET http://www.toastpoint.com/ HTTP/1.0" 200 464 "-" "Mozilla/4.0 (compatible; MSIE 7.0b; Windows NT 6.0)"
207.126.224.241 - - [21/Jan/2009:11:06:57 -0500] "GET /haiku HTTP/1.0" 301 240 "-" "Mozilla/4.05 [en]"
207.126.224.241 - - [21/Jan/2009:11:06:57 -0500] "GET /haiku/ HTTP/1.0" 403 563 "-" "Mozilla/4.05 [en]"
81.52.143.26 - - [21/Jan/2009:11:21:54 -0500] "GET /robots.txt HTTP/1.1" 404 693 "-" "Mozilla/5.0 (Windows; U; Windows NT 5.1; fr; rv:1.8.1) VoilaBot BETA 1.2 (support.voilabot@orange-ftgroup.com)"
81.52.143.26 - - [21/Jan/2009:11:22:02 -0500] "GET /limerick/naut299.html HTTP/1.1" 200 23095 "-" "Mozilla/5.0 (Windows; U; Windows NT 5.1; fr; rv:1.8.1) VoilaBot BETA 1.2 (support.voilabot@orange-ftgroup.com)"
75.83.127.94 - - [21/Jan/2009:11:29:25 -0500] "GET http://www.toastpoint.com/ HTTP/1.0" 200 464 "-" "Mozilla/4.0 (compatible; MSIE 7.0b; Windows NT 6.0)"
208.111.154.15 - - [21/Jan/2009:11:33:54 -0500] "GET /fiction/fict97/fict1097.html HTTP/1.1" 304 - "-" "Mozilla/5.0 (compatible; Charlotte/1.1; http://www.searchme.com/support/)"
66.249.65.111 - - [21/Jan/2009:11:52:39 -0500] "GET /limerick/brady/brady1.html HTTP/1.1" 200 4493 "-" "DoCoMo/2.0 N905i(c100;TB;W24H16) (compatible; Googlebot-Mobile/2.1; +http://www.google.com/bot.html)"
72.36.115.86 - - [21/Jan/2009:12:08:48 -0500] "GET /robots.txt HTTP/1.1" 404 693 "-" "CazoodleBot/0.0.2 (http://www.cazoodle.com/contact.php; cbot@cazoodle.com)"
208.80.194.56 - - [21/Jan/2009:12:26:34 -0500] "GET / HTTP/1.0" 200 464 "-" "Mozilla/4.0 (compatible; MSIE 7.0; Windows NT 5.1; {55616D2C-502F-45B3-A5FE-040E145381AC}; YPC 3.2.0; CMS Music Store2 v1.00.13 (Music Store,1033); .NET CLR 1.1.4322; Creative ZENcast v1.04.06)"
98.204.81.98 - - [21/Jan/2009:14:53:57 -0500] "GET / HTTP/1.1" 200 464 "-" "Mozilla/4.0 (compatible; MSIE 7.0; Windows NT 6.0; WOW64; SLCC1; .NET CLR 2.0.50727; .NET CLR 3.0.04506; Media Center PC 5.0; .NET CLR 3.5.21022)"
98.204.81.98 - - [21/Jan/2009:14:53:58 -0500] "GET /toastpointtopleft.html HTTP/1.1" 200 162 "http://www.toastpoint.com/" "Mozilla/4.0 (compatible; MSIE 7.0; Windows NT 6.0; WOW64; SLCC1; .NET CLR 2.0.50727; .NET CLR 3.0.04506; Media Center PC 5.0; .NET CLR 3.5.21022)"
98.204.81.98 - - [21/Jan/2009:14:53:58 -0500] "GET /tpnews.html HTTP/1.1" 200 8305 "http://www.toastpoint.com/" "Mozilla/4.0 (compatible; MSIE 7.0; Windows NT 6.0; WOW64; SLCC1; .NET CLR 2.0.50727; .NET CLR 3.0.04506; Media Center PC 5.0; .NET CLR 3.5.21022)"
98.204.81.98 - - [21/Jan/2009:14:53:58 -0500] "GET /toastpointtoc.html HTTP/1.1" 200 1188 "http://www.toastpoint.com/" "Mozilla/4.0 (compatible; MSIE 7.0; Windows NT 6.0; WOW64; SLCC1; .NET CLR 2.0.50727; .NET CLR 3.0.04506; Media Center PC 5.0; .NET CLR 3.5.21022)"
98.204.81.98 - - [21/Jan/2009:14:53:58 -0500] "GET /toastpointtopright.html HTTP/1.1" 200 151 "http://www.toastpoint.com/" "Mozilla/4.0 (compatible; MSIE 7.0; Windows NT 6.0; WOW64; SLCC1; .NET CLR 2.0.50727; .NET CLR 3.0.04506; Media Center PC 5.0; .NET CLR 3.5.21022)"
98.204.81.98 - - [21/Jan/2009:14:53:58 -0500] "GET /news.html HTTP/1.1" 200 17706 "http://www.toastpoint.com/" "Mozilla/4.0 (compatible; MSIE 7.0; Windows NT 6.0; WOW64; SLCC1; .NET CLR 2.0.50727; .NET CLR 3.0.04506; Media Center PC 5.0; .NET CLR 3.5.21022)"
98.204.81.98 - - [21/Jan/2009:14:53:58 -0500] "GET /gifs/tpwinter20089.jpg HTTP/1.1" 200 28088 "http://www.toastpoint.com/news.html" "Mozilla/4.0 (compatible; MSIE 7.0; Windows NT 6.0; WOW64; SLCC1; .NET CLR 2.0.50727; .NET CLR 3.0.04506; Media Center PC 5.0; .NET CLR 3.5.21022)"
98.204.81.98 - - [21/Jan/2009:14:54:04 -0500] "GET /photo.html HTTP/1.1" 200 4228 "http://www.toastpoint.com/toastpointtoc.html" "Mozilla/4.0 (compatible; MSIE 7.0; Windows NT 6.0; WOW64; SLCC1; .NET CLR 2.0.50727; .NET CLR 3.0.04506; Media Center PC 5.0; .NET CLR 3.5.21022)"
98.204.81.98 - - [21/Jan/2009:14:54:12 -0500] "GET /travel/italy2008.html HTTP/1.1" 200 35184 "http://www.toastpoint.com/photo.html" "Mozilla/4.0 (compatible; MSIE 7.0; Windows NT 6.0; WOW64; SLCC1; .NET CLR 2.0.50727; .NET CLR 3.0.04506; Media Center PC 5.0; .NET CLR 3.5.21022)"
81.52.143.26 - - [21/Jan/2009:15:06:13 -0500] "GET /limerick/nice299.html HTTP/1.1" 200 28130 "-" "Mozilla/5.0 (Windows; U; Windows NT 5.1; fr; rv:1.8.1) VoilaBot BETA 1.2 (support.voilabot@orange-ftgroup.com)"
208.111.154.16 - - [21/Jan/2009:15:31:54 -0500] "GET /robots.txt HTTP/1.1" 404 693 "-" "Mozilla/5.0 (compatible; Charlotte/1.1; http://www.searchme.com/support/)"
208.111.154.16 - - [21/Jan/2009:15:32:10 -0500] "GET /fiction/fict9596/fict396.html HTTP/1.1" 304 - "-" "Mozilla/5.0 (compatible; Charlotte/1.1; http://www.searchme.com/support/)"
66.235.124.8 - - [21/Jan/2009:16:00:04 -0500] "GET /robots.txt HTTP/1.1" 404 693 "-" "Mozilla/5.0 (compatible; Ask Jeeves/Teoma; +http://about.ask.com/en/docs/about/webmasters.shtml)"
66.235.124.8 - - [21/Jan/2009:16:00:09 -0500] "GET / HTTP/1.1" 200 464 "-" "Mozilla/5.0 (compatible; Ask Jeeves/Teoma; +http://about.ask.com/en/docs/about/webmasters.shtml)"
66.235.124.8 - - [21/Jan/2009:16:00:09 -0500] "GET /toastpointtopleft.html HTTP/1.1" 200 162 "-" "Mozilla/5.0 (compatible; Ask Jeeves/Teoma; +http://about.ask.com/en/docs/about/webmasters.shtml)"
66.235.124.8 - - [21/Jan/2009:16:00:09 -0500] "GET /toastpointtoc.html HTTP/1.1" 200 1188 "-" "Mozilla/5.0 (compatible; Ask Jeeves/Teoma; +http://about.ask.com/en/docs/about/webmasters.shtml)"
66.235.124.8 - - [21/Jan/2009:16:00:10 -0500] "GET /news.html HTTP/1.1" 200 17706 "-" "Mozilla/5.0 (compatible; Ask Jeeves/Teoma; +http://about.ask.com/en/docs/about/webmasters.shtml)"
66.235.124.8 - - [21/Jan/2009:16:00:10 -0500] "GET /toastpointtopright.html HTTP/1.1" 200 151 "-" "Mozilla/5.0 (compatible; Ask Jeeves/Teoma; +http://about.ask.com/en/docs/about/webmasters.shtml)"
66.235.124.8 - - [21/Jan/2009:16:00:10 -0500] "GET /tpnews.html HTTP/1.1" 200 8305 "-" "Mozilla/5.0 (compatible; Ask Jeeves/Teoma; +http://about.ask.com/en/docs/about/webmasters.shtml)"
65.215.94.13 - - [21/Jan/2009:16:02:17 -0500] "GET / HTTP/1.0" 200 464 "-" "Mozilla/4.0 (compatible; MSIE 6.0; Windows NT 5.1; SV1; .NET CLR 1.1.4322; .NET CLR 2.0.50727; .NET CLR 3.0.04506.30; .NET CLR 3.0.04506.648; .NET CLR 3.5.21022)"
65.215.94.13 - - [21/Jan/2009:16:02:17 -0500] "GET /toastpointtopleft.html HTTP/1.0" 200 162 "http://www.toastpoint.com/" "Mozilla/4.0 (compatible; MSIE 6.0; Windows NT 5.1; SV1; .NET CLR 1.1.4322; .NET CLR 2.0.50727; .NET CLR 3.0.04506.30; .NET CLR 3.0.04506.648; .NET CLR 3.5.21022)"
65.215.94.13 - - [21/Jan/2009:16:02:17 -0500] "GET /news.html HTTP/1.0" 200 17706 "http://www.toastpoint.com/" "Mozilla/4.0 (compatible; MSIE 6.0; Windows NT 5.1; SV1; .NET CLR 1.1.4322; .NET CLR 2.0.50727; .NET CLR 3.0.04506.30; .NET CLR 3.0.04506.648; .NET CLR 3.5.21022)"
65.215.94.13 - - [21/Jan/2009:16:02:17 -0500] "GET /toastpointtoc.html HTTP/1.0" 200 1188 "http://www.toastpoint.com/" "Mozilla/4.0 (compatible; MSIE 6.0; Windows NT 5.1; SV1; .NET CLR 1.1.4322; .NET CLR 2.0.50727; .NET CLR 3.0.04506.30; .NET CLR 3.0.04506.648; .NET CLR 3.5.21022)"
65.215.94.13 - - [21/Jan/2009:16:02:17 -0500] "GET /toastpointtopright.html HTTP/1.0" 200 151 "http://www.toastpoint.com/" "Mozilla/4.0 (compatible; MSIE 6.0; Windows NT 5.1; SV1; .NET CLR 1.1.4322; .NET CLR 2.0.50727; .NET CLR 3.0.04506.30; .NET CLR 3.0.04506.648; .NET CLR 3.5.21022)"
65.215.94.13 - - [21/Jan/2009:16:02:17 -0500] "GET /tpnews.html HTTP/1.0" 200 8305 "http://www.toastpoint.com/" "Mozilla/4.0 (compatible; MSIE 6.0; Windows NT 5.1; SV1; .NET CLR 1.1.4322; .NET CLR 2.0.50727; .NET CLR 3.0.04506.30; .NET CLR 3.0.04506.648; .NET CLR 3.5.21022)"
65.215.94.13 - - [21/Jan/2009:16:02:17 -0500] "GET /gifs/tpwinter20089.jpg HTTP/1.0" 200 28088 "http://www.toastpoint.com/news.html" "Mozilla/4.0 (compatible; MSIE 6.0; Windows NT 5.1; SV1; .NET CLR 1.1.4322; .NET CLR 2.0.50727; .NET CLR 3.0.04506.30; .NET CLR 3.0.04506.648; .NET CLR 3.5.21022)"
65.215.94.13 - - [21/Jan/2009:16:02:24 -0500] "GET /bio.html HTTP/1.0" 304 - "http://www.toastpoint.com/news.html" "Mozilla/4.0 (compatible; MSIE 6.0; Windows NT 5.1; SV1; .NET CLR 1.1.4322; .NET CLR 2.0.50727; .NET CLR 3.0.04506.30; .NET CLR 3.0.04506.648; .NET CLR 3.5.21022)"
65.215.94.13 - - [21/Jan/2009:16:02:24 -0500] "GET /gifs/eric.jpg HTTP/1.0" 304 - "http://www.toastpoint.com/bio.html" "Mozilla/4.0 (compatible; MSIE 6.0; Windows NT 5.1; SV1; .NET CLR 1.1.4322; .NET CLR 2.0.50727; .NET CLR 3.0.04506.30; .NET CLR 3.0.04506.648; .NET CLR 3.5.21022)"
65.215.94.13 - - [21/Jan/2009:16:02:24 -0500] "GET /gifs/samp.jpg HTTP/1.0" 304 - "http://www.toastpoint.com/bio.html" "Mozilla/4.0 (compatible; MSIE 6.0; Windows NT 5.1; SV1; .NET CLR 1.1.4322; .NET CLR 2.0.50727; .NET CLR 3.0.04506.30; .NET CLR 3.0.04506.648; .NET CLR 3.5.21022)"
65.215.94.13 - - [21/Jan/2009:16:02:24 -0500] "GET /gifs/mom&dad.jpg HTTP/1.0" 304 - "http://www.toastpoint.com/bio.html" "Mozilla/4.0 (compatible; MSIE 6.0; Windows NT 5.1; SV1; .NET CLR 1.1.4322; .NET CLR 2.0.50727; .NET CLR 3.0.04506.30; .NET CLR 3.0.04506.648; .NET CLR 3.5.21022)"
65.215.94.13 - - [21/Jan/2009:16:02:24 -0500] "GET /gifs/leopold.jpg HTTP/1.0" 304 - "http://www.toastpoint.com/bio.html" "Mozilla/4.0 (compatible; MSIE 6.0; Windows NT 5.1; SV1; .NET CLR 1.1.4322; .NET CLR 2.0.50727; .NET CLR 3.0.04506.30; .NET CLR 3.0.04506.648; .NET CLR 3.5.21022)"
208.111.154.15 - - [21/Jan/2009:16:08:41 -0500] "GET /robots.txt HTTP/1.1" 404 693 "-" "Mozilla/5.0 (compatible; Charlotte/1.1; http://www.searchme.com/support/)"
74.6.76.45 - - [21/Jan/2009:16:11:27 -0500] "GET / HTTP/1.0" 200 464 "-" "Mozilla/5.0 (compatible; Yahoo! DE Slurp; http://help.yahoo.com/help/us/ysearch/slurp)"
74.6.76.45 - - [21/Jan/2009:16:11:28 -0500] "GET /toastpointtopleft.html HTTP/1.0" 200 162 "-" "Mozilla/5.0 (compatible; Yahoo! DE Slurp; http://help.yahoo.com/help/us/ysearch/slurp)"
74.6.76.45 - - [21/Jan/2009:16:11:29 -0500] "GET /toastpointtoc.html HTTP/1.0" 200 1188 "-" "Mozilla/5.0 (compatible; Yahoo! DE Slurp; http://help.yahoo.com/help/us/ysearch/slurp)"
74.6.76.45 - - [21/Jan/2009:16:11:30 -0500] "GET /news.html HTTP/1.0" 200 17706 "-" "Mozilla/5.0 (compatible; Yahoo! DE Slurp; http://help.yahoo.com/help/us/ysearch/slurp)"
74.6.76.45 - - [21/Jan/2009:16:11:31 -0500] "GET /toastpointtopright.html HTTP/1.0" 200 151 "-" "Mozilla/5.0 (compatible; Yahoo! DE Slurp; http://help.yahoo.com/help/us/ysearch/slurp)"
74.6.76.45 - - [21/Jan/2009:16:11:32 -0500] "GET /tpnews.html HTTP/1.0" 200 8305 "-" "Mozilla/5.0 (compatible; Yahoo! DE Slurp; http://help.yahoo.com/help/us/ysearch/slurp)"
66.235.124.56 - - [21/Jan/2009:17:30:41 -0500] "GET /haiku/haiku299.html HTTP/1.0" 200 68017 "-" "Mozilla/5.0 (compatible; Ask Jeeves/Teoma; +http://about.ask.com/en/docs/about/webmasters.shtml)"
98.228.120.41 - - [21/Jan/2009:17:32:50 -0500] "GET /favicon.ico HTTP/1.1" 404 693 "-" "Mozilla/4.0 (compatible; MSIE 7.0; Windows NT 6.0; SLCC1; .NET CLR 2.0.50727; Media Center PC 5.0; .NET CLR 3.0.04506; .NET CLR 1.1.4322)"
98.228.120.41 - - [21/Jan/2009:17:32:51 -0500] "GET / HTTP/1.1" 200 464 "-" "Mozilla/4.0 (compatible; MSIE 7.0; Windows NT 6.0; SLCC1; .NET CLR 2.0.50727; Media Center PC 5.0; .NET CLR 3.0.04506; .NET CLR 1.1.4322)"
98.228.120.41 - - [21/Jan/2009:17:32:51 -0500] "GET /toastpointtopleft.html HTTP/1.1" 200 162 "http://www.toastpoint.com/" "Mozilla/4.0 (compatible; MSIE 7.0; Windows NT 6.0; SLCC1; .NET CLR 2.0.50727; Media Center PC 5.0; .NET CLR 3.0.04506; .NET CLR 1.1.4322)"
98.228.120.41 - - [21/Jan/2009:17:32:51 -0500] "GET /toastpointtoc.html HTTP/1.1" 200 1188 "http://www.toastpoint.com/" "Mozilla/4.0 (compatible; MSIE 7.0; Windows NT 6.0; SLCC1; .NET CLR 2.0.50727; Media Center PC 5.0; .NET CLR 3.0.04506; .NET CLR 1.1.4322)"
98.228.120.41 - - [21/Jan/2009:17:32:51 -0500] "GET /news.html HTTP/1.1" 200 17706 "http://www.toastpoint.com/" "Mozilla/4.0 (compatible; MSIE 7.0; Windows NT 6.0; SLCC1; .NET CLR 2.0.50727; Media Center PC 5.0; .NET CLR 3.0.04506; .NET CLR 1.1.4322)"
98.228.120.41 - - [21/Jan/2009:17:32:51 -0500] "GET /toastpointtopright.html HTTP/1.1" 200 151 "http://www.toastpoint.com/" "Mozilla/4.0 (compatible; MSIE 7.0; Windows NT 6.0; SLCC1; .NET CLR 2.0.50727; Media Center PC 5.0; .NET CLR 3.0.04506; .NET CLR 1.1.4322)"
98.228.120.41 - - [21/Jan/2009:17:32:51 -0500] "GET /tpnews.html HTTP/1.1" 200 8305 "http://www.toastpoint.com/" "Mozilla/4.0 (compatible; MSIE 7.0; Windows NT 6.0; SLCC1; .NET CLR 2.0.50727; Media Center PC 5.0; .NET CLR 3.0.04506; .NET CLR 1.1.4322)"
98.228.120.41 - - [21/Jan/2009:17:32:51 -0500] "GET /gifs/tpwinter20089.jpg HTTP/1.1" 200 28088 "http://www.toastpoint.com/news.html" "Mozilla/4.0 (compatible; MSIE 7.0; Windows NT 6.0; SLCC1; .NET CLR 2.0.50727; Media Center PC 5.0; .NET CLR 3.0.04506; .NET CLR 1.1.4322)"
207.126.224.241 - - [21/Jan/2009:17:47:45 -0500] "GET /haiku/haiku.html HTTP/1.0" 200 2147 "-" "Mozilla/4.05 [en]"
72.140.36.161 - - [21/Jan/2009:17:51:09 -0500] "GET /writing/funny.html HTTP/1.1" 200 6412 "-" "Mozilla/4.0 (compatible; MSIE 6.0; Windows NT 5.1; SV1; (R1 1.6))"
68.147.43.7 - - [21/Jan/2009:17:53:52 -0500] "GET /favicon.ico HTTP/1.1" 404 693 "-" "Mozilla/5.0 (Windows; U; Windows NT 5.1; en-US; rv:1.9.0.5) Gecko/2008121620 Firefox/3.0.5 Flock/2.0.3"
68.147.43.7 - - [21/Jan/2009:17:53:52 -0500] "GET /gifs/birdumb2.gif HTTP/1.1" 200 4698 "http://www.toastpoint.com/limerick/nice299.html" "Mozilla/5.0 (Windows; U; Windows NT 5.1; en-US; rv:1.9.0.5) Gecko/2008121620 Firefox/3.0.5 Flock/2.0.3"
68.147.43.7 - - [21/Jan/2009:17:53:52 -0500] "GET /gifs/goldstar.jpg HTTP/1.1" 200 1854 "http://www.toastpoint.com/limerick/nice299.html" "Mozilla/5.0 (Windows; U; Windows NT 5.1; en-US; rv:1.9.0.5) Gecko/2008121620 Firefox/3.0.5 Flock/2.0.3"
68.147.43.7 - - [21/Jan/2009:17:53:52 -0500] "GET /gifs/birdumb.gif HTTP/1.1" 200 4704 "http://www.toastpoint.com/limerick/nice299.html" "Mozilla/5.0 (Windows; U; Windows NT 5.1; en-US; rv:1.9.0.5) Gecko/2008121620 Firefox/3.0.5 Flock/2.0.3"
68.147.43.7 - - [21/Jan/2009:17:53:52 -0500] "GET /limerick/nice299.html HTTP/1.1" 200 28130 "-" "Mozilla/5.0 (Windows; U; Windows NT 5.1; en-US; rv:1.9.0.5) Gecko/2008121620 Firefox/3.0.5 Flock/2.0.3"
68.147.43.7 - - [21/Jan/2009:17:53:53 -0500] "GET /favicon.ico HTTP/1.1" 404 693 "-" "Mozilla/5.0 (Windows; U; Windows NT 5.1; en-US; rv:1.9.0.5) Gecko/2008121620 Firefox/3.0.5 Flock/2.0.3"
72.30.161.228 - - [21/Jan/2009:18:15:44 -0500] "GET /robots.txt HTTP/1.0" 404 693 "-" "Mozilla/5.0 (compatible; Yahoo! Slurp; http://help.yahoo.com/help/us/ysearch/slurp)"
81.52.143.26 - - [21/Jan/2009:18:21:23 -0500] "GET /limerick/nice499.html HTTP/1.1" 200 24193 "-" "Mozilla/5.0 (Windows; U; Windows NT 5.1; fr; rv:1.8.1) VoilaBot BETA 1.2 (support.voilabot@orange-ftgroup.com)"
67.195.37.159 - - [21/Jan/2009:18:23:48 -0500] "GET /robots.txt HTTP/1.0" 404 693 "-" "Mozilla/5.0 (compatible; Yahoo! Slurp; http://help.yahoo.com/help/us/ysearch/slurp)"
67.195.37.159 - - [21/Jan/2009:18:23:48 -0500] "GET /haiku/haiku.html HTTP/1.0" 200 2147 "-" "Mozilla/5.0 (compatible; Yahoo! DE Slurp; http://help.yahoo.com/help/us/ysearch/slurp)"
81.52.143.26 - - [21/Jan/2009:18:30:16 -0500] "GET /robots.txt HTTP/1.1" 404 693 "-" "Mozilla/5.0 (Windows; U; Windows NT 5.1; fr; rv:1.8.1) VoilaBot BETA 1.2 (support.voilabot@orange-ftgroup.com)"
81.52.143.26 - - [21/Jan/2009:18:30:32 -0500] "GET /haiku/moral.html HTTP/1.1" 200 4692 "-" "Mozilla/5.0 (Windows; U; Windows NT 5.1; fr; rv:1.8.1) VoilaBot BETA 1.2 (support.voilabot@orange-ftgroup.com)"
81.52.143.15 - - [21/Jan/2009:18:39:58 -0500] "GET /limerick/1998/nice598.html HTTP/1.1" 200 45520 "-" "Mozilla/5.0 (Windows; U; Windows NT 5.1; fr; rv:1.8.1) VoilaBot BETA 1.2 (support.voilabot@orange-ftgroup.com)"
72.255.11.96 - - [21/Jan/2009:18:46:12 -0500] "GET / HTTP/1.1" 200 464 "-" "Mozilla/5.0 (Windows; U; Windows NT 5.1; en-US; rv:1.9.0.5) Gecko/2008120122 Firefox/3.0.5 (.NET Client 3.5.30729.01)"
72.255.11.96 - - [21/Jan/2009:18:46:12 -0500] "GET /toastpointtopleft.html HTTP/1.1" 200 162 "http://www.toastpoint.com/" "Mozilla/5.0 (Windows; U; Windows NT 5.1; en-US; rv:1.9.0.5) Gecko/2008120122 Firefox/3.0.5 (.NET Client 3.5.30729.01)"
72.255.11.96 - - [21/Jan/2009:18:46:13 -0500] "GET /toastpointtoc.html HTTP/1.1" 200 1188 "http://www.toastpoint.com/" "Mozilla/5.0 (Windows; U; Windows NT 5.1; en-US; rv:1.9.0.5) Gecko/2008120122 Firefox/3.0.5 (.NET Client 3.5.30729.01)"
72.255.11.96 - - [21/Jan/2009:18:46:13 -0500] "GET /toastpointtopright.html HTTP/1.1" 200 151 "http://www.toastpoint.com/" "Mozilla/5.0 (Windows; U; Windows NT 5.1; en-US; rv:1.9.0.5) Gecko/2008120122 Firefox/3.0.5 (.NET Client 3.5.30729.01)"
72.255.11.96 - - [21/Jan/2009:18:46:13 -0500] "GET /tpnews.html HTTP/1.1" 200 8305 "http://www.toastpoint.com/" "Mozilla/5.0 (Windows; U; Windows NT 5.1; en-US; rv:1.9.0.5) Gecko/2008120122 Firefox/3.0.5 (.NET Client 3.5.30729.01)"
72.255.11.96 - - [21/Jan/2009:18:46:13 -0500] "GET /news.html HTTP/1.1" 200 17706 "http://www.toastpoint.com/" "Mozilla/5.0 (Windows; U; Windows NT 5.1; en-US; rv:1.9.0.5) Gecko/2008120122 Firefox/3.0.5 (.NET Client 3.5.30729.01)"
72.255.11.96 - - [21/Jan/2009:18:46:16 -0500] "GET /gifs/tpwinter20089.jpg HTTP/1.1" 200 28088 "http://www.toastpoint.com/news.html" "Mozilla/5.0 (Windows; U; Windows NT 5.1; en-US; rv:1.9.0.5) Gecko/2008120122 Firefox/3.0.5 (.NET Client 3.5.30729.01)"
72.255.11.96 - - [21/Jan/2009:18:46:20 -0500] "GET /favicon.ico HTTP/1.1" 404 693 "-" "Mozilla/5.0 (Windows; U; Windows NT 5.1; en-US; rv:1.9.0.5) Gecko/2008120122 Firefox/3.0.5 (.NET Client 3.5.30729.01)"
72.255.11.96 - - [21/Jan/2009:18:46:29 -0500] "GET /favicon.ico HTTP/1.1" 404 693 "-" "Mozilla/5.0 (Windows; U; Windows NT 5.1; en-US; rv:1.9.0.5) Gecko/2008120122 Firefox/3.0.5 (.NET Client 3.5.30729.01)"
66.249.65.111 - - [21/Jan/2009:19:00:13 -0500] "GET /robots.txt HTTP/1.1" 404 693 "-" "DoCoMo/2.0 N905i(c100;TB;W24H16) (compatible; Googlebot-Mobile/2.1; +http://www.google.com/bot.html)"
66.249.65.111 - - [21/Jan/2009:19:00:13 -0500] "GET /limerick/1997/nice997.html HTTP/1.1" 200 24299 "-" "DoCoMo/2.0 N905i(c100;TB;W24H16) (compatible; Googlebot-Mobile/2.1; +http://www.google.com/bot.html)"
66.249.65.111 - - [21/Jan/2009:19:00:26 -0500] "GET /fiction/fict199.html HTTP/1.1" 200 21503 "-" "DoCoMo/2.0 N905i(c100;TB;W24H16) (compatible; Googlebot-Mobile/2.1; +http://www.google.com/bot.html)"
24.22.8.99 - - [21/Jan/2009:19:03:31 -0500] "GET /favicon.ico HTTP/1.1" 404 693 "-" "Mozilla/4.0 (compatible; MSIE 7.0; Windows NT 5.1; .NET CLR 1.1.4322; .NET CLR 2.0.50727; .NET CLR 3.0.04506.30)"
24.22.8.99 - - [21/Jan/2009:19:03:31 -0500] "GET /limerick/nice299.html HTTP/1.1" 200 28130 "-" "Mozilla/4.0 (compatible; MSIE 7.0; Windows NT 5.1; .NET CLR 1.1.4322; .NET CLR 2.0.50727; .NET CLR 3.0.04506.30)"
24.22.8.99 - - [21/Jan/2009:19:03:31 -0500] "GET /gifs/birdumb2.gif HTTP/1.1" 200 4698 "http://www.toastpoint.com/limerick/nice299.html" "Mozilla/4.0 (compatible; MSIE 7.0; Windows NT 5.1; .NET CLR 1.1.4322; .NET CLR 2.0.50727; .NET CLR 3.0.04506.30)"
24.22.8.99 - - [21/Jan/2009:19:03:31 -0500] "GET /gifs/birdumb.gif HTTP/1.1" 200 4704 "http://www.toastpoint.com/limerick/nice299.html" "Mozilla/4.0 (compatible; MSIE 7.0; Windows NT 5.1; .NET CLR 1.1.4322; .NET CLR 2.0.50727; .NET CLR 3.0.04506.30)"
24.22.8.99 - - [21/Jan/2009:19:03:31 -0500] "GET /gifs/goldstar.jpg HTTP/1.1" 200 1854 "http://www.toastpoint.com/limerick/nice299.html" "Mozilla/4.0 (compatible; MSIE 7.0; Windows NT 5.1; .NET CLR 1.1.4322; .NET CLR 2.0.50727; .NET CLR 3.0.04506.30)"
208.111.154.249 - - [21/Jan/2009:19:11:17 -0500] "GET /limerick/1998/nice1298.html HTTP/1.1" 200 22822 "-" "Mozilla/5.0 (X11; U; Linux i686 (x86_64); en-US; rv:1.8.1.18) Gecko/20081203 Firefox/2.0.0.18"
208.111.154.249 - - [21/Jan/2009:19:11:17 -0500] "GET /gifs/birdumb2.gif HTTP/1.1" 200 4698 "http://www.toastpoint.com/limerick/1998/nice1298.html" "Mozilla/5.0 (X11; U; Linux i686 (x86_64); en-US; rv:1.8.1.18) Gecko/20081203 Firefox/2.0.0.18"
208.111.154.249 - - [21/Jan/2009:19:11:17 -0500] "GET /gifs/birdumb.gif HTTP/1.1" 200 4704 "http://www.toastpoint.com/limerick/1998/nice1298.html" "Mozilla/5.0 (X11; U; Linux i686 (x86_64); en-US; rv:1.8.1.18) Gecko/20081203 Firefox/2.0.0.18"
208.111.154.249 - - [21/Jan/2009:19:11:17 -0500] "GET /gifs/goldstar.jpg HTTP/1.1" 200 1854 "http://www.toastpoint.com/limerick/1998/nice1298.html" "Mozilla/5.0 (X11; U; Linux i686 (x86_64); en-US; rv:1.8.1.18) Gecko/20081203 Firefox/2.0.0.18"
208.111.154.249 - - [21/Jan/2009:19:11:18 -0500] "GET /favicon.ico HTTP/1.1" 404 693 "-" "Mozilla/5.0 (X11; U; Linux i686 (x86_64); en-US; rv:1.8.1.18) Gecko/20081203 Firefox/2.0.0.18"
74.142.206.54 - - [21/Jan/2009:19:51:10 -0500] "GET /rapture/rapture.html HTTP/1.1" 200 22564 "http://images.ask.com/fr?q=Right+to+a+trial+by+jury&desturi=http%3A%2F%2Fwww.toastpoint.com%2Frapture%2Frapture.html&fm=i&ac=3&ftURI=http%3A%2F%2Fimages.ask.com%2Ffr%3Fq%3DRight%2Bto%2Ba%2Btrial%2Bby%2Bjury%26desturi%3Dhttp%253A%252F%252Fwww.toastpoint.com%252Frapture%252Frapture.html%26imagesrc%3Dhttp%253A%252F%252Fwww.toastpoint.com%252Frapture%252Ftbj-jury.gif%26thumbsrc%3Dhttp%253A%252F%252F66.235.120.64%252Fts%253Ft%253D2656937575207208691%2526pid%253D23296%2526ppid%253D5%26o%3D0%26l%3Ddir%26thumbuselocalisedstatic%3Dfalse%26fn%3Dtbj-jury.gif%26imagewidth%3D250%26imageheight%3D212%26fs%3D3%26ft%3Dgif%26f%3D2%26fm%3Di%26ftbURI%3Dhttp%253A%252F%252Fimages.ask.com%252Fpictures%253Fq%253DRight%252Bto%252Ba%252Btrial%252Bby%252Bjury%2526page%253D1%2526o%253D0%2526l%253Ddir%2526pstart%253D0&qt=0" "Mozilla/4.0 (compatible; MSIE 7.0; Windows NT 5.1; .NET CLR 1.1.4322; .NET CLR 2.0.50727; Zune 3.0)"
74.142.206.54 - - [21/Jan/2009:19:51:10 -0500] "GET /rapture/sor-well.gif HTTP/1.1" 200 2583 "http://www.toastpoint.com/rapture/rapture.html" "Mozilla/4.0 (compatible; MSIE 7.0; Windows NT 5.1; .NET CLR 1.1.4322; .NET CLR 2.0.50727; Zune 3.0)"
74.142.206.54 - - [21/Jan/2009:19:51:10 -0500] "GET /rapture/hms-dick.gif HTTP/1.1" 200 3100 "http://www.toastpoint.com/rapture/rapture.html" "Mozilla/4.0 (compatible; MSIE 7.0; Windows NT 5.1; .NET CLR 1.1.4322; .NET CLR 2.0.50727; Zune 3.0)"
74.142.206.54 - - [21/Jan/2009:19:51:10 -0500] "GET /rapture/tbj-jury.gif HTTP/1.1" 200 3904 "http://www.toastpoint.com/rapture/rapture.html" "Mozilla/4.0 (compatible; MSIE 7.0; Windows NT 5.1; .NET CLR 1.1.4322; .NET CLR 2.0.50727; Zune 3.0)"
74.142.206.54 - - [21/Jan/2009:19:51:10 -0500] "GET /rapture/pirates.gif HTTP/1.1" 200 4045 "http://www.toastpoint.com/rapture/rapture.html" "Mozilla/4.0 (compatible; MSIE 7.0; Windows NT 5.1; .NET CLR 1.1.4322; .NET CLR 2.0.50727; Zune 3.0)"
74.142.206.54 - - [21/Jan/2009:19:51:10 -0500] "GET /rapture/bunthorne.gif HTTP/1.1" 200 3137 "http://www.toastpoint.com/rapture/rapture.html" "Mozilla/4.0 (compatible; MSIE 7.0; Windows NT 5.1; .NET CLR 1.1.4322; .NET CLR 2.0.50727; Zune 3.0)"
74.142.206.54 - - [21/Jan/2009:19:51:10 -0500] "GET /rapture/iolanthe.gif HTTP/1.1" 200 2814 "http://www.toastpoint.com/rapture/rapture.html" "Mozilla/4.0 (compatible; MSIE 7.0; Windows NT 5.1; .NET CLR 1.1.4322; .NET CLR 2.0.50727; Zune 3.0)"
74.142.206.54 - - [21/Jan/2009:19:51:10 -0500] "GET /rapture/ida-monk.gif HTTP/1.1" 200 3753 "http://www.toastpoint.com/rapture/rapture.html" "Mozilla/4.0 (compatible; MSIE 7.0; Windows NT 5.1; .NET CLR 1.1.4322; .NET CLR 2.0.50727; Zune 3.0)"
74.142.206.54 - - [21/Jan/2009:19:51:10 -0500] "GET /rapture/mik-lips.gif HTTP/1.1" 200 3352 "http://www.toastpoint.com/rapture/rapture.html" "Mozilla/4.0 (compatible; MSIE 7.0; Windows NT 5.1; .NET CLR 1.1.4322; .NET CLR 2.0.50727; Zune 3.0)"
74.142.206.54 - - [21/Jan/2009:19:51:10 -0500] "GET /rapture/rud-spec.gif HTTP/1.1" 200 2489 "http://www.toastpoint.com/rapture/rapture.html" "Mozilla/4.0 (compatible; MSIE 7.0; Windows NT 5.1; .NET CLR 1.1.4322; .NET CLR 2.0.50727; Zune 3.0)"
74.142.206.54 - - [21/Jan/2009:19:51:10 -0500] "GET /rapture/yeo-song.gif HTTP/1.1" 200 2781 "http://www.toastpoint.com/rapture/rapture.html" "Mozilla/4.0 (compatible; MSIE 7.0; Windows NT 5.1; .NET CLR 1.1.4322; .NET CLR 2.0.50727; Zune 3.0)"
74.142.206.54 - - [21/Jan/2009:19:51:10 -0500] "GET /rapture/gon-baby.gif HTTP/1.1" 200 2847 "http://www.toastpoint.com/rapture/rapture.html" "Mozilla/4.0 (compatible; MSIE 7.0; Windows NT 5.1; .NET CLR 1.1.4322; .NET CLR 2.0.50727; Zune 3.0)"
74.142.206.54 - - [21/Jan/2009:19:51:10 -0500] "GET /rapture/uto-look.gif HTTP/1.1" 200 3823 "http://www.toastpoint.com/rapture/rapture.html" "Mozilla/4.0 (compatible; MSIE 7.0; Windows NT 5.1; .NET CLR 1.1.4322; .NET CLR 2.0.50727; Zune 3.0)"
