208.111.154.15 - - [07/Mar/2009:00:30:23 -0500] "GET /limerick/brady/brady97.html HTTP/1.1" 304 - "-" "Mozilla/5.0 (compatible; Charlotte/1.1; http://www.searchme.com/support/)"
66.235.124.8 - - [07/Mar/2009:00:34:27 -0500] "GET /rapture/rapture.html HTTP/1.1" 200 22564 "-" "Mozilla/5.0 (compatible; Ask Jeeves/Teoma; +http://about.ask.com/en/docs/about/webmasters.shtml)"
72.44.37.231 - - [07/Mar/2009:00:43:42 -0500] "GET /robots.txt HTTP/1.0" 404 693 "-" "SimilarPages/Nutch-1.0-dev (SimilarPages Nutch Crawler; http://www.similarpages.com; info at similarpages dot com)"
72.44.37.231 - - [07/Mar/2009:00:43:42 -0500] "GET /limerick/limerick.html HTTP/1.0" 200 2613 "-" "SimilarPages/Nutch-1.0-dev (SimilarPages Nutch Crawler; http://www.similarpages.com; info at similarpages dot com)"
68.230.119.143 - - [07/Mar/2009:00:55:05 -0500] "GET /gifs/boobies.gif HTTP/1.1" 200 11144 "http://www.toastpoint.com/limerick/naut199.html" "Mozilla/4.0 (compatible; MSIE 7.0; Windows NT 6.0; SLCC1; .NET CLR 2.0.50727; Media Center PC 5.0; MS-RTC EA 2; Zune 3.0; .NET CLR 3.5.30729; OfficeLiveConnector.1.3; OfficeLivePatch.0.0; .NET CLR 3.0.30618)"
68.230.119.143 - - [07/Mar/2009:00:55:05 -0500] "GET /limerick/naut199.html HTTP/1.1" 200 34481 "http://www.google.com/search?hl=en&q=naughty+limericks&aq=0s&oq=naughty+limm" "Mozilla/4.0 (compatible; MSIE 7.0; Windows NT 6.0; SLCC1; .NET CLR 2.0.50727; Media Center PC 5.0; MS-RTC EA 2; Zune 3.0; .NET CLR 3.5.30729; OfficeLiveConnector.1.3; OfficeLivePatch.0.0; .NET CLR 3.0.30618)"
68.230.119.143 - - [07/Mar/2009:00:55:06 -0500] "GET /gifs/nakedman.gif HTTP/1.1" 200 7734 "http://www.toastpoint.com/limerick/naut199.html" "Mozilla/4.0 (compatible; MSIE 7.0; Windows NT 6.0; SLCC1; .NET CLR 2.0.50727; Media Center PC 5.0; MS-RTC EA 2; Zune 3.0; .NET CLR 3.5.30729; OfficeLiveConnector.1.3; OfficeLivePatch.0.0; .NET CLR 3.0.30618)"
68.230.119.143 - - [07/Mar/2009:00:55:06 -0500] "GET /gifs/goldstar.jpg HTTP/1.1" 200 1854 "http://www.toastpoint.com/limerick/naut199.html" "Mozilla/4.0 (compatible; MSIE 7.0; Windows NT 6.0; SLCC1; .NET CLR 2.0.50727; Media Center PC 5.0; MS-RTC EA 2; Zune 3.0; .NET CLR 3.5.30729; OfficeLiveConnector.1.3; OfficeLivePatch.0.0; .NET CLR 3.0.30618)"
68.230.119.143 - - [07/Mar/2009:00:55:06 -0500] "GET /favicon.ico HTTP/1.1" 404 693 "-" "Mozilla/4.0 (compatible; MSIE 7.0; Windows NT 6.0; SLCC1; .NET CLR 2.0.50727; Media Center PC 5.0; MS-RTC EA 2; Zune 3.0; .NET CLR 3.5.30729; OfficeLiveConnector.1.3; OfficeLivePatch.0.0; .NET CLR 3.0.30618)"
68.230.119.143 - - [07/Mar/2009:01:02:34 -0500] "GET /favicon.ico HTTP/1.1" 404 693 "-" "Mozilla/4.0 (compatible; MSIE 7.0; Windows NT 6.0; SLCC1; .NET CLR 2.0.50727; Media Center PC 5.0; MS-RTC EA 2; Zune 3.0; .NET CLR 3.5.30729; OfficeLiveConnector.1.3; OfficeLivePatch.0.0; .NET CLR 3.0.30618)"
68.230.119.143 - - [07/Mar/2009:01:02:35 -0500] "GET /gifs/boobies.gif HTTP/1.1" 200 11144 "http://www.toastpoint.com/limerick/naut199.html" "Mozilla/4.0 (compatible; MSIE 7.0; Windows NT 6.0; SLCC1; .NET CLR 2.0.50727; Media Center PC 5.0; MS-RTC EA 2; Zune 3.0; .NET CLR 3.5.30729; OfficeLiveConnector.1.3; OfficeLivePatch.0.0; .NET CLR 3.0.30618)"
68.230.119.143 - - [07/Mar/2009:01:02:34 -0500] "GET /limerick/naut199.html HTTP/1.1" 200 34481 "http://www.google.com/search?hl=en&ei=9Q2ySe-wJJHWMKD0gf4E&sa=X&oi=spell&resnum=1&ct=result&cd=1&q=naughty+limericks&spell=1" "Mozilla/4.0 (compatible; MSIE 7.0; Windows NT 6.0; SLCC1; .NET CLR 2.0.50727; Media Center PC 5.0; MS-RTC EA 2; Zune 3.0; .NET CLR 3.5.30729; OfficeLiveConnector.1.3; OfficeLivePatch.0.0; .NET CLR 3.0.30618)"
68.230.119.143 - - [07/Mar/2009:01:02:35 -0500] "GET /gifs/nakedman.gif HTTP/1.1" 200 7734 "http://www.toastpoint.com/limerick/naut199.html" "Mozilla/4.0 (compatible; MSIE 7.0; Windows NT 6.0; SLCC1; .NET CLR 2.0.50727; Media Center PC 5.0; MS-RTC EA 2; Zune 3.0; .NET CLR 3.5.30729; OfficeLiveConnector.1.3; OfficeLivePatch.0.0; .NET CLR 3.0.30618)"
68.230.119.143 - - [07/Mar/2009:01:02:35 -0500] "GET /gifs/goldstar.jpg HTTP/1.1" 200 1854 "http://www.toastpoint.com/limerick/naut199.html" "Mozilla/4.0 (compatible; MSIE 7.0; Windows NT 6.0; SLCC1; .NET CLR 2.0.50727; Media Center PC 5.0; MS-RTC EA 2; Zune 3.0; .NET CLR 3.5.30729; OfficeLiveConnector.1.3; OfficeLivePatch.0.0; .NET CLR 3.0.30618)"
64.56.65.37 - - [07/Mar/2009:01:06:49 -0500] "GET / HTTP/1.1" 200 464 "http://www.keywordspy.com/keyword-research/toastpoint.com" "Mozilla/4.0 (compatible; MSIE 7.0; Windows NT 5.1; Alexa Toolbar)"
64.56.65.37 - - [07/Mar/2009:01:06:49 -0500] "GET / HTTP/1.1" 200 464 "http://www.keywordspy.com/keyword-research/toastpoint.com" "Mozilla/4.0 (compatible; MSIE 7.0; Windows NT 5.1; Alexa Toolbar)"
64.56.65.37 - - [07/Mar/2009:01:06:49 -0500] "GET / HTTP/1.1" 200 464 "http://www.keywordspy.com/keyword-research/toastpoint.com" "Mozilla/4.0 (compatible; MSIE 7.0; Windows NT 5.1; Alexa Toolbar)"
208.111.154.31 - - [07/Mar/2009:01:33:14 -0500] "GET /robots.txt HTTP/1.1" 404 693 "-" "Mozilla/5.0 (compatible; Charlotte/1.1; http://www.searchme.com/support/)"
66.235.124.8 - - [07/Mar/2009:01:51:08 -0500] "GET /limerick/brady/brady96.html HTTP/1.1" 200 6418 "-" "Mozilla/5.0 (compatible; Ask Jeeves/Teoma; +http://about.ask.com/en/docs/about/webmasters.shtml)"
208.111.154.15 - - [07/Mar/2009:02:20:00 -0500] "GET /robots.txt HTTP/1.1" 404 693 "-" "Mozilla/5.0 (compatible; Charlotte/1.1; http://www.searchme.com/support/)"
208.111.154.15 - - [07/Mar/2009:02:29:00 -0500] "GET /robots.txt HTTP/1.1" 404 693 "-" "Mozilla/5.0 (compatible; Charlotte/1.1; http://www.searchme.com/support/)"
208.111.154.15 - - [07/Mar/2009:02:29:42 -0500] "GET /fiction/fict97/fict397.html HTTP/1.1" 304 - "-" "Mozilla/5.0 (compatible; Charlotte/1.1; http://www.searchme.com/support/)"
69.19.14.20 - - [07/Mar/2009:02:41:34 -0500] "GET /gifs/goldstar.jpg HTTP/1.1" 200 1854 "http://images.google.com/images?q=Young+and+hung+Jocke&btnG=Search+Images&gbv=2&hl=en&safe=off&sa=2" "Mozilla/5.0 (iPod; U; CPU iPhone OS 2_2_1 like Mac OS X; en-us) AppleWebKit/525.18.1 (KHTML, like Gecko) Version/3.1.1 Mobile/5H11a Safari/525.20"
66.235.124.8 - - [07/Mar/2009:02:43:02 -0500] "GET /robots.txt HTTP/1.1" 404 693 "-" "Mozilla/5.0 (compatible; Ask Jeeves/Teoma; +http://about.ask.com/en/docs/about/webmasters.shtml)"
66.235.124.8 - - [07/Mar/2009:02:43:07 -0500] "GET /limerick/1998/naut398.html HTTP/1.1" 200 58324 "-" "Mozilla/5.0 (compatible; Ask Jeeves/Teoma; +http://about.ask.com/en/docs/about/webmasters.shtml)"
66.235.124.8 - - [07/Mar/2009:03:45:15 -0500] "GET /haiku/1997/haiku297.html HTTP/1.1" 200 48218 "-" "Mozilla/5.0 (compatible; Ask Jeeves/Teoma; +http://about.ask.com/en/docs/about/webmasters.shtml)"
124.115.1.66 - - [07/Mar/2009:03:48:42 -0500] "GET / HTTP/1.1" 200 464 "http://www.toastpoint.com/" "Mozilla/4.0 (compatible; MSIE 6.0; Windows NT 5.1)"
124.115.1.66 - - [07/Mar/2009:03:48:55 -0500] "GET /toastpointtopleft.html HTTP/1.1" 200 162 "http://www.toastpoint.com/toastpointtopleft.html" "Mozilla/4.0 (compatible; MSIE 6.0; Windows NT 5.1)"
124.115.1.66 - - [07/Mar/2009:03:48:55 -0500] "GET /toastpointtoc.html HTTP/1.1" 200 1188 "http://www.toastpoint.com/toastpointtoc.html" "Mozilla/4.0 (compatible; MSIE 6.0; Windows NT 5.1)"
124.115.1.66 - - [07/Mar/2009:03:48:56 -0500] "GET /news.html HTTP/1.1" 200 17706 "http://www.toastpoint.com/news.html" "Mozilla/4.0 (compatible; MSIE 6.0; Windows NT 5.1)"
124.115.1.66 - - [07/Mar/2009:03:48:58 -0500] "GET /toastpointtopright.html HTTP/1.1" 200 151 "http://www.toastpoint.com/toastpointtopright.html" "Mozilla/4.0 (compatible; MSIE 6.0; Windows NT 5.1)"
124.115.1.66 - - [07/Mar/2009:03:48:59 -0500] "GET /tpnews.html HTTP/1.1" 200 8305 "http://www.toastpoint.com/tpnews.html" "Mozilla/4.0 (compatible; MSIE 6.0; Windows NT 5.1)"
124.115.10.193 - - [07/Mar/2009:04:02:37 -0500] "GET / HTTP/1.1" 200 464 "http://www.toastpoint.com/" "Mozilla/4.0 (compatible; MSIE 6.0; Windows NT 5.1)"
124.115.10.193 - - [07/Mar/2009:04:02:50 -0500] "GET /toastpointtopleft.html HTTP/1.1" 200 162 "http://www.toastpoint.com/toastpointtopleft.html" "Mozilla/4.0 (compatible; MSIE 6.0; Windows NT 5.1)"
124.115.10.193 - - [07/Mar/2009:04:02:52 -0500] "GET /toastpointtoc.html HTTP/1.1" 200 1188 "http://www.toastpoint.com/toastpointtoc.html" "Mozilla/4.0 (compatible; MSIE 6.0; Windows NT 5.1)"
124.115.10.193 - - [07/Mar/2009:04:02:53 -0500] "GET /news.html HTTP/1.1" 200 17706 "http://www.toastpoint.com/news.html" "Mozilla/4.0 (compatible; MSIE 6.0; Windows NT 5.1)"
124.115.10.193 - - [07/Mar/2009:04:02:56 -0500] "GET /toastpointtopright.html HTTP/1.1" 200 151 "http://www.toastpoint.com/toastpointtopright.html" "Mozilla/4.0 (compatible; MSIE 6.0; Windows NT 5.1)"
124.115.10.193 - - [07/Mar/2009:04:03:00 -0500] "GET /tpnews.html HTTP/1.1" 200 8305 "http://www.toastpoint.com/tpnews.html" "Mozilla/4.0 (compatible; MSIE 6.0; Windows NT 5.1)"
66.249.65.237 - - [07/Mar/2009:04:03:41 -0500] "GET /limerick/1997/lim1997.html HTTP/1.1" 304 - "-" "Mozilla/5.0 (compatible; Googlebot/2.1; +http://www.google.com/bot.html)"
193.47.80.45 - - [07/Mar/2009:04:17:15 -0500] "GET /robots.txt HTTP/1.1" 404 693 "-" "Mozilla/5.0 (compatible; Exabot/3.0; +http://www.exabot.com/go/robot)"
193.47.80.45 - - [07/Mar/2009:04:17:15 -0500] "GET /haiku/1997/haik1297.html HTTP/1.1" 200 22956 "-" "Mozilla/5.0 (compatible; Exabot/3.0; +http://www.exabot.com/go/robot)"
66.235.124.8 - - [07/Mar/2009:04:43:02 -0500] "GET /bio.html HTTP/1.1" 200 7868 "-" "Mozilla/5.0 (compatible; Ask Jeeves/Teoma; +http://about.ask.com/en/docs/about/webmasters.shtml)"
67.202.61.10 - - [07/Mar/2009:05:05:52 -0500] "GET /robots.txt HTTP/1.0" 404 693 "-" "SimilarPages/Nutch-1.0-dev (SimilarPages Nutch Crawler; http://www.similarpages.com; info at similarpages dot com)"
67.202.61.10 - - [07/Mar/2009:05:05:52 -0500] "GET /limerick/1995/1995.html HTTP/1.0" 200 1428 "-" "SimilarPages/Nutch-1.0-dev (SimilarPages Nutch Crawler; http://www.similarpages.com; info at similarpages dot com)"
67.202.61.10 - - [07/Mar/2009:05:06:09 -0500] "GET /limerick/1997/lim1997.html HTTP/1.0" 200 1925 "-" "SimilarPages/Nutch-1.0-dev (SimilarPages Nutch Crawler; http://www.similarpages.com; info at similarpages dot com)"
67.202.61.10 - - [07/Mar/2009:05:11:23 -0500] "GET /limerick/1996/lim1996.html HTTP/1.0" 200 2072 "-" "SimilarPages/Nutch-1.0-dev (SimilarPages Nutch Crawler; http://www.similarpages.com; info at similarpages dot com)"
67.202.61.10 - - [07/Mar/2009:05:13:28 -0500] "GET /limerick/1998/lim1998.html HTTP/1.0" 200 2041 "-" "SimilarPages/Nutch-1.0-dev (SimilarPages Nutch Crawler; http://www.similarpages.com; info at similarpages dot com)"
208.111.154.15 - - [07/Mar/2009:05:30:46 -0500] "GET /robots.txt HTTP/1.1" 404 693 "-" "Mozilla/5.0 (compatible; Charlotte/1.1; http://www.searchme.com/support/)"
81.52.143.15 - - [07/Mar/2009:05:52:11 -0500] "GET /haiku/haiku599.html HTTP/1.1" 200 33918 "-" "Mozilla/5.0 (Windows; U; Windows NT 5.1; fr; rv:1.8.1) VoilaBot BETA 1.2 (support.voilabot@orange-ftgroup.com)"
208.111.154.16 - - [07/Mar/2009:06:27:52 -0500] "GET /robots.txt HTTP/1.1" 404 693 "-" "Mozilla/5.0 (compatible; Charlotte/1.1; http://www.searchme.com/support/)"
66.249.65.229 - - [07/Mar/2009:06:38:05 -0500] "GET /limerick/1996/nice196.html HTTP/1.1" 200 10647 "-" "Mozilla/5.0 (compatible; Googlebot/2.1; +http://www.google.com/bot.html)"
66.235.124.8 - - [07/Mar/2009:06:44:24 -0500] "GET /limerick/1998/naut1198.html HTTP/1.1" 200 22126 "-" "Mozilla/5.0 (compatible; Ask Jeeves/Teoma; +http://about.ask.com/en/docs/about/webmasters.shtml)"
67.195.37.179 - - [07/Mar/2009:06:56:40 -0500] "GET /robots.txt HTTP/1.0" 404 693 "-" "Mozilla/5.0 (compatible; Yahoo! Slurp; http://help.yahoo.com/help/us/ysearch/slurp)"
67.195.37.179 - - [07/Mar/2009:06:56:42 -0500] "GET /haiku/haiku.html HTTP/1.0" 304 - "-" "Mozilla/5.0 (compatible; Yahoo! DE Slurp; http://help.yahoo.com/help/us/ysearch/slurp)"
208.111.154.15 - - [07/Mar/2009:07:06:17 -0500] "GET /robots.txt HTTP/1.1" 404 693 "-" "Mozilla/5.0 (compatible; Charlotte/1.1; http://www.searchme.com/support/)"
72.30.142.226 - - [07/Mar/2009:07:11:28 -0500] "GET /robots.txt HTTP/1.0" 404 693 "-" "Mozilla/5.0 (compatible; Yahoo! Slurp; http://help.yahoo.com/help/us/ysearch/slurp)"
208.111.154.16 - - [07/Mar/2009:07:15:02 -0500] "GET /robots.txt HTTP/1.1" 404 693 "-" "Mozilla/5.0 (compatible; Charlotte/1.1; http://www.searchme.com/support/)"
81.52.143.30 - - [07/Mar/2009:07:20:58 -0500] "GET /limerick/1996/naut596.html HTTP/1.1" 200 28755 "-" "Mozilla/5.0 (Windows; U; Windows NT 5.1; fr; rv:1.8.1) VoilaBot BETA 1.2 (support.voilabot@orange-ftgroup.com)"
208.111.154.15 - - [07/Mar/2009:07:48:16 -0500] "GET /robots.txt HTTP/1.1" 404 693 "-" "Mozilla/5.0 (compatible; Charlotte/1.1; http://www.searchme.com/support/)"
75.181.123.177 - - [07/Mar/2009:08:14:02 -0500] "GET / HTTP/1.1" 200 464 "http://www.google.com/search?sourceid=chrome&ie=UTF-8&q=making+toast+points" "Mozilla/5.0 (Windows; U; Windows NT 6.0; en-US) AppleWebKit/525.19 (KHTML, like Gecko) Chrome/1.0.154.48 Safari/525.19"
75.181.123.177 - - [07/Mar/2009:08:14:02 -0500] "GET /toastpointtopleft.html HTTP/1.1" 200 162 "http://www.toastpoint.com/" "Mozilla/5.0 (Windows; U; Windows NT 6.0; en-US) AppleWebKit/525.19 (KHTML, like Gecko) Chrome/1.0.154.48 Safari/525.19"
75.181.123.177 - - [07/Mar/2009:08:14:02 -0500] "GET /toastpointtoc.html HTTP/1.1" 200 1188 "http://www.toastpoint.com/" "Mozilla/5.0 (Windows; U; Windows NT 6.0; en-US) AppleWebKit/525.19 (KHTML, like Gecko) Chrome/1.0.154.48 Safari/525.19"
75.181.123.177 - - [07/Mar/2009:08:14:02 -0500] "GET /news.html HTTP/1.1" 200 17706 "http://www.toastpoint.com/" "Mozilla/5.0 (Windows; U; Windows NT 6.0; en-US) AppleWebKit/525.19 (KHTML, like Gecko) Chrome/1.0.154.48 Safari/525.19"
75.181.123.177 - - [07/Mar/2009:08:14:02 -0500] "GET /toastpointtopright.html HTTP/1.1" 200 151 "http://www.toastpoint.com/" "Mozilla/5.0 (Windows; U; Windows NT 6.0; en-US) AppleWebKit/525.19 (KHTML, like Gecko) Chrome/1.0.154.48 Safari/525.19"
75.181.123.177 - - [07/Mar/2009:08:14:02 -0500] "GET /tpnews.html HTTP/1.1" 200 8305 "http://www.toastpoint.com/" "Mozilla/5.0 (Windows; U; Windows NT 6.0; en-US) AppleWebKit/525.19 (KHTML, like Gecko) Chrome/1.0.154.48 Safari/525.19"
75.181.123.177 - - [07/Mar/2009:08:14:02 -0500] "GET /gifs/tpwinter20089.jpg HTTP/1.1" 200 28088 "http://www.toastpoint.com/news.html" "Mozilla/5.0 (Windows; U; Windows NT 6.0; en-US) AppleWebKit/525.19 (KHTML, like Gecko) Chrome/1.0.154.48 Safari/525.19"
75.181.123.177 - - [07/Mar/2009:08:14:02 -0500] "GET /favicon.ico HTTP/1.1" 404 693 "-" "Mozilla/5.0 (Windows; U; Windows NT 6.0; en-US) AppleWebKit/525.19 (KHTML, like Gecko) Chrome/1.0.154.48 Safari/525.19"
208.111.154.16 - - [07/Mar/2009:08:14:05 -0500] "GET /robots.txt HTTP/1.1" 404 693 "-" "Mozilla/5.0 (compatible; Charlotte/1.1; http://www.searchme.com/support/)"
81.52.143.16 - - [07/Mar/2009:08:21:13 -0500] "GET /limerick/1996/nice496.html HTTP/1.1" 200 15372 "-" "Mozilla/5.0 (Windows; U; Windows NT 5.1; fr; rv:1.8.1) VoilaBot BETA 1.2 (support.voilabot@orange-ftgroup.com)"
66.249.65.244 - - [07/Mar/2009:08:32:14 -0500] "GET /robots.txt HTTP/1.1" 404 693 "-" "DoCoMo/2.0 N905i(c100;TB;W24H16) (compatible; Googlebot-Mobile/2.1; +http://www.google.com/bot.html)"
193.252.149.16 - - [07/Mar/2009:08:41:04 -0500] "GET /limerick/1996/nice896.html HTTP/1.1" 200 9880 "-" "Mozilla/5.0 (Windows; U; Windows NT 5.1; fr; rv:1.8.1) VoilaBot BETA 1.2 (support.voilabot@orange-ftgroup.com)"
66.249.65.231 - - [07/Mar/2009:08:44:08 -0500] "GET /limerick/1997/lim1997.html HTTP/1.1" 200 1925 "-" "DoCoMo/2.0 N905i(c100;TB;W24H16) (compatible; Googlebot-Mobile/2.1; +http://www.google.com/bot.html)"
66.249.65.225 - - [07/Mar/2009:08:53:24 -0500] "GET /limerick/brady/brady1.html HTTP/1.1" 200 4493 "-" "DoCoMo/2.0 N905i(c100;TB;W24H16) (compatible; Googlebot-Mobile/2.1; +http://www.google.com/bot.html)"
66.249.65.232 - - [07/Mar/2009:08:54:43 -0500] "GET /limerick/1995/bestnaut.html HTTP/1.1" 200 10247 "-" "Mozilla/5.0 (compatible; Googlebot/2.1; +http://www.google.com/bot.html)"
208.111.154.16 - - [07/Mar/2009:09:04:03 -0500] "GET /robots.txt HTTP/1.1" 404 693 "-" "Mozilla/5.0 (compatible; Charlotte/1.1; http://www.searchme.com/support/)"
208.111.154.16 - - [07/Mar/2009:09:04:23 -0500] "GET /limerick/1996/naut496.html HTTP/1.1" 200 21599 "-" "Mozilla/5.0 (compatible; Charlotte/1.1; http://www.searchme.com/support/)"
66.249.65.234 - - [07/Mar/2009:09:10:28 -0500] "GET /fiction/novels/peak4.html HTTP/1.1" 200 13115 "-" "DoCoMo/2.0 N905i(c100;TB;W24H16) (compatible; Googlebot-Mobile/2.1; +http://www.google.com/bot.html)"
81.52.143.36 - - [07/Mar/2009:09:15:28 -0500] "GET /limerick/nice499.html HTTP/1.1" 200 24193 "-" "Mozilla/5.0 (Windows; U; Windows NT 5.1; fr; rv:1.8.1) VoilaBot BETA 1.2 (support.voilabot@orange-ftgroup.com)"
66.249.65.244 - - [07/Mar/2009:09:17:27 -0500] "GET /limerick/1996/nice496.html HTTP/1.1" 200 15372 "-" "Mozilla/5.0 (compatible; Googlebot/2.1; +http://www.google.com/bot.html)"
67.195.37.179 - - [07/Mar/2009:09:18:33 -0500] "GET / HTTP/1.0" 304 - "-" "Mozilla/5.0 (compatible; Yahoo! DE Slurp; http://help.yahoo.com/help/us/ysearch/slurp)"
67.195.37.179 - - [07/Mar/2009:09:18:44 -0500] "GET /toastpointtopleft.html HTTP/1.0" 304 - "-" "Mozilla/5.0 (compatible; Yahoo! DE Slurp; http://help.yahoo.com/help/us/ysearch/slurp)"
67.195.37.179 - - [07/Mar/2009:09:18:46 -0500] "GET /toastpointtoc.html HTTP/1.0" 304 - "-" "Mozilla/5.0 (compatible; Yahoo! DE Slurp; http://help.yahoo.com/help/us/ysearch/slurp)"
67.195.37.179 - - [07/Mar/2009:09:18:47 -0500] "GET /news.html HTTP/1.0" 200 17706 "-" "Mozilla/5.0 (compatible; Yahoo! DE Slurp; http://help.yahoo.com/help/us/ysearch/slurp)"
67.195.37.179 - - [07/Mar/2009:09:18:56 -0500] "GET /toastpointtopright.html HTTP/1.0" 304 - "-" "Mozilla/5.0 (compatible; Yahoo! DE Slurp; http://help.yahoo.com/help/us/ysearch/slurp)"
67.195.37.179 - - [07/Mar/2009:09:18:57 -0500] "GET /tpnews.html HTTP/1.0" 200 8305 "-" "Mozilla/5.0 (compatible; Yahoo! DE Slurp; http://help.yahoo.com/help/us/ysearch/slurp)"
66.235.124.8 - - [07/Mar/2009:09:44:10 -0500] "GET /limerick/1996/naut396.html HTTP/1.1" 200 17461 "-" "Mozilla/5.0 (compatible; Ask Jeeves/Teoma; +http://about.ask.com/en/docs/about/webmasters.shtml)"
66.235.124.8 - - [07/Mar/2009:09:48:44 -0500] "GET /haiku/1998/haiku798.html HTTP/1.1" 200 74969 "-" "Mozilla/5.0 (compatible; Ask Jeeves/Teoma; +http://about.ask.com/en/docs/about/webmasters.shtml)"
208.111.154.16 - - [07/Mar/2009:09:48:48 -0500] "GET /robots.txt HTTP/1.1" 404 693 "-" "Mozilla/5.0 (compatible; Charlotte/1.1; http://www.searchme.com/support/)"
208.111.154.15 - - [07/Mar/2009:09:55:11 -0500] "GET /robots.txt HTTP/1.1" 404 693 "-" "Mozilla/5.0 (compatible; Charlotte/1.1; http://www.searchme.com/support/)"
208.111.154.15 - - [07/Mar/2009:09:55:31 -0500] "GET /fiction/fict97/fict797.html HTTP/1.1" 200 4873 "-" "Mozilla/5.0 (compatible; Charlotte/1.1; http://www.searchme.com/support/)"
66.235.124.8 - - [07/Mar/2009:09:56:55 -0500] "GET /limerick/1998/nice398.html HTTP/1.1" 200 36584 "-" "Mozilla/5.0 (compatible; Ask Jeeves/Teoma; +http://about.ask.com/en/docs/about/webmasters.shtml)"
193.252.149.16 - - [07/Mar/2009:10:03:25 -0500] "GET /limerick/naut499.html HTTP/1.1" 200 38163 "-" "Mozilla/5.0 (Windows; U; Windows NT 5.1; fr; rv:1.8.1) VoilaBot BETA 1.2 (support.voilabot@orange-ftgroup.com)"
72.30.142.226 - - [07/Mar/2009:10:04:06 -0500] "GET /robots.txt HTTP/1.0" 404 693 "-" "Mozilla/5.0 (compatible; Yahoo! Slurp; http://help.yahoo.com/help/us/ysearch/slurp)"
208.80.195.49 - - [07/Mar/2009:10:19:01 -0500] "GET / HTTP/1.0" 200 464 "-" "Mozilla/4.0 (compatible; MSIE 7.0; AOL 9.0; Windows NT 5.1; YPC 3.2.0; (R1 1.3); .NET CLR 1.1.4322)"
64.1.215.164 - - [07/Mar/2009:10:26:40 -0500] "GET /robots.txt HTTP/1.0" 404 693 "-" "Mozilla/5.0 (Twiceler-0.9 http://www.cuil.com/twiceler/robot.html)"
66.235.124.8 - - [07/Mar/2009:10:28:58 -0500] "GET /haiku/haiku299.html HTTP/1.1" 200 68017 "-" "Mozilla/5.0 (compatible; Ask Jeeves/Teoma; +http://about.ask.com/en/docs/about/webmasters.shtml)"
66.235.124.8 - - [07/Mar/2009:10:36:24 -0500] "GET /fiction/fict97/fict297.html HTTP/1.1" 200 8467 "-" "Mozilla/5.0 (compatible; Ask Jeeves/Teoma; +http://about.ask.com/en/docs/about/webmasters.shtml)"
208.111.154.16 - - [07/Mar/2009:11:11:39 -0500] "GET /robots.txt HTTP/1.1" 404 693 "-" "Mozilla/5.0 (compatible; Charlotte/1.1; http://www.searchme.com/support/)"
208.111.154.16 - - [07/Mar/2009:11:11:56 -0500] "GET /limerick/naut299.html HTTP/1.1" 200 23095 "-" "Mozilla/5.0 (compatible; Charlotte/1.1; http://www.searchme.com/support/)"
81.52.143.30 - - [07/Mar/2009:11:24:21 -0500] "GET /limerick/nicefrm.html HTTP/1.1" 200 557 "-" "Mozilla/5.0 (Windows; U; Windows NT 5.1; fr; rv:1.8.1) VoilaBot BETA 1.2 (support.voilabot@orange-ftgroup.com)"
208.111.154.16 - - [07/Mar/2009:11:35:32 -0500] "GET /robots.txt HTTP/1.1" 404 693 "-" "Mozilla/5.0 (compatible; Charlotte/1.1; http://www.searchme.com/support/)"
208.111.154.15 - - [07/Mar/2009:12:02:15 -0500] "GET /robots.txt HTTP/1.1" 404 693 "-" "Mozilla/5.0 (compatible; Charlotte/1.1; http://www.searchme.com/support/)"
208.36.144.8 - - [07/Mar/2009:12:28:21 -0500] "GET /robots.txt HTTP/1.0" 404 693 "-" "Mozilla/5.0 (Twiceler-0.9 http://www.cuil.com/twiceler/robot.html)"
69.201.152.86 - - [07/Mar/2009:12:30:27 -0500] "GET /midi/midi.html HTTP/1.1" 200 3163 "http://www.google.com/search?hl=en&client=safari&rls=en-us&q=Bradley+Staubes&start=10&sa=N" "Mozilla/5.0 (Macintosh; U; Intel Mac OS X 10_5_6; en-us) AppleWebKit/525.27.1 (KHTML, like Gecko) Version/3.2.1 Safari/525.27.1"
69.201.152.86 - - [07/Mar/2009:12:30:28 -0500] "GET /favicon.ico HTTP/1.1" 404 693 "http://www.toastpoint.com/midi/midi.html" "Mozilla/5.0 (Macintosh; U; Intel Mac OS X 10_5_6; en-us) AppleWebKit/525.27.1 (KHTML, like Gecko) Version/3.2.1 Safari/525.27.1"
66.249.65.244 - - [07/Mar/2009:12:41:21 -0500] "GET /welcome.html HTTP/1.1" 200 418 "-" "Mozilla/5.0 (compatible; Googlebot/2.1; +http://www.google.com/bot.html)"
66.249.65.226 - - [07/Mar/2009:12:44:00 -0500] "GET / HTTP/1.1" 200 464 "-" "Mozilla/5.0 (compatible; Googlebot/2.1; +http://www.google.com/bot.html)"
81.52.143.34 - - [07/Mar/2009:13:03:34 -0500] "GET /haiku/haiku.html HTTP/1.1" 200 2147 "-" "Mozilla/5.0 (Windows; U; Windows NT 5.1; fr; rv:1.8.1) VoilaBot BETA 1.2 (support.voilabot@orange-ftgroup.com)"
88.105.198.100 - - [07/Mar/2009:13:06:52 -0500] "GET /limerick/naut199.html HTTP/1.1" 200 34481 "http://www.google.co.uk/search?hl=en&q=naughty++limericks&start=20&sa=N" "Mozilla/4.0 (compatible; MSIE 7.0; Windows NT 5.1; GTB5; .NET CLR 1.1.4322; .NET CLR 1.0.3705)"
88.105.198.100 - - [07/Mar/2009:13:06:53 -0500] "GET /gifs/boobies.gif HTTP/1.1" 200 11144 "http://www.toastpoint.com/limerick/naut199.html" "Mozilla/4.0 (compatible; MSIE 7.0; Windows NT 5.1; GTB5; .NET CLR 1.1.4322; .NET CLR 1.0.3705)"
88.105.198.100 - - [07/Mar/2009:13:06:53 -0500] "GET /gifs/nakedman.gif HTTP/1.1" 200 7734 "http://www.toastpoint.com/limerick/naut199.html" "Mozilla/4.0 (compatible; MSIE 7.0; Windows NT 5.1; GTB5; .NET CLR 1.1.4322; .NET CLR 1.0.3705)"
88.105.198.100 - - [07/Mar/2009:13:06:53 -0500] "GET /gifs/goldstar.jpg HTTP/1.1" 200 1854 "http://www.toastpoint.com/limerick/naut199.html" "Mozilla/4.0 (compatible; MSIE 7.0; Windows NT 5.1; GTB5; .NET CLR 1.1.4322; .NET CLR 1.0.3705)"
88.105.198.100 - - [07/Mar/2009:13:06:54 -0500] "GET /favicon.ico HTTP/1.1" 404 693 "-" "Mozilla/4.0 (compatible; MSIE 7.0; Windows NT 5.1; GTB5; .NET CLR 1.1.4322; .NET CLR 1.0.3705)"
74.6.18.231 - - [07/Mar/2009:13:16:39 -0500] "GET /robots.txt HTTP/1.0" 404 693 "-" "Mozilla/5.0 (compatible; Yahoo! Slurp; http://help.yahoo.com/help/us/ysearch/slurp)"
99.226.105.206 - - [07/Mar/2009:13:19:59 -0500] "GET / HTTP/1.1" 200 464 "http://www.google.com/search?hl=en&client=safari&rls=en-us&q=wedding+toast+points&btnG=Search" "Mozilla/5.0 (Macintosh; U; Intel Mac OS X 10_5_6; en-us) AppleWebKit/525.27.1 (KHTML, like Gecko) Version/3.2.1 Safari/525.27.1"
99.226.105.206 - - [07/Mar/2009:13:19:59 -0500] "GET /favicon.ico HTTP/1.1" 404 693 "http://www.toastpoint.com/" "Mozilla/5.0 (Macintosh; U; Intel Mac OS X 10_5_6; en-us) AppleWebKit/525.27.1 (KHTML, like Gecko) Version/3.2.1 Safari/525.27.1"
99.226.105.206 - - [07/Mar/2009:13:19:59 -0500] "GET /toastpointtoc.html HTTP/1.1" 200 1188 "http://www.toastpoint.com/" "Mozilla/5.0 (Macintosh; U; Intel Mac OS X 10_5_6; en-us) AppleWebKit/525.27.1 (KHTML, like Gecko) Version/3.2.1 Safari/525.27.1"
99.226.105.206 - - [07/Mar/2009:13:19:59 -0500] "GET /toastpointtopleft.html HTTP/1.1" 200 162 "http://www.toastpoint.com/" "Mozilla/5.0 (Macintosh; U; Intel Mac OS X 10_5_6; en-us) AppleWebKit/525.27.1 (KHTML, like Gecko) Version/3.2.1 Safari/525.27.1"
99.226.105.206 - - [07/Mar/2009:13:19:59 -0500] "GET /tpnews.html HTTP/1.1" 200 8305 "http://www.toastpoint.com/" "Mozilla/5.0 (Macintosh; U; Intel Mac OS X 10_5_6; en-us) AppleWebKit/525.27.1 (KHTML, like Gecko) Version/3.2.1 Safari/525.27.1"
99.226.105.206 - - [07/Mar/2009:13:19:59 -0500] "GET /news.html HTTP/1.1" 200 17706 "http://www.toastpoint.com/" "Mozilla/5.0 (Macintosh; U; Intel Mac OS X 10_5_6; en-us) AppleWebKit/525.27.1 (KHTML, like Gecko) Version/3.2.1 Safari/525.27.1"
99.226.105.206 - - [07/Mar/2009:13:20:00 -0500] "GET /gifs/tpwinter20089.jpg HTTP/1.1" 200 28088 "http://www.toastpoint.com/news.html" "Mozilla/5.0 (Macintosh; U; Intel Mac OS X 10_5_6; en-us) AppleWebKit/525.27.1 (KHTML, like Gecko) Version/3.2.1 Safari/525.27.1"
99.226.105.206 - - [07/Mar/2009:13:20:00 -0500] "GET /toastpointtopright.html HTTP/1.1" 200 151 "http://www.toastpoint.com/" "Mozilla/5.0 (Macintosh; U; Intel Mac OS X 10_5_6; en-us) AppleWebKit/525.27.1 (KHTML, like Gecko) Version/3.2.1 Safari/525.27.1"
66.249.65.231 - - [07/Mar/2009:13:20:55 -0500] "GET /limerick/1997/naut597.html HTTP/1.1" 200 22468 "-" "DoCoMo/2.0 N905i(c100;TB;W24H16) (compatible; Googlebot-Mobile/2.1; +http://www.google.com/bot.html)"
66.235.124.8 - - [07/Mar/2009:13:29:24 -0500] "GET /haiku/1996/haiku496.html HTTP/1.1" 200 19025 "-" "Mozilla/5.0 (compatible; Ask Jeeves/Teoma; +http://about.ask.com/en/docs/about/webmasters.shtml)"
66.249.65.240 - - [07/Mar/2009:13:32:07 -0500] "GET /limerick/1997/nice197.html HTTP/1.1" 200 17698 "-" "DoCoMo/2.0 N905i(c100;TB;W24H16) (compatible; Googlebot-Mobile/2.1; +http://www.google.com/bot.html)"
204.62.53.127 - - [07/Mar/2009:13:41:44 -0500] "GET /haiku/1998/haiku198.html HTTP/1.0" 200 25922 "-" "Mozilla/5.0 (compatible; Charlotte/1.0t; http://www.searchme.com/support/)"
204.62.53.124 - - [07/Mar/2009:13:41:44 -0500] "GET /gifs/goldstar.jpg HTTP/1.0" 200 1854 "http://www.toastpoint.com/haiku/1998/haiku198.html" "Mozilla/5.0 (compatible; Charlotte/1.0t; http://www.searchme.com/support/)"
204.62.53.127 - - [07/Mar/2009:13:41:44 -0500] "GET /gifs/japan.gif HTTP/1.0" 200 5737 "http://www.toastpoint.com/haiku/1998/haiku198.html" "Mozilla/5.0 (compatible; Charlotte/1.0t; http://www.searchme.com/support/)"
208.111.154.15 - - [07/Mar/2009:13:43:29 -0500] "GET /haiku/1997/haiku197.html HTTP/1.1" 200 34967 "-" "Mozilla/5.0 (compatible; Charlotte/1.1; http://www.searchme.com/support/)"
74.6.30.119 - - [07/Mar/2009:13:44:50 -0500] "GET /haiku/haiku.html HTTP/1.0" 200 2147 "-" "Mozilla/5.0 (compatible; Yahoo! DE Slurp; http://help.yahoo.com/help/us/ysearch/slurp)"
66.235.124.8 - - [07/Mar/2009:14:02:43 -0500] "GET /fiction/fict98/fict998.html HTTP/1.1" 200 7905 "-" "Mozilla/5.0 (compatible; Ask Jeeves/Teoma; +http://about.ask.com/en/docs/about/webmasters.shtml)"
66.235.124.8 - - [07/Mar/2009:14:03:48 -0500] "GET /limerick/1998/nice1198.html HTTP/1.1" 200 27306 "-" "Mozilla/5.0 (compatible; Ask Jeeves/Teoma; +http://about.ask.com/en/docs/about/webmasters.shtml)"
69.250.81.205 - - [07/Mar/2009:14:27:33 -0500] "GET /limerick/naut199.html HTTP/1.1" 200 34481 "http://www.google.com/search?hl=en&rlz=1T4HPIA_enUS313US313&q=naughty+limericks&revid=44224450&ei=a8aySdfaMNWDtwfIp6mtCQ&sa=X&oi=revisions_inline&resnum=0&ct=broad-revision&cd=5" "Mozilla/4.0 (compatible; MSIE 7.0; Windows NT 5.1; FunWebProducts; GTB5; .NET CLR 1.0.3705; .NET CLR 1.1.4322; Media Center PC 4.0; .NET CLR 2.0.50727)"
69.250.81.205 - - [07/Mar/2009:14:27:33 -0500] "GET /gifs/boobies.gif HTTP/1.1" 200 11144 "http://www.toastpoint.com/limerick/naut199.html" "Mozilla/4.0 (compatible; MSIE 7.0; Windows NT 5.1; FunWebProducts; GTB5; .NET CLR 1.0.3705; .NET CLR 1.1.4322; Media Center PC 4.0; .NET CLR 2.0.50727)"
69.250.81.205 - - [07/Mar/2009:14:27:33 -0500] "GET /gifs/nakedman.gif HTTP/1.1" 200 7734 "http://www.toastpoint.com/limerick/naut199.html" "Mozilla/4.0 (compatible; MSIE 7.0; Windows NT 5.1; FunWebProducts; GTB5; .NET CLR 1.0.3705; .NET CLR 1.1.4322; Media Center PC 4.0; .NET CLR 2.0.50727)"
69.250.81.205 - - [07/Mar/2009:14:27:33 -0500] "GET /gifs/goldstar.jpg HTTP/1.1" 200 1854 "http://www.toastpoint.com/limerick/naut199.html" "Mozilla/4.0 (compatible; MSIE 7.0; Windows NT 5.1; FunWebProducts; GTB5; .NET CLR 1.0.3705; .NET CLR 1.1.4322; Media Center PC 4.0; .NET CLR 2.0.50727)"
69.250.81.205 - - [07/Mar/2009:14:27:34 -0500] "GET /favicon.ico HTTP/1.1" 404 693 "-" "Mozilla/4.0 (compatible; MSIE 7.0; Windows NT 5.1; FunWebProducts; GTB5; .NET CLR 1.0.3705; .NET CLR 1.1.4322; Media Center PC 4.0; .NET CLR 2.0.50727)"
124.115.1.66 - - [07/Mar/2009:14:48:42 -0500] "GET / HTTP/1.1" 200 464 "http://www.toastpoint.com/" "Mozilla/4.0 (compatible; MSIE 6.0; Windows NT 5.1)"
124.115.1.66 - - [07/Mar/2009:14:48:55 -0500] "GET /toastpointtopleft.html HTTP/1.1" 200 162 "http://www.toastpoint.com/toastpointtopleft.html" "Mozilla/4.0 (compatible; MSIE 6.0; Windows NT 5.1)"
124.115.1.66 - - [07/Mar/2009:14:48:56 -0500] "GET /toastpointtoc.html HTTP/1.1" 200 1188 "http://www.toastpoint.com/toastpointtoc.html" "Mozilla/4.0 (compatible; MSIE 6.0; Windows NT 5.1)"
124.115.1.66 - - [07/Mar/2009:14:48:58 -0500] "GET /news.html HTTP/1.1" 200 17706 "http://www.toastpoint.com/news.html" "Mozilla/4.0 (compatible; MSIE 6.0; Windows NT 5.1)"
124.115.1.66 - - [07/Mar/2009:14:49:00 -0500] "GET /toastpointtopright.html HTTP/1.1" 200 151 "http://www.toastpoint.com/toastpointtopright.html" "Mozilla/4.0 (compatible; MSIE 6.0; Windows NT 5.1)"
124.115.1.66 - - [07/Mar/2009:14:49:01 -0500] "GET /tpnews.html HTTP/1.1" 200 8305 "http://www.toastpoint.com/tpnews.html" "Mozilla/4.0 (compatible; MSIE 6.0; Windows NT 5.1)"
208.111.154.15 - - [07/Mar/2009:14:50:07 -0500] "GET /robots.txt HTTP/1.1" 404 693 "-" "Mozilla/5.0 (compatible; Charlotte/1.1; http://www.searchme.com/support/)"
208.111.154.15 - - [07/Mar/2009:14:50:23 -0500] "GET /limerick/1997/naut297.html HTTP/1.1" 304 - "-" "Mozilla/5.0 (compatible; Charlotte/1.1; http://www.searchme.com/support/)"
208.111.154.16 - - [07/Mar/2009:15:00:55 -0500] "GET /robots.txt HTTP/1.1" 404 693 "-" "Mozilla/5.0 (compatible; Charlotte/1.1; http://www.searchme.com/support/)"
66.235.124.8 - - [07/Mar/2009:15:08:51 -0500] "GET /robots.txt HTTP/1.1" 404 693 "-" "Mozilla/5.0 (compatible; Ask Jeeves/Teoma; +http://about.ask.com/en/docs/about/webmasters.shtml)"
66.235.124.8 - - [07/Mar/2009:15:08:57 -0500] "GET /limerick/1995/nautdec.html HTTP/1.1" 200 30430 "-" "Mozilla/5.0 (compatible; Ask Jeeves/Teoma; +http://about.ask.com/en/docs/about/webmasters.shtml)"
208.111.154.15 - - [07/Mar/2009:15:17:42 -0500] "GET /robots.txt HTTP/1.1" 404 693 "-" "Mozilla/5.0 (compatible; Charlotte/1.1; http://www.searchme.com/support/)"
66.235.124.8 - - [07/Mar/2009:15:18:10 -0500] "GET /limerick/1997/naut297.html HTTP/1.1" 200 31034 "-" "Mozilla/5.0 (compatible; Ask Jeeves/Teoma; +http://about.ask.com/en/docs/about/webmasters.shtml)"
208.111.154.16 - - [07/Mar/2009:15:22:41 -0500] "GET /robots.txt HTTP/1.1" 404 693 "-" "Mozilla/5.0 (compatible; Charlotte/1.1; http://www.searchme.com/support/)"
81.52.143.29 - - [07/Mar/2009:15:31:55 -0500] "GET /limerick/1998/nice598.html HTTP/1.1" 200 45520 "-" "Mozilla/5.0 (Windows; U; Windows NT 5.1; fr; rv:1.8.1) VoilaBot BETA 1.2 (support.voilabot@orange-ftgroup.com)"
61.247.221.87 - - [07/Mar/2009:15:46:01 -0500] "GET /robots.txt HTTP/1.1" 404 693 "-" "Mozilla/4.0 (compatible; NaverBot/1.0; http://help.naver.com/customer_webtxt_02.jsp)"
61.247.221.87 - - [07/Mar/2009:15:46:16 -0500] "GET / HTTP/1.1" 200 464 "-" "Mozilla/4.0 (compatible; NaverBot/1.0; http://help.naver.com/customer_webtxt_02.jsp)"
66.235.124.8 - - [07/Mar/2009:16:23:40 -0500] "GET /haiku/1996/haiku196.html HTTP/1.1" 200 10159 "-" "Mozilla/5.0 (compatible; Ask Jeeves/Teoma; +http://about.ask.com/en/docs/about/webmasters.shtml)"
208.111.154.15 - - [07/Mar/2009:16:33:15 -0500] "GET /robots.txt HTTP/1.1" 404 693 "-" "Mozilla/5.0 (compatible; Charlotte/1.1; http://www.searchme.com/support/)"
208.111.154.16 - - [07/Mar/2009:16:35:03 -0500] "GET /robots.txt HTTP/1.1" 404 693 "-" "Mozilla/5.0 (compatible; Charlotte/1.1; http://www.searchme.com/support/)"
208.111.154.16 - - [07/Mar/2009:16:35:21 -0500] "GET /limerick/1996/nice496.html HTTP/1.1" 304 - "-" "Mozilla/5.0 (compatible; Charlotte/1.1; http://www.searchme.com/support/)"
208.111.154.15 - - [07/Mar/2009:16:41:34 -0500] "GET /robots.txt HTTP/1.1" 404 693 "-" "Mozilla/5.0 (compatible; Charlotte/1.1; http://www.searchme.com/support/)"
66.235.124.8 - - [07/Mar/2009:16:53:49 -0500] "GET /haiku/1997/haiku197.html HTTP/1.1" 200 34967 "-" "Mozilla/5.0 (compatible; Ask Jeeves/Teoma; +http://about.ask.com/en/docs/about/webmasters.shtml)"
208.111.154.15 - - [07/Mar/2009:16:54:29 -0500] "GET /robots.txt HTTP/1.1" 404 693 "-" "Mozilla/5.0 (compatible; Charlotte/1.1; http://www.searchme.com/support/)"
66.235.124.8 - - [07/Mar/2009:16:58:32 -0500] "GET /limerick/1995/niceaug.html HTTP/1.1" 200 4489 "-" "Mozilla/5.0 (compatible; Ask Jeeves/Teoma; +http://about.ask.com/en/docs/about/webmasters.shtml)"
63.241.3.51 - - [07/Mar/2009:17:07:51 -0500] "GET /limerick/limerick.html HTTP/1.1" 200 2613 "-" "Mozilla/4.0 (compatible; MSIE 7.0; Windows NT 5.1; .NET CLR 1.1.4322; .NET CLR 2.0.50727; InfoPath.1; .NET CLR 3.0.04506.30; .NET CLR 3.0.04506.648)"
66.235.124.8 - - [07/Mar/2009:17:09:22 -0500] "GET /fiction/fict499.html HTTP/1.1" 200 12868 "-" "Mozilla/5.0 (compatible; Ask Jeeves/Teoma; +http://about.ask.com/en/docs/about/webmasters.shtml)"
66.235.124.8 - - [07/Mar/2009:17:18:50 -0500] "GET /limerick/1997/nice1297.html HTTP/1.1" 200 24100 "-" "Mozilla/5.0 (compatible; Ask Jeeves/Teoma; +http://about.ask.com/en/docs/about/webmasters.shtml)"
208.111.154.15 - - [07/Mar/2009:17:21:20 -0500] "GET /robots.txt HTTP/1.1" 404 693 "-" "Mozilla/5.0 (compatible; Charlotte/1.1; http://www.searchme.com/support/)"
66.235.124.8 - - [07/Mar/2009:17:34:26 -0500] "GET /limerick/1996/nau1096.html HTTP/1.1" 200 23475 "-" "Mozilla/5.0 (compatible; Ask Jeeves/Teoma; +http://about.ask.com/en/docs/about/webmasters.shtml)"
59.160.30.29 - - [07/Mar/2009:17:43:50 -0500] "GET /tpnews.html HTTP/1.0" 200 8305 "http://www.google.co.in/search?hl=en&q=bals+and+nipples+pic&btnG=Search&meta=" "Mozilla/4.0 (compatible; MSIE 6.0; Windows NT 5.1; SV1)"
124.115.10.193 - - [07/Mar/2009:18:28:18 -0500] "GET / HTTP/1.1" 200 464 "http://www.toastpoint.com/" "Mozilla/4.0 (compatible; MSIE 6.0; Windows NT 5.1)"
124.115.10.193 - - [07/Mar/2009:18:28:30 -0500] "GET /toastpointtopleft.html HTTP/1.1" 200 162 "http://www.toastpoint.com/toastpointtopleft.html" "Mozilla/4.0 (compatible; MSIE 6.0; Windows NT 5.1)"
124.115.10.193 - - [07/Mar/2009:18:28:31 -0500] "GET /toastpointtoc.html HTTP/1.1" 200 1188 "http://www.toastpoint.com/toastpointtoc.html" "Mozilla/4.0 (compatible; MSIE 6.0; Windows NT 5.1)"
124.115.10.193 - - [07/Mar/2009:18:28:37 -0500] "GET /news.html HTTP/1.1" 200 17706 "http://www.toastpoint.com/news.html" "Mozilla/4.0 (compatible; MSIE 6.0; Windows NT 5.1)"
124.115.10.193 - - [07/Mar/2009:18:28:39 -0500] "GET /toastpointtopright.html HTTP/1.1" 200 151 "http://www.toastpoint.com/toastpointtopright.html" "Mozilla/4.0 (compatible; MSIE 6.0; Windows NT 5.1)"
124.115.10.193 - - [07/Mar/2009:18:28:43 -0500] "GET /tpnews.html HTTP/1.1" 200 8305 "http://www.toastpoint.com/tpnews.html" "Mozilla/4.0 (compatible; MSIE 6.0; Windows NT 5.1)"
208.111.154.16 - - [07/Mar/2009:18:40:51 -0500] "GET /robots.txt HTTP/1.1" 404 693 "-" "Mozilla/5.0 (compatible; Charlotte/1.1; http://www.searchme.com/support/)"
208.111.154.16 - - [07/Mar/2009:18:41:10 -0500] "GET /fiction/fict98/fict998.html HTTP/1.1" 200 7905 "-" "Mozilla/5.0 (compatible; Charlotte/1.1; http://www.searchme.com/support/)"
67.202.54.191 - - [07/Mar/2009:18:43:42 -0500] "GET /robots.txt HTTP/1.0" 404 693 "-" "ia_archiver (+http://www.alexa.com/site/help/webmasters; crawler@alexa.com)"
67.202.54.191 - - [07/Mar/2009:18:43:42 -0500] "GET /limerick/docs/formhint.html HTTP/1.0" 200 2522 "-" "ia_archiver (+http://www.alexa.com/site/help/webmasters; crawler@alexa.com)"
77.28.130.109 - - [07/Mar/2009:19:03:38 -0500] "GET /gifs/goldstar.jpg HTTP/1.1" 200 1854 "http://www.toastpoint.com/haiku/haiku399.html" "Mozilla/5.0 (Windows; U; Windows NT 5.1; en-US; rv:1.9.0.7) Gecko/2009021910 Firefox/3.0.7"
77.28.130.109 - - [07/Mar/2009:19:03:38 -0500] "GET /gifs/japan.gif HTTP/1.1" 200 5737 "http://www.toastpoint.com/haiku/haiku399.html" "Mozilla/5.0 (Windows; U; Windows NT 5.1; en-US; rv:1.9.0.7) Gecko/2009021910 Firefox/3.0.7"
77.28.130.109 - - [07/Mar/2009:19:03:38 -0500] "GET /gifs/blank.jpg HTTP/1.1" 200 705 "http://www.toastpoint.com/haiku/haiku399.html" "Mozilla/5.0 (Windows; U; Windows NT 5.1; en-US; rv:1.9.0.7) Gecko/2009021910 Firefox/3.0.7"
77.28.130.109 - - [07/Mar/2009:19:03:38 -0500] "GET /haiku/haiku399.html HTTP/1.1" 200 75208 "http://www.google.com/search?hl=en&q=haiku+about+march+pdf&start=10&sa=N" "Mozilla/5.0 (Windows; U; Windows NT 5.1; en-US; rv:1.9.0.7) Gecko/2009021910 Firefox/3.0.7"
77.28.130.109 - - [07/Mar/2009:19:03:40 -0500] "GET /favicon.ico HTTP/1.1" 404 693 "-" "Mozilla/5.0 (Windows; U; Windows NT 5.1; en-US; rv:1.9.0.7) Gecko/2009021910 Firefox/3.0.7"
77.28.130.109 - - [07/Mar/2009:19:03:41 -0500] "GET /favicon.ico HTTP/1.1" 404 693 "-" "Mozilla/5.0 (Windows; U; Windows NT 5.1; en-US; rv:1.9.0.7) Gecko/2009021910 Firefox/3.0.7"
82.6.115.51 - - [07/Mar/2009:19:20:42 -0500] "GET /gifs/boobies.gif HTTP/1.1" 200 11144 "http://www.toastpoint.com/limerick/naut199.html" "Mozilla/4.0 (compatible; MSIE 7.0; Windows NT 5.1; ntlworld v2.0; .NET CLR 1.1.4322)"
82.6.115.51 - - [07/Mar/2009:19:20:41 -0500] "GET /limerick/naut199.html HTTP/1.1" 200 34481 "http://www.google.com/search?hl=en&rls=com.microsoft:en-us:IE-Address&rlz=1I7SUNA_en&ei=sAqzSdXpGuTSjAe217zYBQ&sa=X&oi=spell&resnum=1&ct=result&cd=1&q=naughty+limericks&spell=1" "Mozilla/4.0 (compatible; MSIE 7.0; Windows NT 5.1; ntlworld v2.0; .NET CLR 1.1.4322)"
82.6.115.51 - - [07/Mar/2009:19:20:42 -0500] "GET /gifs/nakedman.gif HTTP/1.1" 200 7734 "http://www.toastpoint.com/limerick/naut199.html" "Mozilla/4.0 (compatible; MSIE 7.0; Windows NT 5.1; ntlworld v2.0; .NET CLR 1.1.4322)"
82.6.115.51 - - [07/Mar/2009:19:20:42 -0500] "GET /gifs/goldstar.jpg HTTP/1.1" 200 1854 "http://www.toastpoint.com/limerick/naut199.html" "Mozilla/4.0 (compatible; MSIE 7.0; Windows NT 5.1; ntlworld v2.0; .NET CLR 1.1.4322)"
82.6.115.51 - - [07/Mar/2009:19:20:43 -0500] "GET /favicon.ico HTTP/1.1" 404 693 "-" "Mozilla/4.0 (compatible; MSIE 7.0; Windows NT 5.1; ntlworld v2.0; .NET CLR 1.1.4322)"
24.225.92.87 - - [07/Mar/2009:19:57:24 -0500] "GET /limerick/1995/nautnov.html HTTP/1.1" 200 13933 "http://www.google.com/search?source=ig&hl=en&rlz=&q=%22Ogden+Nield%22&aq=f" "Mozilla/4.0 (compatible; MSIE 7.0; Windows NT 6.0; SLCC1; .NET CLR 2.0.50727; Media Center PC 5.0; .NET CLR 3.5.30729; .NET CLR 3.0.30618)"
24.225.92.87 - - [07/Mar/2009:19:57:25 -0500] "GET /gifs/goldstar.jpg HTTP/1.1" 200 1854 "http://www.toastpoint.com/limerick/1995/nautnov.html" "Mozilla/4.0 (compatible; MSIE 7.0; Windows NT 6.0; SLCC1; .NET CLR 2.0.50727; Media Center PC 5.0; .NET CLR 3.5.30729; .NET CLR 3.0.30618)"
24.225.92.87 - - [07/Mar/2009:19:57:26 -0500] "GET /favicon.ico HTTP/1.1" 404 693 "-" "Mozilla/4.0 (compatible; MSIE 7.0; Windows NT 6.0; SLCC1; .NET CLR 2.0.50727; Media Center PC 5.0; .NET CLR 3.5.30729; .NET CLR 3.0.30618)"
208.111.154.16 - - [07/Mar/2009:20:26:10 -0500] "GET /robots.txt HTTP/1.1" 404 693 "-" "Mozilla/5.0 (compatible; Charlotte/1.1; http://www.searchme.com/support/)"
66.235.124.8 - - [07/Mar/2009:20:27:36 -0500] "GET /writing/sept11.html HTTP/1.1" 200 17233 "-" "Mozilla/5.0 (compatible; Ask Jeeves/Teoma; +http://about.ask.com/en/docs/about/webmasters.shtml)"
208.115.138.254 - - [07/Mar/2009:20:30:29 -0500] "GET /limerick/1997/naut1197.html HTTP/1.1" 200 42998 "-" "Mozilla/4.0"
65.55.37.179 - - [07/Mar/2009:21:02:35 -0500] "GET /robots.txt HTTP/1.1" 404 693 "-" "msnbot-media/1.1 (+http://search.msn.com/msnbot.htm)"
65.55.37.179 - - [07/Mar/2009:21:02:35 -0500] "GET / HTTP/1.1" 200 464 "-" "msnbot-media/1.1 (+http://search.msn.com/msnbot.htm)"
208.111.154.15 - - [07/Mar/2009:21:09:35 -0500] "GET /robots.txt HTTP/1.1" 404 693 "-" "Mozilla/5.0 (compatible; Charlotte/1.1; http://www.searchme.com/support/)"
208.111.154.16 - - [07/Mar/2009:21:27:00 -0500] "GET /robots.txt HTTP/1.1" 404 693 "-" "Mozilla/5.0 (compatible; Charlotte/1.1; http://www.searchme.com/support/)"
208.111.154.15 - - [07/Mar/2009:21:48:13 -0500] "GET /robots.txt HTTP/1.1" 404 693 "-" "Mozilla/5.0 (compatible; Charlotte/1.1; http://www.searchme.com/support/)"
208.111.154.15 - - [07/Mar/2009:21:48:27 -0500] "GET /limerick/1996/nice696.html HTTP/1.1" 200 7043 "-" "Mozilla/5.0 (compatible; Charlotte/1.1; http://www.searchme.com/support/)"
66.235.124.8 - - [07/Mar/2009:21:58:07 -0500] "GET /haiku/1997/haiku697.html HTTP/1.1" 200 26478 "-" "Mozilla/5.0 (compatible; Ask Jeeves/Teoma; +http://about.ask.com/en/docs/about/webmasters.shtml)"
81.52.143.32 - - [07/Mar/2009:22:04:59 -0500] "GET /limerick/1996/nice596.html HTTP/1.1" 200 13725 "-" "Mozilla/5.0 (Windows; U; Windows NT 5.1; fr; rv:1.8.1) VoilaBot BETA 1.2 (support.voilabot@orange-ftgroup.com)"
114.111.36.26 - - [07/Mar/2009:22:19:55 -0500] "GET /robots.txt HTTP/1.1" 404 693 "-" "Mozilla/4.0 (compatible; NaverBot/1.0; http://help.naver.com/customer_webtxt_02.jsp)"
114.111.36.26 - - [07/Mar/2009:22:20:10 -0500] "GET / HTTP/1.1" 200 464 "-" "Mozilla/4.0 (compatible; NaverBot/1.0; http://help.naver.com/customer_webtxt_02.jsp)"
208.80.195.38 - - [07/Mar/2009:22:36:28 -0500] "GET / HTTP/1.0" 200 464 "-" "Mozilla/4.0 (compatible; MSIE 6.0; Windows NT 5.0; Katiesoft 7; InfoPath.1; .NET CLR 1.1.4322; .NET CLR 2.0.50727)"
66.235.124.8 - - [07/Mar/2009:22:37:25 -0500] "GET /limerick/1996/nice996.html HTTP/1.1" 200 4972 "-" "Mozilla/5.0 (compatible; Ask Jeeves/Teoma; +http://about.ask.com/en/docs/about/webmasters.shtml)"
66.235.124.8 - - [07/Mar/2009:22:47:17 -0500] "GET /fiction/novels/peak1-3.html HTTP/1.1" 200 6956 "-" "Mozilla/5.0 (compatible; Ask Jeeves/Teoma; +http://about.ask.com/en/docs/about/webmasters.shtml)"
67.202.34.240 - - [07/Mar/2009:22:53:18 -0500] "GET /robots.txt HTTP/1.0" 404 693 "-" "SimilarPages/Nutch-1.0-dev (SimilarPages Nutch Crawler; http://www.similarpages.com; info at similarpages dot com)"
67.202.34.240 - - [07/Mar/2009:22:53:18 -0500] "GET /limerick/1995/1995.html HTTP/1.0" 200 1428 "-" "SimilarPages/Nutch-1.0-dev (SimilarPages Nutch Crawler; http://www.similarpages.com; info at similarpages dot com)"
67.202.34.240 - - [07/Mar/2009:22:53:24 -0500] "GET /limerick/1997/lim1997.html HTTP/1.0" 200 1925 "-" "SimilarPages/Nutch-1.0-dev (SimilarPages Nutch Crawler; http://www.similarpages.com; info at similarpages dot com)"
67.202.34.240 - - [07/Mar/2009:22:57:57 -0500] "GET /limerick/1996/lim1996.html HTTP/1.0" 200 2072 "-" "SimilarPages/Nutch-1.0-dev (SimilarPages Nutch Crawler; http://www.similarpages.com; info at similarpages dot com)"
67.202.34.240 - - [07/Mar/2009:23:00:00 -0500] "GET /limerick/1998/lim1998.html HTTP/1.0" 200 2041 "-" "SimilarPages/Nutch-1.0-dev (SimilarPages Nutch Crawler; http://www.similarpages.com; info at similarpages dot com)"
208.111.154.16 - - [07/Mar/2009:23:00:58 -0500] "GET /fiction/novels/peak2.html HTTP/1.1" 200 15955 "-" "Mozilla/5.0 (compatible; Charlotte/1.1; http://www.searchme.com/support/)"
208.111.154.15 - - [07/Mar/2009:23:02:39 -0500] "GET /robots.txt HTTP/1.1" 404 693 "-" "Mozilla/5.0 (compatible; Charlotte/1.1; http://www.searchme.com/support/)"
208.111.154.15 - - [07/Mar/2009:23:02:52 -0500] "GET /limerick/1998/nice498.html HTTP/1.1" 304 - "-" "Mozilla/5.0 (compatible; Charlotte/1.1; http://www.searchme.com/support/)"
66.235.124.8 - - [07/Mar/2009:23:46:34 -0500] "GET /fiction/fict97/fict1097.html HTTP/1.1" 200 10353 "-" "Mozilla/5.0 (compatible; Ask Jeeves/Teoma; +http://about.ask.com/en/docs/about/webmasters.shtml)"
