71.212.33.144 - - [12/Dec/2008:00:03:20 -0500] "GET /limerick/1996/nice496.html HTTP/1.1" 200 15372 "http://search.yahoo.com/search;_ylt=A0oGkkYx8EFJUIIBJqRXNyoA?p=limerick+there+once+was+a+man+named+jim&fr=yfp-t-501&ei=UTF-8" "Mozilla/4.0 (compatible; MSIE 7.0; Windows NT 6.0; SLCC1; .NET CLR 2.0.50727; Media Center PC 5.0; .NET CLR 3.0.04506; InfoPath.1)"
71.212.33.144 - - [12/Dec/2008:00:03:21 -0500] "GET /gifs/happy.jpg HTTP/1.1" 200 3135 "http://www.toastpoint.com/limerick/1996/nice496.html" "Mozilla/4.0 (compatible; MSIE 7.0; Windows NT 6.0; SLCC1; .NET CLR 2.0.50727; Media Center PC 5.0; .NET CLR 3.0.04506; InfoPath.1)"
71.212.33.144 - - [12/Dec/2008:00:03:21 -0500] "GET /gifs/goldstar.jpg HTTP/1.1" 200 1854 "http://www.toastpoint.com/limerick/1996/nice496.html" "Mozilla/4.0 (compatible; MSIE 7.0; Windows NT 6.0; SLCC1; .NET CLR 2.0.50727; Media Center PC 5.0; .NET CLR 3.0.04506; InfoPath.1)"
71.212.33.144 - - [12/Dec/2008:00:03:21 -0500] "GET /favicon.ico HTTP/1.1" 404 693 "-" "Mozilla/4.0 (compatible; MSIE 7.0; Windows NT 6.0; SLCC1; .NET CLR 2.0.50727; Media Center PC 5.0; .NET CLR 3.0.04506; InfoPath.1)"
66.235.124.8 - - [12/Dec/2008:00:10:17 -0500] "GET /limerick/1995/nautoct.html HTTP/1.1" 200 12561 "-" "Mozilla/5.0 (compatible; Ask Jeeves/Teoma; +http://about.ask.com/en/docs/about/webmasters.shtml)"
124.115.1.66 - - [12/Dec/2008:00:14:27 -0500] "GET / HTTP/1.1" 200 464 "http://www.toastpoint.com/" "Mozilla/4.0 (compatible; MSIE 6.0; Windows NT 5.1)"
124.115.1.66 - - [12/Dec/2008:00:14:41 -0500] "GET /toastpointtopleft.html HTTP/1.1" 200 162 "http://www.toastpoint.com/toastpointtopleft.html" "Mozilla/4.0 (compatible; MSIE 6.0; Windows NT 5.1)"
124.115.1.66 - - [12/Dec/2008:00:14:42 -0500] "GET /toastpointtoc.html HTTP/1.1" 200 1188 "http://www.toastpoint.com/toastpointtoc.html" "Mozilla/4.0 (compatible; MSIE 6.0; Windows NT 5.1)"
124.115.1.66 - - [12/Dec/2008:00:14:43 -0500] "GET /news.html HTTP/1.1" 200 17577 "http://www.toastpoint.com/news.html" "Mozilla/4.0 (compatible; MSIE 6.0; Windows NT 5.1)"
124.115.1.66 - - [12/Dec/2008:00:14:44 -0500] "GET /toastpointtopright.html HTTP/1.1" 200 151 "http://www.toastpoint.com/toastpointtopright.html" "Mozilla/4.0 (compatible; MSIE 6.0; Windows NT 5.1)"
124.115.1.66 - - [12/Dec/2008:00:14:45 -0500] "GET /tpnews.html HTTP/1.1" 200 8004 "http://www.toastpoint.com/tpnews.html" "Mozilla/4.0 (compatible; MSIE 6.0; Windows NT 5.1)"
207.200.116.13 - - [12/Dec/2008:00:18:54 -0500] "GET /limerick/1995/bestnice.html HTTP/1.1" 200 6154 "http://www.123people.com/s/Ogden+Nield" "Mozilla/4.0 (compatible; MSIE 7.0; AOL 9.0; Windows NT 6.0; SLCC1; .NET CLR 2.0.50727; Media Center PC 5.0; .NET CLR 3.0.04506; .NET CLR 1.1.4322)"
207.200.116.204 - - [12/Dec/2008:00:18:54 -0500] "GET /gifs/happy.jpg HTTP/1.1" 200 3135 "http://www.toastpoint.com/limerick/1995/bestnice.html" "Mozilla/4.0 (compatible; MSIE 7.0; AOL 9.0; Windows NT 6.0; SLCC1; .NET CLR 2.0.50727; Media Center PC 5.0; .NET CLR 3.0.04506; .NET CLR 1.1.4322)"
24.12.115.4 - - [12/Dec/2008:00:24:59 -0500] "GET /fiction/fict9596/fict296.html HTTP/1.1" 200 12689 "http://search.yahoo.com/search;_ylt=A0geu8mE9UFJ2kEAaNdXNyoA?p=%22thinking+planit%22&y=Search&fr=yfp-t-501&ei=UTF-8" "Mozilla/5.0 (Windows; U; Windows NT 5.1; en-US; rv:1.4) Gecko/20030624 Netscape/7.1 (ax)"
24.12.115.4 - - [12/Dec/2008:00:25:00 -0500] "GET /favicon.ico HTTP/1.1" 404 693 "-" "Mozilla/5.0 (Windows; U; Windows NT 5.1; en-US; rv:1.4) Gecko/20030624 Netscape/7.1 (ax)"
24.12.115.4 - - [12/Dec/2008:00:25:00 -0500] "GET /gifs/goldstar.jpg HTTP/1.1" 200 1854 "http://www.toastpoint.com/fiction/fict9596/fict296.html" "Mozilla/5.0 (Windows; U; Windows NT 5.1; en-US; rv:1.4) Gecko/20030624 Netscape/7.1 (ax)"
216.183.81.221 - - [12/Dec/2008:00:25:33 -0500] "GET / HTTP/1.1" 304 - "-" "Wget/1.10.2"
114.111.36.26 - - [12/Dec/2008:00:27:36 -0500] "GET /robots.txt HTTP/1.1" 404 693 "-" "Mozilla/4.0 (compatible; NaverBot/1.0; http://help.naver.com/delete_main.asp)"
114.111.36.26 - - [12/Dec/2008:00:27:41 -0500] "GET / HTTP/1.1" 200 464 "-" "Mozilla/4.0 (compatible; NaverBot/1.0; http://help.naver.com/delete_main.asp)"
74.6.21.249 - - [12/Dec/2008:00:45:40 -0500] "GET /robots.txt HTTP/1.0" 404 693 "-" "Mozilla/5.0 (compatible; Yahoo! Slurp; http://help.yahoo.com/help/us/ysearch/slurp)"
74.6.30.101 - - [12/Dec/2008:00:45:41 -0500] "GET / HTTP/1.0" 200 464 "-" "Mozilla/5.0 (compatible; Yahoo! DE Slurp; http://help.yahoo.com/help/us/ysearch/slurp)"
74.6.30.101 - - [12/Dec/2008:00:45:41 -0500] "GET /toastpointtopleft.html HTTP/1.0" 200 162 "-" "Mozilla/5.0 (compatible; Yahoo! DE Slurp; http://help.yahoo.com/help/us/ysearch/slurp)"
74.6.30.101 - - [12/Dec/2008:00:45:41 -0500] "GET /toastpointtoc.html HTTP/1.0" 200 1188 "-" "Mozilla/5.0 (compatible; Yahoo! DE Slurp; http://help.yahoo.com/help/us/ysearch/slurp)"
74.6.30.101 - - [12/Dec/2008:00:45:42 -0500] "GET /news.html HTTP/1.0" 200 17577 "-" "Mozilla/5.0 (compatible; Yahoo! DE Slurp; http://help.yahoo.com/help/us/ysearch/slurp)"
74.6.30.101 - - [12/Dec/2008:00:45:43 -0500] "GET /toastpointtopright.html HTTP/1.0" 200 151 "-" "Mozilla/5.0 (compatible; Yahoo! DE Slurp; http://help.yahoo.com/help/us/ysearch/slurp)"
74.6.30.101 - - [12/Dec/2008:00:45:43 -0500] "GET /tpnews.html HTTP/1.0" 200 8004 "-" "Mozilla/5.0 (compatible; Yahoo! DE Slurp; http://help.yahoo.com/help/us/ysearch/slurp)"
210.188.201.18 - - [12/Dec/2008:00:58:35 -0500] "GET /haiku/haiku.html HTTP/1.1" 200 2147 "-" "libwww-perl/5.79"
66.235.124.8 - - [12/Dec/2008:00:59:14 -0500] "GET /fiction/fict9596/fict1295.html HTTP/1.1" 200 12293 "-" "Mozilla/5.0 (compatible; Ask Jeeves/Teoma; +http://about.ask.com/en/docs/about/webmasters.shtml)"
208.111.154.15 - - [12/Dec/2008:01:02:57 -0500] "GET /robots.txt HTTP/1.0" 404 693 "-" "Mozilla/5.0 (compatible; Charlotte/1.1; http://www.searchme.com/support/)"
66.235.124.8 - - [12/Dec/2008:01:08:52 -0500] "GET /limerick/1995/nautjuly.html HTTP/1.1" 200 3106 "-" "Mozilla/5.0 (compatible; Ask Jeeves/Teoma; +http://about.ask.com/en/docs/about/webmasters.shtml)"
91.187.81.101 - - [12/Dec/2008:01:13:49 -0500] "GET http://www.toastpoint.com/ HTTP/1.0" 200 464 "-" "Mozilla/4.0 (compatible; MSIE 7.0b; Windows NT 6.0)"
216.183.81.221 - - [12/Dec/2008:01:17:24 -0500] "GET / HTTP/1.1" 304 - "-" "Wget/1.10.2"
66.235.124.8 - - [12/Dec/2008:01:19:21 -0500] "GET /limerick/1997/nice397.html HTTP/1.1" 200 13929 "-" "Mozilla/5.0 (compatible; Ask Jeeves/Teoma; +http://about.ask.com/en/docs/about/webmasters.shtml)"
67.87.189.15 - - [12/Dec/2008:02:08:51 -0500] "GET /limerick/naut199.html HTTP/1.1" 200 34481 "http://www.google.com/search?hl=en&client=firefox-a&rls=org.mozilla%3Aen-US%3Aofficial&hs=a5L&q=naughty+little+limericks&btnG=Search" "Mozilla/5.0 (Windows; U; Windows NT 5.1; en-US; rv:1.9.0.4) Gecko/2008102920 Firefox/3.0.4"
67.87.189.15 - - [12/Dec/2008:02:08:51 -0500] "GET /gifs/boobies.gif HTTP/1.1" 200 11144 "http://www.toastpoint.com/limerick/naut199.html" "Mozilla/5.0 (Windows; U; Windows NT 5.1; en-US; rv:1.9.0.4) Gecko/2008102920 Firefox/3.0.4"
67.87.189.15 - - [12/Dec/2008:02:08:51 -0500] "GET /gifs/goldstar.jpg HTTP/1.1" 200 1854 "http://www.toastpoint.com/limerick/naut199.html" "Mozilla/5.0 (Windows; U; Windows NT 5.1; en-US; rv:1.9.0.4) Gecko/2008102920 Firefox/3.0.4"
67.87.189.15 - - [12/Dec/2008:02:08:51 -0500] "GET /gifs/nakedman.gif HTTP/1.1" 200 7734 "http://www.toastpoint.com/limerick/naut199.html" "Mozilla/5.0 (Windows; U; Windows NT 5.1; en-US; rv:1.9.0.4) Gecko/2008102920 Firefox/3.0.4"
67.87.189.15 - - [12/Dec/2008:02:08:52 -0500] "GET /favicon.ico HTTP/1.1" 404 693 "-" "Mozilla/5.0 (Windows; U; Windows NT 5.1; en-US; rv:1.9.0.4) Gecko/2008102920 Firefox/3.0.4"
67.87.189.15 - - [12/Dec/2008:02:08:55 -0500] "GET /favicon.ico HTTP/1.1" 404 693 "-" "Mozilla/5.0 (Windows; U; Windows NT 5.1; en-US; rv:1.9.0.4) Gecko/2008102920 Firefox/3.0.4"
81.52.143.15 - - [12/Dec/2008:02:43:21 -0500] "GET /robots.txt HTTP/1.1" 404 693 "-" "Mozilla/5.0 (Windows; U; Windows NT 5.1; fr; rv:1.8.1) VoilaBot BETA 1.2 (support.voilabot@orange-ftgroup.com)"
81.52.143.15 - - [12/Dec/2008:02:43:25 -0500] "GET / HTTP/1.1" 200 464 "-" "Mozilla/5.0 (Windows; U; Windows NT 5.1; fr; rv:1.8.1) VoilaBot BETA 1.2 (support.voilabot@orange-ftgroup.com)"
66.235.124.8 - - [12/Dec/2008:03:10:17 -0500] "GET /fiction/fict9596/fict896.html HTTP/1.1" 200 27993 "-" "Mozilla/5.0 (compatible; Ask Jeeves/Teoma; +http://about.ask.com/en/docs/about/webmasters.shtml)"
74.6.18.226 - - [12/Dec/2008:03:18:41 -0500] "GET /robots.txt HTTP/1.0" 404 693 "-" "Mozilla/5.0 (compatible; Yahoo! Slurp; http://help.yahoo.com/help/us/ysearch/slurp)"
74.6.18.226 - - [12/Dec/2008:03:18:54 -0500] "GET /limerick/1996/nice896.html HTTP/1.0" 200 9880 "-" "Mozilla/5.0 (compatible; Yahoo! Slurp; http://help.yahoo.com/help/us/ysearch/slurp)"
216.183.81.221 - - [12/Dec/2008:03:19:48 -0500] "GET /haiku/haiku.html HTTP/1.1" 200 2147 "-" "Wget/1.10.2"
81.52.143.26 - - [12/Dec/2008:03:19:52 -0500] "GET /limerick/nice499.html HTTP/1.1" 200 24193 "-" "Mozilla/5.0 (Windows; U; Windows NT 5.1; fr; rv:1.8.1) VoilaBot BETA 1.2 (support.voilabot@orange-ftgroup.com)"
66.235.124.8 - - [12/Dec/2008:03:32:08 -0500] "GET /limerick/1996/nice596.html HTTP/1.1" 200 13725 "-" "Mozilla/5.0 (compatible; Ask Jeeves/Teoma; +http://about.ask.com/en/docs/about/webmasters.shtml)"
66.249.65.232 - - [12/Dec/2008:04:05:47 -0500] "GET /robots.txt HTTP/1.1" 404 693 "-" "Nokia6820/2.0 (4.83) Profile/MIDP-1.0 Configuration/CLDC-1.0 (compatible; Googlebot-Mobile/2.1; +http://www.google.com/bot.html)"
66.249.65.232 - - [12/Dec/2008:04:05:47 -0500] "GET /welcome.html HTTP/1.1" 200 418 "-" "Nokia6820/2.0 (4.83) Profile/MIDP-1.0 Configuration/CLDC-1.0 (compatible; Googlebot-Mobile/2.1; +http://www.google.com/bot.html)"
66.249.65.232 - - [12/Dec/2008:04:05:54 -0500] "GET / HTTP/1.1" 200 464 "-" "Nokia6820/2.0 (4.83) Profile/MIDP-1.0 Configuration/CLDC-1.0 (compatible; Googlebot-Mobile/2.1; +http://www.google.com/bot.html)"
66.235.124.8 - - [12/Dec/2008:04:14:26 -0500] "GET /fiction/novels/parkey.html HTTP/1.1" 200 25723 "-" "Mozilla/5.0 (compatible; Ask Jeeves/Teoma; +http://about.ask.com/en/docs/about/webmasters.shtml)"
66.249.65.232 - - [12/Dec/2008:04:21:13 -0500] "GET /haiku/haiku499.html HTTP/1.1" 200 54815 "-" "Nokia6820/2.0 (4.83) Profile/MIDP-1.0 Configuration/CLDC-1.0 (compatible; Googlebot-Mobile/2.1; +http://www.google.com/bot.html)"
66.249.65.232 - - [12/Dec/2008:04:21:32 -0500] "GET /haiku/haiku599.html HTTP/1.1" 200 33918 "-" "Nokia6820/2.0 (4.83) Profile/MIDP-1.0 Configuration/CLDC-1.0 (compatible; Googlebot-Mobile/2.1; +http://www.google.com/bot.html)"
66.249.65.232 - - [12/Dec/2008:04:21:39 -0500] "GET /haiku/haiku199.html HTTP/1.1" 200 34287 "-" "Nokia6820/2.0 (4.83) Profile/MIDP-1.0 Configuration/CLDC-1.0 (compatible; Googlebot-Mobile/2.1; +http://www.google.com/bot.html)"
66.249.65.232 - - [12/Dec/2008:04:21:47 -0500] "GET /fiction/fict399.html HTTP/1.1" 200 27729 "-" "Nokia6820/2.0 (4.83) Profile/MIDP-1.0 Configuration/CLDC-1.0 (compatible; Googlebot-Mobile/2.1; +http://www.google.com/bot.html)"
66.249.65.232 - - [12/Dec/2008:04:21:48 -0500] "GET /fiction/fict299.html HTTP/1.1" 200 38635 "-" "Nokia6820/2.0 (4.83) Profile/MIDP-1.0 Configuration/CLDC-1.0 (compatible; Googlebot-Mobile/2.1; +http://www.google.com/bot.html)"
66.249.65.232 - - [12/Dec/2008:04:21:54 -0500] "GET /haiku/haiku399.html HTTP/1.1" 200 75208 "-" "Nokia6820/2.0 (4.83) Profile/MIDP-1.0 Configuration/CLDC-1.0 (compatible; Googlebot-Mobile/2.1; +http://www.google.com/bot.html)"
66.249.65.232 - - [12/Dec/2008:04:22:07 -0500] "GET /haiku/haiku299.html HTTP/1.1" 200 68017 "-" "Nokia6820/2.0 (4.83) Profile/MIDP-1.0 Configuration/CLDC-1.0 (compatible; Googlebot-Mobile/2.1; +http://www.google.com/bot.html)"
66.249.65.232 - - [12/Dec/2008:04:22:22 -0500] "GET /fiction/fict499.html HTTP/1.1" 200 12868 "-" "Nokia6820/2.0 (4.83) Profile/MIDP-1.0 Configuration/CLDC-1.0 (compatible; Googlebot-Mobile/2.1; +http://www.google.com/bot.html)"
66.249.65.232 - - [12/Dec/2008:04:22:23 -0500] "GET /fiction/fict199.html HTTP/1.1" 200 21503 "-" "Nokia6820/2.0 (4.83) Profile/MIDP-1.0 Configuration/CLDC-1.0 (compatible; Googlebot-Mobile/2.1; +http://www.google.com/bot.html)"
66.249.65.232 - - [12/Dec/2008:04:26:08 -0500] "GET /fiction/novels/peak4.html HTTP/1.1" 200 13115 "-" "Nokia6820/2.0 (4.83) Profile/MIDP-1.0 Configuration/CLDC-1.0 (compatible; Googlebot-Mobile/2.1; +http://www.google.com/bot.html)"
66.249.65.232 - - [12/Dec/2008:04:26:24 -0500] "GET /haiku/haik1995/1995.html HTTP/1.1" 404 693 "-" "Nokia6820/2.0 (4.83) Profile/MIDP-1.0 Configuration/CLDC-1.0 (compatible; Googlebot-Mobile/2.1; +http://www.google.com/bot.html)"
66.249.65.232 - - [12/Dec/2008:04:26:25 -0500] "GET /fiction/novels/peak3.html HTTP/1.1" 200 6906 "-" "Nokia6820/2.0 (4.83) Profile/MIDP-1.0 Configuration/CLDC-1.0 (compatible; Googlebot-Mobile/2.1; +http://www.google.com/bot.html)"
66.249.65.232 - - [12/Dec/2008:04:26:36 -0500] "GET /fiction/novels/parkey.html HTTP/1.1" 200 25723 "-" "Nokia6820/2.0 (4.83) Profile/MIDP-1.0 Configuration/CLDC-1.0 (compatible; Googlebot-Mobile/2.1; +http://www.google.com/bot.html)"
66.249.65.232 - - [12/Dec/2008:04:26:37 -0500] "GET /fiction/novels/rosalind.html HTTP/1.1" 200 30989 "-" "Nokia6820/2.0 (4.83) Profile/MIDP-1.0 Configuration/CLDC-1.0 (compatible; Googlebot-Mobile/2.1; +http://www.google.com/bot.html)"
208.36.144.6 - - [12/Dec/2008:04:28:25 -0500] "GET /robots.txt HTTP/1.0" 404 693 "-" "Mozilla/5.0 (Twiceler-0.9 http://www.cuil.com/twiceler/robot.html)"
210.188.201.18 - - [12/Dec/2008:04:47:12 -0500] "GET /haiku/haiku.html HTTP/1.1" 200 2147 "-" "libwww-perl/5.79"
74.6.21.249 - - [12/Dec/2008:05:33:42 -0500] "GET /robots.txt HTTP/1.0" 404 693 "-" "Mozilla/5.0 (compatible; Yahoo! Slurp; http://help.yahoo.com/help/us/ysearch/slurp)"
74.6.30.119 - - [12/Dec/2008:05:33:42 -0500] "GET /haiku/haiku.html HTTP/1.0" 200 2147 "-" "Mozilla/5.0 (compatible; Yahoo! DE Slurp; http://help.yahoo.com/help/us/ysearch/slurp)"
81.52.143.26 - - [12/Dec/2008:05:49:34 -0500] "GET /limerick/nice299.html HTTP/1.1" 200 28130 "-" "Mozilla/5.0 (Windows; U; Windows NT 5.1; fr; rv:1.8.1) VoilaBot BETA 1.2 (support.voilabot@orange-ftgroup.com)"
66.235.124.8 - - [12/Dec/2008:06:27:29 -0500] "GET /fiction/fict98/fict198.html HTTP/1.1" 200 62967 "-" "Mozilla/5.0 (compatible; Ask Jeeves/Teoma; +http://about.ask.com/en/docs/about/webmasters.shtml)"
63.241.3.51 - - [12/Dec/2008:06:43:00 -0500] "GET /limerick/limerick.html HTTP/1.1" 200 2613 "-" "-"
66.235.124.8 - - [12/Dec/2008:07:06:45 -0500] "GET /limerick/1996/nau1296.html HTTP/1.1" 200 25921 "-" "Mozilla/5.0 (compatible; Ask Jeeves/Teoma; +http://about.ask.com/en/docs/about/webmasters.shtml)"
24.199.205.252 - - [12/Dec/2008:07:50:58 -0500] "GET /limerick/nice299.html HTTP/1.1" 200 28130 "http://www.google.com/search?hl=en&safe=active&q=clean+limerick+" "Mozilla/4.0 (compatible; MSIE 7.0; Windows NT 5.1; Mozilla/4.0 (compatible; MSIE 6.0; Windows NT 5.1; SV1) ; .NET CLR 1.1.4322; InfoPath.1; .NET CLR 2.0.50727; .NET CLR 3.0.04506.30)"
24.199.205.252 - - [12/Dec/2008:07:51:01 -0500] "GET /gifs/birdumb.gif HTTP/1.1" 200 4704 "http://www.toastpoint.com/limerick/nice299.html" "Mozilla/4.0 (compatible; MSIE 7.0; Windows NT 5.1; Mozilla/4.0 (compatible; MSIE 6.0; Windows NT 5.1; SV1) ; .NET CLR 1.1.4322; InfoPath.1; .NET CLR 2.0.50727; .NET CLR 3.0.04506.30)"
24.199.205.252 - - [12/Dec/2008:07:51:01 -0500] "GET /gifs/birdumb2.gif HTTP/1.1" 200 4698 "http://www.toastpoint.com/limerick/nice299.html" "Mozilla/4.0 (compatible; MSIE 7.0; Windows NT 5.1; Mozilla/4.0 (compatible; MSIE 6.0; Windows NT 5.1; SV1) ; .NET CLR 1.1.4322; InfoPath.1; .NET CLR 2.0.50727; .NET CLR 3.0.04506.30)"
24.199.205.252 - - [12/Dec/2008:07:51:01 -0500] "GET /gifs/goldstar.jpg HTTP/1.1" 200 1854 "http://www.toastpoint.com/limerick/nice299.html" "Mozilla/4.0 (compatible; MSIE 7.0; Windows NT 5.1; Mozilla/4.0 (compatible; MSIE 6.0; Windows NT 5.1; SV1) ; .NET CLR 1.1.4322; InfoPath.1; .NET CLR 2.0.50727; .NET CLR 3.0.04506.30)"
24.199.205.252 - - [12/Dec/2008:07:51:05 -0500] "GET /favicon.ico HTTP/1.1" 404 693 "-" "Mozilla/4.0 (compatible; MSIE 7.0; Windows NT 5.1; Mozilla/4.0 (compatible; MSIE 6.0; Windows NT 5.1; SV1) ; .NET CLR 1.1.4322; InfoPath.1; .NET CLR 2.0.50727; .NET CLR 3.0.04506.30)"
80.163.37.106 - - [12/Dec/2008:07:53:07 -0500] "GET /gifs/japan.gif HTTP/1.1" 200 5737 "http://www.toastpoint.com/haiku/haiku299.html" "Mozilla/4.0 (compatible; MSIE 7.0; Windows NT 5.1; FunWebProducts; .NET CLR 1.1.4322)"
80.163.37.106 - - [12/Dec/2008:07:53:08 -0500] "GET /gifs/goldstar.jpg HTTP/1.1" 200 1854 "http://www.toastpoint.com/haiku/haiku299.html" "Mozilla/4.0 (compatible; MSIE 7.0; Windows NT 5.1; FunWebProducts; .NET CLR 1.1.4322)"
80.163.37.106 - - [12/Dec/2008:07:53:07 -0500] "GET /haiku/haiku299.html HTTP/1.1" 200 68017 "http://www.google.dk/search?hl=da&q=red-+veined+inkstone+goose&meta=" "Mozilla/4.0 (compatible; MSIE 7.0; Windows NT 5.1; FunWebProducts; .NET CLR 1.1.4322)"
80.163.37.106 - - [12/Dec/2008:07:53:08 -0500] "GET /gifs/blank.jpg HTTP/1.1" 200 705 "http://www.toastpoint.com/haiku/haiku299.html" "Mozilla/4.0 (compatible; MSIE 7.0; Windows NT 5.1; FunWebProducts; .NET CLR 1.1.4322)"
80.163.37.106 - - [12/Dec/2008:07:53:11 -0500] "GET /favicon.ico HTTP/1.1" 404 693 "-" "Mozilla/4.0 (compatible; MSIE 7.0; Windows NT 5.1; FunWebProducts; .NET CLR 1.1.4322)"
66.235.124.8 - - [12/Dec/2008:08:02:03 -0500] "GET /writing/kyw.html HTTP/1.1" 200 3576 "-" "Mozilla/5.0 (compatible; Ask Jeeves/Teoma; +http://about.ask.com/en/docs/about/webmasters.shtml)"
194.153.113.18 - - [12/Dec/2008:08:22:19 -0500] "GET /robots.txt HTTP/1.1" 404 693 "-" "Mozilla/4.0 (compatible; MSIE 5.5; Windows NT 4.0; obot)"
194.153.113.18 - - [12/Dec/2008:08:22:19 -0500] "GET /index.html HTTP/1.1" 200 464 "-" "Mozilla/4.0 (compatible; MSIE 5.5; Windows NT 4.0; obot)"
194.153.113.18 - - [12/Dec/2008:08:22:19 -0500] "GET /toastpointtopleft.html HTTP/1.1" 200 162 "-" "Mozilla/4.0 (compatible; MSIE 5.5; Windows NT 4.0; obot)"
194.153.113.18 - - [12/Dec/2008:08:22:19 -0500] "GET /toastpointtoc.html HTTP/1.1" 200 1188 "-" "Mozilla/4.0 (compatible; MSIE 5.5; Windows NT 4.0; obot)"
194.153.113.18 - - [12/Dec/2008:08:22:19 -0500] "GET /news.html HTTP/1.1" 200 17577 "-" "Mozilla/4.0 (compatible; MSIE 5.5; Windows NT 4.0; obot)"
194.153.113.18 - - [12/Dec/2008:08:22:20 -0500] "GET /toastpointtopright.html HTTP/1.1" 200 151 "-" "Mozilla/4.0 (compatible; MSIE 5.5; Windows NT 4.0; obot)"
194.153.113.18 - - [12/Dec/2008:08:22:20 -0500] "GET /tpnews.html HTTP/1.1" 200 8004 "-" "Mozilla/4.0 (compatible; MSIE 5.5; Windows NT 4.0; obot)"
194.153.113.18 - - [12/Dec/2008:08:22:21 -0500] "GET /gifs/tpoct-nov2008.jpg HTTP/1.1" 200 59792 "-" "Mozilla/4.0 (compatible; MSIE 5.5; Windows NT 4.0; obot)"
194.153.113.18 - - [12/Dec/2008:08:22:23 -0500] "GET /links.html HTTP/1.1" 200 4252 "-" "Mozilla/4.0 (compatible; MSIE 5.5; Windows NT 4.0; obot)"
194.153.113.18 - - [12/Dec/2008:08:22:23 -0500] "GET /photo.html HTTP/1.1" 200 4228 "-" "Mozilla/4.0 (compatible; MSIE 5.5; Windows NT 4.0; obot)"
194.153.113.18 - - [12/Dec/2008:08:22:24 -0500] "GET /welcome.html HTTP/1.1" 200 418 "-" "Mozilla/4.0 (compatible; MSIE 5.5; Windows NT 4.0; obot)"
194.153.113.18 - - [12/Dec/2008:08:22:24 -0500] "GET /bio.html HTTP/1.1" 200 7868 "-" "Mozilla/4.0 (compatible; MSIE 5.5; Windows NT 4.0; obot)"
194.153.113.18 - - [12/Dec/2008:08:22:25 -0500] "GET /gifs/eric.jpg HTTP/1.1" 200 19411 "-" "Mozilla/4.0 (compatible; MSIE 5.5; Windows NT 4.0; obot)"
194.153.113.18 - - [12/Dec/2008:08:22:25 -0500] "GET /gifs/samp.jpg HTTP/1.1" 200 2907 "-" "Mozilla/4.0 (compatible; MSIE 5.5; Windows NT 4.0; obot)"
194.153.113.18 - - [12/Dec/2008:08:22:26 -0500] "GET /prideforallages.html HTTP/1.1" 200 988 "-" "Mozilla/4.0 (compatible; MSIE 5.5; Windows NT 4.0; obot)"
194.153.113.18 - - [12/Dec/2008:08:22:26 -0500] "GET /conthist.html HTTP/1.1" 200 2351 "-" "Mozilla/4.0 (compatible; MSIE 5.5; Windows NT 4.0; obot)"
194.153.113.18 - - [12/Dec/2008:08:22:27 -0500] "GET /haiku HTTP/1.1" 301 240 "-" "Mozilla/4.0 (compatible; MSIE 5.5; Windows NT 4.0; obot)"
194.153.113.18 - - [12/Dec/2008:08:22:27 -0500] "GET /haiku/ HTTP/1.1" 403 563 "-" "Mozilla/4.0 (compatible; MSIE 5.5; Windows NT 4.0; obot)"
194.153.113.18 - - [12/Dec/2008:08:22:27 -0500] "GET /limerick HTTP/1.1" 301 243 "-" "Mozilla/4.0 (compatible; MSIE 5.5; Windows NT 4.0; obot)"
194.153.113.18 - - [12/Dec/2008:08:22:27 -0500] "GET /limerick/ HTTP/1.1" 403 563 "-" "Mozilla/4.0 (compatible; MSIE 5.5; Windows NT 4.0; obot)"
194.153.113.18 - - [12/Dec/2008:08:22:28 -0500] "GET / HTTP/1.1" 200 464 "-" "Mozilla/4.0 (compatible; MSIE 5.5; Windows NT 4.0; obot)"
194.153.113.18 - - [12/Dec/2008:08:22:28 -0500] "GET /contests.html HTTP/1.1" 200 1230 "-" "Mozilla/4.0 (compatible; MSIE 5.5; Windows NT 4.0; obot)"
194.153.113.18 - - [12/Dec/2008:08:22:28 -0500] "GET /whytoastpoint.html HTTP/1.1" 200 605 "-" "Mozilla/4.0 (compatible; MSIE 5.5; Windows NT 4.0; obot)"
194.153.113.18 - - [12/Dec/2008:08:22:29 -0500] "GET /wumpus.html HTTP/1.1" 200 566 "-" "Mozilla/4.0 (compatible; MSIE 5.5; Windows NT 4.0; obot)"
194.153.113.18 - - [12/Dec/2008:08:22:29 -0500] "GET /prideandjoy.html HTTP/1.1" 200 4887 "-" "Mozilla/4.0 (compatible; MSIE 5.5; Windows NT 4.0; obot)"
194.153.113.18 - - [12/Dec/2008:08:22:36 -0500] "GET /ponder.html HTTP/1.1" 200 3441 "-" "Mozilla/4.0 (compatible; MSIE 5.5; Windows NT 4.0; obot)"
66.235.124.8 - - [12/Dec/2008:08:31:17 -0500] "GET /robots.txt HTTP/1.1" 404 693 "-" "Mozilla/5.0 (compatible; Ask Jeeves/Teoma; +http://about.ask.com/en/docs/about/webmasters.shtml)"
66.235.124.8 - - [12/Dec/2008:08:31:22 -0500] "GET /rapture/hogwartsruddigore.txt HTTP/1.1" 200 3957 "-" "Mozilla/5.0 (compatible; Ask Jeeves/Teoma; +http://about.ask.com/en/docs/about/webmasters.shtml)"
24.26.80.185 - - [12/Dec/2008:08:31:56 -0500] "GET /gifs/nakedman.gif HTTP/1.1" 200 7734 "http://www.toastpoint.com/limerick/naut199.html" "Mozilla/4.0 (compatible; MSIE 6.0; Windows NT 5.1; SV1; .NET CLR 1.1.4322; .NET CLR 2.0.50727)"
24.26.80.185 - - [12/Dec/2008:08:31:56 -0500] "GET /gifs/goldstar.jpg HTTP/1.1" 200 1854 "http://www.toastpoint.com/limerick/naut199.html" "Mozilla/4.0 (compatible; MSIE 6.0; Windows NT 5.1; SV1; .NET CLR 1.1.4322; .NET CLR 2.0.50727)"
24.26.80.185 - - [12/Dec/2008:08:31:56 -0500] "GET /gifs/boobies.gif HTTP/1.1" 200 11144 "http://www.toastpoint.com/limerick/naut199.html" "Mozilla/4.0 (compatible; MSIE 6.0; Windows NT 5.1; SV1; .NET CLR 1.1.4322; .NET CLR 2.0.50727)"
24.26.80.185 - - [12/Dec/2008:08:31:56 -0500] "GET /limerick/naut199.html HTTP/1.1" 200 34481 "http://www.google.com/search?hl=en&rlz=1W1GPEA_en&q=naughty+limericks&revid=1478471396&sa=X&oi=revisions_inline&resnum=0&ct=top-revision&cd=1" "Mozilla/4.0 (compatible; MSIE 6.0; Windows NT 5.1; SV1; .NET CLR 1.1.4322; .NET CLR 2.0.50727)"
158.147.66.172 - - [12/Dec/2008:08:37:16 -0500] "GET /limerick/1996/nice496.html HTTP/1.1" 200 15372 "http://www.google.com/search?q=Goodbye+Limerick&hl=en&rls=ig&sa=2" "Mozilla/4.0 (compatible; MSIE 6.0; Windows NT 5.1; SV1; .NET CLR 1.1.4322; InfoPath.1; .NET CLR 2.0.50727)"
158.147.66.172 - - [12/Dec/2008:08:37:16 -0500] "GET /gifs/happy.jpg HTTP/1.1" 200 3135 "http://www.toastpoint.com/limerick/1996/nice496.html" "Mozilla/4.0 (compatible; MSIE 6.0; Windows NT 5.1; SV1; .NET CLR 1.1.4322; InfoPath.1; .NET CLR 2.0.50727)"
158.147.66.172 - - [12/Dec/2008:08:37:16 -0500] "GET /gifs/goldstar.jpg HTTP/1.1" 200 1854 "http://www.toastpoint.com/limerick/1996/nice496.html" "Mozilla/4.0 (compatible; MSIE 6.0; Windows NT 5.1; SV1; .NET CLR 1.1.4322; InfoPath.1; .NET CLR 2.0.50727)"
66.235.124.8 - - [12/Dec/2008:09:12:15 -0500] "GET /limerick/1997/naut197.html HTTP/1.1" 200 27246 "-" "Mozilla/5.0 (compatible; Ask Jeeves/Teoma; +http://about.ask.com/en/docs/about/webmasters.shtml)"
41.210.33.215 - - [12/Dec/2008:09:16:07 -0500] "GET / HTTP/1.1" 200 464 "-" "Mozilla/4.0 (compatible; MSIE 5.0; Windows NT; DigExt; DTS Agent"
66.235.124.8 - - [12/Dec/2008:09:42:46 -0500] "GET /limerick/1995/nicejune.html HTTP/1.1" 200 1710 "-" "Mozilla/5.0 (compatible; Ask Jeeves/Teoma; +http://about.ask.com/en/docs/about/webmasters.shtml)"
66.235.124.8 - - [12/Dec/2008:09:42:53 -0500] "GET /limerick/1997/nice1197.html HTTP/1.1" 200 19541 "-" "Mozilla/5.0 (compatible; Ask Jeeves/Teoma; +http://about.ask.com/en/docs/about/webmasters.shtml)"
66.235.124.58 - - [12/Dec/2008:09:59:35 -0500] "GET /robots.txt HTTP/1.0" 404 693 "-" "Mozilla/5.0 (compatible; Ask Jeeves/Teoma; +http://about.ask.com/en/docs/about/webmasters.shtml)"
66.235.124.58 - - [12/Dec/2008:09:59:36 -0500] "GET /limerick/naut199.html HTTP/1.0" 200 34481 "-" "Mozilla/5.0 (compatible; Ask Jeeves/Teoma; +http://about.ask.com/en/docs/about/webmasters.shtml)"
193.252.149.16 - - [12/Dec/2008:10:14:08 -0500] "GET /limerick/?M=A HTTP/1.1" 403 563 "-" "Mozilla/5.0 (Windows; U; Windows NT 5.1; fr; rv:1.8.1) VoilaBot BETA 1.2 (support.voilabot@orange-ftgroup.com)"
216.183.81.221 - - [12/Dec/2008:10:29:34 -0500] "GET / HTTP/1.1" 304 - "-" "Wget/1.10.2"
66.249.72.179 - - [12/Dec/2008:10:47:03 -0500] "GET /limerick/limerick.html HTTP/1.1" 200 2613 "-" "Nokia6820/2.0 (4.83) Profile/MIDP-1.0 Configuration/CLDC-1.0 (compatible; Googlebot-Mobile/2.1; +http://www.google.com/bot.html)"
208.80.194.45 - - [12/Dec/2008:11:47:42 -0500] "GET / HTTP/1.0" 200 464 "-" "Mozilla/4.0 (compatible; MSIE 6.0; Windows NT 5.1; SV1; FunWebProducts; YPC 3.2.0; .NET CLR 1.1.4322; HbTools 4.8.7; yplus 5.1.03b)"
66.235.124.8 - - [12/Dec/2008:12:07:11 -0500] "GET /limerick/1995/nicesept.html HTTP/1.1" 200 3676 "-" "Mozilla/5.0 (compatible; Ask Jeeves/Teoma; +http://about.ask.com/en/docs/about/webmasters.shtml)"
63.254.117.66 - - [12/Dec/2008:12:28:15 -0500] "GET /haiku/1997/haiku597.html HTTP/1.1" 200 30659 "http://www.google.com/search?hl=en&client=firefox-a&rls=org.mozilla%3Aen-US%3Aofficial&hs=g1B&q=Shalon+Tipton&btnG=Search" "Mozilla/5.0 (Windows; U; Windows NT 5.1; en-US; rv:1.9.0.3) Gecko/2008092417 Firefox/3.0.3"
63.254.117.66 - - [12/Dec/2008:12:28:15 -0500] "GET /gifs/japan.gif HTTP/1.1" 200 5737 "http://www.toastpoint.com/haiku/1997/haiku597.html" "Mozilla/5.0 (Windows; U; Windows NT 5.1; en-US; rv:1.9.0.3) Gecko/2008092417 Firefox/3.0.3"
63.254.117.66 - - [12/Dec/2008:12:28:15 -0500] "GET /gifs/goldstar.jpg HTTP/1.1" 200 1854 "http://www.toastpoint.com/haiku/1997/haiku597.html" "Mozilla/5.0 (Windows; U; Windows NT 5.1; en-US; rv:1.9.0.3) Gecko/2008092417 Firefox/3.0.3"
63.254.117.66 - - [12/Dec/2008:12:28:16 -0500] "GET /favicon.ico HTTP/1.1" 404 693 "-" "Mozilla/5.0 (Windows; U; Windows NT 5.1; en-US; rv:1.9.0.3) Gecko/2008092417 Firefox/3.0.3"
63.254.117.66 - - [12/Dec/2008:12:28:19 -0500] "GET /favicon.ico HTTP/1.1" 404 693 "-" "Mozilla/5.0 (Windows; U; Windows NT 5.1; en-US; rv:1.9.0.3) Gecko/2008092417 Firefox/3.0.3"
66.235.124.8 - - [12/Dec/2008:12:40:08 -0500] "GET /limerick/nice499.html HTTP/1.1" 200 24193 "-" "Mozilla/5.0 (compatible; Ask Jeeves/Teoma; +http://about.ask.com/en/docs/about/webmasters.shtml)"
193.47.80.45 - - [12/Dec/2008:13:08:28 -0500] "GET /robots.txt HTTP/1.1" 404 693 "-" "Mozilla/5.0 (compatible; Exabot/3.0; +http://www.exabot.com/go/robot)"
193.47.80.45 - - [12/Dec/2008:13:08:28 -0500] "GET /limerick/1997/naut1197.html HTTP/1.1" 200 42998 "-" "Mozilla/5.0 (compatible; Exabot/3.0; +http://www.exabot.com/go/robot)"
66.235.124.8 - - [12/Dec/2008:13:13:51 -0500] "GET /fiction/fict299.html HTTP/1.1" 200 38635 "-" "Mozilla/5.0 (compatible; Ask Jeeves/Teoma; +http://about.ask.com/en/docs/about/webmasters.shtml)"
81.52.143.15 - - [12/Dec/2008:13:28:49 -0500] "GET /limerick/1998/nice598.html HTTP/1.1" 200 45520 "-" "Mozilla/5.0 (Windows; U; Windows NT 5.1; fr; rv:1.8.1) VoilaBot BETA 1.2 (support.voilabot@orange-ftgroup.com)"
124.115.1.66 - - [12/Dec/2008:13:31:34 -0500] "GET / HTTP/1.1" 200 464 "http://www.toastpoint.com/" "Mozilla/4.0 (compatible; MSIE 6.0; Windows NT 5.1)"
124.115.1.66 - - [12/Dec/2008:13:31:45 -0500] "GET /toastpointtopleft.html HTTP/1.1" 200 162 "http://www.toastpoint.com/toastpointtopleft.html" "Mozilla/4.0 (compatible; MSIE 6.0; Windows NT 5.1)"
124.115.1.66 - - [12/Dec/2008:13:31:46 -0500] "GET /toastpointtoc.html HTTP/1.1" 200 1188 "http://www.toastpoint.com/toastpointtoc.html" "Mozilla/4.0 (compatible; MSIE 6.0; Windows NT 5.1)"
124.115.1.66 - - [12/Dec/2008:13:31:50 -0500] "GET /news.html HTTP/1.1" 200 17577 "http://www.toastpoint.com/news.html" "Mozilla/4.0 (compatible; MSIE 6.0; Windows NT 5.1)"
124.115.1.66 - - [12/Dec/2008:13:31:52 -0500] "GET /toastpointtopright.html HTTP/1.1" 200 151 "http://www.toastpoint.com/toastpointtopright.html" "Mozilla/4.0 (compatible; MSIE 6.0; Windows NT 5.1)"
124.115.1.66 - - [12/Dec/2008:13:31:52 -0500] "GET /tpnews.html HTTP/1.1" 200 8004 "http://www.toastpoint.com/tpnews.html" "Mozilla/4.0 (compatible; MSIE 6.0; Windows NT 5.1)"
76.125.19.132 - - [12/Dec/2008:13:53:39 -0500] "GET /gifs/nakedman.gif HTTP/1.1" 200 7734 "http://www.toastpoint.com/limerick/naut199.html" "Mozilla/5.0 (Macintosh; U; Intel Mac OS X; en-us) AppleWebKit/523.15.1 (KHTML, like Gecko) Version/3.0.4 Safari/523.15"
76.125.19.132 - - [12/Dec/2008:13:53:39 -0500] "GET /gifs/goldstar.jpg HTTP/1.1" 200 1854 "http://www.toastpoint.com/limerick/naut199.html" "Mozilla/5.0 (Macintosh; U; Intel Mac OS X; en-us) AppleWebKit/523.15.1 (KHTML, like Gecko) Version/3.0.4 Safari/523.15"
76.125.19.132 - - [12/Dec/2008:13:53:39 -0500] "GET /gifs/boobies.gif HTTP/1.1" 200 11144 "http://www.toastpoint.com/limerick/naut199.html" "Mozilla/5.0 (Macintosh; U; Intel Mac OS X; en-us) AppleWebKit/523.15.1 (KHTML, like Gecko) Version/3.0.4 Safari/523.15"
76.125.19.132 - - [12/Dec/2008:13:53:39 -0500] "GET /limerick/naut199.html HTTP/1.1" 200 34481 "http://www.google.com/search?client=safari&rls=en-us&q=naughty+limericks&ie=UTF-8&oe=UTF-8" "Mozilla/5.0 (Macintosh; U; Intel Mac OS X; en-us) AppleWebKit/523.15.1 (KHTML, like Gecko) Version/3.0.4 Safari/523.15"
76.125.19.132 - - [12/Dec/2008:13:53:40 -0500] "GET /favicon.ico HTTP/1.1" 404 693 "http://www.toastpoint.com/limerick/naut199.html" "Mozilla/5.0 (Macintosh; U; Intel Mac OS X; en-us) AppleWebKit/523.15.1 (KHTML, like Gecko) Version/3.0.4 Safari/523.15"
24.60.180.128 - - [12/Dec/2008:13:56:32 -0500] "GET http://www.toastpoint.com/ HTTP/1.0" 200 464 "-" "Mozilla/4.0 (compatible; MSIE 7.0b; Windows NT 6.0)"
124.115.10.193 - - [12/Dec/2008:14:27:13 -0500] "GET / HTTP/1.1" 200 464 "http://www.toastpoint.com/" "Mozilla/4.0 (compatible; MSIE 6.0; Windows NT 5.1)"
124.115.10.193 - - [12/Dec/2008:14:27:27 -0500] "GET /toastpointtopleft.html HTTP/1.1" 200 162 "http://www.toastpoint.com/toastpointtopleft.html" "Mozilla/4.0 (compatible; MSIE 6.0; Windows NT 5.1)"
124.115.10.193 - - [12/Dec/2008:14:27:30 -0500] "GET /toastpointtoc.html HTTP/1.1" 200 1188 "http://www.toastpoint.com/toastpointtoc.html" "Mozilla/4.0 (compatible; MSIE 6.0; Windows NT 5.1)"
124.115.10.193 - - [12/Dec/2008:14:27:33 -0500] "GET /news.html HTTP/1.1" 200 17577 "http://www.toastpoint.com/news.html" "Mozilla/4.0 (compatible; MSIE 6.0; Windows NT 5.1)"
124.115.10.193 - - [12/Dec/2008:14:27:36 -0500] "GET /toastpointtopright.html HTTP/1.1" 200 151 "http://www.toastpoint.com/toastpointtopright.html" "Mozilla/4.0 (compatible; MSIE 6.0; Windows NT 5.1)"
124.115.10.193 - - [12/Dec/2008:14:27:39 -0500] "GET /tpnews.html HTTP/1.1" 200 8004 "http://www.toastpoint.com/tpnews.html" "Mozilla/4.0 (compatible; MSIE 6.0; Windows NT 5.1)"
66.235.124.8 - - [12/Dec/2008:14:31:59 -0500] "GET /haiku/1997/haik1197.html HTTP/1.1" 200 26399 "-" "Mozilla/5.0 (compatible; Ask Jeeves/Teoma; +http://about.ask.com/en/docs/about/webmasters.shtml)"
66.235.124.8 - - [12/Dec/2008:14:35:56 -0500] "GET /limerick/naut599.html HTTP/1.1" 200 21235 "-" "Mozilla/5.0 (compatible; Ask Jeeves/Teoma; +http://about.ask.com/en/docs/about/webmasters.shtml)"
193.252.149.16 - - [12/Dec/2008:14:52:45 -0500] "GET /limerick/?N=A HTTP/1.1" 403 563 "-" "Mozilla/5.0 (Windows; U; Windows NT 5.1; fr; rv:1.8.1) VoilaBot BETA 1.2 (support.voilabot@orange-ftgroup.com)"
193.252.149.16 - - [12/Dec/2008:15:01:11 -0500] "GET /haiku/?N=D HTTP/1.1" 403 563 "-" "Mozilla/5.0 (Windows; U; Windows NT 5.1; fr; rv:1.8.1) VoilaBot BETA 1.2 (support.voilabot@orange-ftgroup.com)"
12.216.227.240 - - [12/Dec/2008:15:37:34 -0500] "GET /limerick/naut199.html HTTP/1.1" 200 34481 "http://www.google.com/search?hl=en&q=naugth+limericks&btnG=Google+Search&aq=f&oq=" "Mozilla/4.0 (compatible; MSIE 7.0; Windows NT 5.1)"
12.216.227.240 - - [12/Dec/2008:15:37:35 -0500] "GET /gifs/boobies.gif HTTP/1.1" 200 11144 "http://www.toastpoint.com/limerick/naut199.html" "Mozilla/4.0 (compatible; MSIE 7.0; Windows NT 5.1)"
12.216.227.240 - - [12/Dec/2008:15:37:35 -0500] "GET /gifs/nakedman.gif HTTP/1.1" 200 7734 "http://www.toastpoint.com/limerick/naut199.html" "Mozilla/4.0 (compatible; MSIE 7.0; Windows NT 5.1)"
12.216.227.240 - - [12/Dec/2008:15:37:35 -0500] "GET /gifs/goldstar.jpg HTTP/1.1" 200 1854 "http://www.toastpoint.com/limerick/naut199.html" "Mozilla/4.0 (compatible; MSIE 7.0; Windows NT 5.1)"
12.216.227.240 - - [12/Dec/2008:15:37:35 -0500] "GET /favicon.ico HTTP/1.1" 404 693 "-" "Mozilla/4.0 (compatible; MSIE 7.0; Windows NT 5.1)"
66.235.124.8 - - [12/Dec/2008:15:47:31 -0500] "GET /fiction/fict97/fict1297.html HTTP/1.1" 200 6078 "-" "Mozilla/5.0 (compatible; Ask Jeeves/Teoma; +http://about.ask.com/en/docs/about/webmasters.shtml)"
81.52.143.16 - - [12/Dec/2008:15:50:01 -0500] "GET /limerick/?M=D HTTP/1.1" 403 563 "-" "Mozilla/5.0 (Windows; U; Windows NT 5.1; fr; rv:1.8.1) VoilaBot BETA 1.2 (support.voilabot@orange-ftgroup.com)"
81.52.143.15 - - [12/Dec/2008:16:11:26 -0500] "GET /limerick/?S=D HTTP/1.1" 403 563 "-" "Mozilla/5.0 (Windows; U; Windows NT 5.1; fr; rv:1.8.1) VoilaBot BETA 1.2 (support.voilabot@orange-ftgroup.com)"
66.235.124.8 - - [12/Dec/2008:16:22:46 -0500] "GET /photo.html HTTP/1.1" 200 4228 "-" "Mozilla/5.0 (compatible; Ask Jeeves/Teoma; +http://about.ask.com/en/docs/about/webmasters.shtml)"
81.52.143.15 - - [12/Dec/2008:16:35:24 -0500] "GET /limerick/?D=A HTTP/1.1" 403 563 "-" "Mozilla/5.0 (Windows; U; Windows NT 5.1; fr; rv:1.8.1) VoilaBot BETA 1.2 (support.voilabot@orange-ftgroup.com)"
74.6.21.249 - - [12/Dec/2008:16:40:17 -0500] "GET /robots.txt HTTP/1.0" 404 693 "-" "Mozilla/5.0 (compatible; Yahoo! Slurp; http://help.yahoo.com/help/us/ysearch/slurp)"
74.6.76.45 - - [12/Dec/2008:16:40:17 -0500] "GET /haiku/haiku.html HTTP/1.0" 200 2147 "-" "Mozilla/5.0 (compatible; Yahoo! DE Slurp; http://help.yahoo.com/help/us/ysearch/slurp)"
93.89.213.181 - - [12/Dec/2008:16:42:42 -0500] "GET /limerick/1998/naut598.html HTTP/1.1" 200 63665 "http://nova.rambler.ru/pic_cache?url=http://www.toastpoint.com/limerick/1998/naut598.html&bi=http://www.toastpoint.com/gifs/woman.gif&i=http://media3.picsearch.com/is?BsxTEoSKPWoirFf9TLOU3nG4kk8kohBwfGh2CaNBI98&w=128&h=100&f=10&q=woman amputee&p=33" "Mozilla/4.0 (compatible; MSIE 7.0; Windows NT 5.1; .NET CLR 1.1.4322; Seekmo 10.0.431.0)"
93.89.213.181 - - [12/Dec/2008:16:42:43 -0500] "GET /gifs/woman.gif HTTP/1.1" 200 9657 "http://www.toastpoint.com/limerick/1998/naut598.html" "Mozilla/4.0 (compatible; MSIE 7.0; Windows NT 5.1; .NET CLR 1.1.4322; Seekmo 10.0.431.0)"
93.89.213.181 - - [12/Dec/2008:16:42:44 -0500] "GET /gifs/nakedman.gif HTTP/1.1" 200 7734 "http://www.toastpoint.com/limerick/1998/naut598.html" "Mozilla/4.0 (compatible; MSIE 7.0; Windows NT 5.1; .NET CLR 1.1.4322; Seekmo 10.0.431.0)"
93.89.213.181 - - [12/Dec/2008:16:42:44 -0500] "GET /gifs/goldstar.jpg HTTP/1.1" 200 1854 "http://www.toastpoint.com/limerick/1998/naut598.html" "Mozilla/4.0 (compatible; MSIE 7.0; Windows NT 5.1; .NET CLR 1.1.4322; Seekmo 10.0.431.0)"
69.58.178.31 - - [12/Dec/2008:16:54:33 -0500] "GET /robots.txt HTTP/1.1" 404 693 "-" "Mozilla/5.0 (X11; U; Linux i686; en-US; rv:1.7.12; ips-agent) Gecko/20050922 Fedora/1.0.7-1.1.fc4 Firefox/1.0.7"
69.58.178.31 - - [12/Dec/2008:16:54:35 -0500] "GET / HTTP/1.1" 200 919088 "-" "Mozilla/5.0 (X11; U; Linux i686; en-US; rv:1.7.12; ips-agent) Gecko/20050922 Fedora/1.0.7-1.1.fc4 Firefox/1.0.7"
216.183.81.221 - - [12/Dec/2008:16:56:28 -0500] "GET / HTTP/1.1" 304 - "-" "Wget/1.10.2"
81.52.143.16 - - [12/Dec/2008:17:12:42 -0500] "GET /haiku/?S=A HTTP/1.1" 403 563 "-" "Mozilla/5.0 (Windows; U; Windows NT 5.1; fr; rv:1.8.1) VoilaBot BETA 1.2 (support.voilabot@orange-ftgroup.com)"
74.6.76.45 - - [12/Dec/2008:17:32:09 -0500] "GET / HTTP/1.0" 200 464 "-" "Mozilla/5.0 (compatible; Yahoo! DE Slurp; http://help.yahoo.com/help/us/ysearch/slurp)"
74.6.76.45 - - [12/Dec/2008:17:32:13 -0500] "GET /toastpointtopleft.html HTTP/1.0" 200 162 "-" "Mozilla/5.0 (compatible; Yahoo! DE Slurp; http://help.yahoo.com/help/us/ysearch/slurp)"
74.6.76.45 - - [12/Dec/2008:17:32:15 -0500] "GET /toastpointtoc.html HTTP/1.0" 200 1188 "-" "Mozilla/5.0 (compatible; Yahoo! DE Slurp; http://help.yahoo.com/help/us/ysearch/slurp)"
74.6.76.45 - - [12/Dec/2008:17:32:19 -0500] "GET /news.html HTTP/1.0" 200 17577 "-" "Mozilla/5.0 (compatible; Yahoo! DE Slurp; http://help.yahoo.com/help/us/ysearch/slurp)"
74.6.76.45 - - [12/Dec/2008:17:32:23 -0500] "GET /toastpointtopright.html HTTP/1.0" 200 151 "-" "Mozilla/5.0 (compatible; Yahoo! DE Slurp; http://help.yahoo.com/help/us/ysearch/slurp)"
74.6.76.45 - - [12/Dec/2008:17:32:25 -0500] "GET /tpnews.html HTTP/1.0" 200 8004 "-" "Mozilla/5.0 (compatible; Yahoo! DE Slurp; http://help.yahoo.com/help/us/ysearch/slurp)"
72.36.115.86 - - [12/Dec/2008:17:45:16 -0500] "GET /haiku/haiku.html HTTP/1.1" 200 2147 "-" "CazoodleBot/0.0.2 (http://www.cazoodle.com/contact.php; cbot@cazoodle.com)"
81.52.143.16 - - [12/Dec/2008:18:07:56 -0500] "GET /limerick/?N=D HTTP/1.1" 403 563 "-" "Mozilla/5.0 (Windows; U; Windows NT 5.1; fr; rv:1.8.1) VoilaBot BETA 1.2 (support.voilabot@orange-ftgroup.com)"
216.183.81.221 - - [12/Dec/2008:18:18:04 -0500] "GET / HTTP/1.1" 304 - "-" "Wget/1.10.2"
66.235.124.8 - - [12/Dec/2008:18:40:31 -0500] "GET /fiction/fict9596/fict496.html HTTP/1.1" 200 8177 "-" "Mozilla/5.0 (compatible; Ask Jeeves/Teoma; +http://about.ask.com/en/docs/about/webmasters.shtml)"
68.6.251.92 - - [12/Dec/2008:18:59:44 -0500] "GET /fiction/fiction.html HTTP/1.1" 200 2705 "http://www.google.com/search?hl=en&q=bad+fiction+contest&btnG=Google+Search&aq=0&oq=bad+fiction+" "Mozilla/5.0 (Windows; U; Windows NT 5.1; en-US; rv:1.9.0.4) Gecko/2008102920 Firefox/3.0.4"
68.6.251.92 - - [12/Dec/2008:18:59:44 -0500] "GET /gifs/paper.gif HTTP/1.1" 200 4756 "http://www.toastpoint.com/fiction/fiction.html" "Mozilla/5.0 (Windows; U; Windows NT 5.1; en-US; rv:1.9.0.4) Gecko/2008102920 Firefox/3.0.4"
68.6.251.92 - - [12/Dec/2008:18:59:45 -0500] "GET /gifs/quill1.gif HTTP/1.1" 200 4312 "http://www.toastpoint.com/fiction/fiction.html" "Mozilla/5.0 (Windows; U; Windows NT 5.1; en-US; rv:1.9.0.4) Gecko/2008102920 Firefox/3.0.4"
68.6.251.92 - - [12/Dec/2008:18:59:45 -0500] "GET /gifs/quill2.gif HTTP/1.1" 200 4300 "http://www.toastpoint.com/fiction/fiction.html" "Mozilla/5.0 (Windows; U; Windows NT 5.1; en-US; rv:1.9.0.4) Gecko/2008102920 Firefox/3.0.4"
68.6.251.92 - - [12/Dec/2008:18:59:45 -0500] "GET /favicon.ico HTTP/1.1" 404 693 "-" "Mozilla/5.0 (Windows; U; Windows NT 5.1; en-US; rv:1.9.0.4) Gecko/2008102920 Firefox/3.0.4"
68.6.251.92 - - [12/Dec/2008:18:59:48 -0500] "GET /favicon.ico HTTP/1.1" 404 693 "-" "Mozilla/5.0 (Windows; U; Windows NT 5.1; en-US; rv:1.9.0.4) Gecko/2008102920 Firefox/3.0.4"
68.6.251.92 - - [12/Dec/2008:19:00:21 -0500] "GET /fiction/fict599.html HTTP/1.1" 200 7512 "http://www.toastpoint.com/fiction/fiction.html" "Mozilla/5.0 (Windows; U; Windows NT 5.1; en-US; rv:1.9.0.4) Gecko/2008102920 Firefox/3.0.4"
68.6.251.92 - - [12/Dec/2008:19:00:21 -0500] "GET /gifs/star3.gif HTTP/1.1" 200 1536 "http://www.toastpoint.com/fiction/fict599.html" "Mozilla/5.0 (Windows; U; Windows NT 5.1; en-US; rv:1.9.0.4) Gecko/2008102920 Firefox/3.0.4"
72.43.62.72 - - [12/Dec/2008:19:14:25 -0500] "GET /limerick/naut199.html HTTP/1.1" 200 34481 "http://www.google.com/search?hl=en&client=firefox-a&rls=org.mozilla:en-US:official&hs=iPx&q=naughty+limericks&revid=2005747767&sa=X&oi=revisions_inline&resnum=0&ct=top-revision&cd=1" "Mozilla/5.0 (Macintosh; U; PPC Mac OS X 10.4; en-US; rv:1.9.0.4) Gecko/2008102920 Firefox/3.0.4"
72.43.62.72 - - [12/Dec/2008:19:14:25 -0500] "GET /gifs/boobies.gif HTTP/1.1" 200 11144 "http://www.toastpoint.com/limerick/naut199.html" "Mozilla/5.0 (Macintosh; U; PPC Mac OS X 10.4; en-US; rv:1.9.0.4) Gecko/2008102920 Firefox/3.0.4"
72.43.62.78 - - [12/Dec/2008:19:14:25 -0500] "GET /gifs/nakedman.gif HTTP/1.1" 200 7734 "http://www.toastpoint.com/limerick/naut199.html" "Mozilla/5.0 (Macintosh; U; PPC Mac OS X 10.4; en-US; rv:1.9.0.4) Gecko/2008102920 Firefox/3.0.4"
72.43.62.72 - - [12/Dec/2008:19:14:25 -0500] "GET /gifs/goldstar.jpg HTTP/1.1" 200 1854 "http://www.toastpoint.com/limerick/naut199.html" "Mozilla/5.0 (Macintosh; U; PPC Mac OS X 10.4; en-US; rv:1.9.0.4) Gecko/2008102920 Firefox/3.0.4"
72.43.62.72 - - [12/Dec/2008:19:14:26 -0500] "GET /favicon.ico HTTP/1.1" 404 693 "-" "Mozilla/5.0 (Macintosh; U; PPC Mac OS X 10.4; en-US; rv:1.9.0.4) Gecko/2008102920 Firefox/3.0.4"
72.43.62.72 - - [12/Dec/2008:19:14:29 -0500] "GET /favicon.ico HTTP/1.1" 404 693 "-" "Mozilla/5.0 (Macintosh; U; PPC Mac OS X 10.4; en-US; rv:1.9.0.4) Gecko/2008102920 Firefox/3.0.4"
66.235.124.8 - - [12/Dec/2008:19:17:40 -0500] "GET /haiku/haiku399.html HTTP/1.1" 200 75208 "-" "Mozilla/5.0 (compatible; Ask Jeeves/Teoma; +http://about.ask.com/en/docs/about/webmasters.shtml)"
70.24.171.57 - - [12/Dec/2008:19:17:46 -0500] "GET /gifs/goldstar.jpg HTTP/1.1" 200 1854 "-" "Mozilla/4.0 (compatible; MSIE 7.0; Windows NT 5.1; FunWebProducts; SPOENB/1.0; AntivirXP08; .NET CLR 1.1.4322; SPOENB/1.0)"
67.87.192.193 - - [12/Dec/2008:19:52:16 -0500] "GET /limerick/1996/nice496.html HTTP/1.1" 200 15372 "http://www.google.com/search?hl=en&q=perverted+limerick" "Mozilla/4.0 (compatible; MSIE 7.0; Windows NT 5.1)"
67.87.192.193 - - [12/Dec/2008:19:52:17 -0500] "GET /gifs/happy.jpg HTTP/1.1" 200 3135 "http://www.toastpoint.com/limerick/1996/nice496.html" "Mozilla/4.0 (compatible; MSIE 7.0; Windows NT 5.1)"
67.87.192.193 - - [12/Dec/2008:19:52:17 -0500] "GET /gifs/goldstar.jpg HTTP/1.1" 200 1854 "http://www.toastpoint.com/limerick/1996/nice496.html" "Mozilla/4.0 (compatible; MSIE 7.0; Windows NT 5.1)"
67.87.192.193 - - [12/Dec/2008:19:52:17 -0500] "GET /favicon.ico HTTP/1.1" 404 693 "-" "Mozilla/4.0 (compatible; MSIE 7.0; Windows NT 5.1)"
162.89.0.61 - - [12/Dec/2008:19:59:38 -0500] "GET /limerick/1997/nice1197.html HTTP/1.0" 200 19541 "http://images.google.com/imgres?imgurl=http://www.toastpoint.com/gifs/leopold.jpg&imgrefurl=http://www.toastpoint.com/limerick/1997/nice1197.html&usg=__3HfEDoDBZtM9aZztpVyaZf2g6Fc=&h=282&w=428&sz=38&hl=en&start=116&tbnid=g9FOnr71yiG4mM:&tbnh=83&tbnw=126&prev=/images%3Fq%3Dexpo%2B74%26start%3D100%26gbv%3D2%26ndsp%3D20%26hl%3Den%26sa%3DN" "Mozilla/4.0 (compatible; MSIE 6.0; Windows NT 5.1; SV1; .NET CLR 1.1.4322; .NET CLR 2.0.50727; InfoPath.1; .NET CLR 3.0.04506.30; .NET CLR 3.0.04506.648)"
162.89.0.61 - - [12/Dec/2008:19:59:38 -0500] "GET /gifs/goldstar.jpg HTTP/1.0" 200 1854 "http://www.toastpoint.com/limerick/1997/nice1197.html" "Mozilla/4.0 (compatible; MSIE 6.0; Windows NT 5.1; SV1; .NET CLR 1.1.4322; .NET CLR 2.0.50727; InfoPath.1; .NET CLR 3.0.04506.30; .NET CLR 3.0.04506.648)"
162.89.0.61 - - [12/Dec/2008:19:59:38 -0500] "GET /gifs/birdumb2.gif HTTP/1.0" 200 4698 "http://www.toastpoint.com/limerick/1997/nice1197.html" "Mozilla/4.0 (compatible; MSIE 6.0; Windows NT 5.1; SV1; .NET CLR 1.1.4322; .NET CLR 2.0.50727; InfoPath.1; .NET CLR 3.0.04506.30; .NET CLR 3.0.04506.648)"
162.89.0.61 - - [12/Dec/2008:19:59:38 -0500] "GET /gifs/birdumb.gif HTTP/1.0" 200 4704 "http://www.toastpoint.com/limerick/1997/nice1197.html" "Mozilla/4.0 (compatible; MSIE 6.0; Windows NT 5.1; SV1; .NET CLR 1.1.4322; .NET CLR 2.0.50727; InfoPath.1; .NET CLR 3.0.04506.30; .NET CLR 3.0.04506.648)"
162.89.0.61 - - [12/Dec/2008:19:59:38 -0500] "GET /gifs/leopold.jpg HTTP/1.0" 200 38609 "http://images.google.com/imgres?imgurl=http://www.toastpoint.com/gifs/leopold.jpg&imgrefurl=http://www.toastpoint.com/limerick/1997/nice1197.html&h=282&w=428&sz=38&tbnid=g9FOnr71yiG4mM:&tbnh=83&tbnw=126&hl=en&prev=/images%3Fq%3Dexpo%2B74%26start%3D100%26gbv%3D2%26ndsp%3D20%26hl%3Den%26sa%3DN&frame=small" "Mozilla/4.0 (compatible; MSIE 6.0; Windows NT 5.1; SV1; .NET CLR 1.1.4322; .NET CLR 2.0.50727; InfoPath.1; .NET CLR 3.0.04506.30; .NET CLR 3.0.04506.648)"
66.235.124.8 - - [12/Dec/2008:20:21:15 -0500] "GET /limerick/1996/nice996.html HTTP/1.1" 200 4972 "-" "Mozilla/5.0 (compatible; Ask Jeeves/Teoma; +http://about.ask.com/en/docs/about/webmasters.shtml)"
98.30.159.187 - - [12/Dec/2008:20:33:58 -0500] "GET /gifs/boobies.gif HTTP/1.1" 200 11144 "http://www.toastpoint.com/limerick/naut199.html" "Mozilla/5.0 (Windows; U; Windows NT 5.1; en-US; rv:1.9.0.4) Gecko/2008102920 Firefox/3.0.4"
98.30.159.187 - - [12/Dec/2008:20:33:58 -0500] "GET /gifs/goldstar.jpg HTTP/1.1" 200 1854 "http://www.toastpoint.com/limerick/naut199.html" "Mozilla/5.0 (Windows; U; Windows NT 5.1; en-US; rv:1.9.0.4) Gecko/2008102920 Firefox/3.0.4"
98.30.159.187 - - [12/Dec/2008:20:33:58 -0500] "GET /gifs/nakedman.gif HTTP/1.1" 200 7734 "http://www.toastpoint.com/limerick/naut199.html" "Mozilla/5.0 (Windows; U; Windows NT 5.1; en-US; rv:1.9.0.4) Gecko/2008102920 Firefox/3.0.4"
98.30.159.187 - - [12/Dec/2008:20:33:58 -0500] "GET /limerick/naut199.html HTTP/1.1" 200 34481 "http://www.google.com/search?q=naughty+limericks&ie=utf-8&oe=utf-8&aq=t&rls=org.mozilla:en-US:official&client=firefox-a" "Mozilla/5.0 (Windows; U; Windows NT 5.1; en-US; rv:1.9.0.4) Gecko/2008102920 Firefox/3.0.4"
98.30.159.187 - - [12/Dec/2008:20:34:00 -0500] "GET /favicon.ico HTTP/1.1" 404 693 "-" "Mozilla/5.0 (Windows; U; Windows NT 5.1; en-US; rv:1.9.0.4) Gecko/2008102920 Firefox/3.0.4"
98.30.159.187 - - [12/Dec/2008:20:34:03 -0500] "GET /favicon.ico HTTP/1.1" 404 693 "-" "Mozilla/5.0 (Windows; U; Windows NT 5.1; en-US; rv:1.9.0.4) Gecko/2008102920 Firefox/3.0.4"
193.47.80.45 - - [12/Dec/2008:20:51:38 -0500] "GET /fiction/novels/peak1-3.html HTTP/1.1" 200 6956 "-" "Mozilla/5.0 (compatible; Exabot/3.0; +http://www.exabot.com/go/robot)"
208.80.194.35 - - [12/Dec/2008:20:58:17 -0500] "GET / HTTP/1.0" 200 464 "-" "Mozilla/4.0 (compatible; MSIE 6.0; Windows NT 5.1; myVine.com custom settings; SV1; .NET CLR 1.0.3705; .NET CLR 1.1.4322)"
81.52.143.26 - - [12/Dec/2008:21:10:32 -0500] "GET /limerick/docs/formhint.html HTTP/1.1" 200 2522 "-" "Mozilla/5.0 (Windows; U; Windows NT 5.1; fr; rv:1.8.1) VoilaBot BETA 1.2 (support.voilabot@orange-ftgroup.com)"
81.52.143.15 - - [12/Dec/2008:21:25:28 -0500] "GET /haiku/?M=A HTTP/1.1" 403 563 "-" "Mozilla/5.0 (Windows; U; Windows NT 5.1; fr; rv:1.8.1) VoilaBot BETA 1.2 (support.voilabot@orange-ftgroup.com)"
208.36.144.8 - - [12/Dec/2008:22:01:51 -0500] "GET /limerick/ HTTP/1.0" 403 563 "-" "Mozilla/5.0 (Twiceler-0.9 http://www.cuil.com/twiceler/robot.html)"
193.47.80.45 - - [12/Dec/2008:22:14:19 -0500] "GET /fiction/fict9596/fict896.html HTTP/1.1" 200 27993 "-" "Mozilla/5.0 (compatible; Exabot/3.0; +http://www.exabot.com/go/robot)"
193.47.80.45 - - [12/Dec/2008:22:14:22 -0500] "GET /limerick/1996/nic1196.html HTTP/1.1" 200 11053 "-" "Mozilla/5.0 (compatible; Exabot/3.0; +http://www.exabot.com/go/robot)"
66.235.124.8 - - [12/Dec/2008:22:26:26 -0500] "GET /robots.txt HTTP/1.1" 404 693 "-" "Mozilla/5.0 (compatible; Ask Jeeves/Teoma; +http://about.ask.com/en/docs/about/webmasters.shtml)"
66.235.124.8 - - [12/Dec/2008:22:26:31 -0500] "GET /haiku/1998/haiku998.html HTTP/1.1" 200 38887 "-" "Mozilla/5.0 (compatible; Ask Jeeves/Teoma; +http://about.ask.com/en/docs/about/webmasters.shtml)"
119.160.120.37 - - [12/Dec/2008:22:29:59 -0500] "GET / HTTP/1.0" 200 464 "-" "Mozilla/4.0 (compatible; MSIE 7.0b; Windows NT 6.0)"
65.69.153.191 - - [12/Dec/2008:22:35:33 -0500] "GET /gifs/goldstar.jpg HTTP/1.1" 200 1854 "http://www.toastpoint.com/limerick/naut199.html" "Mozilla/5.0 (Windows; U; Windows NT 5.1; en-US; rv:1.9.0.4) Gecko/2008102920 Firefox/3.0.4"
65.69.153.191 - - [12/Dec/2008:22:35:33 -0500] "GET /gifs/boobies.gif HTTP/1.1" 200 11144 "http://www.toastpoint.com/limerick/naut199.html" "Mozilla/5.0 (Windows; U; Windows NT 5.1; en-US; rv:1.9.0.4) Gecko/2008102920 Firefox/3.0.4"
65.69.153.191 - - [12/Dec/2008:22:35:33 -0500] "GET /gifs/nakedman.gif HTTP/1.1" 200 7734 "http://www.toastpoint.com/limerick/naut199.html" "Mozilla/5.0 (Windows; U; Windows NT 5.1; en-US; rv:1.9.0.4) Gecko/2008102920 Firefox/3.0.4"
65.69.153.191 - - [12/Dec/2008:22:35:32 -0500] "GET /limerick/naut199.html HTTP/1.1" 200 34481 "http://www.google.com/search?hl=en&safe=off&client=firefox-a&rls=org.mozilla%3Aen-US%3Aofficial&hs=I3f&q=a+women+tickled+my+chin+and+I+got+an+erection&btnG=Search" "Mozilla/5.0 (Windows; U; Windows NT 5.1; en-US; rv:1.9.0.4) Gecko/2008102920 Firefox/3.0.4"
65.69.153.191 - - [12/Dec/2008:22:35:37 -0500] "GET /favicon.ico HTTP/1.1" 404 693 "-" "Mozilla/5.0 (Windows; U; Windows NT 5.1; en-US; rv:1.9.0.4) Gecko/2008102920 Firefox/3.0.4"
65.69.153.191 - - [12/Dec/2008:22:35:41 -0500] "GET /favicon.ico HTTP/1.1" 404 693 "-" "Mozilla/5.0 (Windows; U; Windows NT 5.1; en-US; rv:1.9.0.4) Gecko/2008102920 Firefox/3.0.4"
66.235.124.8 - - [12/Dec/2008:23:04:14 -0500] "GET /limerick/1998/nice498.html HTTP/1.1" 200 32863 "-" "Mozilla/5.0 (compatible; Ask Jeeves/Teoma; +http://about.ask.com/en/docs/about/webmasters.shtml)"
81.52.143.26 - - [12/Dec/2008:23:05:02 -0500] "GET /limerick/nautfrm.html HTTP/1.1" 200 548 "-" "Mozilla/5.0 (Windows; U; Windows NT 5.1; fr; rv:1.8.1) VoilaBot BETA 1.2 (support.voilabot@orange-ftgroup.com)"
