217.212.224.183 - - [05/Feb/2009:00:11:39 -0500] "GET /robots.txt HTTP/1.0" 404 693 "-" "psbot/0.1 (+http://www.picsearch.com/bot.html)"
217.212.224.149 - - [05/Feb/2009:00:11:39 -0500] "GET /gifs/blank.jpg HTTP/1.0" 200 705 "-" "psbot/0.1 (+http://www.picsearch.com/bot.html)"
208.111.154.15 - - [05/Feb/2009:00:21:25 -0500] "GET /robots.txt HTTP/1.1" 404 693 "-" "Mozilla/5.0 (compatible; Charlotte/1.1; http://www.searchme.com/support/)"
66.249.65.232 - - [05/Feb/2009:00:33:01 -0500] "GET /fiction/fict97/fict297.html HTTP/1.1" 200 8467 "-" "SAMSUNG-SGH-E250/1.0 Profile/MIDP-2.0 Configuration/CLDC-1.1 UP.Browser/6.2.3.3.c.1.101 (GUI) MMP/2.0 (compatible; Googlebot-Mobile/2.1; +http://www.google.com/bot.html)"
66.249.65.232 - - [05/Feb/2009:00:33:35 -0500] "GET /haiku/1995/haikujul.html HTTP/1.1" 200 2170 "-" "SAMSUNG-SGH-E250/1.0 Profile/MIDP-2.0 Configuration/CLDC-1.1 UP.Browser/6.2.3.3.c.1.101 (GUI) MMP/2.0 (compatible; Googlebot-Mobile/2.1; +http://www.google.com/bot.html)"
208.111.154.16 - - [05/Feb/2009:00:34:55 -0500] "GET /robots.txt HTTP/1.1" 404 693 "-" "Mozilla/5.0 (compatible; Charlotte/1.1; http://www.searchme.com/support/)"
193.47.80.45 - - [05/Feb/2009:00:36:31 -0500] "GET /robots.txt HTTP/1.1" 404 693 "-" "Mozilla/5.0 (compatible; Exabot/3.0; +http://www.exabot.com/go/robot)"
193.47.80.45 - - [05/Feb/2009:00:36:32 -0500] "GET /fiction/fict9596/fic1096.html HTTP/1.1" 200 26986 "-" "Mozilla/5.0 (compatible; Exabot/3.0; +http://www.exabot.com/go/robot)"
193.47.80.45 - - [05/Feb/2009:00:36:35 -0500] "GET / HTTP/1.1" 200 464 "-" "Mozilla/5.0 (compatible; Exabot/3.0; +http://www.exabot.com/go/robot)"
66.249.65.232 - - [05/Feb/2009:00:39:59 -0500] "GET /fiction/fict98/fict998.html HTTP/1.1" 200 7905 "-" "SAMSUNG-SGH-E250/1.0 Profile/MIDP-2.0 Configuration/CLDC-1.1 UP.Browser/6.2.3.3.c.1.101 (GUI) MMP/2.0 (compatible; Googlebot-Mobile/2.1; +http://www.google.com/bot.html)"
193.47.80.77 - - [05/Feb/2009:00:40:00 -0500] "GET /fiction/fict9596/fic1096.html HTTP/1.0" 200 26986 "-" "Mozilla/5.0 (compatible; Konqueror/3.5; Linux) KHTML/3.5.5 (like Gecko) (Exabot-Thumbnails)"
193.47.80.77 - - [05/Feb/2009:00:40:02 -0500] "GET /gifs/quill.gif HTTP/1.0" 200 4312 "http://www.toastpoint.com/fiction/fict9596/fic1096.html" "Mozilla/5.0 (compatible; Konqueror/3.5; Linux) KHTML/3.5.5 (like Gecko) (Exabot-Thumbnails)"
193.47.80.77 - - [05/Feb/2009:00:40:02 -0500] "GET /gifs/quill2.gif HTTP/1.0" 200 4300 "http://www.toastpoint.com/fiction/fict9596/fic1096.html" "Mozilla/5.0 (compatible; Konqueror/3.5; Linux) KHTML/3.5.5 (like Gecko) (Exabot-Thumbnails)"
193.47.80.77 - - [05/Feb/2009:00:40:02 -0500] "GET /gifs/goldstar.jpg HTTP/1.0" 200 1854 "http://www.toastpoint.com/fiction/fict9596/fic1096.html" "Mozilla/5.0 (compatible; Konqueror/3.5; Linux) KHTML/3.5.5 (like Gecko) (Exabot-Thumbnails)"
193.47.80.77 - - [05/Feb/2009:00:40:04 -0500] "GET / HTTP/1.0" 200 464 "-" "Mozilla/5.0 (compatible; Konqueror/3.5; Linux) KHTML/3.5.5 (like Gecko) (Exabot-Thumbnails)"
193.47.80.77 - - [05/Feb/2009:00:40:04 -0500] "GET /toastpointtopleft.html HTTP/1.0" 200 162 "http://www.toastpoint.com/" "Mozilla/5.0 (compatible; Konqueror/3.5; Linux) KHTML/3.5.5 (like Gecko) (Exabot-Thumbnails)"
193.47.80.77 - - [05/Feb/2009:00:40:04 -0500] "GET /toastpointtoc.html HTTP/1.0" 200 1188 "http://www.toastpoint.com/" "Mozilla/5.0 (compatible; Konqueror/3.5; Linux) KHTML/3.5.5 (like Gecko) (Exabot-Thumbnails)"
193.47.80.77 - - [05/Feb/2009:00:40:04 -0500] "GET /toastpointtopright.html HTTP/1.0" 200 151 "http://www.toastpoint.com/" "Mozilla/5.0 (compatible; Konqueror/3.5; Linux) KHTML/3.5.5 (like Gecko) (Exabot-Thumbnails)"
193.47.80.77 - - [05/Feb/2009:00:40:04 -0500] "GET /tpnews.html HTTP/1.0" 200 8305 "http://www.toastpoint.com/" "Mozilla/5.0 (compatible; Konqueror/3.5; Linux) KHTML/3.5.5 (like Gecko) (Exabot-Thumbnails)"
193.47.80.77 - - [05/Feb/2009:00:40:04 -0500] "GET /news.html HTTP/1.0" 200 17706 "http://www.toastpoint.com/" "Mozilla/5.0 (compatible; Konqueror/3.5; Linux) KHTML/3.5.5 (like Gecko) (Exabot-Thumbnails)"
193.47.80.77 - - [05/Feb/2009:00:40:04 -0500] "GET /gifs/tpwinter20089.jpg HTTP/1.0" 200 28088 "http://www.toastpoint.com/news.html" "Mozilla/5.0 (compatible; Konqueror/3.5; Linux) KHTML/3.5.5 (like Gecko) (Exabot-Thumbnails)"
131.191.51.188 - - [05/Feb/2009:00:56:02 -0500] "GET /favicon.ico HTTP/1.1" 404 693 "http://www.toastpoint.com/limerick/1996/naut596.html" "Opera/9.63 (X11; Linux i686; U; en) Presto/2.1.1"
131.191.51.188 - - [05/Feb/2009:00:56:03 -0500] "GET /limerick/1996/naut596.html HTTP/1.1" 200 28755 "http://www.toastpoint.com/limerick/1996/naut596.html" "Opera/9.63 (X11; Linux i686; U; en) Presto/2.1.1"
131.191.51.188 - - [05/Feb/2009:00:56:03 -0500] "GET /gifs/banana.jpg HTTP/1.1" 200 4139 "http://www.toastpoint.com/limerick/1996/naut596.html" "Opera/9.63 (X11; Linux i686; U; en) Presto/2.1.1"
131.191.51.188 - - [05/Feb/2009:00:56:03 -0500] "GET /gifs/goldstar.jpg HTTP/1.1" 200 1854 "http://www.toastpoint.com/limerick/1996/naut596.html" "Opera/9.63 (X11; Linux i686; U; en) Presto/2.1.1"
131.191.51.188 - - [05/Feb/2009:00:56:03 -0500] "GET /gifs/mouthf1.jpg HTTP/1.1" 200 3650 "http://www.toastpoint.com/limerick/1996/naut596.html" "Opera/9.63 (X11; Linux i686; U; en) Presto/2.1.1"
131.191.51.188 - - [05/Feb/2009:00:56:03 -0500] "GET /favicon.ico HTTP/1.1" 404 693 "http://www.toastpoint.com/limerick/1996/naut596.html" "Opera/9.63 (X11; Linux i686; U; en) Presto/2.1.1"
66.249.65.232 - - [05/Feb/2009:01:25:57 -0500] "GET /fiction/novels/peak1-2.html HTTP/1.1" 200 2302 "-" "SAMSUNG-SGH-E250/1.0 Profile/MIDP-2.0 Configuration/CLDC-1.1 UP.Browser/6.2.3.3.c.1.101 (GUI) MMP/2.0 (compatible; Googlebot-Mobile/2.1; +http://www.google.com/bot.html)"
66.249.65.232 - - [05/Feb/2009:01:26:00 -0500] "GET /robots.txt HTTP/1.1" 404 693 "-" "SAMSUNG-SGH-E250/1.0 Profile/MIDP-2.0 Configuration/CLDC-1.1 UP.Browser/6.2.3.3.c.1.101 (GUI) MMP/2.0 (compatible; Googlebot-Mobile/2.1; +http://www.google.com/bot.html)"
66.249.65.232 - - [05/Feb/2009:01:26:00 -0500] "GET /limerick/1997/lim1997.html HTTP/1.1" 200 1925 "-" "SAMSUNG-SGH-E250/1.0 Profile/MIDP-2.0 Configuration/CLDC-1.1 UP.Browser/6.2.3.3.c.1.101 (GUI) MMP/2.0 (compatible; Googlebot-Mobile/2.1; +http://www.google.com/bot.html)"
208.80.194.29 - - [05/Feb/2009:01:56:15 -0500] "GET / HTTP/1.0" 200 464 "-" "Mozilla/4.0 (compatible; MSIE 6.0; America Online Browser 1.1; rev1.2; Windows NT 5.1; .NET CLR 1.1.4322)"
66.249.65.232 - - [05/Feb/2009:02:34:37 -0500] "GET /haiku/1995/1995.html HTTP/1.1" 200 951 "-" "SAMSUNG-SGH-E250/1.0 Profile/MIDP-2.0 Configuration/CLDC-1.1 UP.Browser/6.2.3.3.c.1.101 (GUI) MMP/2.0 (compatible; Googlebot-Mobile/2.1; +http://www.google.com/bot.html)"
81.52.143.26 - - [05/Feb/2009:02:42:36 -0500] "GET /limerick/naut299.html HTTP/1.1" 200 23095 "-" "Mozilla/5.0 (Windows; U; Windows NT 5.1; fr; rv:1.8.1) VoilaBot BETA 1.2 (support.voilabot@orange-ftgroup.com)"
208.111.154.16 - - [05/Feb/2009:02:53:33 -0500] "GET /robots.txt HTTP/1.1" 404 693 "-" "Mozilla/5.0 (compatible; Charlotte/1.1; http://www.searchme.com/support/)"
66.249.65.232 - - [05/Feb/2009:02:59:12 -0500] "GET /limerick/limerick.html HTTP/1.1" 200 2613 "-" "SAMSUNG-SGH-E250/1.0 Profile/MIDP-2.0 Configuration/CLDC-1.1 UP.Browser/6.2.3.3.c.1.101 (GUI) MMP/2.0 (compatible; Googlebot-Mobile/2.1; +http://www.google.com/bot.html)"
66.249.65.232 - - [05/Feb/2009:03:18:40 -0500] "GET /fiction/fict9596/fict9596.html HTTP/1.1" 200 1446 "-" "SAMSUNG-SGH-E250/1.0 Profile/MIDP-2.0 Configuration/CLDC-1.1 UP.Browser/6.2.3.3.c.1.101 (GUI) MMP/2.0 (compatible; Googlebot-Mobile/2.1; +http://www.google.com/bot.html)"
66.249.65.232 - - [05/Feb/2009:03:19:48 -0500] "GET /fiction/fict97/fict97.html HTTP/1.1" 200 1536 "-" "SAMSUNG-SGH-E250/1.0 Profile/MIDP-2.0 Configuration/CLDC-1.1 UP.Browser/6.2.3.3.c.1.101 (GUI) MMP/2.0 (compatible; Googlebot-Mobile/2.1; +http://www.google.com/bot.html)"
193.252.149.16 - - [05/Feb/2009:03:31:26 -0500] "GET /limerick/limerick.html HTTP/1.1" 200 2613 "-" "Mozilla/5.0 (Windows; U; Windows NT 5.1; fr; rv:1.8.1) VoilaBot BETA 1.2 (support.voilabot@orange-ftgroup.com)"
208.80.194.50 - - [05/Feb/2009:03:45:55 -0500] "GET / HTTP/1.0" 200 464 "-" "Mozilla/4.0 (compatible; MSIE 6.0; Windows NT 5.1; SV1; YPC 3.2.0; FunWebProducts; yplus 5.6.04b)"
91.199.192.53 - - [05/Feb/2009:03:52:07 -0500] "GET /limerick/1995/nautsept.html HTTP/1.1" 200 7977 "http://www.google.de/search?hl=de&q=there+was+a+young+lady+from+thrace&start=30&sa=N" "Mozilla/4.0 (compatible; MSIE 6.0; Windows NT 5.1; SV1; .NET CLR 1.1.4322; .NET CLR 2.0.50727)"
91.199.192.53 - - [05/Feb/2009:03:52:07 -0500] "GET /gifs/goldstar.jpg HTTP/1.1" 200 1854 "http://www.toastpoint.com/limerick/1995/nautsept.html" "Mozilla/4.0 (compatible; MSIE 6.0; Windows NT 5.1; SV1; .NET CLR 1.1.4322; .NET CLR 2.0.50727)"
66.235.124.8 - - [05/Feb/2009:03:54:07 -0500] "GET /limerick/1998/naut1098.html HTTP/1.1" 200 29294 "-" "Mozilla/5.0 (compatible; Ask Jeeves/Teoma; +http://about.ask.com/en/docs/about/webmasters.shtml)"
66.249.65.232 - - [05/Feb/2009:04:18:48 -0500] "GET /limerick/brady/brady1.html HTTP/1.1" 200 4493 "-" "SAMSUNG-SGH-E250/1.0 Profile/MIDP-2.0 Configuration/CLDC-1.1 UP.Browser/6.2.3.3.c.1.101 (GUI) MMP/2.0 (compatible; Googlebot-Mobile/2.1; +http://www.google.com/bot.html)"
193.252.149.16 - - [05/Feb/2009:04:19:14 -0500] "GET /limerick/naut499.html HTTP/1.1" 200 38163 "-" "Mozilla/5.0 (Windows; U; Windows NT 5.1; fr; rv:1.8.1) VoilaBot BETA 1.2 (support.voilabot@orange-ftgroup.com)"
66.249.65.232 - - [05/Feb/2009:04:35:00 -0500] "GET /haiku/1995/haikuaug.html HTTP/1.1" 200 6373 "-" "SAMSUNG-SGH-E250/1.0 Profile/MIDP-2.0 Configuration/CLDC-1.1 UP.Browser/6.2.3.3.c.1.101 (GUI) MMP/2.0 (compatible; Googlebot-Mobile/2.1; +http://www.google.com/bot.html)"
66.249.65.232 - - [05/Feb/2009:04:35:00 -0500] "GET /limerick/1997/nice297.html HTTP/1.1" 200 16613 "-" "SAMSUNG-SGH-E250/1.0 Profile/MIDP-2.0 Configuration/CLDC-1.1 UP.Browser/6.2.3.3.c.1.101 (GUI) MMP/2.0 (compatible; Googlebot-Mobile/2.1; +http://www.google.com/bot.html)"
66.249.65.232 - - [05/Feb/2009:04:35:01 -0500] "GET /limerick/1997/naut797.html HTTP/1.1" 200 22034 "-" "SAMSUNG-SGH-E250/1.0 Profile/MIDP-2.0 Configuration/CLDC-1.1 UP.Browser/6.2.3.3.c.1.101 (GUI) MMP/2.0 (compatible; Googlebot-Mobile/2.1; +http://www.google.com/bot.html)"
208.111.154.16 - - [05/Feb/2009:04:55:57 -0500] "GET /robots.txt HTTP/1.1" 404 693 "-" "Mozilla/5.0 (compatible; Charlotte/1.1; http://www.searchme.com/support/)"
208.111.154.16 - - [05/Feb/2009:04:56:14 -0500] "GET /fiction/novels/rosalind.html HTTP/1.1" 200 30989 "-" "Mozilla/5.0 (compatible; Charlotte/1.1; http://www.searchme.com/support/)"
66.235.124.8 - - [05/Feb/2009:05:02:50 -0500] "GET /haiku/1996/haiku496.html HTTP/1.1" 200 19025 "-" "Mozilla/5.0 (compatible; Ask Jeeves/Teoma; +http://about.ask.com/en/docs/about/webmasters.shtml)"
208.80.194.28 - - [05/Feb/2009:05:08:47 -0500] "GET / HTTP/1.0" 200 464 "-" "Mozilla/4.0 (compatible; MSIE 6.0; Windows NT 5.1; {482E72B2-5392-4132-DB64-C3825CD66ED5})"
208.111.154.16 - - [05/Feb/2009:05:17:37 -0500] "GET /robots.txt HTTP/1.1" 404 693 "-" "Mozilla/5.0 (compatible; Charlotte/1.1; http://www.searchme.com/support/)"
208.111.154.16 - - [05/Feb/2009:05:17:48 -0500] "GET /limerick/limerick.html HTTP/1.1" 200 2613 "-" "Mozilla/5.0 (compatible; Charlotte/1.1; http://www.searchme.com/support/)"
66.249.65.232 - - [05/Feb/2009:05:23:50 -0500] "GET /fiction/fict9596/fict196.html HTTP/1.1" 200 12060 "-" "SAMSUNG-SGH-E250/1.0 Profile/MIDP-2.0 Configuration/CLDC-1.1 UP.Browser/6.2.3.3.c.1.101 (GUI) MMP/2.0 (compatible; Googlebot-Mobile/2.1; +http://www.google.com/bot.html)"
66.249.65.232 - - [05/Feb/2009:05:25:38 -0500] "GET /haiku/1995/haikusep.html HTTP/1.1" 200 5645 "-" "SAMSUNG-SGH-E250/1.0 Profile/MIDP-2.0 Configuration/CLDC-1.1 UP.Browser/6.2.3.3.c.1.101 (GUI) MMP/2.0 (compatible; Googlebot-Mobile/2.1; +http://www.google.com/bot.html)"
66.249.65.232 - - [05/Feb/2009:05:27:29 -0500] "GET /haiku/1995/bestof95.html HTTP/1.1" 200 7955 "-" "SAMSUNG-SGH-E250/1.0 Profile/MIDP-2.0 Configuration/CLDC-1.1 UP.Browser/6.2.3.3.c.1.101 (GUI) MMP/2.0 (compatible; Googlebot-Mobile/2.1; +http://www.google.com/bot.html)"
208.111.154.16 - - [05/Feb/2009:05:28:20 -0500] "GET /robots.txt HTTP/1.1" 404 693 "-" "Mozilla/5.0 (compatible; Charlotte/1.1; http://www.searchme.com/support/)"
66.249.65.232 - - [05/Feb/2009:05:28:28 -0500] "GET /fiction/fict9596/fict696.html HTTP/1.1" 200 15163 "-" "SAMSUNG-SGH-E250/1.0 Profile/MIDP-2.0 Configuration/CLDC-1.1 UP.Browser/6.2.3.3.c.1.101 (GUI) MMP/2.0 (compatible; Googlebot-Mobile/2.1; +http://www.google.com/bot.html)"
208.111.154.16 - - [05/Feb/2009:05:28:34 -0500] "GET /limerick/1997/nice497.html HTTP/1.1" 200 30916 "-" "Mozilla/5.0 (compatible; Charlotte/1.1; http://www.searchme.com/support/)"
66.249.65.232 - - [05/Feb/2009:05:29:48 -0500] "GET /fiction/fict9596/fict896.html HTTP/1.1" 200 27993 "-" "SAMSUNG-SGH-E250/1.0 Profile/MIDP-2.0 Configuration/CLDC-1.1 UP.Browser/6.2.3.3.c.1.101 (GUI) MMP/2.0 (compatible; Googlebot-Mobile/2.1; +http://www.google.com/bot.html)"
66.249.65.232 - - [05/Feb/2009:05:30:15 -0500] "GET /haiku/1995/haikunov.html HTTP/1.1" 200 12211 "-" "SAMSUNG-SGH-E250/1.0 Profile/MIDP-2.0 Configuration/CLDC-1.1 UP.Browser/6.2.3.3.c.1.101 (GUI) MMP/2.0 (compatible; Googlebot-Mobile/2.1; +http://www.google.com/bot.html)"
66.249.65.232 - - [05/Feb/2009:05:30:15 -0500] "GET /fiction/fict9596/fic1096.html HTTP/1.1" 200 26986 "-" "SAMSUNG-SGH-E250/1.0 Profile/MIDP-2.0 Configuration/CLDC-1.1 UP.Browser/6.2.3.3.c.1.101 (GUI) MMP/2.0 (compatible; Googlebot-Mobile/2.1; +http://www.google.com/bot.html)"
66.249.65.232 - - [05/Feb/2009:05:30:24 -0500] "GET /haiku/1995/haikudec.html HTTP/1.1" 200 16366 "-" "SAMSUNG-SGH-E250/1.0 Profile/MIDP-2.0 Configuration/CLDC-1.1 UP.Browser/6.2.3.3.c.1.101 (GUI) MMP/2.0 (compatible; Googlebot-Mobile/2.1; +http://www.google.com/bot.html)"
66.249.65.232 - - [05/Feb/2009:05:30:25 -0500] "GET /haiku/1995/haikuoct.html HTTP/1.1" 200 10090 "-" "SAMSUNG-SGH-E250/1.0 Profile/MIDP-2.0 Configuration/CLDC-1.1 UP.Browser/6.2.3.3.c.1.101 (GUI) MMP/2.0 (compatible; Googlebot-Mobile/2.1; +http://www.google.com/bot.html)"
66.249.65.232 - - [05/Feb/2009:05:31:02 -0500] "GET /fiction/fict9596/fict796.html HTTP/1.1" 200 6420 "-" "SAMSUNG-SGH-E250/1.0 Profile/MIDP-2.0 Configuration/CLDC-1.1 UP.Browser/6.2.3.3.c.1.101 (GUI) MMP/2.0 (compatible; Googlebot-Mobile/2.1; +http://www.google.com/bot.html)"
66.249.65.232 - - [05/Feb/2009:05:31:04 -0500] "GET /fiction/fict9596/fict1295.html HTTP/1.1" 200 12293 "-" "SAMSUNG-SGH-E250/1.0 Profile/MIDP-2.0 Configuration/CLDC-1.1 UP.Browser/6.2.3.3.c.1.101 (GUI) MMP/2.0 (compatible; Googlebot-Mobile/2.1; +http://www.google.com/bot.html)"
66.249.65.232 - - [05/Feb/2009:05:32:17 -0500] "GET /fiction/fict9596/fict996.html HTTP/1.1" 200 40085 "-" "SAMSUNG-SGH-E250/1.0 Profile/MIDP-2.0 Configuration/CLDC-1.1 UP.Browser/6.2.3.3.c.1.101 (GUI) MMP/2.0 (compatible; Googlebot-Mobile/2.1; +http://www.google.com/bot.html)"
66.249.65.232 - - [05/Feb/2009:05:32:45 -0500] "GET /fiction/fict9596/fict496.html HTTP/1.1" 200 8177 "-" "SAMSUNG-SGH-E250/1.0 Profile/MIDP-2.0 Configuration/CLDC-1.1 UP.Browser/6.2.3.3.c.1.101 (GUI) MMP/2.0 (compatible; Googlebot-Mobile/2.1; +http://www.google.com/bot.html)"
66.249.65.232 - - [05/Feb/2009:05:46:34 -0500] "GET /fiction/fict9596/fict596.html HTTP/1.1" 200 24035 "-" "SAMSUNG-SGH-E250/1.0 Profile/MIDP-2.0 Configuration/CLDC-1.1 UP.Browser/6.2.3.3.c.1.101 (GUI) MMP/2.0 (compatible; Googlebot-Mobile/2.1; +http://www.google.com/bot.html)"
66.249.65.232 - - [05/Feb/2009:05:46:44 -0500] "GET /fiction/fict9596/fic1296.html HTTP/1.1" 200 7468 "-" "SAMSUNG-SGH-E250/1.0 Profile/MIDP-2.0 Configuration/CLDC-1.1 UP.Browser/6.2.3.3.c.1.101 (GUI) MMP/2.0 (compatible; Googlebot-Mobile/2.1; +http://www.google.com/bot.html)"
66.249.65.232 - - [05/Feb/2009:05:46:48 -0500] "GET /fiction/fict9596/fict396.html HTTP/1.1" 200 9345 "-" "SAMSUNG-SGH-E250/1.0 Profile/MIDP-2.0 Configuration/CLDC-1.1 UP.Browser/6.2.3.3.c.1.101 (GUI) MMP/2.0 (compatible; Googlebot-Mobile/2.1; +http://www.google.com/bot.html)"
66.249.65.232 - - [05/Feb/2009:05:46:51 -0500] "GET /fiction/fict9596/fict296.html HTTP/1.1" 200 12689 "-" "SAMSUNG-SGH-E250/1.0 Profile/MIDP-2.0 Configuration/CLDC-1.1 UP.Browser/6.2.3.3.c.1.101 (GUI) MMP/2.0 (compatible; Googlebot-Mobile/2.1; +http://www.google.com/bot.html)"
66.249.65.232 - - [05/Feb/2009:05:47:06 -0500] "GET /fiction/fict9596/fic1196.html HTTP/1.1" 200 27915 "-" "SAMSUNG-SGH-E250/1.0 Profile/MIDP-2.0 Configuration/CLDC-1.1 UP.Browser/6.2.3.3.c.1.101 (GUI) MMP/2.0 (compatible; Googlebot-Mobile/2.1; +http://www.google.com/bot.html)"
66.249.65.232 - - [05/Feb/2009:05:47:45 -0500] "GET /fiction/fict9596/fict1095.html HTTP/1.1" 200 11219 "-" "SAMSUNG-SGH-E250/1.0 Profile/MIDP-2.0 Configuration/CLDC-1.1 UP.Browser/6.2.3.3.c.1.101 (GUI) MMP/2.0 (compatible; Googlebot-Mobile/2.1; +http://www.google.com/bot.html)"
66.249.65.232 - - [05/Feb/2009:05:47:46 -0500] "GET /limerick/brady/brady99.html HTTP/1.1" 200 7546 "-" "SAMSUNG-SGH-E250/1.0 Profile/MIDP-2.0 Configuration/CLDC-1.1 UP.Browser/6.2.3.3.c.1.101 (GUI) MMP/2.0 (compatible; Googlebot-Mobile/2.1; +http://www.google.com/bot.html)"
193.252.149.16 - - [05/Feb/2009:05:51:28 -0500] "GET /fiction/fiction.html HTTP/1.1" 200 2705 "-" "Mozilla/5.0 (Windows; U; Windows NT 5.1; fr; rv:1.8.1) VoilaBot BETA 1.2 (support.voilabot@orange-ftgroup.com)"
81.52.143.26 - - [05/Feb/2009:05:58:29 -0500] "GET /limerick/nice299.html HTTP/1.1" 200 28130 "-" "Mozilla/5.0 (Windows; U; Windows NT 5.1; fr; rv:1.8.1) VoilaBot BETA 1.2 (support.voilabot@orange-ftgroup.com)"
81.174.32.113 - - [05/Feb/2009:06:09:52 -0500] "GET /favicon.ico HTTP/1.0" 404 693 "http://www.google.it/search?hl=it&q=%22Eric+Peterson%22&btnG=Cerca+con+Google&meta=&aq=f&oq=" "Mozilla/5.0 (X11; U; Linux i686; en-US; rv:1.9.0.5) Gecko/2008121621 Ubuntu/8.04 (hardy) Firefox/3.0.5"
65.55.209.252 - - [05/Feb/2009:06:24:17 -0500] "GET /robots.txt HTTP/1.1" 404 693 "-" "msnbot/1.1 (+http://search.msn.com/msnbot.htm)"
65.55.209.252 - - [05/Feb/2009:06:24:17 -0500] "GET /limerick/ HTTP/1.1" 403 563 "-" "msnbot/1.1 (+http://search.msn.com/msnbot.htm)"
208.111.154.16 - - [05/Feb/2009:06:31:41 -0500] "GET /robots.txt HTTP/1.1" 404 693 "-" "Mozilla/5.0 (compatible; Charlotte/1.1; http://www.searchme.com/support/)"
193.252.149.16 - - [05/Feb/2009:06:44:26 -0500] "GET /limerick/naut399.html HTTP/1.1" 200 38217 "-" "Mozilla/5.0 (Windows; U; Windows NT 5.1; fr; rv:1.8.1) VoilaBot BETA 1.2 (support.voilabot@orange-ftgroup.com)"
63.241.3.51 - - [05/Feb/2009:06:45:20 -0500] "GET /limerick/limerick.html HTTP/1.1" 200 2613 "-" "-"
193.252.149.15 - - [05/Feb/2009:07:04:42 -0500] "GET /limerick/1996/lim1996.html HTTP/1.1" 200 2072 "-" "Mozilla/5.0 (Windows; U; Windows NT 5.1; fr; rv:1.8.1) VoilaBot BETA 1.2 (support.voilabot@orange-ftgroup.com)"
81.52.143.16 - - [05/Feb/2009:07:16:56 -0500] "GET /haiku/haiku.html HTTP/1.1" 200 2147 "-" "Mozilla/5.0 (Windows; U; Windows NT 5.1; fr; rv:1.8.1) VoilaBot BETA 1.2 (support.voilabot@orange-ftgroup.com)"
67.237.154.254 - - [05/Feb/2009:07:33:44 -0500] "GET /limerick/1996/nice796.html HTTP/1.1" 200 10929 "http://www.google.com/search?hl=en&q=Columbo+limerick+pelican&btnG=Google+Search&aq=f&oq=" "Mozilla/5.0 (Macintosh; U; PPC Mac OS X; en) AppleWebKit/312.9 (KHTML, like Gecko) Safari/312.6"
67.237.154.254 - - [05/Feb/2009:07:33:44 -0500] "GET /gifs/happy.jpg HTTP/1.1" 200 3135 "http://www.toastpoint.com/limerick/1996/nice796.html" "Mozilla/5.0 (Macintosh; U; PPC Mac OS X; en) AppleWebKit/312.9 (KHTML, like Gecko) Safari/312.6"
67.237.154.254 - - [05/Feb/2009:07:33:44 -0500] "GET /gifs/goldstar.jpg HTTP/1.1" 200 1854 "http://www.toastpoint.com/limerick/1996/nice796.html" "Mozilla/5.0 (Macintosh; U; PPC Mac OS X; en) AppleWebKit/312.9 (KHTML, like Gecko) Safari/312.6"
67.237.154.254 - - [05/Feb/2009:07:33:44 -0500] "GET /favicon.ico HTTP/1.1" 404 693 "-" "Mozilla/5.0 (Macintosh; U; PPC Mac OS X; en) AppleWebKit/312.9 (KHTML, like Gecko) Safari/312.6"
208.111.154.32 - - [05/Feb/2009:07:38:18 -0500] "GET /robots.txt HTTP/1.1" 404 693 "-" "Mozilla/5.0 (compatible; Charlotte/1.1; http://www.searchme.com/support/)"
208.111.154.32 - - [05/Feb/2009:07:38:21 -0500] "GET /fiction/fict98/fict598.html HTTP/1.1" 304 - "-" "Mozilla/5.0 (compatible; Charlotte/1.1; http://www.searchme.com/support/)"
81.52.143.16 - - [05/Feb/2009:07:47:04 -0500] "GET /limerick/1998/nice698.html HTTP/1.1" 200 24183 "-" "Mozilla/5.0 (Windows; U; Windows NT 5.1; fr; rv:1.8.1) VoilaBot BETA 1.2 (support.voilabot@orange-ftgroup.com)"
66.57.243.110 - - [05/Feb/2009:07:48:13 -0500] "GET /gifs/goldstar.jpg HTTP/1.1" 200 1854 "http://www.toastpoint.com/limerick/naut199.html" "Mozilla/5.0 (Macintosh; U; Intel Mac OS X 10_4_11; en) AppleWebKit/525.27.1 (KHTML, like Gecko) Version/3.2.1 Safari/525.27.1"
66.57.243.110 - - [05/Feb/2009:07:48:13 -0500] "GET /gifs/nakedman.gif HTTP/1.1" 200 7734 "http://www.toastpoint.com/limerick/naut199.html" "Mozilla/5.0 (Macintosh; U; Intel Mac OS X 10_4_11; en) AppleWebKit/525.27.1 (KHTML, like Gecko) Version/3.2.1 Safari/525.27.1"
66.57.243.110 - - [05/Feb/2009:07:48:13 -0500] "GET /gifs/boobies.gif HTTP/1.1" 200 11144 "http://www.toastpoint.com/limerick/naut199.html" "Mozilla/5.0 (Macintosh; U; Intel Mac OS X 10_4_11; en) AppleWebKit/525.27.1 (KHTML, like Gecko) Version/3.2.1 Safari/525.27.1"
66.57.243.110 - - [05/Feb/2009:07:48:12 -0500] "GET /limerick/naut199.html HTTP/1.1" 200 34481 "http://www.google.com/search?hl=en&rlz=1G1GGLQ_ENUS290&q=naughty+limerick&btnG=Search" "Mozilla/5.0 (Macintosh; U; Intel Mac OS X 10_4_11; en) AppleWebKit/525.27.1 (KHTML, like Gecko) Version/3.2.1 Safari/525.27.1"
66.57.243.110 - - [05/Feb/2009:07:48:13 -0500] "GET /favicon.ico HTTP/1.1" 404 693 "http://www.toastpoint.com/limerick/naut199.html" "Mozilla/5.0 (Macintosh; U; Intel Mac OS X 10_4_11; en) AppleWebKit/525.27.1 (KHTML, like Gecko) Version/3.2.1 Safari/525.27.1"
61.247.221.87 - - [05/Feb/2009:07:49:29 -0500] "GET /robots.txt HTTP/1.1" 404 693 "-" "Mozilla/4.0 (compatible; NaverBot/1.0; http://help.naver.com/customer_webtxt_02.jsp)"
61.247.221.87 - - [05/Feb/2009:07:49:37 -0500] "GET /tpnews.html HTTP/1.1" 200 8305 "-" "Mozilla/4.0 (compatible; NaverBot/1.0; http://help.naver.com/customer_webtxt_02.jsp)"
66.249.65.232 - - [05/Feb/2009:07:56:21 -0500] "GET /fiction/fiction.html HTTP/1.1" 200 2705 "-" "Mozilla/5.0 (compatible; Googlebot/2.1; +http://www.google.com/bot.html)"
208.111.154.16 - - [05/Feb/2009:08:05:51 -0500] "GET /robots.txt HTTP/1.1" 404 693 "-" "Mozilla/5.0 (compatible; Charlotte/1.1; http://www.searchme.com/support/)"
75.0.179.24 - - [05/Feb/2009:08:18:00 -0500] "GET /gifs/mouthf1.jpg HTTP/1.1" 200 3650 "http://www.toastpoint.com/limerick/1997/naut1197.html" "Mozilla/5.0 (Windows; U; Windows NT 5.1; en-US; rv:1.8.1.20) Gecko/20081217 Firefox/2.0.0.20"
75.0.179.24 - - [05/Feb/2009:08:18:00 -0500] "GET /limerick/1997/naut1197.html HTTP/1.1" 200 42998 "http://www.google.com/search?hl=en&as_q=&as_epq=don%27t+come+inside+me&as_oq=&as_eq=&num=100&lr=&as_filetype=&ft=i&as_sitesearch=&as_qdr=all&as_rights=&as_occt=any&cr=&as_nlo=&as_nhi=&safe=off" "Mozilla/5.0 (Windows; U; Windows NT 5.1; en-US; rv:1.8.1.20) Gecko/20081217 Firefox/2.0.0.20"
75.0.179.24 - - [05/Feb/2009:08:18:01 -0500] "GET /gifs/banana.jpg HTTP/1.1" 200 4139 "http://www.toastpoint.com/limerick/1997/naut1197.html" "Mozilla/5.0 (Windows; U; Windows NT 5.1; en-US; rv:1.8.1.20) Gecko/20081217 Firefox/2.0.0.20"
75.0.179.24 - - [05/Feb/2009:08:18:01 -0500] "GET /gifs/goldstar.jpg HTTP/1.1" 200 1854 "http://www.toastpoint.com/limerick/1997/naut1197.html" "Mozilla/5.0 (Windows; U; Windows NT 5.1; en-US; rv:1.8.1.20) Gecko/20081217 Firefox/2.0.0.20"
75.0.179.24 - - [05/Feb/2009:08:18:01 -0500] "GET /favicon.ico HTTP/1.1" 404 693 "-" "Mozilla/5.0 (Windows; U; Windows NT 5.1; en-US; rv:1.8.1.20) Gecko/20081217 Firefox/2.0.0.20"
208.111.154.29 - - [05/Feb/2009:08:22:00 -0500] "GET /robots.txt HTTP/1.1" 404 693 "-" "Mozilla/5.0 (compatible; Charlotte/1.1; http://www.searchme.com/support/)"
67.195.37.120 - - [05/Feb/2009:08:23:52 -0500] "GET /robots.txt HTTP/1.0" 404 693 "-" "Mozilla/5.0 (compatible; Yahoo! Slurp; http://help.yahoo.com/help/us/ysearch/slurp)"
67.195.37.120 - - [05/Feb/2009:08:23:52 -0500] "GET / HTTP/1.0" 200 464 "-" "Mozilla/5.0 (compatible; Yahoo! DE Slurp; http://help.yahoo.com/help/us/ysearch/slurp)"
67.195.37.120 - - [05/Feb/2009:08:23:52 -0500] "GET /toastpointtopleft.html HTTP/1.0" 200 162 "-" "Mozilla/5.0 (compatible; Yahoo! DE Slurp; http://help.yahoo.com/help/us/ysearch/slurp)"
67.195.37.120 - - [05/Feb/2009:08:23:53 -0500] "GET /toastpointtoc.html HTTP/1.0" 200 1188 "-" "Mozilla/5.0 (compatible; Yahoo! DE Slurp; http://help.yahoo.com/help/us/ysearch/slurp)"
67.195.37.120 - - [05/Feb/2009:08:23:53 -0500] "GET /news.html HTTP/1.0" 200 17706 "-" "Mozilla/5.0 (compatible; Yahoo! DE Slurp; http://help.yahoo.com/help/us/ysearch/slurp)"
67.195.37.120 - - [05/Feb/2009:08:23:54 -0500] "GET /toastpointtopright.html HTTP/1.0" 200 151 "-" "Mozilla/5.0 (compatible; Yahoo! DE Slurp; http://help.yahoo.com/help/us/ysearch/slurp)"
67.195.37.120 - - [05/Feb/2009:08:23:54 -0500] "GET /tpnews.html HTTP/1.0" 200 8305 "-" "Mozilla/5.0 (compatible; Yahoo! DE Slurp; http://help.yahoo.com/help/us/ysearch/slurp)"
208.111.154.16 - - [05/Feb/2009:08:25:07 -0500] "GET /robots.txt HTTP/1.1" 404 693 "-" "Mozilla/5.0 (compatible; Charlotte/1.1; http://www.searchme.com/support/)"
81.52.143.15 - - [05/Feb/2009:08:36:00 -0500] "GET /fiction/fict599.html HTTP/1.1" 200 7512 "-" "Mozilla/5.0 (Windows; U; Windows NT 5.1; fr; rv:1.8.1) VoilaBot BETA 1.2 (support.voilabot@orange-ftgroup.com)"
208.111.154.16 - - [05/Feb/2009:08:44:50 -0500] "GET /robots.txt HTTP/1.1" 404 693 "-" "Mozilla/5.0 (compatible; Charlotte/1.1; http://www.searchme.com/support/)"
65.55.230.218 - - [05/Feb/2009:09:04:19 -0500] "GET /robots.txt HTTP/1.1" 404 693 "-" "msnbot-media/1.1 (+http://search.msn.com/msnbot.htm)"
65.55.230.218 - - [05/Feb/2009:09:04:19 -0500] "GET / HTTP/1.1" 200 464 "-" "msnbot-media/1.1 (+http://search.msn.com/msnbot.htm)"
208.111.154.16 - - [05/Feb/2009:09:06:26 -0500] "GET /robots.txt HTTP/1.1" 404 693 "-" "Mozilla/5.0 (compatible; Charlotte/1.1; http://www.searchme.com/support/)"
208.111.154.32 - - [05/Feb/2009:09:15:10 -0500] "GET /robots.txt HTTP/1.1" 404 693 "-" "Mozilla/5.0 (compatible; Charlotte/1.1; http://www.searchme.com/support/)"
208.111.154.16 - - [05/Feb/2009:09:28:32 -0500] "GET /robots.txt HTTP/1.1" 404 693 "-" "Mozilla/5.0 (compatible; Charlotte/1.1; http://www.searchme.com/support/)"
74.6.9.113 - - [05/Feb/2009:09:31:01 -0500] "GET /robots.txt HTTP/1.0" 404 693 "-" "Mozilla/5.0 (compatible; Yahoo! Slurp; http://help.yahoo.com/help/us/ysearch/slurp)"
74.6.30.119 - - [05/Feb/2009:09:31:01 -0500] "GET /haiku/haiku.html HTTP/1.0" 200 2147 "-" "Mozilla/5.0 (compatible; Yahoo! DE Slurp; http://help.yahoo.com/help/us/ysearch/slurp)"
208.80.194.31 - - [05/Feb/2009:09:35:10 -0500] "GET / HTTP/1.0" 200 464 "-" "Mozilla/4.0 (compatible; MSIE 7.0; Windows NT 5.1; FunWebProducts; .NET CLR 1.1.4322; .NET CLR 2.0.50727; PeoplePal 3.0)"
66.235.124.8 - - [05/Feb/2009:09:44:21 -0500] "GET /robots.txt HTTP/1.1" 404 693 "-" "Mozilla/5.0 (compatible; Ask Jeeves/Teoma; +http://about.ask.com/en/docs/about/webmasters.shtml)"
66.235.124.8 - - [05/Feb/2009:09:44:26 -0500] "GET /fiction/fict98/fict198.html HTTP/1.1" 200 62967 "-" "Mozilla/5.0 (compatible; Ask Jeeves/Teoma; +http://about.ask.com/en/docs/about/webmasters.shtml)"
151.196.185.12 - - [05/Feb/2009:09:51:40 -0500] "GET /limerick/1996/nice696.html HTTP/1.1" 200 7043 "-" "Mozilla/4.0 (compatible; MSIE 6.0; Windows NT 5.1;1813)"
208.111.154.16 - - [05/Feb/2009:09:52:49 -0500] "GET /robots.txt HTTP/1.1" 404 693 "-" "Mozilla/5.0 (compatible; Charlotte/1.1; http://www.searchme.com/support/)"
208.111.154.29 - - [05/Feb/2009:09:58:56 -0500] "GET /robots.txt HTTP/1.1" 404 693 "-" "Mozilla/5.0 (compatible; Charlotte/1.1; http://www.searchme.com/support/)"
208.111.154.31 - - [05/Feb/2009:10:29:27 -0500] "GET /robots.txt HTTP/1.1" 404 693 "-" "Mozilla/5.0 (compatible; Charlotte/1.1; http://www.searchme.com/support/)"
208.111.154.31 - - [05/Feb/2009:10:29:48 -0500] "GET /limerick/1997/nice297.html HTTP/1.1" 200 16613 "-" "Mozilla/5.0 (compatible; Charlotte/1.1; http://www.searchme.com/support/)"
67.90.10.18 - - [05/Feb/2009:10:39:16 -0500] "GET /rapture/rapture.html HTTP/1.1" 200 22564 "http://images.ask.com/fr?q=jury&desturi=http%3A%2F%2Fwww.toastpoint.com%2Frapture%2Frapture.html&fm=i&ac=3&ftURI=http%3A%2F%2Fimages.ask.com%2Ffr%3Fq%3Djury%26desturi%3Dhttp%253A%252F%252Fwww.toastpoint.com%252Frapture%252Frapture.html%26imagesrc%3Dhttp%253A%252F%252Fwww.toastpoint.com%252Frapture%252Ftbj-jury.gif%26thumbsrc%3Dhttp%253A%252F%252Fimgtn3.ask.com%252Fts%253Ft%253D2656937575207208691%2526pid%253D23296%2526ppid%253D6%26o%3D0%26l%3Ddir%26initialURL%3Dhttp%253A%252F%252Fimages.ask.com%252Fpictures%253Fl%253Ddir%2526o%253D0%2526q%253Djury%2526qsrc%253D168%26thumbuselocalisedstatic%3Dfalse%26fn%3Dtbj-jury.gif%26imagewidth%3D250%26imageheight%3D212%26fs%3D3%26ft%3Dgif%26f%3D2%26fm%3Di%26ftbURI%3Dhttp%253A%252F%252Fimages.ask.com%252Fpictures%253Fq%253Djury%2526page%253D1%2526o%253D0%2526l%253Ddir%2526pstart%253D0&qt=0" "Mozilla/5.0 (Macintosh; U; PPC Mac OS X Mach-O; en-US; rv:1.8.1.14) Gecko/20080404 Firefox/2.0.0.14"
67.90.10.18 - - [05/Feb/2009:10:39:17 -0500] "GET /rapture/tbj-jury.gif HTTP/1.1" 200 3904 "http://images.ask.com/fr?q=jury&desturi=http%3A%2F%2Fwww.toastpoint.com%2Frapture%2Frapture.html&imagesrc=http%3A%2F%2Fwww.toastpoint.com%2Frapture%2Ftbj-jury.gif&thumbsrc=http%3A%2F%2Fimgtn3.ask.com%2Fts%3Ft%3D2656937575207208691%26pid%3D23296%26ppid%3D6&o=0&l=dir&initialURL=http%3A%2F%2Fimages.ask.com%2Fpictures%3Fl%3Ddir%26o%3D0%26q%3Djury%26qsrc%3D168&thumbuselocalisedstatic=false&fn=tbj-jury.gif&imagewidth=250&imageheight=212&fs=3&ft=gif&f=2&fm=i&ftbURI=http%3A%2F%2Fimages.ask.com%2Fpictures%3Fq%3Djury%26page%3D1%26o%3D0%26l%3Ddir%26pstart%3D0&qt=0&ac=3&ejs=http%3A%2F%2Fimages.ask.com%2Ffr%3Fq%3Djury%26desturi%3Dhttp%253A%252F%252Fwww.toastpoint.com%252Frapture%252Frapture.html%26fm%3Di%26ac%3D3%26ftURI%3Dhttp%253A%252F%252Fimages.ask.com%252Ffr%253Fq%253Djury%2526desturi%253Dhttp%25253A%25252F%25252Fwww.toastpoint.com%25252Frapture%25252Frapture.html%2526imagesrc%253Dhttp%25253A%25252F%25252Fwww.toastpoint.com%25252Frapture%25252Ftbj-jury.gif%2526thumbsrc%253Dhttp%25253A%25252F%25252Fimgtn3.ask.com%25252Fts%25253Ft%25253D2656937575207208691%252526pid%25253D23296%252526ppid%25253D6%2526o%253D0%2526l%253Ddir%2526initialURL%253Dhttp%25253A%25252F%25252Fimages.ask.com%25252Fpictures%25253Fl%25253Ddir%252526o%25253D0%252526q%25253Djury%252526qsrc%25253D168%2526thumbuselocalisedstatic%253Dfalse%2526fn%253Dtbj-jury.gif%2526imagewidth%253D250%2526imageheight%253D212%2526fs%253D3%2526ft%253Dgif%2526f%253D2%2526fm%253Di%2526ftbURI%253Dhttp%25253A%25252F%25252Fimages.ask.com%25252Fpictures%25253Fq%25253Djury%252526page%25253D1%252526o%25253D0%252526l%25253Ddir%252526pstart%25253D0%26qt%3D0" "Mozilla/5.0 (Macintosh; U; PPC Mac OS X Mach-O; en-US; rv:1.8.1.14) Gecko/20080404 Firefox/2.0.0.14"
67.90.10.18 - - [05/Feb/2009:10:40:03 -0500] "GET /rapture/rapture.html HTTP/1.1" 200 22564 "http://images.ask.com/fr?q=jury&desturi=http%3A%2F%2Fwww.toastpoint.com%2Frapture%2Frapture.html&fm=i&ac=3&ftURI=http%3A%2F%2Fimages.ask.com%2Ffr%3Fq%3Djury%26desturi%3Dhttp%253A%252F%252Fwww.toastpoint.com%252Frapture%252Frapture.html%26imagesrc%3Dhttp%253A%252F%252Fwww.toastpoint.com%252Frapture%252Ftbj-jury.gif%26thumbsrc%3Dhttp%253A%252F%252Fimgtn3.ask.com%252Fts%253Ft%253D2656937575207208691%2526pid%253D23296%2526ppid%253D6%26o%3D0%26l%3Ddir%26initialURL%3Dhttp%253A%252F%252Fimages.ask.com%252Fpictures%253Fl%253Ddir%2526o%253D0%2526q%253Djury%2526qsrc%253D168%26thumbuselocalisedstatic%3Dfalse%26fn%3Dtbj-jury.gif%26imagewidth%3D250%26imageheight%3D212%26fs%3D3%26ft%3Dgif%26f%3D2%26fm%3Di%26ftbURI%3Dhttp%253A%252F%252Fimages.ask.com%252Fpictures%253Fq%253Djury%2526page%253D1%2526o%253D0%2526l%253Ddir%2526pstart%253D0&qt=0" "Mozilla/5.0 (Macintosh; U; PPC Mac OS X Mach-O; en-US; rv:1.8.1.14) Gecko/20080404 Firefox/2.0.0.14"
67.90.10.18 - - [05/Feb/2009:10:40:03 -0500] "GET /rapture/sor-well.gif HTTP/1.1" 200 2583 "http://www.toastpoint.com/rapture/rapture.html" "Mozilla/5.0 (Macintosh; U; PPC Mac OS X Mach-O; en-US; rv:1.8.1.14) Gecko/20080404 Firefox/2.0.0.14"
67.90.10.18 - - [05/Feb/2009:10:40:04 -0500] "GET /rapture/pirates.gif HTTP/1.1" 200 4045 "http://www.toastpoint.com/rapture/rapture.html" "Mozilla/5.0 (Macintosh; U; PPC Mac OS X Mach-O; en-US; rv:1.8.1.14) Gecko/20080404 Firefox/2.0.0.14"
67.90.10.18 - - [05/Feb/2009:10:40:04 -0500] "GET /rapture/bunthorne.gif HTTP/1.1" 200 3137 "http://www.toastpoint.com/rapture/rapture.html" "Mozilla/5.0 (Macintosh; U; PPC Mac OS X Mach-O; en-US; rv:1.8.1.14) Gecko/20080404 Firefox/2.0.0.14"
67.90.10.18 - - [05/Feb/2009:10:40:04 -0500] "GET /rapture/ida-monk.gif HTTP/1.1" 200 3753 "http://www.toastpoint.com/rapture/rapture.html" "Mozilla/5.0 (Macintosh; U; PPC Mac OS X Mach-O; en-US; rv:1.8.1.14) Gecko/20080404 Firefox/2.0.0.14"
67.90.10.18 - - [05/Feb/2009:10:40:04 -0500] "GET /rapture/iolanthe.gif HTTP/1.1" 200 2814 "http://www.toastpoint.com/rapture/rapture.html" "Mozilla/5.0 (Macintosh; U; PPC Mac OS X Mach-O; en-US; rv:1.8.1.14) Gecko/20080404 Firefox/2.0.0.14"
67.90.10.18 - - [05/Feb/2009:10:40:04 -0500] "GET /rapture/mik-lips.gif HTTP/1.1" 200 3352 "http://www.toastpoint.com/rapture/rapture.html" "Mozilla/5.0 (Macintosh; U; PPC Mac OS X Mach-O; en-US; rv:1.8.1.14) Gecko/20080404 Firefox/2.0.0.14"
67.90.10.18 - - [05/Feb/2009:10:40:04 -0500] "GET /rapture/rud-spec.gif HTTP/1.1" 200 2489 "http://www.toastpoint.com/rapture/rapture.html" "Mozilla/5.0 (Macintosh; U; PPC Mac OS X Mach-O; en-US; rv:1.8.1.14) Gecko/20080404 Firefox/2.0.0.14"
67.90.10.18 - - [05/Feb/2009:10:40:04 -0500] "GET /rapture/gon-baby.gif HTTP/1.1" 200 2847 "http://www.toastpoint.com/rapture/rapture.html" "Mozilla/5.0 (Macintosh; U; PPC Mac OS X Mach-O; en-US; rv:1.8.1.14) Gecko/20080404 Firefox/2.0.0.14"
67.90.10.18 - - [05/Feb/2009:10:40:04 -0500] "GET /rapture/yeo-song.gif HTTP/1.1" 200 2781 "http://www.toastpoint.com/rapture/rapture.html" "Mozilla/5.0 (Macintosh; U; PPC Mac OS X Mach-O; en-US; rv:1.8.1.14) Gecko/20080404 Firefox/2.0.0.14"
67.90.10.18 - - [05/Feb/2009:10:40:04 -0500] "GET /rapture/uto-look.gif HTTP/1.1" 200 3823 "http://www.toastpoint.com/rapture/rapture.html" "Mozilla/5.0 (Macintosh; U; PPC Mac OS X Mach-O; en-US; rv:1.8.1.14) Gecko/20080404 Firefox/2.0.0.14"
196.207.32.38 - - [05/Feb/2009:10:52:39 -0500] "GET /fiction/novels/peak2.html HTTP/1.1" 200 15955 "http://www.google.co.za/search?hl=en&q=in+a+daze+she+unbuttoned+her+school&start=10&sa=N" "Mozilla/4.0 (compatible; MSIE 7.0; Windows NT 6.0; SLCC1; .NET CLR 2.0.50727; Media Center PC 5.0; .NET CLR 3.5.30729; .NET CLR 3.0.30618)"
196.207.32.38 - - [05/Feb/2009:10:52:40 -0500] "GET /gifs/paper.gif HTTP/1.1" 200 4756 "http://www.toastpoint.com/fiction/novels/peak2.html" "Mozilla/4.0 (compatible; MSIE 7.0; Windows NT 6.0; SLCC1; .NET CLR 2.0.50727; Media Center PC 5.0; .NET CLR 3.5.30729; .NET CLR 3.0.30618)"
196.207.32.38 - - [05/Feb/2009:10:52:40 -0500] "GET /fiction/novels/petunia.jpg HTTP/1.1" 200 39799 "http://www.toastpoint.com/fiction/novels/peak2.html" "Mozilla/4.0 (compatible; MSIE 7.0; Windows NT 6.0; SLCC1; .NET CLR 2.0.50727; Media Center PC 5.0; .NET CLR 3.5.30729; .NET CLR 3.0.30618)"
196.207.32.38 - - [05/Feb/2009:10:52:40 -0500] "GET /fiction/novels/wpeak.jpg HTTP/1.1" 200 52861 "http://www.toastpoint.com/fiction/novels/peak2.html" "Mozilla/4.0 (compatible; MSIE 7.0; Windows NT 6.0; SLCC1; .NET CLR 2.0.50727; Media Center PC 5.0; .NET CLR 3.5.30729; .NET CLR 3.0.30618)"
196.207.32.38 - - [05/Feb/2009:10:52:42 -0500] "GET /favicon.ico HTTP/1.1" 404 693 "-" "Mozilla/4.0 (compatible; MSIE 7.0; Windows NT 6.0; SLCC1; .NET CLR 2.0.50727; Media Center PC 5.0; .NET CLR 3.5.30729; .NET CLR 3.0.30618)"
208.111.154.32 - - [05/Feb/2009:11:16:47 -0500] "GET /robots.txt HTTP/1.1" 404 693 "-" "Mozilla/5.0 (compatible; Charlotte/1.1; http://www.searchme.com/support/)"
208.111.154.16 - - [05/Feb/2009:11:24:14 -0500] "GET /robots.txt HTTP/1.1" 404 693 "-" "Mozilla/5.0 (compatible; Charlotte/1.1; http://www.searchme.com/support/)"
125.60.241.240 - - [05/Feb/2009:11:32:02 -0500] "GET /limerick/nice599.html HTTP/1.1" 200 26033 "http://search.yahoo.com/search?p=how+to+propose+a+toast+for+the+debutante&ei=UTF-8&fr=yfp-t-501&fp_ip=PH&xargs=0&pstart=1&b=31&xa=2wCKX60nqING13GypdcFGg--,1233937862" "Mozilla/5.0 (Windows; U; Windows NT 5.1; en-US; rv:1.9.0.6) Gecko/2009011913 Firefox/3.0.6"
125.60.241.240 - - [05/Feb/2009:11:32:03 -0500] "GET /gifs/birdumb.gif HTTP/1.1" 200 4704 "http://www.toastpoint.com/limerick/nice599.html" "Mozilla/5.0 (Windows; U; Windows NT 5.1; en-US; rv:1.9.0.6) Gecko/2009011913 Firefox/3.0.6"
125.60.241.240 - - [05/Feb/2009:11:32:03 -0500] "GET /gifs/birdumb2.gif HTTP/1.1" 200 4698 "http://www.toastpoint.com/limerick/nice599.html" "Mozilla/5.0 (Windows; U; Windows NT 5.1; en-US; rv:1.9.0.6) Gecko/2009011913 Firefox/3.0.6"
125.60.241.240 - - [05/Feb/2009:11:32:03 -0500] "GET /gifs/goldstar.jpg HTTP/1.1" 200 1854 "http://www.toastpoint.com/limerick/nice599.html" "Mozilla/5.0 (Windows; U; Windows NT 5.1; en-US; rv:1.9.0.6) Gecko/2009011913 Firefox/3.0.6"
125.60.241.240 - - [05/Feb/2009:11:32:05 -0500] "GET /favicon.ico HTTP/1.1" 404 693 "-" "Mozilla/5.0 (Windows; U; Windows NT 5.1; en-US; rv:1.9.0.6) Gecko/2009011913 Firefox/3.0.6"
125.60.241.240 - - [05/Feb/2009:11:32:09 -0500] "GET /favicon.ico HTTP/1.1" 404 693 "-" "Mozilla/5.0 (Windows; U; Windows NT 5.1; en-US; rv:1.9.0.6) Gecko/2009011913 Firefox/3.0.6"
67.202.10.182 - - [05/Feb/2009:11:59:54 -0500] "GET /robots.txt HTTP/1.1" 404 693 "-" "YebolBot (Email: yebolbot@gmail.com; If the web crawling affects your web service, or you don't like to be crawled by us, please email us. We'll stop crawling immediately.)"
66.235.124.8 - - [05/Feb/2009:12:00:37 -0500] "GET /limerick/nice199.html HTTP/1.1" 200 25313 "-" "Mozilla/5.0 (compatible; Ask Jeeves/Teoma; +http://about.ask.com/en/docs/about/webmasters.shtml)"
208.80.194.38 - - [05/Feb/2009:12:03:32 -0500] "GET / HTTP/1.0" 200 464 "-" "Mozilla/4.0 (compatible; MSIE 7.0; Windows NT 5.1; SIMBAR={18A385DC-CFE6-4e59-B444-B2639AFA83A1}; .NET CLR 1.1.4322; .NET CLR 2.0.50727)"
208.111.154.24 - - [05/Feb/2009:12:06:48 -0500] "GET /robots.txt HTTP/1.1" 404 693 "-" "Mozilla/5.0 (compatible; Charlotte/1.1; http://www.searchme.com/support/)"
66.235.124.8 - - [05/Feb/2009:12:13:02 -0500] "GET /haiku/1997/haiku497.html HTTP/1.1" 200 29895 "-" "Mozilla/5.0 (compatible; Ask Jeeves/Teoma; +http://about.ask.com/en/docs/about/webmasters.shtml)"
208.111.154.32 - - [05/Feb/2009:12:17:02 -0500] "GET /robots.txt HTTP/1.1" 404 693 "-" "Mozilla/5.0 (compatible; Charlotte/1.1; http://www.searchme.com/support/)"
64.17.70.91 - - [05/Feb/2009:12:59:59 -0500] "GET /limerick/1995/nautnov.html HTTP/1.1" 200 13933 "http://www.google.com/search?hl=en&client=firefox-a&channel=s&rls=org.mozilla:en-US:official&q=NAUGHTY+NURSE+NANCY&start=130&sa=N" "Mozilla/5.0 (Windows; U; Windows NT 5.1; en-US; rv:1.9.0.5) Gecko/2008120122 Firefox/3.0.5"
64.17.70.91 - - [05/Feb/2009:12:59:59 -0500] "GET /gifs/goldstar.jpg HTTP/1.1" 200 1854 "http://www.toastpoint.com/limerick/1995/nautnov.html" "Mozilla/5.0 (Windows; U; Windows NT 5.1; en-US; rv:1.9.0.5) Gecko/2008120122 Firefox/3.0.5"
64.17.70.91 - - [05/Feb/2009:12:59:59 -0500] "GET /favicon.ico HTTP/1.1" 404 693 "-" "Mozilla/5.0 (Windows; U; Windows NT 5.1; en-US; rv:1.9.0.5) Gecko/2008120122 Firefox/3.0.5"
208.111.154.16 - - [05/Feb/2009:13:03:03 -0500] "GET /robots.txt HTTP/1.1" 404 693 "-" "Mozilla/5.0 (compatible; Charlotte/1.1; http://www.searchme.com/support/)"
124.0.71.7 - - [05/Feb/2009:13:11:45 -0500] "GET /?page=http://www.labclub.fr/bi1tXl334t.txt???? HTTP/1.1" 200 464 "-" "Mozilla/4.0 (compatible; MSIE 5.17; Mac_PowerPC)"
64.1.215.164 - - [05/Feb/2009:13:29:16 -0500] "GET /robots.txt HTTP/1.0" 404 693 "-" "Mozilla/5.0 (Twiceler-0.9 http://www.cuil.com/twiceler/robot.html)"
67.195.37.94 - - [05/Feb/2009:13:31:20 -0500] "GET /robots.txt HTTP/1.0" 404 693 "-" "Mozilla/5.0 (compatible; Yahoo! Slurp; http://help.yahoo.com/help/us/ysearch/slurp)"
67.195.37.94 - - [05/Feb/2009:13:31:21 -0500] "GET /haiku/haiku.html HTTP/1.0" 200 2147 "-" "Mozilla/5.0 (compatible; Yahoo! DE Slurp; http://help.yahoo.com/help/us/ysearch/slurp)"
66.235.124.8 - - [05/Feb/2009:13:34:12 -0500] "GET /limerick/1998/nice498.html HTTP/1.1" 200 32863 "-" "Mozilla/5.0 (compatible; Ask Jeeves/Teoma; +http://about.ask.com/en/docs/about/webmasters.shtml)"
208.111.154.16 - - [05/Feb/2009:13:38:37 -0500] "GET /robots.txt HTTP/1.1" 404 693 "-" "Mozilla/5.0 (compatible; Charlotte/1.1; http://www.searchme.com/support/)"
208.111.154.16 - - [05/Feb/2009:14:01:27 -0500] "GET /robots.txt HTTP/1.1" 404 693 "-" "Mozilla/5.0 (compatible; Charlotte/1.1; http://www.searchme.com/support/)"
74.6.17.89 - - [05/Feb/2009:14:02:04 -0500] "GET /robots.txt HTTP/1.0" 404 693 "-" "Mozilla/5.0 (compatible; Yahoo! Slurp; http://help.yahoo.com/help/us/ysearch/slurp)"
74.6.30.101 - - [05/Feb/2009:14:02:05 -0500] "GET / HTTP/1.0" 200 464 "-" "Mozilla/5.0 (compatible; Yahoo! DE Slurp; http://help.yahoo.com/help/us/ysearch/slurp)"
74.6.30.101 - - [05/Feb/2009:14:02:05 -0500] "GET /toastpointtopleft.html HTTP/1.0" 200 162 "-" "Mozilla/5.0 (compatible; Yahoo! DE Slurp; http://help.yahoo.com/help/us/ysearch/slurp)"
74.6.30.101 - - [05/Feb/2009:14:02:05 -0500] "GET /toastpointtoc.html HTTP/1.0" 200 1188 "-" "Mozilla/5.0 (compatible; Yahoo! DE Slurp; http://help.yahoo.com/help/us/ysearch/slurp)"
74.6.30.101 - - [05/Feb/2009:14:02:06 -0500] "GET /news.html HTTP/1.0" 200 17706 "-" "Mozilla/5.0 (compatible; Yahoo! DE Slurp; http://help.yahoo.com/help/us/ysearch/slurp)"
74.6.30.101 - - [05/Feb/2009:14:02:06 -0500] "GET /toastpointtopright.html HTTP/1.0" 200 151 "-" "Mozilla/5.0 (compatible; Yahoo! DE Slurp; http://help.yahoo.com/help/us/ysearch/slurp)"
74.6.30.101 - - [05/Feb/2009:14:02:06 -0500] "GET /tpnews.html HTTP/1.0" 200 8305 "-" "Mozilla/5.0 (compatible; Yahoo! DE Slurp; http://help.yahoo.com/help/us/ysearch/slurp)"
68.54.9.53 - - [05/Feb/2009:14:02:12 -0500] "GET /limerick/1995/niceaug.html HTTP/1.1" 200 4489 "http://www.google.com/search?hl=en&q=there+once+was+nun+from+nantucket&aq=f&oq=" "Mozilla/4.0 (compatible; MSIE 7.0; Windows NT 5.1; .NET CLR 1.1.4322; .NET CLR 2.0.50727)"
68.54.9.53 - - [05/Feb/2009:14:02:12 -0500] "GET /gifs/goldstar.jpg HTTP/1.1" 200 1854 "http://www.toastpoint.com/limerick/1995/niceaug.html" "Mozilla/4.0 (compatible; MSIE 7.0; Windows NT 5.1; .NET CLR 1.1.4322; .NET CLR 2.0.50727)"
68.54.9.53 - - [05/Feb/2009:14:02:13 -0500] "GET /favicon.ico HTTP/1.1" 404 693 "-" "Mozilla/4.0 (compatible; MSIE 7.0; Windows NT 5.1; .NET CLR 1.1.4322; .NET CLR 2.0.50727)"
208.111.154.16 - - [05/Feb/2009:14:11:43 -0500] "GET /robots.txt HTTP/1.1" 404 693 "-" "Mozilla/5.0 (compatible; Charlotte/1.1; http://www.searchme.com/support/)"
208.111.154.16 - - [05/Feb/2009:14:37:38 -0500] "GET /robots.txt HTTP/1.1" 404 693 "-" "Mozilla/5.0 (compatible; Charlotte/1.1; http://www.searchme.com/support/)"
208.111.154.33 - - [05/Feb/2009:17:03:39 -0500] "GET /robots.txt HTTP/1.1" 404 693 "-" "Mozilla/5.0 (compatible; Charlotte/1.1; http://www.searchme.com/support/)"
66.235.124.8 - - [05/Feb/2009:17:16:02 -0500] "GET /fiction/fict9596/fict996.html HTTP/1.1" 200 40085 "-" "Mozilla/5.0 (compatible; Ask Jeeves/Teoma; +http://about.ask.com/en/docs/about/webmasters.shtml)"
74.249.198.25 - - [05/Feb/2009:17:28:39 -0500] "GET /fiction/novels/parkey.html HTTP/1.1" 200 25723 "http://www.google.com/search?sourceid=navclient&ie=UTF-8&rlz=1T4GGLL_enUS304US304&q=the+case+of+the+mysterious+stranger+" "Mozilla/4.0 (compatible; MSIE 7.0; Windows NT 5.1; GTB5; .NET CLR 1.0.3705; .NET CLR 1.1.4322; Media Center PC 4.0; .NET CLR 2.0.50727)"
74.249.198.25 - - [05/Feb/2009:17:28:39 -0500] "GET /gifs/goldstar.jpg HTTP/1.1" 200 1854 "http://www.toastpoint.com/fiction/novels/parkey.html" "Mozilla/4.0 (compatible; MSIE 7.0; Windows NT 5.1; GTB5; .NET CLR 1.0.3705; .NET CLR 1.1.4322; Media Center PC 4.0; .NET CLR 2.0.50727)"
74.249.198.25 - - [05/Feb/2009:17:28:40 -0500] "GET /favicon.ico HTTP/1.1" 404 693 "-" "Mozilla/4.0 (compatible; MSIE 7.0; Windows NT 5.1; GTB5; .NET CLR 1.0.3705; .NET CLR 1.1.4322; Media Center PC 4.0; .NET CLR 2.0.50727)"
66.235.124.104 - - [05/Feb/2009:17:40:50 -0500] "GET /robots.txt HTTP/1.1" 404 693 "-" "Mozilla/5.0 (compatible; Ask Jeeves/Teoma; +http://about.ask.com/en/docs/about/webmasters.shtml)"
66.235.124.104 - - [05/Feb/2009:17:40:55 -0500] "GET /haiku/haiku299.html HTTP/1.1" 200 68017 "-" "Mozilla/5.0 (compatible; Ask Jeeves/Teoma; +http://about.ask.com/en/docs/about/webmasters.shtml)"
64.56.65.37 - - [05/Feb/2009:17:58:06 -0500] "GET / HTTP/1.1" 200 464 "http://www.keywordspy.com/keyword-research/toastpoint.com" "Mozilla/4.0 (compatible; MSIE 7.0; Windows NT 5.1; Alexa Toolbar)"
64.56.65.37 - - [05/Feb/2009:17:58:06 -0500] "GET / HTTP/1.1" 200 464 "http://www.keywordspy.com/keyword-research/toastpoint.com" "Mozilla/4.0 (compatible; MSIE 7.0; Windows NT 5.1; Alexa Toolbar)"
64.56.65.37 - - [05/Feb/2009:17:58:06 -0500] "GET / HTTP/1.1" 200 464 "http://www.keywordspy.com/keyword-research/toastpoint.com" "Mozilla/4.0 (compatible; MSIE 7.0; Windows NT 5.1; Alexa Toolbar)"
72.39.203.5 - - [05/Feb/2009:18:28:27 -0500] "GET /limerick/nice299.html HTTP/1.1" 200 28130 "http://www.google.ca/search?hl=en&q=clean+limericks&meta=" "Mozilla/4.0 (compatible; MSIE 7.0; Windows NT 5.1; .NET CLR 1.1.4322; .NET CLR 2.0.50727)"
72.39.203.5 - - [05/Feb/2009:18:28:28 -0500] "GET /gifs/birdumb2.gif HTTP/1.1" 200 4698 "http://www.toastpoint.com/limerick/nice299.html" "Mozilla/4.0 (compatible; MSIE 7.0; Windows NT 5.1; .NET CLR 1.1.4322; .NET CLR 2.0.50727)"
72.39.203.5 - - [05/Feb/2009:18:28:28 -0500] "GET /gifs/goldstar.jpg HTTP/1.1" 200 1854 "http://www.toastpoint.com/limerick/nice299.html" "Mozilla/4.0 (compatible; MSIE 7.0; Windows NT 5.1; .NET CLR 1.1.4322; .NET CLR 2.0.50727)"
72.39.203.5 - - [05/Feb/2009:18:28:28 -0500] "GET /gifs/birdumb.gif HTTP/1.1" 200 4704 "http://www.toastpoint.com/limerick/nice299.html" "Mozilla/4.0 (compatible; MSIE 7.0; Windows NT 5.1; .NET CLR 1.1.4322; .NET CLR 2.0.50727)"
72.39.203.5 - - [05/Feb/2009:18:28:28 -0500] "GET /favicon.ico HTTP/1.1" 404 693 "-" "Mozilla/4.0 (compatible; MSIE 7.0; Windows NT 5.1; .NET CLR 1.1.4322; .NET CLR 2.0.50727)"
66.235.124.8 - - [05/Feb/2009:18:47:43 -0500] "GET /limerick/1996/nau1096.html HTTP/1.1" 200 23475 "-" "Mozilla/5.0 (compatible; Ask Jeeves/Teoma; +http://about.ask.com/en/docs/about/webmasters.shtml)"
208.111.154.16 - - [05/Feb/2009:18:52:56 -0500] "GET /robots.txt HTTP/1.1" 404 693 "-" "Mozilla/5.0 (compatible; Charlotte/1.1; http://www.searchme.com/support/)"
66.235.124.8 - - [05/Feb/2009:18:53:32 -0500] "GET /haiku/1996/haiku296.html HTTP/1.1" 200 16138 "-" "Mozilla/5.0 (compatible; Ask Jeeves/Teoma; +http://about.ask.com/en/docs/about/webmasters.shtml)"
66.235.124.8 - - [05/Feb/2009:19:08:06 -0500] "GET /fiction/novels/peak4.html HTTP/1.1" 200 13115 "-" "Mozilla/5.0 (compatible; Ask Jeeves/Teoma; +http://about.ask.com/en/docs/about/webmasters.shtml)"
71.141.105.208 - - [05/Feb/2009:19:24:46 -0500] "GET /favicon.ico HTTP/1.1" 404 693 "http://www.toastpoint.com/limerick/naut199.html" "Mozilla/5.0 (Macintosh; U; Intel Mac OS X 10_4_11; en) AppleWebKit/525.27.1 (KHTML, like Gecko) Version/3.2.1 Safari/525.27.1"
71.141.105.208 - - [05/Feb/2009:19:24:46 -0500] "GET /gifs/nakedman.gif HTTP/1.1" 200 7734 "http://www.toastpoint.com/limerick/naut199.html" "Mozilla/5.0 (Macintosh; U; Intel Mac OS X 10_4_11; en) AppleWebKit/525.27.1 (KHTML, like Gecko) Version/3.2.1 Safari/525.27.1"
71.141.105.208 - - [05/Feb/2009:19:24:46 -0500] "GET /limerick/naut199.html HTTP/1.1" 200 34481 "http://www.toastpoint.com/limerick/naut199.html" "Mozilla/5.0 (Macintosh; U; Intel Mac OS X 10_4_11; en) AppleWebKit/525.27.1 (KHTML, like Gecko) Version/3.2.1 Safari/525.27.1"
71.141.105.208 - - [05/Feb/2009:19:24:46 -0500] "GET /gifs/boobies.gif HTTP/1.1" 200 11144 "http://www.toastpoint.com/limerick/naut199.html" "Mozilla/5.0 (Macintosh; U; Intel Mac OS X 10_4_11; en) AppleWebKit/525.27.1 (KHTML, like Gecko) Version/3.2.1 Safari/525.27.1"
71.141.105.208 - - [05/Feb/2009:19:24:46 -0500] "GET /gifs/goldstar.jpg HTTP/1.1" 200 1854 "http://www.toastpoint.com/limerick/naut199.html" "Mozilla/5.0 (Macintosh; U; Intel Mac OS X 10_4_11; en) AppleWebKit/525.27.1 (KHTML, like Gecko) Version/3.2.1 Safari/525.27.1"
70.171.127.57 - - [05/Feb/2009:19:33:34 -0500] "GET /favicon.ico HTTP/1.1" 404 693 "-" "Mozilla/4.0 (compatible; MSIE 7.0; Windows NT 6.0; FunWebProducts; GTB5; SLCC1; .NET CLR 2.0.50727; Media Center PC 5.0; .NET CLR 3.0.04506; Dealio Toolbar 3.1.1)"
70.171.127.57 - - [05/Feb/2009:19:33:34 -0500] "GET /limerick/nice299.html HTTP/1.1" 200 28130 "-" "Mozilla/4.0 (compatible; MSIE 7.0; Windows NT 6.0; FunWebProducts; GTB5; SLCC1; .NET CLR 2.0.50727; Media Center PC 5.0; .NET CLR 3.0.04506; Dealio Toolbar 3.1.1)"
70.171.127.57 - - [05/Feb/2009:19:33:35 -0500] "GET /gifs/birdumb.gif HTTP/1.1" 200 4704 "http://www.toastpoint.com/limerick/nice299.html" "Mozilla/4.0 (compatible; MSIE 7.0; Windows NT 6.0; FunWebProducts; GTB5; SLCC1; .NET CLR 2.0.50727; Media Center PC 5.0; .NET CLR 3.0.04506; Dealio Toolbar 3.1.1)"
