66.249.65.227 - - [02/Mar/2009:00:04:29 -0500] "GET /limerick/nice299.html HTTP/1.1" 200 28130 "-" "DoCoMo/2.0 N905i(c100;TB;W24H16) (compatible; Googlebot-Mobile/2.1; +http://www.google.com/bot.html)"
66.249.65.234 - - [02/Mar/2009:00:06:57 -0500] "GET /limerick/1997/naut1097.html HTTP/1.1" 200 35530 "-" "DoCoMo/2.0 N905i(c100;TB;W24H16) (compatible; Googlebot-Mobile/2.1; +http://www.google.com/bot.html)"
66.249.65.231 - - [02/Mar/2009:00:06:35 -0500] "GET /limerick/naut199.html HTTP/1.1" 200 34481 "-" "DoCoMo/2.0 N905i(c100;TB;W24H16) (compatible; Googlebot-Mobile/2.1; +http://www.google.com/bot.html)"
66.249.65.235 - - [02/Mar/2009:00:08:39 -0500] "GET /limerick/1997/naut497.html HTTP/1.1" 200 43346 "-" "DoCoMo/2.0 N905i(c100;TB;W24H16) (compatible; Googlebot-Mobile/2.1; +http://www.google.com/bot.html)"
66.249.65.235 - - [02/Mar/2009:00:11:04 -0500] "GET /limerick/1997/naut997.html HTTP/1.1" 200 53317 "-" "DoCoMo/2.0 N905i(c100;TB;W24H16) (compatible; Googlebot-Mobile/2.1; +http://www.google.com/bot.html)"
66.249.65.244 - - [02/Mar/2009:00:12:18 -0500] "GET /limerick/naut499.html HTTP/1.1" 200 38163 "-" "DoCoMo/2.0 N905i(c100;TB;W24H16) (compatible; Googlebot-Mobile/2.1; +http://www.google.com/bot.html)"
66.249.65.235 - - [02/Mar/2009:00:12:43 -0500] "GET /limerick/1997/naut297.html HTTP/1.1" 200 31034 "-" "DoCoMo/2.0 N905i(c100;TB;W24H16) (compatible; Googlebot-Mobile/2.1; +http://www.google.com/bot.html)"
67.202.54.191 - - [02/Mar/2009:00:13:36 -0500] "GET /robots.txt HTTP/1.0" 404 693 "-" "ia_archiver (+http://www.alexa.com/site/help/webmasters; crawler@alexa.com)"
67.202.54.191 - - [02/Mar/2009:00:13:36 -0500] "GET /limerick/limerick.html HTTP/1.0" 200 2613 "-" "ia_archiver (+http://www.alexa.com/site/help/webmasters; crawler@alexa.com)"
66.249.65.237 - - [02/Mar/2009:00:14:06 -0500] "GET /limerick/naut399.html HTTP/1.1" 200 38217 "-" "DoCoMo/2.0 N905i(c100;TB;W24H16) (compatible; Googlebot-Mobile/2.1; +http://www.google.com/bot.html)"
66.249.65.244 - - [02/Mar/2009:00:14:34 -0500] "GET /limerick/1996/1996.html HTTP/1.1" 404 693 "-" "DoCoMo/2.0 N905i(c100;TB;W24H16) (compatible; Googlebot-Mobile/2.1; +http://www.google.com/bot.html)"
66.249.65.225 - - [02/Mar/2009:00:21:12 -0500] "GET /limerick/nice199.html HTTP/1.1" 200 25313 "-" "DoCoMo/2.0 N905i(c100;TB;W24H16) (compatible; Googlebot-Mobile/2.1; +http://www.google.com/bot.html)"
66.249.65.237 - - [02/Mar/2009:00:21:21 -0500] "GET /limerick/1997/naut797.html HTTP/1.1" 200 22034 "-" "DoCoMo/2.0 N905i(c100;TB;W24H16) (compatible; Googlebot-Mobile/2.1; +http://www.google.com/bot.html)"
66.249.65.233 - - [02/Mar/2009:00:21:21 -0500] "GET /limerick/1997/nice297.html HTTP/1.1" 200 16613 "-" "DoCoMo/2.0 N905i(c100;TB;W24H16) (compatible; Googlebot-Mobile/2.1; +http://www.google.com/bot.html)"
66.249.65.235 - - [02/Mar/2009:00:30:36 -0500] "GET /limerick/1996/nic1196.html HTTP/1.1" 200 11053 "-" "Mozilla/5.0 (compatible; Googlebot/2.1; +http://www.google.com/bot.html)"
81.52.143.16 - - [02/Mar/2009:01:07:01 -0500] "GET /limerick/1998/naut598.html HTTP/1.1" 200 63665 "-" "Mozilla/5.0 (Windows; U; Windows NT 5.1; fr; rv:1.8.1) VoilaBot BETA 1.2 (support.voilabot@orange-ftgroup.com)"
66.249.65.240 - - [02/Mar/2009:01:22:19 -0500] "GET /limerick/1997/naut197.html HTTP/1.1" 200 27246 "-" "DoCoMo/2.0 N905i(c100;TB;W24H16) (compatible; Googlebot-Mobile/2.1; +http://www.google.com/bot.html)"
66.249.65.225 - - [02/Mar/2009:01:27:09 -0500] "GET /limerick/1997/naut1197.html HTTP/1.1" 200 42998 "-" "DoCoMo/2.0 N905i(c100;TB;W24H16) (compatible; Googlebot-Mobile/2.1; +http://www.google.com/bot.html)"
66.249.65.235 - - [02/Mar/2009:01:31:59 -0500] "GET /limerick/1997/nice397.html HTTP/1.1" 200 13929 "-" "DoCoMo/2.0 N905i(c100;TB;W24H16) (compatible; Googlebot-Mobile/2.1; +http://www.google.com/bot.html)"
69.153.101.211 - - [02/Mar/2009:01:53:06 -0500] "GET /gifs/boobies.gif HTTP/1.1" 200 11144 "http://www.toastpoint.com/limerick/naut199.html" "Mozilla/5.0 (Macintosh; U; PPC Mac OS X Mach-O; en-US; rv:1.8.1.11) Gecko/20071127 Firefox/2.0.0.11"
69.153.101.211 - - [02/Mar/2009:01:53:06 -0500] "GET /limerick/naut199.html HTTP/1.1" 200 34481 "-" "Mozilla/5.0 (Macintosh; U; PPC Mac OS X Mach-O; en-US; rv:1.8.1.11) Gecko/20071127 Firefox/2.0.0.11"
69.153.101.211 - - [02/Mar/2009:01:53:07 -0500] "GET /gifs/nakedman.gif HTTP/1.1" 200 7734 "http://www.toastpoint.com/limerick/naut199.html" "Mozilla/5.0 (Macintosh; U; PPC Mac OS X Mach-O; en-US; rv:1.8.1.11) Gecko/20071127 Firefox/2.0.0.11"
69.153.101.211 - - [02/Mar/2009:01:53:07 -0500] "GET /gifs/goldstar.jpg HTTP/1.1" 200 1854 "http://www.toastpoint.com/limerick/naut199.html" "Mozilla/5.0 (Macintosh; U; PPC Mac OS X Mach-O; en-US; rv:1.8.1.11) Gecko/20071127 Firefox/2.0.0.11"
69.153.101.211 - - [02/Mar/2009:01:53:07 -0500] "GET /favicon.ico HTTP/1.1" 404 693 "-" "Mozilla/5.0 (Macintosh; U; PPC Mac OS X Mach-O; en-US; rv:1.8.1.11) Gecko/20071127 Firefox/2.0.0.11"
69.153.101.211 - - [02/Mar/2009:01:53:18 -0500] "GET /favicon.ico HTTP/1.1" 404 693 "-" "Mozilla/5.0 (Macintosh; U; PPC Mac OS X Mach-O; en-US; rv:1.8.1.11) Gecko/20071127 Firefox/2.0.0.11"
216.145.16.237 - - [02/Mar/2009:02:00:54 -0500] "GET / HTTP/1.1" 200 464 "-" "Mozilla/4.0 (compatible; MSIE 7.0; Windows NT 5.2; .NET CLR 1.1.4322)"
216.145.16.237 - - [02/Mar/2009:02:00:59 -0500] "GET /toastpointtopleft.html HTTP/1.1" 200 162 "http://www.toastpoint.com/" "Mozilla/4.0 (compatible; MSIE 7.0; Windows NT 5.2; .NET CLR 1.1.4322)"
216.145.16.237 - - [02/Mar/2009:02:01:02 -0500] "GET /toastpointtoc.html HTTP/1.1" 200 1188 "http://www.toastpoint.com/" "Mozilla/4.0 (compatible; MSIE 7.0; Windows NT 5.2; .NET CLR 1.1.4322)"
216.145.16.237 - - [02/Mar/2009:02:01:09 -0500] "GET /news.html HTTP/1.1" 200 17706 "http://www.toastpoint.com/" "Mozilla/4.0 (compatible; MSIE 7.0; Windows NT 5.2; .NET CLR 1.1.4322)"
216.145.16.236 - - [02/Mar/2009:02:01:10 -0500] "GET /toastpointtopright.html HTTP/1.1" 200 151 "http://www.toastpoint.com/" "Mozilla/4.0 (compatible; MSIE 7.0; Windows NT 5.2; .NET CLR 1.1.4322)"
216.145.16.236 - - [02/Mar/2009:02:01:10 -0500] "GET /tpnews.html HTTP/1.1" 200 8305 "http://www.toastpoint.com/" "Mozilla/4.0 (compatible; MSIE 7.0; Windows NT 5.2; .NET CLR 1.1.4322)"
216.145.16.235 - - [02/Mar/2009:02:01:30 -0500] "GET /gifs/tpwinter20089.jpg HTTP/1.1" 200 28088 "http://www.toastpoint.com/news.html" "Mozilla/4.0 (compatible; MSIE 7.0; Windows NT 5.2; .NET CLR 1.1.4322)"
69.153.101.211 - - [02/Mar/2009:02:03:57 -0500] "GET /favicon.ico HTTP/1.1" 404 693 "-" "Mozilla/5.0 (Macintosh; U; PPC Mac OS X Mach-O; en-US; rv:1.8.1.11) Gecko/20071127 Firefox/2.0.0.11"
66.249.65.231 - - [02/Mar/2009:02:16:44 -0500] "GET /limerick/1997/naut1297.html HTTP/1.1" 200 36990 "-" "DoCoMo/2.0 N905i(c100;TB;W24H16) (compatible; Googlebot-Mobile/2.1; +http://www.google.com/bot.html)"
66.235.124.56 - - [02/Mar/2009:02:36:54 -0500] "GET /robots.txt HTTP/1.0" 404 693 "-" "Mozilla/5.0 (compatible; Ask Jeeves/Teoma; +http://about.ask.com/en/docs/about/webmasters.shtml)"
66.235.124.56 - - [02/Mar/2009:02:36:54 -0500] "GET /limerick/naut199.html HTTP/1.0" 200 34481 "-" "Mozilla/5.0 (compatible; Ask Jeeves/Teoma; +http://about.ask.com/en/docs/about/webmasters.shtml)"
66.235.124.8 - - [02/Mar/2009:03:23:32 -0500] "GET / HTTP/1.1" 200 464 "-" "Mozilla/5.0 (compatible; Ask Jeeves/Teoma; +http://about.ask.com/en/docs/about/webmasters.shtml)"
66.249.65.225 - - [02/Mar/2009:03:30:42 -0500] "GET /limerick/1996/naut496.html HTTP/1.1" 200 21599 "-" "Mozilla/5.0 (compatible; Googlebot/2.1; +http://www.google.com/bot.html)"
81.52.143.26 - - [02/Mar/2009:03:53:53 -0500] "GET /limerick/docs/formhint.html HTTP/1.1" 200 2522 "-" "Mozilla/5.0 (Windows; U; Windows NT 5.1; fr; rv:1.8.1) VoilaBot BETA 1.2 (support.voilabot@orange-ftgroup.com)"
67.195.37.179 - - [02/Mar/2009:03:55:40 -0500] "GET /robots.txt HTTP/1.0" 404 693 "-" "Mozilla/5.0 (compatible; Yahoo! Slurp; http://help.yahoo.com/help/us/ysearch/slurp)"
67.195.37.179 - - [02/Mar/2009:03:55:41 -0500] "GET /haiku/haiku.html HTTP/1.0" 200 2147 "-" "Mozilla/5.0 (compatible; Yahoo! DE Slurp; http://help.yahoo.com/help/us/ysearch/slurp)"
24.224.48.40 - - [02/Mar/2009:04:00:54 -0500] "GET /bio.html HTTP/1.1" 200 7868 "-" "Mozilla/5.0 (Windows; U; Windows NT 5.1; en-US; rv:1.9.0.6) Gecko/2009011913 Firefox/3.0.6"
24.224.48.40 - - [02/Mar/2009:04:00:55 -0500] "GET /gifs/samp.jpg HTTP/1.1" 200 2907 "http://www.toastpoint.com/bio.html" "Mozilla/5.0 (Windows; U; Windows NT 5.1; en-US; rv:1.9.0.6) Gecko/2009011913 Firefox/3.0.6"
24.224.48.40 - - [02/Mar/2009:04:00:55 -0500] "GET /gifs/mom&dad.jpg HTTP/1.1" 200 6709 "http://www.toastpoint.com/bio.html" "Mozilla/5.0 (Windows; U; Windows NT 5.1; en-US; rv:1.9.0.6) Gecko/2009011913 Firefox/3.0.6"
24.224.48.40 - - [02/Mar/2009:04:00:55 -0500] "GET /gifs/eric.jpg HTTP/1.1" 200 19411 "http://www.toastpoint.com/bio.html" "Mozilla/5.0 (Windows; U; Windows NT 5.1; en-US; rv:1.9.0.6) Gecko/2009011913 Firefox/3.0.6"
24.224.48.40 - - [02/Mar/2009:04:00:55 -0500] "GET /gifs/leopold.jpg HTTP/1.1" 200 38609 "http://www.toastpoint.com/bio.html" "Mozilla/5.0 (Windows; U; Windows NT 5.1; en-US; rv:1.9.0.6) Gecko/2009011913 Firefox/3.0.6"
66.249.65.225 - - [02/Mar/2009:04:04:54 -0500] "GET /welcome.html HTTP/1.1" 200 418 "-" "Mozilla/5.0 (compatible; Googlebot/2.1; +http://www.google.com/bot.html)"
65.55.104.162 - - [02/Mar/2009:04:28:14 -0500] "GET /robots.txt HTTP/1.1" 404 693 "-" "msnbot/1.1 (+http://search.msn.com/msnbot.htm)"
65.55.104.162 - - [02/Mar/2009:04:28:14 -0500] "GET /welcome.html HTTP/1.1" 200 418 "-" "msnbot/1.1 (+http://search.msn.com/msnbot.htm)"
66.249.65.232 - - [02/Mar/2009:04:34:45 -0500] "GET /robots.txt HTTP/1.1" 404 693 "-" "Googlebot-Image/1.0"
66.249.65.239 - - [02/Mar/2009:04:34:45 -0500] "GET /index_files/image017.gif HTTP/1.1" 304 - "-" "Googlebot-Image/1.0"
67.195.37.179 - - [02/Mar/2009:04:37:04 -0500] "GET / HTTP/1.0" 200 464 "-" "Mozilla/5.0 (compatible; Yahoo! DE Slurp; http://help.yahoo.com/help/us/ysearch/slurp)"
67.195.37.179 - - [02/Mar/2009:04:37:05 -0500] "GET /toastpointtopleft.html HTTP/1.0" 200 162 "-" "Mozilla/5.0 (compatible; Yahoo! DE Slurp; http://help.yahoo.com/help/us/ysearch/slurp)"
67.195.37.179 - - [02/Mar/2009:04:37:05 -0500] "GET /toastpointtoc.html HTTP/1.0" 200 1188 "-" "Mozilla/5.0 (compatible; Yahoo! DE Slurp; http://help.yahoo.com/help/us/ysearch/slurp)"
67.195.37.179 - - [02/Mar/2009:04:37:06 -0500] "GET /news.html HTTP/1.0" 200 17706 "-" "Mozilla/5.0 (compatible; Yahoo! DE Slurp; http://help.yahoo.com/help/us/ysearch/slurp)"
67.195.37.179 - - [02/Mar/2009:04:37:06 -0500] "GET /toastpointtopright.html HTTP/1.0" 200 151 "-" "Mozilla/5.0 (compatible; Yahoo! DE Slurp; http://help.yahoo.com/help/us/ysearch/slurp)"
67.195.37.179 - - [02/Mar/2009:04:37:07 -0500] "GET /tpnews.html HTTP/1.0" 200 8305 "-" "Mozilla/5.0 (compatible; Yahoo! DE Slurp; http://help.yahoo.com/help/us/ysearch/slurp)"
124.115.10.193 - - [02/Mar/2009:05:22:37 -0500] "GET / HTTP/1.1" 200 464 "http://www.toastpoint.com/" "Mozilla/4.0 (compatible; MSIE 6.0; Windows NT 5.1)"
124.115.10.193 - - [02/Mar/2009:05:22:49 -0500] "GET /toastpointtopleft.html HTTP/1.1" 200 162 "http://www.toastpoint.com/toastpointtopleft.html" "Mozilla/4.0 (compatible; MSIE 6.0; Windows NT 5.1)"
124.115.10.193 - - [02/Mar/2009:05:22:50 -0500] "GET /toastpointtoc.html HTTP/1.1" 200 1188 "http://www.toastpoint.com/toastpointtoc.html" "Mozilla/4.0 (compatible; MSIE 6.0; Windows NT 5.1)"
124.115.10.193 - - [02/Mar/2009:05:22:51 -0500] "GET /news.html HTTP/1.1" 200 17706 "http://www.toastpoint.com/news.html" "Mozilla/4.0 (compatible; MSIE 6.0; Windows NT 5.1)"
124.115.10.193 - - [02/Mar/2009:05:22:52 -0500] "GET /toastpointtopright.html HTTP/1.1" 200 151 "http://www.toastpoint.com/toastpointtopright.html" "Mozilla/4.0 (compatible; MSIE 6.0; Windows NT 5.1)"
124.115.10.193 - - [02/Mar/2009:05:22:53 -0500] "GET /tpnews.html HTTP/1.1" 200 8305 "http://www.toastpoint.com/tpnews.html" "Mozilla/4.0 (compatible; MSIE 6.0; Windows NT 5.1)"
122.164.29.229 - - [02/Mar/2009:05:23:09 -0500] "GET /favicon.ico HTTP/1.1" 404 693 "-" "Mozilla/4.0 (compatible; MSIE 6.0; Windows NT 5.1)"
122.164.29.229 - - [02/Mar/2009:05:23:11 -0500] "GET /gifs/nakedman.gif HTTP/1.1" 200 7734 "http://www.toastpoint.com/limerick/naut199.html" "Mozilla/4.0 (compatible; MSIE 6.0; Windows NT 5.1)"
122.164.29.229 - - [02/Mar/2009:05:23:11 -0500] "GET /gifs/goldstar.jpg HTTP/1.1" 200 1854 "http://www.toastpoint.com/limerick/naut199.html" "Mozilla/4.0 (compatible; MSIE 6.0; Windows NT 5.1)"
122.164.29.229 - - [02/Mar/2009:05:23:11 -0500] "GET /gifs/boobies.gif HTTP/1.1" 200 11144 "http://www.toastpoint.com/limerick/naut199.html" "Mozilla/4.0 (compatible; MSIE 6.0; Windows NT 5.1)"
122.164.29.229 - - [02/Mar/2009:05:23:09 -0500] "GET /limerick/naut199.html HTTP/1.1" 200 34481 "-" "Mozilla/4.0 (compatible; MSIE 6.0; Windows NT 5.1)"
193.62.3.251 - - [02/Mar/2009:05:23:53 -0500] "GET /favicon.ico HTTP/1.0" 404 693 "-" "Mozilla/4.0 (compatible; MSIE 7.0; Windows NT 5.1; .NET CLR 1.1.4322; .NET CLR 2.0.50727; InfoPath.2; .NET CLR 3.0.4506.2152; .NET CLR 3.5.30729)"
193.62.3.251 - - [02/Mar/2009:05:23:53 -0500] "GET /limerick/nice299.html HTTP/1.0" 200 28130 "-" "Mozilla/4.0 (compatible; MSIE 7.0; Windows NT 5.1; .NET CLR 1.1.4322; .NET CLR 2.0.50727; InfoPath.2; .NET CLR 3.0.4506.2152; .NET CLR 3.5.30729)"
193.62.3.251 - - [02/Mar/2009:05:23:54 -0500] "GET /gifs/birdumb2.gif HTTP/1.0" 200 4698 "http://www.toastpoint.com/limerick/nice299.html" "Mozilla/4.0 (compatible; MSIE 7.0; Windows NT 5.1; .NET CLR 1.1.4322; .NET CLR 2.0.50727; InfoPath.2; .NET CLR 3.0.4506.2152; .NET CLR 3.5.30729)"
193.62.3.251 - - [02/Mar/2009:05:23:54 -0500] "GET /gifs/goldstar.jpg HTTP/1.0" 200 1854 "http://www.toastpoint.com/limerick/nice299.html" "Mozilla/4.0 (compatible; MSIE 7.0; Windows NT 5.1; .NET CLR 1.1.4322; .NET CLR 2.0.50727; InfoPath.2; .NET CLR 3.0.4506.2152; .NET CLR 3.5.30729)"
193.62.3.251 - - [02/Mar/2009:05:23:54 -0500] "GET /gifs/birdumb.gif HTTP/1.0" 200 4704 "http://www.toastpoint.com/limerick/nice299.html" "Mozilla/4.0 (compatible; MSIE 7.0; Windows NT 5.1; .NET CLR 1.1.4322; .NET CLR 2.0.50727; InfoPath.2; .NET CLR 3.0.4506.2152; .NET CLR 3.5.30729)"
67.202.54.191 - - [02/Mar/2009:05:57:49 -0500] "GET /robots.txt HTTP/1.0" 404 693 "-" "ia_archiver (+http://www.alexa.com/site/help/webmasters; crawler@alexa.com)"
67.202.54.191 - - [02/Mar/2009:05:57:49 -0500] "GET /fiction/fict98/fict298.html HTTP/1.0" 200 37545 "-" "ia_archiver (+http://www.alexa.com/site/help/webmasters; crawler@alexa.com)"
67.202.54.191 - - [02/Mar/2009:05:58:04 -0500] "GET /limerick/1995/nautnov.html HTTP/1.0" 200 13933 "-" "ia_archiver (+http://www.alexa.com/site/help/webmasters; crawler@alexa.com)"
66.249.65.232 - - [02/Mar/2009:06:00:38 -0500] "GET /gifs/star3.gif HTTP/1.1" 304 - "-" "Googlebot-Image/1.0"
81.52.143.26 - - [02/Mar/2009:06:05:27 -0500] "GET /limerick/naut299.html HTTP/1.1" 200 23095 "-" "Mozilla/5.0 (Windows; U; Windows NT 5.1; fr; rv:1.8.1) VoilaBot BETA 1.2 (support.voilabot@orange-ftgroup.com)"
208.111.154.16 - - [02/Mar/2009:06:32:07 -0500] "GET /robots.txt HTTP/1.1" 404 693 "-" "Mozilla/5.0 (compatible; Charlotte/1.1; http://www.searchme.com/support/)"
63.241.3.51 - - [02/Mar/2009:06:45:01 -0500] "GET /limerick/limerick.html HTTP/1.1" 200 2613 "-" "-"
66.249.65.226 - - [02/Mar/2009:06:56:17 -0500] "GET /fiction/novels/wpeak.jpg HTTP/1.1" 304 - "-" "Googlebot-Image/1.0"
208.111.154.16 - - [02/Mar/2009:07:28:58 -0500] "GET /robots.txt HTTP/1.1" 404 693 "-" "Mozilla/5.0 (compatible; Charlotte/1.1; http://www.searchme.com/support/)"
81.52.143.15 - - [02/Mar/2009:07:39:50 -0500] "GET /limerick/1996/naut596.html HTTP/1.1" 200 28755 "-" "Mozilla/5.0 (Windows; U; Windows NT 5.1; fr; rv:1.8.1) VoilaBot BETA 1.2 (support.voilabot@orange-ftgroup.com)"
208.111.154.15 - - [02/Mar/2009:07:55:04 -0500] "GET /robots.txt HTTP/1.1" 404 693 "-" "Mozilla/5.0 (compatible; Charlotte/1.1; http://www.searchme.com/support/)"
38.108.180.46 - - [02/Mar/2009:08:00:05 -0500] "GET /robots.txt HTTP/1.1" 404 693 "-" "Mozilla/5.0 (compatible; ScoutJet; +http://www.scoutjet.com/)"
38.108.180.46 - - [02/Mar/2009:08:00:06 -0500] "GET /news.html HTTP/1.1" 200 17706 "-" "Mozilla/5.0 (compatible; ScoutJet; +http://www.scoutjet.com/)"
195.128.18.18 - - [02/Mar/2009:08:10:24 -0500] "GET / HTTP/1.0" 200 919088 "-" "Mozilla/5.0 (compatible; DBLBot/1.0; +http://www.dontbuylists.com/)"
208.111.154.16 - - [02/Mar/2009:08:42:06 -0500] "GET /robots.txt HTTP/1.1" 404 693 "-" "Mozilla/5.0 (compatible; Charlotte/1.1; http://www.searchme.com/support/)"
208.111.154.16 - - [02/Mar/2009:08:42:26 -0500] "GET /limerick/1995/niceoct.html HTTP/1.1" 200 5007 "-" "Mozilla/5.0 (compatible; Charlotte/1.1; http://www.searchme.com/support/)"
124.115.1.66 - - [02/Mar/2009:08:56:50 -0500] "GET / HTTP/1.1" 200 464 "http://www.toastpoint.com/" "Mozilla/4.0 (compatible; MSIE 6.0; Windows NT 5.1)"
124.115.1.66 - - [02/Mar/2009:08:57:02 -0500] "GET /toastpointtopleft.html HTTP/1.1" 200 162 "http://www.toastpoint.com/toastpointtopleft.html" "Mozilla/4.0 (compatible; MSIE 6.0; Windows NT 5.1)"
124.115.1.66 - - [02/Mar/2009:08:57:03 -0500] "GET /toastpointtoc.html HTTP/1.1" 200 1188 "http://www.toastpoint.com/toastpointtoc.html" "Mozilla/4.0 (compatible; MSIE 6.0; Windows NT 5.1)"
124.115.1.66 - - [02/Mar/2009:08:57:03 -0500] "GET /news.html HTTP/1.1" 200 17706 "http://www.toastpoint.com/news.html" "Mozilla/4.0 (compatible; MSIE 6.0; Windows NT 5.1)"
124.115.1.66 - - [02/Mar/2009:08:57:05 -0500] "GET /toastpointtopright.html HTTP/1.1" 200 151 "http://www.toastpoint.com/toastpointtopright.html" "Mozilla/4.0 (compatible; MSIE 6.0; Windows NT 5.1)"
124.115.1.66 - - [02/Mar/2009:08:57:09 -0500] "GET /tpnews.html HTTP/1.1" 200 8305 "http://www.toastpoint.com/tpnews.html" "Mozilla/4.0 (compatible; MSIE 6.0; Windows NT 5.1)"
81.86.40.151 - - [02/Mar/2009:09:18:07 -0500] "GET /favicon.ico HTTP/1.1" 404 693 "-" "Mozilla/4.0 (compatible; MSIE 7.0; Windows NT 5.1; GTB5; .NET CLR 1.1.4322)"
81.86.40.151 - - [02/Mar/2009:09:18:08 -0500] "GET /gifs/boobies.gif HTTP/1.1" 200 11144 "http://www.toastpoint.com/limerick/naut199.html" "Mozilla/4.0 (compatible; MSIE 7.0; Windows NT 5.1; GTB5; .NET CLR 1.1.4322)"
81.86.40.151 - - [02/Mar/2009:09:18:08 -0500] "GET /gifs/nakedman.gif HTTP/1.1" 200 7734 "http://www.toastpoint.com/limerick/naut199.html" "Mozilla/4.0 (compatible; MSIE 7.0; Windows NT 5.1; GTB5; .NET CLR 1.1.4322)"
81.86.40.151 - - [02/Mar/2009:09:18:08 -0500] "GET /gifs/goldstar.jpg HTTP/1.1" 200 1854 "http://www.toastpoint.com/limerick/naut199.html" "Mozilla/4.0 (compatible; MSIE 7.0; Windows NT 5.1; GTB5; .NET CLR 1.1.4322)"
81.86.40.151 - - [02/Mar/2009:09:18:07 -0500] "GET /limerick/naut199.html HTTP/1.1" 200 34481 "-" "Mozilla/4.0 (compatible; MSIE 7.0; Windows NT 5.1; GTB5; .NET CLR 1.1.4322)"
81.86.40.151 - - [02/Mar/2009:09:18:09 -0500] "GET /favicon.ico HTTP/1.1" 404 693 "-" "Mozilla/5.0 (compatible; Google Desktop)"
66.249.65.231 - - [02/Mar/2009:09:30:28 -0500] "GET /robots.txt HTTP/1.1" 404 693 "-" "Mozilla/5.0 (compatible; Googlebot/2.1; +http://www.google.com/bot.html)"
66.249.65.240 - - [02/Mar/2009:09:30:28 -0500] "GET /limerick/nice299.html HTTP/1.1" 304 - "-" "Mozilla/5.0 (compatible; Googlebot/2.1; +http://www.google.com/bot.html)"
81.52.143.15 - - [02/Mar/2009:10:19:07 -0500] "GET /limerick/?S=D HTTP/1.1" 403 563 "-" "Mozilla/5.0 (Windows; U; Windows NT 5.1; fr; rv:1.8.1) VoilaBot BETA 1.2 (support.voilabot@orange-ftgroup.com)"
208.111.154.15 - - [02/Mar/2009:10:50:01 -0500] "GET /robots.txt HTTP/1.1" 404 693 "-" "Mozilla/5.0 (compatible; Charlotte/1.1; http://www.searchme.com/support/)"
208.111.154.15 - - [02/Mar/2009:10:50:01 -0500] "GET /fiction/fict199.html HTTP/1.1" 304 - "-" "Mozilla/5.0 (compatible; Charlotte/1.1; http://www.searchme.com/support/)"
81.52.143.15 - - [02/Mar/2009:11:51:42 -0500] "GET /limerick/nicefrm.html HTTP/1.1" 200 557 "-" "Mozilla/5.0 (Windows; U; Windows NT 5.1; fr; rv:1.8.1) VoilaBot BETA 1.2 (support.voilabot@orange-ftgroup.com)"
38.117.128.14 - - [02/Mar/2009:12:00:57 -0500] "GET /limerick/naut199.html HTTP/1.1" 200 34481 "http://www.google.com/search?hl=en&safe=off&pwst=1&q=carpentry+%22cunt+hair%22&start=20&sa=N" "Mozilla/4.0 (compatible; MSIE 6.0; Windows NT 5.1; SV1; .NET CLR 1.1.4322; .NET CLR 2.0.50727; InfoPath.1)"
38.117.128.14 - - [02/Mar/2009:12:00:57 -0500] "GET /gifs/goldstar.jpg HTTP/1.1" 200 1854 "http://www.toastpoint.com/limerick/naut199.html" "Mozilla/4.0 (compatible; MSIE 6.0; Windows NT 5.1; SV1; .NET CLR 1.1.4322; .NET CLR 2.0.50727; InfoPath.1)"
38.117.128.14 - - [02/Mar/2009:12:00:57 -0500] "GET /gifs/nakedman.gif HTTP/1.1" 200 7734 "http://www.toastpoint.com/limerick/naut199.html" "Mozilla/4.0 (compatible; MSIE 6.0; Windows NT 5.1; SV1; .NET CLR 1.1.4322; .NET CLR 2.0.50727; InfoPath.1)"
38.117.128.14 - - [02/Mar/2009:12:00:57 -0500] "GET /gifs/boobies.gif HTTP/1.1" 200 11144 "http://www.toastpoint.com/limerick/naut199.html" "Mozilla/4.0 (compatible; MSIE 6.0; Windows NT 5.1; SV1; .NET CLR 1.1.4322; .NET CLR 2.0.50727; InfoPath.1)"
193.252.149.16 - - [02/Mar/2009:12:35:18 -0500] "GET /limerick/limerick.html HTTP/1.1" 200 2613 "-" "Mozilla/5.0 (Windows; U; Windows NT 5.1; fr; rv:1.8.1) VoilaBot BETA 1.2 (support.voilabot@orange-ftgroup.com)"
81.52.143.15 - - [02/Mar/2009:13:20:34 -0500] "GET /limerick/?S=A HTTP/1.1" 403 563 "-" "Mozilla/5.0 (Windows; U; Windows NT 5.1; fr; rv:1.8.1) VoilaBot BETA 1.2 (support.voilabot@orange-ftgroup.com)"
24.110.45.237 - - [02/Mar/2009:13:34:47 -0500] "GET /favicon.ico HTTP/1.1" 404 693 "-" "Mozilla/4.0 (compatible; MSIE 7.0; Windows NT 5.1; FunWebProducts; GTB5; Mozilla/4.0 (compatible; MSIE 6.0; Windows NT 5.1; SV1) ; .NET CLR 1.1.4322; .NET CLR 2.0.50727)"
24.110.45.237 - - [02/Mar/2009:13:34:47 -0500] "GET /gifs/boobies.gif HTTP/1.1" 200 11144 "http://www.toastpoint.com/limerick/naut199.html" "Mozilla/4.0 (compatible; MSIE 7.0; Windows NT 5.1; FunWebProducts; GTB5; Mozilla/4.0 (compatible; MSIE 6.0; Windows NT 5.1; SV1) ; .NET CLR 1.1.4322; .NET CLR 2.0.50727)"
24.110.45.237 - - [02/Mar/2009:13:34:47 -0500] "GET /gifs/nakedman.gif HTTP/1.1" 200 7734 "http://www.toastpoint.com/limerick/naut199.html" "Mozilla/4.0 (compatible; MSIE 7.0; Windows NT 5.1; FunWebProducts; GTB5; Mozilla/4.0 (compatible; MSIE 6.0; Windows NT 5.1; SV1) ; .NET CLR 1.1.4322; .NET CLR 2.0.50727)"
24.110.45.237 - - [02/Mar/2009:13:34:47 -0500] "GET /gifs/goldstar.jpg HTTP/1.1" 200 1854 "http://www.toastpoint.com/limerick/naut199.html" "Mozilla/4.0 (compatible; MSIE 7.0; Windows NT 5.1; FunWebProducts; GTB5; Mozilla/4.0 (compatible; MSIE 6.0; Windows NT 5.1; SV1) ; .NET CLR 1.1.4322; .NET CLR 2.0.50727)"
24.110.45.237 - - [02/Mar/2009:13:34:47 -0500] "GET /limerick/naut199.html HTTP/1.1" 200 34481 "-" "Mozilla/4.0 (compatible; MSIE 7.0; Windows NT 5.1; FunWebProducts; GTB5; Mozilla/4.0 (compatible; MSIE 6.0; Windows NT 5.1; SV1) ; .NET CLR 1.1.4322; .NET CLR 2.0.50727)"
81.52.143.16 - - [02/Mar/2009:14:03:23 -0500] "GET /haiku/?S=A HTTP/1.1" 403 563 "-" "Mozilla/5.0 (Windows; U; Windows NT 5.1; fr; rv:1.8.1) VoilaBot BETA 1.2 (support.voilabot@orange-ftgroup.com)"
193.252.149.16 - - [02/Mar/2009:14:09:12 -0500] "GET /limerick/naut399.html HTTP/1.1" 200 38217 "-" "Mozilla/5.0 (Windows; U; Windows NT 5.1; fr; rv:1.8.1) VoilaBot BETA 1.2 (support.voilabot@orange-ftgroup.com)"
156.74.250.7 - - [02/Mar/2009:14:33:31 -0500] "GET /bio.html HTTP/1.1" 200 7868 "http://www.google.com/search?hl=en&q=eric+peterson+san+francisco&start=20&sa=N" "Mozilla/4.0 (compatible; MSIE 6.0; Windows NT 5.1; SV1; .NET CLR 1.1.4322; InfoPath.1; .NET CLR 2.0.50727; .NET CLR 3.0.04506.30; .NET CLR 3.0.4506.2152; .NET CLR 3.5.30729)"
156.74.250.7 - - [02/Mar/2009:14:33:31 -0500] "GET /gifs/eric.jpg HTTP/1.1" 200 19411 "http://www.toastpoint.com/bio.html" "Mozilla/4.0 (compatible; MSIE 6.0; Windows NT 5.1; SV1; .NET CLR 1.1.4322; InfoPath.1; .NET CLR 2.0.50727; .NET CLR 3.0.04506.30; .NET CLR 3.0.4506.2152; .NET CLR 3.5.30729)"
156.74.250.7 - - [02/Mar/2009:14:33:31 -0500] "GET /gifs/samp.jpg HTTP/1.1" 200 2907 "http://www.toastpoint.com/bio.html" "Mozilla/4.0 (compatible; MSIE 6.0; Windows NT 5.1; SV1; .NET CLR 1.1.4322; InfoPath.1; .NET CLR 2.0.50727; .NET CLR 3.0.04506.30; .NET CLR 3.0.4506.2152; .NET CLR 3.5.30729)"
156.74.250.7 - - [02/Mar/2009:14:33:31 -0500] "GET /gifs/mom&dad.jpg HTTP/1.1" 200 6709 "http://www.toastpoint.com/bio.html" "Mozilla/4.0 (compatible; MSIE 6.0; Windows NT 5.1; SV1; .NET CLR 1.1.4322; InfoPath.1; .NET CLR 2.0.50727; .NET CLR 3.0.04506.30; .NET CLR 3.0.4506.2152; .NET CLR 3.5.30729)"
156.74.250.7 - - [02/Mar/2009:14:33:31 -0500] "GET /gifs/leopold.jpg HTTP/1.1" 200 38609 "http://www.toastpoint.com/bio.html" "Mozilla/4.0 (compatible; MSIE 6.0; Windows NT 5.1; SV1; .NET CLR 1.1.4322; InfoPath.1; .NET CLR 2.0.50727; .NET CLR 3.0.04506.30; .NET CLR 3.0.4506.2152; .NET CLR 3.5.30729)"
64.1.215.164 - - [02/Mar/2009:14:35:08 -0500] "GET /robots.txt HTTP/1.0" 404 693 "-" "Mozilla/5.0 (Twiceler-0.9 http://www.cuil.com/twiceler/robot.html)"
217.169.46.98 - - [02/Mar/2009:14:35:34 -0500] "GET /fiction/fict9596/fict796.html HTTP/1.1" 200 6420 "-" "Mozilla/4.0"
81.52.143.16 - - [02/Mar/2009:14:36:19 -0500] "GET /limerick/1996/nice596.html HTTP/1.1" 200 13725 "-" "Mozilla/5.0 (Windows; U; Windows NT 5.1; fr; rv:1.8.1) VoilaBot BETA 1.2 (support.voilabot@orange-ftgroup.com)"
205.155.216.6 - - [02/Mar/2009:14:46:48 -0500] "GET /limerick/1997/nice197.html HTTP/1.1" 200 17698 "http://www.google.com/search?hl=en&q=limerick+%22There+was+a+new+teacher%22&aq=f&oq=&safe=active" "Mozilla/4.0 (compatible; MSIE 7.0; Windows NT 5.1)"
205.155.216.6 - - [02/Mar/2009:14:46:49 -0500] "GET /gifs/happy.jpg HTTP/1.1" 200 3135 "http://www.toastpoint.com/limerick/1997/nice197.html" "Mozilla/4.0 (compatible; MSIE 7.0; Windows NT 5.1)"
205.155.216.6 - - [02/Mar/2009:14:46:49 -0500] "GET /gifs/goldstar.jpg HTTP/1.1" 200 1854 "http://www.toastpoint.com/limerick/1997/nice197.html" "Mozilla/4.0 (compatible; MSIE 7.0; Windows NT 5.1)"
205.155.216.6 - - [02/Mar/2009:14:46:49 -0500] "GET /favicon.ico HTTP/1.1" 404 693 "-" "Mozilla/4.0 (compatible; MSIE 7.0; Windows NT 5.1)"
173.16.34.48 - - [02/Mar/2009:14:59:16 -0500] "GET http://www.toastpoint.com/ HTTP/1.0" 200 464 "-" "Mozilla/4.0 (compatible; MSIE 7.0b; Windows NT 6.0)"
209.105.204.165 - - [02/Mar/2009:15:00:04 -0500] "GET /favicon.ico HTTP/1.1" 404 693 "-" "Mozilla/5.0 (Windows; U; Windows NT 6.0; en-GB; rv:1.9.0.6) Gecko/2009011913 Firefox/3.0.6"
209.105.204.165 - - [02/Mar/2009:15:00:04 -0500] "GET /fiction/fict9596/fict1095.html HTTP/1.1" 200 11219 "-" "Mozilla/5.0 (Windows; U; Windows NT 6.0; en-GB; rv:1.9.0.6) Gecko/2009011913 Firefox/3.0.6"
209.105.204.165 - - [02/Mar/2009:15:00:05 -0500] "GET /gifs/goldstar.jpg HTTP/1.1" 200 1854 "http://www.toastpoint.com/fiction/fict9596/fict1095.html" "Mozilla/5.0 (Windows; U; Windows NT 6.0; en-GB; rv:1.9.0.6) Gecko/2009011913 Firefox/3.0.6"
209.105.204.165 - - [02/Mar/2009:15:00:05 -0500] "GET /favicon.ico HTTP/1.1" 404 693 "-" "Mozilla/5.0 (Windows; U; Windows NT 6.0; en-GB; rv:1.9.0.6) Gecko/2009011913 Firefox/3.0.6"
209.105.204.165 - - [02/Mar/2009:15:00:07 -0500] "GET /favicon.ico HTTP/1.1" 404 693 "-" "Mozilla/5.0 (Windows; U; Windows NT 6.0; en-GB; rv:1.9.0.6) Gecko/2009011913 Firefox/3.0.6"
209.105.204.165 - - [02/Mar/2009:15:00:08 -0500] "GET /favicon.ico HTTP/1.1" 404 693 "-" "Mozilla/5.0 (Windows; U; Windows NT 6.0; en-GB; rv:1.9.0.6) Gecko/2009011913 Firefox/3.0.6"
66.249.65.233 - - [02/Mar/2009:15:05:11 -0500] "GET /limerick/gifs/goldstar.jpg HTTP/1.1" 404 693 "-" "Googlebot-Image/1.0"
193.252.149.16 - - [02/Mar/2009:15:26:49 -0500] "GET /limerick/1996/nice896.html HTTP/1.1" 200 9880 "-" "Mozilla/5.0 (Windows; U; Windows NT 5.1; fr; rv:1.8.1) VoilaBot BETA 1.2 (support.voilabot@orange-ftgroup.com)"
195.210.57.83 - - [02/Mar/2009:15:30:49 -0500] "GET /robots.txt HTTP/1.0" 404 693 "-" "kalooga/KaloogaBot (Kalooga; http://www.kalooga.com/info.html?page=crawler)"
195.210.57.83 - - [02/Mar/2009:15:30:50 -0500] "GET /limerick/1996/nice896.html HTTP/1.0" 200 9880 "-" "kalooga/KaloogaBot (Kalooga; http://www.kalooga.com/info.html?page=crawler)"
208.111.154.15 - - [02/Mar/2009:15:41:25 -0500] "GET /robots.txt HTTP/1.1" 404 693 "-" "Mozilla/5.0 (compatible; Charlotte/1.1; http://www.searchme.com/support/)"
66.235.124.8 - - [02/Mar/2009:15:59:38 -0500] "GET /robots.txt HTTP/1.1" 404 693 "-" "Mozilla/5.0 (compatible; Ask Jeeves/Teoma; +http://about.ask.com/en/docs/about/webmasters.shtml)"
66.235.124.8 - - [02/Mar/2009:15:59:43 -0500] "GET /fiction/novels/parkey.html HTTP/1.1" 200 25723 "-" "Mozilla/5.0 (compatible; Ask Jeeves/Teoma; +http://about.ask.com/en/docs/about/webmasters.shtml)"
212.113.48.20 - - [02/Mar/2009:16:09:30 -0500] "GET /haiku/haiku599.html HTTP/1.0" 200 33918 "http://www.toastpoint.com/haiku/haiku599.html" "Mozilla/4.0 (compatible; MSIE 5.0; Windows 2000) Opera 6.0 [en]"
124.176.98.49 - - [02/Mar/2009:16:17:13 -0500] "GET /favicon.ico HTTP/1.1" 404 693 "-" "Mozilla/4.0 (compatible; MSIE 7.0; Windows NT 5.1; GTB5; .NET CLR 1.1.4322; .NET CLR 2.0.50727)"
124.176.98.49 - - [02/Mar/2009:16:17:14 -0500] "GET /gifs/boobies.gif HTTP/1.1" 200 11144 "http://www.toastpoint.com/limerick/naut199.html" "Mozilla/4.0 (compatible; MSIE 7.0; Windows NT 5.1; GTB5; .NET CLR 1.1.4322; .NET CLR 2.0.50727)"
124.176.98.49 - - [02/Mar/2009:16:17:14 -0500] "GET /gifs/nakedman.gif HTTP/1.1" 200 7734 "http://www.toastpoint.com/limerick/naut199.html" "Mozilla/4.0 (compatible; MSIE 7.0; Windows NT 5.1; GTB5; .NET CLR 1.1.4322; .NET CLR 2.0.50727)"
124.176.98.49 - - [02/Mar/2009:16:17:14 -0500] "GET /gifs/goldstar.jpg HTTP/1.1" 200 1854 "http://www.toastpoint.com/limerick/naut199.html" "Mozilla/4.0 (compatible; MSIE 7.0; Windows NT 5.1; GTB5; .NET CLR 1.1.4322; .NET CLR 2.0.50727)"
124.176.98.49 - - [02/Mar/2009:16:17:13 -0500] "GET /limerick/naut199.html HTTP/1.1" 200 34481 "-" "Mozilla/4.0 (compatible; MSIE 7.0; Windows NT 5.1; GTB5; .NET CLR 1.1.4322; .NET CLR 2.0.50727)"
205.155.216.6 - - [02/Mar/2009:16:30:15 -0500] "GET /limerick/1997/nice197.html HTTP/1.1" 304 - "http://www.google.com/search?hl=en&safe=active&q=limerick+%22There+was+a+new+teacher%22" "Mozilla/4.0 (compatible; MSIE 7.0; Windows NT 5.1)"
205.155.216.6 - - [02/Mar/2009:16:30:15 -0500] "GET /gifs/happy.jpg HTTP/1.1" 304 - "http://www.toastpoint.com/limerick/1997/nice197.html" "Mozilla/4.0 (compatible; MSIE 7.0; Windows NT 5.1)"
205.155.216.6 - - [02/Mar/2009:16:30:15 -0500] "GET /gifs/goldstar.jpg HTTP/1.1" 304 - "http://www.toastpoint.com/limerick/1997/nice197.html" "Mozilla/4.0 (compatible; MSIE 7.0; Windows NT 5.1)"
128.206.54.9 - - [02/Mar/2009:16:31:15 -0500] "GET /limerick/nice299.html HTTP/1.1" 200 28130 "-" "Mozilla/4.0 (compatible; MSIE 6.0; Windows NT 5.1; SV1; GTB5; .NET CLR 1.1.4322; .NET CLR 2.0.50727; InfoPath.1; .NET CLR 3.0.04506.30; .NET CLR 3.0.04506.648; .NET CLR 3.0.4506.2152; .NET CLR 3.5.30729)"
128.206.54.9 - - [02/Mar/2009:16:31:15 -0500] "GET /gifs/birdumb2.gif HTTP/1.1" 200 4698 "http://www.toastpoint.com/limerick/nice299.html" "Mozilla/4.0 (compatible; MSIE 6.0; Windows NT 5.1; SV1; GTB5; .NET CLR 1.1.4322; .NET CLR 2.0.50727; InfoPath.1; .NET CLR 3.0.04506.30; .NET CLR 3.0.04506.648; .NET CLR 3.0.4506.2152; .NET CLR 3.5.30729)"
128.206.54.9 - - [02/Mar/2009:16:31:15 -0500] "GET /gifs/birdumb.gif HTTP/1.1" 200 4704 "http://www.toastpoint.com/limerick/nice299.html" "Mozilla/4.0 (compatible; MSIE 6.0; Windows NT 5.1; SV1; GTB5; .NET CLR 1.1.4322; .NET CLR 2.0.50727; InfoPath.1; .NET CLR 3.0.04506.30; .NET CLR 3.0.04506.648; .NET CLR 3.0.4506.2152; .NET CLR 3.5.30729)"
128.206.54.9 - - [02/Mar/2009:16:31:15 -0500] "GET /gifs/goldstar.jpg HTTP/1.1" 200 1854 "http://www.toastpoint.com/limerick/nice299.html" "Mozilla/4.0 (compatible; MSIE 6.0; Windows NT 5.1; SV1; GTB5; .NET CLR 1.1.4322; .NET CLR 2.0.50727; InfoPath.1; .NET CLR 3.0.04506.30; .NET CLR 3.0.04506.648; .NET CLR 3.0.4506.2152; .NET CLR 3.5.30729)"
193.252.149.16 - - [02/Mar/2009:16:37:25 -0500] "GET /limerick/?N=A HTTP/1.1" 403 563 "-" "Mozilla/5.0 (Windows; U; Windows NT 5.1; fr; rv:1.8.1) VoilaBot BETA 1.2 (support.voilabot@orange-ftgroup.com)"
205.155.216.6 - - [02/Mar/2009:16:40:54 -0500] "GET /limerick/1997/nice297.html HTTP/1.1" 200 16613 "http://www.toastpoint.com/limerick/1997/nice197.html" "Mozilla/4.0 (compatible; MSIE 7.0; Windows NT 5.1)"
66.249.65.227 - - [02/Mar/2009:16:46:27 -0500] "GET /haiku/1998/haiku298.html HTTP/1.1" 200 35588 "-" "Mozilla/5.0 (compatible; Googlebot/2.1; +http://www.google.com/bot.html)"
208.111.154.15 - - [02/Mar/2009:16:51:00 -0500] "GET /robots.txt HTTP/1.1" 404 693 "-" "Mozilla/5.0 (compatible; Charlotte/1.1; http://www.searchme.com/support/)"
66.235.124.8 - - [02/Mar/2009:16:53:15 -0500] "GET /limerick/1997/naut497.html HTTP/1.1" 200 43346 "-" "Mozilla/5.0 (compatible; Ask Jeeves/Teoma; +http://about.ask.com/en/docs/about/webmasters.shtml)"
193.252.149.16 - - [02/Mar/2009:17:23:08 -0500] "GET /robots.txt HTTP/1.1" 404 693 "-" "Mozilla/5.0 (Windows; U; Windows NT 5.1; fr; rv:1.8.1) VoilaBot BETA 1.2 (support.voilabot@orange-ftgroup.com)"
193.252.149.16 - - [02/Mar/2009:17:23:10 -0500] "GET /haiku/haiku399.html HTTP/1.1" 200 75208 "-" "Mozilla/5.0 (Windows; U; Windows NT 5.1; fr; rv:1.8.1) VoilaBot BETA 1.2 (support.voilabot@orange-ftgroup.com)"
76.212.91.238 - - [02/Mar/2009:17:29:22 -0500] "GET /favicon.ico HTTP/1.1" 404 693 "-" "Mozilla/4.0 (compatible; MSIE 7.0; Windows NT 5.1; .NET CLR 1.1.4322; .NET CLR 2.0.50727; .NET CLR 3.0.04506.30; .NET CLR 3.0.04506.648; .NET CLR 3.0.4506.2152; .NET CLR 3.5.30729)"
76.212.91.238 - - [02/Mar/2009:17:29:22 -0500] "GET /limerick/brady/brady98.html HTTP/1.1" 200 8297 "-" "Mozilla/4.0 (compatible; MSIE 7.0; Windows NT 5.1; .NET CLR 1.1.4322; .NET CLR 2.0.50727; .NET CLR 3.0.04506.30; .NET CLR 3.0.04506.648; .NET CLR 3.0.4506.2152; .NET CLR 3.5.30729)"
76.212.91.238 - - [02/Mar/2009:17:29:23 -0500] "GET /gifs/goldstar.jpg HTTP/1.1" 200 1854 "http://www.toastpoint.com/limerick/brady/brady98.html" "Mozilla/4.0 (compatible; MSIE 7.0; Windows NT 5.1; .NET CLR 1.1.4322; .NET CLR 2.0.50727; .NET CLR 3.0.04506.30; .NET CLR 3.0.04506.648; .NET CLR 3.0.4506.2152; .NET CLR 3.5.30729)"
76.212.91.238 - - [02/Mar/2009:17:29:23 -0500] "GET /limerick/brady/thebunch.gif HTTP/1.1" 200 41886 "http://www.toastpoint.com/limerick/brady/brady98.html" "Mozilla/4.0 (compatible; MSIE 7.0; Windows NT 5.1; .NET CLR 1.1.4322; .NET CLR 2.0.50727; .NET CLR 3.0.04506.30; .NET CLR 3.0.04506.648; .NET CLR 3.0.4506.2152; .NET CLR 3.5.30729)"
65.55.209.247 - - [02/Mar/2009:17:47:31 -0500] "GET /robots.txt HTTP/1.1" 404 693 "-" "msnbot/1.1 (+http://search.msn.com/msnbot.htm)"
65.55.209.247 - - [02/Mar/2009:17:47:31 -0500] "GET /bio.html HTTP/1.1" 200 7868 "-" "msnbot/1.1 (+http://search.msn.com/msnbot.htm)"
193.252.149.16 - - [02/Mar/2009:17:48:39 -0500] "GET /limerick/?M=A HTTP/1.1" 403 563 "-" "Mozilla/5.0 (Windows; U; Windows NT 5.1; fr; rv:1.8.1) VoilaBot BETA 1.2 (support.voilabot@orange-ftgroup.com)"
173.23.109.187 - - [02/Mar/2009:18:17:49 -0500] "GET /haiku/haiku199.html HTTP/1.1" 200 34287 "http://www.google.com/search?hl=en&q=raindrops+falling+on+the+window+pane+sweet+delight" "Mozilla/4.0 (compatible; MSIE 8.0; Windows NT 6.1; Trident/4.0; SLCC2; .NET CLR 2.0.50727; .NET CLR 3.5.30729; .NET CLR 3.0.30729; Media Center PC 6.0; Tablet PC 2.0)"
173.23.109.187 - - [02/Mar/2009:18:17:49 -0500] "GET /gifs/japan.gif HTTP/1.1" 200 5737 "-" "Mozilla/4.0 (compatible; MSIE 7.0; Windows NT 6.1; Trident/4.0; SLCC2; .NET CLR 2.0.50727; .NET CLR 3.5.30729; .NET CLR 3.0.30729; Media Center PC 6.0; Tablet PC 2.0)"
81.52.143.26 - - [02/Mar/2009:18:21:51 -0500] "GET /prideforallages.html HTTP/1.1" 200 988 "-" "Mozilla/5.0 (Windows; U; Windows NT 5.1; fr; rv:1.8.1) VoilaBot BETA 1.2 (support.voilabot@orange-ftgroup.com)"
97.92.181.101 - - [02/Mar/2009:18:25:31 -0500] "GET /favicon.ico HTTP/1.1" 404 693 "-" "Mozilla/5.0 (Windows; U; Windows NT 5.1; en-US; rv:1.9.0.6) Gecko/2009011913 Firefox/3.0.6"
97.92.181.101 - - [02/Mar/2009:18:25:31 -0500] "GET / HTTP/1.1" 200 464 "-" "Mozilla/5.0 (Windows; U; Windows NT 5.1; en-US; rv:1.9.0.6) Gecko/2009011913 Firefox/3.0.6"
97.92.181.101 - - [02/Mar/2009:18:25:31 -0500] "GET /toastpointtopleft.html HTTP/1.1" 200 162 "http://www.toastpoint.com/" "Mozilla/5.0 (Windows; U; Windows NT 5.1; en-US; rv:1.9.0.6) Gecko/2009011913 Firefox/3.0.6"
97.92.181.101 - - [02/Mar/2009:18:25:31 -0500] "GET /toastpointtoc.html HTTP/1.1" 200 1188 "http://www.toastpoint.com/" "Mozilla/5.0 (Windows; U; Windows NT 5.1; en-US; rv:1.9.0.6) Gecko/2009011913 Firefox/3.0.6"
97.92.181.101 - - [02/Mar/2009:18:25:31 -0500] "GET /news.html HTTP/1.1" 200 17706 "http://www.toastpoint.com/" "Mozilla/5.0 (Windows; U; Windows NT 5.1; en-US; rv:1.9.0.6) Gecko/2009011913 Firefox/3.0.6"
97.92.181.101 - - [02/Mar/2009:18:25:31 -0500] "GET /toastpointtopright.html HTTP/1.1" 200 151 "http://www.toastpoint.com/" "Mozilla/5.0 (Windows; U; Windows NT 5.1; en-US; rv:1.9.0.6) Gecko/2009011913 Firefox/3.0.6"
97.92.181.101 - - [02/Mar/2009:18:25:32 -0500] "GET /gifs/tpwinter20089.jpg HTTP/1.1" 200 28088 "http://www.toastpoint.com/news.html" "Mozilla/5.0 (Windows; U; Windows NT 5.1; en-US; rv:1.9.0.6) Gecko/2009011913 Firefox/3.0.6"
97.92.181.101 - - [02/Mar/2009:18:25:31 -0500] "GET /tpnews.html HTTP/1.1" 200 8305 "http://www.toastpoint.com/" "Mozilla/5.0 (Windows; U; Windows NT 5.1; en-US; rv:1.9.0.6) Gecko/2009011913 Firefox/3.0.6"
97.92.181.101 - - [02/Mar/2009:18:25:34 -0500] "GET /favicon.ico HTTP/1.1" 404 693 "-" "Mozilla/5.0 (Windows; U; Windows NT 5.1; en-US; rv:1.9.0.6) Gecko/2009011913 Firefox/3.0.6"
97.92.181.101 - - [02/Mar/2009:18:25:34 -0500] "GET /favicon.ico HTTP/1.1" 404 693 "-" "Mozilla/5.0 (Windows; U; Windows NT 5.1; en-US; rv:1.9.0.6) Gecko/2009011913 Firefox/3.0.6"
124.115.10.193 - - [02/Mar/2009:18:36:18 -0500] "GET / HTTP/1.1" 200 464 "http://www.toastpoint.com/" "Mozilla/4.0 (compatible; MSIE 6.0; Windows NT 5.1)"
124.115.10.193 - - [02/Mar/2009:18:36:32 -0500] "GET /toastpointtopleft.html HTTP/1.1" 200 162 "http://www.toastpoint.com/toastpointtopleft.html" "Mozilla/4.0 (compatible; MSIE 6.0; Windows NT 5.1)"
124.115.10.193 - - [02/Mar/2009:18:36:35 -0500] "GET /toastpointtoc.html HTTP/1.1" 200 1188 "http://www.toastpoint.com/toastpointtoc.html" "Mozilla/4.0 (compatible; MSIE 6.0; Windows NT 5.1)"
124.115.10.193 - - [02/Mar/2009:18:36:38 -0500] "GET /news.html HTTP/1.1" 200 17706 "http://www.toastpoint.com/news.html" "Mozilla/4.0 (compatible; MSIE 6.0; Windows NT 5.1)"
124.115.10.193 - - [02/Mar/2009:18:36:41 -0500] "GET /toastpointtopright.html HTTP/1.1" 200 151 "http://www.toastpoint.com/toastpointtopright.html" "Mozilla/4.0 (compatible; MSIE 6.0; Windows NT 5.1)"
124.115.10.193 - - [02/Mar/2009:18:36:44 -0500] "GET /tpnews.html HTTP/1.1" 200 8305 "http://www.toastpoint.com/tpnews.html" "Mozilla/4.0 (compatible; MSIE 6.0; Windows NT 5.1)"
38.108.180.46 - - [02/Mar/2009:18:48:30 -0500] "GET /robots.txt HTTP/1.1" 404 693 "-" "Mozilla/5.0 (compatible; ScoutJet; +http://www.scoutjet.com/)"
38.108.180.46 - - [02/Mar/2009:18:48:31 -0500] "GET /whytoastpoint.html HTTP/1.1" 200 605 "-" "Mozilla/5.0 (compatible; ScoutJet; +http://www.scoutjet.com/)"
74.52.245.146 - - [02/Mar/2009:19:15:38 -0500] "GET / HTTP/1.0" 200 919088 "-" "Mozilla/5.0 (X11; U; Linux i686; en-US; rv:1.7.5) Gecko/20041107 Firefox/1.0"
195.210.57.83 - - [02/Mar/2009:19:33:55 -0500] "GET /robots.txt HTTP/1.0" 404 693 "-" "kalooga/KaloogaBot (Kalooga; http://www.kalooga.com/info.html?page=crawler)"
195.210.57.83 - - [02/Mar/2009:19:33:56 -0500] "GET /limerick/1996/nice896.html HTTP/1.0" 200 9880 "-" "kalooga/KaloogaBot (Kalooga; http://www.kalooga.com/info.html?page=crawler)"
98.240.48.168 - - [02/Mar/2009:19:46:05 -0500] "GET /favicon.ico HTTP/1.1" 404 693 "-" "Mozilla/5.0 (Macintosh; U; PPC Mac OS X 10.4; en-US; rv:1.9.0.6) Gecko/2009011912 Firefox/3.0.6"
98.240.48.168 - - [02/Mar/2009:19:46:05 -0500] "GET /limerick/nice299.html HTTP/1.1" 200 28130 "-" "Mozilla/5.0 (Macintosh; U; PPC Mac OS X 10.4; en-US; rv:1.9.0.6) Gecko/2009011912 Firefox/3.0.6"
98.240.48.168 - - [02/Mar/2009:19:46:05 -0500] "GET /gifs/birdumb2.gif HTTP/1.1" 200 4698 "http://www.toastpoint.com/limerick/nice299.html" "Mozilla/5.0 (Macintosh; U; PPC Mac OS X 10.4; en-US; rv:1.9.0.6) Gecko/2009011912 Firefox/3.0.6"
98.240.48.168 - - [02/Mar/2009:19:46:05 -0500] "GET /gifs/goldstar.jpg HTTP/1.1" 200 1854 "http://www.toastpoint.com/limerick/nice299.html" "Mozilla/5.0 (Macintosh; U; PPC Mac OS X 10.4; en-US; rv:1.9.0.6) Gecko/2009011912 Firefox/3.0.6"
98.240.48.168 - - [02/Mar/2009:19:46:05 -0500] "GET /gifs/birdumb.gif HTTP/1.1" 200 4704 "http://www.toastpoint.com/limerick/nice299.html" "Mozilla/5.0 (Macintosh; U; PPC Mac OS X 10.4; en-US; rv:1.9.0.6) Gecko/2009011912 Firefox/3.0.6"
98.240.48.168 - - [02/Mar/2009:19:46:08 -0500] "GET /favicon.ico HTTP/1.1" 404 693 "-" "Mozilla/5.0 (Macintosh; U; PPC Mac OS X 10.4; en-US; rv:1.9.0.6) Gecko/2009011912 Firefox/3.0.6"
98.240.48.168 - - [02/Mar/2009:19:46:08 -0500] "GET /favicon.ico HTTP/1.1" 404 693 "-" "Mozilla/5.0 (Macintosh; U; PPC Mac OS X 10.4; en-US; rv:1.9.0.6) Gecko/2009011912 Firefox/3.0.6"
98.240.48.168 - - [02/Mar/2009:20:02:51 -0500] "GET /favicon.ico HTTP/1.1" 404 693 "-" "Mozilla/5.0 (Macintosh; U; PPC Mac OS X 10.4; en-US; rv:1.9.0.6) Gecko/2009011912 Firefox/3.0.6"
75.34.45.69 - - [02/Mar/2009:20:05:38 -0500] "GET /favicon.ico HTTP/1.1" 404 693 "-" "Mozilla/5.0 (Windows; U; Windows NT 6.0; en-US; rv:1.9.0.6) Gecko/2009011913 Firefox/3.0.6"
75.34.45.69 - - [02/Mar/2009:20:05:39 -0500] "GET /gifs/boobies.gif HTTP/1.1" 200 11144 "http://www.toastpoint.com/limerick/naut199.html" "Mozilla/5.0 (Windows; U; Windows NT 6.0; en-US; rv:1.9.0.6) Gecko/2009011913 Firefox/3.0.6"
75.34.45.69 - - [02/Mar/2009:20:05:38 -0500] "GET /limerick/naut199.html HTTP/1.1" 200 34481 "-" "Mozilla/5.0 (Windows; U; Windows NT 6.0; en-US; rv:1.9.0.6) Gecko/2009011913 Firefox/3.0.6"
75.34.45.69 - - [02/Mar/2009:20:05:39 -0500] "GET /gifs/goldstar.jpg HTTP/1.1" 200 1854 "http://www.toastpoint.com/limerick/naut199.html" "Mozilla/5.0 (Windows; U; Windows NT 6.0; en-US; rv:1.9.0.6) Gecko/2009011913 Firefox/3.0.6"
75.34.45.69 - - [02/Mar/2009:20:05:39 -0500] "GET /gifs/nakedman.gif HTTP/1.1" 200 7734 "http://www.toastpoint.com/limerick/naut199.html" "Mozilla/5.0 (Windows; U; Windows NT 6.0; en-US; rv:1.9.0.6) Gecko/2009011913 Firefox/3.0.6"
81.52.143.15 - - [02/Mar/2009:20:07:14 -0500] "GET / HTTP/1.1" 200 464 "-" "Mozilla/5.0 (Windows; U; Windows NT 5.1; fr; rv:1.8.1) VoilaBot BETA 1.2 (support.voilabot@orange-ftgroup.com)"
81.52.143.15 - - [02/Mar/2009:20:07:28 -0500] "GET /tpnews.html HTTP/1.1" 200 8305 "-" "Mozilla/5.0 (Windows; U; Windows NT 5.1; fr; rv:1.8.1) VoilaBot BETA 1.2 (support.voilabot@orange-ftgroup.com)"
81.52.143.15 - - [02/Mar/2009:20:07:28 -0500] "GET /toastpointtopleft.html HTTP/1.1" 200 162 "-" "Mozilla/5.0 (Windows; U; Windows NT 5.1; fr; rv:1.8.1) VoilaBot BETA 1.2 (support.voilabot@orange-ftgroup.com)"
81.52.143.15 - - [02/Mar/2009:20:07:28 -0500] "GET /toastpointtopright.html HTTP/1.1" 200 151 "-" "Mozilla/5.0 (Windows; U; Windows NT 5.1; fr; rv:1.8.1) VoilaBot BETA 1.2 (support.voilabot@orange-ftgroup.com)"
81.52.143.15 - - [02/Mar/2009:20:07:28 -0500] "GET /toastpointtoc.html HTTP/1.1" 200 1188 "-" "Mozilla/5.0 (Windows; U; Windows NT 5.1; fr; rv:1.8.1) VoilaBot BETA 1.2 (support.voilabot@orange-ftgroup.com)"
81.52.143.15 - - [02/Mar/2009:20:07:28 -0500] "GET /news.html HTTP/1.1" 200 17706 "-" "Mozilla/5.0 (Windows; U; Windows NT 5.1; fr; rv:1.8.1) VoilaBot BETA 1.2 (support.voilabot@orange-ftgroup.com)"
201.52.117.11 - - [02/Mar/2009:20:18:28 -0500] "GET /limerick/nice199.html HTTP/1.1" 200 25313 "http://search.live.com/images/results.aspx?q=gifs+porno&form=IGRE3&p1=OneRow&FORM=IGRE5" "Mozilla/4.0 (compatible; MSIE 7.0; Windows NT 5.1)"
201.52.117.11 - - [02/Mar/2009:20:18:30 -0500] "GET /gifs/birdumb2.gif HTTP/1.1" 200 4698 "http://006a13a.netsolhost.com/limerick/nice199.html" "Mozilla/4.0 (compatible; MSIE 7.0; Windows NT 5.1)"
201.52.117.11 - - [02/Mar/2009:20:18:30 -0500] "GET /gifs/goldstar.jpg HTTP/1.1" 200 1854 "http://006a13a.netsolhost.com/limerick/nice199.html" "Mozilla/4.0 (compatible; MSIE 7.0; Windows NT 5.1)"
201.52.117.11 - - [02/Mar/2009:20:18:30 -0500] "GET /gifs/birdumb.gif HTTP/1.1" 200 4704 "http://006a13a.netsolhost.com/limerick/nice199.html" "Mozilla/4.0 (compatible; MSIE 7.0; Windows NT 5.1)"
201.52.117.11 - - [02/Mar/2009:20:18:31 -0500] "GET /favicon.ico HTTP/1.1" 404 693 "-" "Mozilla/4.0 (compatible; MSIE 7.0; Windows NT 5.1)"
76.121.142.51 - - [02/Mar/2009:20:32:32 -0500] "GET /favicon.ico HTTP/1.1" 404 693 "-" "Mozilla/4.0 (compatible; MSIE 7.0; Windows NT 5.1; GTB5; .NET CLR 1.1.4322; .NET CLR 2.0.50727; .NET CLR 3.0.04506.30; .NET CLR 3.0.4506.2152; .NET CLR 3.5.30729)"
76.121.142.51 - - [02/Mar/2009:20:32:32 -0500] "GET / HTTP/1.1" 200 464 "-" "Mozilla/4.0 (compatible; MSIE 7.0; Windows NT 5.1; GTB5; .NET CLR 1.1.4322; .NET CLR 2.0.50727; .NET CLR 3.0.04506.30; .NET CLR 3.0.4506.2152; .NET CLR 3.5.30729)"
76.121.142.51 - - [02/Mar/2009:20:32:33 -0500] "GET /toastpointtopleft.html HTTP/1.1" 200 162 "http://www.toastpoint.com/" "Mozilla/4.0 (compatible; MSIE 7.0; Windows NT 5.1; GTB5; .NET CLR 1.1.4322; .NET CLR 2.0.50727; .NET CLR 3.0.04506.30; .NET CLR 3.0.4506.2152; .NET CLR 3.5.30729)"
76.121.142.51 - - [02/Mar/2009:20:32:33 -0500] "GET /tpnews.html HTTP/1.1" 200 8305 "http://www.toastpoint.com/" "Mozilla/4.0 (compatible; MSIE 7.0; Windows NT 5.1; GTB5; .NET CLR 1.1.4322; .NET CLR 2.0.50727; .NET CLR 3.0.04506.30; .NET CLR 3.0.4506.2152; .NET CLR 3.5.30729)"
76.121.142.51 - - [02/Mar/2009:20:32:33 -0500] "GET /toastpointtoc.html HTTP/1.1" 200 1188 "http://www.toastpoint.com/" "Mozilla/4.0 (compatible; MSIE 7.0; Windows NT 5.1; GTB5; .NET CLR 1.1.4322; .NET CLR 2.0.50727; .NET CLR 3.0.04506.30; .NET CLR 3.0.4506.2152; .NET CLR 3.5.30729)"
76.121.142.51 - - [02/Mar/2009:20:32:33 -0500] "GET /news.html HTTP/1.1" 200 17706 "http://www.toastpoint.com/" "Mozilla/4.0 (compatible; MSIE 7.0; Windows NT 5.1; GTB5; .NET CLR 1.1.4322; .NET CLR 2.0.50727; .NET CLR 3.0.04506.30; .NET CLR 3.0.4506.2152; .NET CLR 3.5.30729)"
76.121.142.51 - - [02/Mar/2009:20:32:33 -0500] "GET /toastpointtopright.html HTTP/1.1" 200 151 "http://www.toastpoint.com/" "Mozilla/4.0 (compatible; MSIE 7.0; Windows NT 5.1; GTB5; .NET CLR 1.1.4322; .NET CLR 2.0.50727; .NET CLR 3.0.04506.30; .NET CLR 3.0.4506.2152; .NET CLR 3.5.30729)"
76.121.142.51 - - [02/Mar/2009:20:32:33 -0500] "GET /gifs/tpwinter20089.jpg HTTP/1.1" 200 28088 "http://www.toastpoint.com/news.html" "Mozilla/4.0 (compatible; MSIE 7.0; Windows NT 5.1; GTB5; .NET CLR 1.1.4322; .NET CLR 2.0.50727; .NET CLR 3.0.04506.30; .NET CLR 3.0.4506.2152; .NET CLR 3.5.30729)"
208.80.194.36 - - [02/Mar/2009:20:34:43 -0500] "GET / HTTP/1.0" 200 464 "-" "Mozilla/4.0 (compatible; MSIE 6.0; America Online Browser 1.1; Windows NT 5.1; SV1; FunWebProducts; ZangoToolbar 4.8.2; SpamBlockerUtility 4.8.4)"
208.111.154.16 - - [02/Mar/2009:20:41:47 -0500] "GET /robots.txt HTTP/1.1" 404 693 "-" "Mozilla/5.0 (compatible; Charlotte/1.1; http://www.searchme.com/support/)"
74.6.18.216 - - [02/Mar/2009:20:52:23 -0500] "GET /robots.txt HTTP/1.0" 404 693 "-" "Mozilla/5.0 (compatible; Yahoo! Slurp; http://help.yahoo.com/help/us/ysearch/slurp)"
65.55.108.148 - - [02/Mar/2009:20:56:55 -0500] "GET /robots.txt HTTP/1.1" 404 693 "-" "msnbot-media/1.1 (+http://search.msn.com/msnbot.htm)"
65.55.108.148 - - [02/Mar/2009:20:56:55 -0500] "GET /gifs/tpdec2006.jpg HTTP/1.1" 200 34968 "-" "msnbot-media/1.1 (+http://search.msn.com/msnbot.htm)"
65.55.108.148 - - [02/Mar/2009:20:56:55 -0500] "GET /gifs/pastheaders.html HTTP/1.1" 200 1264 "-" "msnbot-media/1.1 (+http://search.msn.com/msnbot.htm)"
72.220.213.254 - - [02/Mar/2009:21:18:53 -0500] "GET /gifs/boobies.gif HTTP/1.1" 200 11144 "http://www.toastpoint.com/limerick/naut199.html" "Mozilla/4.0 (compatible; MSIE 6.0; Windows NT 5.1; SV1; GTB5; .NET CLR 1.0.3705; .NET CLR 1.1.4322; Media Center PC 4.0; .NET CLR 2.0.50727)"
72.220.213.254 - - [02/Mar/2009:21:18:53 -0500] "GET /gifs/goldstar.jpg HTTP/1.1" 200 1854 "http://www.toastpoint.com/limerick/naut199.html" "Mozilla/4.0 (compatible; MSIE 6.0; Windows NT 5.1; SV1; GTB5; .NET CLR 1.0.3705; .NET CLR 1.1.4322; Media Center PC 4.0; .NET CLR 2.0.50727)"
72.220.213.254 - - [02/Mar/2009:21:18:53 -0500] "GET /gifs/nakedman.gif HTTP/1.1" 200 7734 "http://www.toastpoint.com/limerick/naut199.html" "Mozilla/4.0 (compatible; MSIE 6.0; Windows NT 5.1; SV1; GTB5; .NET CLR 1.0.3705; .NET CLR 1.1.4322; Media Center PC 4.0; .NET CLR 2.0.50727)"
72.220.213.254 - - [02/Mar/2009:21:18:53 -0500] "GET /limerick/naut199.html HTTP/1.1" 200 34481 "-" "Mozilla/4.0 (compatible; MSIE 6.0; Windows NT 5.1; SV1; GTB5; .NET CLR 1.0.3705; .NET CLR 1.1.4322; Media Center PC 4.0; .NET CLR 2.0.50727)"
193.47.80.45 - - [02/Mar/2009:21:32:56 -0500] "GET /robots.txt HTTP/1.1" 404 693 "-" "Mozilla/5.0 (compatible; Exabot/3.0; +http://www.exabot.com/go/robot)"
193.47.80.45 - - [02/Mar/2009:21:32:56 -0500] "GET /fiction/fict98/fict1298.html HTTP/1.1" 200 38294 "-" "Mozilla/5.0 (compatible; Exabot/3.0; +http://www.exabot.com/go/robot)"
114.111.36.31 - - [02/Mar/2009:21:59:47 -0500] "GET /robots.txt HTTP/1.1" 404 693 "-" "Mozilla/4.0 (compatible; NaverBot/1.0; http://help.naver.com/customer_webtxt_02.jsp)"
114.111.36.31 - - [02/Mar/2009:21:59:47 -0500] "GET /toastpointtopleft.html HTTP/1.1" 200 162 "-" "Mozilla/4.0 (compatible; NaverBot/1.0; http://help.naver.com/customer_webtxt_02.jsp)"
124.115.1.66 - - [02/Mar/2009:22:11:47 -0500] "GET / HTTP/1.1" 200 464 "http://www.toastpoint.com/" "Mozilla/4.0 (compatible; MSIE 6.0; Windows NT 5.1)"
