65.55.210.6 - - [11/Dec/2008:00:05:45 -0500] "GET /robots.txt HTTP/1.1" 404 693 "-" "msnbot/1.1 (+http://search.msn.com/msnbot.htm)"
65.55.210.6 - - [11/Dec/2008:00:05:49 -0500] "GET /limerick/limerick.html HTTP/1.1" 304 - "-" "msnbot/1.1 (+http://search.msn.com/msnbot.htm)"
71.238.35.94 - - [11/Dec/2008:00:08:57 -0500] "GET / HTTP/1.1" 200 464 "-" "Mozilla/5.0 (Macintosh; U; Intel Mac OS X 10.4; en-US; rv:1.9.0.4) Gecko/2008102920 Firefox/3.0.4"
71.238.35.94 - - [11/Dec/2008:00:08:57 -0500] "GET /toastpointtopleft.html HTTP/1.1" 200 162 "http://toastpoint.com/" "Mozilla/5.0 (Macintosh; U; Intel Mac OS X 10.4; en-US; rv:1.9.0.4) Gecko/2008102920 Firefox/3.0.4"
71.238.35.94 - - [11/Dec/2008:00:08:57 -0500] "GET /toastpointtoc.html HTTP/1.1" 200 1188 "http://toastpoint.com/" "Mozilla/5.0 (Macintosh; U; Intel Mac OS X 10.4; en-US; rv:1.9.0.4) Gecko/2008102920 Firefox/3.0.4"
71.238.35.94 - - [11/Dec/2008:00:08:57 -0500] "GET /news.html HTTP/1.1" 200 17577 "http://toastpoint.com/" "Mozilla/5.0 (Macintosh; U; Intel Mac OS X 10.4; en-US; rv:1.9.0.4) Gecko/2008102920 Firefox/3.0.4"
71.238.35.94 - - [11/Dec/2008:00:08:57 -0500] "GET /tpnews.html HTTP/1.1" 200 8004 "http://toastpoint.com/" "Mozilla/5.0 (Macintosh; U; Intel Mac OS X 10.4; en-US; rv:1.9.0.4) Gecko/2008102920 Firefox/3.0.4"
71.238.35.94 - - [11/Dec/2008:00:08:57 -0500] "GET /toastpointtopright.html HTTP/1.1" 200 151 "http://toastpoint.com/" "Mozilla/5.0 (Macintosh; U; Intel Mac OS X 10.4; en-US; rv:1.9.0.4) Gecko/2008102920 Firefox/3.0.4"
71.238.35.94 - - [11/Dec/2008:00:08:57 -0500] "GET /gifs/tpoct-nov2008.jpg HTTP/1.1" 200 59792 "http://toastpoint.com/news.html" "Mozilla/5.0 (Macintosh; U; Intel Mac OS X 10.4; en-US; rv:1.9.0.4) Gecko/2008102920 Firefox/3.0.4"
71.238.35.94 - - [11/Dec/2008:00:08:58 -0500] "GET /favicon.ico HTTP/1.1" 404 693 "-" "Mozilla/5.0 (Macintosh; U; Intel Mac OS X 10.4; en-US; rv:1.9.0.4) Gecko/2008102920 Firefox/3.0.4"
71.238.35.94 - - [11/Dec/2008:00:09:00 -0500] "GET /favicon.ico HTTP/1.1" 404 693 "-" "Mozilla/5.0 (Macintosh; U; Intel Mac OS X 10.4; en-US; rv:1.9.0.4) Gecko/2008102920 Firefox/3.0.4"
193.47.80.45 - - [11/Dec/2008:00:19:47 -0500] "GET /haiku/1998/haiku698.html HTTP/1.1" 200 26705 "-" "Mozilla/5.0 (compatible; Exabot/3.0; +http://www.exabot.com/go/robot)"
208.36.144.6 - - [11/Dec/2008:00:25:05 -0500] "GET /robots.txt HTTP/1.0" 404 693 "-" "Mozilla/5.0 (Twiceler-0.9 http://www.cuil.com/twiceler/robot.html)"
193.47.80.45 - - [11/Dec/2008:00:26:09 -0500] "GET /fiction/fict98/fict698.html HTTP/1.1" 200 12890 "-" "Mozilla/5.0 (compatible; Exabot/3.0; +http://www.exabot.com/go/robot)"
66.235.124.58 - - [11/Dec/2008:00:30:40 -0500] "GET /robots.txt HTTP/1.0" 404 693 "-" "Mozilla/5.0 (compatible; Ask Jeeves/Teoma; +http://about.ask.com/en/docs/about/webmasters.shtml)"
66.235.124.58 - - [11/Dec/2008:00:30:40 -0500] "GET /limerick/limerick.html HTTP/1.0" 200 2613 "-" "Mozilla/5.0 (compatible; Ask Jeeves/Teoma; +http://about.ask.com/en/docs/about/webmasters.shtml)"
74.6.8.113 - - [11/Dec/2008:00:52:15 -0500] "GET /robots.txt HTTP/1.0" 404 693 "-" "Mozilla/5.0 (compatible; Yahoo! Slurp; http://help.yahoo.com/help/us/ysearch/slurp)"
74.6.18.245 - - [11/Dec/2008:01:02:36 -0500] "GET /robots.txt HTTP/1.0" 404 693 "-" "Mozilla/5.0 (compatible; Yahoo! Slurp; http://help.yahoo.com/help/us/ysearch/slurp)"
208.111.154.15 - - [11/Dec/2008:01:34:56 -0500] "GET /robots.txt HTTP/1.0" 404 693 "-" "Mozilla/5.0 (compatible; Charlotte/1.1; http://www.searchme.com/support/)"
124.115.10.193 - - [11/Dec/2008:02:23:15 -0500] "GET / HTTP/1.1" 200 464 "http://www.toastpoint.com/" "Mozilla/4.0 (compatible; MSIE 6.0; Windows NT 5.1)"
124.115.10.193 - - [11/Dec/2008:02:23:27 -0500] "GET /toastpointtopleft.html HTTP/1.1" 200 162 "http://www.toastpoint.com/toastpointtopleft.html" "Mozilla/4.0 (compatible; MSIE 6.0; Windows NT 5.1)"
124.115.10.193 - - [11/Dec/2008:02:23:28 -0500] "GET /toastpointtoc.html HTTP/1.1" 200 1188 "http://www.toastpoint.com/toastpointtoc.html" "Mozilla/4.0 (compatible; MSIE 6.0; Windows NT 5.1)"
124.115.10.193 - - [11/Dec/2008:02:23:29 -0500] "GET /news.html HTTP/1.1" 200 17577 "http://www.toastpoint.com/news.html" "Mozilla/4.0 (compatible; MSIE 6.0; Windows NT 5.1)"
124.115.10.193 - - [11/Dec/2008:02:23:32 -0500] "GET /toastpointtopright.html HTTP/1.1" 200 151 "http://www.toastpoint.com/toastpointtopright.html" "Mozilla/4.0 (compatible; MSIE 6.0; Windows NT 5.1)"
124.115.10.193 - - [11/Dec/2008:02:23:33 -0500] "GET /tpnews.html HTTP/1.1" 200 8004 "http://www.toastpoint.com/tpnews.html" "Mozilla/4.0 (compatible; MSIE 6.0; Windows NT 5.1)"
81.52.143.26 - - [11/Dec/2008:02:35:49 -0500] "GET /prideforallages.html HTTP/1.1" 200 988 "-" "Mozilla/5.0 (Windows; U; Windows NT 5.1; fr; rv:1.8.1) VoilaBot BETA 1.2 (support.voilabot@orange-ftgroup.com)"
74.6.8.113 - - [11/Dec/2008:02:41:37 -0500] "GET /limerick/1997/nice997.html HTTP/1.0" 200 24299 "-" "Mozilla/5.0 (compatible; Yahoo! Slurp; http://help.yahoo.com/help/us/ysearch/slurp)"
65.28.251.211 - - [11/Dec/2008:03:15:30 -0500] "GET http://www.toastpoint.com/ HTTP/1.0" 200 464 "-" "Mozilla/4.0 (compatible; MSIE 7.0b; Windows NT 6.0)"
65.55.209.246 - - [11/Dec/2008:03:26:18 -0500] "GET /robots.txt HTTP/1.1" 404 693 "-" "msnbot/1.1 (+http://search.msn.com/msnbot.htm)"
65.55.209.246 - - [11/Dec/2008:03:26:18 -0500] "GET /haiku/haiku599.html HTTP/1.1" 304 - "-" "msnbot/1.1 (+http://search.msn.com/msnbot.htm)"
91.203.96.24 - - [11/Dec/2008:03:29:39 -0500] "GET /limerick/naut199.html HTTP/1.1" 200 34481 "-" "Opera/9.50 (J2ME/MIDP; Opera Mini/4.2.13216/528; U; en)"
91.203.96.24 - - [11/Dec/2008:03:29:40 -0500] "GET /gifs/boobies.gif HTTP/1.1" 200 11144 "http://www.toastpoint.com/limerick/naut199.html" "Opera/9.50 (J2ME/MIDP; Opera Mini/4.2.13216/528; U; en)"
91.203.96.24 - - [11/Dec/2008:03:29:40 -0500] "GET /gifs/goldstar.jpg HTTP/1.1" 200 1854 "http://www.toastpoint.com/limerick/naut199.html" "Opera/9.50 (J2ME/MIDP; Opera Mini/4.2.13216/528; U; en)"
91.203.96.24 - - [11/Dec/2008:03:29:40 -0500] "GET /gifs/nakedman.gif HTTP/1.1" 200 7734 "http://www.toastpoint.com/limerick/naut199.html" "Opera/9.50 (J2ME/MIDP; Opera Mini/4.2.13216/528; U; en)"
91.203.96.24 - - [11/Dec/2008:03:29:40 -0500] "GET /favicon.ico HTTP/1.1" 404 693 "http://www.toastpoint.com/limerick/naut199.html" "Opera/9.50 (J2ME/MIDP; Opera Mini/4.2.13216/528; U; en)"
74.6.30.119 - - [11/Dec/2008:04:50:26 -0500] "GET /haiku/haiku.html HTTP/1.0" 200 2147 "-" "Mozilla/5.0 (compatible; Yahoo! DE Slurp; http://help.yahoo.com/help/us/ysearch/slurp)"
193.47.80.45 - - [11/Dec/2008:05:35:04 -0500] "GET /robots.txt HTTP/1.1" 404 693 "-" "Mozilla/5.0 (compatible; Exabot/3.0; +http://www.exabot.com/go/robot)"
193.47.80.45 - - [11/Dec/2008:05:35:04 -0500] "GET /writing/sept11.html HTTP/1.1" 200 17233 "-" "Mozilla/5.0 (compatible; Exabot/3.0; +http://www.exabot.com/go/robot)"
81.77.69.37 - - [11/Dec/2008:05:51:45 -0500] "GET /limerick/1995/nautnov.html HTTP/1.1" 200 13933 "http://www.google.co.uk/search?num=20&hl=en&rlz=1B3GGGL_enGB285GB286&sa=X&oi=spell&resnum=0&ct=result&cd=1&q=limericks+(there+was+an+old+man+from+cancun)&spell=1" "Mozilla/5.0 (Windows; U; Windows NT 5.1; en-GB; rv:1.9.0.4) Gecko/2008102920 Firefox/3.0.4"
81.77.69.37 - - [11/Dec/2008:05:51:46 -0500] "GET /gifs/goldstar.jpg HTTP/1.1" 200 1854 "http://www.toastpoint.com/limerick/1995/nautnov.html" "Mozilla/5.0 (Windows; U; Windows NT 5.1; en-GB; rv:1.9.0.4) Gecko/2008102920 Firefox/3.0.4"
81.77.69.37 - - [11/Dec/2008:05:51:46 -0500] "GET /favicon.ico HTTP/1.1" 404 693 "-" "Mozilla/5.0 (Windows; U; Windows NT 5.1; en-GB; rv:1.9.0.4) Gecko/2008102920 Firefox/3.0.4"
193.252.149.15 - - [11/Dec/2008:06:32:52 -0500] "GET /fiction/fict499.html HTTP/1.1" 200 12868 "-" "Mozilla/5.0 (Windows; U; Windows NT 5.1; fr; rv:1.8.1) VoilaBot BETA 1.2 (support.voilabot@orange-ftgroup.com)"
63.241.3.51 - - [11/Dec/2008:06:41:46 -0500] "GET /limerick/limerick.html HTTP/1.1" 200 2613 "-" "-"
66.232.111.94 - - [11/Dec/2008:06:55:55 -0500] "GET / HTTP/1.1" 200 464 "http://www.keywordspy.com/keyword-research/toastpoint.com" "Mozilla/4.0 (compatible; MSIE 7.0; Windows NT 5.1; Alexa Toolbar)"
66.232.111.94 - - [11/Dec/2008:06:55:55 -0500] "GET / HTTP/1.1" 200 464 "http://www.keywordspy.com/keyword-research/toastpoint.com" "Mozilla/4.0 (compatible; MSIE 7.0; Windows NT 5.1; Alexa Toolbar)"
66.232.111.94 - - [11/Dec/2008:06:55:55 -0500] "GET / HTTP/1.1" 200 464 "http://www.keywordspy.com/keyword-research/toastpoint.com" "Mozilla/4.0 (compatible; MSIE 7.0; Windows NT 5.1; Alexa Toolbar)"
81.52.143.16 - - [11/Dec/2008:06:56:50 -0500] "GET /limerick/naut599.html HTTP/1.1" 200 21235 "-" "Mozilla/5.0 (Windows; U; Windows NT 5.1; fr; rv:1.8.1) VoilaBot BETA 1.2 (support.voilabot@orange-ftgroup.com)"
81.52.143.15 - - [11/Dec/2008:07:08:24 -0500] "GET /haiku/haiku599.html HTTP/1.1" 200 33918 "-" "Mozilla/5.0 (Windows; U; Windows NT 5.1; fr; rv:1.8.1) VoilaBot BETA 1.2 (support.voilabot@orange-ftgroup.com)"
66.249.65.232 - - [11/Dec/2008:07:11:47 -0500] "GET /robots.txt HTTP/1.1" 404 693 "-" "Nokia6820/2.0 (4.83) Profile/MIDP-1.0 Configuration/CLDC-1.0 (compatible; Googlebot-Mobile/2.1; +http://www.google.com/bot.html)"
66.249.65.232 - - [11/Dec/2008:07:11:47 -0500] "GET /haiku/haiku.html HTTP/1.1" 200 2147 "-" "Nokia6820/2.0 (4.83) Profile/MIDP-1.0 Configuration/CLDC-1.0 (compatible; Googlebot-Mobile/2.1; +http://www.google.com/bot.html)"
66.235.124.8 - - [11/Dec/2008:07:14:08 -0500] "GET /robots.txt HTTP/1.1" 404 693 "-" "Mozilla/5.0 (compatible; Ask Jeeves/Teoma; +http://about.ask.com/en/docs/about/webmasters.shtml)"
66.235.124.8 - - [11/Dec/2008:07:14:13 -0500] "GET /limerick/1998/naut1298.html HTTP/1.1" 200 31614 "-" "Mozilla/5.0 (compatible; Ask Jeeves/Teoma; +http://about.ask.com/en/docs/about/webmasters.shtml)"
81.52.143.26 - - [11/Dec/2008:07:46:39 -0500] "GET /robots.txt HTTP/1.1" 404 693 "-" "Mozilla/5.0 (Windows; U; Windows NT 5.1; fr; rv:1.8.1) VoilaBot BETA 1.2 (support.voilabot@orange-ftgroup.com)"
81.52.143.26 - - [11/Dec/2008:07:46:41 -0500] "GET /limerick/ HTTP/1.1" 403 563 "-" "Mozilla/5.0 (Windows; U; Windows NT 5.1; fr; rv:1.8.1) VoilaBot BETA 1.2 (support.voilabot@orange-ftgroup.com)"
74.6.8.113 - - [11/Dec/2008:07:47:25 -0500] "GET /robots.txt HTTP/1.0" 404 693 "-" "Mozilla/5.0 (compatible; Yahoo! Slurp; http://help.yahoo.com/help/us/ysearch/slurp)"
74.6.8.113 - - [11/Dec/2008:07:47:31 -0500] "GET /bio.html HTTP/1.0" 200 7868 "-" "Mozilla/5.0 (compatible; Yahoo! Slurp; http://help.yahoo.com/help/us/ysearch/slurp)"
66.249.65.232 - - [11/Dec/2008:08:32:32 -0500] "GET /fiction/fiction.html HTTP/1.1" 200 2705 "-" "Nokia6820/2.0 (4.83) Profile/MIDP-1.0 Configuration/CLDC-1.0 (compatible; Googlebot-Mobile/2.1; +http://www.google.com/bot.html)"
66.249.65.232 - - [11/Dec/2008:08:45:53 -0500] "GET /fiction/fict599.html HTTP/1.1" 200 7512 "-" "Nokia6820/2.0 (4.83) Profile/MIDP-1.0 Configuration/CLDC-1.0 (compatible; Googlebot-Mobile/2.1; +http://www.google.com/bot.html)"
208.115.138.254 - - [11/Dec/2008:09:23:30 -0500] "GET /limerick/nice299.html HTTP/1.1" 200 28130 "-" "Mozilla/4.0"
204.169.5.20 - - [11/Dec/2008:09:23:30 -0500] "GET /limerick/nice299.html HTTP/1.1" 200 28130 "http://www.google.com/search?q=clean+limerick&rls=com.microsoft:en-us:IE-SearchBox&ie=UTF-8&oe=UTF-8&sourceid=ie7&rlz=1I7GGLR" "Mozilla/4.0 (compatible; MSIE 7.0; Windows NT 5.1; .NET CLR 1.0.3705; .NET CLR 1.1.4322)"
204.169.5.20 - - [11/Dec/2008:09:23:30 -0500] "GET /gifs/birdumb2.gif HTTP/1.1" 200 4698 "-" "Mozilla/4.0 (compatible;)"
204.169.5.20 - - [11/Dec/2008:09:23:30 -0500] "GET /gifs/birdumb.gif HTTP/1.1" 200 4704 "-" "Mozilla/4.0 (compatible;)"
204.169.5.20 - - [11/Dec/2008:09:23:30 -0500] "GET /gifs/goldstar.jpg HTTP/1.1" 200 1854 "-" "Mozilla/4.0 (compatible;)"
204.169.5.20 - - [11/Dec/2008:09:23:37 -0500] "GET /favicon.ico HTTP/1.1" 404 693 "-" "Mozilla/4.0 (compatible; MSIE 7.0; Windows NT 5.1; .NET CLR 1.0.3705; .NET CLR 1.1.4322)"
71.146.75.106 - - [11/Dec/2008:09:47:44 -0500] "GET /gifs/boobies.gif HTTP/1.1" 200 11144 "http://www.toastpoint.com/limerick/naut199.html" "Mozilla/5.0 (Macintosh; U; Intel Mac OS X; en-US; rv:1.8.1.4) Gecko/20070515 Firefox/2.0.0.4"
71.146.75.106 - - [11/Dec/2008:09:47:43 -0500] "GET /limerick/naut199.html HTTP/1.1" 200 34481 "http://www.google.com/search?q=Naughty+Limericks&ie=utf-8&oe=utf-8&aq=t&rls=org.mozilla:en-US:official&client=firefox-a" "Mozilla/5.0 (Macintosh; U; Intel Mac OS X; en-US; rv:1.8.1.4) Gecko/20070515 Firefox/2.0.0.4"
71.146.75.106 - - [11/Dec/2008:09:47:44 -0500] "GET /gifs/nakedman.gif HTTP/1.1" 200 7734 "http://www.toastpoint.com/limerick/naut199.html" "Mozilla/5.0 (Macintosh; U; Intel Mac OS X; en-US; rv:1.8.1.4) Gecko/20070515 Firefox/2.0.0.4"
71.146.75.106 - - [11/Dec/2008:09:47:44 -0500] "GET /gifs/goldstar.jpg HTTP/1.1" 200 1854 "http://www.toastpoint.com/limerick/naut199.html" "Mozilla/5.0 (Macintosh; U; Intel Mac OS X; en-US; rv:1.8.1.4) Gecko/20070515 Firefox/2.0.0.4"
71.146.75.106 - - [11/Dec/2008:09:47:44 -0500] "GET /favicon.ico HTTP/1.1" 404 693 "-" "Mozilla/5.0 (Macintosh; U; Intel Mac OS X; en-US; rv:1.8.1.4) Gecko/20070515 Firefox/2.0.0.4"
193.238.61.85 - - [11/Dec/2008:10:04:31 -0500] "GET / HTTP/1.1" 200 464 "http://www.whoisde.de" "Mozilla/5.0 (compatible; http://www.whoisde.de/2.1; +http://www.whoisde.de)"
81.52.143.26 - - [11/Dec/2008:10:18:34 -0500] "GET /limerick/naut299.html HTTP/1.1" 200 23095 "-" "Mozilla/5.0 (Windows; U; Windows NT 5.1; fr; rv:1.8.1) VoilaBot BETA 1.2 (support.voilabot@orange-ftgroup.com)"
64.1.215.164 - - [11/Dec/2008:10:28:33 -0500] "GET /robots.txt HTTP/1.0" 404 693 "-" "Mozilla/5.0 (Twiceler-0.9 http://www.cuil.com/twiceler/robot.html)"
208.66.21.226 - - [11/Dec/2008:10:39:58 -0500] "GET /limerick/1997/nice797.html HTTP/1.1" 200 19339 "http://www.google.com/search?hl=en&q=%22Julie+R+Bryan%22+Ohio" "Mozilla/4.0 (compatible; MSIE 7.0; Windows NT 5.1; .NET CLR 2.0.50727; .NET CLR 1.1.4322; .NET CLR 3.0.04506.30)"
208.66.21.226 - - [11/Dec/2008:10:39:58 -0500] "GET /gifs/birdumb2.gif HTTP/1.1" 200 4698 "http://www.toastpoint.com/limerick/1997/nice797.html" "Mozilla/4.0 (compatible; MSIE 7.0; Windows NT 5.1; .NET CLR 2.0.50727; .NET CLR 1.1.4322; .NET CLR 3.0.04506.30)"
208.66.21.226 - - [11/Dec/2008:10:39:58 -0500] "GET /gifs/birdumb.gif HTTP/1.1" 200 4704 "http://www.toastpoint.com/limerick/1997/nice797.html" "Mozilla/4.0 (compatible; MSIE 7.0; Windows NT 5.1; .NET CLR 2.0.50727; .NET CLR 1.1.4322; .NET CLR 3.0.04506.30)"
208.66.21.226 - - [11/Dec/2008:10:39:58 -0500] "GET /gifs/goldstar.jpg HTTP/1.1" 200 1854 "http://www.toastpoint.com/limerick/1997/nice797.html" "Mozilla/4.0 (compatible; MSIE 7.0; Windows NT 5.1; .NET CLR 2.0.50727; .NET CLR 1.1.4322; .NET CLR 3.0.04506.30)"
208.66.21.226 - - [11/Dec/2008:10:39:59 -0500] "GET /favicon.ico HTTP/1.1" 404 693 "-" "Mozilla/4.0 (compatible; MSIE 7.0; Windows NT 5.1; .NET CLR 2.0.50727; .NET CLR 1.1.4322; .NET CLR 3.0.04506.30)"
124.115.1.66 - - [11/Dec/2008:10:51:06 -0500] "GET / HTTP/1.1" 200 464 "http://www.toastpoint.com/" "Mozilla/4.0 (compatible; MSIE 6.0; Windows NT 5.1)"
124.115.1.66 - - [11/Dec/2008:10:51:18 -0500] "GET /toastpointtopleft.html HTTP/1.1" 200 162 "http://www.toastpoint.com/toastpointtopleft.html" "Mozilla/4.0 (compatible; MSIE 6.0; Windows NT 5.1)"
124.115.1.66 - - [11/Dec/2008:10:51:18 -0500] "GET /toastpointtoc.html HTTP/1.1" 200 1188 "http://www.toastpoint.com/toastpointtoc.html" "Mozilla/4.0 (compatible; MSIE 6.0; Windows NT 5.1)"
124.115.1.66 - - [11/Dec/2008:10:51:19 -0500] "GET /news.html HTTP/1.1" 200 17577 "http://www.toastpoint.com/news.html" "Mozilla/4.0 (compatible; MSIE 6.0; Windows NT 5.1)"
124.115.1.66 - - [11/Dec/2008:10:51:24 -0500] "GET /toastpointtopright.html HTTP/1.1" 200 151 "http://www.toastpoint.com/toastpointtopright.html" "Mozilla/4.0 (compatible; MSIE 6.0; Windows NT 5.1)"
124.115.1.66 - - [11/Dec/2008:10:51:25 -0500] "GET /tpnews.html HTTP/1.1" 200 8004 "http://www.toastpoint.com/tpnews.html" "Mozilla/4.0 (compatible; MSIE 6.0; Windows NT 5.1)"
70.24.137.210 - - [11/Dec/2008:10:52:56 -0500] "GET /gifs/goldstar.jpg HTTP/1.1" 304 - "-" "Mozilla/4.0 (compatible; MSIE 7.0; Windows NT 5.1; FunWebProducts; SPOENB/1.0; AntivirXP08; .NET CLR 1.1.4322; SPOENB/1.0)"
208.80.194.27 - - [11/Dec/2008:10:57:22 -0500] "GET / HTTP/1.0" 200 464 "-" "Mozilla/4.0 (compatible; MSIE 7.0; Windows NT 5.1; SU 3.002)"
76.27.174.65 - - [11/Dec/2008:11:22:16 -0500] "GET /haiku/haiku299.html HTTP/1.1" 200 68017 "http://www.google.com/search?q=Claradan+Farm%2C+Dogue%2C+Virginia&ie=utf-8&oe=utf-8&aq=t&rls=org.mozilla:en-US:official&client=firefox-a" "Mozilla/5.0 (Windows; U; Windows NT 5.1; en-US; rv:1.9.0.4) Gecko/2008102920 Firefox/3.0.4"
76.27.174.65 - - [11/Dec/2008:11:22:17 -0500] "GET /gifs/japan.gif HTTP/1.1" 200 5737 "http://www.toastpoint.com/haiku/haiku299.html" "Mozilla/5.0 (Windows; U; Windows NT 5.1; en-US; rv:1.9.0.4) Gecko/2008102920 Firefox/3.0.4"
76.27.174.65 - - [11/Dec/2008:11:22:17 -0500] "GET /gifs/goldstar.jpg HTTP/1.1" 200 1854 "http://www.toastpoint.com/haiku/haiku299.html" "Mozilla/5.0 (Windows; U; Windows NT 5.1; en-US; rv:1.9.0.4) Gecko/2008102920 Firefox/3.0.4"
76.27.174.65 - - [11/Dec/2008:11:22:17 -0500] "GET /gifs/blank.jpg HTTP/1.1" 200 705 "http://www.toastpoint.com/haiku/haiku299.html" "Mozilla/5.0 (Windows; U; Windows NT 5.1; en-US; rv:1.9.0.4) Gecko/2008102920 Firefox/3.0.4"
76.27.174.65 - - [11/Dec/2008:11:22:17 -0500] "GET /favicon.ico HTTP/1.1" 404 693 "-" "Mozilla/5.0 (Windows; U; Windows NT 5.1; en-US; rv:1.9.0.4) Gecko/2008102920 Firefox/3.0.4"
76.27.174.65 - - [11/Dec/2008:11:22:20 -0500] "GET /favicon.ico HTTP/1.1" 404 693 "-" "Mozilla/5.0 (Windows; U; Windows NT 5.1; en-US; rv:1.9.0.4) Gecko/2008102920 Firefox/3.0.4"
129.105.143.165 - - [11/Dec/2008:11:38:50 -0500] "GET /bio.html HTTP/1.1" 200 7868 "http://www.google.com/search?q=Eric+Petersen+opera&rls=com.microsoft:en-us:IE-SearchBox&ie=UTF-8&oe=UTF-8&sourceid=ie7&rlz=1I7SUNA" "Mozilla/4.0 (compatible; MSIE 7.0; Windows NT 5.1; .NET CLR 1.1.4322; .NET CLR 2.0.50727; InfoPath.1)"
129.105.143.165 - - [11/Dec/2008:11:38:50 -0500] "GET /gifs/samp.jpg HTTP/1.1" 200 2907 "http://www.toastpoint.com/bio.html" "Mozilla/4.0 (compatible; MSIE 7.0; Windows NT 5.1; .NET CLR 1.1.4322; .NET CLR 2.0.50727; InfoPath.1)"
129.105.143.165 - - [11/Dec/2008:11:38:50 -0500] "GET /gifs/mom&dad.jpg HTTP/1.1" 200 6709 "http://www.toastpoint.com/bio.html" "Mozilla/4.0 (compatible; MSIE 7.0; Windows NT 5.1; .NET CLR 1.1.4322; .NET CLR 2.0.50727; InfoPath.1)"
129.105.143.165 - - [11/Dec/2008:11:38:50 -0500] "GET /gifs/eric.jpg HTTP/1.1" 200 19411 "http://www.toastpoint.com/bio.html" "Mozilla/4.0 (compatible; MSIE 7.0; Windows NT 5.1; .NET CLR 1.1.4322; .NET CLR 2.0.50727; InfoPath.1)"
129.105.143.165 - - [11/Dec/2008:11:38:50 -0500] "GET /gifs/leopold.jpg HTTP/1.1" 200 38609 "http://www.toastpoint.com/bio.html" "Mozilla/4.0 (compatible; MSIE 7.0; Windows NT 5.1; .NET CLR 1.1.4322; .NET CLR 2.0.50727; InfoPath.1)"
129.105.143.165 - - [11/Dec/2008:11:38:50 -0500] "GET /favicon.ico HTTP/1.1" 404 693 "-" "Mozilla/4.0 (compatible; MSIE 7.0; Windows NT 5.1; .NET CLR 1.1.4322; .NET CLR 2.0.50727; InfoPath.1)"
75.144.250.163 - - [11/Dec/2008:13:13:38 -0500] "GET / HTTP/1.1" 200 464 "http://www.haloscan.com/comments/joemygod/8061171652144596118/" "Mozilla/5.0 (Windows; U; Windows NT 6.0; en-US; rv:1.9.0.4) Gecko/2008102920 Firefox/3.0.4"
75.144.250.163 - - [11/Dec/2008:13:13:39 -0500] "GET /toastpointtopleft.html HTTP/1.1" 200 162 "http://www.toastpoint.com/" "Mozilla/5.0 (Windows; U; Windows NT 6.0; en-US; rv:1.9.0.4) Gecko/2008102920 Firefox/3.0.4"
75.144.250.163 - - [11/Dec/2008:13:13:39 -0500] "GET /news.html HTTP/1.1" 200 17577 "http://www.toastpoint.com/" "Mozilla/5.0 (Windows; U; Windows NT 6.0; en-US; rv:1.9.0.4) Gecko/2008102920 Firefox/3.0.4"
75.144.250.163 - - [11/Dec/2008:13:13:39 -0500] "GET /tpnews.html HTTP/1.1" 200 8004 "http://www.toastpoint.com/" "Mozilla/5.0 (Windows; U; Windows NT 6.0; en-US; rv:1.9.0.4) Gecko/2008102920 Firefox/3.0.4"
75.144.250.163 - - [11/Dec/2008:13:13:39 -0500] "GET /toastpointtoc.html HTTP/1.1" 200 1188 "http://www.toastpoint.com/" "Mozilla/5.0 (Windows; U; Windows NT 6.0; en-US; rv:1.9.0.4) Gecko/2008102920 Firefox/3.0.4"
75.144.250.163 - - [11/Dec/2008:13:13:39 -0500] "GET /toastpointtopright.html HTTP/1.1" 200 151 "http://www.toastpoint.com/" "Mozilla/5.0 (Windows; U; Windows NT 6.0; en-US; rv:1.9.0.4) Gecko/2008102920 Firefox/3.0.4"
75.144.250.163 - - [11/Dec/2008:13:13:39 -0500] "GET /gifs/tpoct-nov2008.jpg HTTP/1.1" 200 59792 "http://www.toastpoint.com/news.html" "Mozilla/5.0 (Windows; U; Windows NT 6.0; en-US; rv:1.9.0.4) Gecko/2008102920 Firefox/3.0.4"
75.144.250.163 - - [11/Dec/2008:13:13:40 -0500] "GET /favicon.ico HTTP/1.1" 404 693 "-" "Mozilla/5.0 (Windows; U; Windows NT 6.0; en-US; rv:1.9.0.4) Gecko/2008102920 Firefox/3.0.4"
75.144.250.163 - - [11/Dec/2008:13:13:42 -0500] "GET /favicon.ico HTTP/1.1" 404 693 "-" "Mozilla/5.0 (Windows; U; Windows NT 6.0; en-US; rv:1.9.0.4) Gecko/2008102920 Firefox/3.0.4"
65.55.104.18 - - [11/Dec/2008:13:56:25 -0500] "GET /robots.txt HTTP/1.1" 404 693 "-" "msnbot/1.1 (+http://search.msn.com/msnbot.htm)"
65.55.104.18 - - [11/Dec/2008:13:56:25 -0500] "GET /limerick/limerick.html HTTP/1.1" 304 - "-" "msnbot/1.1 (+http://search.msn.com/msnbot.htm)"
66.235.124.8 - - [11/Dec/2008:14:03:27 -0500] "GET /limerick/1997/naut997.html HTTP/1.1" 200 53317 "-" "Mozilla/5.0 (compatible; Ask Jeeves/Teoma; +http://about.ask.com/en/docs/about/webmasters.shtml)"
128.150.103.187 - - [11/Dec/2008:14:05:02 -0500] "GET /bio.html HTTP/1.1" 200 7868 "http://www.toastpoint.com/news.html" "Mozilla/4.0 (compatible; MSIE 6.0; Windows NT 5.1; SV1; .NET CLR 1.1.4322; .NET CLR 2.0.50727; .NET CLR 3.0.04506.30; .NET CLR 3.0.04506.648; InfoPath.1)"
128.150.103.187 - - [11/Dec/2008:14:05:02 -0500] "GET /gifs/eric.jpg HTTP/1.1" 200 19411 "http://www.toastpoint.com/bio.html" "Mozilla/4.0 (compatible; MSIE 6.0; Windows NT 5.1; SV1; .NET CLR 1.1.4322; .NET CLR 2.0.50727; .NET CLR 3.0.04506.30; .NET CLR 3.0.04506.648; InfoPath.1)"
128.150.103.187 - - [11/Dec/2008:14:05:02 -0500] "GET /gifs/samp.jpg HTTP/1.1" 200 2907 "http://www.toastpoint.com/bio.html" "Mozilla/4.0 (compatible; MSIE 6.0; Windows NT 5.1; SV1; .NET CLR 1.1.4322; .NET CLR 2.0.50727; .NET CLR 3.0.04506.30; .NET CLR 3.0.04506.648; InfoPath.1)"
128.150.103.187 - - [11/Dec/2008:14:05:02 -0500] "GET /gifs/mom&dad.jpg HTTP/1.1" 200 6709 "http://www.toastpoint.com/bio.html" "Mozilla/4.0 (compatible; MSIE 6.0; Windows NT 5.1; SV1; .NET CLR 1.1.4322; .NET CLR 2.0.50727; .NET CLR 3.0.04506.30; .NET CLR 3.0.04506.648; InfoPath.1)"
128.150.103.187 - - [11/Dec/2008:14:05:02 -0500] "GET /gifs/leopold.jpg HTTP/1.1" 200 38609 "http://www.toastpoint.com/bio.html" "Mozilla/4.0 (compatible; MSIE 6.0; Windows NT 5.1; SV1; .NET CLR 1.1.4322; .NET CLR 2.0.50727; .NET CLR 3.0.04506.30; .NET CLR 3.0.04506.648; InfoPath.1)"
208.36.144.8 - - [11/Dec/2008:14:35:49 -0500] "GET /robots.txt HTTP/1.0" 404 693 "-" "Mozilla/5.0 (Twiceler-0.9 http://www.cuil.com/twiceler/robot.html)"
74.6.23.237 - - [11/Dec/2008:14:40:29 -0500] "GET /robots.txt HTTP/1.0" 404 693 "-" "Mozilla/5.0 (compatible; Yahoo! Slurp; http://help.yahoo.com/help/us/ysearch/slurp)"
74.6.76.45 - - [11/Dec/2008:14:40:29 -0500] "GET /haiku/haiku.html HTTP/1.0" 200 2147 "-" "Mozilla/5.0 (compatible; Yahoo! DE Slurp; http://help.yahoo.com/help/us/ysearch/slurp)"
66.235.124.8 - - [11/Dec/2008:14:58:14 -0500] "GET /haiku/haiku299.html HTTP/1.1" 200 68017 "-" "Mozilla/5.0 (compatible; Ask Jeeves/Teoma; +http://about.ask.com/en/docs/about/webmasters.shtml)"
66.235.124.8 - - [11/Dec/2008:15:07:02 -0500] "GET /limerick/brady/brady97.html HTTP/1.1" 200 10474 "-" "Mozilla/5.0 (compatible; Ask Jeeves/Teoma; +http://about.ask.com/en/docs/about/webmasters.shtml)"
66.235.124.8 - - [11/Dec/2008:15:08:43 -0500] "GET /limerick/1998/naut498.html HTTP/1.1" 200 31946 "-" "Mozilla/5.0 (compatible; Ask Jeeves/Teoma; +http://about.ask.com/en/docs/about/webmasters.shtml)"
124.115.10.193 - - [11/Dec/2008:15:16:45 -0500] "GET / HTTP/1.1" 200 464 "http://www.toastpoint.com/" "Mozilla/4.0 (compatible; MSIE 6.0; Windows NT 5.1)"
124.115.10.193 - - [11/Dec/2008:15:16:56 -0500] "GET /toastpointtopleft.html HTTP/1.1" 200 162 "http://www.toastpoint.com/toastpointtopleft.html" "Mozilla/4.0 (compatible; MSIE 6.0; Windows NT 5.1)"
124.115.10.193 - - [11/Dec/2008:15:16:56 -0500] "GET /toastpointtoc.html HTTP/1.1" 200 1188 "http://www.toastpoint.com/toastpointtoc.html" "Mozilla/4.0 (compatible; MSIE 6.0; Windows NT 5.1)"
124.115.10.193 - - [11/Dec/2008:15:16:57 -0500] "GET /news.html HTTP/1.1" 200 17577 "http://www.toastpoint.com/news.html" "Mozilla/4.0 (compatible; MSIE 6.0; Windows NT 5.1)"
124.115.10.193 - - [11/Dec/2008:15:16:59 -0500] "GET /toastpointtopright.html HTTP/1.1" 200 151 "http://www.toastpoint.com/toastpointtopright.html" "Mozilla/4.0 (compatible; MSIE 6.0; Windows NT 5.1)"
124.115.10.193 - - [11/Dec/2008:15:16:59 -0500] "GET /tpnews.html HTTP/1.1" 200 8004 "http://www.toastpoint.com/tpnews.html" "Mozilla/4.0 (compatible; MSIE 6.0; Windows NT 5.1)"
66.249.65.232 - - [11/Dec/2008:15:18:45 -0500] "GET /fiction/novels/peak.html HTTP/1.1" 200 2410 "-" "Nokia6820/2.0 (4.83) Profile/MIDP-1.0 Configuration/CLDC-1.0 (compatible; Googlebot-Mobile/2.1; +http://www.google.com/bot.html)"
66.249.65.232 - - [11/Dec/2008:15:19:11 -0500] "GET /haiku/1997/haik1997.html HTTP/1.1" 200 2138 "-" "Nokia6820/2.0 (4.83) Profile/MIDP-1.0 Configuration/CLDC-1.0 (compatible; Googlebot-Mobile/2.1; +http://www.google.com/bot.html)"
66.249.65.232 - - [11/Dec/2008:15:21:50 -0500] "GET /limerick/1995/nicesept.html HTTP/1.1" 200 3676 "-" "Nokia6820/2.0 (4.83) Profile/MIDP-1.0 Configuration/CLDC-1.0 (compatible; Googlebot-Mobile/2.1; +http://www.google.com/bot.html)"
66.249.65.232 - - [11/Dec/2008:15:21:51 -0500] "GET /limerick/brady/brady99.html HTTP/1.1" 200 7546 "-" "Nokia6820/2.0 (4.83) Profile/MIDP-1.0 Configuration/CLDC-1.0 (compatible; Googlebot-Mobile/2.1; +http://www.google.com/bot.html)"
66.249.65.232 - - [11/Dec/2008:15:23:00 -0500] "GET /limerick/1995/nicemay.html HTTP/1.1" 200 1859 "-" "Nokia6820/2.0 (4.83) Profile/MIDP-1.0 Configuration/CLDC-1.0 (compatible; Googlebot-Mobile/2.1; +http://www.google.com/bot.html)"
66.249.65.232 - - [11/Dec/2008:15:23:15 -0500] "GET /fiction/fict97/fict1297.html HTTP/1.1" 200 6078 "-" "Nokia6820/2.0 (4.83) Profile/MIDP-1.0 Configuration/CLDC-1.0 (compatible; Googlebot-Mobile/2.1; +http://www.google.com/bot.html)"
66.249.65.232 - - [11/Dec/2008:15:23:29 -0500] "GET /haiku/1998/haik1998.html HTTP/1.1" 200 2178 "-" "Nokia6820/2.0 (4.83) Profile/MIDP-1.0 Configuration/CLDC-1.0 (compatible; Googlebot-Mobile/2.1; +http://www.google.com/bot.html)"
66.249.65.232 - - [11/Dec/2008:15:23:37 -0500] "GET /haiku/1996/haik1996.html HTTP/1.1" 200 1887 "-" "Nokia6820/2.0 (4.83) Profile/MIDP-1.0 Configuration/CLDC-1.0 (compatible; Googlebot-Mobile/2.1; +http://www.google.com/bot.html)"
66.249.65.232 - - [11/Dec/2008:15:24:53 -0500] "GET /haiku/1995/haikujun.html HTTP/1.1" 200 2332 "-" "Nokia6820/2.0 (4.83) Profile/MIDP-1.0 Configuration/CLDC-1.0 (compatible; Googlebot-Mobile/2.1; +http://www.google.com/bot.html)"
66.249.65.232 - - [11/Dec/2008:15:25:07 -0500] "GET /fiction/fict97/fict97.html HTTP/1.1" 200 1536 "-" "Nokia6820/2.0 (4.83) Profile/MIDP-1.0 Configuration/CLDC-1.0 (compatible; Googlebot-Mobile/2.1; +http://www.google.com/bot.html)"
66.249.65.232 - - [11/Dec/2008:15:25:27 -0500] "GET /fiction/fict97/fict997.html HTTP/1.1" 200 4230 "-" "Nokia6820/2.0 (4.83) Profile/MIDP-1.0 Configuration/CLDC-1.0 (compatible; Googlebot-Mobile/2.1; +http://www.google.com/bot.html)"
66.249.65.232 - - [11/Dec/2008:15:25:38 -0500] "GET /limerick/1995/1995.html HTTP/1.1" 200 1428 "-" "Nokia6820/2.0 (4.83) Profile/MIDP-1.0 Configuration/CLDC-1.0 (compatible; Googlebot-Mobile/2.1; +http://www.google.com/bot.html)"
208.80.194.45 - - [11/Dec/2008:15:25:44 -0500] "GET / HTTP/1.0" 200 464 "-" "Mozilla/4.0 (compatible; MSIE 6.0; Windows NT 5.0; SpamBlockerUtility 4.7.5)"
66.249.65.232 - - [11/Dec/2008:15:26:10 -0500] "GET /limerick/1995/nautjune.html HTTP/1.1" 200 3274 "-" "Nokia6820/2.0 (4.83) Profile/MIDP-1.0 Configuration/CLDC-1.0 (compatible; Googlebot-Mobile/2.1; +http://www.google.com/bot.html)"
66.249.65.232 - - [11/Dec/2008:15:26:12 -0500] "GET /limerick/1995/nautjuly.html HTTP/1.1" 200 3106 "-" "Nokia6820/2.0 (4.83) Profile/MIDP-1.0 Configuration/CLDC-1.0 (compatible; Googlebot-Mobile/2.1; +http://www.google.com/bot.html)"
66.249.65.232 - - [11/Dec/2008:15:27:22 -0500] "GET /limerick/1995/nicejune.html HTTP/1.1" 200 1710 "-" "Nokia6820/2.0 (4.83) Profile/MIDP-1.0 Configuration/CLDC-1.0 (compatible; Googlebot-Mobile/2.1; +http://www.google.com/bot.html)"
66.235.124.8 - - [11/Dec/2008:15:28:00 -0500] "GET /limerick/1996/nice196.html HTTP/1.1" 200 10647 "-" "Mozilla/5.0 (compatible; Ask Jeeves/Teoma; +http://about.ask.com/en/docs/about/webmasters.shtml)"
66.249.65.232 - - [11/Dec/2008:15:28:18 -0500] "GET /limerick/1995/nautmay.html HTTP/1.1" 200 4260 "-" "Nokia6820/2.0 (4.83) Profile/MIDP-1.0 Configuration/CLDC-1.0 (compatible; Googlebot-Mobile/2.1; +http://www.google.com/bot.html)"
66.249.65.232 - - [11/Dec/2008:15:28:27 -0500] "GET /limerick/1998/lim1998.html HTTP/1.1" 200 2041 "-" "Nokia6820/2.0 (4.83) Profile/MIDP-1.0 Configuration/CLDC-1.0 (compatible; Googlebot-Mobile/2.1; +http://www.google.com/bot.html)"
66.249.65.232 - - [11/Dec/2008:15:28:59 -0500] "GET /robots.txt HTTP/1.1" 404 693 "-" "Nokia6820/2.0 (4.83) Profile/MIDP-1.0 Configuration/CLDC-1.0 (compatible; Googlebot-Mobile/2.1; +http://www.google.com/bot.html)"
66.249.65.232 - - [11/Dec/2008:15:28:59 -0500] "GET /fiction/fict98/fict98.html HTTP/1.1" 200 1540 "-" "Nokia6820/2.0 (4.83) Profile/MIDP-1.0 Configuration/CLDC-1.0 (compatible; Googlebot-Mobile/2.1; +http://www.google.com/bot.html)"
66.249.65.232 - - [11/Dec/2008:15:29:31 -0500] "GET /fiction/fict98/fict98.html HTTP/1.1" 200 1540 "-" "Nokia6820/2.0 (4.83) Profile/MIDP-1.0 Configuration/CLDC-1.0 (compatible; Googlebot-Mobile/2.1; +http://www.google.com/bot.html)"
66.249.65.232 - - [11/Dec/2008:15:29:48 -0500] "GET /limerick/1995/bestnice.html HTTP/1.1" 200 6154 "-" "Nokia6820/2.0 (4.83) Profile/MIDP-1.0 Configuration/CLDC-1.0 (compatible; Googlebot-Mobile/2.1; +http://www.google.com/bot.html)"
66.249.65.232 - - [11/Dec/2008:15:30:28 -0500] "GET /limerick/1995/nicejuly.html HTTP/1.1" 200 1086 "-" "Nokia6820/2.0 (4.83) Profile/MIDP-1.0 Configuration/CLDC-1.0 (compatible; Googlebot-Mobile/2.1; +http://www.google.com/bot.html)"
66.249.65.232 - - [11/Dec/2008:15:30:55 -0500] "GET /limerick/brady/brady96.html HTTP/1.1" 200 6418 "-" "Nokia6820/2.0 (4.83) Profile/MIDP-1.0 Configuration/CLDC-1.0 (compatible; Googlebot-Mobile/2.1; +http://www.google.com/bot.html)"
66.249.65.232 - - [11/Dec/2008:15:33:16 -0500] "GET /limerick/1995/niceoct.html HTTP/1.1" 200 5007 "-" "Nokia6820/2.0 (4.83) Profile/MIDP-1.0 Configuration/CLDC-1.0 (compatible; Googlebot-Mobile/2.1; +http://www.google.com/bot.html)"
74.6.76.45 - - [11/Dec/2008:15:33:36 -0500] "GET / HTTP/1.0" 200 464 "-" "Mozilla/5.0 (compatible; Yahoo! DE Slurp; http://help.yahoo.com/help/us/ysearch/slurp)"
74.6.76.45 - - [11/Dec/2008:15:33:37 -0500] "GET /toastpointtopleft.html HTTP/1.0" 200 162 "-" "Mozilla/5.0 (compatible; Yahoo! DE Slurp; http://help.yahoo.com/help/us/ysearch/slurp)"
74.6.76.45 - - [11/Dec/2008:15:33:38 -0500] "GET /toastpointtoc.html HTTP/1.0" 200 1188 "-" "Mozilla/5.0 (compatible; Yahoo! DE Slurp; http://help.yahoo.com/help/us/ysearch/slurp)"
74.6.76.45 - - [11/Dec/2008:15:33:39 -0500] "GET /news.html HTTP/1.0" 200 17577 "-" "Mozilla/5.0 (compatible; Yahoo! DE Slurp; http://help.yahoo.com/help/us/ysearch/slurp)"
74.6.76.45 - - [11/Dec/2008:15:33:40 -0500] "GET /toastpointtopright.html HTTP/1.0" 200 151 "-" "Mozilla/5.0 (compatible; Yahoo! DE Slurp; http://help.yahoo.com/help/us/ysearch/slurp)"
74.6.76.45 - - [11/Dec/2008:15:33:44 -0500] "GET /tpnews.html HTTP/1.0" 200 8004 "-" "Mozilla/5.0 (compatible; Yahoo! DE Slurp; http://help.yahoo.com/help/us/ysearch/slurp)"
66.249.65.232 - - [11/Dec/2008:15:35:17 -0500] "GET /fiction/fict9596/fict9596.html HTTP/1.1" 200 1446 "-" "Nokia6820/2.0 (4.83) Profile/MIDP-1.0 Configuration/CLDC-1.0 (compatible; Googlebot-Mobile/2.1; +http://www.google.com/bot.html)"
81.52.143.26 - - [11/Dec/2008:15:47:50 -0500] "GET /haiku/moral.html HTTP/1.1" 200 4692 "-" "Mozilla/5.0 (Windows; U; Windows NT 5.1; fr; rv:1.8.1) VoilaBot BETA 1.2 (support.voilabot@orange-ftgroup.com)"
72.14.199.90 - - [11/Dec/2008:15:48:46 -0500] "GET /fiction/fiction.html HTTP/1.1" 200 2705 "-" "DoCoMo/2.0 N905i(c100;TB;W24H16) (compatible; Googlebot-Mobile/2.1; +http://www.google.com/bot.html)"
72.14.199.90 - - [11/Dec/2008:15:48:47 -0500] "GET /haiku/haiku.html HTTP/1.1" 200 2147 "-" "DoCoMo/2.0 N905i(c100;TB;W24H16) (compatible; Googlebot-Mobile/2.1; +http://www.google.com/bot.html)"
72.14.199.90 - - [11/Dec/2008:15:49:03 -0500] "GET /fiction/fict599.html HTTP/1.1" 200 7512 "-" "DoCoMo/2.0 N905i(c100;TB;W24H16) (compatible; Googlebot-Mobile/2.1; +http://www.google.com/bot.html)"
65.55.104.18 - - [11/Dec/2008:15:50:01 -0500] "GET /welcome.html HTTP/1.1" 200 418 "-" "msnbot/1.1 (+http://search.msn.com/msnbot.htm)"
65.55.104.18 - - [11/Dec/2008:15:50:04 -0500] "GET /limerick/nice499.html HTTP/1.1" 200 24193 "-" "msnbot/1.1 (+http://search.msn.com/msnbot.htm)"
65.55.104.18 - - [11/Dec/2008:15:50:04 -0500] "GET /limerick/nice399.html HTTP/1.1" 200 31092 "-" "msnbot/1.1 (+http://search.msn.com/msnbot.htm)"
65.55.104.18 - - [11/Dec/2008:15:50:05 -0500] "GET /limerick/nice199.html HTTP/1.1" 200 25313 "-" "msnbot/1.1 (+http://search.msn.com/msnbot.htm)"
65.55.104.18 - - [11/Dec/2008:15:50:05 -0500] "GET /haiku/haiku.html HTTP/1.1" 200 2147 "-" "msnbot/1.1 (+http://search.msn.com/msnbot.htm)"
65.55.104.18 - - [11/Dec/2008:15:50:05 -0500] "GET /limerick/naut399.html HTTP/1.1" 200 38217 "-" "msnbot/1.1 (+http://search.msn.com/msnbot.htm)"
65.55.104.18 - - [11/Dec/2008:15:50:05 -0500] "GET /limerick/nice299.html HTTP/1.1" 200 28130 "-" "msnbot/1.1 (+http://search.msn.com/msnbot.htm)"
65.55.104.18 - - [11/Dec/2008:15:50:05 -0500] "GET /limerick/naut599.html HTTP/1.1" 200 21235 "-" "msnbot/1.1 (+http://search.msn.com/msnbot.htm)"
65.55.104.18 - - [11/Dec/2008:15:50:05 -0500] "GET /fiction/fiction.html HTTP/1.1" 200 2705 "-" "msnbot/1.1 (+http://search.msn.com/msnbot.htm)"
65.55.104.18 - - [11/Dec/2008:15:50:05 -0500] "GET /limerick/nice599.html HTTP/1.1" 200 26033 "-" "msnbot/1.1 (+http://search.msn.com/msnbot.htm)"
65.55.104.18 - - [11/Dec/2008:15:50:05 -0500] "GET /limerick/naut299.html HTTP/1.1" 200 23095 "-" "msnbot/1.1 (+http://search.msn.com/msnbot.htm)"
65.55.104.18 - - [11/Dec/2008:15:50:05 -0500] "GET /limerick/naut499.html HTTP/1.1" 200 38163 "-" "msnbot/1.1 (+http://search.msn.com/msnbot.htm)"
65.55.104.18 - - [11/Dec/2008:15:50:05 -0500] "GET /limerick/naut199.html HTTP/1.1" 200 34481 "-" "msnbot/1.1 (+http://search.msn.com/msnbot.htm)"
65.55.210.6 - - [11/Dec/2008:16:04:10 -0500] "GET /robots.txt HTTP/1.1" 404 693 "-" "msnbot/1.1 (+http://search.msn.com/msnbot.htm)"
65.55.210.6 - - [11/Dec/2008:16:04:11 -0500] "GET /haiku/haiku199.html HTTP/1.1" 200 34287 "-" "msnbot/1.1 (+http://search.msn.com/msnbot.htm)"
81.52.143.26 - - [11/Dec/2008:16:07:43 -0500] "GET /haiku/?D=A HTTP/1.1" 403 563 "-" "Mozilla/5.0 (Windows; U; Windows NT 5.1; fr; rv:1.8.1) VoilaBot BETA 1.2 (support.voilabot@orange-ftgroup.com)"
64.207.5.46 - - [11/Dec/2008:16:10:27 -0500] "GET /gifs/boobies.gif HTTP/1.1" 200 11144 "http://www.toastpoint.com/limerick/naut199.html" "Mozilla/4.0 (compatible; MSIE 7.0; Windows NT 5.1; .NET CLR 1.1.4322; .NET CLR 2.0.50727)"
64.207.5.46 - - [11/Dec/2008:16:10:27 -0500] "GET /limerick/naut199.html HTTP/1.1" 200 34481 "-" "Mozilla/4.0 (compatible; MSIE 7.0; Windows NT 5.1; .NET CLR 1.1.4322; .NET CLR 2.0.50727)"
64.207.5.46 - - [11/Dec/2008:16:10:27 -0500] "GET /gifs/nakedman.gif HTTP/1.1" 200 7734 "http://www.toastpoint.com/limerick/naut199.html" "Mozilla/4.0 (compatible; MSIE 7.0; Windows NT 5.1; .NET CLR 1.1.4322; .NET CLR 2.0.50727)"
64.207.5.46 - - [11/Dec/2008:16:10:27 -0500] "GET /gifs/goldstar.jpg HTTP/1.1" 200 1854 "http://www.toastpoint.com/limerick/naut199.html" "Mozilla/4.0 (compatible; MSIE 7.0; Windows NT 5.1; .NET CLR 1.1.4322; .NET CLR 2.0.50727)"
64.207.5.46 - - [11/Dec/2008:16:10:27 -0500] "GET /favicon.ico HTTP/1.1" 404 693 "-" "Mozilla/4.0 (compatible; MSIE 7.0; Windows NT 5.1; .NET CLR 1.1.4322; .NET CLR 2.0.50727)"
66.235.124.8 - - [11/Dec/2008:16:13:56 -0500] "GET /fiction/fict98/fict698.html HTTP/1.1" 200 12890 "-" "Mozilla/5.0 (compatible; Ask Jeeves/Teoma; +http://about.ask.com/en/docs/about/webmasters.shtml)"
74.6.22.166 - - [11/Dec/2008:16:35:43 -0500] "GET /robots.txt HTTP/1.0" 404 693 "-" "Mozilla/5.0 (compatible; Yahoo! Slurp; http://help.yahoo.com/help/us/ysearch/slurp)"
72.14.199.90 - - [11/Dec/2008:16:44:26 -0500] "GET /limerick/1995/1995.html HTTP/1.1" 200 1428 "-" "DoCoMo/2.0 N905i(c100;TB;W24H16) (compatible; Googlebot-Mobile/2.1; +http://www.google.com/bot.html)"
72.14.199.90 - - [11/Dec/2008:16:44:28 -0500] "GET /haiku/1997/haik1997.html HTTP/1.1" 200 2138 "-" "DoCoMo/2.0 N905i(c100;TB;W24H16) (compatible; Googlebot-Mobile/2.1; +http://www.google.com/bot.html)"
72.14.199.90 - - [11/Dec/2008:16:44:40 -0500] "GET /haiku/1998/haik1998.html HTTP/1.1" 200 2178 "-" "DoCoMo/2.0 N905i(c100;TB;W24H16) (compatible; Googlebot-Mobile/2.1; +http://www.google.com/bot.html)"
72.14.199.90 - - [11/Dec/2008:16:51:37 -0500] "GET /haiku/1996/haik1996.html HTTP/1.1" 200 1887 "-" "DoCoMo/2.0 N905i(c100;TB;W24H16) (compatible; Googlebot-Mobile/2.1; +http://www.google.com/bot.html)"
72.14.199.90 - - [11/Dec/2008:16:51:43 -0500] "GET /fiction/novels/peak.html HTTP/1.1" 200 2410 "-" "DoCoMo/2.0 N905i(c100;TB;W24H16) (compatible; Googlebot-Mobile/2.1; +http://www.google.com/bot.html)"
72.14.199.90 - - [11/Dec/2008:16:51:59 -0500] "GET /limerick/1995/nicemay.html HTTP/1.1" 200 1859 "-" "DoCoMo/2.0 N905i(c100;TB;W24H16) (compatible; Googlebot-Mobile/2.1; +http://www.google.com/bot.html)"
72.14.199.90 - - [11/Dec/2008:16:52:01 -0500] "GET /limerick/1998/lim1998.html HTTP/1.1" 200 2041 "-" "DoCoMo/2.0 N905i(c100;TB;W24H16) (compatible; Googlebot-Mobile/2.1; +http://www.google.com/bot.html)"
72.14.199.90 - - [11/Dec/2008:16:52:01 -0500] "GET /fiction/fict97/fict97.html HTTP/1.1" 200 1536 "-" "DoCoMo/2.0 N905i(c100;TB;W24H16) (compatible; Googlebot-Mobile/2.1; +http://www.google.com/bot.html)"
72.14.199.90 - - [11/Dec/2008:16:52:01 -0500] "GET /limerick/1996/lim1996.html HTTP/1.1" 200 2072 "-" "DoCoMo/2.0 N905i(c100;TB;W24H16) (compatible; Googlebot-Mobile/2.1; +http://www.google.com/bot.html)"
72.14.199.90 - - [11/Dec/2008:16:52:01 -0500] "GET /limerick/1995/nautmay.html HTTP/1.1" 200 4260 "-" "DoCoMo/2.0 N905i(c100;TB;W24H16) (compatible; Googlebot-Mobile/2.1; +http://www.google.com/bot.html)"
72.14.199.90 - - [11/Dec/2008:16:52:01 -0500] "GET /fiction/fict98/fict98.html HTTP/1.1" 200 1540 "-" "DoCoMo/2.0 N905i(c100;TB;W24H16) (compatible; Googlebot-Mobile/2.1; +http://www.google.com/bot.html)"
72.14.199.90 - - [11/Dec/2008:16:52:04 -0500] "GET /limerick/1995/nautjuly.html HTTP/1.1" 200 3106 "-" "DoCoMo/2.0 N905i(c100;TB;W24H16) (compatible; Googlebot-Mobile/2.1; +http://www.google.com/bot.html)"
72.14.199.90 - - [11/Dec/2008:16:52:05 -0500] "GET /limerick/1995/nautjune.html HTTP/1.1" 200 3274 "-" "DoCoMo/2.0 N905i(c100;TB;W24H16) (compatible; Googlebot-Mobile/2.1; +http://www.google.com/bot.html)"
72.14.199.90 - - [11/Dec/2008:16:52:05 -0500] "GET /limerick/1995/niceoct.html HTTP/1.1" 200 5007 "-" "DoCoMo/2.0 N905i(c100;TB;W24H16) (compatible; Googlebot-Mobile/2.1; +http://www.google.com/bot.html)"
72.14.199.90 - - [11/Dec/2008:16:52:06 -0500] "GET /limerick/1995/bestnice.html HTTP/1.1" 200 6154 "-" "DoCoMo/2.0 N905i(c100;TB;W24H16) (compatible; Googlebot-Mobile/2.1; +http://www.google.com/bot.html)"
72.14.199.90 - - [11/Dec/2008:16:52:06 -0500] "GET /limerick/1995/nicejuly.html HTTP/1.1" 200 1086 "-" "DoCoMo/2.0 N905i(c100;TB;W24H16) (compatible; Googlebot-Mobile/2.1; +http://www.google.com/bot.html)"
72.14.199.90 - - [11/Dec/2008:16:52:06 -0500] "GET /fiction/fict97/fict997.html HTTP/1.1" 200 4230 "-" "DoCoMo/2.0 N905i(c100;TB;W24H16) (compatible; Googlebot-Mobile/2.1; +http://www.google.com/bot.html)"
72.14.199.90 - - [11/Dec/2008:16:52:07 -0500] "GET /fiction/novels/peak1-2.html HTTP/1.1" 200 2302 "-" "DoCoMo/2.0 N905i(c100;TB;W24H16) (compatible; Googlebot-Mobile/2.1; +http://www.google.com/bot.html)"
72.14.199.90 - - [11/Dec/2008:16:52:11 -0500] "GET /limerick/brady/brady96.html HTTP/1.1" 200 6418 "-" "DoCoMo/2.0 N905i(c100;TB;W24H16) (compatible; Googlebot-Mobile/2.1; +http://www.google.com/bot.html)"
72.14.199.90 - - [11/Dec/2008:16:52:11 -0500] "GET /limerick/1995/nicesept.html HTTP/1.1" 200 3676 "-" "DoCoMo/2.0 N905i(c100;TB;W24H16) (compatible; Googlebot-Mobile/2.1; +http://www.google.com/bot.html)"
72.14.199.90 - - [11/Dec/2008:16:52:11 -0500] "GET /limerick/brady/brady99.html HTTP/1.1" 200 7546 "-" "DoCoMo/2.0 N905i(c100;TB;W24H16) (compatible; Googlebot-Mobile/2.1; +http://www.google.com/bot.html)"
72.14.199.90 - - [11/Dec/2008:16:52:12 -0500] "GET /limerick/1995/nicejune.html HTTP/1.1" 200 1710 "-" "DoCoMo/2.0 N905i(c100;TB;W24H16) (compatible; Googlebot-Mobile/2.1; +http://www.google.com/bot.html)"
72.14.199.90 - - [11/Dec/2008:16:52:13 -0500] "GET /fiction/fict97/fict1297.html HTTP/1.1" 200 6078 "-" "DoCoMo/2.0 N905i(c100;TB;W24H16) (compatible; Googlebot-Mobile/2.1; +http://www.google.com/bot.html)"
72.14.199.109 - - [11/Dec/2008:16:52:14 -0500] "GET /fiction/fict97/fict97.html HTTP/1.1" 200 1536 "-" "DoCoMo/2.0 N905i(c100;TB;W24H16) (compatible; Googlebot-Mobile/2.1; +http://www.google.com/bot.html)"
72.14.199.90 - - [11/Dec/2008:16:52:14 -0500] "GET /fiction/fict9596/fict9596.html HTTP/1.1" 200 1446 "-" "DoCoMo/2.0 N905i(c100;TB;W24H16) (compatible; Googlebot-Mobile/2.1; +http://www.google.com/bot.html)"
72.14.199.109 - - [11/Dec/2008:16:52:14 -0500] "GET /fiction/fict98/fict98.html HTTP/1.1" 200 1540 "-" "DoCoMo/2.0 N905i(c100;TB;W24H16) (compatible; Googlebot-Mobile/2.1; +http://www.google.com/bot.html)"
72.14.199.90 - - [11/Dec/2008:16:57:06 -0500] "GET /haiku/1995/haikujun.html HTTP/1.1" 200 2332 "-" "DoCoMo/2.0 N905i(c100;TB;W24H16) (compatible; Googlebot-Mobile/2.1; +http://www.google.com/bot.html)"
72.14.199.90 - - [11/Dec/2008:16:58:15 -0500] "GET /limerick/limerick.html HTTP/1.1" 200 2613 "-" "DoCoMo/2.0 N905i(c100;TB;W24H16) (compatible; Googlebot-Mobile/2.1; +http://www.google.com/bot.html)"
208.80.194.32 - - [11/Dec/2008:17:14:19 -0500] "GET / HTTP/1.0" 200 464 "-" "Mozilla/4.0 (compatible; MSIE 6.0; Windows NT 5.1; YPC 3.2.0; SV1; FunWebProducts; .NET CLR 1.1.4322; ZangoToolbar 4.8.3; yplus 5.1.04b)"
193.47.80.45 - - [11/Dec/2008:17:19:31 -0500] "GET /rapture/hogwartsiolanthe.txt HTTP/1.1" 200 17300 "-" "Mozilla/5.0 (compatible; Exabot/3.0; +http://www.exabot.com/go/robot)"
66.249.65.232 - - [11/Dec/2008:17:34:05 -0500] "GET /limerick/1995/nicesept.html HTTP/1.1" 200 3676 "-" "Mozilla/5.0 (compatible; Googlebot/2.1; +http://www.google.com/bot.html)"
69.119.37.207 - - [11/Dec/2008:17:39:45 -0500] "GET /limerick/naut199.html HTTP/1.1" 200 34481 "http://www.google.com/search?q=naughty+limericks&ie=utf-8&oe=utf-8&aq=t&rls=org.mozilla:en-US:official&client=firefox-a" "Mozilla/5.0 (Windows; U; Windows NT 5.1; en-US; rv:1.9.0.4) Gecko/2008102920 Firefox/3.0.4"
69.119.37.207 - - [11/Dec/2008:17:39:45 -0500] "GET /gifs/nakedman.gif HTTP/1.1" 200 7734 "http://www.toastpoint.com/limerick/naut199.html" "Mozilla/5.0 (Windows; U; Windows NT 5.1; en-US; rv:1.9.0.4) Gecko/2008102920 Firefox/3.0.4"
69.119.37.207 - - [11/Dec/2008:17:39:45 -0500] "GET /gifs/boobies.gif HTTP/1.1" 200 11144 "http://www.toastpoint.com/limerick/naut199.html" "Mozilla/5.0 (Windows; U; Windows NT 5.1; en-US; rv:1.9.0.4) Gecko/2008102920 Firefox/3.0.4"
69.119.37.207 - - [11/Dec/2008:17:39:45 -0500] "GET /gifs/goldstar.jpg HTTP/1.1" 200 1854 "http://www.toastpoint.com/limerick/naut199.html" "Mozilla/5.0 (Windows; U; Windows NT 5.1; en-US; rv:1.9.0.4) Gecko/2008102920 Firefox/3.0.4"
69.119.37.207 - - [11/Dec/2008:17:39:46 -0500] "GET /favicon.ico HTTP/1.1" 404 693 "-" "Mozilla/5.0 (Windows; U; Windows NT 5.1; en-US; rv:1.9.0.4) Gecko/2008102920 Firefox/3.0.4"
69.119.37.207 - - [11/Dec/2008:17:39:49 -0500] "GET /favicon.ico HTTP/1.1" 404 693 "-" "Mozilla/5.0 (Windows; U; Windows NT 5.1; en-US; rv:1.9.0.4) Gecko/2008102920 Firefox/3.0.4"
151.203.164.46 - - [11/Dec/2008:17:45:52 -0500] "GET /gifs/boobies.gif HTTP/1.1" 200 11144 "http://www.toastpoint.com/limerick/naut199.html" "Mozilla/5.0 (iPhone; U; CPU iPhone OS 2_2 like Mac OS X; en-us) AppleWebKit/525.18.1 (KHTML, like Gecko) Version/3.1.1 Mobile/5G77 Safari/525.20"
151.203.164.46 - - [11/Dec/2008:17:45:51 -0500] "GET /limerick/naut199.html HTTP/1.1" 200 34481 "http://www.google.com/search?q=naughty+limerick&ie=UTF-8&oe=UTF-8&client=safari" "Mozilla/5.0 (iPhone; U; CPU iPhone OS 2_2 like Mac OS X; en-us) AppleWebKit/525.18.1 (KHTML, like Gecko) Version/3.1.1 Mobile/5G77 Safari/525.20"
151.203.164.46 - - [11/Dec/2008:17:45:52 -0500] "GET /gifs/nakedman.gif HTTP/1.1" 200 7734 "http://www.toastpoint.com/limerick/naut199.html" "Mozilla/5.0 (iPhone; U; CPU iPhone OS 2_2 like Mac OS X; en-us) AppleWebKit/525.18.1 (KHTML, like Gecko) Version/3.1.1 Mobile/5G77 Safari/525.20"
151.203.164.46 - - [11/Dec/2008:17:45:52 -0500] "GET /gifs/goldstar.jpg HTTP/1.1" 200 1854 "http://www.toastpoint.com/limerick/naut199.html" "Mozilla/5.0 (iPhone; U; CPU iPhone OS 2_2 like Mac OS X; en-us) AppleWebKit/525.18.1 (KHTML, like Gecko) Version/3.1.1 Mobile/5G77 Safari/525.20"
66.249.65.232 - - [11/Dec/2008:17:46:13 -0500] "GET /fiction/novels/xmascurl.html HTTP/1.1" 200 33957 "-" "Mozilla/5.0 (compatible; Googlebot/2.1; +http://www.google.com/bot.html)"
151.203.164.46 - - [11/Dec/2008:17:47:45 -0500] "GET /limerick/naut199.html HTTP/1.1" 200 34481 "http://www.google.com/search?q=naughty+limerick&ie=UTF-8&oe=UTF-8&client=safari" "Mozilla/5.0 (iPhone; U; CPU iPhone OS 2_2 like Mac OS X; en-us) AppleWebKit/525.18.1 (KHTML, like Gecko) Version/3.1.1 Mobile/5G77 Safari/525.20"
151.203.164.46 - - [11/Dec/2008:17:47:55 -0500] "GET /limerick/naut199.html HTTP/1.1" 200 34481 "http://www.google.com/search?q=naughty+limerick&ie=UTF-8&oe=UTF-8&client=safari" "Mozilla/5.0 (iPhone; U; CPU iPhone OS 2_2 like Mac OS X; en-us) AppleWebKit/525.18.1 (KHTML, like Gecko) Version/3.1.1 Mobile/5G77 Safari/525.20"
66.249.65.232 - - [11/Dec/2008:18:03:20 -0500] "GET /fiction/novels/peak1-2.html HTTP/1.1" 200 2302 "-" "Nokia6820/2.0 (4.83) Profile/MIDP-1.0 Configuration/CLDC-1.0 (compatible; Googlebot-Mobile/2.1; +http://www.google.com/bot.html)"
66.249.65.232 - - [11/Dec/2008:18:04:21 -0500] "GET /limerick/1996/lim1996.html HTTP/1.1" 200 2072 "-" "Nokia6820/2.0 (4.83) Profile/MIDP-1.0 Configuration/CLDC-1.0 (compatible; Googlebot-Mobile/2.1; +http://www.google.com/bot.html)"
66.249.65.232 - - [11/Dec/2008:18:07:04 -0500] "GET /fiction/fict97/fict97.html HTTP/1.1" 200 1536 "-" "Nokia6820/2.0 (4.83) Profile/MIDP-1.0 Configuration/CLDC-1.0 (compatible; Googlebot-Mobile/2.1; +http://www.google.com/bot.html)"
84.56.30.139 - - [11/Dec/2008:18:24:03 -0500] "GET /gifs/goldstar.jpg HTTP/1.1" 200 1854 "http://www.toastpoint.com/limerick/1996/nic1296.html" "Mozilla/5.0 (Windows; U; Windows NT 5.1; de; rv:1.9.0.4) Gecko/2008102920 Firefox/3.0.4"
84.56.30.139 - - [11/Dec/2008:18:24:03 -0500] "GET /gifs/happy.jpg HTTP/1.1" 200 3135 "http://www.toastpoint.com/limerick/1996/nic1296.html" "Mozilla/5.0 (Windows; U; Windows NT 5.1; de; rv:1.9.0.4) Gecko/2008102920 Firefox/3.0.4"
84.56.30.139 - - [11/Dec/2008:18:24:02 -0500] "GET /limerick/1996/nic1296.html HTTP/1.1" 200 19459 "http://www.google.pl/search?hl=pl&q=paulina+poliskova&btnG=Szukaj&lr=" "Mozilla/5.0 (Windows; U; Windows NT 5.1; de; rv:1.9.0.4) Gecko/2008102920 Firefox/3.0.4"
84.56.30.139 - - [11/Dec/2008:18:24:03 -0500] "GET /favicon.ico HTTP/1.1" 404 693 "-" "Mozilla/5.0 (Windows; U; Windows NT 5.1; de; rv:1.9.0.4) Gecko/2008102920 Firefox/3.0.4"
84.56.30.139 - - [11/Dec/2008:18:24:06 -0500] "GET /favicon.ico HTTP/1.1" 404 693 "-" "Mozilla/5.0 (Windows; U; Windows NT 5.1; de; rv:1.9.0.4) Gecko/2008102920 Firefox/3.0.4"
74.72.209.3 - - [11/Dec/2008:18:52:42 -0500] "GET / HTTP/1.1" 200 464 "-" "Mozilla/5.0 (Windows; U; Windows NT 6.0; en-US) AppleWebKit/525.19 (KHTML, like Gecko) Chrome/0.4.154.29 Safari/525.19"
74.72.209.3 - - [11/Dec/2008:18:52:42 -0500] "GET /toastpointtopleft.html HTTP/1.1" 200 162 "http://www.toastpoint.com/" "Mozilla/5.0 (Windows; U; Windows NT 6.0; en-US) AppleWebKit/525.19 (KHTML, like Gecko) Chrome/0.4.154.29 Safari/525.19"
74.72.209.3 - - [11/Dec/2008:18:52:42 -0500] "GET /toastpointtoc.html HTTP/1.1" 200 1188 "http://www.toastpoint.com/" "Mozilla/5.0 (Windows; U; Windows NT 6.0; en-US) AppleWebKit/525.19 (KHTML, like Gecko) Chrome/0.4.154.29 Safari/525.19"
74.72.209.3 - - [11/Dec/2008:18:52:42 -0500] "GET /news.html HTTP/1.1" 200 17577 "http://www.toastpoint.com/" "Mozilla/5.0 (Windows; U; Windows NT 6.0; en-US) AppleWebKit/525.19 (KHTML, like Gecko) Chrome/0.4.154.29 Safari/525.19"
74.72.209.3 - - [11/Dec/2008:18:52:42 -0500] "GET /toastpointtopright.html HTTP/1.1" 200 151 "http://www.toastpoint.com/" "Mozilla/5.0 (Windows; U; Windows NT 6.0; en-US) AppleWebKit/525.19 (KHTML, like Gecko) Chrome/0.4.154.29 Safari/525.19"
74.72.209.3 - - [11/Dec/2008:18:52:42 -0500] "GET /tpnews.html HTTP/1.1" 200 8004 "http://www.toastpoint.com/" "Mozilla/5.0 (Windows; U; Windows NT 6.0; en-US) AppleWebKit/525.19 (KHTML, like Gecko) Chrome/0.4.154.29 Safari/525.19"
