208.111.154.15 - - [23/Feb/2009:00:03:30 -0500] "GET /robots.txt HTTP/1.1" 404 693 "-" "Mozilla/5.0 (compatible; Charlotte/1.1; http://www.searchme.com/support/)"
208.111.154.15 - - [23/Feb/2009:00:03:39 -0500] "GET /limerick/1997/nice597.html HTTP/1.1" 200 16764 "-" "Mozilla/5.0 (compatible; Charlotte/1.1; http://www.searchme.com/support/)"
66.249.65.241 - - [23/Feb/2009:00:04:59 -0500] "GET /tpnews.html HTTP/1.1" 200 8305 "-" "Mozilla/5.0 (compatible; Googlebot/2.1; +http://www.google.com/bot.html)"
66.249.65.231 - - [23/Feb/2009:00:17:03 -0500] "GET /fiction/fict499.html HTTP/1.1" 200 12868 "-" "DoCoMo/2.0 N905i(c100;TB;W24H16) (compatible; Googlebot-Mobile/2.1; +http://www.google.com/bot.html)"
208.111.154.15 - - [23/Feb/2009:00:52:35 -0500] "GET /robots.txt HTTP/1.1" 404 693 "-" "Mozilla/5.0 (compatible; Charlotte/1.1; http://www.searchme.com/support/)"
67.195.37.179 - - [23/Feb/2009:01:30:54 -0500] "GET /haiku/haiku.html HTTP/1.0" 200 2147 "-" "Mozilla/5.0 (compatible; Yahoo! DE Slurp; http://help.yahoo.com/help/us/ysearch/slurp)"
66.249.65.234 - - [23/Feb/2009:01:53:27 -0500] "GET /limerick/nice196.html HTTP/1.1" 404 693 "-" "DoCoMo/2.0 N905i(c100;TB;W24H16) (compatible; Googlebot-Mobile/2.1; +http://www.google.com/bot.html)"
66.249.65.230 - - [23/Feb/2009:01:54:19 -0500] "GET /limerick/brady/brady96.html HTTP/1.1" 200 6418 "-" "DoCoMo/2.0 N905i(c100;TB;W24H16) (compatible; Googlebot-Mobile/2.1; +http://www.google.com/bot.html)"
66.249.65.244 - - [23/Feb/2009:01:57:48 -0500] "GET /haiku/haiku.html HTTP/1.1" 200 2147 "-" "SAMSUNG-SGH-E250/1.0 Profile/MIDP-2.0 Configuration/CLDC-1.1 UP.Browser/6.2.3.3.c.1.101 (GUI) MMP/2.0 (compatible; Googlebot-Mobile/2.1; +http://www.google.com/bot.html)"
58.61.164.139 - - [23/Feb/2009:02:06:37 -0500] "GET /robots.txt HTTP/1.1" 404 693 "http://www.toastpoint.com/robots.txt" "Sosospider+(+http://help.soso.com/webspider.htm)"
66.249.65.237 - - [23/Feb/2009:02:11:20 -0500] "GET /limerick/nice499.html HTTP/1.1" 200 24193 "-" "DoCoMo/2.0 N905i(c100;TB;W24H16) (compatible; Googlebot-Mobile/2.1; +http://www.google.com/bot.html)"
72.36.115.86 - - [23/Feb/2009:02:26:13 -0500] "GET /haiku/wumpus.html HTTP/1.1" 404 693 "-" "CazoodleBot/0.0.2 (http://www.cazoodle.com/contact.php; cbot@cazoodle.com)"
66.249.65.228 - - [23/Feb/2009:02:49:20 -0500] "GET /haiku/1995/yuckunov.htm HTTP/1.1" 404 693 "-" "Mozilla/5.0 (compatible; Googlebot/2.1; +http://www.google.com/bot.html)"
66.249.65.244 - - [23/Feb/2009:02:59:55 -0500] "GET /robots.txt HTTP/1.1" 404 693 "-" "Googlebot-Image/1.0"
66.249.65.235 - - [23/Feb/2009:02:59:55 -0500] "GET /index_files/image025.gif HTTP/1.1" 304 - "-" "Googlebot-Image/1.0"
81.52.143.15 - - [23/Feb/2009:03:05:21 -0500] "GET /haiku/haiku599.html HTTP/1.1" 200 33918 "-" "Mozilla/5.0 (Windows; U; Windows NT 5.1; fr; rv:1.8.1) VoilaBot BETA 1.2 (support.voilabot@orange-ftgroup.com)"
114.111.36.26 - - [23/Feb/2009:03:06:09 -0500] "GET /robots.txt HTTP/1.1" 404 693 "-" "Mozilla/4.0 (compatible; NaverBot/1.0; http://help.naver.com/customer_webtxt_02.jsp)"
114.111.36.26 - - [23/Feb/2009:03:06:24 -0500] "GET / HTTP/1.1" 200 464 "-" "Mozilla/4.0 (compatible; NaverBot/1.0; http://help.naver.com/customer_webtxt_02.jsp)"
66.249.65.227 - - [23/Feb/2009:03:17:07 -0500] "GET /index_files/image023.gif HTTP/1.1" 304 - "-" "Googlebot-Image/1.0"
72.30.142.106 - - [23/Feb/2009:03:36:14 -0500] "GET /robots.txt HTTP/1.0" 404 693 "-" "Mozilla/5.0 (compatible; Yahoo! Slurp; http://help.yahoo.com/help/us/ysearch/slurp)"
66.249.65.237 - - [23/Feb/2009:03:54:27 -0500] "GET /fiction/fict499.html HTTP/1.1" 200 12868 "-" "SAMSUNG-SGH-E250/1.0 Profile/MIDP-2.0 Configuration/CLDC-1.1 UP.Browser/6.2.3.3.c.1.101 (GUI) MMP/2.0 (compatible; Googlebot-Mobile/2.1; +http://www.google.com/bot.html)"
66.249.65.231 - - [23/Feb/2009:04:17:44 -0500] "GET /limerick/nice499.html HTTP/1.1" 200 24193 "-" "SAMSUNG-SGH-E250/1.0 Profile/MIDP-2.0 Configuration/CLDC-1.1 UP.Browser/6.2.3.3.c.1.101 (GUI) MMP/2.0 (compatible; Googlebot-Mobile/2.1; +http://www.google.com/bot.html)"
208.111.154.16 - - [23/Feb/2009:04:29:50 -0500] "GET /robots.txt HTTP/1.1" 404 693 "-" "Mozilla/5.0 (compatible; Charlotte/1.1; http://www.searchme.com/support/)"
193.252.149.15 - - [23/Feb/2009:04:30:53 -0500] "GET /fiction/fict499.html HTTP/1.1" 200 12868 "-" "Mozilla/5.0 (Windows; U; Windows NT 5.1; fr; rv:1.8.1) VoilaBot BETA 1.2 (support.voilabot@orange-ftgroup.com)"
66.249.65.227 - - [23/Feb/2009:04:31:53 -0500] "GET /gifs/blank.jpg HTTP/1.1" 200 705 "-" "Mozilla/5.0 (compatible; Googlebot/2.1; +http://www.google.com/bot.html)"
66.249.65.234 - - [23/Feb/2009:04:36:30 -0500] "GET /robots.txt HTTP/1.1" 404 693 "-" "Mozilla/5.0 (compatible; Googlebot/2.1; +http://www.google.com/bot.html)"
66.249.65.237 - - [23/Feb/2009:04:36:30 -0500] "GET /fiction/novels/peak3.html HTTP/1.1" 200 6906 "-" "Mozilla/5.0 (compatible; Googlebot/2.1; +http://www.google.com/bot.html)"
193.252.149.15 - - [23/Feb/2009:04:42:52 -0500] "GET /haiku/haikufrm.html HTTP/1.1" 200 534 "-" "Mozilla/5.0 (Windows; U; Windows NT 5.1; fr; rv:1.8.1) VoilaBot BETA 1.2 (support.voilabot@orange-ftgroup.com)"
66.235.124.8 - - [23/Feb/2009:04:49:31 -0500] "GET /haiku/1996/haiku196.html HTTP/1.1" 200 10159 "-" "Mozilla/5.0 (compatible; Ask Jeeves/Teoma; +http://about.ask.com/en/docs/about/webmasters.shtml)"
81.52.143.16 - - [23/Feb/2009:04:50:08 -0500] "GET /limerick/1998/nice498.html HTTP/1.1" 200 32863 "-" "Mozilla/5.0 (Windows; U; Windows NT 5.1; fr; rv:1.8.1) VoilaBot BETA 1.2 (support.voilabot@orange-ftgroup.com)"
81.52.143.15 - - [23/Feb/2009:05:00:30 -0500] "GET /limerick/nice599.html HTTP/1.1" 200 26033 "-" "Mozilla/5.0 (Windows; U; Windows NT 5.1; fr; rv:1.8.1) VoilaBot BETA 1.2 (support.voilabot@orange-ftgroup.com)"
66.249.65.234 - - [23/Feb/2009:05:19:27 -0500] "GET /haiku/haik1995/1995.html HTTP/1.1" 404 693 "-" "SAMSUNG-SGH-E250/1.0 Profile/MIDP-2.0 Configuration/CLDC-1.1 UP.Browser/6.2.3.3.c.1.101 (GUI) MMP/2.0 (compatible; Googlebot-Mobile/2.1; +http://www.google.com/bot.html)"
81.52.143.26 - - [23/Feb/2009:05:22:13 -0500] "GET /limerick/docs/formhint.html HTTP/1.1" 200 2522 "-" "Mozilla/5.0 (Windows; U; Windows NT 5.1; fr; rv:1.8.1) VoilaBot BETA 1.2 (support.voilabot@orange-ftgroup.com)"
66.249.65.227 - - [23/Feb/2009:05:25:10 -0500] "GET /welcome.html HTTP/1.1" 200 418 "-" "DoCoMo/2.0 N905i(c100;TB;W24H16) (compatible; Googlebot-Mobile/2.1; +http://www.google.com/bot.html)"
66.249.65.233 - - [23/Feb/2009:05:25:13 -0500] "GET / HTTP/1.1" 200 464 "-" "DoCoMo/2.0 N905i(c100;TB;W24H16) (compatible; Googlebot-Mobile/2.1; +http://www.google.com/bot.html)"
81.52.143.16 - - [23/Feb/2009:05:35:14 -0500] "GET /limerick/1996/nice596.html HTTP/1.1" 200 13725 "-" "Mozilla/5.0 (Windows; U; Windows NT 5.1; fr; rv:1.8.1) VoilaBot BETA 1.2 (support.voilabot@orange-ftgroup.com)"
81.52.143.15 - - [23/Feb/2009:05:41:50 -0500] "GET /limerick/1996/naut596.html HTTP/1.1" 200 28755 "-" "Mozilla/5.0 (Windows; U; Windows NT 5.1; fr; rv:1.8.1) VoilaBot BETA 1.2 (support.voilabot@orange-ftgroup.com)"
38.108.180.46 - - [23/Feb/2009:05:52:21 -0500] "GET /robots.txt HTTP/1.1" 404 693 "-" "Mozilla/5.0 (compatible; ScoutJet; +http://www.scoutjet.com/)"
38.108.180.46 - - [23/Feb/2009:05:52:25 -0500] "GET /toastpointtopleft.html HTTP/1.1" 200 162 "-" "Mozilla/5.0 (compatible; ScoutJet; +http://www.scoutjet.com/)"
193.252.149.15 - - [23/Feb/2009:05:57:59 -0500] "GET /limerick/nice199.html HTTP/1.1" 200 25313 "-" "Mozilla/5.0 (Windows; U; Windows NT 5.1; fr; rv:1.8.1) VoilaBot BETA 1.2 (support.voilabot@orange-ftgroup.com)"
66.249.65.235 - - [23/Feb/2009:06:08:46 -0500] "GET /fiction/fict97/fict97.html HTTP/1.1" 200 1536 "-" "SAMSUNG-SGH-E250/1.0 Profile/MIDP-2.0 Configuration/CLDC-1.1 UP.Browser/6.2.3.3.c.1.101 (GUI) MMP/2.0 (compatible; Googlebot-Mobile/2.1; +http://www.google.com/bot.html)"
66.249.65.244 - - [23/Feb/2009:06:11:35 -0500] "GET /limerick/brady/brady96.html HTTP/1.1" 200 6418 "-" "SAMSUNG-SGH-E250/1.0 Profile/MIDP-2.0 Configuration/CLDC-1.1 UP.Browser/6.2.3.3.c.1.101 (GUI) MMP/2.0 (compatible; Googlebot-Mobile/2.1; +http://www.google.com/bot.html)"
66.249.65.227 - - [23/Feb/2009:06:14:42 -0500] "GET /fiction/fict97/fict1197.html HTTP/1.1" 200 12283 "-" "SAMSUNG-SGH-E250/1.0 Profile/MIDP-2.0 Configuration/CLDC-1.1 UP.Browser/6.2.3.3.c.1.101 (GUI) MMP/2.0 (compatible; Googlebot-Mobile/2.1; +http://www.google.com/bot.html)"
208.111.154.16 - - [23/Feb/2009:06:15:02 -0500] "GET /limerick/1996/naut196.html HTTP/1.1" 200 38213 "-" "Mozilla/5.0 (compatible; Charlotte/1.1; http://www.searchme.com/support/)"
66.249.65.226 - - [23/Feb/2009:06:19:30 -0500] "GET /limerick/1995/nautnov.html HTTP/1.1" 200 13933 "-" "SAMSUNG-SGH-E250/1.0 Profile/MIDP-2.0 Configuration/CLDC-1.1 UP.Browser/6.2.3.3.c.1.101 (GUI) MMP/2.0 (compatible; Googlebot-Mobile/2.1; +http://www.google.com/bot.html)"
66.249.65.227 - - [23/Feb/2009:06:20:08 -0500] "GET /fiction/fict9596/fict9596.html HTTP/1.1" 200 1446 "-" "Mozilla/5.0 (compatible; Googlebot/2.1; +http://www.google.com/bot.html)"
66.249.65.235 - - [23/Feb/2009:06:24:18 -0500] "GET /limerick/1997/nice1197.html HTTP/1.1" 200 19541 "-" "SAMSUNG-SGH-E250/1.0 Profile/MIDP-2.0 Configuration/CLDC-1.1 UP.Browser/6.2.3.3.c.1.101 (GUI) MMP/2.0 (compatible; Googlebot-Mobile/2.1; +http://www.google.com/bot.html)"
193.252.149.15 - - [23/Feb/2009:06:24:18 -0500] "GET /haiku/haiku499.html HTTP/1.1" 200 54815 "-" "Mozilla/5.0 (Windows; U; Windows NT 5.1; fr; rv:1.8.1) VoilaBot BETA 1.2 (support.voilabot@orange-ftgroup.com)"
66.249.65.240 - - [23/Feb/2009:06:25:36 -0500] "GET /haiku/1995/haikujun.html HTTP/1.1" 200 2332 "-" "Mozilla/5.0 (compatible; Googlebot/2.1; +http://www.google.com/bot.html)"
66.249.65.229 - - [23/Feb/2009:06:26:27 -0500] "GET /limerick/1998/lim1998.html HTTP/1.1" 200 2041 "-" "SAMSUNG-SGH-E250/1.0 Profile/MIDP-2.0 Configuration/CLDC-1.1 UP.Browser/6.2.3.3.c.1.101 (GUI) MMP/2.0 (compatible; Googlebot-Mobile/2.1; +http://www.google.com/bot.html)"
66.249.65.233 - - [23/Feb/2009:06:34:44 -0500] "GET /limerick/brady/brady97.html HTTP/1.1" 200 10474 "-" "SAMSUNG-SGH-E250/1.0 Profile/MIDP-2.0 Configuration/CLDC-1.1 UP.Browser/6.2.3.3.c.1.101 (GUI) MMP/2.0 (compatible; Googlebot-Mobile/2.1; +http://www.google.com/bot.html)"
66.249.65.229 - - [23/Feb/2009:06:39:41 -0500] "GET /haiku/1997/haik1997.html HTTP/1.1" 200 2138 "-" "SAMSUNG-SGH-E250/1.0 Profile/MIDP-2.0 Configuration/CLDC-1.1 UP.Browser/6.2.3.3.c.1.101 (GUI) MMP/2.0 (compatible; Googlebot-Mobile/2.1; +http://www.google.com/bot.html)"
66.249.65.227 - - [23/Feb/2009:06:41:20 -0500] "GET /haiku/1998/haik1998.html HTTP/1.1" 200 2178 "-" "SAMSUNG-SGH-E250/1.0 Profile/MIDP-2.0 Configuration/CLDC-1.1 UP.Browser/6.2.3.3.c.1.101 (GUI) MMP/2.0 (compatible; Googlebot-Mobile/2.1; +http://www.google.com/bot.html)"
63.241.3.51 - - [23/Feb/2009:06:42:34 -0500] "GET /limerick/limerick.html HTTP/1.1" 200 2613 "-" "-"
66.249.65.227 - - [23/Feb/2009:06:51:45 -0500] "GET /limerick/1995/nautaug.html HTTP/1.1" 200 7940 "-" "SAMSUNG-SGH-E250/1.0 Profile/MIDP-2.0 Configuration/CLDC-1.1 UP.Browser/6.2.3.3.c.1.101 (GUI) MMP/2.0 (compatible; Googlebot-Mobile/2.1; +http://www.google.com/bot.html)"
66.249.65.226 - - [23/Feb/2009:06:52:05 -0500] "GET /limerick/docs/formhint.html HTTP/1.1" 200 2522 "-" "SAMSUNG-SGH-E250/1.0 Profile/MIDP-2.0 Configuration/CLDC-1.1 UP.Browser/6.2.3.3.c.1.101 (GUI) MMP/2.0 (compatible; Googlebot-Mobile/2.1; +http://www.google.com/bot.html)"
66.249.65.242 - - [23/Feb/2009:06:55:14 -0500] "GET /limerick/1995/1995.html HTTP/1.1" 200 1428 "-" "SAMSUNG-SGH-E250/1.0 Profile/MIDP-2.0 Configuration/CLDC-1.1 UP.Browser/6.2.3.3.c.1.101 (GUI) MMP/2.0 (compatible; Googlebot-Mobile/2.1; +http://www.google.com/bot.html)"
66.249.65.240 - - [23/Feb/2009:07:07:30 -0500] "GET /robots.txt HTTP/1.1" 404 693 "-" "Mozilla/5.0 (compatible; Googlebot/2.1; +http://www.google.com/bot.html)"
66.249.65.242 - - [23/Feb/2009:07:07:30 -0500] "GET /travel/novascotia-pei2005.html HTTP/1.1" 200 735 "-" "Mozilla/5.0 (compatible; Googlebot/2.1; +http://www.google.com/bot.html)"
208.111.154.16 - - [23/Feb/2009:07:12:48 -0500] "GET /robots.txt HTTP/1.1" 404 693 "-" "Mozilla/5.0 (compatible; Charlotte/1.1; http://www.searchme.com/support/)"
66.249.65.225 - - [23/Feb/2009:07:50:15 -0500] "GET /haiku/1997/haik1997.html HTTP/1.1" 304 - "-" "Mozilla/5.0 (compatible; Googlebot/2.1; +http://www.google.com/bot.html)"
80.89.188.61 - - [23/Feb/2009:08:07:02 -0500] "GET / HTTP/1.1" 200 464 "-" "Mozilla/4.0 (compatible; MSIE 6.0; Windows NT 5.1; .NET CLR 2.0.50727)"
80.89.188.61 - - [23/Feb/2009:08:07:03 -0500] "GET /toastpointtopleft.html HTTP/1.1" 200 162 "http://www.toastpoint.com/" "Mozilla/4.0 (compatible; MSIE 6.0; Windows NT 5.1; .NET CLR 2.0.50727)"
80.89.188.61 - - [23/Feb/2009:08:07:03 -0500] "GET /toastpointtoc.html HTTP/1.1" 200 1188 "http://www.toastpoint.com/" "Mozilla/4.0 (compatible; MSIE 6.0; Windows NT 5.1; .NET CLR 2.0.50727)"
80.89.188.61 - - [23/Feb/2009:08:07:03 -0500] "GET /news.html HTTP/1.1" 200 17706 "http://www.toastpoint.com/" "Mozilla/4.0 (compatible; MSIE 6.0; Windows NT 5.1; .NET CLR 2.0.50727)"
80.89.188.61 - - [23/Feb/2009:08:07:03 -0500] "GET /toastpointtopright.html HTTP/1.1" 200 151 "http://www.toastpoint.com/" "Mozilla/4.0 (compatible; MSIE 6.0; Windows NT 5.1; .NET CLR 2.0.50727)"
80.89.188.61 - - [23/Feb/2009:08:07:05 -0500] "GET /tpnews.html HTTP/1.1" 200 8305 "http://www.toastpoint.com/" "Mozilla/4.0 (compatible; MSIE 6.0; Windows NT 5.1; .NET CLR 2.0.50727)"
80.89.188.61 - - [23/Feb/2009:08:07:07 -0500] "GET /gifs/tpwinter20089.jpg HTTP/1.1" 200 28088 "http://www.toastpoint.com/news.html" "Mozilla/4.0 (compatible; MSIE 6.0; Windows NT 5.1; .NET CLR 2.0.50727)"
193.252.149.16 - - [23/Feb/2009:08:24:33 -0500] "GET /limerick/?M=A HTTP/1.1" 403 563 "-" "Mozilla/5.0 (Windows; U; Windows NT 5.1; fr; rv:1.8.1) VoilaBot BETA 1.2 (support.voilabot@orange-ftgroup.com)"
66.249.65.242 - - [23/Feb/2009:08:27:11 -0500] "GET /limerick/1998/nice998.html HTTP/1.1" 200 24712 "-" "SAMSUNG-SGH-E250/1.0 Profile/MIDP-2.0 Configuration/CLDC-1.1 UP.Browser/6.2.3.3.c.1.101 (GUI) MMP/2.0 (compatible; Googlebot-Mobile/2.1; +http://www.google.com/bot.html)"
66.249.65.244 - - [23/Feb/2009:08:27:22 -0500] "GET /limerick/1998/naut1098.html HTTP/1.1" 200 29294 "-" "SAMSUNG-SGH-E250/1.0 Profile/MIDP-2.0 Configuration/CLDC-1.1 UP.Browser/6.2.3.3.c.1.101 (GUI) MMP/2.0 (compatible; Googlebot-Mobile/2.1; +http://www.google.com/bot.html)"
66.249.65.230 - - [23/Feb/2009:08:31:09 -0500] "GET /limerick/1998/naut498.html HTTP/1.1" 200 31946 "-" "SAMSUNG-SGH-E250/1.0 Profile/MIDP-2.0 Configuration/CLDC-1.1 UP.Browser/6.2.3.3.c.1.101 (GUI) MMP/2.0 (compatible; Googlebot-Mobile/2.1; +http://www.google.com/bot.html)"
66.249.65.229 - - [23/Feb/2009:08:32:17 -0500] "GET /haiku/1997/haiku497.html HTTP/1.1" 200 29895 "-" "SAMSUNG-SGH-E250/1.0 Profile/MIDP-2.0 Configuration/CLDC-1.1 UP.Browser/6.2.3.3.c.1.101 (GUI) MMP/2.0 (compatible; Googlebot-Mobile/2.1; +http://www.google.com/bot.html)"
66.249.65.226 - - [23/Feb/2009:08:32:29 -0500] "GET /limerick/1998/nice198.html HTTP/1.1" 200 25254 "-" "SAMSUNG-SGH-E250/1.0 Profile/MIDP-2.0 Configuration/CLDC-1.1 UP.Browser/6.2.3.3.c.1.101 (GUI) MMP/2.0 (compatible; Googlebot-Mobile/2.1; +http://www.google.com/bot.html)"
66.249.65.233 - - [23/Feb/2009:08:32:40 -0500] "GET /limerick/1998/naut398.html HTTP/1.1" 200 58324 "-" "SAMSUNG-SGH-E250/1.0 Profile/MIDP-2.0 Configuration/CLDC-1.1 UP.Browser/6.2.3.3.c.1.101 (GUI) MMP/2.0 (compatible; Googlebot-Mobile/2.1; +http://www.google.com/bot.html)"
66.249.65.226 - - [23/Feb/2009:08:36:48 -0500] "GET /haiku/1997/haiku297.html HTTP/1.1" 200 48218 "-" "SAMSUNG-SGH-E250/1.0 Profile/MIDP-2.0 Configuration/CLDC-1.1 UP.Browser/6.2.3.3.c.1.101 (GUI) MMP/2.0 (compatible; Googlebot-Mobile/2.1; +http://www.google.com/bot.html)"
66.249.65.234 - - [23/Feb/2009:08:36:59 -0500] "GET /limerick/1998/nice1098.html HTTP/1.1" 200 32559 "-" "SAMSUNG-SGH-E250/1.0 Profile/MIDP-2.0 Configuration/CLDC-1.1 UP.Browser/6.2.3.3.c.1.101 (GUI) MMP/2.0 (compatible; Googlebot-Mobile/2.1; +http://www.google.com/bot.html)"
66.249.65.239 - - [23/Feb/2009:08:39:26 -0500] "GET /haiku/1997/haiku397.html HTTP/1.1" 200 42491 "-" "SAMSUNG-SGH-E250/1.0 Profile/MIDP-2.0 Configuration/CLDC-1.1 UP.Browser/6.2.3.3.c.1.101 (GUI) MMP/2.0 (compatible; Googlebot-Mobile/2.1; +http://www.google.com/bot.html)"
66.249.65.232 - - [23/Feb/2009:08:40:47 -0500] "GET /haiku/haiku.html HTTP/1.1" 200 2147 "-" "DoCoMo/2.0 N905i(c100;TB;W24H16) (compatible; Googlebot-Mobile/2.1; +http://www.google.com/bot.html)"
66.249.65.241 - - [23/Feb/2009:08:44:55 -0500] "GET /limerick/1998/naut698.html HTTP/1.1" 200 41193 "-" "SAMSUNG-SGH-E250/1.0 Profile/MIDP-2.0 Configuration/CLDC-1.1 UP.Browser/6.2.3.3.c.1.101 (GUI) MMP/2.0 (compatible; Googlebot-Mobile/2.1; +http://www.google.com/bot.html)"
66.249.65.234 - - [23/Feb/2009:08:48:42 -0500] "GET /limerick/1998/naut1298.html HTTP/1.1" 200 31614 "-" "SAMSUNG-SGH-E250/1.0 Profile/MIDP-2.0 Configuration/CLDC-1.1 UP.Browser/6.2.3.3.c.1.101 (GUI) MMP/2.0 (compatible; Googlebot-Mobile/2.1; +http://www.google.com/bot.html)"
66.249.65.230 - - [23/Feb/2009:08:54:43 -0500] "GET /limerick/1998/naut598.html HTTP/1.1" 200 63665 "-" "SAMSUNG-SGH-E250/1.0 Profile/MIDP-2.0 Configuration/CLDC-1.1 UP.Browser/6.2.3.3.c.1.101 (GUI) MMP/2.0 (compatible; Googlebot-Mobile/2.1; +http://www.google.com/bot.html)"
66.249.65.229 - - [23/Feb/2009:08:55:05 -0500] "GET /limerick/1998/naut1198.html HTTP/1.1" 200 22126 "-" "SAMSUNG-SGH-E250/1.0 Profile/MIDP-2.0 Configuration/CLDC-1.1 UP.Browser/6.2.3.3.c.1.101 (GUI) MMP/2.0 (compatible; Googlebot-Mobile/2.1; +http://www.google.com/bot.html)"
66.249.65.239 - - [23/Feb/2009:08:58:06 -0500] "GET /haiku/1997/haiku597.html HTTP/1.1" 200 30659 "-" "SAMSUNG-SGH-E250/1.0 Profile/MIDP-2.0 Configuration/CLDC-1.1 UP.Browser/6.2.3.3.c.1.101 (GUI) MMP/2.0 (compatible; Googlebot-Mobile/2.1; +http://www.google.com/bot.html)"
66.249.65.232 - - [23/Feb/2009:08:58:18 -0500] "GET /limerick/1995/nicedec.html HTTP/1.1" 200 13251 "-" "SAMSUNG-SGH-E250/1.0 Profile/MIDP-2.0 Configuration/CLDC-1.1 UP.Browser/6.2.3.3.c.1.101 (GUI) MMP/2.0 (compatible; Googlebot-Mobile/2.1; +http://www.google.com/bot.html)"
66.249.65.228 - - [23/Feb/2009:08:58:29 -0500] "GET /limerick/1998/naut798.html HTTP/1.1" 200 47582 "-" "SAMSUNG-SGH-E250/1.0 Profile/MIDP-2.0 Configuration/CLDC-1.1 UP.Browser/6.2.3.3.c.1.101 (GUI) MMP/2.0 (compatible; Googlebot-Mobile/2.1; +http://www.google.com/bot.html)"
66.249.65.226 - - [23/Feb/2009:09:04:31 -0500] "GET /limerick/1998/naut998.html HTTP/1.1" 200 35543 "-" "SAMSUNG-SGH-E250/1.0 Profile/MIDP-2.0 Configuration/CLDC-1.1 UP.Browser/6.2.3.3.c.1.101 (GUI) MMP/2.0 (compatible; Googlebot-Mobile/2.1; +http://www.google.com/bot.html)"
66.249.65.240 - - [23/Feb/2009:09:04:42 -0500] "GET /limerick/1998/naut198.html HTTP/1.1" 200 38022 "-" "SAMSUNG-SGH-E250/1.0 Profile/MIDP-2.0 Configuration/CLDC-1.1 UP.Browser/6.2.3.3.c.1.101 (GUI) MMP/2.0 (compatible; Googlebot-Mobile/2.1; +http://www.google.com/bot.html)"
66.249.65.235 - - [23/Feb/2009:09:04:53 -0500] "GET /limerick/1998/nice1198.html HTTP/1.1" 200 27306 "-" "SAMSUNG-SGH-E250/1.0 Profile/MIDP-2.0 Configuration/CLDC-1.1 UP.Browser/6.2.3.3.c.1.101 (GUI) MMP/2.0 (compatible; Googlebot-Mobile/2.1; +http://www.google.com/bot.html)"
66.249.65.227 - - [23/Feb/2009:09:10:44 -0500] "GET /limerick/1998/nice1298.html HTTP/1.1" 200 22822 "-" "SAMSUNG-SGH-E250/1.0 Profile/MIDP-2.0 Configuration/CLDC-1.1 UP.Browser/6.2.3.3.c.1.101 (GUI) MMP/2.0 (compatible; Googlebot-Mobile/2.1; +http://www.google.com/bot.html)"
66.249.65.234 - - [23/Feb/2009:09:15:09 -0500] "GET /haiku/1997/haik1197.html HTTP/1.1" 200 26399 "-" "SAMSUNG-SGH-E250/1.0 Profile/MIDP-2.0 Configuration/CLDC-1.1 UP.Browser/6.2.3.3.c.1.101 (GUI) MMP/2.0 (compatible; Googlebot-Mobile/2.1; +http://www.google.com/bot.html)"
66.249.65.240 - - [23/Feb/2009:09:15:17 -0500] "GET /limerick/1998/nice298.html HTTP/1.1" 200 24359 "-" "SAMSUNG-SGH-E250/1.0 Profile/MIDP-2.0 Configuration/CLDC-1.1 UP.Browser/6.2.3.3.c.1.101 (GUI) MMP/2.0 (compatible; Googlebot-Mobile/2.1; +http://www.google.com/bot.html)"
66.249.65.232 - - [23/Feb/2009:09:15:18 -0500] "GET /limerick/1998/naut298.html HTTP/1.1" 200 48518 "-" "SAMSUNG-SGH-E250/1.0 Profile/MIDP-2.0 Configuration/CLDC-1.1 UP.Browser/6.2.3.3.c.1.101 (GUI) MMP/2.0 (compatible; Googlebot-Mobile/2.1; +http://www.google.com/bot.html)"
66.249.65.225 - - [23/Feb/2009:09:17:26 -0500] "GET /haiku/1995/1995.html HTTP/1.1" 200 951 "-" "SAMSUNG-SGH-E250/1.0 Profile/MIDP-2.0 Configuration/CLDC-1.1 UP.Browser/6.2.3.3.c.1.101 (GUI) MMP/2.0 (compatible; Googlebot-Mobile/2.1; +http://www.google.com/bot.html)"
66.249.65.226 - - [23/Feb/2009:09:20:03 -0500] "GET /haiku/1997/haiku797.html HTTP/1.1" 200 23929 "-" "SAMSUNG-SGH-E250/1.0 Profile/MIDP-2.0 Configuration/CLDC-1.1 UP.Browser/6.2.3.3.c.1.101 (GUI) MMP/2.0 (compatible; Googlebot-Mobile/2.1; +http://www.google.com/bot.html)"
66.249.65.235 - - [23/Feb/2009:09:23:49 -0500] "GET /limerick/1998/nice498.html HTTP/1.1" 200 32863 "-" "SAMSUNG-SGH-E250/1.0 Profile/MIDP-2.0 Configuration/CLDC-1.1 UP.Browser/6.2.3.3.c.1.101 (GUI) MMP/2.0 (compatible; Googlebot-Mobile/2.1; +http://www.google.com/bot.html)"
208.111.154.15 - - [23/Feb/2009:09:25:44 -0500] "GET /robots.txt HTTP/1.1" 404 693 "-" "Mozilla/5.0 (compatible; Charlotte/1.1; http://www.searchme.com/support/)"
66.249.65.233 - - [23/Feb/2009:09:28:27 -0500] "GET /haiku/1997/haik1097.html HTTP/1.1" 200 24055 "-" "SAMSUNG-SGH-E250/1.0 Profile/MIDP-2.0 Configuration/CLDC-1.1 UP.Browser/6.2.3.3.c.1.101 (GUI) MMP/2.0 (compatible; Googlebot-Mobile/2.1; +http://www.google.com/bot.html)"
66.249.65.242 - - [23/Feb/2009:09:28:37 -0500] "GET /haiku/1997/haiku197.html HTTP/1.1" 200 34967 "-" "SAMSUNG-SGH-E250/1.0 Profile/MIDP-2.0 Configuration/CLDC-1.1 UP.Browser/6.2.3.3.c.1.101 (GUI) MMP/2.0 (compatible; Googlebot-Mobile/2.1; +http://www.google.com/bot.html)"
66.249.65.229 - - [23/Feb/2009:09:28:47 -0500] "GET /limerick/1998/nice798.html HTTP/1.1" 200 18342 "-" "SAMSUNG-SGH-E250/1.0 Profile/MIDP-2.0 Configuration/CLDC-1.1 UP.Browser/6.2.3.3.c.1.101 (GUI) MMP/2.0 (compatible; Googlebot-Mobile/2.1; +http://www.google.com/bot.html)"
66.249.65.225 - - [23/Feb/2009:09:28:58 -0500] "GET /limerick/1998/nice698.html HTTP/1.1" 200 24183 "-" "SAMSUNG-SGH-E250/1.0 Profile/MIDP-2.0 Configuration/CLDC-1.1 UP.Browser/6.2.3.3.c.1.101 (GUI) MMP/2.0 (compatible; Googlebot-Mobile/2.1; +http://www.google.com/bot.html)"
81.52.143.26 - - [23/Feb/2009:09:32:01 -0500] "GET /limerick/naut299.html HTTP/1.1" 200 23095 "-" "Mozilla/5.0 (Windows; U; Windows NT 5.1; fr; rv:1.8.1) VoilaBot BETA 1.2 (support.voilabot@orange-ftgroup.com)"
208.36.144.8 - - [23/Feb/2009:09:36:41 -0500] "GET /robots.txt HTTP/1.0" 404 693 "-" "Mozilla/5.0 (Twiceler-0.9 http://www.cuil.com/twiceler/robot.html)"
81.52.143.15 - - [23/Feb/2009:10:06:10 -0500] "GET /limerick/?D=A HTTP/1.1" 403 563 "-" "Mozilla/5.0 (Windows; U; Windows NT 5.1; fr; rv:1.8.1) VoilaBot BETA 1.2 (support.voilabot@orange-ftgroup.com)"
81.52.143.26 - - [23/Feb/2009:10:24:22 -0500] "GET /haiku/moral.html HTTP/1.1" 200 4692 "-" "Mozilla/5.0 (Windows; U; Windows NT 5.1; fr; rv:1.8.1) VoilaBot BETA 1.2 (support.voilabot@orange-ftgroup.com)"
208.80.194.50 - - [23/Feb/2009:10:43:28 -0500] "GET / HTTP/1.0" 200 464 "-" "Mozilla/4.0 (compatible; MSIE 6.0; Windows NT 5.1; SV1; SaveWealth; (R1 1.5); .NET CLR 1.1.4322)"
66.249.65.241 - - [23/Feb/2009:10:55:42 -0500] "GET /haiku/1995/haikunov.html HTTP/1.1" 200 12211 "-" "SAMSUNG-SGH-E250/1.0 Profile/MIDP-2.0 Configuration/CLDC-1.1 UP.Browser/6.2.3.3.c.1.101 (GUI) MMP/2.0 (compatible; Googlebot-Mobile/2.1; +http://www.google.com/bot.html)"
38.108.180.81 - - [23/Feb/2009:10:58:33 -0500] "GET /robots.txt HTTP/1.1" 404 693 "-" "Mozilla/5.0 (compatible; ScoutJet; +http://www.scoutjet.com/)"
38.108.180.81 - - [23/Feb/2009:10:58:39 -0500] "GET / HTTP/1.1" 200 464 "-" "Mozilla/5.0 (compatible; ScoutJet; +http://www.scoutjet.com/)"
38.108.180.81 - - [23/Feb/2009:10:58:40 -0500] "GET /favicon.ico HTTP/1.1" 404 693 "-" "Mozilla/5.0 (compatible; ScoutJet; +http://www.scoutjet.com/)"
193.252.149.16 - - [23/Feb/2009:11:01:52 -0500] "GET /limerick/?N=A HTTP/1.1" 403 563 "-" "Mozilla/5.0 (Windows; U; Windows NT 5.1; fr; rv:1.8.1) VoilaBot BETA 1.2 (support.voilabot@orange-ftgroup.com)"
66.249.65.232 - - [23/Feb/2009:11:06:16 -0500] "GET /haiku/1995/bestof95.html HTTP/1.1" 200 7955 "-" "SAMSUNG-SGH-E250/1.0 Profile/MIDP-2.0 Configuration/CLDC-1.1 UP.Browser/6.2.3.3.c.1.101 (GUI) MMP/2.0 (compatible; Googlebot-Mobile/2.1; +http://www.google.com/bot.html)"
66.249.65.234 - - [23/Feb/2009:11:22:20 -0500] "GET /haiku/1995/haikujul.html HTTP/1.1" 200 2170 "-" "SAMSUNG-SGH-E250/1.0 Profile/MIDP-2.0 Configuration/CLDC-1.1 UP.Browser/6.2.3.3.c.1.101 (GUI) MMP/2.0 (compatible; Googlebot-Mobile/2.1; +http://www.google.com/bot.html)"
66.249.65.226 - - [23/Feb/2009:11:26:26 -0500] "GET /haiku/1995/haikudec.html HTTP/1.1" 200 16366 "-" "SAMSUNG-SGH-E250/1.0 Profile/MIDP-2.0 Configuration/CLDC-1.1 UP.Browser/6.2.3.3.c.1.101 (GUI) MMP/2.0 (compatible; Googlebot-Mobile/2.1; +http://www.google.com/bot.html)"
66.249.65.226 - - [23/Feb/2009:11:26:35 -0500] "GET /haiku/1995/haikuoct.html HTTP/1.1" 200 10090 "-" "SAMSUNG-SGH-E250/1.0 Profile/MIDP-2.0 Configuration/CLDC-1.1 UP.Browser/6.2.3.3.c.1.101 (GUI) MMP/2.0 (compatible; Googlebot-Mobile/2.1; +http://www.google.com/bot.html)"
81.52.143.15 - - [23/Feb/2009:11:59:42 -0500] "GET /fiction/fict399.html HTTP/1.1" 200 27729 "-" "Mozilla/5.0 (Windows; U; Windows NT 5.1; fr; rv:1.8.1) VoilaBot BETA 1.2 (support.voilabot@orange-ftgroup.com)"
81.52.143.15 - - [23/Feb/2009:12:08:33 -0500] "GET /limerick/nice399.html HTTP/1.1" 200 31092 "-" "Mozilla/5.0 (Windows; U; Windows NT 5.1; fr; rv:1.8.1) VoilaBot BETA 1.2 (support.voilabot@orange-ftgroup.com)"
38.108.180.46 - - [23/Feb/2009:12:10:12 -0500] "GET /robots.txt HTTP/1.1" 404 693 "-" "Mozilla/5.0 (compatible; ScoutJet; +http://www.scoutjet.com/)"
38.108.180.46 - - [23/Feb/2009:12:10:14 -0500] "GET / HTTP/1.1" 200 464 "-" "Mozilla/5.0 (compatible; ScoutJet; +http://www.scoutjet.com/)"
38.108.180.46 - - [23/Feb/2009:12:10:19 -0500] "GET /favicon.ico HTTP/1.1" 404 693 "-" "Mozilla/5.0 (compatible; ScoutJet; +http://www.scoutjet.com/)"
208.80.194.34 - - [23/Feb/2009:12:15:48 -0500] "GET / HTTP/1.0" 200 464 "-" "Mozilla/4.0 (compatible; MSIE 6.0; Windows NT 5.1; SV1; SaveWealth; (R1 1.5); .NET CLR 1.1.4322)"
208.111.154.32 - - [23/Feb/2009:12:25:34 -0500] "GET /fiction/fict299.html HTTP/1.1" 200 38635 "-" "Mozilla/5.0 (compatible; Charlotte/1.1; http://www.searchme.com/support/)"
81.52.143.26 - - [23/Feb/2009:12:27:48 -0500] "GET /limerick/nautfrm.html HTTP/1.1" 200 548 "-" "Mozilla/5.0 (Windows; U; Windows NT 5.1; fr; rv:1.8.1) VoilaBot BETA 1.2 (support.voilabot@orange-ftgroup.com)"
66.249.65.239 - - [23/Feb/2009:12:31:10 -0500] "GET /limerick/1995/nautnov.html HTTP/1.1" 200 13933 "-" "DoCoMo/2.0 N905i(c100;TB;W24H16) (compatible; Googlebot-Mobile/2.1; +http://www.google.com/bot.html)"
66.249.65.234 - - [23/Feb/2009:12:31:25 -0500] "GET /fiction/fict97/fict97.html HTTP/1.1" 200 1536 "-" "DoCoMo/2.0 N905i(c100;TB;W24H16) (compatible; Googlebot-Mobile/2.1; +http://www.google.com/bot.html)"
66.249.65.226 - - [23/Feb/2009:12:33:34 -0500] "GET /limerick/1998/lim1998.html HTTP/1.1" 200 2041 "-" "DoCoMo/2.0 N905i(c100;TB;W24H16) (compatible; Googlebot-Mobile/2.1; +http://www.google.com/bot.html)"
66.249.65.241 - - [23/Feb/2009:12:34:42 -0500] "GET /limerick/docs/formhint.html HTTP/1.1" 200 2522 "-" "DoCoMo/2.0 N905i(c100;TB;W24H16) (compatible; Googlebot-Mobile/2.1; +http://www.google.com/bot.html)"
66.249.65.228 - - [23/Feb/2009:12:34:58 -0500] "GET /haiku/1997/haik1997.html HTTP/1.1" 200 2138 "-" "DoCoMo/2.0 N905i(c100;TB;W24H16) (compatible; Googlebot-Mobile/2.1; +http://www.google.com/bot.html)"
66.249.65.234 - - [23/Feb/2009:12:35:05 -0500] "GET /haiku/1998/haik1998.html HTTP/1.1" 200 2178 "-" "DoCoMo/2.0 N905i(c100;TB;W24H16) (compatible; Googlebot-Mobile/2.1; +http://www.google.com/bot.html)"
81.52.143.16 - - [23/Feb/2009:12:35:53 -0500] "GET /limerick/1998/naut598.html HTTP/1.1" 200 63665 "-" "Mozilla/5.0 (Windows; U; Windows NT 5.1; fr; rv:1.8.1) VoilaBot BETA 1.2 (support.voilabot@orange-ftgroup.com)"
66.249.65.228 - - [23/Feb/2009:12:36:34 -0500] "GET /haiku/1995/haikujul.html HTTP/1.1" 200 2170 "-" "Mozilla/5.0 (compatible; Googlebot/2.1; +http://www.google.com/bot.html)"
66.249.65.244 - - [23/Feb/2009:12:36:54 -0500] "GET /limerick/brady/brady97.html HTTP/1.1" 200 10474 "-" "DoCoMo/2.0 N905i(c100;TB;W24H16) (compatible; Googlebot-Mobile/2.1; +http://www.google.com/bot.html)"
66.249.65.237 - - [23/Feb/2009:12:37:15 -0500] "GET /limerick/1995/1995.html HTTP/1.1" 200 1428 "-" "DoCoMo/2.0 N905i(c100;TB;W24H16) (compatible; Googlebot-Mobile/2.1; +http://www.google.com/bot.html)"
66.249.65.237 - - [23/Feb/2009:12:39:24 -0500] "GET /limerick/1997/nice1197.html HTTP/1.1" 200 19541 "-" "DoCoMo/2.0 N905i(c100;TB;W24H16) (compatible; Googlebot-Mobile/2.1; +http://www.google.com/bot.html)"
208.111.154.15 - - [23/Feb/2009:13:11:57 -0500] "GET /robots.txt HTTP/1.1" 404 693 "-" "Mozilla/5.0 (compatible; Charlotte/1.1; http://www.searchme.com/support/)"
193.252.149.16 - - [23/Feb/2009:13:15:05 -0500] "GET /haiku/?N=D HTTP/1.1" 403 563 "-" "Mozilla/5.0 (Windows; U; Windows NT 5.1; fr; rv:1.8.1) VoilaBot BETA 1.2 (support.voilabot@orange-ftgroup.com)"
193.252.149.15 - - [23/Feb/2009:13:53:11 -0500] "GET /haiku/ HTTP/1.1" 403 563 "-" "Mozilla/5.0 (Windows; U; Windows NT 5.1; fr; rv:1.8.1) VoilaBot BETA 1.2 (support.voilabot@orange-ftgroup.com)"
76.225.159.2 - - [23/Feb/2009:14:06:37 -0500] "GET / HTTP/1.1" 200 919088 "http://charleskeiser.com/" "Mozilla/5.0 (Macintosh; U; Intel Mac OS X 10_5_6; en-us) AppleWebKit/525.27.1 (KHTML, like Gecko) Version/3.2.1 Safari/525.27.1"
76.225.159.2 - - [23/Feb/2009:14:06:45 -0500] "GET /index_files/image002.gif HTTP/1.1" 200 665 "http://charleskeiser.com/" "Mozilla/5.0 (Macintosh; U; Intel Mac OS X 10_5_6; en-us) AppleWebKit/525.27.1 (KHTML, like Gecko) Version/3.2.1 Safari/525.27.1"
76.225.159.2 - - [23/Feb/2009:14:06:45 -0500] "GET /index_files/image001.gif HTTP/1.1" 200 1409 "http://charleskeiser.com/" "Mozilla/5.0 (Macintosh; U; Intel Mac OS X 10_5_6; en-us) AppleWebKit/525.27.1 (KHTML, like Gecko) Version/3.2.1 Safari/525.27.1"
76.225.159.2 - - [23/Feb/2009:14:06:45 -0500] "GET /index_files/image008.gif HTTP/1.1" 200 143 "http://charleskeiser.com/" "Mozilla/5.0 (Macintosh; U; Intel Mac OS X 10_5_6; en-us) AppleWebKit/525.27.1 (KHTML, like Gecko) Version/3.2.1 Safari/525.27.1"
76.225.159.2 - - [23/Feb/2009:14:06:45 -0500] "GET /index_files/image007.jpg HTTP/1.1" 200 5306 "http://charleskeiser.com/" "Mozilla/5.0 (Macintosh; U; Intel Mac OS X 10_5_6; en-us) AppleWebKit/525.27.1 (KHTML, like Gecko) Version/3.2.1 Safari/525.27.1"
76.225.159.2 - - [23/Feb/2009:14:06:45 -0500] "GET /index_files/image004.gif HTTP/1.1" 200 820 "http://charleskeiser.com/" "Mozilla/5.0 (Macintosh; U; Intel Mac OS X 10_5_6; en-us) AppleWebKit/525.27.1 (KHTML, like Gecko) Version/3.2.1 Safari/525.27.1"
76.225.159.2 - - [23/Feb/2009:14:06:45 -0500] "GET /index_files/image014.gif HTTP/1.1" 200 862 "http://charleskeiser.com/" "Mozilla/5.0 (Macintosh; U; Intel Mac OS X 10_5_6; en-us) AppleWebKit/525.27.1 (KHTML, like Gecko) Version/3.2.1 Safari/525.27.1"
76.225.159.2 - - [23/Feb/2009:14:06:46 -0500] "GET /index_files/image017.gif HTTP/1.1" 200 593 "http://charleskeiser.com/" "Mozilla/5.0 (Macintosh; U; Intel Mac OS X 10_5_6; en-us) AppleWebKit/525.27.1 (KHTML, like Gecko) Version/3.2.1 Safari/525.27.1"
76.225.159.2 - - [23/Feb/2009:14:06:46 -0500] "GET /index_files/image012.jpg HTTP/1.1" 200 4749 "http://charleskeiser.com/" "Mozilla/5.0 (Macintosh; U; Intel Mac OS X 10_5_6; en-us) AppleWebKit/525.27.1 (KHTML, like Gecko) Version/3.2.1 Safari/525.27.1"
76.225.159.2 - - [23/Feb/2009:14:06:46 -0500] "GET /index_files/image010.gif HTTP/1.1" 200 600 "http://charleskeiser.com/" "Mozilla/5.0 (Macintosh; U; Intel Mac OS X 10_5_6; en-us) AppleWebKit/525.27.1 (KHTML, like Gecko) Version/3.2.1 Safari/525.27.1"
76.225.159.2 - - [23/Feb/2009:14:06:46 -0500] "GET /index_files/image013.gif HTTP/1.1" 200 133 "http://charleskeiser.com/" "Mozilla/5.0 (Macintosh; U; Intel Mac OS X 10_5_6; en-us) AppleWebKit/525.27.1 (KHTML, like Gecko) Version/3.2.1 Safari/525.27.1"
76.225.159.2 - - [23/Feb/2009:14:06:46 -0500] "GET /index_files/image015.gif HTTP/1.1" 200 111 "http://charleskeiser.com/" "Mozilla/5.0 (Macintosh; U; Intel Mac OS X 10_5_6; en-us) AppleWebKit/525.27.1 (KHTML, like Gecko) Version/3.2.1 Safari/525.27.1"
81.52.143.15 - - [23/Feb/2009:14:20:33 -0500] "GET /limerick/nicefrm.html HTTP/1.1" 200 557 "-" "Mozilla/5.0 (Windows; U; Windows NT 5.1; fr; rv:1.8.1) VoilaBot BETA 1.2 (support.voilabot@orange-ftgroup.com)"
66.249.65.234 - - [23/Feb/2009:14:32:13 -0500] "GET /gifs/goldstar.jpg HTTP/1.1" 200 1854 "-" "Mozilla/5.0 (compatible; Googlebot/2.1; +http://www.google.com/bot.html)"
208.80.194.39 - - [23/Feb/2009:14:40:51 -0500] "GET / HTTP/1.0" 200 464 "-" "Mozilla/4.0 (compatible; MSIE 6.0; Windows NT 5.1; SV1; .NET CLR 1.1.4322; .NET CLR 2.0.50727; MSN 6.1; MSNbMSFT; MSNmen-us; MSNc22; v5m)"
72.36.115.86 - - [23/Feb/2009:14:59:49 -0500] "GET /haiku/1998/haik1098.html HTTP/1.1" 200 36006 "-" "CazoodleBot/0.0.2 (http://www.cazoodle.com/contact.php; cbot@cazoodle.com)"
66.249.65.242 - - [23/Feb/2009:15:13:34 -0500] "GET /haiku/1995/haikudec.html HTTP/1.1" 200 16366 "-" "Mozilla/5.0 (compatible; Googlebot/2.1; +http://www.google.com/bot.html)"
81.52.143.16 - - [23/Feb/2009:15:33:05 -0500] "GET /limerick/?M=D HTTP/1.1" 403 563 "-" "Mozilla/5.0 (Windows; U; Windows NT 5.1; fr; rv:1.8.1) VoilaBot BETA 1.2 (support.voilabot@orange-ftgroup.com)"
38.108.180.81 - - [23/Feb/2009:15:35:25 -0500] "GET /robots.txt HTTP/1.1" 404 693 "-" "Mozilla/5.0 (compatible; ScoutJet; +http://www.scoutjet.com/)"
38.108.180.81 - - [23/Feb/2009:15:35:28 -0500] "GET / HTTP/1.1" 200 464 "-" "Mozilla/5.0 (compatible; ScoutJet; +http://www.scoutjet.com/)"
38.108.180.81 - - [23/Feb/2009:15:35:31 -0500] "GET /favicon.ico HTTP/1.1" 404 693 "-" "Mozilla/5.0 (compatible; ScoutJet; +http://www.scoutjet.com/)"
65.55.209.247 - - [23/Feb/2009:15:37:34 -0500] "GET /robots.txt HTTP/1.1" 404 693 "-" "msnbot/1.1 (+http://search.msn.com/msnbot.htm)"
65.55.209.247 - - [23/Feb/2009:15:37:34 -0500] "GET /rapture/rapture.html HTTP/1.1" 200 22564 "-" "msnbot/1.1 (+http://search.msn.com/msnbot.htm)"
208.111.154.15 - - [23/Feb/2009:15:42:26 -0500] "GET /robots.txt HTTP/1.1" 404 693 "-" "Mozilla/5.0 (compatible; Charlotte/1.1; http://www.searchme.com/support/)"
208.111.154.15 - - [23/Feb/2009:15:42:31 -0500] "GET /limerick/1998/naut1298.html HTTP/1.1" 200 31614 "-" "Mozilla/5.0 (compatible; Charlotte/1.1; http://www.searchme.com/support/)"
72.29.233.165 - - [23/Feb/2009:15:56:59 -0500] "GET / HTTP/1.1" 200 464 "-" "dragonfly(ebingbong#playstarmusic.com)"
72.29.233.165 - - [23/Feb/2009:15:57:01 -0500] "GET / HTTP/1.1" 200 464 "-" "dragonfly(ebingbong#playstarmusic.com)"
38.108.180.46 - - [23/Feb/2009:15:57:37 -0500] "GET /robots.txt HTTP/1.1" 404 693 "-" "Mozilla/5.0 (compatible; ScoutJet; +http://www.scoutjet.com/)"
38.108.180.46 - - [23/Feb/2009:15:57:40 -0500] "GET / HTTP/1.1" 200 464 "-" "Mozilla/5.0 (compatible; ScoutJet; +http://www.scoutjet.com/)"
38.108.180.46 - - [23/Feb/2009:15:57:44 -0500] "GET /favicon.ico HTTP/1.1" 404 693 "-" "Mozilla/5.0 (compatible; ScoutJet; +http://www.scoutjet.com/)"
72.36.115.86 - - [23/Feb/2009:16:20:18 -0500] "GET /haiku/1998/haiku398.html HTTP/1.1" 200 47804 "-" "CazoodleBot/0.0.2 (http://www.cazoodle.com/contact.php; cbot@cazoodle.com)"
222.154.17.151 - - [23/Feb/2009:16:34:24 -0500] "GET /limerick/naut199.html HTTP/1.1" 200 34481 "http://www.google.co.nz/search?sourceid=navclient&aq=s4&oq=naughtyl&ie=UTF-8&rlz=1T4GGLR_enNZ289NZ291&q=naughty+limericks" "Mozilla/4.0 (compatible; MSIE 7.0; Windows NT 6.0; GTB5; SLCC1; .NET CLR 2.0.50727; Media Center PC 5.0; .NET CLR 3.0.04506)"
222.154.17.151 - - [23/Feb/2009:16:34:25 -0500] "GET /gifs/boobies.gif HTTP/1.1" 200 11144 "http://www.toastpoint.com/limerick/naut199.html" "Mozilla/4.0 (compatible; MSIE 7.0; Windows NT 6.0; GTB5; SLCC1; .NET CLR 2.0.50727; Media Center PC 5.0; .NET CLR 3.0.04506)"
222.154.17.151 - - [23/Feb/2009:16:34:26 -0500] "GET /gifs/nakedman.gif HTTP/1.1" 200 7734 "http://www.toastpoint.com/limerick/naut199.html" "Mozilla/4.0 (compatible; MSIE 7.0; Windows NT 6.0; GTB5; SLCC1; .NET CLR 2.0.50727; Media Center PC 5.0; .NET CLR 3.0.04506)"
222.154.17.151 - - [23/Feb/2009:16:34:26 -0500] "GET /gifs/goldstar.jpg HTTP/1.1" 200 1854 "http://www.toastpoint.com/limerick/naut199.html" "Mozilla/4.0 (compatible; MSIE 7.0; Windows NT 6.0; GTB5; SLCC1; .NET CLR 2.0.50727; Media Center PC 5.0; .NET CLR 3.0.04506)"
222.154.17.151 - - [23/Feb/2009:16:34:27 -0500] "GET /favicon.ico HTTP/1.1" 404 693 "-" "Mozilla/4.0 (compatible; MSIE 7.0; Windows NT 6.0; GTB5; SLCC1; .NET CLR 2.0.50727; Media Center PC 5.0; .NET CLR 3.0.04506)"
86.134.54.78 - - [23/Feb/2009:17:19:25 -0500] "GET /index.html HTTP/1.1" 200 464 "-" "Mozilla/4.0 (compatible; MSIE 7.0; Windows NT 5.1; AntivirXP08; .NET CLR 1.1.4322; .NET CLR 2.0.50727)"
86.134.54.78 - - [23/Feb/2009:17:19:25 -0500] "GET /toastpointtopleft.html HTTP/1.1" 200 162 "http://www.toastpoint.com/index.html" "Mozilla/4.0 (compatible; MSIE 7.0; Windows NT 5.1; AntivirXP08; .NET CLR 1.1.4322; .NET CLR 2.0.50727)"
86.134.54.78 - - [23/Feb/2009:17:19:25 -0500] "GET /toastpointtoc.html HTTP/1.1" 200 1188 "http://www.toastpoint.com/index.html" "Mozilla/4.0 (compatible; MSIE 7.0; Windows NT 5.1; AntivirXP08; .NET CLR 1.1.4322; .NET CLR 2.0.50727)"
86.134.54.78 - - [23/Feb/2009:17:19:25 -0500] "GET /news.html HTTP/1.1" 200 17706 "http://www.toastpoint.com/index.html" "Mozilla/4.0 (compatible; MSIE 7.0; Windows NT 5.1; AntivirXP08; .NET CLR 1.1.4322; .NET CLR 2.0.50727)"
86.134.54.78 - - [23/Feb/2009:17:19:25 -0500] "GET /toastpointtopright.html HTTP/1.1" 200 151 "http://www.toastpoint.com/index.html" "Mozilla/4.0 (compatible; MSIE 7.0; Windows NT 5.1; AntivirXP08; .NET CLR 1.1.4322; .NET CLR 2.0.50727)"
86.134.54.78 - - [23/Feb/2009:17:19:26 -0500] "GET /tpnews.html HTTP/1.1" 200 8305 "http://www.toastpoint.com/index.html" "Mozilla/4.0 (compatible; MSIE 7.0; Windows NT 5.1; AntivirXP08; .NET CLR 1.1.4322; .NET CLR 2.0.50727)"
86.134.54.78 - - [23/Feb/2009:17:19:26 -0500] "GET /gifs/tpwinter20089.jpg HTTP/1.1" 200 28088 "http://www.toastpoint.com/news.html" "Mozilla/4.0 (compatible; MSIE 7.0; Windows NT 5.1; AntivirXP08; .NET CLR 1.1.4322; .NET CLR 2.0.50727)"
66.235.124.8 - - [23/Feb/2009:17:20:39 -0500] "GET /robots.txt HTTP/1.1" 404 693 "-" "Mozilla/5.0 (compatible; Ask Jeeves/Teoma; +http://about.ask.com/en/docs/about/webmasters.shtml)"
66.235.124.8 - - [23/Feb/2009:17:20:44 -0500] "GET / HTTP/1.1" 200 464 "-" "Mozilla/5.0 (compatible; Ask Jeeves/Teoma; +http://about.ask.com/en/docs/about/webmasters.shtml)"
66.235.124.8 - - [23/Feb/2009:17:20:45 -0500] "GET /toastpointtopleft.html HTTP/1.1" 200 162 "-" "Mozilla/5.0 (compatible; Ask Jeeves/Teoma; +http://about.ask.com/en/docs/about/webmasters.shtml)"
66.235.124.8 - - [23/Feb/2009:17:20:45 -0500] "GET /toastpointtoc.html HTTP/1.1" 200 1188 "-" "Mozilla/5.0 (compatible; Ask Jeeves/Teoma; +http://about.ask.com/en/docs/about/webmasters.shtml)"
66.235.124.8 - - [23/Feb/2009:17:20:45 -0500] "GET /news.html HTTP/1.1" 200 17706 "-" "Mozilla/5.0 (compatible; Ask Jeeves/Teoma; +http://about.ask.com/en/docs/about/webmasters.shtml)"
66.235.124.8 - - [23/Feb/2009:17:20:45 -0500] "GET /toastpointtopright.html HTTP/1.1" 200 151 "-" "Mozilla/5.0 (compatible; Ask Jeeves/Teoma; +http://about.ask.com/en/docs/about/webmasters.shtml)"
66.235.124.8 - - [23/Feb/2009:17:20:45 -0500] "GET /tpnews.html HTTP/1.1" 200 8305 "-" "Mozilla/5.0 (compatible; Ask Jeeves/Teoma; +http://about.ask.com/en/docs/about/webmasters.shtml)"
208.111.154.16 - - [23/Feb/2009:18:34:06 -0500] "GET /robots.txt HTTP/1.1" 404 693 "-" "Mozilla/5.0 (compatible; Charlotte/1.1; http://www.searchme.com/support/)"
208.111.154.16 - - [23/Feb/2009:18:34:12 -0500] "GET /haiku/haiku499.html HTTP/1.1" 200 54815 "-" "Mozilla/5.0 (compatible; Charlotte/1.1; http://www.searchme.com/support/)"
203.131.91.162 - - [23/Feb/2009:19:02:38 -0500] "GET /haiku/haiku.html HTTP/1.1" 200 2147 "http://www.google.com.ph/search?hl=tl&q=haiku+++point&meta=" "User-Agent: Mozilla/4.0 (compatible; MSIE 6.0; Windows NT 5.1; SV1)"
193.47.80.77 - - [23/Feb/2009:19:13:05 -0500] "GET /limerick/1998/naut398.html HTTP/1.0" 200 58324 "-" "Mozilla/5.0 (compatible; Konqueror/3.5; Linux) KHTML/3.5.5 (like Gecko) (Exabot-Thumbnails)"
193.47.80.77 - - [23/Feb/2009:19:13:06 -0500] "GET /gifs/goldstar.jpg HTTP/1.0" 200 1854 "http://www.toastpoint.com/limerick/1998/naut398.html" "Mozilla/5.0 (compatible; Konqueror/3.5; Linux) KHTML/3.5.5 (like Gecko) (Exabot-Thumbnails)"
193.47.80.77 - - [23/Feb/2009:19:13:06 -0500] "GET /gifs/woman.gif HTTP/1.0" 200 9657 "http://www.toastpoint.com/limerick/1998/naut398.html" "Mozilla/5.0 (compatible; Konqueror/3.5; Linux) KHTML/3.5.5 (like Gecko) (Exabot-Thumbnails)"
193.47.80.77 - - [23/Feb/2009:19:13:06 -0500] "GET /gifs/nakedman.gif HTTP/1.0" 200 7734 "http://www.toastpoint.com/limerick/1998/naut398.html" "Mozilla/5.0 (compatible; Konqueror/3.5; Linux) KHTML/3.5.5 (like Gecko) (Exabot-Thumbnails)"
193.47.80.45 - - [23/Feb/2009:19:13:45 -0500] "GET /robots.txt HTTP/1.1" 404 693 "-" "Mozilla/5.0 (compatible; Exabot/3.0; +http://www.exabot.com/go/robot)"
193.47.80.45 - - [23/Feb/2009:19:13:45 -0500] "GET /limerick/1998/naut398.html HTTP/1.1" 200 58324 "-" "Mozilla/5.0 (compatible; Exabot/3.0; +http://www.exabot.com/go/robot)"
208.115.138.254 - - [23/Feb/2009:19:35:34 -0500] "GET /limerick/1995/nautnov.html HTTP/1.1" 200 13933 "-" "Mozilla/4.0"
209.143.42.145 - - [23/Feb/2009:20:16:59 -0500] "GET /favicon.ico HTTP/1.1" 404 693 "-" "Mozilla/4.0 (compatible; MSIE 7.0; Windows NT 5.1)"
209.143.42.145 - - [23/Feb/2009:20:17:00 -0500] "GET /gifs/japan.gif HTTP/1.1" 200 5737 "http://www.toastpoint.com/haiku/haiku599.html" "Mozilla/4.0 (compatible; MSIE 7.0; Windows NT 5.1)"
209.143.42.145 - - [23/Feb/2009:20:17:00 -0500] "GET /gifs/goldstar.jpg HTTP/1.1" 200 1854 "http://www.toastpoint.com/haiku/haiku599.html" "Mozilla/4.0 (compatible; MSIE 7.0; Windows NT 5.1)"
209.143.42.145 - - [23/Feb/2009:20:17:00 -0500] "GET /gifs/blank.jpg HTTP/1.1" 200 705 "http://www.toastpoint.com/haiku/haiku599.html" "Mozilla/4.0 (compatible; MSIE 7.0; Windows NT 5.1)"
209.143.42.145 - - [23/Feb/2009:20:16:59 -0500] "GET /haiku/haiku599.html HTTP/1.1" 200 33918 "-" "Mozilla/4.0 (compatible; MSIE 7.0; Windows NT 5.1)"
24.144.156.55 - - [23/Feb/2009:21:17:40 -0500] "GET /rapture/rapture.html HTTP/1.1" 200 22564 "http://images.ask.com/fr?q=trial&desturi=http%3A%2F%2Fwww.toastpoint.com%2Frapture%2Frapture.html&fm=i&ac=24&ftURI=http%3A%2F%2Fimages.ask.com%2Ffr%3Fq%3Dtrial%26desturi%3Dhttp%253A%252F%252Fwww.toastpoint.com%252Frapture%252Frapture.html%26imagesrc%3Dhttp%253A%252F%252Fwww.toastpoint.com%252Frapture%252Ftbj-jury.gif%26thumbsrc%3Dhttp%253A%252F%252Fimgtn2.ask.com%252Fts%253Ft%253D2656937575207208691%2526pid%253D23296%2526ppid%253D6%26o%3D13162%26l%3Ddis%26initialURL%3Dhttp%253A%252F%252Fwww.ask.com%252Fpictures%253Fl%253Ddis%2526o%253D13162%2526q%253Dtrial%2526qsrc%253D19%2526qid%253DC2DC98EF031396B73E2D154D0372B73D%2526pstart%253D15%2526page%253D2%26thumbuselocalisedstatic%3Dfalse%26fn%3Dtbj-jury.gif%26imagewidth%3D250%26imageheight%3D212%26fs%3D3%26ft%3Dgif%26f%3D2%26fm%3Di%26ftbURI%3Dhttp%253A%252F%252Fwww.ask.com%252Fpictures%253Fq%253Dtrial%2526page%253D2%2526o%253D13162%2526l%253Ddis%2526pstart%253D15&qt=0" "Mozilla/4.0 (compatible; MSIE 7.0; Windows NT 5.1; GTB5; .NET CLR 1.0.3705; .NET CLR 1.1.4322; Media Center PC 4.0)"
24.144.156.55 - - [23/Feb/2009:21:17:40 -0500] "GET /rapture/sor-well.gif HTTP/1.1" 200 2583 "http://www.toastpoint.com/rapture/rapture.html" "Mozilla/4.0 (compatible; MSIE 7.0; Windows NT 5.1; GTB5; .NET CLR 1.0.3705; .NET CLR 1.1.4322; Media Center PC 4.0)"
24.144.156.55 - - [23/Feb/2009:21:17:40 -0500] "GET /rapture/hms-dick.gif HTTP/1.1" 200 3100 "http://www.toastpoint.com/rapture/rapture.html" "Mozilla/4.0 (compatible; MSIE 7.0; Windows NT 5.1; GTB5; .NET CLR 1.0.3705; .NET CLR 1.1.4322; Media Center PC 4.0)"
24.144.156.55 - - [23/Feb/2009:21:17:40 -0500] "GET /rapture/tbj-jury.gif HTTP/1.1" 200 3904 "http://www.toastpoint.com/rapture/rapture.html" "Mozilla/4.0 (compatible; MSIE 7.0; Windows NT 5.1; GTB5; .NET CLR 1.0.3705; .NET CLR 1.1.4322; Media Center PC 4.0)"
24.144.156.55 - - [23/Feb/2009:21:17:40 -0500] "GET /rapture/pirates.gif HTTP/1.1" 200 4045 "http://www.toastpoint.com/rapture/rapture.html" "Mozilla/4.0 (compatible; MSIE 7.0; Windows NT 5.1; GTB5; .NET CLR 1.0.3705; .NET CLR 1.1.4322; Media Center PC 4.0)"
24.144.156.55 - - [23/Feb/2009:21:17:40 -0500] "GET /rapture/bunthorne.gif HTTP/1.1" 200 3137 "http://www.toastpoint.com/rapture/rapture.html" "Mozilla/4.0 (compatible; MSIE 7.0; Windows NT 5.1; GTB5; .NET CLR 1.0.3705; .NET CLR 1.1.4322; Media Center PC 4.0)"
24.144.156.55 - - [23/Feb/2009:21:17:40 -0500] "GET /rapture/rud-spec.gif HTTP/1.1" 200 2489 "http://www.toastpoint.com/rapture/rapture.html" "Mozilla/4.0 (compatible; MSIE 7.0; Windows NT 5.1; GTB5; .NET CLR 1.0.3705; .NET CLR 1.1.4322; Media Center PC 4.0)"
24.144.156.55 - - [23/Feb/2009:21:17:40 -0500] "GET /rapture/ida-monk.gif HTTP/1.1" 200 3753 "http://www.toastpoint.com/rapture/rapture.html" "Mozilla/4.0 (compatible; MSIE 7.0; Windows NT 5.1; GTB5; .NET CLR 1.0.3705; .NET CLR 1.1.4322; Media Center PC 4.0)"
24.144.156.55 - - [23/Feb/2009:21:17:40 -0500] "GET /rapture/mik-lips.gif HTTP/1.1" 200 3352 "http://www.toastpoint.com/rapture/rapture.html" "Mozilla/4.0 (compatible; MSIE 7.0; Windows NT 5.1; GTB5; .NET CLR 1.0.3705; .NET CLR 1.1.4322; Media Center PC 4.0)"
24.144.156.55 - - [23/Feb/2009:21:17:40 -0500] "GET /rapture/iolanthe.gif HTTP/1.1" 200 2814 "http://www.toastpoint.com/rapture/rapture.html" "Mozilla/4.0 (compatible; MSIE 7.0; Windows NT 5.1; GTB5; .NET CLR 1.0.3705; .NET CLR 1.1.4322; Media Center PC 4.0)"
24.144.156.55 - - [23/Feb/2009:21:17:40 -0500] "GET /rapture/uto-look.gif HTTP/1.1" 200 3823 "http://www.toastpoint.com/rapture/rapture.html" "Mozilla/4.0 (compatible; MSIE 7.0; Windows NT 5.1; GTB5; .NET CLR 1.0.3705; .NET CLR 1.1.4322; Media Center PC 4.0)"
24.144.156.55 - - [23/Feb/2009:21:17:40 -0500] "GET /rapture/yeo-song.gif HTTP/1.1" 200 2781 "http://www.toastpoint.com/rapture/rapture.html" "Mozilla/4.0 (compatible; MSIE 7.0; Windows NT 5.1; GTB5; .NET CLR 1.0.3705; .NET CLR 1.1.4322; Media Center PC 4.0)"
24.144.156.55 - - [23/Feb/2009:21:17:40 -0500] "GET /rapture/gon-baby.gif HTTP/1.1" 200 2847 "http://www.toastpoint.com/rapture/rapture.html" "Mozilla/4.0 (compatible; MSIE 7.0; Windows NT 5.1; GTB5; .NET CLR 1.0.3705; .NET CLR 1.1.4322; Media Center PC 4.0)"
24.144.156.55 - - [23/Feb/2009:21:17:41 -0500] "GET /rapture/tbj-jury.gif HTTP/1.1" 304 - "http://images.ask.com/fr?q=trial&desturi=http%3A%2F%2Fwww.toastpoint.com%2Frapture%2Frapture.html&imagesrc=http%3A%2F%2Fwww.toastpoint.com%2Frapture%2Ftbj-jury.gif&thumbsrc=http%3A%2F%2Fimgtn2.ask.com%2Fts%3Ft%3D2656937575207208691%26pid%3D23296%26ppid%3D6&o=13162&l=dis&initialURL=http%3A%2F%2Fwww.ask.com%2Fpictures%3Fl%3Ddis%26o%3D13162%26q%3Dtrial%26qsrc%3D19%26qid%3DC2DC98EF031396B73E2D154D0372B73D%26pstart%3D15%26page%3D2&thumbuselocalisedstatic=false&fn=tbj-jury.gif&imagewidth=250&imageheight=212&fs=3&ft=gif&f=2&fm=i&ftbURI=http%3A%2F%2Fwww.ask.com%2Fpictures%3Fq%3Dtrial%26page%3D2%26o%3D13162%26l%3Ddis%26pstart%3D15&qt=0&ac=24&ejs=http%3A%2F%2Fimages.ask.com%2Ffr%3Fq%3Dtrial%26desturi%3Dhttp%253A%252F%252Fwww.toastpoint.com%252Frapture%252Frapture.html%26fm%3Di%26ac%3D24%26ftURI%3Dhttp%253A%252F%252Fimages.ask.com%252Ffr%253Fq%253Dtrial%2526desturi%253Dhttp%25253A%25252F%25252Fwww.toastpoint.com%25252Frapture%25252Frapture.html%2526imagesrc%253Dhttp%25253A%25252F%25252Fwww.toastpoint.com%25252Frapture%25252Ftbj-jury.gif%2526thumbsrc%253Dhttp%25253A%25252F%25252Fimgtn2.ask.com%25252Fts%25253Ft%25253D2656937575207208691%252526pid%25253D23296%252526ppid%25253D6%2526o%253D13162%2526l%253Ddis%2526initialURL%253Dhttp%25253A%25252F%25252Fwww.ask.com%25252Fpictures%25253Fl%25253Ddis%252526o%25253D13162%252526q%25253Dtrial%252526qsrc%25253D19%252526qid%25253DC2DC98EF031396B73E2D154D0372B73D%252526pstart%25253D15%252526page%25253D2%2526thumbuselocalisedstatic%253Dfalse%2526fn%253Dtbj-jury.gif%2526imagewidth%253D250%2526imageheight%253D212%2526fs%253D3%2526ft%253Dgif%2526f%253D2%2526fm%253Di%2526ftbURI%253Dhttp%25253A%25252F%25252Fwww.ask.com%25252Fpictures%25253Fq%25253Dtrial%252526page%25253D2%252526o%25253D13162%252526l%25253Ddis%252526pstart%25253D15%26qt%3D0" "Mozilla/4.0 (compatible; MSIE 7.0; Windows NT 5.1; GTB5; .NET CLR 1.0.3705; .NET CLR 1.1.4322; Media Center PC 4.0)"
24.144.156.55 - - [23/Feb/2009:21:17:41 -0500] "GET /favicon.ico HTTP/1.1" 404 693 "-" "Mozilla/4.0 (compatible; MSIE 7.0; Windows NT 5.1; GTB5; .NET CLR 1.0.3705; .NET CLR 1.1.4322; Media Center PC 4.0)"
66.249.65.227 - - [23/Feb/2009:21:25:15 -0500] "GET /robots.txt HTTP/1.1" 404 693 "-" "Mozilla/5.0 (compatible; Googlebot/2.1; +http://www.google.com/bot.html)"
66.249.65.230 - - [23/Feb/2009:21:25:15 -0500] "GET /limerick/1995/nautjune.html HTTP/1.1" 304 - "-" "Mozilla/5.0 (compatible; Googlebot/2.1; +http://www.google.com/bot.html)"
66.249.65.231 - - [23/Feb/2009:21:29:07 -0500] "GET /robots.txt HTTP/1.1" 404 693 "-" "Mozilla/5.0 (compatible; Googlebot/2.1; +http://www.google.com/bot.html)"
