71.169.16.115 - - [17/Dec/2008:00:54:49 -0500] "GET /fiction/fiction.html HTTP/1.1" 200 2705 "-" "Mozilla/5.0 (X11; U; Linux i686; en-US; rv:1.8.1.18) Gecko/20081030 SeaMonkey/1.1.13"
71.169.16.115 - - [17/Dec/2008:00:54:49 -0500] "GET /gifs/quill1.gif HTTP/1.1" 200 4312 "http://www.toastpoint.com/fiction/fiction.html" "Mozilla/5.0 (X11; U; Linux i686; en-US; rv:1.8.1.18) Gecko/20081030 SeaMonkey/1.1.13"
71.169.16.115 - - [17/Dec/2008:00:54:49 -0500] "GET /gifs/paper.gif HTTP/1.1" 200 4756 "http://www.toastpoint.com/fiction/fiction.html" "Mozilla/5.0 (X11; U; Linux i686; en-US; rv:1.8.1.18) Gecko/20081030 SeaMonkey/1.1.13"
71.169.16.115 - - [17/Dec/2008:00:54:49 -0500] "GET /gifs/quill2.gif HTTP/1.1" 200 4300 "http://www.toastpoint.com/fiction/fiction.html" "Mozilla/5.0 (X11; U; Linux i686; en-US; rv:1.8.1.18) Gecko/20081030 SeaMonkey/1.1.13"
71.169.16.115 - - [17/Dec/2008:00:55:02 -0500] "GET /fiction/fict599.html HTTP/1.1" 200 7512 "http://www.toastpoint.com/fiction/fiction.html" "Mozilla/5.0 (X11; U; Linux i686; en-US; rv:1.8.1.18) Gecko/20081030 SeaMonkey/1.1.13"
71.169.16.115 - - [17/Dec/2008:00:55:02 -0500] "GET /gifs/star3.gif HTTP/1.1" 200 1536 "http://www.toastpoint.com/fiction/fict599.html" "Mozilla/5.0 (X11; U; Linux i686; en-US; rv:1.8.1.18) Gecko/20081030 SeaMonkey/1.1.13"
71.169.16.115 - - [17/Dec/2008:00:55:28 -0500] "GET /limerick/limerick.html HTTP/1.1" 200 2613 "http://www.toastpoint.com/fiction/fiction.html" "Mozilla/5.0 (X11; U; Linux i686; en-US; rv:1.8.1.18) Gecko/20081030 SeaMonkey/1.1.13"
71.169.16.115 - - [17/Dec/2008:00:55:28 -0500] "GET /gifs/birdumb2.gif HTTP/1.1" 200 4698 "http://www.toastpoint.com/limerick/limerick.html" "Mozilla/5.0 (X11; U; Linux i686; en-US; rv:1.8.1.18) Gecko/20081030 SeaMonkey/1.1.13"
71.169.16.115 - - [17/Dec/2008:00:55:28 -0500] "GET /gifs/woman.gif HTTP/1.1" 200 9657 "http://www.toastpoint.com/limerick/limerick.html" "Mozilla/5.0 (X11; U; Linux i686; en-US; rv:1.8.1.18) Gecko/20081030 SeaMonkey/1.1.13"
71.169.16.115 - - [17/Dec/2008:00:55:29 -0500] "GET /haiku/haiku.html HTTP/1.1" 200 2147 "http://www.toastpoint.com/fiction/fiction.html" "Mozilla/5.0 (X11; U; Linux i686; en-US; rv:1.8.1.18) Gecko/20081030 SeaMonkey/1.1.13"
71.169.16.115 - - [17/Dec/2008:00:55:29 -0500] "GET /gifs/japan.gif HTTP/1.1" 200 5737 "http://www.toastpoint.com/haiku/haiku.html" "Mozilla/5.0 (X11; U; Linux i686; en-US; rv:1.8.1.18) Gecko/20081030 SeaMonkey/1.1.13"
71.169.16.115 - - [17/Dec/2008:00:55:37 -0500] "GET /gifs/birdumb.gif HTTP/1.1" 200 4704 "http://www.toastpoint.com/limerick/nice599.html" "Mozilla/5.0 (X11; U; Linux i686; en-US; rv:1.8.1.18) Gecko/20081030 SeaMonkey/1.1.13"
71.169.16.115 - - [17/Dec/2008:00:55:37 -0500] "GET /limerick/nice599.html HTTP/1.1" 200 26033 "http://www.toastpoint.com/limerick/limerick.html" "Mozilla/5.0 (X11; U; Linux i686; en-US; rv:1.8.1.18) Gecko/20081030 SeaMonkey/1.1.13"
71.169.16.115 - - [17/Dec/2008:00:55:38 -0500] "GET /gifs/goldstar.jpg HTTP/1.1" 200 1854 "http://www.toastpoint.com/limerick/nice599.html" "Mozilla/5.0 (X11; U; Linux i686; en-US; rv:1.8.1.18) Gecko/20081030 SeaMonkey/1.1.13"
208.111.154.16 - - [17/Dec/2008:00:58:03 -0500] "GET /robots.txt HTTP/1.0" 404 693 "-" "Mozilla/5.0 (compatible; Charlotte/1.1; http://www.searchme.com/support/)"
208.36.144.6 - - [17/Dec/2008:01:12:45 -0500] "GET /robots.txt HTTP/1.0" 404 693 "-" "Mozilla/5.0 (Twiceler-0.9 http://www.cuil.com/twiceler/robot.html)"
208.111.154.15 - - [17/Dec/2008:01:18:54 -0500] "GET /robots.txt HTTP/1.0" 404 693 "-" "Mozilla/5.0 (compatible; Charlotte/1.1; http://www.searchme.com/support/)"
82.135.194.96 - - [17/Dec/2008:01:23:35 -0500] "GET /rapture/rapture.html HTTP/1.1" 200 22564 "-" "Mozilla/5.0 (compatible; Googlebot/2.1;  http://www.google.com/bot.html)"
193.47.80.45 - - [17/Dec/2008:01:23:58 -0500] "GET /limerick/1998/nice298.html HTTP/1.1" 200 24359 "-" "Mozilla/5.0 (compatible; Exabot/3.0; +http://www.exabot.com/go/robot)"
66.235.124.56 - - [17/Dec/2008:01:25:47 -0500] "GET /robots.txt HTTP/1.0" 404 693 "-" "Mozilla/5.0 (compatible; Ask Jeeves/Teoma; +http://about.ask.com/en/docs/about/webmasters.shtml)"
66.235.124.56 - - [17/Dec/2008:01:25:47 -0500] "GET /haiku/haiku299.html HTTP/1.0" 200 68017 "-" "Mozilla/5.0 (compatible; Ask Jeeves/Teoma; +http://about.ask.com/en/docs/about/webmasters.shtml)"
124.115.10.193 - - [17/Dec/2008:01:39:25 -0500] "GET / HTTP/1.1" 200 464 "http://www.toastpoint.com/" "Mozilla/4.0 (compatible; MSIE 6.0; Windows NT 5.1)"
124.115.10.193 - - [17/Dec/2008:01:39:36 -0500] "GET /toastpointtopleft.html HTTP/1.1" 200 162 "http://www.toastpoint.com/toastpointtopleft.html" "Mozilla/4.0 (compatible; MSIE 6.0; Windows NT 5.1)"
124.115.10.193 - - [17/Dec/2008:01:39:37 -0500] "GET /toastpointtoc.html HTTP/1.1" 200 1188 "http://www.toastpoint.com/toastpointtoc.html" "Mozilla/4.0 (compatible; MSIE 6.0; Windows NT 5.1)"
124.115.10.193 - - [17/Dec/2008:01:39:37 -0500] "GET /news.html HTTP/1.1" 200 17706 "http://www.toastpoint.com/news.html" "Mozilla/4.0 (compatible; MSIE 6.0; Windows NT 5.1)"
124.115.10.193 - - [17/Dec/2008:01:39:39 -0500] "GET /toastpointtopright.html HTTP/1.1" 200 151 "http://www.toastpoint.com/toastpointtopright.html" "Mozilla/4.0 (compatible; MSIE 6.0; Windows NT 5.1)"
124.115.10.193 - - [17/Dec/2008:01:39:40 -0500] "GET /tpnews.html HTTP/1.1" 200 8305 "http://www.toastpoint.com/tpnews.html" "Mozilla/4.0 (compatible; MSIE 6.0; Windows NT 5.1)"
74.6.24.90 - - [17/Dec/2008:01:40:50 -0500] "GET /robots.txt HTTP/1.0" 404 693 "-" "Mozilla/5.0 (compatible; Yahoo! Slurp; http://help.yahoo.com/help/us/ysearch/slurp)"
74.6.76.45 - - [17/Dec/2008:01:40:52 -0500] "GET /haiku/haiku.html HTTP/1.0" 200 2147 "-" "Mozilla/5.0 (compatible; Yahoo! DE Slurp; http://help.yahoo.com/help/us/ysearch/slurp)"
38.105.83.12 - - [17/Dec/2008:01:55:10 -0500] "GET / HTTP/1.1" 200 919088 "-" "Mozilla/4.0 (compatible; MSIE 7.0;  Windows NT 5.2)"
216.183.81.221 - - [17/Dec/2008:02:08:00 -0500] "GET / HTTP/1.1" 304 - "-" "Wget/1.10.2"
65.55.209.84 - - [17/Dec/2008:02:22:00 -0500] "GET /robots.txt HTTP/1.1" 404 693 "-" "msnbot/1.1 (+http://search.msn.com/msnbot.htm)"
65.55.209.84 - - [17/Dec/2008:02:22:00 -0500] "GET /links.html HTTP/1.1" 304 - "-" "msnbot/1.1 (+http://search.msn.com/msnbot.htm)"
124.115.1.66 - - [17/Dec/2008:02:30:52 -0500] "GET / HTTP/1.1" 200 464 "http://www.toastpoint.com/" "Mozilla/4.0 (compatible; MSIE 6.0; Windows NT 5.1)"
124.115.1.66 - - [17/Dec/2008:02:31:04 -0500] "GET /toastpointtopleft.html HTTP/1.1" 200 162 "http://www.toastpoint.com/toastpointtopleft.html" "Mozilla/4.0 (compatible; MSIE 6.0; Windows NT 5.1)"
124.115.1.66 - - [17/Dec/2008:02:31:06 -0500] "GET /toastpointtoc.html HTTP/1.1" 200 1188 "http://www.toastpoint.com/toastpointtoc.html" "Mozilla/4.0 (compatible; MSIE 6.0; Windows NT 5.1)"
124.115.1.66 - - [17/Dec/2008:02:31:08 -0500] "GET /news.html HTTP/1.1" 200 17706 "http://www.toastpoint.com/news.html" "Mozilla/4.0 (compatible; MSIE 6.0; Windows NT 5.1)"
124.115.1.66 - - [17/Dec/2008:02:31:09 -0500] "GET /toastpointtopright.html HTTP/1.1" 200 151 "http://www.toastpoint.com/toastpointtopright.html" "Mozilla/4.0 (compatible; MSIE 6.0; Windows NT 5.1)"
124.115.1.66 - - [17/Dec/2008:02:31:10 -0500] "GET /tpnews.html HTTP/1.1" 200 8305 "http://www.toastpoint.com/tpnews.html" "Mozilla/4.0 (compatible; MSIE 6.0; Windows NT 5.1)"
74.6.22.48 - - [17/Dec/2008:02:34:44 -0500] "GET /robots.txt HTTP/1.0" 404 693 "-" "Mozilla/5.0 (compatible; Yahoo! Slurp; http://help.yahoo.com/help/us/ysearch/slurp)"
74.6.76.45 - - [17/Dec/2008:02:34:45 -0500] "GET / HTTP/1.0" 200 464 "-" "Mozilla/5.0 (compatible; Yahoo! DE Slurp; http://help.yahoo.com/help/us/ysearch/slurp)"
74.6.76.45 - - [17/Dec/2008:02:34:46 -0500] "GET /toastpointtopleft.html HTTP/1.0" 200 162 "-" "Mozilla/5.0 (compatible; Yahoo! DE Slurp; http://help.yahoo.com/help/us/ysearch/slurp)"
74.6.76.45 - - [17/Dec/2008:02:34:48 -0500] "GET /toastpointtoc.html HTTP/1.0" 200 1188 "-" "Mozilla/5.0 (compatible; Yahoo! DE Slurp; http://help.yahoo.com/help/us/ysearch/slurp)"
74.6.76.45 - - [17/Dec/2008:02:34:49 -0500] "GET /news.html HTTP/1.0" 200 17706 "-" "Mozilla/5.0 (compatible; Yahoo! DE Slurp; http://help.yahoo.com/help/us/ysearch/slurp)"
74.6.76.45 - - [17/Dec/2008:02:34:50 -0500] "GET /toastpointtopright.html HTTP/1.0" 200 151 "-" "Mozilla/5.0 (compatible; Yahoo! DE Slurp; http://help.yahoo.com/help/us/ysearch/slurp)"
74.6.76.45 - - [17/Dec/2008:02:34:52 -0500] "GET /tpnews.html HTTP/1.0" 200 8305 "-" "Mozilla/5.0 (compatible; Yahoo! DE Slurp; http://help.yahoo.com/help/us/ysearch/slurp)"
72.14.199.90 - - [17/Dec/2008:02:55:15 -0500] "GET /robots.txt HTTP/1.1" 404 693 "-" "DoCoMo/2.0 N905i(c100;TB;W24H16) (compatible; Googlebot-Mobile/2.1; +http://www.google.com/bot.html)"
72.14.199.90 - - [17/Dec/2008:02:55:15 -0500] "GET /limerick/limerick.html HTTP/1.1" 200 2613 "-" "DoCoMo/2.0 N905i(c100;TB;W24H16) (compatible; Googlebot-Mobile/2.1; +http://www.google.com/bot.html)"
208.111.154.16 - - [17/Dec/2008:03:02:20 -0500] "GET /robots.txt HTTP/1.0" 404 693 "-" "Mozilla/5.0 (compatible; Charlotte/1.1; http://www.searchme.com/support/)"
208.111.154.16 - - [17/Dec/2008:03:02:38 -0500] "GET /limerick/1996/nice896.html HTTP/1.1" 200 9880 "-" "Mozilla/5.0 (compatible; Charlotte/1.1; http://www.searchme.com/support/)"
193.252.149.16 - - [17/Dec/2008:03:10:35 -0500] "GET /limerick/1996/nice896.html HTTP/1.1" 200 9880 "-" "Mozilla/5.0 (Windows; U; Windows NT 5.1; fr; rv:1.8.1) VoilaBot BETA 1.2 (support.voilabot@orange-ftgroup.com)"
65.55.230.193 - - [17/Dec/2008:03:12:43 -0500] "GET /limerick/nice199.html HTTP/1.1" 200 25313 "-" "msnbot-media/1.1 (+http://search.msn.com/msnbot.htm)"
195.195.131.164 - - [17/Dec/2008:03:20:52 -0500] "GET /limerick/docs/formhint.html HTTP/1.0" 200 2522 "http://www.google.co.uk/search?hl=en&q=limerick+%2B+structure&meta=" "Mozilla/4.0 (compatible; MSIE 7.0; Windows NT 5.1; .NET CLR 2.0.50727; .NET CLR 3.0.04506.30; InfoPath.1; .NET CLR 1.1.4322)"
195.195.131.164 - - [17/Dec/2008:03:20:52 -0500] "GET /limerick/gifs/goldstar.jpg HTTP/1.0" 404 693 "http://www.toastpoint.com/limerick/docs/formhint.html" "Mozilla/4.0 (compatible; MSIE 7.0; Windows NT 5.1; .NET CLR 2.0.50727; .NET CLR 3.0.04506.30; InfoPath.1; .NET CLR 1.1.4322)"
195.195.131.164 - - [17/Dec/2008:03:20:52 -0500] "GET /favicon.ico HTTP/1.0" 404 693 "-" "Mozilla/4.0 (compatible; MSIE 7.0; Windows NT 5.1; .NET CLR 2.0.50727; .NET CLR 3.0.04506.30; InfoPath.1; .NET CLR 1.1.4322)"
66.249.65.232 - - [17/Dec/2008:04:18:39 -0500] "GET /limerick/brady/thebunch.gif HTTP/1.1" 304 - "-" "Googlebot-Image/1.0"
65.55.232.20 - - [17/Dec/2008:04:28:55 -0500] "GET /robots.txt HTTP/1.1" 404 693 "-" "msnbot/1.1 (+http://search.msn.com/msnbot.htm)"
65.55.232.20 - - [17/Dec/2008:04:28:55 -0500] "GET / HTTP/1.1" 200 464 "-" "msnbot/1.1 (+http://search.msn.com/msnbot.htm)"
65.55.232.20 - - [17/Dec/2008:04:29:59 -0500] "GET /robots.txt HTTP/1.1" 404 693 "-" "msnbot/1.0 (+http://search.msn.com/msnbot.htm)"
65.55.232.20 - - [17/Dec/2008:04:29:59 -0500] "GET /toastpointtopleft.html HTTP/1.1" 200 162 "-" "msnbot/1.0 (+http://search.msn.com/msnbot.htm)"
65.55.232.20 - - [17/Dec/2008:04:29:59 -0500] "GET /toastpointtoc.html HTTP/1.1" 200 1188 "-" "msnbot/1.0 (+http://search.msn.com/msnbot.htm)"
65.55.232.20 - - [17/Dec/2008:04:29:59 -0500] "GET /news.html HTTP/1.1" 200 17706 "-" "msnbot/1.0 (+http://search.msn.com/msnbot.htm)"
65.55.232.20 - - [17/Dec/2008:04:29:59 -0500] "GET /toastpointtopright.html HTTP/1.1" 200 151 "-" "msnbot/1.0 (+http://search.msn.com/msnbot.htm)"
65.55.232.20 - - [17/Dec/2008:04:29:59 -0500] "GET /tpnews.html HTTP/1.1" 200 8305 "-" "msnbot/1.0 (+http://search.msn.com/msnbot.htm)"
66.249.65.232 - - [17/Dec/2008:04:36:12 -0500] "GET /limerick/limerick.html HTTP/1.1" 200 2613 "-" "Nokia6820/2.0 (4.83) Profile/MIDP-1.0 Configuration/CLDC-1.0 (compatible; Googlebot-Mobile/2.1; +http://www.google.com/bot.html)"
81.52.143.26 - - [17/Dec/2008:04:43:59 -0500] "GET /limerick/naut299.html HTTP/1.1" 200 23095 "-" "Mozilla/5.0 (Windows; U; Windows NT 5.1; fr; rv:1.8.1) VoilaBot BETA 1.2 (support.voilabot@orange-ftgroup.com)"
208.111.154.15 - - [17/Dec/2008:04:58:13 -0500] "GET /robots.txt HTTP/1.0" 404 693 "-" "Mozilla/5.0 (compatible; Charlotte/1.1; http://www.searchme.com/support/)"
193.252.149.16 - - [17/Dec/2008:05:21:18 -0500] "GET /haiku/haiku399.html HTTP/1.1" 200 75208 "-" "Mozilla/5.0 (Windows; U; Windows NT 5.1; fr; rv:1.8.1) VoilaBot BETA 1.2 (support.voilabot@orange-ftgroup.com)"
208.111.154.15 - - [17/Dec/2008:05:21:43 -0500] "GET /robots.txt HTTP/1.0" 404 693 "-" "Mozilla/5.0 (compatible; Charlotte/1.1; http://www.searchme.com/support/)"
72.30.87.119 - - [17/Dec/2008:05:27:57 -0500] "GET /robots.txt HTTP/1.0" 404 693 "-" "Mozilla/5.0 (compatible; Yahoo! Slurp; http://help.yahoo.com/help/us/ysearch/slurp)"
208.111.154.15 - - [17/Dec/2008:05:37:30 -0500] "GET /robots.txt HTTP/1.0" 404 693 "-" "Mozilla/5.0 (compatible; Charlotte/1.1; http://www.searchme.com/support/)"
208.111.154.16 - - [17/Dec/2008:05:37:42 -0500] "GET /limerick/brady/brady98.html HTTP/1.1" 200 8297 "-" "Mozilla/5.0 (compatible; Charlotte/1.1; http://www.searchme.com/support/)"
208.111.154.16 - - [17/Dec/2008:05:54:26 -0500] "GET /robots.txt HTTP/1.0" 404 693 "-" "Mozilla/5.0 (compatible; Charlotte/1.1; http://www.searchme.com/support/)"
65.55.231.74 - - [17/Dec/2008:05:57:37 -0500] "GET /robots.txt HTTP/1.1" 404 693 "-" "msnbot-media/1.1 (+http://search.msn.com/msnbot.htm)"
65.55.231.74 - - [17/Dec/2008:05:57:37 -0500] "GET /gifs/birdumb.gif HTTP/1.1" 200 4704 "-" "msnbot-media/1.1 (+http://search.msn.com/msnbot.htm)"
65.55.231.117 - - [17/Dec/2008:05:58:31 -0500] "GET /robots.txt HTTP/1.1" 404 693 "-" "msnbot-media/1.1 (+http://search.msn.com/msnbot.htm)"
65.55.231.117 - - [17/Dec/2008:05:58:31 -0500] "GET /gifs/birdumb2.gif HTTP/1.1" 200 4698 "-" "msnbot-media/1.1 (+http://search.msn.com/msnbot.htm)"
193.252.149.16 - - [17/Dec/2008:06:04:05 -0500] "GET /limerick/naut499.html HTTP/1.1" 200 38163 "-" "Mozilla/5.0 (Windows; U; Windows NT 5.1; fr; rv:1.8.1) VoilaBot BETA 1.2 (support.voilabot@orange-ftgroup.com)"
217.169.46.98 - - [17/Dec/2008:06:09:57 -0500] "GET /limerick/nice199.html HTTP/1.1" 200 25313 "-" "Mozilla/4.0"
193.47.80.45 - - [17/Dec/2008:06:13:11 -0500] "GET /robots.txt HTTP/1.1" 404 693 "-" "Mozilla/5.0 (compatible; Exabot/3.0; +http://www.exabot.com/go/robot)"
193.47.80.45 - - [17/Dec/2008:06:13:12 -0500] "GET /limerick/1998/nice698.html HTTP/1.1" 200 24183 "-" "Mozilla/5.0 (compatible; Exabot/3.0; +http://www.exabot.com/go/robot)"
66.249.65.232 - - [17/Dec/2008:06:14:40 -0500] "GET /limerick/fiction/fiction.html HTTP/1.1" 404 693 "-" "Mozilla/5.0 (compatible; Googlebot/2.1; +http://www.google.com/bot.html)"
81.52.143.26 - - [17/Dec/2008:06:17:14 -0500] "GET /haiku/moral.html HTTP/1.1" 200 4692 "-" "Mozilla/5.0 (Windows; U; Windows NT 5.1; fr; rv:1.8.1) VoilaBot BETA 1.2 (support.voilabot@orange-ftgroup.com)"
63.241.3.51 - - [17/Dec/2008:06:39:12 -0500] "GET /limerick/limerick.html HTTP/1.1" 200 2613 "-" "-"
70.110.128.227 - - [17/Dec/2008:06:57:26 -0500] "HEAD /image1234.php HTTP/1.1" 404 - "-" "Mozilla/5.0 (Windows; U; Windows NT 5.1; en; rv:1.8.1.8) Gecko/20071008 Firefox/2.0.0.8"
208.111.154.15 - - [17/Dec/2008:07:20:45 -0500] "GET /robots.txt HTTP/1.0" 404 693 "-" "Mozilla/5.0 (compatible; Charlotte/1.1; http://www.searchme.com/support/)"
208.111.154.15 - - [17/Dec/2008:08:11:10 -0500] "GET /robots.txt HTTP/1.0" 404 693 "-" "Mozilla/5.0 (compatible; Charlotte/1.1; http://www.searchme.com/support/)"
220.142.26.153 - - [17/Dec/2008:08:25:55 -0500] "GET /favicon.ico HTTP/1.1" 404 693 "-" "Mozilla/4.0 (compatible; MSIE 7.0; Windows NT 5.1)"
220.142.26.153 - - [17/Dec/2008:08:25:55 -0500] "GET / HTTP/1.1" 200 464 "-" "Mozilla/4.0 (compatible; MSIE 7.0; Windows NT 5.1)"
220.142.26.153 - - [17/Dec/2008:08:25:55 -0500] "GET /toastpointtopleft.html HTTP/1.1" 200 162 "http://www.toastpoint.com/" "Mozilla/4.0 (compatible; MSIE 7.0; Windows NT 5.1)"
220.142.26.153 - - [17/Dec/2008:08:25:56 -0500] "GET /toastpointtoc.html HTTP/1.1" 200 1188 "http://www.toastpoint.com/" "Mozilla/4.0 (compatible; MSIE 7.0; Windows NT 5.1)"
220.142.26.153 - - [17/Dec/2008:08:25:56 -0500] "GET /news.html HTTP/1.1" 200 17706 "http://www.toastpoint.com/" "Mozilla/4.0 (compatible; MSIE 7.0; Windows NT 5.1)"
220.142.26.153 - - [17/Dec/2008:08:25:56 -0500] "GET /tpnews.html HTTP/1.1" 200 8305 "http://www.toastpoint.com/" "Mozilla/4.0 (compatible; MSIE 7.0; Windows NT 5.1)"
220.142.26.153 - - [17/Dec/2008:08:25:56 -0500] "GET /toastpointtopright.html HTTP/1.1" 200 151 "http://www.toastpoint.com/" "Mozilla/4.0 (compatible; MSIE 7.0; Windows NT 5.1)"
220.142.26.153 - - [17/Dec/2008:08:25:56 -0500] "GET /gifs/tpwinter20089.jpg HTTP/1.1" 200 28088 "http://www.toastpoint.com/news.html" "Mozilla/4.0 (compatible; MSIE 7.0; Windows NT 5.1)"
208.111.154.16 - - [17/Dec/2008:08:31:48 -0500] "GET /robots.txt HTTP/1.0" 404 693 "-" "Mozilla/5.0 (compatible; Charlotte/1.1; http://www.searchme.com/support/)"
208.111.154.16 - - [17/Dec/2008:09:39:41 -0500] "GET /robots.txt HTTP/1.0" 404 693 "-" "Mozilla/5.0 (compatible; Charlotte/1.1; http://www.searchme.com/support/)"
208.111.154.16 - - [17/Dec/2008:09:39:55 -0500] "GET /haiku/haiku.html HTTP/1.1" 200 2147 "-" "Mozilla/5.0 (compatible; Charlotte/1.1; http://www.searchme.com/support/)"
65.55.210.9 - - [17/Dec/2008:09:43:43 -0500] "GET /robots.txt HTTP/1.1" 404 693 "-" "msnbot/1.1 (+http://search.msn.com/msnbot.htm)"
65.55.210.9 - - [17/Dec/2008:09:43:44 -0500] "GET /limerick/nice599.html HTTP/1.1" 304 - "-" "msnbot/1.1 (+http://search.msn.com/msnbot.htm)"
70.24.136.85 - - [17/Dec/2008:09:43:45 -0500] "GET /gifs/goldstar.jpg HTTP/1.1" 200 1854 "-" "Mozilla/4.0 (compatible; MSIE 7.0; Windows NT 5.1; FunWebProducts; SPOENB/1.0; AntivirXP08; .NET CLR 1.1.4322; SPOENB/1.0)"
66.235.124.8 - - [17/Dec/2008:09:55:24 -0500] "GET /robots.txt HTTP/1.1" 404 693 "-" "Mozilla/5.0 (compatible; Ask Jeeves/Teoma; +http://about.ask.com/en/docs/about/webmasters.shtml)"
66.235.124.8 - - [17/Dec/2008:09:55:29 -0500] "GET /fiction/fict98/fict298.html HTTP/1.1" 200 37545 "-" "Mozilla/5.0 (compatible; Ask Jeeves/Teoma; +http://about.ask.com/en/docs/about/webmasters.shtml)"
86.135.128.217 - - [17/Dec/2008:10:08:16 -0500] "GET /limerick/nice199.html HTTP/1.1" 200 25313 "http://www.google.co.uk/search?client=firefox-a&rls=org.mozilla%3Aen-GB%3Aofficial&channel=s&hl=en&q=limericks++about+slimming+&meta=&btnG=Google+Search" "Mozilla/5.0 (Windows; U; Windows NT 6.0; en-GB; rv:1.8.1.18) Gecko/20081029 Firefox/2.0.0.18"
86.135.128.217 - - [17/Dec/2008:10:08:17 -0500] "GET /gifs/birdumb2.gif HTTP/1.1" 200 4698 "http://www.toastpoint.com/limerick/nice199.html" "Mozilla/5.0 (Windows; U; Windows NT 6.0; en-GB; rv:1.8.1.18) Gecko/20081029 Firefox/2.0.0.18"
86.135.128.217 - - [17/Dec/2008:10:08:17 -0500] "GET /gifs/birdumb.gif HTTP/1.1" 200 4704 "http://www.toastpoint.com/limerick/nice199.html" "Mozilla/5.0 (Windows; U; Windows NT 6.0; en-GB; rv:1.8.1.18) Gecko/20081029 Firefox/2.0.0.18"
86.135.128.217 - - [17/Dec/2008:10:08:17 -0500] "GET /gifs/goldstar.jpg HTTP/1.1" 200 1854 "http://www.toastpoint.com/limerick/nice199.html" "Mozilla/5.0 (Windows; U; Windows NT 6.0; en-GB; rv:1.8.1.18) Gecko/20081029 Firefox/2.0.0.18"
86.135.128.217 - - [17/Dec/2008:10:08:17 -0500] "GET /favicon.ico HTTP/1.1" 404 693 "-" "Mozilla/5.0 (Windows; U; Windows NT 6.0; en-GB; rv:1.8.1.18) Gecko/20081029 Firefox/2.0.0.18"
193.252.149.15 - - [17/Dec/2008:10:12:05 -0500] "GET /limerick/nice199.html HTTP/1.1" 200 25313 "-" "Mozilla/5.0 (Windows; U; Windows NT 5.1; fr; rv:1.8.1) VoilaBot BETA 1.2 (support.voilabot@orange-ftgroup.com)"
208.111.154.16 - - [17/Dec/2008:10:31:50 -0500] "GET /robots.txt HTTP/1.0" 404 693 "-" "Mozilla/5.0 (compatible; Charlotte/1.1; http://www.searchme.com/support/)"
81.52.143.16 - - [17/Dec/2008:10:47:22 -0500] "GET /haiku/haiku.html HTTP/1.1" 200 2147 "-" "Mozilla/5.0 (Windows; U; Windows NT 5.1; fr; rv:1.8.1) VoilaBot BETA 1.2 (support.voilabot@orange-ftgroup.com)"
65.55.209.253 - - [17/Dec/2008:10:48:14 -0500] "GET /robots.txt HTTP/1.1" 404 693 "-" "msnbot/1.1 (+http://search.msn.com/msnbot.htm)"
65.55.209.253 - - [17/Dec/2008:10:48:15 -0500] "GET /limerick/brady/brady96.html HTTP/1.1" 304 - "-" "msnbot/1.1 (+http://search.msn.com/msnbot.htm)"
208.36.144.8 - - [17/Dec/2008:10:55:14 -0500] "GET /travel/alaska2004.html HTTP/1.0" 200 4572 "-" "Mozilla/5.0 (Twiceler-0.9 http://www.cuil.com/twiceler/robot.html)"
74.6.23.169 - - [17/Dec/2008:11:22:31 -0500] "GET /robots.txt HTTP/1.0" 404 693 "-" "Mozilla/5.0 (compatible; Yahoo! Slurp; http://help.yahoo.com/help/us/ysearch/slurp)"
74.6.30.119 - - [17/Dec/2008:11:22:31 -0500] "GET /haiku/haiku.html HTTP/1.0" 200 2147 "-" "Mozilla/5.0 (compatible; Yahoo! DE Slurp; http://help.yahoo.com/help/us/ysearch/slurp)"
64.1.215.164 - - [17/Dec/2008:11:27:23 -0500] "GET /robots.txt HTTP/1.0" 404 693 "-" "Mozilla/5.0 (Twiceler-0.9 http://www.cuil.com/twiceler/robot.html)"
70.24.136.85 - - [17/Dec/2008:11:31:53 -0500] "GET /gifs/goldstar.jpg HTTP/1.1" 304 - "-" "Mozilla/4.0 (compatible; MSIE 7.0; Windows NT 5.1; FunWebProducts; SPOENB/1.0; AntivirXP08; .NET CLR 1.1.4322; SPOENB/1.0)"
66.249.65.232 - - [17/Dec/2008:12:14:19 -0500] "GET /limerick/nice299.html HTTP/1.1" 200 28130 "-" "Nokia6820/2.0 (4.83) Profile/MIDP-1.0 Configuration/CLDC-1.0 (compatible; Googlebot-Mobile/2.1; +http://www.google.com/bot.html)"
66.249.65.232 - - [17/Dec/2008:12:14:21 -0500] "GET /haiku/welcome.html HTTP/1.1" 404 693 "-" "Nokia6820/2.0 (4.83) Profile/MIDP-1.0 Configuration/CLDC-1.0 (compatible; Googlebot-Mobile/2.1; +http://www.google.com/bot.html)"
66.249.65.232 - - [17/Dec/2008:12:14:21 -0500] "GET /limerick/naut499.html HTTP/1.1" 200 38163 "-" "Nokia6820/2.0 (4.83) Profile/MIDP-1.0 Configuration/CLDC-1.0 (compatible; Googlebot-Mobile/2.1; +http://www.google.com/bot.html)"
66.249.65.232 - - [17/Dec/2008:12:14:22 -0500] "GET /limerick/nice499.html HTTP/1.1" 200 24193 "-" "Nokia6820/2.0 (4.83) Profile/MIDP-1.0 Configuration/CLDC-1.0 (compatible; Googlebot-Mobile/2.1; +http://www.google.com/bot.html)"
66.249.65.232 - - [17/Dec/2008:12:14:25 -0500] "GET /limerick/nice599.html HTTP/1.1" 200 26033 "-" "Nokia6820/2.0 (4.83) Profile/MIDP-1.0 Configuration/CLDC-1.0 (compatible; Googlebot-Mobile/2.1; +http://www.google.com/bot.html)"
66.249.65.232 - - [17/Dec/2008:12:14:25 -0500] "GET /limerick/naut199.html HTTP/1.1" 200 34481 "-" "Nokia6820/2.0 (4.83) Profile/MIDP-1.0 Configuration/CLDC-1.0 (compatible; Googlebot-Mobile/2.1; +http://www.google.com/bot.html)"
66.249.65.232 - - [17/Dec/2008:12:14:25 -0500] "GET /limerick/nice399.html HTTP/1.1" 200 31092 "-" "Nokia6820/2.0 (4.83) Profile/MIDP-1.0 Configuration/CLDC-1.0 (compatible; Googlebot-Mobile/2.1; +http://www.google.com/bot.html)"
66.249.65.232 - - [17/Dec/2008:12:14:28 -0500] "GET /limerick/naut599.html HTTP/1.1" 200 21235 "-" "Nokia6820/2.0 (4.83) Profile/MIDP-1.0 Configuration/CLDC-1.0 (compatible; Googlebot-Mobile/2.1; +http://www.google.com/bot.html)"
66.249.65.232 - - [17/Dec/2008:12:14:30 -0500] "GET /limerick/naut299.html HTTP/1.1" 200 23095 "-" "Nokia6820/2.0 (4.83) Profile/MIDP-1.0 Configuration/CLDC-1.0 (compatible; Googlebot-Mobile/2.1; +http://www.google.com/bot.html)"
66.249.65.232 - - [17/Dec/2008:12:14:33 -0500] "GET /limerick/naut399.html HTTP/1.1" 200 38217 "-" "Nokia6820/2.0 (4.83) Profile/MIDP-1.0 Configuration/CLDC-1.0 (compatible; Googlebot-Mobile/2.1; +http://www.google.com/bot.html)"
66.249.65.232 - - [17/Dec/2008:12:15:23 -0500] "GET /haiku/1996/haik1196.html HTTP/1.1" 200 14090 "-" "Nokia6820/2.0 (4.83) Profile/MIDP-1.0 Configuration/CLDC-1.0 (compatible; Googlebot-Mobile/2.1; +http://www.google.com/bot.html)"
66.249.65.232 - - [17/Dec/2008:12:15:23 -0500] "GET /haiku/1996/haiku896.html HTTP/1.1" 200 20278 "-" "Nokia6820/2.0 (4.83) Profile/MIDP-1.0 Configuration/CLDC-1.0 (compatible; Googlebot-Mobile/2.1; +http://www.google.com/bot.html)"
66.249.65.232 - - [17/Dec/2008:12:15:23 -0500] "GET /haiku/1997/haiku697.html HTTP/1.1" 200 26478 "-" "Nokia6820/2.0 (4.83) Profile/MIDP-1.0 Configuration/CLDC-1.0 (compatible; Googlebot-Mobile/2.1; +http://www.google.com/bot.html)"
66.249.65.232 - - [17/Dec/2008:12:15:23 -0500] "GET /haiku/1997/haik1297.html HTTP/1.1" 200 22956 "-" "Nokia6820/2.0 (4.83) Profile/MIDP-1.0 Configuration/CLDC-1.0 (compatible; Googlebot-Mobile/2.1; +http://www.google.com/bot.html)"
66.249.65.232 - - [17/Dec/2008:12:15:23 -0500] "GET /haiku/1998/haiku298.html HTTP/1.1" 200 35588 "-" "Nokia6820/2.0 (4.83) Profile/MIDP-1.0 Configuration/CLDC-1.0 (compatible; Googlebot-Mobile/2.1; +http://www.google.com/bot.html)"
66.249.65.232 - - [17/Dec/2008:12:15:24 -0500] "GET /haiku/1996/haiku496.html HTTP/1.1" 200 19025 "-" "Nokia6820/2.0 (4.83) Profile/MIDP-1.0 Configuration/CLDC-1.0 (compatible; Googlebot-Mobile/2.1; +http://www.google.com/bot.html)"
66.249.65.232 - - [17/Dec/2008:12:15:24 -0500] "GET /haiku/1998/haiku198.html HTTP/1.1" 200 25922 "-" "Nokia6820/2.0 (4.83) Profile/MIDP-1.0 Configuration/CLDC-1.0 (compatible; Googlebot-Mobile/2.1; +http://www.google.com/bot.html)"
66.249.65.232 - - [17/Dec/2008:12:15:24 -0500] "GET /haiku/1997/haiku497.html HTTP/1.1" 200 29895 "-" "Nokia6820/2.0 (4.83) Profile/MIDP-1.0 Configuration/CLDC-1.0 (compatible; Googlebot-Mobile/2.1; +http://www.google.com/bot.html)"
66.249.65.232 - - [17/Dec/2008:12:15:24 -0500] "GET /haiku/1996/haiku396.html HTTP/1.1" 200 17896 "-" "Nokia6820/2.0 (4.83) Profile/MIDP-1.0 Configuration/CLDC-1.0 (compatible; Googlebot-Mobile/2.1; +http://www.google.com/bot.html)"
66.249.65.232 - - [17/Dec/2008:12:15:24 -0500] "GET /haiku/1997/haiku197.html HTTP/1.1" 200 34967 "-" "Nokia6820/2.0 (4.83) Profile/MIDP-1.0 Configuration/CLDC-1.0 (compatible; Googlebot-Mobile/2.1; +http://www.google.com/bot.html)"
66.249.65.232 - - [17/Dec/2008:12:15:25 -0500] "GET /haiku/1996/haiku796.html HTTP/1.1" 200 14361 "-" "Nokia6820/2.0 (4.83) Profile/MIDP-1.0 Configuration/CLDC-1.0 (compatible; Googlebot-Mobile/2.1; +http://www.google.com/bot.html)"
66.249.65.232 - - [17/Dec/2008:12:15:24 -0500] "GET /haiku/1998/haiku798.html HTTP/1.1" 200 74969 "-" "Nokia6820/2.0 (4.83) Profile/MIDP-1.0 Configuration/CLDC-1.0 (compatible; Googlebot-Mobile/2.1; +http://www.google.com/bot.html)"
66.249.65.232 - - [17/Dec/2008:12:15:25 -0500] "GET /haiku/1996/haiku296.html HTTP/1.1" 200 16138 "-" "Nokia6820/2.0 (4.83) Profile/MIDP-1.0 Configuration/CLDC-1.0 (compatible; Googlebot-Mobile/2.1; +http://www.google.com/bot.html)"
66.249.65.232 - - [17/Dec/2008:12:15:25 -0500] "GET /haiku/1997/haiku797.html HTTP/1.1" 200 23929 "-" "Nokia6820/2.0 (4.83) Profile/MIDP-1.0 Configuration/CLDC-1.0 (compatible; Googlebot-Mobile/2.1; +http://www.google.com/bot.html)"
66.249.65.232 - - [17/Dec/2008:12:15:25 -0500] "GET /haiku/1998/haik1298.html HTTP/1.1" 200 28856 "-" "Nokia6820/2.0 (4.83) Profile/MIDP-1.0 Configuration/CLDC-1.0 (compatible; Googlebot-Mobile/2.1; +http://www.google.com/bot.html)"
66.249.65.232 - - [17/Dec/2008:12:15:25 -0500] "GET /haiku/1996/haik1096.html HTTP/1.1" 404 693 "-" "Nokia6820/2.0 (4.83) Profile/MIDP-1.0 Configuration/CLDC-1.0 (compatible; Googlebot-Mobile/2.1; +http://www.google.com/bot.html)"
66.249.65.232 - - [17/Dec/2008:12:15:25 -0500] "GET /haiku/1996/haiku696.html HTTP/1.1" 200 9779 "-" "Nokia6820/2.0 (4.83) Profile/MIDP-1.0 Configuration/CLDC-1.0 (compatible; Googlebot-Mobile/2.1; +http://www.google.com/bot.html)"
66.249.65.232 - - [17/Dec/2008:12:15:25 -0500] "GET /haiku/1998/haiku598.html HTTP/1.1" 200 28935 "-" "Nokia6820/2.0 (4.83) Profile/MIDP-1.0 Configuration/CLDC-1.0 (compatible; Googlebot-Mobile/2.1; +http://www.google.com/bot.html)"
66.249.65.232 - - [17/Dec/2008:12:15:25 -0500] "GET /haiku/1998/haiku698.html HTTP/1.1" 200 26705 "-" "Nokia6820/2.0 (4.83) Profile/MIDP-1.0 Configuration/CLDC-1.0 (compatible; Googlebot-Mobile/2.1; +http://www.google.com/bot.html)"
66.249.65.232 - - [17/Dec/2008:12:15:25 -0500] "GET /haiku/1998/haiku498.html HTTP/1.1" 200 33616 "-" "Nokia6820/2.0 (4.83) Profile/MIDP-1.0 Configuration/CLDC-1.0 (compatible; Googlebot-Mobile/2.1; +http://www.google.com/bot.html)"
66.249.65.232 - - [17/Dec/2008:12:15:25 -0500] "GET /haiku/1997/haik1197.html HTTP/1.1" 200 26399 "-" "Nokia6820/2.0 (4.83) Profile/MIDP-1.0 Configuration/CLDC-1.0 (compatible; Googlebot-Mobile/2.1; +http://www.google.com/bot.html)"
66.249.65.232 - - [17/Dec/2008:12:15:25 -0500] "GET /haiku/1996/haiku996.html HTTP/1.1" 200 14845 "-" "Nokia6820/2.0 (4.83) Profile/MIDP-1.0 Configuration/CLDC-1.0 (compatible; Googlebot-Mobile/2.1; +http://www.google.com/bot.html)"
66.249.65.232 - - [17/Dec/2008:12:15:25 -0500] "GET /haiku/1997/haiku997.html HTTP/1.1" 200 28323 "-" "Nokia6820/2.0 (4.83) Profile/MIDP-1.0 Configuration/CLDC-1.0 (compatible; Googlebot-Mobile/2.1; +http://www.google.com/bot.html)"
66.249.65.232 - - [17/Dec/2008:12:15:25 -0500] "GET /haiku/1996/bestof96.html HTTP/1.1" 200 17138 "-" "Nokia6820/2.0 (4.83) Profile/MIDP-1.0 Configuration/CLDC-1.0 (compatible; Googlebot-Mobile/2.1; +http://www.google.com/bot.html)"
66.249.65.232 - - [17/Dec/2008:12:15:26 -0500] "GET /haiku/1996/haiku596.html HTTP/1.1" 200 9379 "-" "Nokia6820/2.0 (4.83) Profile/MIDP-1.0 Configuration/CLDC-1.0 (compatible; Googlebot-Mobile/2.1; +http://www.google.com/bot.html)"
66.249.65.232 - - [17/Dec/2008:12:15:26 -0500] "GET /haiku/1998/haik1098.html HTTP/1.1" 200 36006 "-" "Nokia6820/2.0 (4.83) Profile/MIDP-1.0 Configuration/CLDC-1.0 (compatible; Googlebot-Mobile/2.1; +http://www.google.com/bot.html)"
66.249.65.232 - - [17/Dec/2008:12:15:26 -0500] "GET /haiku/1997/haiku397.html HTTP/1.1" 200 42491 "-" "Nokia6820/2.0 (4.83) Profile/MIDP-1.0 Configuration/CLDC-1.0 (compatible; Googlebot-Mobile/2.1; +http://www.google.com/bot.html)"
66.249.65.232 - - [17/Dec/2008:12:15:26 -0500] "GET /haiku/1998/haik1198.html HTTP/1.1" 200 36876 "-" "Nokia6820/2.0 (4.83) Profile/MIDP-1.0 Configuration/CLDC-1.0 (compatible; Googlebot-Mobile/2.1; +http://www.google.com/bot.html)"
66.249.65.232 - - [17/Dec/2008:12:15:26 -0500] "GET /haiku/1998/haiku998.html HTTP/1.1" 200 38887 "-" "Nokia6820/2.0 (4.83) Profile/MIDP-1.0 Configuration/CLDC-1.0 (compatible; Googlebot-Mobile/2.1; +http://www.google.com/bot.html)"
66.249.65.232 - - [17/Dec/2008:12:15:26 -0500] "GET /haiku/1998/haiku398.html HTTP/1.1" 200 47804 "-" "Nokia6820/2.0 (4.83) Profile/MIDP-1.0 Configuration/CLDC-1.0 (compatible; Googlebot-Mobile/2.1; +http://www.google.com/bot.html)"
66.249.65.232 - - [17/Dec/2008:12:15:26 -0500] "GET /haiku/1996/haiku196.html HTTP/1.1" 200 10159 "-" "Nokia6820/2.0 (4.83) Profile/MIDP-1.0 Configuration/CLDC-1.0 (compatible; Googlebot-Mobile/2.1; +http://www.google.com/bot.html)"
66.249.65.232 - - [17/Dec/2008:12:15:26 -0500] "GET /haiku/1997/haiku597.html HTTP/1.1" 200 30659 "-" "Nokia6820/2.0 (4.83) Profile/MIDP-1.0 Configuration/CLDC-1.0 (compatible; Googlebot-Mobile/2.1; +http://www.google.com/bot.html)"
208.111.154.15 - - [17/Dec/2008:12:24:20 -0500] "GET /robots.txt HTTP/1.0" 404 693 "-" "Mozilla/5.0 (compatible; Charlotte/1.1; http://www.searchme.com/support/)"
208.111.154.16 - - [17/Dec/2008:12:24:41 -0500] "GET /limerick/brady/brady99.html HTTP/1.1" 200 7546 "-" "Mozilla/5.0 (compatible; Charlotte/1.1; http://www.searchme.com/support/)"
72.30.79.98 - - [17/Dec/2008:12:59:32 -0500] "GET /robots.txt HTTP/1.0" 404 693 "-" "Mozilla/5.0 (compatible; Yahoo! Slurp; http://help.yahoo.com/help/us/ysearch/slurp)"
72.30.79.98 - - [17/Dec/2008:12:59:48 -0500] "GET /haiku HTTP/1.0" 301 240 "-" "Mozilla/5.0 (compatible; Yahoo! Slurp; http://help.yahoo.com/help/us/ysearch/slurp)"
66.249.65.232 - - [17/Dec/2008:13:03:27 -0500] "GET /limerick/1995/nautnov.html HTTP/1.1" 304 - "-" "Mozilla/5.0 (compatible; Googlebot/2.1; +http://www.google.com/bot.html)"
72.30.79.98 - - [17/Dec/2008:13:09:34 -0500] "GET /haiku/moral.html HTTP/1.0" 200 4692 "-" "Mozilla/5.0 (compatible; Yahoo! Slurp; http://help.yahoo.com/help/us/ysearch/slurp)"
66.235.124.8 - - [17/Dec/2008:13:14:35 -0500] "GET /limerick/nice299.html HTTP/1.1" 200 28130 "-" "Mozilla/5.0 (compatible; Ask Jeeves/Teoma; +http://about.ask.com/en/docs/about/webmasters.shtml)"
63.133.238.100 - - [17/Dec/2008:13:19:26 -0500] "GET /rapture/rapture.html HTTP/1.0" 200 22564 "http://images.ask.com/fr?q=jury&desturi=http%3A%2F%2Fwww.toastpoint.com%2Frapture%2Frapture.html&fm=i&ac=3&ftURI=http%3A%2F%2Fimages.ask.com%2Ffr%3Fq%3Djury%26desturi%3Dhttp%253A%252F%252Fwww.toastpoint.com%252Frapture%252Frapture.html%26imagesrc%3Dhttp%253A%252F%252Fwww.toastpoint.com%252Frapture%252Ftbj-jury.gif%26thumbsrc%3Dhttp%253A%252F%252F66.235.120.64%252Fts%253Ft%253D2656937575207208691%2526pid%253D23296%2526ppid%253D0%26o%3D0%26l%3Ddir%26thumbuselocalisedstatic%3Dfalse%26fn%3Dtbj-jury.gif%26imagewidth%3D250%26imageheight%3D212%26fs%3D3%26ft%3Dgif%26f%3D2%26fm%3Di%26ftbURI%3Dhttp%253A%252F%252Fimages.ask.com%252Fpictures%253Fq%253Djury%2526page%253D1%2526o%253D0%2526l%253Ddir%2526pstart%253D0&qt=0" "Mozilla/4.0 (compatible; MSIE 7.0; Windows NT 5.1; .NET CLR 1.1.4322; .NET CLR 2.0.50727; .NET CLR 3.0.04506.30; .NET CLR 3.0.04506.648)"
63.133.238.100 - - [17/Dec/2008:13:19:28 -0500] "GET /rapture/tbj-jury.gif HTTP/1.0" 200 3904 "http://images.ask.com/fr?q=jury&desturi=http%3A%2F%2Fwww.toastpoint.com%2Frapture%2Frapture.html&imagesrc=http%3A%2F%2Fwww.toastpoint.com%2Frapture%2Ftbj-jury.gif&thumbsrc=http%3A%2F%2F66.235.120.64%2Fts%3Ft%3D2656937575207208691%26pid%3D23296%26ppid%3D0&o=0&l=dir&thumbuselocalisedstatic=false&fn=tbj-jury.gif&imagewidth=250&imageheight=212&fs=3&ft=gif&f=2&fm=i&ftbURI=http%3A%2F%2Fimages.ask.com%2Fpictures%3Fq%3Djury%26page%3D1%26o%3D0%26l%3Ddir%26pstart%3D0&qt=0&ac=3&ejs=http%3A%2F%2Fimages.ask.com%2Ffr%3Fq%3Djury%26desturi%3Dhttp%253A%252F%252Fwww.toastpoint.com%252Frapture%252Frapture.html%26fm%3Di%26ac%3D3%26ftURI%3Dhttp%253A%252F%252Fimages.ask.com%252Ffr%253Fq%253Djury%2526desturi%253Dhttp%25253A%25252F%25252Fwww.toastpoint.com%25252Frapture%25252Frapture.html%2526imagesrc%253Dhttp%25253A%25252F%25252Fwww.toastpoint.com%25252Frapture%25252Ftbj-jury.gif%2526thumbsrc%253Dhttp%25253A%25252F%25252F66.235.120.64%25252Fts%25253Ft%25253D2656937575207208691%252526pid%25253D23296%252526ppid%25253D0%2526o%253D0%2526l%253Ddir%2526thumbuselocalisedstatic%253Dfalse%2526fn%253Dtbj-jury.gif%2526imagewidth%253D250%2526imageheight%253D212%2526fs%253D3%2526ft%253Dgif%2526f%253D2%2526fm%253Di%2526ftbURI%253Dhttp%25253A%25252F%25252Fimages.ask.com%25252Fpictures%25253Fq%25253Djury%252526page%25253D1%252526o%25253D0%252526l%25253Ddir%252526pstart%25253D0%26qt%3D0" "Mozilla/4.0 (compatible; MSIE 7.0; Windows NT 5.1; .NET CLR 1.1.4322; .NET CLR 2.0.50727; .NET CLR 3.0.04506.30; .NET CLR 3.0.04506.648)"
63.133.238.100 - - [17/Dec/2008:13:19:28 -0500] "GET /favicon.ico HTTP/1.0" 404 693 "-" "Mozilla/4.0 (compatible; MSIE 7.0; Windows NT 5.1; .NET CLR 1.1.4322; .NET CLR 2.0.50727; .NET CLR 3.0.04506.30; .NET CLR 3.0.04506.648)"
72.30.79.98 - - [17/Dec/2008:13:29:08 -0500] "GET / HTTP/1.0" 200 464 "-" "Mozilla/5.0 (compatible; Yahoo! Slurp; http://help.yahoo.com/help/us/ysearch/slurp)"
72.30.79.98 - - [17/Dec/2008:13:29:35 -0500] "GET /toastpointtopleft.html HTTP/1.0" 200 162 "-" "Mozilla/5.0 (compatible; Yahoo! Slurp; http://help.yahoo.com/help/us/ysearch/slurp)"
72.30.79.98 - - [17/Dec/2008:13:30:15 -0500] "GET /toastpointtoc.html HTTP/1.0" 200 1188 "-" "Mozilla/5.0 (compatible; Yahoo! Slurp; http://help.yahoo.com/help/us/ysearch/slurp)"
72.30.79.98 - - [17/Dec/2008:13:30:32 -0500] "GET /news.html HTTP/1.0" 200 17706 "-" "Mozilla/5.0 (compatible; Yahoo! Slurp; http://help.yahoo.com/help/us/ysearch/slurp)"
72.30.79.98 - - [17/Dec/2008:13:30:43 -0500] "GET /toastpointtopright.html HTTP/1.0" 200 151 "-" "Mozilla/5.0 (compatible; Yahoo! Slurp; http://help.yahoo.com/help/us/ysearch/slurp)"
72.30.79.98 - - [17/Dec/2008:13:31:10 -0500] "GET /tpnews.html HTTP/1.0" 200 8305 "-" "Mozilla/5.0 (compatible; Yahoo! Slurp; http://help.yahoo.com/help/us/ysearch/slurp)"
66.235.124.8 - - [17/Dec/2008:13:45:01 -0500] "GET /fiction/fict98/fict1098.html HTTP/1.1" 200 61601 "-" "Mozilla/5.0 (compatible; Ask Jeeves/Teoma; +http://about.ask.com/en/docs/about/webmasters.shtml)"
81.52.143.16 - - [17/Dec/2008:13:58:23 -0500] "GET /limerick/1998/naut598.html HTTP/1.1" 200 63665 "-" "Mozilla/5.0 (Windows; U; Windows NT 5.1; fr; rv:1.8.1) VoilaBot BETA 1.2 (support.voilabot@orange-ftgroup.com)"
81.52.143.15 - - [17/Dec/2008:14:05:57 -0500] "GET /fiction/fict399.html HTTP/1.1" 200 27729 "-" "Mozilla/5.0 (Windows; U; Windows NT 5.1; fr; rv:1.8.1) VoilaBot BETA 1.2 (support.voilabot@orange-ftgroup.com)"
92.48.194.14 - - [17/Dec/2008:14:20:44 -0500] "GET /haiku/haiku399.html HTTP/1.1" 200 75208 "-" "Mozilla/5.0 (Macintosh; U; PPC Mac OS X; en-US) AppleWebKit/417.9 (KHTML, like Gecko) Safari/417.8_Adobe"
92.48.194.14 - - [17/Dec/2008:14:20:52 -0500] "GET /haiku/haiku.html HTTP/1.1" 200 2147 "-" "Mozilla/5.0 (Macintosh; U; PPC Mac OS X; en-US) AppleWebKit/417.9 (KHTML, like Gecko) Safari/417.8_Adobe"
92.48.194.14 - - [17/Dec/2008:14:20:52 -0500] "GET /haiku/haiku299.html HTTP/1.1" 200 68017 "-" "Mozilla/5.0 (Macintosh; U; PPC Mac OS X; en-US) AppleWebKit/417.9 (KHTML, like Gecko) Safari/417.8_Adobe"
92.48.194.14 - - [17/Dec/2008:14:21:01 -0500] "GET /haiku/haiku499.html HTTP/1.1" 200 54815 "-" "Mozilla/5.0 (Macintosh; U; PPC Mac OS X; en-US) AppleWebKit/417.9 (KHTML, like Gecko) Safari/417.8_Adobe"
92.48.194.14 - - [17/Dec/2008:14:21:03 -0500] "GET /welcome.html HTTP/1.1" 200 418 "-" "Mozilla/5.0 (Macintosh; U; PPC Mac OS X; en-US) AppleWebKit/417.9 (KHTML, like Gecko) Safari/417.8_Adobe"
66.235.124.8 - - [17/Dec/2008:14:24:25 -0500] "GET /fiction/fict399.html HTTP/1.1" 200 27729 "-" "Mozilla/5.0 (compatible; Ask Jeeves/Teoma; +http://about.ask.com/en/docs/about/webmasters.shtml)"
66.249.65.232 - - [17/Dec/2008:14:31:23 -0500] "GET /haiku/1995/haikujul.html HTTP/1.1" 200 2170 "-" "Nokia6820/2.0 (4.83) Profile/MIDP-1.0 Configuration/CLDC-1.0 (compatible; Googlebot-Mobile/2.1; +http://www.google.com/bot.html)"
66.249.65.232 - - [17/Dec/2008:14:31:32 -0500] "GET /haiku/1995/1995.html HTTP/1.1" 200 951 "-" "Nokia6820/2.0 (4.83) Profile/MIDP-1.0 Configuration/CLDC-1.0 (compatible; Googlebot-Mobile/2.1; +http://www.google.com/bot.html)"
66.249.65.232 - - [17/Dec/2008:14:31:32 -0500] "GET /limerick/1997/lim1997.html HTTP/1.1" 200 1925 "-" "Nokia6820/2.0 (4.83) Profile/MIDP-1.0 Configuration/CLDC-1.0 (compatible; Googlebot-Mobile/2.1; +http://www.google.com/bot.html)"
66.249.65.232 - - [17/Dec/2008:14:31:32 -0500] "GET /limerick/1995/nautsept.html HTTP/1.1" 200 7977 "-" "Nokia6820/2.0 (4.83) Profile/MIDP-1.0 Configuration/CLDC-1.0 (compatible; Googlebot-Mobile/2.1; +http://www.google.com/bot.html)"
66.249.65.232 - - [17/Dec/2008:14:31:35 -0500] "GET /limerick/brady/brady1.html HTTP/1.1" 200 4493 "-" "Nokia6820/2.0 (4.83) Profile/MIDP-1.0 Configuration/CLDC-1.0 (compatible; Googlebot-Mobile/2.1; +http://www.google.com/bot.html)"
66.249.65.232 - - [17/Dec/2008:14:31:35 -0500] "GET /fiction/fict98/fict998.html HTTP/1.1" 200 7905 "-" "Nokia6820/2.0 (4.83) Profile/MIDP-1.0 Configuration/CLDC-1.0 (compatible; Googlebot-Mobile/2.1; +http://www.google.com/bot.html)"
66.249.65.232 - - [17/Dec/2008:14:32:08 -0500] "GET /fiction/fict97/fict297.html HTTP/1.1" 200 8467 "-" "Nokia6820/2.0 (4.83) Profile/MIDP-1.0 Configuration/CLDC-1.0 (compatible; Googlebot-Mobile/2.1; +http://www.google.com/bot.html)"
74.72.142.78 - - [17/Dec/2008:14:32:20 -0500] "GET / HTTP/1.1" 200 464 "http://www.google.com/search?hl=en&q=toast+a+best+friend+on+her+new+job&btnG=Search" "Mozilla/5.0 (Windows; U; Windows NT 6.0; en-US; rv:1.9.0.4) Gecko/2008102920 Firefox/3.0.4"
74.72.142.78 - - [17/Dec/2008:14:32:20 -0500] "GET /toastpointtopleft.html HTTP/1.1" 200 162 "http://www.toastpoint.com/" "Mozilla/5.0 (Windows; U; Windows NT 6.0; en-US; rv:1.9.0.4) Gecko/2008102920 Firefox/3.0.4"
74.72.142.78 - - [17/Dec/2008:14:32:20 -0500] "GET /toastpointtopright.html HTTP/1.1" 200 151 "http://www.toastpoint.com/" "Mozilla/5.0 (Windows; U; Windows NT 6.0; en-US; rv:1.9.0.4) Gecko/2008102920 Firefox/3.0.4"
74.72.142.78 - - [17/Dec/2008:14:32:20 -0500] "GET /toastpointtoc.html HTTP/1.1" 200 1188 "http://www.toastpoint.com/" "Mozilla/5.0 (Windows; U; Windows NT 6.0; en-US; rv:1.9.0.4) Gecko/2008102920 Firefox/3.0.4"
74.72.142.78 - - [17/Dec/2008:14:32:20 -0500] "GET /tpnews.html HTTP/1.1" 200 8305 "http://www.toastpoint.com/" "Mozilla/5.0 (Windows; U; Windows NT 6.0; en-US; rv:1.9.0.4) Gecko/2008102920 Firefox/3.0.4"
74.72.142.78 - - [17/Dec/2008:14:32:20 -0500] "GET /news.html HTTP/1.1" 200 17706 "http://www.toastpoint.com/" "Mozilla/5.0 (Windows; U; Windows NT 6.0; en-US; rv:1.9.0.4) Gecko/2008102920 Firefox/3.0.4"
74.72.142.78 - - [17/Dec/2008:14:32:20 -0500] "GET /gifs/tpwinter20089.jpg HTTP/1.1" 200 28088 "http://www.toastpoint.com/news.html" "Mozilla/5.0 (Windows; U; Windows NT 6.0; en-US; rv:1.9.0.4) Gecko/2008102920 Firefox/3.0.4"
74.72.142.78 - - [17/Dec/2008:14:32:20 -0500] "GET /favicon.ico HTTP/1.1" 404 693 "-" "Mozilla/5.0 (Windows; U; Windows NT 6.0; en-US; rv:1.9.0.4) Gecko/2008102920 Firefox/3.0.4"
74.72.142.78 - - [17/Dec/2008:14:32:21 -0500] "GET /favicon.ico HTTP/1.1" 404 693 "-" "Mozilla/5.0 (Windows; U; Windows NT 6.0; en-US; rv:1.9.0.4) Gecko/2008102920 Firefox/3.0.4"
124.115.10.193 - - [17/Dec/2008:14:39:08 -0500] "GET / HTTP/1.1" 200 464 "http://www.toastpoint.com/" "Mozilla/4.0 (compatible; MSIE 6.0; Windows NT 5.1)"
124.115.10.193 - - [17/Dec/2008:14:39:21 -0500] "GET /toastpointtopleft.html HTTP/1.1" 200 162 "http://www.toastpoint.com/toastpointtopleft.html" "Mozilla/4.0 (compatible; MSIE 6.0; Windows NT 5.1)"
124.115.10.193 - - [17/Dec/2008:14:39:24 -0500] "GET /toastpointtoc.html HTTP/1.1" 200 1188 "http://www.toastpoint.com/toastpointtoc.html" "Mozilla/4.0 (compatible; MSIE 6.0; Windows NT 5.1)"
124.115.10.193 - - [17/Dec/2008:14:39:26 -0500] "GET /news.html HTTP/1.1" 200 17706 "http://www.toastpoint.com/news.html" "Mozilla/4.0 (compatible; MSIE 6.0; Windows NT 5.1)"
124.115.10.193 - - [17/Dec/2008:14:39:30 -0500] "GET /toastpointtopright.html HTTP/1.1" 200 151 "http://www.toastpoint.com/toastpointtopright.html" "Mozilla/4.0 (compatible; MSIE 6.0; Windows NT 5.1)"
124.115.10.193 - - [17/Dec/2008:14:39:33 -0500] "GET /tpnews.html HTTP/1.1" 200 8305 "http://www.toastpoint.com/tpnews.html" "Mozilla/4.0 (compatible; MSIE 6.0; Windows NT 5.1)"
207.126.224.241 - - [17/Dec/2008:14:42:02 -0500] "GET / HTTP/1.0" 200 464 "-" "Mozilla/4.05 [en]"
124.115.1.7 - - [17/Dec/2008:14:45:30 -0500] "GET / HTTP/1.1" 200 464 "http://www.toastpoint.com/" "Mozilla/4.0 (compatible; MSIE 6.0; Windows NT 5.1)"
124.115.1.7 - - [17/Dec/2008:14:45:41 -0500] "GET /toastpointtopleft.html HTTP/1.1" 200 162 "http://www.toastpoint.com/toastpointtopleft.html" "Mozilla/4.0 (compatible; MSIE 6.0; Windows NT 5.1)"
124.115.1.7 - - [17/Dec/2008:14:45:42 -0500] "GET /toastpointtoc.html HTTP/1.1" 200 1188 "http://www.toastpoint.com/toastpointtoc.html" "Mozilla/4.0 (compatible; MSIE 6.0; Windows NT 5.1)"
66.235.124.8 - - [17/Dec/2008:14:45:43 -0500] "GET /limerick/1997/nice1297.html HTTP/1.1" 200 24100 "-" "Mozilla/5.0 (compatible; Ask Jeeves/Teoma; +http://about.ask.com/en/docs/about/webmasters.shtml)"
124.115.1.7 - - [17/Dec/2008:14:45:43 -0500] "GET /news.html HTTP/1.1" 200 17706 "http://www.toastpoint.com/news.html" "Mozilla/4.0 (compatible; MSIE 6.0; Windows NT 5.1)"
124.115.1.7 - - [17/Dec/2008:14:45:44 -0500] "GET /toastpointtopright.html HTTP/1.1" 200 151 "http://www.toastpoint.com/toastpointtopright.html" "Mozilla/4.0 (compatible; MSIE 6.0; Windows NT 5.1)"
124.115.1.7 - - [17/Dec/2008:14:45:46 -0500] "GET /tpnews.html HTTP/1.1" 200 8305 "http://www.toastpoint.com/tpnews.html" "Mozilla/4.0 (compatible; MSIE 6.0; Windows NT 5.1)"
193.252.149.16 - - [17/Dec/2008:14:50:26 -0500] "GET /robots.txt HTTP/1.1" 404 693 "-" "Mozilla/5.0 (Windows; U; Windows NT 5.1; fr; rv:1.8.1) VoilaBot BETA 1.2 (support.voilabot@orange-ftgroup.com)"
193.252.149.16 - - [17/Dec/2008:14:50:32 -0500] "GET /limerick/naut399.html HTTP/1.1" 200 38217 "-" "Mozilla/5.0 (Windows; U; Windows NT 5.1; fr; rv:1.8.1) VoilaBot BETA 1.2 (support.voilabot@orange-ftgroup.com)"
193.252.149.15 - - [17/Dec/2008:14:58:26 -0500] "GET /limerick/1996/lim1996.html HTTP/1.1" 200 2072 "-" "Mozilla/5.0 (Windows; U; Windows NT 5.1; fr; rv:1.8.1) VoilaBot BETA 1.2 (support.voilabot@orange-ftgroup.com)"
124.115.1.66 - - [17/Dec/2008:15:47:43 -0500] "GET / HTTP/1.1" 200 464 "http://www.toastpoint.com/" "Mozilla/4.0 (compatible; MSIE 6.0; Windows NT 5.1)"
124.115.1.66 - - [17/Dec/2008:15:47:57 -0500] "GET /toastpointtopleft.html HTTP/1.1" 200 162 "http://www.toastpoint.com/toastpointtopleft.html" "Mozilla/4.0 (compatible; MSIE 6.0; Windows NT 5.1)"
124.115.1.66 - - [17/Dec/2008:15:47:58 -0500] "GET /toastpointtoc.html HTTP/1.1" 200 1188 "http://www.toastpoint.com/toastpointtoc.html" "Mozilla/4.0 (compatible; MSIE 6.0; Windows NT 5.1)"
124.115.1.66 - - [17/Dec/2008:15:47:59 -0500] "GET /news.html HTTP/1.1" 200 17706 "http://www.toastpoint.com/news.html" "Mozilla/4.0 (compatible; MSIE 6.0; Windows NT 5.1)"
124.115.1.66 - - [17/Dec/2008:15:48:00 -0500] "GET /toastpointtopright.html HTTP/1.1" 200 151 "http://www.toastpoint.com/toastpointtopright.html" "Mozilla/4.0 (compatible; MSIE 6.0; Windows NT 5.1)"
124.115.1.66 - - [17/Dec/2008:15:48:01 -0500] "GET /tpnews.html HTTP/1.1" 200 8305 "http://www.toastpoint.com/tpnews.html" "Mozilla/4.0 (compatible; MSIE 6.0; Windows NT 5.1)"
66.235.124.8 - - [17/Dec/2008:15:59:34 -0500] "GET /limerick/1997/naut297.html HTTP/1.1" 200 31034 "-" "Mozilla/5.0 (compatible; Ask Jeeves/Teoma; +http://about.ask.com/en/docs/about/webmasters.shtml)"
99.144.247.159 - - [17/Dec/2008:16:21:05 -0500] "GET /favicon.ico HTTP/1.1" 404 693 "-" "Mozilla/4.0 (compatible; MSIE 7.0; Windows NT 6.0; SLCC1; .NET CLR 2.0.50727; Media Center PC 5.0; .NET CLR 3.0.04506)"
99.144.247.159 - - [17/Dec/2008:16:21:05 -0500] "GET / HTTP/1.1" 200 464 "-" "Mozilla/4.0 (compatible; MSIE 7.0; Windows NT 6.0; SLCC1; .NET CLR 2.0.50727; Media Center PC 5.0; .NET CLR 3.0.04506)"
99.144.247.159 - - [17/Dec/2008:16:21:05 -0500] "GET /toastpointtopleft.html HTTP/1.1" 200 162 "http://www.toastpoint.com/" "Mozilla/4.0 (compatible; MSIE 7.0; Windows NT 6.0; SLCC1; .NET CLR 2.0.50727; Media Center PC 5.0; .NET CLR 3.0.04506)"
99.144.247.159 - - [17/Dec/2008:16:21:06 -0500] "GET /toastpointtoc.html HTTP/1.1" 200 1188 "http://www.toastpoint.com/" "Mozilla/4.0 (compatible; MSIE 7.0; Windows NT 6.0; SLCC1; .NET CLR 2.0.50727; Media Center PC 5.0; .NET CLR 3.0.04506)"
99.144.247.159 - - [17/Dec/2008:16:21:06 -0500] "GET /toastpointtopright.html HTTP/1.1" 200 151 "http://www.toastpoint.com/" "Mozilla/4.0 (compatible; MSIE 7.0; Windows NT 6.0; SLCC1; .NET CLR 2.0.50727; Media Center PC 5.0; .NET CLR 3.0.04506)"
99.144.247.159 - - [17/Dec/2008:16:21:06 -0500] "GET /tpnews.html HTTP/1.1" 200 8305 "http://www.toastpoint.com/" "Mozilla/4.0 (compatible; MSIE 7.0; Windows NT 6.0; SLCC1; .NET CLR 2.0.50727; Media Center PC 5.0; .NET CLR 3.0.04506)"
99.144.247.159 - - [17/Dec/2008:16:21:06 -0500] "GET /news.html HTTP/1.1" 200 17706 "http://www.toastpoint.com/" "Mozilla/4.0 (compatible; MSIE 7.0; Windows NT 6.0; SLCC1; .NET CLR 2.0.50727; Media Center PC 5.0; .NET CLR 3.0.04506)"
99.144.247.159 - - [17/Dec/2008:16:21:06 -0500] "GET /gifs/tpwinter20089.jpg HTTP/1.1" 200 28088 "http://www.toastpoint.com/news.html" "Mozilla/4.0 (compatible; MSIE 7.0; Windows NT 6.0; SLCC1; .NET CLR 2.0.50727; Media Center PC 5.0; .NET CLR 3.0.04506)"
81.52.143.26 - - [17/Dec/2008:16:30:59 -0500] "GET /robots.txt HTTP/1.1" 404 693 "-" "Mozilla/5.0 (Windows; U; Windows NT 5.1; fr; rv:1.8.1) VoilaBot BETA 1.2 (support.voilabot@orange-ftgroup.com)"
81.52.143.26 - - [17/Dec/2008:16:31:01 -0500] "GET /limerick/ HTTP/1.1" 403 563 "-" "Mozilla/5.0 (Windows; U; Windows NT 5.1; fr; rv:1.8.1) VoilaBot BETA 1.2 (support.voilabot@orange-ftgroup.com)"
74.79.43.122 - - [17/Dec/2008:16:33:49 -0500] "GET /limerick/1998/nice1298.html HTTP/1.1" 200 22822 "http://www.google.com/search?q=albigon+chevy&ie=utf-8&oe=utf-8&aq=t&rls=org.mozilla:en-US:official&client=firefox-a" "Mozilla/5.0 (Windows; U; Windows NT 5.1; en-US; rv:1.8.1.19) Gecko/20081201 Firefox/2.0.0.19"
74.79.43.122 - - [17/Dec/2008:16:33:50 -0500] "GET /gifs/birdumb2.gif HTTP/1.1" 200 4698 "http://www.toastpoint.com/limerick/1998/nice1298.html" "Mozilla/5.0 (Windows; U; Windows NT 5.1; en-US; rv:1.8.1.19) Gecko/20081201 Firefox/2.0.0.19"
74.79.43.122 - - [17/Dec/2008:16:33:50 -0500] "GET /gifs/birdumb.gif HTTP/1.1" 200 4704 "http://www.toastpoint.com/limerick/1998/nice1298.html" "Mozilla/5.0 (Windows; U; Windows NT 5.1; en-US; rv:1.8.1.19) Gecko/20081201 Firefox/2.0.0.19"
74.79.43.122 - - [17/Dec/2008:16:33:50 -0500] "GET /gifs/goldstar.jpg HTTP/1.1" 200 1854 "http://www.toastpoint.com/limerick/1998/nice1298.html" "Mozilla/5.0 (Windows; U; Windows NT 5.1; en-US; rv:1.8.1.19) Gecko/20081201 Firefox/2.0.0.19"
74.79.43.122 - - [17/Dec/2008:16:33:50 -0500] "GET /favicon.ico HTTP/1.1" 404 693 "-" "Mozilla/5.0 (Windows; U; Windows NT 5.1; en-US; rv:1.8.1.19) Gecko/20081201 Firefox/2.0.0.19"
74.79.43.122 - - [17/Dec/2008:16:33:50 -0500] "GET /favicon.ico HTTP/1.1" 404 693 "-" "Mozilla/5.0 (Windows; U; Windows NT 5.1; en-US; rv:1.8.1.19) Gecko/20081201 Firefox/2.0.0.19"
74.79.43.122 - - [17/Dec/2008:16:34:39 -0500] "GET /limerick/1998/naut1298.html HTTP/1.1" 200 31614 "http://www.google.com/search?q=albigon+chevy&ie=utf-8&oe=utf-8&aq=t&rls=org.mozilla:en-US:official&client=firefox-a" "Mozilla/5.0 (Windows; U; Windows NT 5.1; en-US; rv:1.8.1.19) Gecko/20081201 Firefox/2.0.0.19"
