81.52.143.16 - - [04/Dec/2008:00:04:29 -0500] "GET /robots.txt HTTP/1.1" 404 693 "-" "Mozilla/5.0 (Windows; U; Windows NT 5.1; fr; rv:1.8.1) VoilaBot BETA 1.2 (support.voilabot@orange-ftgroup.com)"
81.52.143.16 - - [04/Dec/2008:00:04:44 -0500] "GET /welcome.html HTTP/1.1" 200 418 "-" "Mozilla/5.0 (Windows; U; Windows NT 5.1; fr; rv:1.8.1) VoilaBot BETA 1.2 (support.voilabot@orange-ftgroup.com)"
72.14.199.90 - - [04/Dec/2008:01:03:17 -0500] "GET /limerick/brady/brady98.html HTTP/1.1" 200 8297 "-" "DoCoMo/2.0 N905i(c100;TB;W24H16) (compatible; Googlebot-Mobile/2.1; +http://www.google.com/bot.html)"
72.20.109.36 - - [04/Dec/2008:01:09:31 -0500] "GET /robots.txt HTTP/1.1" 404 693 "-" "GurujiBot/1.0 (+http://www.guruji.com/en/WebmasterFAQ.html)"
72.20.109.36 - - [04/Dec/2008:01:09:31 -0500] "GET / HTTP/1.1" 200 464 "-" "GurujiBot/1.0 (+http://www.guruji.com/en/WebmasterFAQ.html)"
207.69.137.27 - - [04/Dec/2008:01:11:17 -0500] "GET /rapture/rapture.html HTTP/1.1" 200 22564 "http://images.ask.com/fr?q=Jury+Duty&desturi=http%3A%2F%2Fwww.toastpoint.com%2Frapture%2Frapture.html&fm=i&ac=34&ftURI=http%3A%2F%2Fimages.ask.com%2Ffr%3Fq%3DJury%2BDuty%26desturi%3Dhttp%253A%252F%252Fwww.toastpoint.com%252Frapture%252Frapture.html%26imagesrc%3Dhttp%253A%252F%252Fwww.toastpoint.com%252Frapture%252Ftbj-jury.gif%26thumbsrc%3Dhttp%253A%252F%252F66.235.120.64%252Fts%253Ft%253D2656937575207208691%2526pid%253D23296%2526ppid%253D0%26o%3D0%26l%3Ddir%26thumbuselocalisedstatic%3Dfalse%26fn%3Dtbj-jury.gif%26imagewidth%3D250%26imageheight%3D212%26fs%3D3%26ft%3Dgif%26f%3D2%26fm%3Di%26ftbURI%3Dhttp%253A%252F%252Fwww.ask.com%252Fpictures%253Fq%253DJury%252BDuty%2526page%253D2%2526o%253D0%2526l%253Ddir%2526pstart%253D8&qt=0" "Mozilla/4.0 (compatible; MSIE 6.0; Windows NT 5.1; SV1; .NET CLR 1.1.4322; .NET CLR 2.0.50727)"
207.69.137.27 - - [04/Dec/2008:01:11:23 -0500] "GET /rapture/tbj-jury.gif HTTP/1.1" 200 3904 "http://www.toastpoint.com/rapture/rapture.html" "Mozilla/4.0 (compatible; MSIE 6.0; Windows NT 5.1; SV1; .NET CLR 1.1.4322; .NET CLR 2.0.50727)"
207.69.137.27 - - [04/Dec/2008:01:11:23 -0500] "GET /rapture/pirates.gif HTTP/1.1" 200 4045 "http://www.toastpoint.com/rapture/rapture.html" "Mozilla/4.0 (compatible; MSIE 6.0; Windows NT 5.1; SV1; .NET CLR 1.1.4322; .NET CLR 2.0.50727)"
207.69.137.27 - - [04/Dec/2008:01:11:23 -0500] "GET /rapture/hms-dick.gif HTTP/1.1" 200 3100 "http://www.toastpoint.com/rapture/rapture.html" "Mozilla/4.0 (compatible; MSIE 6.0; Windows NT 5.1; SV1; .NET CLR 1.1.4322; .NET CLR 2.0.50727)"
207.69.137.27 - - [04/Dec/2008:01:11:23 -0500] "GET /rapture/sor-well.gif HTTP/1.1" 200 2583 "http://www.toastpoint.com/rapture/rapture.html" "Mozilla/4.0 (compatible; MSIE 6.0; Windows NT 5.1; SV1; .NET CLR 1.1.4322; .NET CLR 2.0.50727)"
207.69.137.27 - - [04/Dec/2008:01:11:23 -0500] "GET /rapture/ida-monk.gif HTTP/1.1" 200 3753 "http://www.toastpoint.com/rapture/rapture.html" "Mozilla/4.0 (compatible; MSIE 6.0; Windows NT 5.1; SV1; .NET CLR 1.1.4322; .NET CLR 2.0.50727)"
207.69.137.27 - - [04/Dec/2008:01:11:23 -0500] "GET /rapture/bunthorne.gif HTTP/1.1" 200 3137 "http://www.toastpoint.com/rapture/rapture.html" "Mozilla/4.0 (compatible; MSIE 6.0; Windows NT 5.1; SV1; .NET CLR 1.1.4322; .NET CLR 2.0.50727)"
207.69.137.27 - - [04/Dec/2008:01:11:23 -0500] "GET /rapture/mik-lips.gif HTTP/1.1" 200 3352 "http://www.toastpoint.com/rapture/rapture.html" "Mozilla/4.0 (compatible; MSIE 6.0; Windows NT 5.1; SV1; .NET CLR 1.1.4322; .NET CLR 2.0.50727)"
207.69.137.27 - - [04/Dec/2008:01:11:23 -0500] "GET /rapture/iolanthe.gif HTTP/1.1" 200 2814 "http://www.toastpoint.com/rapture/rapture.html" "Mozilla/4.0 (compatible; MSIE 6.0; Windows NT 5.1; SV1; .NET CLR 1.1.4322; .NET CLR 2.0.50727)"
207.69.137.27 - - [04/Dec/2008:01:11:25 -0500] "GET /rapture/gon-baby.gif HTTP/1.1" 200 2847 "http://www.toastpoint.com/rapture/rapture.html" "Mozilla/4.0 (compatible; MSIE 6.0; Windows NT 5.1; SV1; .NET CLR 1.1.4322; .NET CLR 2.0.50727)"
207.69.137.27 - - [04/Dec/2008:01:11:26 -0500] "GET /rapture/rud-spec.gif HTTP/1.1" 200 2489 "http://www.toastpoint.com/rapture/rapture.html" "Mozilla/4.0 (compatible; MSIE 6.0; Windows NT 5.1; SV1; .NET CLR 1.1.4322; .NET CLR 2.0.50727)"
207.69.137.27 - - [04/Dec/2008:01:11:27 -0500] "GET /rapture/yeo-song.gif HTTP/1.1" 200 2781 "http://www.toastpoint.com/rapture/rapture.html" "Mozilla/4.0 (compatible; MSIE 6.0; Windows NT 5.1; SV1; .NET CLR 1.1.4322; .NET CLR 2.0.50727)"
207.69.137.27 - - [04/Dec/2008:01:11:28 -0500] "GET /rapture/uto-look.gif HTTP/1.1" 200 3823 "http://www.toastpoint.com/rapture/rapture.html" "Mozilla/4.0 (compatible; MSIE 6.0; Windows NT 5.1; SV1; .NET CLR 1.1.4322; .NET CLR 2.0.50727)"
24.181.41.88 - - [04/Dec/2008:01:36:46 -0500] "GET /favicon.ico HTTP/1.1" 404 693 "-" "Mozilla/5.0 (Windows; U; Win98; en-US; rv:1.8.1.18) Gecko/20081029 Firefox/2.0.0.18"
75.83.127.94 - - [04/Dec/2008:01:45:31 -0500] "GET http://006a13a.netsolhost.com/index.html HTTP/1.0" 200 464 "-" "Mozilla/4.0 (compatible; MSIE 7.0b; Windows NT 6.0)"
75.83.127.94 - - [04/Dec/2008:01:47:13 -0500] "GET http://006a13a.netsolhost.com/index.html HTTP/1.0" 200 464 "-" "Mozilla/4.0 (compatible; MSIE 7.0b; Windows NT 6.0)"
203.155.1.251 - - [04/Dec/2008:02:06:47 -0500] "GET /limerick/nice299.html HTTP/1.1" 200 28130 "http://www.google.com/search?q=clean+limerick&rls=com.microsoft:en-us&ie=UTF-8&oe=UTF-8&startIndex=&startPage=1" "Mozilla/4.0 (compatible; MSIE 7.0; Windows NT 5.1; InfoPath.2; .NET CLR 2.0.50727; .NET CLR 1.1.4322)"
203.155.1.251 - - [04/Dec/2008:02:06:48 -0500] "GET /gifs/birdumb2.gif HTTP/1.1" 200 4698 "http://www.toastpoint.com/limerick/nice299.html" "Mozilla/4.0 (compatible; MSIE 7.0; Windows NT 5.1; InfoPath.2; .NET CLR 2.0.50727; .NET CLR 1.1.4322)"
203.155.1.251 - - [04/Dec/2008:02:06:49 -0500] "GET /gifs/birdumb.gif HTTP/1.1" 200 4704 "http://www.toastpoint.com/limerick/nice299.html" "Mozilla/4.0 (compatible; MSIE 7.0; Windows NT 5.1; InfoPath.2; .NET CLR 2.0.50727; .NET CLR 1.1.4322)"
203.155.1.251 - - [04/Dec/2008:02:06:49 -0500] "GET /gifs/goldstar.jpg HTTP/1.1" 200 1854 "http://www.toastpoint.com/limerick/nice299.html" "Mozilla/4.0 (compatible; MSIE 7.0; Windows NT 5.1; InfoPath.2; .NET CLR 2.0.50727; .NET CLR 1.1.4322)"
203.155.1.251 - - [04/Dec/2008:02:06:51 -0500] "GET /favicon.ico HTTP/1.1" 404 693 "-" "Mozilla/4.0 (compatible; MSIE 7.0; Windows NT 5.1; InfoPath.2; .NET CLR 2.0.50727; .NET CLR 1.1.4322)"
208.111.154.15 - - [04/Dec/2008:02:14:29 -0500] "GET /robots.txt HTTP/1.0" 404 693 "-" "Mozilla/5.0 (compatible; Charlotte/1.1; http://www.searchme.com/support/)"
38.113.234.181 - - [04/Dec/2008:03:49:04 -0500] "GET /robots.txt HTTP/1.1" 404 693 "-" "voyager/2.0 (http://www.kosmix.com/html/crawler.html)"
208.111.154.15 - - [04/Dec/2008:04:49:40 -0500] "GET /robots.txt HTTP/1.0" 404 693 "-" "Mozilla/5.0 (compatible; Charlotte/1.1; http://www.searchme.com/support/)"
208.111.154.16 - - [04/Dec/2008:04:55:53 -0500] "GET /robots.txt HTTP/1.0" 404 693 "-" "Mozilla/5.0 (compatible; Charlotte/1.1; http://www.searchme.com/support/)"
216.183.81.221 - - [04/Dec/2008:05:00:47 -0500] "GET / HTTP/1.1" 304 - "-" "Wget/1.10.2"
81.52.143.16 - - [04/Dec/2008:05:37:31 -0500] "GET /limerick/1998/nice498.html HTTP/1.1" 200 32863 "-" "Mozilla/5.0 (Windows; U; Windows NT 5.1; fr; rv:1.8.1) VoilaBot BETA 1.2 (support.voilabot@orange-ftgroup.com)"
208.111.154.15 - - [04/Dec/2008:05:48:12 -0500] "GET /robots.txt HTTP/1.0" 404 693 "-" "Mozilla/5.0 (compatible; Charlotte/1.1; http://www.searchme.com/support/)"
75.83.127.94 - - [04/Dec/2008:06:32:37 -0500] "GET http://006a13a.netsolhost.com/index.html HTTP/1.0" 200 464 "-" "Mozilla/4.0 (compatible; MSIE 7.0b; Windows NT 6.0)"
75.83.127.94 - - [04/Dec/2008:06:33:19 -0500] "GET http://006a13a.netsolhost.com/index.html HTTP/1.0" 200 464 "-" "Mozilla/4.0 (compatible; MSIE 7.0b; Windows NT 6.0)"
63.241.3.51 - - [04/Dec/2008:06:37:04 -0500] "GET /limerick/limerick.html HTTP/1.1" 200 2613 "-" "-"
65.55.209.36 - - [04/Dec/2008:06:37:54 -0500] "GET /robots.txt HTTP/1.1" 404 693 "-" "msnbot/1.1 (+http://search.msn.com/msnbot.htm)"
65.55.209.36 - - [04/Dec/2008:06:37:54 -0500] "GET / HTTP/1.1" 304 - "-" "msnbot/1.1 (+http://search.msn.com/msnbot.htm)"
208.111.154.15 - - [04/Dec/2008:06:44:05 -0500] "GET /robots.txt HTTP/1.0" 404 693 "-" "Mozilla/5.0 (compatible; Charlotte/1.1; http://www.searchme.com/support/)"
208.111.154.15 - - [04/Dec/2008:06:44:26 -0500] "GET /limerick/1997/lim1997.html HTTP/1.1" 200 1925 "-" "Mozilla/5.0 (compatible; Charlotte/1.1; http://www.searchme.com/support/)"
208.80.194.26 - - [04/Dec/2008:07:17:11 -0500] "GET / HTTP/1.0" 200 464 "-" "Mozilla/4.0 (compatible; MSIE 6.0; Windows NT 5.1; YPC 3.2.0; .NET CLR 1.1.4322; SpamBlockerUtility 4.8.0; yplus 5.1.04b)"
66.249.65.232 - - [04/Dec/2008:07:21:30 -0500] "GET /limerick/1996/naut896.html HTTP/1.1" 200 14574 "-" "Mozilla/5.0 (compatible; Googlebot/2.1; +http://www.google.com/bot.html)"
72.14.193.3 - - [04/Dec/2008:08:02:49 -0500] "GET /haiku/haiku399.html HTTP/1.1" 200 75208 "http://translate.google.pl/translate?hl=pl&sl=en&u=http://www.toastpoint.com/haiku/haiku399.html&sa=X&oi=translate&resnum=5&ct=result&prev=/search%3Fq%3Dsilvery%2Bmoon%2Bhaiku%26start%3D110%26ndsp%3D20%26hl%3Dpl%26lr%3D%26sa%3DN" "Mozilla/4.0 (compatible; MSIE 7.0; Windows NT 5.1; .NET CLR 1.1.4322),gzip(gfe) (via translate.google.com)"
87.206.138.109 - - [04/Dec/2008:08:02:55 -0500] "GET /gifs/blank.jpg HTTP/1.1" 200 705 "http://74.125.43.100/translate_c?hl=pl&sl=en&u=http://www.toastpoint.com/haiku/haiku399.html&prev=/search%3Fq%3Dsilvery%2Bmoon%2Bhaiku%26start%3D110%26ndsp%3D20%26hl%3Dpl%26lr%3D%26sa%3DN&usg=ALkJrhhC1Bs4049Zf0M9JHCFF8jDaOIWww" "Mozilla/4.0 (compatible; MSIE 7.0; Windows NT 5.1; .NET CLR 1.1.4322)"
208.111.154.16 - - [04/Dec/2008:08:11:39 -0500] "GET /robots.txt HTTP/1.0" 404 693 "-" "Mozilla/5.0 (compatible; Charlotte/1.1; http://www.searchme.com/support/)"
208.80.194.44 - - [04/Dec/2008:08:38:53 -0500] "GET / HTTP/1.0" 200 464 "-" "Mozilla/4.0 (compatible; MSIE 7.0; Windows NT 5.1; YPC 3.2.0; .NET CLR 1.0.3705; .NET CLR 1.1.4322; yplus 4.1.00b)"
62.189.190.34 - - [04/Dec/2008:08:40:14 -0500] "GET /limerick/1996/nice496.html HTTP/1.1" 200 15372 "http://www.google.co.uk/search?sourceid=navclient&ie=UTF-8&rls=GGLD,GGLD:2005-17,GGLD:en&q=40th+birthday+limericks" "Mozilla/4.0 (compatible; MSIE 6.0; Windows NT 5.1; SV1)"
62.189.190.34 - - [04/Dec/2008:08:40:15 -0500] "GET /gifs/goldstar.jpg HTTP/1.1" 200 1854 "http://www.toastpoint.com/limerick/1996/nice496.html" "Mozilla/4.0 (compatible; MSIE 6.0; Windows NT 5.1; SV1)"
62.189.190.34 - - [04/Dec/2008:08:40:15 -0500] "GET /gifs/happy.jpg HTTP/1.1" 200 3135 "http://www.toastpoint.com/limerick/1996/nice496.html" "Mozilla/4.0 (compatible; MSIE 6.0; Windows NT 5.1; SV1)"
72.20.109.36 - - [04/Dec/2008:08:51:17 -0500] "GET /robots.txt HTTP/1.1" 404 693 "-" "GurujiBot/1.0 (+http://www.guruji.com/en/WebmasterFAQ.html)"
72.20.109.36 - - [04/Dec/2008:08:51:17 -0500] "GET / HTTP/1.1" 200 464 "-" "GurujiBot/1.0 (+http://www.guruji.com/en/WebmasterFAQ.html)"
208.111.154.16 - - [04/Dec/2008:08:58:03 -0500] "GET /robots.txt HTTP/1.0" 404 693 "-" "Mozilla/5.0 (compatible; Charlotte/1.1; http://www.searchme.com/support/)"
84.67.144.111 - - [04/Dec/2008:09:17:22 -0500] "GET /favicon.ico HTTP/1.1" 404 693 "-" "Mozilla/4.0 (compatible; MSIE 7.0; Windows NT 6.0; SLCC1; .NET CLR 2.0.50727; .NET CLR 3.0.04506)"
84.67.144.111 - - [04/Dec/2008:09:17:23 -0500] "GET /gifs/boobies.gif HTTP/1.1" 200 11144 "http://www.toastpoint.com/limerick/naut199.html" "Mozilla/4.0 (compatible; MSIE 7.0; Windows NT 6.0; SLCC1; .NET CLR 2.0.50727; .NET CLR 3.0.04506)"
84.67.144.111 - - [04/Dec/2008:09:17:23 -0500] "GET /gifs/goldstar.jpg HTTP/1.1" 200 1854 "http://www.toastpoint.com/limerick/naut199.html" "Mozilla/4.0 (compatible; MSIE 7.0; Windows NT 6.0; SLCC1; .NET CLR 2.0.50727; .NET CLR 3.0.04506)"
84.67.144.111 - - [04/Dec/2008:09:17:23 -0500] "GET /gifs/nakedman.gif HTTP/1.1" 200 7734 "http://www.toastpoint.com/limerick/naut199.html" "Mozilla/4.0 (compatible; MSIE 7.0; Windows NT 6.0; SLCC1; .NET CLR 2.0.50727; .NET CLR 3.0.04506)"
84.67.144.111 - - [04/Dec/2008:09:17:23 -0500] "GET /limerick/naut199.html HTTP/1.1" 200 34481 "-" "Mozilla/4.0 (compatible; MSIE 7.0; Windows NT 6.0; SLCC1; .NET CLR 2.0.50727; .NET CLR 3.0.04506)"
208.111.154.15 - - [04/Dec/2008:09:56:58 -0500] "GET /robots.txt HTTP/1.0" 404 693 "-" "Mozilla/5.0 (compatible; Charlotte/1.1; http://www.searchme.com/support/)"
208.111.154.16 - - [04/Dec/2008:09:57:15 -0500] "GET /limerick/1995/niceoct.html HTTP/1.1" 304 - "-" "Mozilla/5.0 (compatible; Charlotte/1.1; http://www.searchme.com/support/)"
72.14.199.90 - - [04/Dec/2008:09:59:07 -0500] "GET /robots.txt HTTP/1.1" 404 693 "-" "DoCoMo/2.0 N905i(c100;TB;W24H16) (compatible; Googlebot-Mobile/2.1; +http://www.google.com/bot.html)"
72.14.199.90 - - [04/Dec/2008:09:59:07 -0500] "GET /fiction/novels/peak.html HTTP/1.1" 200 2410 "-" "DoCoMo/2.0 N905i(c100;TB;W24H16) (compatible; Googlebot-Mobile/2.1; +http://www.google.com/bot.html)"
72.14.199.90 - - [04/Dec/2008:09:59:08 -0500] "GET /fiction/fict97/fict97.html HTTP/1.1" 200 1536 "-" "DoCoMo/2.0 N905i(c100;TB;W24H16) (compatible; Googlebot-Mobile/2.1; +http://www.google.com/bot.html)"
65.55.230.217 - - [04/Dec/2008:09:59:58 -0500] "GET /robots.txt HTTP/1.1" 404 693 "-" "msnbot-media/1.1 (+http://search.msn.com/msnbot.htm)"
65.55.230.217 - - [04/Dec/2008:09:59:58 -0500] "GET /haiku/haiku.html HTTP/1.1" 200 2147 "-" "msnbot-media/1.1 (+http://search.msn.com/msnbot.htm)"
72.14.199.90 - - [04/Dec/2008:10:00:39 -0500] "GET /haiku/1997/haik1997.html HTTP/1.1" 200 2138 "-" "DoCoMo/2.0 N905i(c100;TB;W24H16) (compatible; Googlebot-Mobile/2.1; +http://www.google.com/bot.html)"
72.14.199.90 - - [04/Dec/2008:10:03:47 -0500] "GET /limerick/1995/1995.html HTTP/1.1" 200 1428 "-" "DoCoMo/2.0 N905i(c100;TB;W24H16) (compatible; Googlebot-Mobile/2.1; +http://www.google.com/bot.html)"
78.40.239.4 - - [04/Dec/2008:10:11:52 -0500] "GET /limerick/naut199.html HTTP/1.0" 200 34481 "http://www.google.co.uk/search?hl=en&q=limericks+hairy+hair+hung+down+to+her+knees&meta=" "Mozilla/4.0 (compatible; MSIE 6.0; Windows NT 5.1; SV1; .NET CLR 2.0.50727; .NET CLR 1.1.4322)"
78.40.239.4 - - [04/Dec/2008:10:11:52 -0500] "GET /gifs/goldstar.jpg HTTP/1.0" 200 1854 "http://www.toastpoint.com/limerick/naut199.html" "Mozilla/4.0 (compatible; MSIE 6.0; Windows NT 5.1; SV1; .NET CLR 2.0.50727; .NET CLR 1.1.4322)"
78.40.239.4 - - [04/Dec/2008:10:11:52 -0500] "GET /gifs/boobies.gif HTTP/1.0" 200 11144 "http://www.toastpoint.com/limerick/naut199.html" "Mozilla/4.0 (compatible; MSIE 6.0; Windows NT 5.1; SV1; .NET CLR 2.0.50727; .NET CLR 1.1.4322)"
72.14.199.90 - - [04/Dec/2008:10:12:28 -0500] "GET /haiku/1998/haik1998.html HTTP/1.1" 200 2178 "-" "DoCoMo/2.0 N905i(c100;TB;W24H16) (compatible; Googlebot-Mobile/2.1; +http://www.google.com/bot.html)"
72.14.199.90 - - [04/Dec/2008:10:12:40 -0500] "GET /haiku/1995/1995.html HTTP/1.1" 200 951 "-" "DoCoMo/2.0 N905i(c100;TB;W24H16) (compatible; Googlebot-Mobile/2.1; +http://www.google.com/bot.html)"
72.14.199.90 - - [04/Dec/2008:10:13:41 -0500] "GET /limerick/brady/brady96.html HTTP/1.1" 200 6418 "-" "DoCoMo/2.0 N905i(c100;TB;W24H16) (compatible; Googlebot-Mobile/2.1; +http://www.google.com/bot.html)"
72.14.199.90 - - [04/Dec/2008:10:14:21 -0500] "GET /fiction/fict97/fict997.html HTTP/1.1" 200 4230 "-" "DoCoMo/2.0 N905i(c100;TB;W24H16) (compatible; Googlebot-Mobile/2.1; +http://www.google.com/bot.html)"
72.14.199.90 - - [04/Dec/2008:10:15:31 -0500] "GET /fiction/fict9596/fict9596.html HTTP/1.1" 200 1446 "-" "DoCoMo/2.0 N905i(c100;TB;W24H16) (compatible; Googlebot-Mobile/2.1; +http://www.google.com/bot.html)"
72.14.199.90 - - [04/Dec/2008:10:28:28 -0500] "GET /haiku/1996/haik1996.html HTTP/1.1" 200 1887 "-" "DoCoMo/2.0 N905i(c100;TB;W24H16) (compatible; Googlebot-Mobile/2.1; +http://www.google.com/bot.html)"
72.14.199.90 - - [04/Dec/2008:10:29:07 -0500] "GET /limerick/1996/lim1996.html HTTP/1.1" 200 2072 "-" "DoCoMo/2.0 N905i(c100;TB;W24H16) (compatible; Googlebot-Mobile/2.1; +http://www.google.com/bot.html)"
72.14.199.90 - - [04/Dec/2008:10:30:35 -0500] "GET /limerick/1998/lim1998.html HTTP/1.1" 200 2041 "-" "DoCoMo/2.0 N905i(c100;TB;W24H16) (compatible; Googlebot-Mobile/2.1; +http://www.google.com/bot.html)"
206.176.100.20 - - [04/Dec/2008:11:08:45 -0500] "GET /rapture/rapture.html HTTP/1.1" 200 22564 "http://images.ask.com/fr?q=trial+by+jury&desturi=http%3A%2F%2Fwww.toastpoint.com%2Frapture%2Frapture.html&fm=i&ac=3&ftURI=http%3A%2F%2Fimages.ask.com%2Ffr%3Fq%3Dtrial%2Bby%2Bjury%26desturi%3Dhttp%253A%252F%252Fwww.toastpoint.com%252Frapture%252Frapture.html%26imagesrc%3Dhttp%253A%252F%252Fwww.toastpoint.com%252Frapture%252Ftbj-jury.gif%26thumbsrc%3Dhttp%253A%252F%252F66.235.120.64%252Fts%253Ft%253D2656937575207208691%2526pid%253D23296%2526ppid%253D0%26o%3D0%26l%3Ddir%26thumbuselocalisedstatic%3Dfalse%26fn%3Dtbj-jury.gif%26imagewidth%3D250%26imageheight%3D212%26fs%3D3%26ft%3Dgif%26f%3D2%26fm%3Di%26ftbURI%3Dhttp%253A%252F%252Fimages.ask.com%252Fpictures%253Fq%253Dtrial%252Bby%252Bjury%2526page%253D1%2526o%253D0%2526l%253Ddir%2526pstart%253D0&qt=0" "Mozilla/4.0 (compatible; MSIE 7.0; Windows NT 5.1; .NET CLR 1.1.4322)"
206.176.100.20 - - [04/Dec/2008:11:08:45 -0500] "GET /rapture/tbj-jury.gif HTTP/1.1" 200 3904 "http://images.ask.com/fr?q=trial+by+jury&desturi=http%3A%2F%2Fwww.toastpoint.com%2Frapture%2Frapture.html&imagesrc=http%3A%2F%2Fwww.toastpoint.com%2Frapture%2Ftbj-jury.gif&thumbsrc=http%3A%2F%2F66.235.120.64%2Fts%3Ft%3D2656937575207208691%26pid%3D23296%26ppid%3D0&o=0&l=dir&thumbuselocalisedstatic=false&fn=tbj-jury.gif&imagewidth=250&imageheight=212&fs=3&ft=gif&f=2&fm=i&ftbURI=http%3A%2F%2Fimages.ask.com%2Fpictures%3Fq%3Dtrial%2Bby%2Bjury%26page%3D1%26o%3D0%26l%3Ddir%26pstart%3D0&qt=0&ac=3&ejs=http%3A%2F%2Fimages.ask.com%2Ffr%3Fq%3Dtrial%2Bby%2Bjury%26desturi%3Dhttp%253A%252F%252Fwww.toastpoint.com%252Frapture%252Frapture.html%26fm%3Di%26ac%3D3%26ftURI%3Dhttp%253A%252F%252Fimages.ask.com%252Ffr%253Fq%253Dtrial%252Bby%252Bjury%2526desturi%253Dhttp%25253A%25252F%25252Fwww.toastpoint.com%25252Frapture%25252Frapture.html%2526imagesrc%253Dhttp%25253A%25252F%25252Fwww.toastpoint.com%25252Frapture%25252Ftbj-jury.gif%2526thumbsrc%253Dhttp%25253A%25252F%25252F66.235.120.64%25252Fts%25253Ft%25253D2656937575207208691%252526pid%25253D23296%252526ppid%25253D0%2526o%253D0%2526l%253Ddir%2526thumbuselocalisedstatic%253Dfalse%2526fn%253Dtbj-jury.gif%2526imagewidth%253D250%2526imageheight%253D212%2526fs%253D3%2526ft%253Dgif%2526f%253D2%2526fm%253Di%2526ftbURI%253Dhttp%25253A%25252F%25252Fimages.ask.com%25252Fpictures%25253Fq%25253Dtrial%25252Bby%25252Bjury%252526page%25253D1%252526o%25253D0%252526l%25253Ddir%252526pstart%25253D0%26qt%3D0" "Mozilla/4.0 (compatible; MSIE 7.0; Windows NT 5.1; .NET CLR 1.1.4322)"
206.176.100.20 - - [04/Dec/2008:11:08:46 -0500] "GET /rapture/rapture.html HTTP/1.1" 200 22564 "http://images.ask.com/fr?q=trial+by+jury&desturi=http%3A%2F%2Fwww.toastpoint.com%2Frapture%2Frapture.html&fm=i&ac=3&ftURI=http%3A%2F%2Fimages.ask.com%2Ffr%3Fq%3Dtrial%2Bby%2Bjury%26desturi%3Dhttp%253A%252F%252Fwww.toastpoint.com%252Frapture%252Frapture.html%26imagesrc%3Dhttp%253A%252F%252Fwww.toastpoint.com%252Frapture%252Ftbj-jury.gif%26thumbsrc%3Dhttp%253A%252F%252F66.235.120.64%252Fts%253Ft%253D2656937575207208691%2526pid%253D23296%2526ppid%253D0%26o%3D0%26l%3Ddir%26thumbuselocalisedstatic%3Dfalse%26fn%3Dtbj-jury.gif%26imagewidth%3D250%26imageheight%3D212%26fs%3D3%26ft%3Dgif%26f%3D2%26fm%3Di%26ftbURI%3Dhttp%253A%252F%252Fimages.ask.com%252Fpictures%253Fq%253Dtrial%252Bby%252Bjury%2526page%253D1%2526o%253D0%2526l%253Ddir%2526pstart%253D0&qt=0" "Mozilla/4.0 (compatible; MSIE 7.0; Windows NT 5.1; .NET CLR 1.1.4322)"
74.6.23.237 - - [04/Dec/2008:11:13:46 -0500] "GET /robots.txt HTTP/1.0" 404 693 "-" "Mozilla/5.0 (compatible; Yahoo! Slurp; http://help.yahoo.com/help/us/ysearch/slurp)"
74.6.30.101 - - [04/Dec/2008:11:13:47 -0500] "GET / HTTP/1.0" 200 464 "-" "Mozilla/5.0 (compatible; Yahoo! DE Slurp; http://help.yahoo.com/help/us/ysearch/slurp)"
74.6.30.101 - - [04/Dec/2008:11:13:49 -0500] "GET /toastpointtopleft.html HTTP/1.0" 200 162 "-" "Mozilla/5.0 (compatible; Yahoo! DE Slurp; http://help.yahoo.com/help/us/ysearch/slurp)"
74.6.30.101 - - [04/Dec/2008:11:13:59 -0500] "GET /toastpointtoc.html HTTP/1.0" 200 1188 "-" "Mozilla/5.0 (compatible; Yahoo! DE Slurp; http://help.yahoo.com/help/us/ysearch/slurp)"
74.6.30.101 - - [04/Dec/2008:11:14:08 -0500] "GET /news.html HTTP/1.0" 200 17577 "-" "Mozilla/5.0 (compatible; Yahoo! DE Slurp; http://help.yahoo.com/help/us/ysearch/slurp)"
74.6.30.101 - - [04/Dec/2008:11:14:26 -0500] "GET /toastpointtopright.html HTTP/1.0" 200 151 "-" "Mozilla/5.0 (compatible; Yahoo! DE Slurp; http://help.yahoo.com/help/us/ysearch/slurp)"
74.6.30.101 - - [04/Dec/2008:11:14:44 -0500] "GET /tpnews.html HTTP/1.0" 200 8004 "-" "Mozilla/5.0 (compatible; Yahoo! DE Slurp; http://help.yahoo.com/help/us/ysearch/slurp)"
209.12.252.18 - - [04/Dec/2008:11:18:41 -0500] "GET /gifs/goldstar.jpg HTTP/1.1" 200 1854 "http://www.toastpoint.com/haiku/haiku299.html" "Mozilla/4.0 (compatible; MSIE 6.0; Windows NT 5.1; SV1; .NET CLR 1.1.4322; .NET CLR 2.0.50727)"
209.12.252.18 - - [04/Dec/2008:11:18:41 -0500] "GET /gifs/blank.jpg HTTP/1.1" 200 705 "http://www.toastpoint.com/haiku/haiku299.html" "Mozilla/4.0 (compatible; MSIE 6.0; Windows NT 5.1; SV1; .NET CLR 1.1.4322; .NET CLR 2.0.50727)"
209.12.252.18 - - [04/Dec/2008:11:18:41 -0500] "GET /gifs/japan.gif HTTP/1.1" 200 5737 "http://www.toastpoint.com/haiku/haiku299.html" "Mozilla/4.0 (compatible; MSIE 6.0; Windows NT 5.1; SV1; .NET CLR 1.1.4322; .NET CLR 2.0.50727)"
209.12.252.18 - - [04/Dec/2008:11:18:40 -0500] "GET /haiku/haiku299.html HTTP/1.1" 200 68017 "-" "Mozilla/4.0 (compatible; MSIE 6.0; Windows NT 5.1; SV1; .NET CLR 1.1.4322; .NET CLR 2.0.50727)"
208.111.154.15 - - [04/Dec/2008:11:19:27 -0500] "GET /robots.txt HTTP/1.0" 404 693 "-" "Mozilla/5.0 (compatible; Charlotte/1.1; http://www.searchme.com/support/)"
76.187.77.218 - - [04/Dec/2008:12:12:59 -0500] "GET /gifs/boobies.gif HTTP/1.1" 200 11144 "http://www.toastpoint.com/limerick/naut199.html" "Mozilla/4.0 (compatible; MSIE 5.5; Windows 98; Win 9x 4.90; AT&T CSM6.0)"
76.187.77.218 - - [04/Dec/2008:12:12:59 -0500] "GET /gifs/nakedman.gif HTTP/1.1" 200 7734 "http://www.toastpoint.com/limerick/naut199.html" "Mozilla/4.0 (compatible; MSIE 5.5; Windows 98; Win 9x 4.90; AT&T CSM6.0)"
76.187.77.218 - - [04/Dec/2008:12:12:59 -0500] "GET /gifs/goldstar.jpg HTTP/1.1" 200 1854 "http://www.toastpoint.com/limerick/naut199.html" "Mozilla/4.0 (compatible; MSIE 5.5; Windows 98; Win 9x 4.90; AT&T CSM6.0)"
76.187.77.218 - - [04/Dec/2008:12:12:58 -0500] "GET /limerick/naut199.html HTTP/1.1" 200 34481 "-" "Mozilla/4.0 (compatible; MSIE 5.5; Windows 98; Win 9x 4.90; AT&T CSM6.0)"
205.188.116.144 - - [04/Dec/2008:12:24:59 -0500] "HEAD /limerick/1996/nice496.html HTTP/1.1" 200 - "-" "Mozilla/4.0 (compatible; MSIE 7.0; AOL 9.0; Windows NT 5.1; FunWebProducts; .NET CLR 1.1.4322; .NET CLR 2.0.50727; InfoPath.1)"
72.204.11.146 - - [04/Dec/2008:12:27:05 -0500] "GET /favicon.ico HTTP/1.1" 404 693 "-" "Mozilla/5.0 (Windows; U; Windows NT 5.1; en-US; rv:1.9.0.4) Gecko/2008102920 Firefox/3.0.4"
72.204.11.146 - - [04/Dec/2008:12:27:05 -0500] "GET /gifs/boobies.gif HTTP/1.1" 200 11144 "http://www.toastpoint.com/limerick/1998/naut998.html" "Mozilla/5.0 (Windows; U; Windows NT 5.1; en-US; rv:1.9.0.4) Gecko/2008102920 Firefox/3.0.4"
72.204.11.146 - - [04/Dec/2008:12:27:05 -0500] "GET /gifs/nakedman.gif HTTP/1.1" 200 7734 "http://www.toastpoint.com/limerick/1998/naut998.html" "Mozilla/5.0 (Windows; U; Windows NT 5.1; en-US; rv:1.9.0.4) Gecko/2008102920 Firefox/3.0.4"
72.204.11.146 - - [04/Dec/2008:12:27:05 -0500] "GET /gifs/goldstar.jpg HTTP/1.1" 200 1854 "http://www.toastpoint.com/limerick/1998/naut998.html" "Mozilla/5.0 (Windows; U; Windows NT 5.1; en-US; rv:1.9.0.4) Gecko/2008102920 Firefox/3.0.4"
72.204.11.146 - - [04/Dec/2008:12:27:05 -0500] "GET /limerick/1998/naut998.html HTTP/1.1" 200 35543 "-" "Mozilla/5.0 (Windows; U; Windows NT 5.1; en-US; rv:1.9.0.4) Gecko/2008102920 Firefox/3.0.4"
72.204.11.146 - - [04/Dec/2008:12:27:06 -0500] "GET /favicon.ico HTTP/1.1" 404 693 "-" "Mozilla/5.0 (Windows; U; Windows NT 5.1; en-US; rv:1.9.0.4) Gecko/2008102920 Firefox/3.0.4"
72.204.11.146 - - [04/Dec/2008:12:27:07 -0500] "GET /favicon.ico HTTP/1.1" 404 693 "-" "Mozilla/5.0 (Windows; U; Windows NT 5.1; en-US; rv:1.9.0.4) Gecko/2008102920 Firefox/3.0.4"
72.204.11.146 - - [04/Dec/2008:12:27:08 -0500] "GET /favicon.ico HTTP/1.1" 404 693 "-" "Mozilla/5.0 (Windows; U; Windows NT 5.1; en-US; rv:1.9.0.4) Gecko/2008102920 Firefox/3.0.4"
208.115.138.254 - - [04/Dec/2008:12:54:24 -0500] "GET /rapture/rapture.html HTTP/1.1" 200 22564 "-" "Mozilla/4.0"
164.58.189.249 - - [04/Dec/2008:12:54:24 -0500] "GET /rapture/rapture.html HTTP/1.1" 200 22564 "-" "Mozilla/4.0 (compatible;)"
164.58.189.249 - - [04/Dec/2008:12:54:25 -0500] "GET /rapture/tbj-jury.gif HTTP/1.1" 200 3904 "-" "Mozilla/4.0 (compatible;)"
164.58.189.249 - - [04/Dec/2008:12:54:25 -0500] "GET /rapture/yeo-song.gif HTTP/1.1" 200 2781 "-" "Mozilla/4.0 (compatible;)"
164.58.189.249 - - [04/Dec/2008:12:54:25 -0500] "GET /rapture/ida-monk.gif HTTP/1.1" 200 3753 "-" "Mozilla/4.0 (compatible;)"
164.58.189.249 - - [04/Dec/2008:12:54:25 -0500] "GET /rapture/pirates.gif HTTP/1.1" 200 4045 "-" "Mozilla/4.0 (compatible;)"
164.58.189.249 - - [04/Dec/2008:12:54:25 -0500] "GET /rapture/gon-baby.gif HTTP/1.1" 200 2847 "-" "Mozilla/4.0 (compatible;)"
164.58.189.249 - - [04/Dec/2008:12:54:25 -0500] "GET /rapture/iolanthe.gif HTTP/1.1" 200 2814 "-" "Mozilla/4.0 (compatible;)"
164.58.189.249 - - [04/Dec/2008:12:54:25 -0500] "GET /rapture/hms-dick.gif HTTP/1.1" 200 3100 "-" "Mozilla/4.0 (compatible;)"
164.58.189.249 - - [04/Dec/2008:12:54:25 -0500] "GET /rapture/bunthorne.gif HTTP/1.1" 200 3137 "-" "Mozilla/4.0 (compatible;)"
164.58.189.249 - - [04/Dec/2008:12:54:25 -0500] "GET /rapture/uto-look.gif HTTP/1.1" 200 3823 "-" "Mozilla/4.0 (compatible;)"
164.58.189.249 - - [04/Dec/2008:12:54:25 -0500] "GET /rapture/sor-well.gif HTTP/1.1" 200 2583 "-" "Mozilla/4.0 (compatible;)"
164.58.189.249 - - [04/Dec/2008:12:54:26 -0500] "GET /rapture/mik-lips.gif HTTP/1.1" 200 3352 "-" "Mozilla/4.0 (compatible;)"
164.58.189.249 - - [04/Dec/2008:12:54:26 -0500] "GET /rapture/rud-spec.gif HTTP/1.1" 200 2489 "-" "Mozilla/4.0 (compatible;)"
208.67.143.18 - - [04/Dec/2008:13:07:47 -0500] "GET /rapture/rapture.html HTTP/1.0" 200 22564 "http://images.ask.com/fr?q=jury&desturi=http%3A%2F%2Fwww.toastpoint.com%2Frapture%2Frapture.html&fm=i&ac=3&ftURI=http%3A%2F%2Fimages.ask.com%2Ffr%3Fq%3Djury%26desturi%3Dhttp%253A%252F%252Fwww.toastpoint.com%252Frapture%252Frapture.html%26imagesrc%3Dhttp%253A%252F%252Fwww.toastpoint.com%252Frapture%252Ftbj-jury.gif%26thumbsrc%3Dhttp%253A%252F%252F66.235.120.64%252Fts%253Ft%253D2656937575207208691%2526pid%253D23296%2526ppid%253D0%26o%3D0%26l%3Ddir%26thumbuselocalisedstatic%3Dfalse%26fn%3Dtbj-jury.gif%26imagewidth%3D250%26imageheight%3D212%26fs%3D3%26ft%3Dgif%26f%3D2%26fm%3Di%26ftbURI%3Dhttp%253A%252F%252Fimages.ask.com%252Fpictures%253Fq%253Djury%2526page%253D1%2526o%253D0%2526l%253Ddir%2526pstart%253D0&qt=0" "Mozilla/4.0 (compatible; MSIE 6.0; Windows NT 5.1; SV1; .NET CLR 1.1.4322; .NET CLR 2.0.50727; InfoPath.1)"
208.67.143.18 - - [04/Dec/2008:13:07:49 -0500] "GET /rapture/tbj-jury.gif HTTP/1.0" 200 3904 "http://images.ask.com/fr?q=jury&desturi=http%3A%2F%2Fwww.toastpoint.com%2Frapture%2Frapture.html&imagesrc=http%3A%2F%2Fwww.toastpoint.com%2Frapture%2Ftbj-jury.gif&thumbsrc=http%3A%2F%2F66.235.120.64%2Fts%3Ft%3D2656937575207208691%26pid%3D23296%26ppid%3D0&o=0&l=dir&thumbuselocalisedstatic=false&fn=tbj-jury.gif&imagewidth=250&imageheight=212&fs=3&ft=gif&f=2&fm=i&ftbURI=http%3A%2F%2Fimages.ask.com%2Fpictures%3Fq%3Djury%26page%3D1%26o%3D0%26l%3Ddir%26pstart%3D0&qt=0&ac=3&ejs=http%3A%2F%2Fimages.ask.com%2Ffr%3Fq%3Djury%26desturi%3Dhttp%253A%252F%252Fwww.toastpoint.com%252Frapture%252Frapture.html%26fm%3Di%26ac%3D3%26ftURI%3Dhttp%253A%252F%252Fimages.ask.com%252Ffr%253Fq%253Djury%2526desturi%253Dhttp%25253A%25252F%25252Fwww.toastpoint.com%25252Frapture%25252Frapture.html%2526imagesrc%253Dhttp%25253A%25252F%25252Fwww.toastpoint.com%25252Frapture%25252Ftbj-jury.gif%2526thumbsrc%253Dhttp%25253A%25252F%25252F66.235.120.64%25252Fts%25253Ft%25253D2656937575207208691%252526pid%25253D23296%252526ppid%25253D0%2526o%253D0%2526l%253Ddir%2526thumbuselocalisedstatic%253Dfalse%2526fn%253Dtbj-jury.gif%2526imagewidth%253D250%2526imageheight%253D212%2526fs%253D3%2526ft%253Dgif%2526f%253D2%2526fm%253Di%2526ftbURI%253Dhttp%25253A%25252F%25252Fimages.ask.com%25252Fpictures%25253Fq%25253Djury%252526page%25253D1%252526o%25253D0%252526l%25253Ddir%252526pstart%25253D0%26qt%3D0" "Mozilla/4.0 (compatible; MSIE 6.0; Windows NT 5.1; SV1; .NET CLR 1.1.4322; .NET CLR 2.0.50727; InfoPath.1)"
65.98.224.6 - - [04/Dec/2008:13:18:09 -0500] "GET /robots.txt HTTP/1.0" 404 693 "-" "TurnitinBot/2.1 (http://www.turnitin.com/robot/crawlerinfo.html)"
193.47.80.45 - - [04/Dec/2008:13:23:16 -0500] "GET /news.html HTTP/1.1" 200 17577 "-" "Mozilla/5.0 (compatible; Exabot/3.0; +http://www.exabot.com/go/robot)"
65.98.224.6 - - [04/Dec/2008:13:23:55 -0500] "GET /haiku/1998/haiku198.html HTTP/1.0" 200 25922 "-" "TurnitinBot/2.1 (http://www.turnitin.com/robot/crawlerinfo.html)"
65.98.224.6 - - [04/Dec/2008:13:24:43 -0500] "GET /haiku/1997/haiku397.html HTTP/1.0" 200 42491 "-" "TurnitinBot/2.1 (http://www.turnitin.com/robot/crawlerinfo.html)"
65.98.224.6 - - [04/Dec/2008:13:25:28 -0500] "GET /haiku/1997/haiku197.html HTTP/1.0" 200 34967 "-" "TurnitinBot/2.1 (http://www.turnitin.com/robot/crawlerinfo.html)"
65.98.224.6 - - [04/Dec/2008:13:26:13 -0500] "GET /haiku/1997/haik1997.html HTTP/1.0" 200 2138 "-" "TurnitinBot/2.1 (http://www.turnitin.com/robot/crawlerinfo.html)"
65.98.224.6 - - [04/Dec/2008:13:27:00 -0500] "GET /haiku/1997/haik1297.html HTTP/1.0" 200 22956 "-" "TurnitinBot/2.1 (http://www.turnitin.com/robot/crawlerinfo.html)"
65.98.224.6 - - [04/Dec/2008:13:27:53 -0500] "GET /haiku/1997/haik1197.html HTTP/1.0" 200 26399 "-" "TurnitinBot/2.1 (http://www.turnitin.com/robot/crawlerinfo.html)"
64.1.215.164 - - [04/Dec/2008:13:40:11 -0500] "GET /rapture/uto-look.gif HTTP/1.0" 200 3823 "-" "Mozilla/5.0 (Twiceler-0.9 http://www.cuil.com/twiceler/robot.html)"
75.83.127.94 - - [04/Dec/2008:13:53:25 -0500] "GET http://006a13a.netsolhost.com/index.html HTTP/1.0" 200 464 "-" "Mozilla/4.0 (compatible; MSIE 7.0b; Windows NT 6.0)"
75.83.127.94 - - [04/Dec/2008:13:54:00 -0500] "GET http://006a13a.netsolhost.com/index.html HTTP/1.0" 200 464 "-" "Mozilla/4.0 (compatible; MSIE 7.0b; Windows NT 6.0)"
208.111.154.15 - - [04/Dec/2008:14:01:50 -0500] "GET /robots.txt HTTP/1.0" 404 693 "-" "Mozilla/5.0 (compatible; Charlotte/1.1; http://www.searchme.com/support/)"
65.98.224.6 - - [04/Dec/2008:14:09:31 -0500] "GET /fiction/fict9596/fict696.html HTTP/1.0" 200 15163 "-" "TurnitinBot/2.1 (http://www.turnitin.com/robot/crawlerinfo.html)"
65.98.224.6 - - [04/Dec/2008:14:10:22 -0500] "GET /fiction/fict9596/fict396.html HTTP/1.0" 200 9345 "-" "TurnitinBot/2.1 (http://www.turnitin.com/robot/crawlerinfo.html)"
65.98.224.6 - - [04/Dec/2008:14:11:09 -0500] "GET /fiction/fict9596/fict296.html HTTP/1.0" 200 12689 "-" "TurnitinBot/2.1 (http://www.turnitin.com/robot/crawlerinfo.html)"
65.98.224.6 - - [04/Dec/2008:14:11:59 -0500] "GET /writing/computer.html HTTP/1.0" 200 6946 "-" "TurnitinBot/2.1 (http://www.turnitin.com/robot/crawlerinfo.html)"
65.98.224.6 - - [04/Dec/2008:14:17:19 -0500] "GET /limerick/1997/nice697.html HTTP/1.0" 200 18475 "-" "TurnitinBot/2.1 (http://www.turnitin.com/robot/crawlerinfo.html)"
65.98.224.6 - - [04/Dec/2008:14:18:02 -0500] "GET /limerick/1997/nice597.html HTTP/1.0" 200 16764 "-" "TurnitinBot/2.1 (http://www.turnitin.com/robot/crawlerinfo.html)"
65.98.224.6 - - [04/Dec/2008:14:18:47 -0500] "GET /limerick/1997/nice497.html HTTP/1.0" 200 30916 "-" "TurnitinBot/2.1 (http://www.turnitin.com/robot/crawlerinfo.html)"
65.98.224.6 - - [04/Dec/2008:14:19:35 -0500] "GET /limerick/1997/nice197.html HTTP/1.0" 200 17698 "-" "TurnitinBot/2.1 (http://www.turnitin.com/robot/crawlerinfo.html)"
65.98.224.6 - - [04/Dec/2008:14:20:23 -0500] "GET /midi/midi.html HTTP/1.0" 200 3163 "-" "TurnitinBot/2.1 (http://www.turnitin.com/robot/crawlerinfo.html)"
66.235.124.56 - - [04/Dec/2008:14:41:01 -0500] "GET /robots.txt HTTP/1.0" 404 693 "-" "Mozilla/5.0 (compatible; Ask Jeeves/Teoma; +http://about.ask.com/en/docs/about/webmasters.shtml)"
66.235.124.56 - - [04/Dec/2008:14:41:01 -0500] "GET /limerick/docs/formhint.html HTTP/1.0" 200 2522 "-" "Mozilla/5.0 (compatible; Ask Jeeves/Teoma; +http://about.ask.com/en/docs/about/webmasters.shtml)"
216.183.81.221 - - [04/Dec/2008:14:52:31 -0500] "GET / HTTP/1.1" 304 - "-" "Wget/1.10.2"
208.111.154.16 - - [04/Dec/2008:15:37:18 -0500] "GET /robots.txt HTTP/1.0" 404 693 "-" "Mozilla/5.0 (compatible; Charlotte/1.1; http://www.searchme.com/support/)"
65.55.209.248 - - [04/Dec/2008:15:39:44 -0500] "GET /robots.txt HTTP/1.1" 404 693 "-" "msnbot/1.1 (+http://search.msn.com/msnbot.htm)"
65.55.209.248 - - [04/Dec/2008:15:39:44 -0500] "GET /limerick/1996/lim1996.html HTTP/1.1" 304 - "-" "msnbot/1.1 (+http://search.msn.com/msnbot.htm)"
86.165.84.93 - - [04/Dec/2008:16:15:16 -0500] "GET /gifs/boobies.gif HTTP/1.1" 200 11144 "http://www.toastpoint.com/limerick/naut199.html" "Mozilla/4.0 (compatible; MSIE 7.0; Windows NT 6.0; SLCC1; .NET CLR 2.0.50727; Media Center PC 5.0; .NET CLR 3.0.04506; InfoPath.1)"
86.165.84.93 - - [04/Dec/2008:16:15:16 -0500] "GET /limerick/naut199.html HTTP/1.1" 200 34481 "http://www.google.com/search?hl=en&rlz=1T4RNWE_enGB249GB251&q=naughty+limericks&revid=1075712096&sa=X&oi=revisions_inline&resnum=0&ct=top-revision&cd=1" "Mozilla/4.0 (compatible; MSIE 7.0; Windows NT 6.0; SLCC1; .NET CLR 2.0.50727; Media Center PC 5.0; .NET CLR 3.0.04506; InfoPath.1)"
86.165.84.93 - - [04/Dec/2008:16:15:17 -0500] "GET /gifs/nakedman.gif HTTP/1.1" 200 7734 "http://www.toastpoint.com/limerick/naut199.html" "Mozilla/4.0 (compatible; MSIE 7.0; Windows NT 6.0; SLCC1; .NET CLR 2.0.50727; Media Center PC 5.0; .NET CLR 3.0.04506; InfoPath.1)"
86.165.84.93 - - [04/Dec/2008:16:15:17 -0500] "GET /gifs/goldstar.jpg HTTP/1.1" 200 1854 "http://www.toastpoint.com/limerick/naut199.html" "Mozilla/4.0 (compatible; MSIE 7.0; Windows NT 6.0; SLCC1; .NET CLR 2.0.50727; Media Center PC 5.0; .NET CLR 3.0.04506; InfoPath.1)"
86.165.84.93 - - [04/Dec/2008:16:15:17 -0500] "GET /favicon.ico HTTP/1.1" 404 693 "-" "Mozilla/4.0 (compatible; MSIE 7.0; Windows NT 6.0; SLCC1; .NET CLR 2.0.50727; Media Center PC 5.0; .NET CLR 3.0.04506; InfoPath.1)"
75.6.152.49 - - [04/Dec/2008:16:38:52 -0500] "GET /favicon.ico HTTP/1.1" 404 693 "-" "Mozilla/4.0 (compatible; MSIE 7.0; Windows NT 5.1; .NET CLR 1.1.4322; .NET CLR 2.0.50727; .NET CLR 3.0.04506.648; .NET CLR 3.5.21022; .NET CLR 3.0.4506.2152; .NET CLR 3.5.30729)"
75.6.152.49 - - [04/Dec/2008:16:38:52 -0500] "GET /limerick/ HTTP/1.1" 403 563 "-" "Mozilla/4.0 (compatible; MSIE 7.0; Windows NT 5.1; .NET CLR 1.1.4322; .NET CLR 2.0.50727; .NET CLR 3.0.04506.648; .NET CLR 3.5.21022; .NET CLR 3.0.4506.2152; .NET CLR 3.5.30729)"
75.6.152.49 - - [04/Dec/2008:16:39:00 -0500] "GET / HTTP/1.1" 200 464 "-" "Mozilla/4.0 (compatible; MSIE 7.0; Windows NT 5.1; .NET CLR 1.1.4322; .NET CLR 2.0.50727; .NET CLR 3.0.04506.648; .NET CLR 3.5.21022; .NET CLR 3.0.4506.2152; .NET CLR 3.5.30729)"
75.6.152.49 - - [04/Dec/2008:16:39:00 -0500] "GET /toastpointtopleft.html HTTP/1.1" 200 162 "http://www.toastpoint.com/" "Mozilla/4.0 (compatible; MSIE 7.0; Windows NT 5.1; .NET CLR 1.1.4322; .NET CLR 2.0.50727; .NET CLR 3.0.04506.648; .NET CLR 3.5.21022; .NET CLR 3.0.4506.2152; .NET CLR 3.5.30729)"
75.6.152.49 - - [04/Dec/2008:16:39:00 -0500] "GET /news.html HTTP/1.1" 200 17577 "http://www.toastpoint.com/" "Mozilla/4.0 (compatible; MSIE 7.0; Windows NT 5.1; .NET CLR 1.1.4322; .NET CLR 2.0.50727; .NET CLR 3.0.04506.648; .NET CLR 3.5.21022; .NET CLR 3.0.4506.2152; .NET CLR 3.5.30729)"
75.6.152.49 - - [04/Dec/2008:16:39:00 -0500] "GET /toastpointtopright.html HTTP/1.1" 200 151 "http://www.toastpoint.com/" "Mozilla/4.0 (compatible; MSIE 7.0; Windows NT 5.1; .NET CLR 1.1.4322; .NET CLR 2.0.50727; .NET CLR 3.0.04506.648; .NET CLR 3.5.21022; .NET CLR 3.0.4506.2152; .NET CLR 3.5.30729)"
75.6.152.49 - - [04/Dec/2008:16:39:00 -0500] "GET /toastpointtoc.html HTTP/1.1" 200 1188 "http://www.toastpoint.com/" "Mozilla/4.0 (compatible; MSIE 7.0; Windows NT 5.1; .NET CLR 1.1.4322; .NET CLR 2.0.50727; .NET CLR 3.0.04506.648; .NET CLR 3.5.21022; .NET CLR 3.0.4506.2152; .NET CLR 3.5.30729)"
75.6.152.49 - - [04/Dec/2008:16:39:00 -0500] "GET /tpnews.html HTTP/1.1" 200 8004 "http://www.toastpoint.com/" "Mozilla/4.0 (compatible; MSIE 7.0; Windows NT 5.1; .NET CLR 1.1.4322; .NET CLR 2.0.50727; .NET CLR 3.0.04506.648; .NET CLR 3.5.21022; .NET CLR 3.0.4506.2152; .NET CLR 3.5.30729)"
75.6.152.49 - - [04/Dec/2008:16:39:00 -0500] "GET /gifs/tpoct-nov2008.jpg HTTP/1.1" 200 59792 "http://www.toastpoint.com/news.html" "Mozilla/4.0 (compatible; MSIE 7.0; Windows NT 5.1; .NET CLR 1.1.4322; .NET CLR 2.0.50727; .NET CLR 3.0.04506.648; .NET CLR 3.5.21022; .NET CLR 3.0.4506.2152; .NET CLR 3.5.30729)"
75.6.152.49 - - [04/Dec/2008:16:39:16 -0500] "GET /photo.html HTTP/1.1" 200 4228 "http://www.toastpoint.com/toastpointtoc.html" "Mozilla/4.0 (compatible; MSIE 7.0; Windows NT 5.1; .NET CLR 1.1.4322; .NET CLR 2.0.50727; .NET CLR 3.0.04506.648; .NET CLR 3.5.21022; .NET CLR 3.0.4506.2152; .NET CLR 3.5.30729)"
75.6.152.49 - - [04/Dec/2008:16:39:26 -0500] "GET /contests.html HTTP/1.1" 200 1230 "http://www.toastpoint.com/toastpointtoc.html" "Mozilla/4.0 (compatible; MSIE 7.0; Windows NT 5.1; .NET CLR 1.1.4322; .NET CLR 2.0.50727; .NET CLR 3.0.04506.648; .NET CLR 3.5.21022; .NET CLR 3.0.4506.2152; .NET CLR 3.5.30729)"
75.6.152.49 - - [04/Dec/2008:16:39:36 -0500] "GET /limerick/limerick.html HTTP/1.1" 200 2613 "http://www.toastpoint.com/contests.html" "Mozilla/4.0 (compatible; MSIE 7.0; Windows NT 5.1; .NET CLR 1.1.4322; .NET CLR 2.0.50727; .NET CLR 3.0.04506.648; .NET CLR 3.5.21022; .NET CLR 3.0.4506.2152; .NET CLR 3.5.30729)"
75.6.152.49 - - [04/Dec/2008:16:39:37 -0500] "GET /gifs/woman.gif HTTP/1.1" 200 9657 "http://www.toastpoint.com/limerick/limerick.html" "Mozilla/4.0 (compatible; MSIE 7.0; Windows NT 5.1; .NET CLR 1.1.4322; .NET CLR 2.0.50727; .NET CLR 3.0.04506.648; .NET CLR 3.5.21022; .NET CLR 3.0.4506.2152; .NET CLR 3.5.30729)"
75.6.152.49 - - [04/Dec/2008:16:39:37 -0500] "GET /gifs/birdumb2.gif HTTP/1.1" 200 4698 "http://www.toastpoint.com/limerick/limerick.html" "Mozilla/4.0 (compatible; MSIE 7.0; Windows NT 5.1; .NET CLR 1.1.4322; .NET CLR 2.0.50727; .NET CLR 3.0.04506.648; .NET CLR 3.5.21022; .NET CLR 3.0.4506.2152; .NET CLR 3.5.30729)"
75.6.152.49 - - [04/Dec/2008:16:40:08 -0500] "GET /rapture/rapture.html HTTP/1.1" 200 22564 "http://www.toastpoint.com/toastpointtoc.html" "Mozilla/4.0 (compatible; MSIE 7.0; Windows NT 5.1; .NET CLR 1.1.4322; .NET CLR 2.0.50727; .NET CLR 3.0.04506.648; .NET CLR 3.5.21022; .NET CLR 3.0.4506.2152; .NET CLR 3.5.30729)"
75.6.152.49 - - [04/Dec/2008:16:40:08 -0500] "GET /rapture/tbj-jury.gif HTTP/1.1" 200 3904 "http://www.toastpoint.com/rapture/rapture.html" "Mozilla/4.0 (compatible; MSIE 7.0; Windows NT 5.1; .NET CLR 1.1.4322; .NET CLR 2.0.50727; .NET CLR 3.0.04506.648; .NET CLR 3.5.21022; .NET CLR 3.0.4506.2152; .NET CLR 3.5.30729)"
75.6.152.49 - - [04/Dec/2008:16:40:08 -0500] "GET /rapture/sor-well.gif HTTP/1.1" 200 2583 "http://www.toastpoint.com/rapture/rapture.html" "Mozilla/4.0 (compatible; MSIE 7.0; Windows NT 5.1; .NET CLR 1.1.4322; .NET CLR 2.0.50727; .NET CLR 3.0.04506.648; .NET CLR 3.5.21022; .NET CLR 3.0.4506.2152; .NET CLR 3.5.30729)"
75.6.152.49 - - [04/Dec/2008:16:40:08 -0500] "GET /rapture/hms-dick.gif HTTP/1.1" 200 3100 "http://www.toastpoint.com/rapture/rapture.html" "Mozilla/4.0 (compatible; MSIE 7.0; Windows NT 5.1; .NET CLR 1.1.4322; .NET CLR 2.0.50727; .NET CLR 3.0.04506.648; .NET CLR 3.5.21022; .NET CLR 3.0.4506.2152; .NET CLR 3.5.30729)"
75.6.152.49 - - [04/Dec/2008:16:40:08 -0500] "GET /rapture/pirates.gif HTTP/1.1" 200 4045 "http://www.toastpoint.com/rapture/rapture.html" "Mozilla/4.0 (compatible; MSIE 7.0; Windows NT 5.1; .NET CLR 1.1.4322; .NET CLR 2.0.50727; .NET CLR 3.0.04506.648; .NET CLR 3.5.21022; .NET CLR 3.0.4506.2152; .NET CLR 3.5.30729)"
75.6.152.49 - - [04/Dec/2008:16:40:08 -0500] "GET /rapture/iolanthe.gif HTTP/1.1" 200 2814 "http://www.toastpoint.com/rapture/rapture.html" "Mozilla/4.0 (compatible; MSIE 7.0; Windows NT 5.1; .NET CLR 1.1.4322; .NET CLR 2.0.50727; .NET CLR 3.0.04506.648; .NET CLR 3.5.21022; .NET CLR 3.0.4506.2152; .NET CLR 3.5.30729)"
75.6.152.49 - - [04/Dec/2008:16:40:08 -0500] "GET /rapture/ida-monk.gif HTTP/1.1" 200 3753 "http://www.toastpoint.com/rapture/rapture.html" "Mozilla/4.0 (compatible; MSIE 7.0; Windows NT 5.1; .NET CLR 1.1.4322; .NET CLR 2.0.50727; .NET CLR 3.0.04506.648; .NET CLR 3.5.21022; .NET CLR 3.0.4506.2152; .NET CLR 3.5.30729)"
75.6.152.49 - - [04/Dec/2008:16:40:08 -0500] "GET /rapture/mik-lips.gif HTTP/1.1" 200 3352 "http://www.toastpoint.com/rapture/rapture.html" "Mozilla/4.0 (compatible; MSIE 7.0; Windows NT 5.1; .NET CLR 1.1.4322; .NET CLR 2.0.50727; .NET CLR 3.0.04506.648; .NET CLR 3.5.21022; .NET CLR 3.0.4506.2152; .NET CLR 3.5.30729)"
75.6.152.49 - - [04/Dec/2008:16:40:09 -0500] "GET /rapture/bunthorne.gif HTTP/1.1" 200 3137 "http://www.toastpoint.com/rapture/rapture.html" "Mozilla/4.0 (compatible; MSIE 7.0; Windows NT 5.1; .NET CLR 1.1.4322; .NET CLR 2.0.50727; .NET CLR 3.0.04506.648; .NET CLR 3.5.21022; .NET CLR 3.0.4506.2152; .NET CLR 3.5.30729)"
75.6.152.49 - - [04/Dec/2008:16:40:09 -0500] "GET /rapture/rud-spec.gif HTTP/1.1" 200 2489 "http://www.toastpoint.com/rapture/rapture.html" "Mozilla/4.0 (compatible; MSIE 7.0; Windows NT 5.1; .NET CLR 1.1.4322; .NET CLR 2.0.50727; .NET CLR 3.0.04506.648; .NET CLR 3.5.21022; .NET CLR 3.0.4506.2152; .NET CLR 3.5.30729)"
75.6.152.49 - - [04/Dec/2008:16:40:09 -0500] "GET /rapture/yeo-song.gif HTTP/1.1" 200 2781 "http://www.toastpoint.com/rapture/rapture.html" "Mozilla/4.0 (compatible; MSIE 7.0; Windows NT 5.1; .NET CLR 1.1.4322; .NET CLR 2.0.50727; .NET CLR 3.0.04506.648; .NET CLR 3.5.21022; .NET CLR 3.0.4506.2152; .NET CLR 3.5.30729)"
75.6.152.49 - - [04/Dec/2008:16:40:09 -0500] "GET /rapture/gon-baby.gif HTTP/1.1" 200 2847 "http://www.toastpoint.com/rapture/rapture.html" "Mozilla/4.0 (compatible; MSIE 7.0; Windows NT 5.1; .NET CLR 1.1.4322; .NET CLR 2.0.50727; .NET CLR 3.0.04506.648; .NET CLR 3.5.21022; .NET CLR 3.0.4506.2152; .NET CLR 3.5.30729)"
75.6.152.49 - - [04/Dec/2008:16:40:09 -0500] "GET /rapture/uto-look.gif HTTP/1.1" 200 3823 "http://www.toastpoint.com/rapture/rapture.html" "Mozilla/4.0 (compatible; MSIE 7.0; Windows NT 5.1; .NET CLR 1.1.4322; .NET CLR 2.0.50727; .NET CLR 3.0.04506.648; .NET CLR 3.5.21022; .NET CLR 3.0.4506.2152; .NET CLR 3.5.30729)"
75.6.152.49 - - [04/Dec/2008:16:40:29 -0500] "GET /gifs/pastheaders.html HTTP/1.1" 200 1228 "http://www.toastpoint.com/toastpointtoc.html" "Mozilla/4.0 (compatible; MSIE 7.0; Windows NT 5.1; .NET CLR 1.1.4322; .NET CLR 2.0.50727; .NET CLR 3.0.04506.648; .NET CLR 3.5.21022; .NET CLR 3.0.4506.2152; .NET CLR 3.5.30729)"
75.6.152.49 - - [04/Dec/2008:16:40:29 -0500] "GET /gifs/tpjune2008.jpg HTTP/1.1" 200 30254 "http://www.toastpoint.com/gifs/pastheaders.html" "Mozilla/4.0 (compatible; MSIE 7.0; Windows NT 5.1; .NET CLR 1.1.4322; .NET CLR 2.0.50727; .NET CLR 3.0.04506.648; .NET CLR 3.5.21022; .NET CLR 3.0.4506.2152; .NET CLR 3.5.30729)"
75.6.152.49 - - [04/Dec/2008:16:40:29 -0500] "GET /gifs/tpsept2008.jpg HTTP/1.1" 200 39710 "http://www.toastpoint.com/gifs/pastheaders.html" "Mozilla/4.0 (compatible; MSIE 7.0; Windows NT 5.1; .NET CLR 1.1.4322; .NET CLR 2.0.50727; .NET CLR 3.0.04506.648; .NET CLR 3.5.21022; .NET CLR 3.0.4506.2152; .NET CLR 3.5.30729)"
75.6.152.49 - - [04/Dec/2008:16:40:30 -0500] "GET /gifs/tpaprilmay2008.jpg HTTP/1.1" 200 19848 "http://www.toastpoint.com/gifs/pastheaders.html" "Mozilla/4.0 (compatible; MSIE 7.0; Windows NT 5.1; .NET CLR 1.1.4322; .NET CLR 2.0.50727; .NET CLR 3.0.04506.648; .NET CLR 3.5.21022; .NET CLR 3.0.4506.2152; .NET CLR 3.5.30729)"
75.6.152.49 - - [04/Dec/2008:16:40:29 -0500] "GET /gifs/tpaug2008.jpg HTTP/1.1" 200 58877 "http://www.toastpoint.com/gifs/pastheaders.html" "Mozilla/4.0 (compatible; MSIE 7.0; Windows NT 5.1; .NET CLR 1.1.4322; .NET CLR 2.0.50727; .NET CLR 3.0.04506.648; .NET CLR 3.5.21022; .NET CLR 3.0.4506.2152; .NET CLR 3.5.30729)"
75.6.152.49 - - [04/Dec/2008:16:40:30 -0500] "GET /gifs/tpmar2008.jpg HTTP/1.1" 200 36414 "http://www.toastpoint.com/gifs/pastheaders.html" "Mozilla/4.0 (compatible; MSIE 7.0; Windows NT 5.1; .NET CLR 1.1.4322; .NET CLR 2.0.50727; .NET CLR 3.0.04506.648; .NET CLR 3.5.21022; .NET CLR 3.0.4506.2152; .NET CLR 3.5.30729)"
75.6.152.49 - - [04/Dec/2008:16:40:29 -0500] "GET /gifs/tpjul2008.jpg HTTP/1.1" 200 93792 "http://www.toastpoint.com/gifs/pastheaders.html" "Mozilla/4.0 (compatible; MSIE 7.0; Windows NT 5.1; .NET CLR 1.1.4322; .NET CLR 2.0.50727; .NET CLR 3.0.04506.648; .NET CLR 3.5.21022; .NET CLR 3.0.4506.2152; .NET CLR 3.5.30729)"
75.6.152.49 - - [04/Dec/2008:16:40:30 -0500] "GET /gifs/tpfeb2008.jpg HTTP/1.1" 200 26400 "http://www.toastpoint.com/gifs/pastheaders.html" "Mozilla/4.0 (compatible; MSIE 7.0; Windows NT 5.1; .NET CLR 1.1.4322; .NET CLR 2.0.50727; .NET CLR 3.0.04506.648; .NET CLR 3.5.21022; .NET CLR 3.0.4506.2152; .NET CLR 3.5.30729)"
75.6.152.49 - - [04/Dec/2008:16:40:30 -0500] "GET /gifs/tpjan2008.jpg HTTP/1.1" 200 26786 "http://www.toastpoint.com/gifs/pastheaders.html" "Mozilla/4.0 (compatible; MSIE 7.0; Windows NT 5.1; .NET CLR 1.1.4322; .NET CLR 2.0.50727; .NET CLR 3.0.04506.648; .NET CLR 3.5.21022; .NET CLR 3.0.4506.2152; .NET CLR 3.5.30729)"
75.6.152.49 - - [04/Dec/2008:16:40:30 -0500] "GET /gifs/tpdecember2007.jpg HTTP/1.1" 200 21721 "http://www.toastpoint.com/gifs/pastheaders.html" "Mozilla/4.0 (compatible; MSIE 7.0; Windows NT 5.1; .NET CLR 1.1.4322; .NET CLR 2.0.50727; .NET CLR 3.0.04506.648; .NET CLR 3.5.21022; .NET CLR 3.0.4506.2152; .NET CLR 3.5.30729)"
75.6.152.49 - - [04/Dec/2008:16:40:31 -0500] "GET /gifs/tpnov2007.jpg HTTP/1.1" 200 24800 "http://www.toastpoint.com/gifs/pastheaders.html" "Mozilla/4.0 (compatible; MSIE 7.0; Windows NT 5.1; .NET CLR 1.1.4322; .NET CLR 2.0.50727; .NET CLR 3.0.04506.648; .NET CLR 3.5.21022; .NET CLR 3.0.4506.2152; .NET CLR 3.5.30729)"
75.6.152.49 - - [04/Dec/2008:16:40:31 -0500] "GET /gifs/tpoct2007.jpg HTTP/1.1" 200 81294 "http://www.toastpoint.com/gifs/pastheaders.html" "Mozilla/4.0 (compatible; MSIE 7.0; Windows NT 5.1; .NET CLR 1.1.4322; .NET CLR 2.0.50727; .NET CLR 3.0.04506.648; .NET CLR 3.5.21022; .NET CLR 3.0.4506.2152; .NET CLR 3.5.30729)"
75.6.152.49 - - [04/Dec/2008:16:40:31 -0500] "GET /gifs/tpsept2007.jpg HTTP/1.1" 200 24519 "http://www.toastpoint.com/gifs/pastheaders.html" "Mozilla/4.0 (compatible; MSIE 7.0; Windows NT 5.1; .NET CLR 1.1.4322; .NET CLR 2.0.50727; .NET CLR 3.0.04506.648; .NET CLR 3.5.21022; .NET CLR 3.0.4506.2152; .NET CLR 3.5.30729)"
75.6.152.49 - - [04/Dec/2008:16:40:31 -0500] "GET /gifs/tpaugust2007.jpg HTTP/1.1" 200 39173 "http://www.toastpoint.com/gifs/pastheaders.html" "Mozilla/4.0 (compatible; MSIE 7.0; Windows NT 5.1; .NET CLR 1.1.4322; .NET CLR 2.0.50727; .NET CLR 3.0.04506.648; .NET CLR 3.5.21022; .NET CLR 3.0.4506.2152; .NET CLR 3.5.30729)"
75.6.152.49 - - [04/Dec/2008:16:40:31 -0500] "GET /gifs/tpjuly2007.jpg HTTP/1.1" 200 42279 "http://www.toastpoint.com/gifs/pastheaders.html" "Mozilla/4.0 (compatible; MSIE 7.0; Windows NT 5.1; .NET CLR 1.1.4322; .NET CLR 2.0.50727; .NET CLR 3.0.04506.648; .NET CLR 3.5.21022; .NET CLR 3.0.4506.2152; .NET CLR 3.5.30729)"
65.103.64.18 - - [04/Dec/2008:16:40:31 -0500] "GET /favicon.ico HTTP/1.1" 404 693 "-" "Mozilla/4.0 (compatible; MSIE 7.0; Windows NT 5.1; .NET CLR 1.1.4322; .NET CLR 2.0.50727; .NET CLR 3.0.04506.30; InfoPath.1)"
65.103.64.18 - - [04/Dec/2008:16:40:31 -0500] "GET /limerick/nice299.html HTTP/1.1" 200 28130 "-" "Mozilla/4.0 (compatible; MSIE 7.0; Windows NT 5.1; .NET CLR 1.1.4322; .NET CLR 2.0.50727; .NET CLR 3.0.04506.30; InfoPath.1)"
75.6.152.49 - - [04/Dec/2008:16:40:31 -0500] "GET /gifs/tpjune2007.jpg HTTP/1.1" 200 50796 "http://www.toastpoint.com/gifs/pastheaders.html" "Mozilla/4.0 (compatible; MSIE 7.0; Windows NT 5.1; .NET CLR 1.1.4322; .NET CLR 2.0.50727; .NET CLR 3.0.04506.648; .NET CLR 3.5.21022; .NET CLR 3.0.4506.2152; .NET CLR 3.5.30729)"
75.6.152.49 - - [04/Dec/2008:16:40:31 -0500] "GET /gifs/tpmay2007.jpg HTTP/1.1" 200 45766 "http://www.toastpoint.com/gifs/pastheaders.html" "Mozilla/4.0 (compatible; MSIE 7.0; Windows NT 5.1; .NET CLR 1.1.4322; .NET CLR 2.0.50727; .NET CLR 3.0.04506.648; .NET CLR 3.5.21022; .NET CLR 3.0.4506.2152; .NET CLR 3.5.30729)"
65.103.64.18 - - [04/Dec/2008:16:40:32 -0500] "GET /gifs/birdumb.gif HTTP/1.1" 200 4704 "http://www.toastpoint.com/limerick/nice299.html" "Mozilla/4.0 (compatible; MSIE 7.0; Windows NT 5.1; .NET CLR 1.1.4322; .NET CLR 2.0.50727; .NET CLR 3.0.04506.30; InfoPath.1)"
75.6.152.49 - - [04/Dec/2008:16:40:32 -0500] "GET /gifs/tpapril2007.jpg HTTP/1.1" 200 22244 "http://www.toastpoint.com/gifs/pastheaders.html" "Mozilla/4.0 (compatible; MSIE 7.0; Windows NT 5.1; .NET CLR 1.1.4322; .NET CLR 2.0.50727; .NET CLR 3.0.04506.648; .NET CLR 3.5.21022; .NET CLR 3.0.4506.2152; .NET CLR 3.5.30729)"
65.103.64.18 - - [04/Dec/2008:16:40:32 -0500] "GET /gifs/birdumb2.gif HTTP/1.1" 200 4698 "http://www.toastpoint.com/limerick/nice299.html" "Mozilla/4.0 (compatible; MSIE 7.0; Windows NT 5.1; .NET CLR 1.1.4322; .NET CLR 2.0.50727; .NET CLR 3.0.04506.30; InfoPath.1)"
