75.104.129.148 - - [30/Jan/2009:09:30:49 -0500] "GET /favicon.ico HTTP/1.1" 404 693 "-" "Mozilla/4.0 (compatible; MSIE 7.0; Windows NT 6.0; SLCC1; .NET CLR 2.0.50727; Media Center PC 5.0; .NET CLR 3.0.04506; .NET CLR 3.5.21022)"
75.104.129.148 - - [30/Jan/2009:09:30:50 -0500] "GET /limerick/naut199.html HTTP/1.1" 200 34481 "-" "Mozilla/4.0 (compatible; MSIE 7.0; Windows NT 6.0; SLCC1; .NET CLR 2.0.50727; Media Center PC 5.0; .NET CLR 3.0.04506; .NET CLR 3.5.21022)"
75.104.129.148 - - [30/Jan/2009:09:30:50 -0500] "GET /gifs/goldstar.jpg HTTP/1.1" 200 1854 "http://www.toastpoint.com/limerick/naut199.html" "Mozilla/4.0 (compatible; MSIE 7.0; Windows NT 6.0; SLCC1; .NET CLR 2.0.50727; Media Center PC 5.0; .NET CLR 3.0.04506; .NET CLR 3.5.21022)"
75.104.129.148 - - [30/Jan/2009:09:30:50 -0500] "GET /gifs/nakedman.gif HTTP/1.1" 200 7734 "http://www.toastpoint.com/limerick/naut199.html" "Mozilla/4.0 (compatible; MSIE 7.0; Windows NT 6.0; SLCC1; .NET CLR 2.0.50727; Media Center PC 5.0; .NET CLR 3.0.04506; .NET CLR 3.5.21022)"
75.104.129.148 - - [30/Jan/2009:09:30:50 -0500] "GET /gifs/boobies.gif HTTP/1.1" 200 11144 "http://www.toastpoint.com/limerick/naut199.html" "Mozilla/4.0 (compatible; MSIE 7.0; Windows NT 6.0; SLCC1; .NET CLR 2.0.50727; Media Center PC 5.0; .NET CLR 3.0.04506; .NET CLR 3.5.21022)"
193.252.149.15 - - [30/Jan/2009:09:39:55 -0500] "GET /haiku/haikufrm.html HTTP/1.1" 200 534 "-" "Mozilla/5.0 (Windows; U; Windows NT 5.1; fr; rv:1.8.1) VoilaBot BETA 1.2 (support.voilabot@orange-ftgroup.com)"
208.115.111.245 - - [30/Jan/2009:09:44:41 -0500] "GET /limerick/1998/nice1198.html HTTP/1.1" 200 27306 "-" "Mozilla/5.0 (compatible; DotBot/1.1; http://www.dotnetdotcom.org/, crawler@dotnetdotcom.org)"
208.115.111.245 - - [30/Jan/2009:09:44:43 -0500] "GET /limerick/1998/nice1298.html HTTP/1.1" 200 22822 "-" "Mozilla/5.0 (compatible; DotBot/1.1; http://www.dotnetdotcom.org/, crawler@dotnetdotcom.org)"
208.115.111.245 - - [30/Jan/2009:09:44:45 -0500] "GET /limerick/1998/nice198.html HTTP/1.1" 200 25254 "-" "Mozilla/5.0 (compatible; DotBot/1.1; http://www.dotnetdotcom.org/, crawler@dotnetdotcom.org)"
208.115.111.245 - - [30/Jan/2009:09:44:45 -0500] "GET /limerick/1998/nice298.html HTTP/1.1" 200 24359 "-" "Mozilla/5.0 (compatible; DotBot/1.1; http://www.dotnetdotcom.org/, crawler@dotnetdotcom.org)"
208.115.111.245 - - [30/Jan/2009:09:44:47 -0500] "GET /limerick/1998/nice398.html HTTP/1.1" 200 36584 "-" "Mozilla/5.0 (compatible; DotBot/1.1; http://www.dotnetdotcom.org/, crawler@dotnetdotcom.org)"
208.115.111.245 - - [30/Jan/2009:09:44:48 -0500] "GET /limerick/1998/nice498.html HTTP/1.1" 200 32863 "-" "Mozilla/5.0 (compatible; DotBot/1.1; http://www.dotnetdotcom.org/, crawler@dotnetdotcom.org)"
208.115.111.245 - - [30/Jan/2009:09:44:49 -0500] "GET /limerick/1998/nice598.html HTTP/1.1" 200 45520 "-" "Mozilla/5.0 (compatible; DotBot/1.1; http://www.dotnetdotcom.org/, crawler@dotnetdotcom.org)"
208.115.111.245 - - [30/Jan/2009:09:44:50 -0500] "GET /limerick/1998/nice698.html HTTP/1.1" 200 24183 "-" "Mozilla/5.0 (compatible; DotBot/1.1; http://www.dotnetdotcom.org/, crawler@dotnetdotcom.org)"
208.115.111.245 - - [30/Jan/2009:09:44:51 -0500] "GET /limerick/1998/nice798.html HTTP/1.1" 200 18342 "-" "Mozilla/5.0 (compatible; DotBot/1.1; http://www.dotnetdotcom.org/, crawler@dotnetdotcom.org)"
208.115.111.245 - - [30/Jan/2009:09:44:52 -0500] "GET /limerick/1998/nice998.html HTTP/1.1" 200 24712 "-" "Mozilla/5.0 (compatible; DotBot/1.1; http://www.dotnetdotcom.org/, crawler@dotnetdotcom.org)"
74.72.209.3 - - [30/Jan/2009:09:57:30 -0500] "GET /gifs/spinet.jpg HTTP/1.1" 404 693 "-" "Mozilla/5.0 (Windows; U; Windows NT 6.0; en-US; rv:1.9.0.5) Gecko/2008120122 Firefox/3.0.5"
74.72.209.3 - - [30/Jan/2009:09:57:30 -0500] "GET /gifs/babygr.jpg HTTP/1.1" 200 26214 "-" "Mozilla/5.0 (Windows; U; Windows NT 6.0; en-US; rv:1.9.0.5) Gecko/2008120122 Firefox/3.0.5"
174.133.28.170 - - [30/Jan/2009:09:58:12 -0500] "GET / HTTP/1.1" 200 919088 "-" "Mozilla/4.0 (compatible; MSIE 6.0; Windows NT 5.0; .NET CLR 1.0.3705)"
208.111.154.16 - - [30/Jan/2009:10:07:41 -0500] "GET /robots.txt HTTP/1.1" 404 693 "-" "Mozilla/5.0 (compatible; Charlotte/1.1; http://www.searchme.com/support/)"
208.115.138.254 - - [30/Jan/2009:10:16:35 -0500] "GET /limerick/nice199.html HTTP/1.1" 200 25313 "-" "Mozilla/4.0"
217.169.46.98 - - [30/Jan/2009:10:17:16 -0500] "GET /limerick/nice199.html HTTP/1.1" 200 25313 "-" "Mozilla/4.0"
213.233.128.120 - - [30/Jan/2009:10:17:17 -0500] "GET /favicon.ico HTTP/1.1" 404 693 "http://www.toastpoint.com/limerick/nice199.html" "Opera/8.01 (J2ME/MIDP; Opera Mini; en; U; ssr)"
213.233.128.120 - - [30/Jan/2009:10:17:17 -0500] "GET /limerick/nice199.html HTTP/1.1" 200 25313 "http://www.toastpoint.com/limerick/nice199.html" "Opera/8.01 (J2ME/MIDP; Opera Mini; en; U; ssr)"
213.233.128.120 - - [30/Jan/2009:10:17:17 -0500] "GET /gifs/birdumb.gif HTTP/1.1" 200 4704 "http://www.toastpoint.com/limerick/nice199.html" "Opera/8.01 (J2ME/MIDP; Opera Mini; en; U; ssr)"
213.233.128.120 - - [30/Jan/2009:10:17:17 -0500] "GET /gifs/birdumb2.gif HTTP/1.1" 200 4698 "http://www.toastpoint.com/limerick/nice199.html" "Opera/8.01 (J2ME/MIDP; Opera Mini; en; U; ssr)"
213.233.128.120 - - [30/Jan/2009:10:17:17 -0500] "GET /gifs/goldstar.jpg HTTP/1.1" 200 1854 "http://www.toastpoint.com/limerick/nice199.html" "Opera/8.01 (J2ME/MIDP; Opera Mini; en; U; ssr)"
213.233.128.120 - - [30/Jan/2009:10:17:17 -0500] "GET /favicon.ico HTTP/1.1" 404 693 "http://www.toastpoint.com/limerick/nice199.html" "Opera/8.01 (J2ME/MIDP; Opera Mini; en; U; ssr)"
208.111.154.15 - - [30/Jan/2009:10:18:40 -0500] "GET /robots.txt HTTP/1.1" 404 693 "-" "Mozilla/5.0 (compatible; Charlotte/1.1; http://www.searchme.com/support/)"
64.124.85.94 - - [30/Jan/2009:10:29:27 -0500] "GET /robots.txt HTTP/1.1" 404 693 "-" "Mozilla/5.0 (compatible; BecomeBot/3.0; +http://www.become.com/site_owners.html)"
64.124.85.94 - - [30/Jan/2009:10:29:44 -0500] "GET /limerick/1996/naut596.html HTTP/1.1" 200 28755 "-" "Mozilla/5.0 (compatible; BecomeBot/3.0; +http://www.become.com/site_owners.html)"
64.124.85.94 - - [30/Jan/2009:10:30:00 -0500] "GET /limerick/1996/nice496.html HTTP/1.1" 200 15372 "-" "Mozilla/5.0 (compatible; BecomeBot/3.0; +http://www.become.com/site_owners.html)"
64.124.85.94 - - [30/Jan/2009:10:30:19 -0500] "GET /limerick/1996/naut696.html HTTP/1.1" 200 13746 "-" "Mozilla/5.0 (compatible; BecomeBot/3.0; +http://www.become.com/site_owners.html)"
64.124.85.94 - - [30/Jan/2009:10:30:36 -0500] "GET /limerick/1996/nice596.html HTTP/1.1" 200 13725 "-" "Mozilla/5.0 (compatible; BecomeBot/3.0; +http://www.become.com/site_owners.html)"
64.124.85.94 - - [30/Jan/2009:10:31:50 -0500] "GET /limerick/1996/nice696.html HTTP/1.1" 200 7043 "-" "Mozilla/5.0 (compatible; BecomeBot/3.0; +http://www.become.com/site_owners.html)"
64.124.85.94 - - [30/Jan/2009:10:32:03 -0500] "GET /limerick/1996/nic1196.html HTTP/1.1" 200 11053 "-" "Mozilla/5.0 (compatible; BecomeBot/3.0; +http://www.become.com/site_owners.html)"
64.124.85.94 - - [30/Jan/2009:10:32:21 -0500] "GET /limerick/1996/naut996.html HTTP/1.1" 200 13852 "-" "Mozilla/5.0 (compatible; BecomeBot/3.0; +http://www.become.com/site_owners.html)"
64.124.85.94 - - [30/Jan/2009:10:32:45 -0500] "GET /limerick/1997/lim1997.html HTTP/1.1" 200 1925 "-" "Mozilla/5.0 (compatible; BecomeBot/3.0; +http://www.become.com/site_owners.html)"
64.124.85.94 - - [30/Jan/2009:10:32:58 -0500] "GET /limerick/1996/nice396.html HTTP/1.1" 200 5682 "-" "Mozilla/5.0 (compatible; BecomeBot/3.0; +http://www.become.com/site_owners.html)"
64.124.85.94 - - [30/Jan/2009:10:33:12 -0500] "GET /limerick/1996/nice296.html HTTP/1.1" 200 9047 "-" "Mozilla/5.0 (compatible; BecomeBot/3.0; +http://www.become.com/site_owners.html)"
64.124.85.94 - - [30/Jan/2009:10:33:22 -0500] "GET /limerick/brady/brady96.html HTTP/1.1" 200 6418 "-" "Mozilla/5.0 (compatible; BecomeBot/3.0; +http://www.become.com/site_owners.html)"
64.124.85.94 - - [30/Jan/2009:10:33:34 -0500] "GET /limerick/1996/naut496.html HTTP/1.1" 200 21599 "-" "Mozilla/5.0 (compatible; BecomeBot/3.0; +http://www.become.com/site_owners.html)"
64.124.85.94 - - [30/Jan/2009:10:33:45 -0500] "GET /limerick/1996/naut396.html HTTP/1.1" 200 17461 "-" "Mozilla/5.0 (compatible; BecomeBot/3.0; +http://www.become.com/site_owners.html)"
64.124.85.94 - - [30/Jan/2009:10:33:58 -0500] "GET /limerick/brady/brady1.html HTTP/1.1" 200 4493 "-" "Mozilla/5.0 (compatible; BecomeBot/3.0; +http://www.become.com/site_owners.html)"
64.124.85.94 - - [30/Jan/2009:10:34:21 -0500] "GET /limerick/1995/1995.html HTTP/1.1" 200 1428 "-" "Mozilla/5.0 (compatible; BecomeBot/3.0; +http://www.become.com/site_owners.html)"
64.124.85.94 - - [30/Jan/2009:10:34:34 -0500] "GET /limerick/1996/nic1096.html HTTP/1.1" 200 9770 "-" "Mozilla/5.0 (compatible; BecomeBot/3.0; +http://www.become.com/site_owners.html)"
64.124.85.94 - - [30/Jan/2009:10:34:44 -0500] "GET /limerick/1996/naut296.html HTTP/1.1" 200 30357 "-" "Mozilla/5.0 (compatible; BecomeBot/3.0; +http://www.become.com/site_owners.html)"
64.124.85.94 - - [30/Jan/2009:10:34:55 -0500] "GET /limerick/1996/nic1296.html HTTP/1.1" 200 19459 "-" "Mozilla/5.0 (compatible; BecomeBot/3.0; +http://www.become.com/site_owners.html)"
64.124.85.94 - - [30/Jan/2009:10:35:06 -0500] "GET /limerick/brady/brady97.html HTTP/1.1" 200 10474 "-" "Mozilla/5.0 (compatible; BecomeBot/3.0; +http://www.become.com/site_owners.html)"
64.124.85.94 - - [30/Jan/2009:10:35:18 -0500] "GET /limerick/1996/bestnaut.html HTTP/1.1" 200 19352 "-" "Mozilla/5.0 (compatible; BecomeBot/3.0; +http://www.become.com/site_owners.html)"
64.124.85.94 - - [30/Jan/2009:10:35:30 -0500] "GET /limerick/1996/nau1096.html HTTP/1.1" 200 23475 "-" "Mozilla/5.0 (compatible; BecomeBot/3.0; +http://www.become.com/site_owners.html)"
64.124.85.94 - - [30/Jan/2009:10:35:41 -0500] "GET /limerick/naut599.html HTTP/1.1" 200 21235 "-" "Mozilla/5.0 (compatible; BecomeBot/3.0; +http://www.become.com/site_owners.html)"
64.124.85.94 - - [30/Jan/2009:10:35:55 -0500] "GET /limerick/1996/naut796.html HTTP/1.1" 200 9432 "-" "Mozilla/5.0 (compatible; BecomeBot/3.0; +http://www.become.com/site_owners.html)"
64.124.85.94 - - [30/Jan/2009:10:36:11 -0500] "GET / HTTP/1.1" 200 464 "-" "Mozilla/5.0 (compatible; BecomeBot/3.0; +http://www.become.com/site_owners.html)"
64.124.85.94 - - [30/Jan/2009:10:36:22 -0500] "GET /limerick/naut399.html HTTP/1.1" 200 38217 "-" "Mozilla/5.0 (compatible; BecomeBot/3.0; +http://www.become.com/site_owners.html)"
64.124.85.94 - - [30/Jan/2009:10:36:34 -0500] "GET /fiction/fiction.html HTTP/1.1" 200 2705 "-" "Mozilla/5.0 (compatible; BecomeBot/3.0; +http://www.become.com/site_owners.html)"
64.124.85.94 - - [30/Jan/2009:10:36:48 -0500] "GET /limerick/naut499.html HTTP/1.1" 200 38163 "-" "Mozilla/5.0 (compatible; BecomeBot/3.0; +http://www.become.com/site_owners.html)"
64.124.85.94 - - [30/Jan/2009:10:37:04 -0500] "GET /limerick/nice399.html HTTP/1.1" 200 31092 "-" "Mozilla/5.0 (compatible; BecomeBot/3.0; +http://www.become.com/site_owners.html)"
64.124.85.94 - - [30/Jan/2009:10:37:22 -0500] "GET /limerick/brady/brady99.html HTTP/1.1" 200 7546 "-" "Mozilla/5.0 (compatible; BecomeBot/3.0; +http://www.become.com/site_owners.html)"
64.124.85.94 - - [30/Jan/2009:10:37:42 -0500] "GET /limerick/nice499.html HTTP/1.1" 200 24193 "-" "Mozilla/5.0 (compatible; BecomeBot/3.0; +http://www.become.com/site_owners.html)"
64.124.85.94 - - [30/Jan/2009:10:38:02 -0500] "GET /limerick/nice599.html HTTP/1.1" 200 26033 "-" "Mozilla/5.0 (compatible; BecomeBot/3.0; +http://www.become.com/site_owners.html)"
64.124.85.94 - - [30/Jan/2009:10:38:18 -0500] "GET /limerick/brady/brady98.html HTTP/1.1" 200 8297 "-" "Mozilla/5.0 (compatible; BecomeBot/3.0; +http://www.become.com/site_owners.html)"
64.124.85.94 - - [30/Jan/2009:10:38:36 -0500] "GET /limerick/nice299.html HTTP/1.1" 200 28130 "-" "Mozilla/5.0 (compatible; BecomeBot/3.0; +http://www.become.com/site_owners.html)"
208.115.111.245 - - [30/Jan/2009:10:48:05 -0500] "GET /robots.txt HTTP/1.1" 404 693 "-" "Mozilla/5.0 (compatible; DotBot/1.1; http://www.dotnetdotcom.org/, crawler@dotnetdotcom.org)"
208.111.154.15 - - [30/Jan/2009:11:25:07 -0500] "GET /robots.txt HTTP/1.1" 404 693 "-" "Mozilla/5.0 (compatible; Charlotte/1.1; http://www.searchme.com/support/)"
208.115.111.245 - - [30/Jan/2009:12:01:33 -0500] "GET /limerick/brady/brady1.html HTTP/1.1" 200 4493 "-" "Mozilla/5.0 (compatible; DotBot/1.1; http://www.dotnetdotcom.org/, crawler@dotnetdotcom.org)"
208.115.111.245 - - [30/Jan/2009:12:01:35 -0500] "GET /limerick/brady/brady96.html HTTP/1.1" 200 6418 "-" "Mozilla/5.0 (compatible; DotBot/1.1; http://www.dotnetdotcom.org/, crawler@dotnetdotcom.org)"
208.115.111.245 - - [30/Jan/2009:12:01:36 -0500] "GET /limerick/brady/brady97.html HTTP/1.1" 200 10474 "-" "Mozilla/5.0 (compatible; DotBot/1.1; http://www.dotnetdotcom.org/, crawler@dotnetdotcom.org)"
208.115.111.245 - - [30/Jan/2009:12:01:37 -0500] "GET /limerick/brady/brady98.html HTTP/1.1" 200 8297 "-" "Mozilla/5.0 (compatible; DotBot/1.1; http://www.dotnetdotcom.org/, crawler@dotnetdotcom.org)"
208.115.111.245 - - [30/Jan/2009:12:01:38 -0500] "GET /limerick/brady/brady99.html HTTP/1.1" 200 7546 "-" "Mozilla/5.0 (compatible; DotBot/1.1; http://www.dotnetdotcom.org/, crawler@dotnetdotcom.org)"
208.115.111.245 - - [30/Jan/2009:12:01:39 -0500] "GET /limerick/brady/bradyfrm.html HTTP/1.1" 200 546 "-" "Mozilla/5.0 (compatible; DotBot/1.1; http://www.dotnetdotcom.org/, crawler@dotnetdotcom.org)"
208.115.111.245 - - [30/Jan/2009:12:01:40 -0500] "GET /limerick/docs/formhint.html HTTP/1.1" 200 2522 "-" "Mozilla/5.0 (compatible; DotBot/1.1; http://www.dotnetdotcom.org/, crawler@dotnetdotcom.org)"
208.115.111.245 - - [30/Jan/2009:12:01:41 -0500] "GET /limerick/fiction/fiction.html HTTP/1.1" 404 693 "-" "Mozilla/5.0 (compatible; DotBot/1.1; http://www.dotnetdotcom.org/, crawler@dotnetdotcom.org)"
208.115.111.245 - - [30/Jan/2009:12:02:26 -0500] "GET /limerick/haiku/haiku.html HTTP/1.1" 404 693 "-" "Mozilla/5.0 (compatible; DotBot/1.1; http://www.dotnetdotcom.org/, crawler@dotnetdotcom.org)"
208.115.111.245 - - [30/Jan/2009:12:02:27 -0500] "GET /limerick/limerick.html HTTP/1.1" 200 2613 "-" "Mozilla/5.0 (compatible; DotBot/1.1; http://www.dotnetdotcom.org/, crawler@dotnetdotcom.org)"
208.111.154.15 - - [30/Jan/2009:12:22:33 -0500] "GET /robots.txt HTTP/1.1" 404 693 "-" "Mozilla/5.0 (compatible; Charlotte/1.1; http://www.searchme.com/support/)"
90.15.136.194 - - [30/Jan/2009:13:03:51 -0500] "GET /favicon.ico HTTP/1.1" 404 693 "-" "Mozilla/5.0 (Windows; U; Windows NT 6.0; fr; rv:1.9.0.1) Gecko/2008070208 Firefox/3.0.1"
90.15.136.194 - - [30/Jan/2009:13:03:51 -0500] "GET /limerick/1998/nice298.html HTTP/1.1" 200 24359 "-" "Mozilla/5.0 (Windows; U; Windows NT 6.0; fr; rv:1.9.0.1) Gecko/2008070208 Firefox/3.0.1"
90.15.136.194 - - [30/Jan/2009:13:03:52 -0500] "GET /gifs/birdumb.gif HTTP/1.1" 200 4704 "http://www.toastpoint.com/limerick/1998/nice298.html" "Mozilla/5.0 (Windows; U; Windows NT 6.0; fr; rv:1.9.0.1) Gecko/2008070208 Firefox/3.0.1"
90.15.136.194 - - [30/Jan/2009:13:03:52 -0500] "GET /gifs/birdumb2.gif HTTP/1.1" 200 4698 "http://www.toastpoint.com/limerick/1998/nice298.html" "Mozilla/5.0 (Windows; U; Windows NT 6.0; fr; rv:1.9.0.1) Gecko/2008070208 Firefox/3.0.1"
90.15.136.194 - - [30/Jan/2009:13:03:52 -0500] "GET /gifs/goldstar.jpg HTTP/1.1" 200 1854 "http://www.toastpoint.com/limerick/1998/nice298.html" "Mozilla/5.0 (Windows; U; Windows NT 6.0; fr; rv:1.9.0.1) Gecko/2008070208 Firefox/3.0.1"
90.15.136.194 - - [30/Jan/2009:13:03:52 -0500] "GET /favicon.ico HTTP/1.1" 404 693 "-" "Mozilla/5.0 (Windows; U; Windows NT 6.0; fr; rv:1.9.0.1) Gecko/2008070208 Firefox/3.0.1"
90.15.136.194 - - [30/Jan/2009:13:03:53 -0500] "GET /favicon.ico HTTP/1.1" 404 693 "-" "Mozilla/5.0 (Windows; U; Windows NT 6.0; fr; rv:1.9.0.1) Gecko/2008070208 Firefox/3.0.1"
90.15.136.194 - - [30/Jan/2009:13:03:53 -0500] "GET /favicon.ico HTTP/1.1" 404 693 "-" "Mozilla/5.0 (Windows; U; Windows NT 6.0; fr; rv:1.9.0.1) Gecko/2008070208 Firefox/3.0.1"
90.15.136.194 - - [30/Jan/2009:13:03:53 -0500] "GET /favicon.ico HTTP/1.1" 404 693 "-" "Mozilla/5.0 (Windows; U; Windows NT 6.0; fr; rv:1.9.0.1) Gecko/2008070208 Firefox/3.0.1"
81.52.143.26 - - [30/Jan/2009:13:06:31 -0500] "GET /haiku/?D=A HTTP/1.1" 403 563 "-" "Mozilla/5.0 (Windows; U; Windows NT 5.1; fr; rv:1.8.1) VoilaBot BETA 1.2 (support.voilabot@orange-ftgroup.com)"
74.6.21.23 - - [30/Jan/2009:13:17:47 -0500] "GET /robots.txt HTTP/1.0" 404 693 "-" "Mozilla/5.0 (compatible; Yahoo! Slurp; http://help.yahoo.com/help/us/ysearch/slurp)"
74.6.76.45 - - [30/Jan/2009:13:17:48 -0500] "GET / HTTP/1.0" 200 464 "-" "Mozilla/5.0 (compatible; Yahoo! DE Slurp; http://help.yahoo.com/help/us/ysearch/slurp)"
74.6.76.45 - - [30/Jan/2009:13:17:49 -0500] "GET /toastpointtopleft.html HTTP/1.0" 200 162 "-" "Mozilla/5.0 (compatible; Yahoo! DE Slurp; http://help.yahoo.com/help/us/ysearch/slurp)"
74.6.76.45 - - [30/Jan/2009:13:17:50 -0500] "GET /toastpointtoc.html HTTP/1.0" 200 1188 "-" "Mozilla/5.0 (compatible; Yahoo! DE Slurp; http://help.yahoo.com/help/us/ysearch/slurp)"
74.6.76.45 - - [30/Jan/2009:13:17:51 -0500] "GET /news.html HTTP/1.0" 200 17706 "-" "Mozilla/5.0 (compatible; Yahoo! DE Slurp; http://help.yahoo.com/help/us/ysearch/slurp)"
74.6.76.45 - - [30/Jan/2009:13:17:52 -0500] "GET /toastpointtopright.html HTTP/1.0" 200 151 "-" "Mozilla/5.0 (compatible; Yahoo! DE Slurp; http://help.yahoo.com/help/us/ysearch/slurp)"
74.6.76.45 - - [30/Jan/2009:13:17:53 -0500] "GET /tpnews.html HTTP/1.0" 200 8305 "-" "Mozilla/5.0 (compatible; Yahoo! DE Slurp; http://help.yahoo.com/help/us/ysearch/slurp)"
208.115.111.245 - - [30/Jan/2009:13:20:07 -0500] "GET /robots.txt HTTP/1.1" 404 693 "-" "Mozilla/5.0 (compatible; DotBot/1.1; http://www.dotnetdotcom.org/, crawler@dotnetdotcom.org)"
208.111.154.15 - - [30/Jan/2009:13:39:14 -0500] "GET /robots.txt HTTP/1.1" 404 693 "-" "Mozilla/5.0 (compatible; Charlotte/1.1; http://www.searchme.com/support/)"
208.111.154.15 - - [30/Jan/2009:13:40:14 -0500] "GET /robots.txt HTTP/1.1" 404 693 "-" "Mozilla/5.0 (compatible; Charlotte/1.1; http://www.searchme.com/support/)"
208.111.154.15 - - [30/Jan/2009:13:41:19 -0500] "GET /haiku/1997/haiku397.html HTTP/1.1" 200 42491 "-" "Mozilla/5.0 (compatible; Charlotte/1.1; http://www.searchme.com/support/)"
66.235.124.8 - - [30/Jan/2009:13:49:57 -0500] "GET /rapture/rapture.html HTTP/1.1" 200 22564 "-" "Mozilla/5.0 (compatible; Ask Jeeves/Teoma; +http://about.ask.com/en/docs/about/webmasters.shtml)"
81.52.143.26 - - [30/Jan/2009:13:53:26 -0500] "GET /limerick/ HTTP/1.1" 403 563 "-" "Mozilla/5.0 (Windows; U; Windows NT 5.1; fr; rv:1.8.1) VoilaBot BETA 1.2 (support.voilabot@orange-ftgroup.com)"
66.235.124.8 - - [30/Jan/2009:13:57:21 -0500] "GET /limerick/docs/instruct.html HTTP/1.1" 200 1218 "-" "Mozilla/5.0 (compatible; Ask Jeeves/Teoma; +http://about.ask.com/en/docs/about/webmasters.shtml)"
72.159.2.254 - - [30/Jan/2009:14:03:45 -0500] "GET /limerick/nice299.html HTTP/1.1" 200 28130 "http://www.google.com/search?hl=en&safe=active&q=clean+limerick++&btnG=Search" "Mozilla/4.0 (compatible; MSIE 6.0; Windows NT 5.1; SV1; .NET CLR 1.1.4322; InfoPath.1)"
72.159.2.254 - - [30/Jan/2009:14:03:46 -0500] "GET /gifs/goldstar.jpg HTTP/1.1" 200 1854 "http://www.toastpoint.com/limerick/nice299.html" "Mozilla/4.0 (compatible; MSIE 6.0; Windows NT 5.1; SV1; .NET CLR 1.1.4322; InfoPath.1)"
72.159.2.254 - - [30/Jan/2009:14:03:46 -0500] "GET /gifs/birdumb2.gif HTTP/1.1" 200 4698 "http://www.toastpoint.com/limerick/nice299.html" "Mozilla/4.0 (compatible; MSIE 6.0; Windows NT 5.1; SV1; .NET CLR 1.1.4322; InfoPath.1)"
72.159.2.254 - - [30/Jan/2009:14:03:46 -0500] "GET /gifs/birdumb.gif HTTP/1.1" 200 4704 "http://www.toastpoint.com/limerick/nice299.html" "Mozilla/4.0 (compatible; MSIE 6.0; Windows NT 5.1; SV1; .NET CLR 1.1.4322; InfoPath.1)"
208.111.154.16 - - [30/Jan/2009:14:16:04 -0500] "GET /robots.txt HTTP/1.1" 404 693 "-" "Mozilla/5.0 (compatible; Charlotte/1.1; http://www.searchme.com/support/)"
98.173.249.179 - - [30/Jan/2009:14:30:14 -0500] "GET /favicon.ico HTTP/1.1" 404 693 "-" "Mozilla/4.0 (compatible; MSIE 7.0; Windows NT 5.1; Mozilla/4.0 (compatible; MSIE 6.0; Windows NT 5.1; SV1) ; .NET CLR 1.1.4322; .NET CLR 2.0.50727; .NET CLR 3.0.04506.30; .NET CLR 3.0.04506.648)"
98.173.249.179 - - [30/Jan/2009:14:30:15 -0500] "GET /gifs/goldstar.jpg HTTP/1.1" 200 1854 "http://www.toastpoint.com/limerick/naut199.html" "Mozilla/4.0 (compatible; MSIE 7.0; Windows NT 5.1; Mozilla/4.0 (compatible; MSIE 6.0; Windows NT 5.1; SV1) ; .NET CLR 1.1.4322; .NET CLR 2.0.50727; .NET CLR 3.0.04506.30; .NET CLR 3.0.04506.648)"
98.173.249.179 - - [30/Jan/2009:14:30:15 -0500] "GET /gifs/nakedman.gif HTTP/1.1" 200 7734 "http://www.toastpoint.com/limerick/naut199.html" "Mozilla/4.0 (compatible; MSIE 7.0; Windows NT 5.1; Mozilla/4.0 (compatible; MSIE 6.0; Windows NT 5.1; SV1) ; .NET CLR 1.1.4322; .NET CLR 2.0.50727; .NET CLR 3.0.04506.30; .NET CLR 3.0.04506.648)"
98.173.249.179 - - [30/Jan/2009:14:30:15 -0500] "GET /gifs/boobies.gif HTTP/1.1" 200 11144 "http://www.toastpoint.com/limerick/naut199.html" "Mozilla/4.0 (compatible; MSIE 7.0; Windows NT 5.1; Mozilla/4.0 (compatible; MSIE 6.0; Windows NT 5.1; SV1) ; .NET CLR 1.1.4322; .NET CLR 2.0.50727; .NET CLR 3.0.04506.30; .NET CLR 3.0.04506.648)"
98.173.249.179 - - [30/Jan/2009:14:30:15 -0500] "GET /limerick/naut199.html HTTP/1.1" 200 34481 "-" "Mozilla/4.0 (compatible; MSIE 7.0; Windows NT 5.1; Mozilla/4.0 (compatible; MSIE 6.0; Windows NT 5.1; SV1) ; .NET CLR 1.1.4322; .NET CLR 2.0.50727; .NET CLR 3.0.04506.30; .NET CLR 3.0.04506.648)"
98.173.249.179 - - [30/Jan/2009:14:30:18 -0500] "GET /favicon.ico HTTP/1.1" 404 693 "-" "Mozilla/5.0 (compatible; Google Desktop)"
65.55.209.73 - - [30/Jan/2009:14:32:06 -0500] "GET /robots.txt HTTP/1.1" 404 693 "-" "msnbot/1.1 (+http://search.msn.com/msnbot.htm)"
65.55.209.73 - - [30/Jan/2009:14:32:06 -0500] "GET /limerick/1995/nicedec.html HTTP/1.1" 200 13251 "-" "msnbot/1.1 (+http://search.msn.com/msnbot.htm)"
208.115.111.245 - - [30/Jan/2009:14:36:06 -0500] "GET /limerick/naut199.html HTTP/1.1" 200 34481 "-" "Mozilla/5.0 (compatible; DotBot/1.1; http://www.dotnetdotcom.org/, crawler@dotnetdotcom.org)"
208.115.111.245 - - [30/Jan/2009:14:36:10 -0500] "GET /limerick/naut299.html HTTP/1.1" 200 23095 "-" "Mozilla/5.0 (compatible; DotBot/1.1; http://www.dotnetdotcom.org/, crawler@dotnetdotcom.org)"
208.115.111.245 - - [30/Jan/2009:14:36:14 -0500] "GET /limerick/naut399.html HTTP/1.1" 200 38217 "-" "Mozilla/5.0 (compatible; DotBot/1.1; http://www.dotnetdotcom.org/, crawler@dotnetdotcom.org)"
208.115.111.245 - - [30/Jan/2009:14:36:15 -0500] "GET /limerick/naut499.html HTTP/1.1" 200 38163 "-" "Mozilla/5.0 (compatible; DotBot/1.1; http://www.dotnetdotcom.org/, crawler@dotnetdotcom.org)"
208.115.111.245 - - [30/Jan/2009:14:36:17 -0500] "GET /limerick/naut599.html HTTP/1.1" 200 21235 "-" "Mozilla/5.0 (compatible; DotBot/1.1; http://www.dotnetdotcom.org/, crawler@dotnetdotcom.org)"
208.111.154.15 - - [30/Jan/2009:14:36:17 -0500] "GET /robots.txt HTTP/1.1" 404 693 "-" "Mozilla/5.0 (compatible; Charlotte/1.1; http://www.searchme.com/support/)"
208.115.111.245 - - [30/Jan/2009:14:36:19 -0500] "GET /limerick/nautfrm.html HTTP/1.1" 200 548 "-" "Mozilla/5.0 (compatible; DotBot/1.1; http://www.dotnetdotcom.org/, crawler@dotnetdotcom.org)"
208.115.111.245 - - [30/Jan/2009:14:36:19 -0500] "GET /limerick/nice199.html HTTP/1.1" 200 25313 "-" "Mozilla/5.0 (compatible; DotBot/1.1; http://www.dotnetdotcom.org/, crawler@dotnetdotcom.org)"
208.115.111.245 - - [30/Jan/2009:14:36:22 -0500] "GET /limerick/nice299.html HTTP/1.1" 200 28130 "-" "Mozilla/5.0 (compatible; DotBot/1.1; http://www.dotnetdotcom.org/, crawler@dotnetdotcom.org)"
208.115.111.245 - - [30/Jan/2009:14:36:26 -0500] "GET /limerick/nice399.html HTTP/1.1" 200 31092 "-" "Mozilla/5.0 (compatible; DotBot/1.1; http://www.dotnetdotcom.org/, crawler@dotnetdotcom.org)"
208.115.111.245 - - [30/Jan/2009:14:36:27 -0500] "GET /limerick/nice499.html HTTP/1.1" 200 24193 "-" "Mozilla/5.0 (compatible; DotBot/1.1; http://www.dotnetdotcom.org/, crawler@dotnetdotcom.org)"
72.30.161.228 - - [30/Jan/2009:14:55:12 -0500] "GET /limerick/1998/nice598.html HTTP/1.0" 200 45520 "-" "Mozilla/5.0 (compatible; Yahoo! Slurp; http://help.yahoo.com/help/us/ysearch/slurp)"
4.227.96.207 - - [30/Jan/2009:14:57:48 -0500] "GET /favicon.ico HTTP/1.1" 404 693 "-" "Mozilla/4.0 (compatible; MSIE 7.0; Windows NT 6.0; SLCC1; .NET CLR 2.0.50727; Media Center PC 5.0; .NET CLR 3.0.04506)"
4.227.96.207 - - [30/Jan/2009:14:57:51 -0500] "GET /gifs/goldstar.jpg HTTP/1.1" 200 1854 "http://www.toastpoint.com/limerick/1997/naut1197.html" "Mozilla/4.0 (compatible; MSIE 7.0; Windows NT 6.0; SLCC1; .NET CLR 2.0.50727; Media Center PC 5.0; .NET CLR 3.0.04506)"
4.227.96.207 - - [30/Jan/2009:14:57:51 -0500] "GET /gifs/banana.jpg HTTP/1.1" 200 4139 "http://www.toastpoint.com/limerick/1997/naut1197.html" "Mozilla/4.0 (compatible; MSIE 7.0; Windows NT 6.0; SLCC1; .NET CLR 2.0.50727; Media Center PC 5.0; .NET CLR 3.0.04506)"
4.227.96.207 - - [30/Jan/2009:14:57:50 -0500] "GET /gifs/mouthf1.jpg HTTP/1.1" 200 3650 "http://www.toastpoint.com/limerick/1997/naut1197.html" "Mozilla/4.0 (compatible; MSIE 7.0; Windows NT 6.0; SLCC1; .NET CLR 2.0.50727; Media Center PC 5.0; .NET CLR 3.0.04506)"
4.227.96.207 - - [30/Jan/2009:14:57:48 -0500] "GET /limerick/1997/naut1197.html HTTP/1.1" 200 42998 "-" "Mozilla/4.0 (compatible; MSIE 7.0; Windows NT 6.0; SLCC1; .NET CLR 2.0.50727; Media Center PC 5.0; .NET CLR 3.0.04506)"
64.1.215.164 - - [30/Jan/2009:14:59:36 -0500] "GET /robots.txt HTTP/1.0" 404 693 "-" "Mozilla/5.0 (Twiceler-0.9 http://www.cuil.com/twiceler/robot.html)"
66.235.124.8 - - [30/Jan/2009:15:22:07 -0500] "GET /fiction/fict97/fict797.html HTTP/1.1" 200 4873 "-" "Mozilla/5.0 (compatible; Ask Jeeves/Teoma; +http://about.ask.com/en/docs/about/webmasters.shtml)"
92.19.110.244 - - [30/Jan/2009:15:28:06 -0500] "GET /favicon.ico HTTP/1.1" 404 693 "-" "Mozilla/4.0 (compatible; MSIE 7.0; Windows NT 6.0; GTB5; SLCC1; .NET CLR 2.0.50727; Media Center PC 5.0; .NET CLR 3.0.04506)"
92.19.110.244 - - [30/Jan/2009:15:28:06 -0500] "GET /limerick/1998/nice298.html HTTP/1.1" 200 24359 "-" "Mozilla/4.0 (compatible; MSIE 7.0; Windows NT 6.0; GTB5; SLCC1; .NET CLR 2.0.50727; Media Center PC 5.0; .NET CLR 3.0.04506)"
92.19.110.244 - - [30/Jan/2009:15:28:07 -0500] "GET /gifs/birdumb.gif HTTP/1.1" 200 4704 "http://www.toastpoint.com/limerick/1998/nice298.html" "Mozilla/4.0 (compatible; MSIE 7.0; Windows NT 6.0; GTB5; SLCC1; .NET CLR 2.0.50727; Media Center PC 5.0; .NET CLR 3.0.04506)"
92.19.110.244 - - [30/Jan/2009:15:28:07 -0500] "GET /gifs/birdumb2.gif HTTP/1.1" 200 4698 "http://www.toastpoint.com/limerick/1998/nice298.html" "Mozilla/4.0 (compatible; MSIE 7.0; Windows NT 6.0; GTB5; SLCC1; .NET CLR 2.0.50727; Media Center PC 5.0; .NET CLR 3.0.04506)"
38.96.130.194 - - [30/Jan/2009:15:36:01 -0500] "GET /limerick/1998/nice498.html HTTP/1.1" 200 32863 "http://www.google.com/search?hl=en&q=limericks+with+girl+named+lydia" "Mozilla/4.0 (compatible; MSIE 6.0; Windows NT 5.1; SV1; .NET CLR 1.1.4322; .NET CLR 2.0.50727; .NET CLR 3.0.04506.30; MS-RTC LM 8)"
38.96.130.194 - - [30/Jan/2009:15:36:01 -0500] "GET /gifs/birdumb2.gif HTTP/1.1" 200 4698 "http://www.toastpoint.com/limerick/1998/nice498.html" "Mozilla/4.0 (compatible; MSIE 6.0; Windows NT 5.1; SV1; .NET CLR 1.1.4322; .NET CLR 2.0.50727; .NET CLR 3.0.04506.30; MS-RTC LM 8)"
38.96.130.194 - - [30/Jan/2009:15:36:01 -0500] "GET /gifs/birdumb.gif HTTP/1.1" 200 4704 "http://www.toastpoint.com/limerick/1998/nice498.html" "Mozilla/4.0 (compatible; MSIE 6.0; Windows NT 5.1; SV1; .NET CLR 1.1.4322; .NET CLR 2.0.50727; .NET CLR 3.0.04506.30; MS-RTC LM 8)"
38.96.130.194 - - [30/Jan/2009:15:36:01 -0500] "GET /gifs/goldstar.jpg HTTP/1.1" 200 1854 "http://www.toastpoint.com/limerick/1998/nice498.html" "Mozilla/4.0 (compatible; MSIE 6.0; Windows NT 5.1; SV1; .NET CLR 1.1.4322; .NET CLR 2.0.50727; .NET CLR 3.0.04506.30; MS-RTC LM 8)"
208.111.154.15 - - [30/Jan/2009:15:37:55 -0500] "GET /robots.txt HTTP/1.1" 404 693 "-" "Mozilla/5.0 (compatible; Charlotte/1.1; http://www.searchme.com/support/)"
66.235.124.8 - - [30/Jan/2009:15:56:56 -0500] "GET /robots.txt HTTP/1.1" 404 693 "-" "Mozilla/5.0 (compatible; Ask Jeeves/Teoma; +http://about.ask.com/en/docs/about/webmasters.shtml)"
66.235.124.8 - - [30/Jan/2009:15:57:01 -0500] "GET /fiction/novels/peak2.html HTTP/1.1" 200 15955 "-" "Mozilla/5.0 (compatible; Ask Jeeves/Teoma; +http://about.ask.com/en/docs/about/webmasters.shtml)"
208.111.154.16 - - [30/Jan/2009:16:00:56 -0500] "GET /robots.txt HTTP/1.1" 404 693 "-" "Mozilla/5.0 (compatible; Charlotte/1.1; http://www.searchme.com/support/)"
208.111.154.15 - - [30/Jan/2009:16:02:36 -0500] "GET /robots.txt HTTP/1.1" 404 693 "-" "Mozilla/5.0 (compatible; Charlotte/1.1; http://www.searchme.com/support/)"
66.235.124.8 - - [30/Jan/2009:16:17:19 -0500] "GET /limerick/1998/naut1298.html HTTP/1.1" 200 31614 "-" "Mozilla/5.0 (compatible; Ask Jeeves/Teoma; +http://about.ask.com/en/docs/about/webmasters.shtml)"
208.111.154.16 - - [30/Jan/2009:16:36:23 -0500] "GET /robots.txt HTTP/1.1" 404 693 "-" "Mozilla/5.0 (compatible; Charlotte/1.1; http://www.searchme.com/support/)"
66.235.124.8 - - [30/Jan/2009:16:36:37 -0500] "GET /fiction/fict399.html HTTP/1.1" 200 27729 "-" "Mozilla/5.0 (compatible; Ask Jeeves/Teoma; +http://about.ask.com/en/docs/about/webmasters.shtml)"
74.6.30.119 - - [30/Jan/2009:16:42:13 -0500] "GET /haiku/haiku.html HTTP/1.0" 200 2147 "-" "Mozilla/5.0 (compatible; Yahoo! DE Slurp; http://help.yahoo.com/help/us/ysearch/slurp)"
66.235.124.8 - - [30/Jan/2009:16:59:03 -0500] "GET /limerick/1997/naut597.html HTTP/1.1" 200 22468 "-" "Mozilla/5.0 (compatible; Ask Jeeves/Teoma; +http://about.ask.com/en/docs/about/webmasters.shtml)"
208.115.111.245 - - [30/Jan/2009:17:00:54 -0500] "GET /limerick/nice599.html HTTP/1.1" 200 26033 "-" "Mozilla/5.0 (compatible; DotBot/1.1; http://www.dotnetdotcom.org/, crawler@dotnetdotcom.org)"
208.115.111.245 - - [30/Jan/2009:17:00:56 -0500] "GET /limerick/wumpus.html HTTP/1.1" 404 693 "-" "Mozilla/5.0 (compatible; DotBot/1.1; http://www.dotnetdotcom.org/, crawler@dotnetdotcom.org)"
208.115.111.245 - - [30/Jan/2009:17:00:57 -0500] "GET /srchfrm.html HTTP/1.1" 404 693 "-" "Mozilla/5.0 (compatible; DotBot/1.1; http://www.dotnetdotcom.org/, crawler@dotnetdotcom.org)"
208.115.111.245 - - [30/Jan/2009:17:00:58 -0500] "GET /welcome.html HTTP/1.1" 200 418 "-" "Mozilla/5.0 (compatible; DotBot/1.1; http://www.dotnetdotcom.org/, crawler@dotnetdotcom.org)"
71.62.154.22 - - [30/Jan/2009:17:04:20 -0500] "GET /rapture/rapture.html HTTP/1.1" 200 22564 "http://images.ask.com/fr?q=picture+of+Grand+Jury&desturi=http%3A%2F%2Fwww.toastpoint.com%2Frapture%2Frapture.html&fm=i&ac=3&ftURI=http%3A%2F%2Fimages.ask.com%2Ffr%3Fq%3Dpicture%2Bof%2BGrand%2BJury%26desturi%3Dhttp%253A%252F%252Fwww.toastpoint.com%252Frapture%252Frapture.html%26imagesrc%3Dhttp%253A%252F%252Fwww.toastpoint.com%252Frapture%252Ftbj-jury.gif%26thumbsrc%3Dhttp%253A%252F%252F66.235.120.64%252Fts%253Ft%253D2656937575207208691%2526pid%253D23296%2526ppid%253D5%26o%3D0%26l%3Ddir%26initialURL%3Dhttp%253A%252F%252Fimages.ask.com%252Fpictures%253Fl%253Ddir%2526o%253D0%2526q%253Dpicture%252520of%252520Grand%252520Jury%2526qsrc%253D168%26thumbuselocalisedstatic%3Dfalse%26fn%3Dtbj-jury.gif%26imagewidth%3D250%26imageheight%3D212%26fs%3D3%26ft%3Dgif%26f%3D2%26fm%3Di%26ftbURI%3Dhttp%253A%252F%252Fimages.ask.com%252Fpictures%253Fq%253Dpicture%252Bof%252BGrand%252BJury%2526page%253D1%2526o%253D0%2526l%253Ddir%2526pstart%253D0&qt=0" "Mozilla/4.0 (compatible; MSIE 6.0; Windows NT 5.1; SV1; .NET CLR 1.1.4322)"
71.62.154.22 - - [30/Jan/2009:17:04:20 -0500] "GET /rapture/tbj-jury.gif HTTP/1.1" 200 3904 "http://www.toastpoint.com/rapture/rapture.html" "Mozilla/4.0 (compatible; MSIE 6.0; Windows NT 5.1; SV1; .NET CLR 1.1.4322)"
71.62.154.22 - - [30/Jan/2009:17:04:20 -0500] "GET /rapture/pirates.gif HTTP/1.1" 200 4045 "http://www.toastpoint.com/rapture/rapture.html" "Mozilla/4.0 (compatible; MSIE 6.0; Windows NT 5.1; SV1; .NET CLR 1.1.4322)"
71.62.154.22 - - [30/Jan/2009:17:04:20 -0500] "GET /rapture/hms-dick.gif HTTP/1.1" 200 3100 "http://www.toastpoint.com/rapture/rapture.html" "Mozilla/4.0 (compatible; MSIE 6.0; Windows NT 5.1; SV1; .NET CLR 1.1.4322)"
71.62.154.22 - - [30/Jan/2009:17:04:20 -0500] "GET /rapture/sor-well.gif HTTP/1.1" 200 2583 "http://www.toastpoint.com/rapture/rapture.html" "Mozilla/4.0 (compatible; MSIE 6.0; Windows NT 5.1; SV1; .NET CLR 1.1.4322)"
71.62.154.22 - - [30/Jan/2009:17:04:20 -0500] "GET /rapture/bunthorne.gif HTTP/1.1" 200 3137 "http://www.toastpoint.com/rapture/rapture.html" "Mozilla/4.0 (compatible; MSIE 6.0; Windows NT 5.1; SV1; .NET CLR 1.1.4322)"
71.62.154.22 - - [30/Jan/2009:17:04:20 -0500] "GET /rapture/iolanthe.gif HTTP/1.1" 200 2814 "http://www.toastpoint.com/rapture/rapture.html" "Mozilla/4.0 (compatible; MSIE 6.0; Windows NT 5.1; SV1; .NET CLR 1.1.4322)"
71.62.154.22 - - [30/Jan/2009:17:04:20 -0500] "GET /rapture/mik-lips.gif HTTP/1.1" 200 3352 "http://www.toastpoint.com/rapture/rapture.html" "Mozilla/4.0 (compatible; MSIE 6.0; Windows NT 5.1; SV1; .NET CLR 1.1.4322)"
71.62.154.22 - - [30/Jan/2009:17:04:20 -0500] "GET /rapture/ida-monk.gif HTTP/1.1" 200 3753 "http://www.toastpoint.com/rapture/rapture.html" "Mozilla/4.0 (compatible; MSIE 6.0; Windows NT 5.1; SV1; .NET CLR 1.1.4322)"
71.62.154.22 - - [30/Jan/2009:17:04:20 -0500] "GET /rapture/rud-spec.gif HTTP/1.1" 200 2489 "http://www.toastpoint.com/rapture/rapture.html" "Mozilla/4.0 (compatible; MSIE 6.0; Windows NT 5.1; SV1; .NET CLR 1.1.4322)"
71.62.154.22 - - [30/Jan/2009:17:04:20 -0500] "GET /rapture/yeo-song.gif HTTP/1.1" 200 2781 "http://www.toastpoint.com/rapture/rapture.html" "Mozilla/4.0 (compatible; MSIE 6.0; Windows NT 5.1; SV1; .NET CLR 1.1.4322)"
71.62.154.22 - - [30/Jan/2009:17:04:20 -0500] "GET /rapture/gon-baby.gif HTTP/1.1" 200 2847 "http://www.toastpoint.com/rapture/rapture.html" "Mozilla/4.0 (compatible; MSIE 6.0; Windows NT 5.1; SV1; .NET CLR 1.1.4322)"
71.62.154.22 - - [30/Jan/2009:17:04:20 -0500] "GET /rapture/uto-look.gif HTTP/1.1" 200 3823 "http://www.toastpoint.com/rapture/rapture.html" "Mozilla/4.0 (compatible; MSIE 6.0; Windows NT 5.1; SV1; .NET CLR 1.1.4322)"
208.111.154.16 - - [30/Jan/2009:17:14:09 -0500] "GET /robots.txt HTTP/1.1" 404 693 "-" "Mozilla/5.0 (compatible; Charlotte/1.1; http://www.searchme.com/support/)"
208.111.154.16 - - [30/Jan/2009:17:23:19 -0500] "GET /robots.txt HTTP/1.1" 404 693 "-" "Mozilla/5.0 (compatible; Charlotte/1.1; http://www.searchme.com/support/)"
66.235.124.8 - - [30/Jan/2009:17:44:32 -0500] "GET /fiction/fict97/fict397.html HTTP/1.1" 200 11668 "-" "Mozilla/5.0 (compatible; Ask Jeeves/Teoma; +http://about.ask.com/en/docs/about/webmasters.shtml)"
81.52.143.16 - - [30/Jan/2009:17:47:19 -0500] "GET /limerick/1996/nice496.html HTTP/1.1" 200 15372 "-" "Mozilla/5.0 (Windows; U; Windows NT 5.1; fr; rv:1.8.1) VoilaBot BETA 1.2 (support.voilabot@orange-ftgroup.com)"
72.48.242.219 - - [30/Jan/2009:17:55:03 -0500] "GET /favicon.ico HTTP/1.1" 404 693 "-" "Mozilla/4.0 (compatible; MSIE 7.0; Windows NT 6.0; WOW64; GTB5; SLCC1; .NET CLR 2.0.50727; .NET CLR 3.0.04506; Media Center PC 5.0; .NET CLR 3.5.21022; .NET CLR 1.1.4322)"
72.48.242.219 - - [30/Jan/2009:17:55:03 -0500] "GET /gifs/japan.gif HTTP/1.1" 200 5737 "http://www.toastpoint.com/haiku/1998/haiku998.html" "Mozilla/4.0 (compatible; MSIE 7.0; Windows NT 6.0; WOW64; GTB5; SLCC1; .NET CLR 2.0.50727; .NET CLR 3.0.04506; Media Center PC 5.0; .NET CLR 3.5.21022; .NET CLR 1.1.4322)"
72.48.242.219 - - [30/Jan/2009:17:55:03 -0500] "GET /gifs/goldstar.jpg HTTP/1.1" 200 1854 "http://www.toastpoint.com/haiku/1998/haiku998.html" "Mozilla/4.0 (compatible; MSIE 7.0; Windows NT 6.0; WOW64; GTB5; SLCC1; .NET CLR 2.0.50727; .NET CLR 3.0.04506; Media Center PC 5.0; .NET CLR 3.5.21022; .NET CLR 1.1.4322)"
72.48.242.219 - - [30/Jan/2009:17:55:03 -0500] "GET /haiku/1998/haiku998.html HTTP/1.1" 200 38887 "-" "Mozilla/4.0 (compatible; MSIE 7.0; Windows NT 6.0; WOW64; GTB5; SLCC1; .NET CLR 2.0.50727; .NET CLR 3.0.04506; Media Center PC 5.0; .NET CLR 3.5.21022; .NET CLR 1.1.4322)"
66.235.124.8 - - [30/Jan/2009:18:07:43 -0500] "GET /fiction/fict97/fict1197.html HTTP/1.1" 200 12283 "-" "Mozilla/5.0 (compatible; Ask Jeeves/Teoma; +http://about.ask.com/en/docs/about/webmasters.shtml)"
208.111.154.16 - - [30/Jan/2009:18:14:36 -0500] "GET /robots.txt HTTP/1.1" 404 693 "-" "Mozilla/5.0 (compatible; Charlotte/1.1; http://www.searchme.com/support/)"
208.111.154.15 - - [30/Jan/2009:18:23:59 -0500] "GET /robots.txt HTTP/1.1" 404 693 "-" "Mozilla/5.0 (compatible; Charlotte/1.1; http://www.searchme.com/support/)"
66.235.124.8 - - [30/Jan/2009:18:25:56 -0500] "GET /limerick/1995/nautdec.html HTTP/1.1" 200 30430 "-" "Mozilla/5.0 (compatible; Ask Jeeves/Teoma; +http://about.ask.com/en/docs/about/webmasters.shtml)"
208.111.154.15 - - [30/Jan/2009:19:20:11 -0500] "GET /robots.txt HTTP/1.1" 404 693 "-" "Mozilla/5.0 (compatible; Charlotte/1.1; http://www.searchme.com/support/)"
81.52.143.15 - - [30/Jan/2009:19:24:54 -0500] "GET /fiction/fict399.html HTTP/1.1" 200 27729 "-" "Mozilla/5.0 (Windows; U; Windows NT 5.1; fr; rv:1.8.1) VoilaBot BETA 1.2 (support.voilabot@orange-ftgroup.com)"
208.111.154.15 - - [30/Jan/2009:19:36:37 -0500] "GET /robots.txt HTTP/1.1" 404 693 "-" "Mozilla/5.0 (compatible; Charlotte/1.1; http://www.searchme.com/support/)"
208.111.154.16 - - [30/Jan/2009:20:06:44 -0500] "GET /robots.txt HTTP/1.1" 404 693 "-" "Mozilla/5.0 (compatible; Charlotte/1.1; http://www.searchme.com/support/)"
208.111.154.16 - - [30/Jan/2009:20:07:03 -0500] "GET /limerick/1996/nice496.html HTTP/1.1" 304 - "-" "Mozilla/5.0 (compatible; Charlotte/1.1; http://www.searchme.com/support/)"
24.101.180.13 - - [30/Jan/2009:20:17:26 -0500] "GET /favicon.ico HTTP/1.1" 404 693 "-" "Mozilla/4.0 (compatible; MSIE 7.0; Windows NT 6.0; FunWebProducts; SLCC1; .NET CLR 2.0.50727; Media Center PC 5.0; .NET CLR 3.0.04506)"
24.101.180.13 - - [30/Jan/2009:20:17:26 -0500] "GET /limerick/brady/brady98.html HTTP/1.1" 200 8297 "-" "Mozilla/4.0 (compatible; MSIE 7.0; Windows NT 6.0; FunWebProducts; SLCC1; .NET CLR 2.0.50727; Media Center PC 5.0; .NET CLR 3.0.04506)"
24.101.180.13 - - [30/Jan/2009:20:17:26 -0500] "GET /gifs/goldstar.jpg HTTP/1.1" 200 1854 "http://www.toastpoint.com/limerick/brady/brady98.html" "Mozilla/4.0 (compatible; MSIE 7.0; Windows NT 6.0; FunWebProducts; SLCC1; .NET CLR 2.0.50727; Media Center PC 5.0; .NET CLR 3.0.04506)"
24.101.180.13 - - [30/Jan/2009:20:17:26 -0500] "GET /limerick/brady/thebunch.gif HTTP/1.1" 200 41886 "http://www.toastpoint.com/limerick/brady/brady98.html" "Mozilla/4.0 (compatible; MSIE 7.0; Windows NT 6.0; FunWebProducts; SLCC1; .NET CLR 2.0.50727; Media Center PC 5.0; .NET CLR 3.0.04506)"
208.111.154.15 - - [30/Jan/2009:20:27:17 -0500] "GET /robots.txt HTTP/1.1" 404 693 "-" "Mozilla/5.0 (compatible; Charlotte/1.1; http://www.searchme.com/support/)"
64.180.9.239 - - [30/Jan/2009:20:33:54 -0500] "GET /favicon.ico HTTP/1.1" 404 693 "-" "Mozilla/4.0 (compatible; MSIE 7.0; Windows NT 5.1; .NET CLR 1.0.3705; .NET CLR 2.0.50727; .NET CLR 3.0.04506.30; .NET CLR 3.0.04506.648)"
64.180.9.239 - - [30/Jan/2009:20:33:54 -0500] "GET /limerick/1995/nautnov.html HTTP/1.1" 200 13933 "-" "Mozilla/4.0 (compatible; MSIE 7.0; Windows NT 5.1; .NET CLR 1.0.3705; .NET CLR 2.0.50727; .NET CLR 3.0.04506.30; .NET CLR 3.0.04506.648)"
64.180.9.239 - - [30/Jan/2009:20:33:54 -0500] "GET /gifs/goldstar.jpg HTTP/1.1" 200 1854 "http://www.toastpoint.com/limerick/1995/nautnov.html" "Mozilla/4.0 (compatible; MSIE 7.0; Windows NT 5.1; .NET CLR 1.0.3705; .NET CLR 2.0.50727; .NET CLR 3.0.04506.30; .NET CLR 3.0.04506.648)"
208.111.154.15 - - [30/Jan/2009:21:06:50 -0500] "GET /robots.txt HTTP/1.1" 404 693 "-" "Mozilla/5.0 (compatible; Charlotte/1.1; http://www.searchme.com/support/)"
208.111.154.15 - - [30/Jan/2009:21:17:03 -0500] "GET /robots.txt HTTP/1.1" 404 693 "-" "Mozilla/5.0 (compatible; Charlotte/1.1; http://www.searchme.com/support/)"
208.111.154.15 - - [30/Jan/2009:21:26:55 -0500] "GET /robots.txt HTTP/1.1" 404 693 "-" "Mozilla/5.0 (compatible; Charlotte/1.1; http://www.searchme.com/support/)"
99.224.69.14 - - [30/Jan/2009:22:04:28 -0500] "GET /limerick/1996/nau1196.html HTTP/1.1" 200 14916 "-" "Mozilla/5.0 (Windows; U; Windows NT 5.1; en-US; rv:1.9.0.5) Gecko/2008120122 Firefox/3.0.5"
99.224.69.14 - - [30/Jan/2009:22:04:29 -0500] "GET /gifs/goldstar.jpg HTTP/1.1" 200 1854 "http://www.toastpoint.com/limerick/1996/nau1196.html" "Mozilla/5.0 (Windows; U; Windows NT 5.1; en-US; rv:1.9.0.5) Gecko/2008120122 Firefox/3.0.5"
99.224.69.14 - - [30/Jan/2009:22:04:29 -0500] "GET /gifs/banana.jpg HTTP/1.1" 200 4139 "http://www.toastpoint.com/limerick/1996/nau1196.html" "Mozilla/5.0 (Windows; U; Windows NT 5.1; en-US; rv:1.9.0.5) Gecko/2008120122 Firefox/3.0.5"
99.224.69.14 - - [30/Jan/2009:22:04:29 -0500] "GET /gifs/mouthf1.jpg HTTP/1.1" 200 3650 "http://www.toastpoint.com/limerick/1996/nau1196.html" "Mozilla/5.0 (Windows; U; Windows NT 5.1; en-US; rv:1.9.0.5) Gecko/2008120122 Firefox/3.0.5"
99.224.69.14 - - [30/Jan/2009:22:04:29 -0500] "GET /favicon.ico HTTP/1.1" 404 693 "-" "Mozilla/5.0 (Windows; U; Windows NT 5.1; en-US; rv:1.9.0.5) Gecko/2008120122 Firefox/3.0.5"
99.224.69.14 - - [30/Jan/2009:22:04:31 -0500] "GET /favicon.ico HTTP/1.1" 404 693 "-" "Mozilla/5.0 (Windows; U; Windows NT 5.1; en-US; rv:1.9.0.5) Gecko/2008120122 Firefox/3.0.5"
99.224.69.14 - - [30/Jan/2009:22:04:31 -0500] "GET /favicon.ico HTTP/1.1" 404 693 "-" "Mozilla/5.0 (Windows; U; Windows NT 5.1; en-US; rv:1.9.0.5) Gecko/2008120122 Firefox/3.0.5"
81.52.143.16 - - [30/Jan/2009:22:04:56 -0500] "GET /limerick/naut599.html HTTP/1.1" 200 21235 "-" "Mozilla/5.0 (Windows; U; Windows NT 5.1; fr; rv:1.8.1) VoilaBot BETA 1.2 (support.voilabot@orange-ftgroup.com)"
81.52.143.16 - - [30/Jan/2009:22:07:44 -0500] "GET /limerick/1998/nice498.html HTTP/1.1" 200 32863 "-" "Mozilla/5.0 (Windows; U; Windows NT 5.1; fr; rv:1.8.1) VoilaBot BETA 1.2 (support.voilabot@orange-ftgroup.com)"
208.111.154.16 - - [30/Jan/2009:22:11:26 -0500] "GET /robots.txt HTTP/1.1" 404 693 "-" "Mozilla/5.0 (compatible; Charlotte/1.1; http://www.searchme.com/support/)"
208.111.154.15 - - [30/Jan/2009:22:50:44 -0500] "GET /limerick/1996/naut796.html HTTP/1.1" 200 9432 "-" "Mozilla/5.0 (compatible; Charlotte/1.1; http://www.searchme.com/support/)"
66.235.124.8 - - [30/Jan/2009:22:56:23 -0500] "GET /limerick/1997/naut997.html HTTP/1.1" 200 53317 "-" "Mozilla/5.0 (compatible; Ask Jeeves/Teoma; +http://about.ask.com/en/docs/about/webmasters.shtml)"
208.111.154.15 - - [30/Jan/2009:22:58:19 -0500] "GET /robots.txt HTTP/1.1" 404 693 "-" "Mozilla/5.0 (compatible; Charlotte/1.1; http://www.searchme.com/support/)"
81.52.143.16 - - [30/Jan/2009:23:01:02 -0500] "GET /limerick/1996/nice396.html HTTP/1.1" 200 5682 "-" "Mozilla/5.0 (Windows; U; Windows NT 5.1; fr; rv:1.8.1) VoilaBot BETA 1.2 (support.voilabot@orange-ftgroup.com)"
66.235.124.8 - - [30/Jan/2009:23:04:27 -0500] "GET /limerick/1997/naut1297.html HTTP/1.1" 200 36990 "-" "Mozilla/5.0 (compatible; Ask Jeeves/Teoma; +http://about.ask.com/en/docs/about/webmasters.shtml)"
66.235.124.8 - - [30/Jan/2009:23:12:16 -0500] "GET /haiku/1998/haiku798.html HTTP/1.1" 200 74969 "-" "Mozilla/5.0 (compatible; Ask Jeeves/Teoma; +http://about.ask.com/en/docs/about/webmasters.shtml)"
74.6.21.23 - - [30/Jan/2009:23:38:49 -0500] "GET /robots.txt HTTP/1.0" 404 693 "-" "Mozilla/5.0 (compatible; Yahoo! Slurp; http://help.yahoo.com/help/us/ysearch/slurp)"
74.6.30.101 - - [30/Jan/2009:23:38:49 -0500] "GET / HTTP/1.0" 200 464 "-" "Mozilla/5.0 (compatible; Yahoo! DE Slurp; http://help.yahoo.com/help/us/ysearch/slurp)"
74.6.30.101 - - [30/Jan/2009:23:38:50 -0500] "GET /toastpointtopleft.html HTTP/1.0" 200 162 "-" "Mozilla/5.0 (compatible; Yahoo! DE Slurp; http://help.yahoo.com/help/us/ysearch/slurp)"
74.6.30.101 - - [30/Jan/2009:23:38:50 -0500] "GET /toastpointtoc.html HTTP/1.0" 200 1188 "-" "Mozilla/5.0 (compatible; Yahoo! DE Slurp; http://help.yahoo.com/help/us/ysearch/slurp)"
74.6.30.101 - - [30/Jan/2009:23:38:50 -0500] "GET /news.html HTTP/1.0" 200 17706 "-" "Mozilla/5.0 (compatible; Yahoo! DE Slurp; http://help.yahoo.com/help/us/ysearch/slurp)"
74.6.30.101 - - [30/Jan/2009:23:38:51 -0500] "GET /toastpointtopright.html HTTP/1.0" 200 151 "-" "Mozilla/5.0 (compatible; Yahoo! DE Slurp; http://help.yahoo.com/help/us/ysearch/slurp)"
74.6.30.101 - - [30/Jan/2009:23:38:51 -0500] "GET /tpnews.html HTTP/1.0" 200 8305 "-" "Mozilla/5.0 (compatible; Yahoo! DE Slurp; http://help.yahoo.com/help/us/ysearch/slurp)"
208.111.154.15 - - [30/Jan/2009:23:40:20 -0500] "GET /robots.txt HTTP/1.1" 404 693 "-" "Mozilla/5.0 (compatible; Charlotte/1.1; http://www.searchme.com/support/)"
66.235.124.8 - - [30/Jan/2009:23:56:09 -0500] "GET /haiku/haiku299.html HTTP/1.1" 200 68017 "-" "Mozilla/5.0 (compatible; Ask Jeeves/Teoma; +http://about.ask.com/en/docs/about/webmasters.shtml)"
