76.79.177.2 - - [17/Mar/2009:18:01:36 -0400] "GET /limerick/nice599.html HTTP/1.1" 200 26033 "http://www.toastpoint.com/limerick/limerick.html" "Mozilla/4.0 (compatible; MSIE 6.0; Windows NT 5.1; SV1; .NET CLR 2.0.50727; .NET CLR 3.0.04506.30)"
76.79.177.2 - - [17/Mar/2009:18:01:36 -0400] "GET /gifs/birdumb.gif HTTP/1.1" 200 4704 "http://www.toastpoint.com/limerick/nice599.html" "Mozilla/4.0 (compatible; MSIE 6.0; Windows NT 5.1; SV1; .NET CLR 2.0.50727; .NET CLR 3.0.04506.30)"
76.79.177.2 - - [17/Mar/2009:18:01:36 -0400] "GET /gifs/goldstar.jpg HTTP/1.1" 200 1854 "http://www.toastpoint.com/limerick/nice599.html" "Mozilla/4.0 (compatible; MSIE 6.0; Windows NT 5.1; SV1; .NET CLR 2.0.50727; .NET CLR 3.0.04506.30)"
74.165.132.95 - - [17/Mar/2009:18:03:38 -0400] "GET /gifs/boobies.gif HTTP/1.1" 200 11144 "http://www.toastpoint.com/limerick/naut199.html" "Mozilla/4.0 (compatible; MSIE 7.0; Windows NT 5.1; .NET CLR 1.1.4322; .NET CLR 2.0.50727)"
74.165.132.95 - - [17/Mar/2009:18:03:38 -0400] "GET /limerick/naut199.html HTTP/1.1" 200 34481 "http://www.google.com/search?hl=en&q=naughty+limerick" "Mozilla/4.0 (compatible; MSIE 7.0; Windows NT 5.1; .NET CLR 1.1.4322; .NET CLR 2.0.50727)"
74.165.132.95 - - [17/Mar/2009:18:03:39 -0400] "GET /gifs/nakedman.gif HTTP/1.1" 200 7734 "http://www.toastpoint.com/limerick/naut199.html" "Mozilla/4.0 (compatible; MSIE 7.0; Windows NT 5.1; .NET CLR 1.1.4322; .NET CLR 2.0.50727)"
74.165.132.95 - - [17/Mar/2009:18:03:39 -0400] "GET /gifs/goldstar.jpg HTTP/1.1" 200 1854 "http://www.toastpoint.com/limerick/naut199.html" "Mozilla/4.0 (compatible; MSIE 7.0; Windows NT 5.1; .NET CLR 1.1.4322; .NET CLR 2.0.50727)"
74.165.132.95 - - [17/Mar/2009:18:03:39 -0400] "GET /favicon.ico HTTP/1.1" 404 693 "-" "Mozilla/4.0 (compatible; MSIE 7.0; Windows NT 5.1; .NET CLR 1.1.4322; .NET CLR 2.0.50727)"
66.249.65.227 - - [17/Mar/2009:18:14:16 -0400] "GET /limerick/1997/naut397.html HTTP/1.1" 200 21435 "-" "SAMSUNG-SGH-E250/1.0 Profile/MIDP-2.0 Configuration/CLDC-1.1 UP.Browser/6.2.3.3.c.1.101 (GUI) MMP/2.0 (compatible; Googlebot-Mobile/2.1; +http://www.google.com/bot.html)"
72.77.122.216 - - [17/Mar/2009:18:23:09 -0400] "GET /gifs/boobies.gif HTTP/1.1" 200 11144 "http://www.toastpoint.com/limerick/naut199.html" "Mozilla/4.0 (compatible; MSIE 7.0; Windows NT 5.1; .NET CLR 1.1.4322)"
72.77.122.216 - - [17/Mar/2009:18:23:09 -0400] "GET /limerick/naut199.html HTTP/1.1" 200 34481 "http://business.verizon.net/search/web/default.aspx?search=simple&query=limerick-+'There+was+once+a+young+girl+from+Hoboken'&userip=72.77.122.216&useragent=Mozilla%2f4.0+(compatible%3b+MSIE+7.0%3b+Windows+NT+5.1%3b+.NET+CLR+1.1.4322)" "Mozilla/4.0 (compatible; MSIE 7.0; Windows NT 5.1; .NET CLR 1.1.4322)"
72.77.122.216 - - [17/Mar/2009:18:23:10 -0400] "GET /gifs/nakedman.gif HTTP/1.1" 200 7734 "http://www.toastpoint.com/limerick/naut199.html" "Mozilla/4.0 (compatible; MSIE 7.0; Windows NT 5.1; .NET CLR 1.1.4322)"
72.77.122.216 - - [17/Mar/2009:18:23:10 -0400] "GET /gifs/goldstar.jpg HTTP/1.1" 200 1854 "http://www.toastpoint.com/limerick/naut199.html" "Mozilla/4.0 (compatible; MSIE 7.0; Windows NT 5.1; .NET CLR 1.1.4322)"
72.77.122.216 - - [17/Mar/2009:18:23:10 -0400] "GET /favicon.ico HTTP/1.1" 404 693 "-" "Mozilla/4.0 (compatible; MSIE 7.0; Windows NT 5.1; .NET CLR 1.1.4322)"
124.115.1.66 - - [17/Mar/2009:18:23:34 -0400] "GET / HTTP/1.1" 200 464 "http://www.toastpoint.com/" "Mozilla/4.0 (compatible; MSIE 6.0; Windows NT 5.1)"
98.209.3.212 - - [17/Mar/2009:18:24:55 -0400] "GET /limerick/nice299.html HTTP/1.1" 200 28130 "http://www.google.com/search?hl=en&q=clean+limericks&aq=0&oq=clean+limer" "Mozilla/4.0 (compatible; MSIE 6.0; Windows NT 5.1; SV1; .NET CLR 1.1.4322; .NET CLR 2.0.50727)"
98.209.3.212 - - [17/Mar/2009:18:24:55 -0400] "GET /gifs/birdumb2.gif HTTP/1.1" 200 4698 "http://www.toastpoint.com/limerick/nice299.html" "Mozilla/4.0 (compatible; MSIE 6.0; Windows NT 5.1; SV1; .NET CLR 1.1.4322; .NET CLR 2.0.50727)"
98.209.3.212 - - [17/Mar/2009:18:24:55 -0400] "GET /gifs/birdumb.gif HTTP/1.1" 200 4704 "http://www.toastpoint.com/limerick/nice299.html" "Mozilla/4.0 (compatible; MSIE 6.0; Windows NT 5.1; SV1; .NET CLR 1.1.4322; .NET CLR 2.0.50727)"
98.209.3.212 - - [17/Mar/2009:18:24:55 -0400] "GET /gifs/goldstar.jpg HTTP/1.1" 200 1854 "http://www.toastpoint.com/limerick/nice299.html" "Mozilla/4.0 (compatible; MSIE 6.0; Windows NT 5.1; SV1; .NET CLR 1.1.4322; .NET CLR 2.0.50727)"
124.115.1.66 - - [17/Mar/2009:18:25:37 -0400] "GET /toastpointtopleft.html HTTP/1.1" 200 162 "http://www.toastpoint.com/toastpointtopleft.html" "Mozilla/4.0 (compatible; MSIE 6.0; Windows NT 5.1)"
124.115.1.66 - - [17/Mar/2009:18:25:37 -0400] "GET /toastpointtoc.html HTTP/1.1" 200 1188 "http://www.toastpoint.com/toastpointtoc.html" "Mozilla/4.0 (compatible; MSIE 6.0; Windows NT 5.1)"
124.115.1.66 - - [17/Mar/2009:18:25:38 -0400] "GET /news.html HTTP/1.1" 200 17706 "http://www.toastpoint.com/news.html" "Mozilla/4.0 (compatible; MSIE 6.0; Windows NT 5.1)"
124.115.1.66 - - [17/Mar/2009:18:25:40 -0400] "GET /toastpointtopright.html HTTP/1.1" 200 151 "http://www.toastpoint.com/toastpointtopright.html" "Mozilla/4.0 (compatible; MSIE 6.0; Windows NT 5.1)"
124.115.1.66 - - [17/Mar/2009:18:25:40 -0400] "GET /tpnews.html HTTP/1.1" 200 8305 "http://www.toastpoint.com/tpnews.html" "Mozilla/4.0 (compatible; MSIE 6.0; Windows NT 5.1)"
71.63.77.209 - - [17/Mar/2009:18:44:09 -0400] "GET /limerick/nice299.html HTTP/1.1" 200 28130 "http://www.google.com/search?hl=en&q=clean+limericks" "Mozilla/4.0 (compatible; MSIE 6.0; Windows NT 5.1; SV1; .NET CLR 1.1.4322)"
71.63.77.209 - - [17/Mar/2009:18:44:09 -0400] "GET /gifs/birdumb2.gif HTTP/1.1" 200 4698 "http://www.toastpoint.com/limerick/nice299.html" "Mozilla/4.0 (compatible; MSIE 6.0; Windows NT 5.1; SV1; .NET CLR 1.1.4322)"
71.63.77.209 - - [17/Mar/2009:18:44:09 -0400] "GET /gifs/birdumb.gif HTTP/1.1" 200 4704 "http://www.toastpoint.com/limerick/nice299.html" "Mozilla/4.0 (compatible; MSIE 6.0; Windows NT 5.1; SV1; .NET CLR 1.1.4322)"
71.63.77.209 - - [17/Mar/2009:18:44:09 -0400] "GET /gifs/goldstar.jpg HTTP/1.1" 200 1854 "http://www.toastpoint.com/limerick/nice299.html" "Mozilla/4.0 (compatible; MSIE 6.0; Windows NT 5.1; SV1; .NET CLR 1.1.4322)"
66.249.65.234 - - [17/Mar/2009:18:45:17 -0400] "GET /fiction/novels/peak4.html HTTP/1.1" 200 13115 "-" "DoCoMo/2.0 N905i(c100;TB;W24H16) (compatible; Googlebot-Mobile/2.1; +http://www.google.com/bot.html)"
66.249.65.231 - - [17/Mar/2009:18:46:13 -0400] "GET /limerick/1997/nice697.html HTTP/1.1" 200 18475 "-" "SAMSUNG-SGH-E250/1.0 Profile/MIDP-2.0 Configuration/CLDC-1.1 UP.Browser/6.2.3.3.c.1.101 (GUI) MMP/2.0 (compatible; Googlebot-Mobile/2.1; +http://www.google.com/bot.html)"
72.30.161.230 - - [17/Mar/2009:18:48:16 -0400] "GET /robots.txt HTTP/1.0" 404 693 "-" "Mozilla/5.0 (compatible; Yahoo! Slurp; http://help.yahoo.com/help/us/ysearch/slurp)"
66.249.65.241 - - [17/Mar/2009:18:53:24 -0400] "GET /robots.txt HTTP/1.1" 404 693 "-" "DoCoMo/2.0 N905i(c100;TB;W24H16) (compatible; Googlebot-Mobile/2.1; +http://www.google.com/bot.html)"
66.249.65.244 - - [17/Mar/2009:18:53:24 -0400] "GET /limerick/brady/brady1.html HTTP/1.1" 200 4493 "-" "DoCoMo/2.0 N905i(c100;TB;W24H16) (compatible; Googlebot-Mobile/2.1; +http://www.google.com/bot.html)"
70.254.0.192 - - [17/Mar/2009:18:54:53 -0400] "GET /gifs/boobies.gif HTTP/1.1" 200 11144 "http://www.toastpoint.com/limerick/naut199.html" "Mozilla/5.0 (Windows; U; Windows NT 6.0; en-US; rv:1.9.0.7) Gecko/2009021910 Firefox/3.0.7"
70.254.0.192 - - [17/Mar/2009:18:54:53 -0400] "GET /gifs/goldstar.jpg HTTP/1.1" 200 1854 "http://www.toastpoint.com/limerick/naut199.html" "Mozilla/5.0 (Windows; U; Windows NT 6.0; en-US; rv:1.9.0.7) Gecko/2009021910 Firefox/3.0.7"
70.254.0.192 - - [17/Mar/2009:18:54:53 -0400] "GET /gifs/nakedman.gif HTTP/1.1" 200 7734 "http://www.toastpoint.com/limerick/naut199.html" "Mozilla/5.0 (Windows; U; Windows NT 6.0; en-US; rv:1.9.0.7) Gecko/2009021910 Firefox/3.0.7"
70.254.0.192 - - [17/Mar/2009:18:54:53 -0400] "GET /limerick/naut199.html HTTP/1.1" 200 34481 "http://www.google.com/search?q=naughty+limericks&ie=utf-8&oe=utf-8&aq=t&rls=org.mozilla:en-US:official&client=firefox-a" "Mozilla/5.0 (Windows; U; Windows NT 6.0; en-US; rv:1.9.0.7) Gecko/2009021910 Firefox/3.0.7"
70.254.0.192 - - [17/Mar/2009:18:54:54 -0400] "GET /favicon.ico HTTP/1.1" 404 693 "-" "Mozilla/5.0 (Windows; U; Windows NT 6.0; en-US; rv:1.9.0.7) Gecko/2009021910 Firefox/3.0.7"
70.254.0.192 - - [17/Mar/2009:18:54:57 -0400] "GET /favicon.ico HTTP/1.1" 404 693 "-" "Mozilla/5.0 (Windows; U; Windows NT 6.0; en-US; rv:1.9.0.7) Gecko/2009021910 Firefox/3.0.7"
66.249.65.231 - - [17/Mar/2009:18:56:59 -0400] "GET /limerick/1997/lim1997.html HTTP/1.1" 200 1925 "-" "DoCoMo/2.0 N905i(c100;TB;W24H16) (compatible; Googlebot-Mobile/2.1; +http://www.google.com/bot.html)"
66.249.65.234 - - [17/Mar/2009:18:59:10 -0400] "GET /limerick/brady/brady98.html HTTP/1.1" 200 8297 "-" "DoCoMo/2.0 N905i(c100;TB;W24H16) (compatible; Googlebot-Mobile/2.1; +http://www.google.com/bot.html)"
71.30.8.121 - - [17/Mar/2009:19:00:05 -0400] "GET /limerick/naut199.html HTTP/1.1" 200 34481 "http://www.google.com/search?hl=en&q=naughty+limericks&aq=f&oq=" "Mozilla/4.0 (compatible; MSIE 7.0; Windows NT 6.0; WOW64; SLCC1; .NET CLR 2.0.50727; .NET CLR 3.0.04506; Media Center PC 5.0)"
71.30.8.121 - - [17/Mar/2009:19:00:05 -0400] "GET /gifs/goldstar.jpg HTTP/1.1" 200 1854 "http://www.toastpoint.com/limerick/naut199.html" "Mozilla/4.0 (compatible; MSIE 7.0; Windows NT 6.0; WOW64; SLCC1; .NET CLR 2.0.50727; .NET CLR 3.0.04506; Media Center PC 5.0)"
71.30.8.121 - - [17/Mar/2009:19:00:05 -0400] "GET /gifs/boobies.gif HTTP/1.1" 200 11144 "http://www.toastpoint.com/limerick/naut199.html" "Mozilla/4.0 (compatible; MSIE 7.0; Windows NT 6.0; WOW64; SLCC1; .NET CLR 2.0.50727; .NET CLR 3.0.04506; Media Center PC 5.0)"
71.30.8.121 - - [17/Mar/2009:19:00:05 -0400] "GET /gifs/nakedman.gif HTTP/1.1" 200 7734 "http://www.toastpoint.com/limerick/naut199.html" "Mozilla/4.0 (compatible; MSIE 7.0; Windows NT 6.0; WOW64; SLCC1; .NET CLR 2.0.50727; .NET CLR 3.0.04506; Media Center PC 5.0)"
71.30.8.121 - - [17/Mar/2009:19:00:05 -0400] "GET /favicon.ico HTTP/1.1" 404 693 "-" "Mozilla/4.0 (compatible; MSIE 7.0; Windows NT 6.0; WOW64; SLCC1; .NET CLR 2.0.50727; .NET CLR 3.0.04506; Media Center PC 5.0)"
72.44.54.73 - - [17/Mar/2009:19:11:09 -0400] "GET /robots.txt HTTP/1.0" 404 693 "-" "SimilarPages/Nutch-1.0-dev (SimilarPages Nutch Crawler; http://www.similarpages.com; info at similarpages dot com)"
72.44.54.73 - - [17/Mar/2009:19:11:09 -0400] "GET /limerick/brady/bradyfrm.html HTTP/1.0" 200 546 "-" "SimilarPages/Nutch-1.0-dev (SimilarPages Nutch Crawler; http://www.similarpages.com; info at similarpages dot com)"
72.44.54.73 - - [17/Mar/2009:19:11:15 -0400] "GET /fiction/novels/peak.html HTTP/1.0" 200 2410 "-" "SimilarPages/Nutch-1.0-dev (SimilarPages Nutch Crawler; http://www.similarpages.com; info at similarpages dot com)"
72.30.161.230 - - [17/Mar/2009:19:12:20 -0400] "GET /haiku/1998/haiku398.html HTTP/1.0" 200 47804 "-" "Mozilla/5.0 (compatible; Yahoo! Slurp/3.0; http://help.yahoo.com/help/us/ysearch/slurp)"
67.202.29.53 - - [17/Mar/2009:19:17:25 -0400] "GET /robots.txt HTTP/1.0" 404 693 "-" "SimilarPages/Nutch-1.0-dev (SimilarPages Nutch Crawler; http://www.similarpages.com; info at similarpages dot com)"
67.202.29.53 - - [17/Mar/2009:19:17:25 -0400] "GET /limerick/brady/brady99.html HTTP/1.0" 200 7546 "-" "SimilarPages/Nutch-1.0-dev (SimilarPages Nutch Crawler; http://www.similarpages.com; info at similarpages dot com)"
67.202.29.53 - - [17/Mar/2009:19:17:30 -0400] "GET /limerick/naut299.html HTTP/1.0" 200 23095 "-" "SimilarPages/Nutch-1.0-dev (SimilarPages Nutch Crawler; http://www.similarpages.com; info at similarpages dot com)"
67.202.29.53 - - [17/Mar/2009:19:17:36 -0400] "GET /limerick/nice199.html HTTP/1.0" 200 25313 "-" "SimilarPages/Nutch-1.0-dev (SimilarPages Nutch Crawler; http://www.similarpages.com; info at similarpages dot com)"
71.240.141.14 - - [17/Mar/2009:19:20:30 -0400] "GET /limerick/nice199.html HTTP/1.1" 200 25313 "http://www.google.com/search?hl=en&q=Lord+of+the+flies+limerick&btnG=Google+Search&aq=f&oq=" "Mozilla/5.0 (Macintosh; U; PPC Mac OS X 10.4; en-US; rv:1.9.0.7) Gecko/2009021906 Firefox/3.0.7"
71.240.141.14 - - [17/Mar/2009:19:20:31 -0400] "GET /gifs/goldstar.jpg HTTP/1.1" 200 1854 "http://www.toastpoint.com/limerick/nice199.html" "Mozilla/5.0 (Macintosh; U; PPC Mac OS X 10.4; en-US; rv:1.9.0.7) Gecko/2009021906 Firefox/3.0.7"
71.240.141.14 - - [17/Mar/2009:19:20:31 -0400] "GET /gifs/birdumb.gif HTTP/1.1" 200 4704 "http://www.toastpoint.com/limerick/nice199.html" "Mozilla/5.0 (Macintosh; U; PPC Mac OS X 10.4; en-US; rv:1.9.0.7) Gecko/2009021906 Firefox/3.0.7"
71.240.141.14 - - [17/Mar/2009:19:20:31 -0400] "GET /gifs/birdumb2.gif HTTP/1.1" 200 4698 "http://www.toastpoint.com/limerick/nice199.html" "Mozilla/5.0 (Macintosh; U; PPC Mac OS X 10.4; en-US; rv:1.9.0.7) Gecko/2009021906 Firefox/3.0.7"
71.240.141.14 - - [17/Mar/2009:19:20:31 -0400] "GET /favicon.ico HTTP/1.1" 404 693 "-" "Mozilla/5.0 (Macintosh; U; PPC Mac OS X 10.4; en-US; rv:1.9.0.7) Gecko/2009021906 Firefox/3.0.7"
71.240.141.14 - - [17/Mar/2009:19:20:34 -0400] "GET /favicon.ico HTTP/1.1" 404 693 "-" "Mozilla/5.0 (Macintosh; U; PPC Mac OS X 10.4; en-US; rv:1.9.0.7) Gecko/2009021906 Firefox/3.0.7"
75.49.249.100 - - [17/Mar/2009:19:22:26 -0400] "GET /gifs/boobies.gif HTTP/1.1" 200 11144 "http://www.toastpoint.com/limerick/naut199.html" "Mozilla/4.0 (compatible; MSIE 7.0; Windows NT 5.1; GTB5; .NET CLR 1.1.4322; .NET CLR 2.0.50727; .NET CLR 3.0.4506.2152; .NET CLR 3.5.30729)"
75.49.249.100 - - [17/Mar/2009:19:22:25 -0400] "GET /limerick/naut199.html HTTP/1.1" 200 34481 "http://www.google.com/search?sourceid=navclient&aq=s0&oq=naughty limer&ie=UTF-8&rlz=1T4ADBF_enUS254US254&q=naughty+limericks" "Mozilla/4.0 (compatible; MSIE 7.0; Windows NT 5.1; GTB5; .NET CLR 1.1.4322; .NET CLR 2.0.50727; .NET CLR 3.0.4506.2152; .NET CLR 3.5.30729)"
75.49.249.100 - - [17/Mar/2009:19:22:26 -0400] "GET /gifs/nakedman.gif HTTP/1.1" 200 7734 "http://www.toastpoint.com/limerick/naut199.html" "Mozilla/4.0 (compatible; MSIE 7.0; Windows NT 5.1; GTB5; .NET CLR 1.1.4322; .NET CLR 2.0.50727; .NET CLR 3.0.4506.2152; .NET CLR 3.5.30729)"
75.49.249.100 - - [17/Mar/2009:19:22:26 -0400] "GET /gifs/goldstar.jpg HTTP/1.1" 200 1854 "http://www.toastpoint.com/limerick/naut199.html" "Mozilla/4.0 (compatible; MSIE 7.0; Windows NT 5.1; GTB5; .NET CLR 1.1.4322; .NET CLR 2.0.50727; .NET CLR 3.0.4506.2152; .NET CLR 3.5.30729)"
75.49.249.100 - - [17/Mar/2009:19:22:27 -0400] "GET /favicon.ico HTTP/1.1" 404 693 "-" "Mozilla/4.0 (compatible; MSIE 7.0; Windows NT 5.1; GTB5; .NET CLR 1.1.4322; .NET CLR 2.0.50727; .NET CLR 3.0.4506.2152; .NET CLR 3.5.30729)"
67.202.29.53 - - [17/Mar/2009:19:23:21 -0400] "GET /limerick/brady/brady1.html HTTP/1.0" 200 4493 "-" "SimilarPages/Nutch-1.0-dev (SimilarPages Nutch Crawler; http://www.similarpages.com; info at similarpages dot com)"
67.202.29.53 - - [17/Mar/2009:19:23:33 -0400] "GET /limerick/naut499.html HTTP/1.0" 200 38163 "-" "SimilarPages/Nutch-1.0-dev (SimilarPages Nutch Crawler; http://www.similarpages.com; info at similarpages dot com)"
66.249.65.225 - - [17/Mar/2009:19:23:59 -0400] "GET /limerick/nice499.html HTTP/1.1" 304 - "-" "Mozilla/5.0 (compatible; Googlebot/2.1; +http://www.google.com/bot.html)"
66.249.65.232 - - [17/Mar/2009:19:24:22 -0400] "GET /limerick/1997/naut597.html HTTP/1.1" 200 22468 "-" "SAMSUNG-SGH-E250/1.0 Profile/MIDP-2.0 Configuration/CLDC-1.1 UP.Browser/6.2.3.3.c.1.101 (GUI) MMP/2.0 (compatible; Googlebot-Mobile/2.1; +http://www.google.com/bot.html)"
67.202.29.53 - - [17/Mar/2009:19:27:34 -0400] "GET /limerick/nice399.html HTTP/1.0" 200 31092 "-" "SimilarPages/Nutch-1.0-dev (SimilarPages Nutch Crawler; http://www.similarpages.com; info at similarpages dot com)"
67.202.29.53 - - [17/Mar/2009:19:29:42 -0400] "GET /limerick/brady/brady96.html HTTP/1.0" 200 6418 "-" "SimilarPages/Nutch-1.0-dev (SimilarPages Nutch Crawler; http://www.similarpages.com; info at similarpages dot com)"
67.202.29.53 - - [17/Mar/2009:19:31:57 -0400] "GET /limerick/1995/1995.html HTTP/1.0" 200 1428 "-" "SimilarPages/Nutch-1.0-dev (SimilarPages Nutch Crawler; http://www.similarpages.com; info at similarpages dot com)"
67.202.29.53 - - [17/Mar/2009:19:32:03 -0400] "GET /limerick/naut199.html HTTP/1.0" 200 34481 "-" "SimilarPages/Nutch-1.0-dev (SimilarPages Nutch Crawler; http://www.similarpages.com; info at similarpages dot com)"
67.202.29.53 - - [17/Mar/2009:19:34:23 -0400] "GET /limerick/brady/brady98.html HTTP/1.0" 200 8297 "-" "SimilarPages/Nutch-1.0-dev (SimilarPages Nutch Crawler; http://www.similarpages.com; info at similarpages dot com)"
67.202.29.53 - - [17/Mar/2009:19:36:56 -0400] "GET /limerick/nice599.html HTTP/1.0" 200 26033 "-" "SimilarPages/Nutch-1.0-dev (SimilarPages Nutch Crawler; http://www.similarpages.com; info at similarpages dot com)"
130.49.162.58 - - [17/Mar/2009:19:41:42 -0400] "GET /limerick/nice199.html HTTP/1.0" 200 25313 "http://www.google.com/search?source=ig&hl=en&rlz=&q=limerick+said+orville+to+wilbur&aq=0" "Mozilla/4.0 (compatible; MSIE 7.0; Windows NT 5.1; .NET CLR 1.1.4322; .NET CLR 2.0.50727; .NET CLR 3.0.04506.30; .NET CLR 3.0.04506.648; .NET CLR 3.0.4506.2152; .NET CLR 3.5.30729; ULS-PUBLIC; ULS-PUBLIC)"
130.49.162.58 - - [17/Mar/2009:19:41:42 -0400] "GET /gifs/birdumb2.gif HTTP/1.0" 200 4698 "http://www.toastpoint.com/limerick/nice199.html" "Mozilla/4.0 (compatible; MSIE 7.0; Windows NT 5.1; .NET CLR 1.1.4322; .NET CLR 2.0.50727; .NET CLR 3.0.04506.30; .NET CLR 3.0.04506.648; .NET CLR 3.0.4506.2152; .NET CLR 3.5.30729; ULS-PUBLIC; ULS-PUBLIC)"
130.49.162.58 - - [17/Mar/2009:19:41:42 -0400] "GET /gifs/birdumb.gif HTTP/1.0" 200 4704 "http://www.toastpoint.com/limerick/nice199.html" "Mozilla/4.0 (compatible; MSIE 7.0; Windows NT 5.1; .NET CLR 1.1.4322; .NET CLR 2.0.50727; .NET CLR 3.0.04506.30; .NET CLR 3.0.04506.648; .NET CLR 3.0.4506.2152; .NET CLR 3.5.30729; ULS-PUBLIC; ULS-PUBLIC)"
130.49.162.58 - - [17/Mar/2009:19:41:42 -0400] "GET /gifs/goldstar.jpg HTTP/1.0" 200 1854 "http://www.toastpoint.com/limerick/nice199.html" "Mozilla/4.0 (compatible; MSIE 7.0; Windows NT 5.1; .NET CLR 1.1.4322; .NET CLR 2.0.50727; .NET CLR 3.0.04506.30; .NET CLR 3.0.04506.648; .NET CLR 3.0.4506.2152; .NET CLR 3.5.30729; ULS-PUBLIC; ULS-PUBLIC)"
130.49.162.58 - - [17/Mar/2009:19:41:42 -0400] "GET /favicon.ico HTTP/1.0" 404 693 "-" "Mozilla/4.0 (compatible; MSIE 7.0; Windows NT 5.1; .NET CLR 1.1.4322; .NET CLR 2.0.50727; .NET CLR 3.0.04506.30; .NET CLR 3.0.04506.648; .NET CLR 3.0.4506.2152; .NET CLR 3.5.30729; ULS-PUBLIC; ULS-PUBLIC)"
66.235.124.8 - - [17/Mar/2009:19:41:50 -0400] "GET /fiction/fict98/fict198.html HTTP/1.1" 200 62967 "-" "Mozilla/5.0 (compatible; Ask Jeeves/Teoma; +http://about.ask.com/en/docs/about/webmasters.shtml)"
67.202.29.53 - - [17/Mar/2009:19:41:54 -0400] "GET /limerick/naut399.html HTTP/1.0" 200 38217 "-" "SimilarPages/Nutch-1.0-dev (SimilarPages Nutch Crawler; http://www.similarpages.com; info at similarpages dot com)"
66.249.65.227 - - [17/Mar/2009:19:42:27 -0400] "GET /haiku/welcome.html HTTP/1.1" 404 693 "-" "SAMSUNG-SGH-E250/1.0 Profile/MIDP-2.0 Configuration/CLDC-1.1 UP.Browser/6.2.3.3.c.1.101 (GUI) MMP/2.0 (compatible; Googlebot-Mobile/2.1; +http://www.google.com/bot.html)"
67.202.29.53 - - [17/Mar/2009:19:46:01 -0400] "GET /limerick/nice299.html HTTP/1.0" 200 28130 "-" "SimilarPages/Nutch-1.0-dev (SimilarPages Nutch Crawler; http://www.similarpages.com; info at similarpages dot com)"
72.44.54.73 - - [17/Mar/2009:19:46:04 -0400] "GET /fiction/fict499.html HTTP/1.0" 200 12868 "-" "SimilarPages/Nutch-1.0-dev (SimilarPages Nutch Crawler; http://www.similarpages.com; info at similarpages dot com)"
66.249.65.232 - - [17/Mar/2009:19:46:07 -0400] "GET /haiku/1996/haiku696.html HTTP/1.1" 200 9779 "-" "SAMSUNG-SGH-E250/1.0 Profile/MIDP-2.0 Configuration/CLDC-1.1 UP.Browser/6.2.3.3.c.1.101 (GUI) MMP/2.0 (compatible; Googlebot-Mobile/2.1; +http://www.google.com/bot.html)"
66.249.65.225 - - [17/Mar/2009:19:46:18 -0400] "GET /haiku/limerick/limerick.html HTTP/1.1" 404 693 "-" "SAMSUNG-SGH-E250/1.0 Profile/MIDP-2.0 Configuration/CLDC-1.1 UP.Browser/6.2.3.3.c.1.101 (GUI) MMP/2.0 (compatible; Googlebot-Mobile/2.1; +http://www.google.com/bot.html)"
67.202.29.53 - - [17/Mar/2009:19:48:59 -0400] "GET /limerick/1998/lim1998.html HTTP/1.0" 200 2041 "-" "SimilarPages/Nutch-1.0-dev (SimilarPages Nutch Crawler; http://www.similarpages.com; info at similarpages dot com)"
66.249.65.242 - - [17/Mar/2009:19:50:09 -0400] "GET /haiku/1996/haiku896.html HTTP/1.1" 200 20278 "-" "SAMSUNG-SGH-E250/1.0 Profile/MIDP-2.0 Configuration/CLDC-1.1 UP.Browser/6.2.3.3.c.1.101 (GUI) MMP/2.0 (compatible; Googlebot-Mobile/2.1; +http://www.google.com/bot.html)"
66.249.65.241 - - [17/Mar/2009:19:50:20 -0400] "GET /haiku/1996/haiku396.html HTTP/1.1" 200 17896 "-" "SAMSUNG-SGH-E250/1.0 Profile/MIDP-2.0 Configuration/CLDC-1.1 UP.Browser/6.2.3.3.c.1.101 (GUI) MMP/2.0 (compatible; Googlebot-Mobile/2.1; +http://www.google.com/bot.html)"
67.202.29.53 - - [17/Mar/2009:19:51:36 -0400] "GET /limerick/naut599.html HTTP/1.0" 200 21235 "-" "SimilarPages/Nutch-1.0-dev (SimilarPages Nutch Crawler; http://www.similarpages.com; info at similarpages dot com)"
67.202.29.53 - - [17/Mar/2009:19:51:39 -0400] "GET /limerick/1997/lim1997.html HTTP/1.0" 200 1925 "-" "SimilarPages/Nutch-1.0-dev (SimilarPages Nutch Crawler; http://www.similarpages.com; info at similarpages dot com)"
66.249.65.241 - - [17/Mar/2009:19:53:51 -0400] "GET /haiku/1996/haik1196.html HTTP/1.1" 200 14090 "-" "SAMSUNG-SGH-E250/1.0 Profile/MIDP-2.0 Configuration/CLDC-1.1 UP.Browser/6.2.3.3.c.1.101 (GUI) MMP/2.0 (compatible; Googlebot-Mobile/2.1; +http://www.google.com/bot.html)"
67.202.29.53 - - [17/Mar/2009:19:54:19 -0400] "GET /limerick/1996/lim1996.html HTTP/1.0" 200 2072 "-" "SimilarPages/Nutch-1.0-dev (SimilarPages Nutch Crawler; http://www.similarpages.com; info at similarpages dot com)"
67.202.29.53 - - [17/Mar/2009:19:55:22 -0400] "GET /limerick/brady/brady97.html HTTP/1.0" 200 10474 "-" "SimilarPages/Nutch-1.0-dev (SimilarPages Nutch Crawler; http://www.similarpages.com; info at similarpages dot com)"
67.202.29.53 - - [17/Mar/2009:19:55:26 -0400] "GET /limerick/nice499.html HTTP/1.0" 200 24193 "-" "SimilarPages/Nutch-1.0-dev (SimilarPages Nutch Crawler; http://www.similarpages.com; info at similarpages dot com)"
65.169.45.251 - - [17/Mar/2009:19:57:04 -0400] "GET /gifs/nakedman.gif HTTP/1.1" 200 7734 "http://www.toastpoint.com/limerick/naut199.html" "Mozilla/5.0 (Macintosh; U; PPC Mac OS X 10_4_11; en) AppleWebKit/525.27.1 (KHTML, like Gecko) Version/3.2.1 Safari/525.27.1"
65.169.45.251 - - [17/Mar/2009:19:57:04 -0400] "GET /gifs/boobies.gif HTTP/1.1" 200 11144 "http://www.toastpoint.com/limerick/naut199.html" "Mozilla/5.0 (Macintosh; U; PPC Mac OS X 10_4_11; en) AppleWebKit/525.27.1 (KHTML, like Gecko) Version/3.2.1 Safari/525.27.1"
65.169.45.251 - - [17/Mar/2009:19:57:04 -0400] "GET /limerick/naut199.html HTTP/1.1" 200 34481 "http://www.google.com/search?client=safari&rls=en&q=naughty+limericks&ie=UTF-8&oe=UTF-8" "Mozilla/5.0 (Macintosh; U; PPC Mac OS X 10_4_11; en) AppleWebKit/525.27.1 (KHTML, like Gecko) Version/3.2.1 Safari/525.27.1"
65.169.45.251 - - [17/Mar/2009:19:57:04 -0400] "GET /gifs/goldstar.jpg HTTP/1.1" 200 1854 "http://www.toastpoint.com/limerick/naut199.html" "Mozilla/5.0 (Macintosh; U; PPC Mac OS X 10_4_11; en) AppleWebKit/525.27.1 (KHTML, like Gecko) Version/3.2.1 Safari/525.27.1"
65.169.45.251 - - [17/Mar/2009:19:57:06 -0400] "GET /favicon.ico HTTP/1.1" 404 693 "http://www.toastpoint.com/limerick/naut199.html" "Mozilla/5.0 (Macintosh; U; PPC Mac OS X 10_4_11; en) AppleWebKit/525.27.1 (KHTML, like Gecko) Version/3.2.1 Safari/525.27.1"
66.249.65.228 - - [17/Mar/2009:19:57:41 -0400] "GET /haiku/1996/haiku196.html HTTP/1.1" 200 10159 "-" "SAMSUNG-SGH-E250/1.0 Profile/MIDP-2.0 Configuration/CLDC-1.1 UP.Browser/6.2.3.3.c.1.101 (GUI) MMP/2.0 (compatible; Googlebot-Mobile/2.1; +http://www.google.com/bot.html)"
66.249.65.239 - - [17/Mar/2009:20:00:59 -0400] "GET /haiku/1996/bestof96.html HTTP/1.1" 200 17138 "-" "SAMSUNG-SGH-E250/1.0 Profile/MIDP-2.0 Configuration/CLDC-1.1 UP.Browser/6.2.3.3.c.1.101 (GUI) MMP/2.0 (compatible; Googlebot-Mobile/2.1; +http://www.google.com/bot.html)"
65.169.45.251 - - [17/Mar/2009:20:01:31 -0400] "GET /limerick/naut299.html HTTP/1.1" 200 23095 "http://www.toastpoint.com/limerick/naut199.html" "Mozilla/5.0 (Macintosh; U; PPC Mac OS X 10_4_11; en) AppleWebKit/525.27.1 (KHTML, like Gecko) Version/3.2.1 Safari/525.27.1"
66.249.65.242 - - [17/Mar/2009:20:03:45 -0400] "GET /haiku/1996/haik1096.html HTTP/1.1" 404 693 "-" "SAMSUNG-SGH-E250/1.0 Profile/MIDP-2.0 Configuration/CLDC-1.1 UP.Browser/6.2.3.3.c.1.101 (GUI) MMP/2.0 (compatible; Googlebot-Mobile/2.1; +http://www.google.com/bot.html)"
66.249.65.227 - - [17/Mar/2009:20:07:48 -0400] "GET /haiku/1996/haik1296.html HTTP/1.1" 404 693 "-" "SAMSUNG-SGH-E250/1.0 Profile/MIDP-2.0 Configuration/CLDC-1.1 UP.Browser/6.2.3.3.c.1.101 (GUI) MMP/2.0 (compatible; Googlebot-Mobile/2.1; +http://www.google.com/bot.html)"
208.80.195.45 - - [17/Mar/2009:20:08:22 -0400] "GET / HTTP/1.0" 200 464 "-" "Mozilla/4.0 (compatible; MSIE 6.0; Windows NT 5.1; SV1; PrimusDSLEN; .NET CLR 1.1.4322)"
66.249.65.228 - - [17/Mar/2009:20:23:14 -0400] "GET /haiku/fiction/fiction.html HTTP/1.1" 404 693 "-" "SAMSUNG-SGH-E250/1.0 Profile/MIDP-2.0 Configuration/CLDC-1.1 UP.Browser/6.2.3.3.c.1.101 (GUI) MMP/2.0 (compatible; Googlebot-Mobile/2.1; +http://www.google.com/bot.html)"
66.249.65.228 - - [17/Mar/2009:20:26:52 -0400] "GET /haiku/1996/haiku296.html HTTP/1.1" 200 16138 "-" "SAMSUNG-SGH-E250/1.0 Profile/MIDP-2.0 Configuration/CLDC-1.1 UP.Browser/6.2.3.3.c.1.101 (GUI) MMP/2.0 (compatible; Googlebot-Mobile/2.1; +http://www.google.com/bot.html)"
66.249.65.231 - - [17/Mar/2009:20:27:03 -0400] "GET /haiku/1996/haiku996.html HTTP/1.1" 200 14845 "-" "SAMSUNG-SGH-E250/1.0 Profile/MIDP-2.0 Configuration/CLDC-1.1 UP.Browser/6.2.3.3.c.1.101 (GUI) MMP/2.0 (compatible; Googlebot-Mobile/2.1; +http://www.google.com/bot.html)"
24.123.191.157 - - [17/Mar/2009:20:28:21 -0400] "GET /gifs/boobies.gif HTTP/1.1" 200 11144 "http://www.toastpoint.com/limerick/naut199.html" "Mozilla/5.0 (Macintosh; U; Intel Mac OS X; en-US; rv:1.8.1.16) Gecko/20080702 Firefox/2.0.0.16"
24.123.191.157 - - [17/Mar/2009:20:28:21 -0400] "GET /gifs/nakedman.gif HTTP/1.1" 200 7734 "http://www.toastpoint.com/limerick/naut199.html" "Mozilla/5.0 (Macintosh; U; Intel Mac OS X; en-US; rv:1.8.1.16) Gecko/20080702 Firefox/2.0.0.16"
24.123.191.157 - - [17/Mar/2009:20:28:21 -0400] "GET /gifs/goldstar.jpg HTTP/1.1" 200 1854 "http://www.toastpoint.com/limerick/naut199.html" "Mozilla/5.0 (Macintosh; U; Intel Mac OS X; en-US; rv:1.8.1.16) Gecko/20080702 Firefox/2.0.0.16"
24.123.191.157 - - [17/Mar/2009:20:28:21 -0400] "GET /limerick/naut199.html HTTP/1.1" 200 34481 "http://www.google.com/search?hl=en&client=firefox-a&rls=org.mozilla%3Aen-US%3Aofficial&hs=AZ4&q=naughty+limericks&btnG=Search" "Mozilla/5.0 (Macintosh; U; Intel Mac OS X; en-US; rv:1.8.1.16) Gecko/20080702 Firefox/2.0.0.16"
24.123.191.157 - - [17/Mar/2009:20:28:21 -0400] "GET /favicon.ico HTTP/1.1" 404 693 "-" "Mozilla/5.0 (Macintosh; U; Intel Mac OS X; en-US; rv:1.8.1.16) Gecko/20080702 Firefox/2.0.0.16"
66.249.65.225 - - [17/Mar/2009:20:28:44 -0400] "GET /haiku/1996/haiku996.html HTTP/1.1" 200 14845 "-" "Mozilla/5.0 (compatible; Googlebot/2.1; +http://www.google.com/bot.html)"
66.249.65.233 - - [17/Mar/2009:20:30:55 -0400] "GET /haiku/1996/haiku596.html HTTP/1.1" 200 9379 "-" "SAMSUNG-SGH-E250/1.0 Profile/MIDP-2.0 Configuration/CLDC-1.1 UP.Browser/6.2.3.3.c.1.101 (GUI) MMP/2.0 (compatible; Googlebot-Mobile/2.1; +http://www.google.com/bot.html)"
72.208.184.190 - - [17/Mar/2009:20:37:25 -0400] "GET /gifs/boobies.gif HTTP/1.1" 200 11144 "http://www.toastpoint.com/limerick/naut199.html" "Mozilla/5.0 (Windows; U; Windows NT 5.1; en-US; rv:1.9.0.7) Gecko/2009021910 Firefox/3.0.7"
72.208.184.190 - - [17/Mar/2009:20:37:25 -0400] "GET /gifs/nakedman.gif HTTP/1.1" 200 7734 "http://www.toastpoint.com/limerick/naut199.html" "Mozilla/5.0 (Windows; U; Windows NT 5.1; en-US; rv:1.9.0.7) Gecko/2009021910 Firefox/3.0.7"
72.208.184.190 - - [17/Mar/2009:20:37:25 -0400] "GET /gifs/goldstar.jpg HTTP/1.1" 200 1854 "http://www.toastpoint.com/limerick/naut199.html" "Mozilla/5.0 (Windows; U; Windows NT 5.1; en-US; rv:1.9.0.7) Gecko/2009021910 Firefox/3.0.7"
72.208.184.190 - - [17/Mar/2009:20:37:24 -0400] "GET /limerick/naut199.html HTTP/1.1" 200 34481 "http://www.google.com/search?q=naughty+limericks&btnG=Search&hl=en&client=firefox-a&rls=org.mozilla%3Aen-US%3Aofficial&sa=2" "Mozilla/5.0 (Windows; U; Windows NT 5.1; en-US; rv:1.9.0.7) Gecko/2009021910 Firefox/3.0.7"
72.208.184.190 - - [17/Mar/2009:20:37:28 -0400] "GET /favicon.ico HTTP/1.1" 404 693 "-" "Mozilla/5.0 (Windows; U; Windows NT 5.1; en-US; rv:1.9.0.7) Gecko/2009021910 Firefox/3.0.7"
72.208.184.190 - - [17/Mar/2009:20:37:31 -0400] "GET /favicon.ico HTTP/1.1" 404 693 "-" "Mozilla/5.0 (Windows; U; Windows NT 5.1; en-US; rv:1.9.0.7) Gecko/2009021910 Firefox/3.0.7"
66.249.65.244 - - [17/Mar/2009:20:39:36 -0400] "GET /haiku/1996/haiku496.html HTTP/1.1" 200 19025 "-" "SAMSUNG-SGH-E250/1.0 Profile/MIDP-2.0 Configuration/CLDC-1.1 UP.Browser/6.2.3.3.c.1.101 (GUI) MMP/2.0 (compatible; Googlebot-Mobile/2.1; +http://www.google.com/bot.html)"
66.249.65.241 - - [17/Mar/2009:20:41:55 -0400] "GET /haiku/1996/haiku796.html HTTP/1.1" 200 14361 "-" "SAMSUNG-SGH-E250/1.0 Profile/MIDP-2.0 Configuration/CLDC-1.1 UP.Browser/6.2.3.3.c.1.101 (GUI) MMP/2.0 (compatible; Googlebot-Mobile/2.1; +http://www.google.com/bot.html)"
208.114.97.50 - - [17/Mar/2009:20:50:04 -0400] "GET /limerick/1995/nautnov.html HTTP/1.1" 200 13933 "http://www.canadaspace.com/bnkg.php?q=Naughty+Limericks" "Mozilla/4.0 (compatible; MSIE 7.0; Windows NT 6.0; GTB5; SLCC1; .NET CLR 2.0.50727; Media Center PC 5.0; .NET CLR 3.0.04506)"
208.114.97.50 - - [17/Mar/2009:20:50:05 -0400] "GET /gifs/goldstar.jpg HTTP/1.1" 200 1854 "http://www.toastpoint.com/limerick/1995/nautnov.html" "Mozilla/4.0 (compatible; MSIE 7.0; Windows NT 6.0; GTB5; SLCC1; .NET CLR 2.0.50727; Media Center PC 5.0; .NET CLR 3.0.04506)"
208.114.97.50 - - [17/Mar/2009:20:50:06 -0400] "GET /favicon.ico HTTP/1.1" 404 693 "-" "Mozilla/4.0 (compatible; MSIE 7.0; Windows NT 6.0; GTB5; SLCC1; .NET CLR 2.0.50727; Media Center PC 5.0; .NET CLR 3.0.04506)"
75.101.220.123 - - [17/Mar/2009:21:03:31 -0400] "GET / HTTP/1.0" 200 464 "http://www.acrometalmfg.com/" "Mozilla/4.0 (compatible; MSIE 6.0; Windows NT 5.1)"
66.102.186.10 - - [17/Mar/2009:21:20:32 -0400] "GET /limerick/naut199.html HTTP/1.1" 200 34481 "http://www.google.com/m?eosr=on&sa=X&oi=spell&ct=res&cd=1&q=naughty+limerick" "SAMSUNG-SGH-I617/1.0 Mozilla/4.0 (compatible; MSIE 6.0; Windows CE; IEMobile 7.6) UP.Link/6.3.0.0.0"
66.102.186.18 - - [17/Mar/2009:21:20:36 -0400] "GET /gifs/nakedman.gif HTTP/1.1" 200 7734 "http://www.toastpoint.com/limerick/naut199.html" "SAMSUNG-SGH-I617/1.0 Mozilla/4.0 (compatible; MSIE 6.0; Windows CE; IEMobile 7.6) UP.Link/6.3.0.0.0"
66.102.186.12 - - [17/Mar/2009:21:20:42 -0400] "GET /gifs/boobies.gif HTTP/1.1" 200 11144 "http://www.toastpoint.com/limerick/naut199.html" "SAMSUNG-SGH-I617/1.0 Mozilla/4.0 (compatible; MSIE 6.0; Windows CE; IEMobile 7.6) UP.Link/6.3.0.0.0"
66.102.186.21 - - [17/Mar/2009:21:20:43 -0400] "GET /gifs/goldstar.jpg HTTP/1.1" 200 1854 "http://www.toastpoint.com/limerick/naut199.html" "SAMSUNG-SGH-I617/1.0 Mozilla/4.0 (compatible; MSIE 6.0; Windows CE; IEMobile 7.6) UP.Link/6.3.0.0.0"
204.14.243.154 - - [17/Mar/2009:21:24:00 -0400] "GET /gifs/boobies.gif HTTP/1.1" 200 11144 "http://www.toastpoint.com/limerick/naut199.html" "Mozilla/4.0 (compatible; MSIE 7.0; Windows NT 5.1; .NET CLR 1.1.4322; .NET CLR 2.0.50727; .NET CLR 3.0.04506.30; InfoPath.1)"
204.14.243.154 - - [17/Mar/2009:21:24:00 -0400] "GET /limerick/naut199.html HTTP/1.1" 200 34481 "http://www.google.com/search?q=naughty+limicks&rls=com.microsoft:en-us:IE-SearchBox&ie=UTF-8&oe=UTF-8&sourceid=ie7&rlz=1I7ADBF" "Mozilla/4.0 (compatible; MSIE 7.0; Windows NT 5.1; .NET CLR 1.1.4322; .NET CLR 2.0.50727; .NET CLR 3.0.04506.30; InfoPath.1)"
204.14.243.154 - - [17/Mar/2009:21:24:01 -0400] "GET /gifs/nakedman.gif HTTP/1.1" 200 7734 "http://www.toastpoint.com/limerick/naut199.html" "Mozilla/4.0 (compatible; MSIE 7.0; Windows NT 5.1; .NET CLR 1.1.4322; .NET CLR 2.0.50727; .NET CLR 3.0.04506.30; InfoPath.1)"
204.14.243.154 - - [17/Mar/2009:21:24:01 -0400] "GET /gifs/goldstar.jpg HTTP/1.1" 200 1854 "http://www.toastpoint.com/limerick/naut199.html" "Mozilla/4.0 (compatible; MSIE 7.0; Windows NT 5.1; .NET CLR 1.1.4322; .NET CLR 2.0.50727; .NET CLR 3.0.04506.30; InfoPath.1)"
204.14.243.154 - - [17/Mar/2009:21:24:01 -0400] "GET /favicon.ico HTTP/1.1" 404 693 "-" "Mozilla/4.0 (compatible; MSIE 7.0; Windows NT 5.1; .NET CLR 1.1.4322; .NET CLR 2.0.50727; .NET CLR 3.0.04506.30; InfoPath.1)"
208.115.138.254 - - [17/Mar/2009:21:27:56 -0400] "GET /limerick/brady/brady98.html HTTP/1.1" 200 8297 "-" "Mozilla/4.0"
70.181.12.158 - - [17/Mar/2009:21:39:57 -0400] "GET /limerick/nice299.html HTTP/1.1" 200 28130 "http://www.google.com/search?client=safari&rls=en-us&q=clean+limerick&ie=UTF-8&oe=UTF-8" "Mozilla/5.0 (Macintosh; U; Intel Mac OS X 10_5_6; en-us) AppleWebKit/525.27.1 (KHTML, like Gecko) Version/3.2.1 Safari/525.27.1"
70.181.12.158 - - [17/Mar/2009:21:39:58 -0400] "GET /gifs/birdumb.gif HTTP/1.1" 200 4704 "http://www.toastpoint.com/limerick/nice299.html" "Mozilla/5.0 (Macintosh; U; Intel Mac OS X 10_5_6; en-us) AppleWebKit/525.27.1 (KHTML, like Gecko) Version/3.2.1 Safari/525.27.1"
70.181.12.158 - - [17/Mar/2009:21:39:58 -0400] "GET /gifs/goldstar.jpg HTTP/1.1" 200 1854 "http://www.toastpoint.com/limerick/nice299.html" "Mozilla/5.0 (Macintosh; U; Intel Mac OS X 10_5_6; en-us) AppleWebKit/525.27.1 (KHTML, like Gecko) Version/3.2.1 Safari/525.27.1"
70.181.12.158 - - [17/Mar/2009:21:39:58 -0400] "GET /gifs/birdumb2.gif HTTP/1.1" 200 4698 "http://www.toastpoint.com/limerick/nice299.html" "Mozilla/5.0 (Macintosh; U; Intel Mac OS X 10_5_6; en-us) AppleWebKit/525.27.1 (KHTML, like Gecko) Version/3.2.1 Safari/525.27.1"
70.181.12.158 - - [17/Mar/2009:21:39:58 -0400] "GET /favicon.ico HTTP/1.1" 404 693 "http://www.toastpoint.com/limerick/nice299.html" "Mozilla/5.0 (Macintosh; U; Intel Mac OS X 10_5_6; en-us) AppleWebKit/525.27.1 (KHTML, like Gecko) Version/3.2.1 Safari/525.27.1"
193.252.149.16 - - [17/Mar/2009:21:56:29 -0400] "GET /limerick/limerick.html HTTP/1.1" 200 2613 "-" "Mozilla/5.0 (Windows; U; Windows NT 5.1; fr; rv:1.8.1) VoilaBot BETA 1.2 (support.voilabot@orange-ftgroup.com)"
71.199.231.50 - - [17/Mar/2009:21:59:56 -0400] "GET /limerick/nice299.html HTTP/1.1" 200 28130 "http://www.google.com/search?q=clean+limericks&rls=com.microsoft:*:IE-SearchBox&ie=UTF-8&oe=UTF-8&sourceid=ie7&rlz=1I7RNWN" "Mozilla/4.0 (compatible; MSIE 7.0; Windows NT 5.1; FunWebProducts; .NET CLR 1.1.4322; .NET CLR 2.0.50727; .NET CLR 3.0.04506.30; IEMB3; InfoPath.2; IEMB3)"
71.199.231.50 - - [17/Mar/2009:21:59:56 -0400] "GET /gifs/birdumb2.gif HTTP/1.1" 200 4698 "http://www.toastpoint.com/limerick/nice299.html" "Mozilla/4.0 (compatible; MSIE 7.0; Windows NT 5.1; FunWebProducts; .NET CLR 1.1.4322; .NET CLR 2.0.50727; .NET CLR 3.0.04506.30; IEMB3; InfoPath.2; IEMB3)"
71.199.231.50 - - [17/Mar/2009:21:59:56 -0400] "GET /gifs/goldstar.jpg HTTP/1.1" 200 1854 "http://www.toastpoint.com/limerick/nice299.html" "Mozilla/4.0 (compatible; MSIE 7.0; Windows NT 5.1; FunWebProducts; .NET CLR 1.1.4322; .NET CLR 2.0.50727; .NET CLR 3.0.04506.30; IEMB3; InfoPath.2; IEMB3)"
71.199.231.50 - - [17/Mar/2009:21:59:56 -0400] "GET /gifs/birdumb.gif HTTP/1.1" 200 4704 "http://www.toastpoint.com/limerick/nice299.html" "Mozilla/4.0 (compatible; MSIE 7.0; Windows NT 5.1; FunWebProducts; .NET CLR 1.1.4322; .NET CLR 2.0.50727; .NET CLR 3.0.04506.30; IEMB3; InfoPath.2; IEMB3)"
71.199.231.50 - - [17/Mar/2009:21:59:59 -0400] "GET /favicon.ico HTTP/1.1" 404 693 "-" "Mozilla/4.0 (compatible; MSIE 7.0; Windows NT 5.1; FunWebProducts; .NET CLR 1.1.4322; .NET CLR 2.0.50727; .NET CLR 3.0.04506.30; IEMB3; InfoPath.2; IEMB3)"
71.178.133.177 - - [17/Mar/2009:22:04:11 -0400] "GET /limerick/naut199.html HTTP/1.1" 200 34481 "-" "Mozilla/5.0 (Windows; U; Windows NT 5.1; en-US; rv:1.9.0.7) Gecko/2009021910 Firefox/3.0.7"
71.178.133.177 - - [17/Mar/2009:22:04:12 -0400] "GET /gifs/boobies.gif HTTP/1.1" 200 11144 "http://www.toastpoint.com/limerick/naut199.html" "Mozilla/5.0 (Windows; U; Windows NT 5.1; en-US; rv:1.9.0.7) Gecko/2009021910 Firefox/3.0.7"
71.178.133.177 - - [17/Mar/2009:22:04:12 -0400] "GET /gifs/nakedman.gif HTTP/1.1" 200 7734 "http://www.toastpoint.com/limerick/naut199.html" "Mozilla/5.0 (Windows; U; Windows NT 5.1; en-US; rv:1.9.0.7) Gecko/2009021910 Firefox/3.0.7"
71.178.133.177 - - [17/Mar/2009:22:04:12 -0400] "GET /gifs/goldstar.jpg HTTP/1.1" 200 1854 "http://www.toastpoint.com/limerick/naut199.html" "Mozilla/5.0 (Windows; U; Windows NT 5.1; en-US; rv:1.9.0.7) Gecko/2009021910 Firefox/3.0.7"
71.178.133.177 - - [17/Mar/2009:22:04:17 -0400] "GET /favicon.ico HTTP/1.1" 404 693 "-" "Mozilla/5.0 (Windows; U; Windows NT 5.1; en-US; rv:1.9.0.7) Gecko/2009021910 Firefox/3.0.7"
71.178.133.177 - - [17/Mar/2009:22:04:21 -0400] "GET /favicon.ico HTTP/1.1" 404 693 "-" "Mozilla/5.0 (Windows; U; Windows NT 5.1; en-US; rv:1.9.0.7) Gecko/2009021910 Firefox/3.0.7"
71.110.67.224 - - [17/Mar/2009:22:17:24 -0400] "GET /gifs/boobies.gif HTTP/1.1" 200 11144 "http://006a13a.netsolhost.com/limerick/naut199.html" "Mozilla/4.0 (compatible; MSIE 7.0; Windows NT 5.1; GTB5)"
71.110.67.224 - - [17/Mar/2009:22:17:24 -0400] "GET /limerick/naut199.html HTTP/1.1" 200 34481 "http://search.live.com/results.aspx?go=Search&q=nuaghty%20%22rocket%22%20limerick&form=SOLTLB" "Mozilla/4.0 (compatible; MSIE 7.0; Windows NT 5.1; GTB5)"
71.110.67.224 - - [17/Mar/2009:22:17:25 -0400] "GET /gifs/nakedman.gif HTTP/1.1" 200 7734 "http://006a13a.netsolhost.com/limerick/naut199.html" "Mozilla/4.0 (compatible; MSIE 7.0; Windows NT 5.1; GTB5)"
71.110.67.224 - - [17/Mar/2009:22:17:25 -0400] "GET /gifs/goldstar.jpg HTTP/1.1" 200 1854 "http://006a13a.netsolhost.com/limerick/naut199.html" "Mozilla/4.0 (compatible; MSIE 7.0; Windows NT 5.1; GTB5)"
71.110.67.224 - - [17/Mar/2009:22:17:25 -0400] "GET /favicon.ico HTTP/1.1" 404 693 "-" "Mozilla/4.0 (compatible; MSIE 7.0; Windows NT 5.1; GTB5)"
66.249.65.229 - - [17/Mar/2009:22:23:05 -0400] "GET /fiction/fict98/fict1298.html HTTP/1.1" 200 38294 "-" "DoCoMo/2.0 N905i(c100;TB;W24H16) (compatible; Googlebot-Mobile/2.1; +http://www.google.com/bot.html)"
193.252.149.15 - - [17/Mar/2009:22:31:27 -0400] "GET /fiction/fict499.html HTTP/1.1" 200 12868 "-" "Mozilla/5.0 (Windows; U; Windows NT 5.1; fr; rv:1.8.1) VoilaBot BETA 1.2 (support.voilabot@orange-ftgroup.com)"
66.249.65.231 - - [17/Mar/2009:22:34:46 -0400] "GET /fiction/fict98/fict1098.html HTTP/1.1" 200 61601 "-" "DoCoMo/2.0 N905i(c100;TB;W24H16) (compatible; Googlebot-Mobile/2.1; +http://www.google.com/bot.html)"
66.249.65.232 - - [17/Mar/2009:22:39:43 -0400] "GET /limerick/1997/nice197.html HTTP/1.1" 200 17698 "-" "SAMSUNG-SGH-E250/1.0 Profile/MIDP-2.0 Configuration/CLDC-1.1 UP.Browser/6.2.3.3.c.1.101 (GUI) MMP/2.0 (compatible; Googlebot-Mobile/2.1; +http://www.google.com/bot.html)"
67.188.112.28 - - [17/Mar/2009:22:39:56 -0400] "GET /limerick/nice199.html HTTP/1.1" 200 25313 "http://www.google.com/search?client=safari&rls=en-us&q=clean+giant+limericks&ie=UTF-8&oe=UTF-8" "Mozilla/5.0 (Macintosh; U; Intel Mac OS X 10_5_6; en-us) AppleWebKit/525.27.1 (KHTML, like Gecko) Version/3.2.1 Safari/525.27.1"
67.188.112.28 - - [17/Mar/2009:22:39:56 -0400] "GET /gifs/birdumb.gif HTTP/1.1" 200 4704 "http://www.toastpoint.com/limerick/nice199.html" "Mozilla/5.0 (Macintosh; U; Intel Mac OS X 10_5_6; en-us) AppleWebKit/525.27.1 (KHTML, like Gecko) Version/3.2.1 Safari/525.27.1"
67.188.112.28 - - [17/Mar/2009:22:39:56 -0400] "GET /gifs/birdumb2.gif HTTP/1.1" 200 4698 "http://www.toastpoint.com/limerick/nice199.html" "Mozilla/5.0 (Macintosh; U; Intel Mac OS X 10_5_6; en-us) AppleWebKit/525.27.1 (KHTML, like Gecko) Version/3.2.1 Safari/525.27.1"
67.188.112.28 - - [17/Mar/2009:22:39:56 -0400] "GET /gifs/goldstar.jpg HTTP/1.1" 200 1854 "http://www.toastpoint.com/limerick/nice199.html" "Mozilla/5.0 (Macintosh; U; Intel Mac OS X 10_5_6; en-us) AppleWebKit/525.27.1 (KHTML, like Gecko) Version/3.2.1 Safari/525.27.1"
67.188.112.28 - - [17/Mar/2009:22:39:56 -0400] "GET /favicon.ico HTTP/1.1" 404 693 "http://www.toastpoint.com/limerick/nice199.html" "Mozilla/5.0 (Macintosh; U; Intel Mac OS X 10_5_6; en-us) AppleWebKit/525.27.1 (KHTML, like Gecko) Version/3.2.1 Safari/525.27.1"
24.59.58.80 - - [17/Mar/2009:22:53:03 -0400] "GET /haiku/1997/haiku397.html HTTP/1.1" 200 42491 "http://www.google.com/search?q=Mad+Austrian+and+haiku&ie=utf-8&oe=utf-8&aq=t&rls=org.mozilla:en-US:official&client=firefox-a" "Mozilla/5.0 (Windows; U; Windows NT 5.1; en-US; rv:1.9.0.7) Gecko/2009021910 Firefox/3.0.7"
24.59.58.80 - - [17/Mar/2009:22:53:03 -0400] "GET /haiku/1997/haiku397.html HTTP/1.1" 200 42491 "http://www.google.com/search?q=Mad+Austrian+and+haiku&ie=utf-8&oe=utf-8&aq=t&rls=org.mozilla:en-US:official&client=firefox-a" "Mozilla/5.0 (Windows; U; Windows NT 5.1; en-US; rv:1.9.0.7) Gecko/2009021910 Firefox/3.0.7"
24.59.58.80 - - [17/Mar/2009:22:53:04 -0400] "GET /gifs/japan.gif HTTP/1.1" 200 5737 "-" "Mozilla/5.0 (Windows; U; Windows NT 5.1; en-US; rv:1.9.0.7) Gecko/2009021910 Firefox/3.0.7"
24.59.58.80 - - [17/Mar/2009:22:53:04 -0400] "GET /gifs/goldstar.jpg HTTP/1.1" 200 1854 "-" "Mozilla/5.0 (Windows; U; Windows NT 5.1; en-US; rv:1.9.0.7) Gecko/2009021910 Firefox/3.0.7"
24.59.58.80 - - [17/Mar/2009:22:53:06 -0400] "GET /favicon.ico HTTP/1.1" 404 693 "-" "Mozilla/5.0 (Windows; U; Windows NT 5.1; en-US; rv:1.9.0.7) Gecko/2009021910 Firefox/3.0.7"
24.59.58.80 - - [17/Mar/2009:22:53:09 -0400] "GET /favicon.ico HTTP/1.1" 404 693 "-" "Mozilla/5.0 (Windows; U; Windows NT 5.1; en-US; rv:1.9.0.7) Gecko/2009021910 Firefox/3.0.7"
165.166.69.60 - - [17/Mar/2009:23:03:48 -0400] "GET /limerick/1997/nice1197.html HTTP/1.1" 200 19541 "http://www.google.com/search?hl=en&q=limericks+for+november" "Mozilla/4.0 (compatible; MSIE 7.0; Windows NT 5.1; YComp 5.0.0.0; .NET CLR 1.0.3705; IEMB3; .NET CLR 2.0.50727; IEMB3)"
165.166.69.60 - - [17/Mar/2009:23:03:49 -0400] "GET /gifs/birdumb2.gif HTTP/1.1" 200 4698 "http://www.toastpoint.com/limerick/1997/nice1197.html" "Mozilla/4.0 (compatible; MSIE 7.0; Windows NT 5.1; YComp 5.0.0.0; .NET CLR 1.0.3705; IEMB3; .NET CLR 2.0.50727; IEMB3)"
165.166.69.60 - - [17/Mar/2009:23:03:49 -0400] "GET /gifs/birdumb.gif HTTP/1.1" 200 4704 "http://www.toastpoint.com/limerick/1997/nice1197.html" "Mozilla/4.0 (compatible; MSIE 7.0; Windows NT 5.1; YComp 5.0.0.0; .NET CLR 1.0.3705; IEMB3; .NET CLR 2.0.50727; IEMB3)"
165.166.69.60 - - [17/Mar/2009:23:03:49 -0400] "GET /gifs/goldstar.jpg HTTP/1.1" 200 1854 "http://www.toastpoint.com/limerick/1997/nice1197.html" "Mozilla/4.0 (compatible; MSIE 7.0; Windows NT 5.1; YComp 5.0.0.0; .NET CLR 1.0.3705; IEMB3; .NET CLR 2.0.50727; IEMB3)"
165.166.69.60 - - [17/Mar/2009:23:03:50 -0400] "GET /favicon.ico HTTP/1.1" 404 693 "-" "Mozilla/4.0 (compatible; MSIE 7.0; Windows NT 5.1; YComp 5.0.0.0; .NET CLR 1.0.3705; IEMB3; .NET CLR 2.0.50727; IEMB3)"
66.249.65.240 - - [17/Mar/2009:23:32:48 -0400] "GET /limerick/1997/nice197.html HTTP/1.1" 200 17698 "-" "DoCoMo/2.0 N905i(c100;TB;W24H16) (compatible; Googlebot-Mobile/2.1; +http://www.google.com/bot.html)"
66.235.124.104 - - [17/Mar/2009:23:35:19 -0400] "GET /robots.txt HTTP/1.1" 404 693 "-" "Mozilla/5.0 (compatible; Ask Jeeves/Teoma; +http://about.ask.com/en/docs/about/webmasters.shtml)"
66.235.124.104 - - [17/Mar/2009:23:35:24 -0400] "GET /fiction/fict98/fict198.html HTTP/1.1" 304 - "-" "Mozilla/5.0 (compatible; Ask Jeeves/Teoma; +http://about.ask.com/en/docs/about/webmasters.shtml)"
61.247.221.86 - - [17/Mar/2009:23:41:10 -0400] "GET /robots.txt HTTP/1.1" 404 693 "-" "Mozilla/4.0 (compatible; NaverBot/1.0; http://help.naver.com/customer_webtxt_02.jsp)"
61.247.221.86 - - [17/Mar/2009:23:41:10 -0400] "GET / HTTP/1.1" 200 464 "-" "Mozilla/4.0 (compatible; NaverBot/1.0; http://help.naver.com/customer_webtxt_02.jsp)"
24.131.57.179 - - [17/Mar/2009:23:53:54 -0400] "GET /limerick/naut199.html HTTP/1.1" 200 34481 "http://www.google.com/search?q=naughty+limericks&sourceid=navclient-ff&ie=UTF-8&rlz=1B3GGGL_enUS302US302" "Mozilla/5.0 (Windows; U; Windows NT 6.0; en-US; rv:1.9.0.7) Gecko/2009021910 Firefox/3.0.7 (.NET CLR 3.5.30729)"
24.131.57.179 - - [17/Mar/2009:23:53:55 -0400] "GET /gifs/boobies.gif HTTP/1.1" 200 11144 "http://www.toastpoint.com/limerick/naut199.html" "Mozilla/5.0 (Windows; U; Windows NT 6.0; en-US; rv:1.9.0.7) Gecko/2009021910 Firefox/3.0.7 (.NET CLR 3.5.30729)"
24.131.57.179 - - [17/Mar/2009:23:53:55 -0400] "GET /gifs/goldstar.jpg HTTP/1.1" 200 1854 "http://www.toastpoint.com/limerick/naut199.html" "Mozilla/5.0 (Windows; U; Windows NT 6.0; en-US; rv:1.9.0.7) Gecko/2009021910 Firefox/3.0.7 (.NET CLR 3.5.30729)"
24.131.57.179 - - [17/Mar/2009:23:53:55 -0400] "GET /gifs/nakedman.gif HTTP/1.1" 200 7734 "http://www.toastpoint.com/limerick/naut199.html" "Mozilla/5.0 (Windows; U; Windows NT 6.0; en-US; rv:1.9.0.7) Gecko/2009021910 Firefox/3.0.7 (.NET CLR 3.5.30729)"
24.131.57.179 - - [17/Mar/2009:23:53:55 -0400] "GET /favicon.ico HTTP/1.1" 404 693 "-" "Mozilla/5.0 (Windows; U; Windows NT 6.0; en-US; rv:1.9.0.7) Gecko/2009021910 Firefox/3.0.7 (.NET CLR 3.5.30729)"
24.131.57.179 - - [17/Mar/2009:23:53:58 -0400] "GET /favicon.ico HTTP/1.1" 404 693 "-" "Mozilla/5.0 (Windows; U; Windows NT 6.0; en-US; rv:1.9.0.7) Gecko/2009021910 Firefox/3.0.7 (.NET CLR 3.5.30729)"
72.30.142.126 - - [17/Mar/2009:23:57:40 -0400] "GET /robots.txt HTTP/1.0" 404 693 "-" "Mozilla/5.0 (compatible; Yahoo! Slurp; http://help.yahoo.com/help/us/ysearch/slurp)"
66.249.65.242 - - [17/Mar/2009:23:58:45 -0400] "GET /fiction/novels/peak3.html HTTP/1.1" 200 6906 "-" "DoCoMo/2.0 N905i(c100;TB;W24H16) (compatible; Googlebot-Mobile/2.1; +http://www.google.com/bot.html)"
