69.139.68.32 - - [27/Dec/2008:00:24:38 -0500] "GET /favicon.ico HTTP/1.1" 404 693 "-" "Mozilla/4.0 (compatible; MSIE 7.0; Windows NT 6.0; SLCC1; .NET CLR 2.0.50727; Media Center PC 5.0; .NET CLR 3.0.04506; .NET CLR 1.1.4322)"
69.139.68.32 - - [27/Dec/2008:00:24:38 -0500] "GET / HTTP/1.1" 200 464 "-" "Mozilla/4.0 (compatible; MSIE 7.0; Windows NT 6.0; SLCC1; .NET CLR 2.0.50727; Media Center PC 5.0; .NET CLR 3.0.04506; .NET CLR 1.1.4322)"
69.139.68.32 - - [27/Dec/2008:00:24:38 -0500] "GET /toastpointtopleft.html HTTP/1.1" 200 162 "http://toastpoint.com/" "Mozilla/4.0 (compatible; MSIE 7.0; Windows NT 6.0; SLCC1; .NET CLR 2.0.50727; Media Center PC 5.0; .NET CLR 3.0.04506; .NET CLR 1.1.4322)"
69.139.68.32 - - [27/Dec/2008:00:24:38 -0500] "GET /tpnews.html HTTP/1.1" 200 8305 "http://toastpoint.com/" "Mozilla/4.0 (compatible; MSIE 7.0; Windows NT 6.0; SLCC1; .NET CLR 2.0.50727; Media Center PC 5.0; .NET CLR 3.0.04506; .NET CLR 1.1.4322)"
69.139.68.32 - - [27/Dec/2008:00:24:38 -0500] "GET /toastpointtoc.html HTTP/1.1" 200 1188 "http://toastpoint.com/" "Mozilla/4.0 (compatible; MSIE 7.0; Windows NT 6.0; SLCC1; .NET CLR 2.0.50727; Media Center PC 5.0; .NET CLR 3.0.04506; .NET CLR 1.1.4322)"
69.139.68.32 - - [27/Dec/2008:00:24:38 -0500] "GET /news.html HTTP/1.1" 200 17706 "http://toastpoint.com/" "Mozilla/4.0 (compatible; MSIE 7.0; Windows NT 6.0; SLCC1; .NET CLR 2.0.50727; Media Center PC 5.0; .NET CLR 3.0.04506; .NET CLR 1.1.4322)"
69.139.68.32 - - [27/Dec/2008:00:24:38 -0500] "GET /toastpointtopright.html HTTP/1.1" 200 151 "http://toastpoint.com/" "Mozilla/4.0 (compatible; MSIE 7.0; Windows NT 6.0; SLCC1; .NET CLR 2.0.50727; Media Center PC 5.0; .NET CLR 3.0.04506; .NET CLR 1.1.4322)"
69.139.68.32 - - [27/Dec/2008:00:24:38 -0500] "GET /gifs/tpwinter20089.jpg HTTP/1.1" 200 28088 "http://toastpoint.com/news.html" "Mozilla/4.0 (compatible; MSIE 7.0; Windows NT 6.0; SLCC1; .NET CLR 2.0.50727; Media Center PC 5.0; .NET CLR 3.0.04506; .NET CLR 1.1.4322)"
69.139.68.32 - - [27/Dec/2008:00:26:55 -0500] "GET /bio.html HTTP/1.1" 200 7868 "http://toastpoint.com/toastpointtoc.html" "Mozilla/4.0 (compatible; MSIE 7.0; Windows NT 6.0; SLCC1; .NET CLR 2.0.50727; Media Center PC 5.0; .NET CLR 3.0.04506; .NET CLR 1.1.4322)"
69.139.68.32 - - [27/Dec/2008:00:26:55 -0500] "GET /gifs/samp.jpg HTTP/1.1" 200 2907 "http://toastpoint.com/bio.html" "Mozilla/4.0 (compatible; MSIE 7.0; Windows NT 6.0; SLCC1; .NET CLR 2.0.50727; Media Center PC 5.0; .NET CLR 3.0.04506; .NET CLR 1.1.4322)"
69.139.68.32 - - [27/Dec/2008:00:26:55 -0500] "GET /gifs/mom&dad.jpg HTTP/1.1" 200 6709 "http://toastpoint.com/bio.html" "Mozilla/4.0 (compatible; MSIE 7.0; Windows NT 6.0; SLCC1; .NET CLR 2.0.50727; Media Center PC 5.0; .NET CLR 3.0.04506; .NET CLR 1.1.4322)"
69.139.68.32 - - [27/Dec/2008:00:26:55 -0500] "GET /gifs/eric.jpg HTTP/1.1" 200 19411 "http://toastpoint.com/bio.html" "Mozilla/4.0 (compatible; MSIE 7.0; Windows NT 6.0; SLCC1; .NET CLR 2.0.50727; Media Center PC 5.0; .NET CLR 3.0.04506; .NET CLR 1.1.4322)"
69.139.68.32 - - [27/Dec/2008:00:26:56 -0500] "GET /gifs/leopold.jpg HTTP/1.1" 200 38609 "http://toastpoint.com/bio.html" "Mozilla/4.0 (compatible; MSIE 7.0; Windows NT 6.0; SLCC1; .NET CLR 2.0.50727; Media Center PC 5.0; .NET CLR 3.0.04506; .NET CLR 1.1.4322)"
69.139.68.32 - - [27/Dec/2008:00:27:09 -0500] "GET /midi/midi.html HTTP/1.1" 200 3163 "http://toastpoint.com/toastpointtoc.html" "Mozilla/4.0 (compatible; MSIE 7.0; Windows NT 6.0; SLCC1; .NET CLR 2.0.50727; Media Center PC 5.0; .NET CLR 3.0.04506; .NET CLR 1.1.4322)"
74.6.29.235 - - [27/Dec/2008:00:35:19 -0500] "GET /robots.txt HTTP/1.0" 404 693 "-" "Mozilla/5.0 (compatible; Yahoo! Slurp; http://help.yahoo.com/help/us/ysearch/slurp)"
74.6.30.119 - - [27/Dec/2008:00:35:19 -0500] "GET /haiku/haiku.html HTTP/1.0" 200 2147 "-" "Mozilla/5.0 (compatible; Yahoo! DE Slurp; http://help.yahoo.com/help/us/ysearch/slurp)"
74.6.76.45 - - [27/Dec/2008:01:31:02 -0500] "GET /haiku/haiku.html HTTP/1.0" 200 2147 "-" "Mozilla/5.0 (compatible; Yahoo! DE Slurp; http://help.yahoo.com/help/us/ysearch/slurp)"
208.115.111.245 - - [27/Dec/2008:01:37:28 -0500] "GET /robots.txt HTTP/1.1" 404 693 "-" "Mozilla/5.0 (compatible; DotBot/1.1; http://www.dotnetdotcom.org/, crawler@dotnetdotcom.org)"
208.115.111.245 - - [27/Dec/2008:02:28:48 -0500] "GET /fiction/fict299.html HTTP/1.1" 200 38635 "-" "Mozilla/5.0 (compatible; DotBot/1.1; http://www.dotnetdotcom.org/, crawler@dotnetdotcom.org)"
208.115.111.245 - - [27/Dec/2008:02:28:53 -0500] "GET /fiction/fict399.html HTTP/1.1" 200 27729 "-" "Mozilla/5.0 (compatible; DotBot/1.1; http://www.dotnetdotcom.org/, crawler@dotnetdotcom.org)"
208.115.111.245 - - [27/Dec/2008:02:28:53 -0500] "GET /fiction/fict499.html HTTP/1.1" 200 12868 "-" "Mozilla/5.0 (compatible; DotBot/1.1; http://www.dotnetdotcom.org/, crawler@dotnetdotcom.org)"
208.115.111.245 - - [27/Dec/2008:02:28:55 -0500] "GET /fiction/fict599.html HTTP/1.1" 200 7512 "-" "Mozilla/5.0 (compatible; DotBot/1.1; http://www.dotnetdotcom.org/, crawler@dotnetdotcom.org)"
208.115.111.245 - - [27/Dec/2008:02:28:56 -0500] "GET /fiction/fict9596/fic1096.html HTTP/1.1" 200 26986 "-" "Mozilla/5.0 (compatible; DotBot/1.1; http://www.dotnetdotcom.org/, crawler@dotnetdotcom.org)"
208.115.111.245 - - [27/Dec/2008:02:28:57 -0500] "GET /fiction/fict9596/fic1196.html HTTP/1.1" 200 27915 "-" "Mozilla/5.0 (compatible; DotBot/1.1; http://www.dotnetdotcom.org/, crawler@dotnetdotcom.org)"
208.115.111.245 - - [27/Dec/2008:02:28:59 -0500] "GET /fiction/fict9596/fic1296.html HTTP/1.1" 200 7468 "-" "Mozilla/5.0 (compatible; DotBot/1.1; http://www.dotnetdotcom.org/, crawler@dotnetdotcom.org)"
208.115.111.245 - - [27/Dec/2008:02:29:00 -0500] "GET /fiction/fict9596/fict1095.html HTTP/1.1" 200 11219 "-" "Mozilla/5.0 (compatible; DotBot/1.1; http://www.dotnetdotcom.org/, crawler@dotnetdotcom.org)"
208.115.111.245 - - [27/Dec/2008:02:29:01 -0500] "GET /fiction/fict9596/fict1295.html HTTP/1.1" 200 12293 "-" "Mozilla/5.0 (compatible; DotBot/1.1; http://www.dotnetdotcom.org/, crawler@dotnetdotcom.org)"
208.115.111.245 - - [27/Dec/2008:02:29:03 -0500] "GET /fiction/fict9596/fict196.html HTTP/1.1" 200 12060 "-" "Mozilla/5.0 (compatible; DotBot/1.1; http://www.dotnetdotcom.org/, crawler@dotnetdotcom.org)"
193.47.80.45 - - [27/Dec/2008:03:29:18 -0500] "GET /limerick/brady/bradyfrm.html HTTP/1.1" 200 546 "-" "Mozilla/5.0 (compatible; Exabot/3.0; +http://www.exabot.com/go/robot)"
78.88.16.168 - - [27/Dec/2008:03:31:58 -0500] "GET /favicon.ico HTTP/1.1" 404 693 "-" "Mozilla/5.0 (Windows; U; Windows NT 5.1; pl; rv:1.9.0.5) Gecko/2008120122 Firefox/3.0.5"
78.88.16.168 - - [27/Dec/2008:03:31:58 -0500] "GET /limerick/1996/nic1296.html HTTP/1.1" 200 19459 "-" "Mozilla/5.0 (Windows; U; Windows NT 5.1; pl; rv:1.9.0.5) Gecko/2008120122 Firefox/3.0.5"
78.88.16.168 - - [27/Dec/2008:03:31:59 -0500] "GET /gifs/goldstar.jpg HTTP/1.1" 200 1854 "http://www.toastpoint.com/limerick/1996/nic1296.html" "Mozilla/5.0 (Windows; U; Windows NT 5.1; pl; rv:1.9.0.5) Gecko/2008120122 Firefox/3.0.5"
78.88.16.168 - - [27/Dec/2008:03:31:59 -0500] "GET /gifs/happy.jpg HTTP/1.1" 200 3135 "http://www.toastpoint.com/limerick/1996/nic1296.html" "Mozilla/5.0 (Windows; U; Windows NT 5.1; pl; rv:1.9.0.5) Gecko/2008120122 Firefox/3.0.5"
78.88.16.168 - - [27/Dec/2008:03:32:01 -0500] "GET /favicon.ico HTTP/1.1" 404 693 "-" "Mozilla/5.0 (Windows; U; Windows NT 5.1; pl; rv:1.9.0.5) Gecko/2008120122 Firefox/3.0.5"
78.88.16.168 - - [27/Dec/2008:03:32:01 -0500] "GET /favicon.ico HTTP/1.1" 404 693 "-" "Mozilla/5.0 (Windows; U; Windows NT 5.1; pl; rv:1.9.0.5) Gecko/2008120122 Firefox/3.0.5"
65.55.210.8 - - [27/Dec/2008:03:34:27 -0500] "GET /robots.txt HTTP/1.1" 404 693 "-" "msnbot/1.1 (+http://search.msn.com/msnbot.htm)"
65.55.210.8 - - [27/Dec/2008:03:34:27 -0500] "GET / HTTP/1.1" 304 - "-" "msnbot/1.1 (+http://search.msn.com/msnbot.htm)"
208.115.111.245 - - [27/Dec/2008:04:09:42 -0500] "GET /robots.txt HTTP/1.1" 404 693 "-" "Mozilla/5.0 (compatible; DotBot/1.1; http://www.dotnetdotcom.org/, crawler@dotnetdotcom.org)"
66.235.124.8 - - [27/Dec/2008:04:32:48 -0500] "GET /robots.txt HTTP/1.1" 404 693 "-" "Mozilla/5.0 (compatible; Ask Jeeves/Teoma; +http://about.ask.com/en/docs/about/webmasters.shtml)"
66.235.124.8 - - [27/Dec/2008:04:32:53 -0500] "GET /limerick/1997/naut297.html HTTP/1.1" 200 31034 "-" "Mozilla/5.0 (compatible; Ask Jeeves/Teoma; +http://about.ask.com/en/docs/about/webmasters.shtml)"
208.115.111.245 - - [27/Dec/2008:05:06:27 -0500] "GET /fiction/fict9596/fict296.html HTTP/1.1" 200 12689 "-" "Mozilla/5.0 (compatible; DotBot/1.1; http://www.dotnetdotcom.org/, crawler@dotnetdotcom.org)"
208.115.111.245 - - [27/Dec/2008:05:06:28 -0500] "GET /fiction/fict9596/fict396.html HTTP/1.1" 200 9345 "-" "Mozilla/5.0 (compatible; DotBot/1.1; http://www.dotnetdotcom.org/, crawler@dotnetdotcom.org)"
208.115.111.245 - - [27/Dec/2008:05:06:29 -0500] "GET /fiction/fict9596/fict496.html HTTP/1.1" 200 8177 "-" "Mozilla/5.0 (compatible; DotBot/1.1; http://www.dotnetdotcom.org/, crawler@dotnetdotcom.org)"
208.115.111.245 - - [27/Dec/2008:05:06:31 -0500] "GET /fiction/fict9596/fict596.html HTTP/1.1" 200 24035 "-" "Mozilla/5.0 (compatible; DotBot/1.1; http://www.dotnetdotcom.org/, crawler@dotnetdotcom.org)"
208.115.111.245 - - [27/Dec/2008:05:06:32 -0500] "GET /fiction/fict9596/fict696.html HTTP/1.1" 200 15163 "-" "Mozilla/5.0 (compatible; DotBot/1.1; http://www.dotnetdotcom.org/, crawler@dotnetdotcom.org)"
208.115.111.245 - - [27/Dec/2008:05:06:33 -0500] "GET /fiction/fict9596/fict796.html HTTP/1.1" 200 6420 "-" "Mozilla/5.0 (compatible; DotBot/1.1; http://www.dotnetdotcom.org/, crawler@dotnetdotcom.org)"
208.115.111.245 - - [27/Dec/2008:05:06:34 -0500] "GET /fiction/fict9596/fict896.html HTTP/1.1" 200 27993 "-" "Mozilla/5.0 (compatible; DotBot/1.1; http://www.dotnetdotcom.org/, crawler@dotnetdotcom.org)"
208.115.111.245 - - [27/Dec/2008:05:06:36 -0500] "GET /fiction/fict9596/fict9596.html HTTP/1.1" 200 1446 "-" "Mozilla/5.0 (compatible; DotBot/1.1; http://www.dotnetdotcom.org/, crawler@dotnetdotcom.org)"
208.115.111.245 - - [27/Dec/2008:05:06:37 -0500] "GET /fiction/fict9596/fict996.html HTTP/1.1" 200 40085 "-" "Mozilla/5.0 (compatible; DotBot/1.1; http://www.dotnetdotcom.org/, crawler@dotnetdotcom.org)"
208.115.111.245 - - [27/Dec/2008:05:06:38 -0500] "GET /fiction/fict97/fict1097.html HTTP/1.1" 200 10353 "-" "Mozilla/5.0 (compatible; DotBot/1.1; http://www.dotnetdotcom.org/, crawler@dotnetdotcom.org)"
81.52.143.26 - - [27/Dec/2008:05:19:21 -0500] "GET /robots.txt HTTP/1.1" 404 693 "-" "Mozilla/5.0 (Windows; U; Windows NT 5.1; fr; rv:1.8.1) VoilaBot BETA 1.2 (support.voilabot@orange-ftgroup.com)"
81.52.143.26 - - [27/Dec/2008:05:19:30 -0500] "GET /limerick/nice499.html HTTP/1.1" 200 24193 "-" "Mozilla/5.0 (Windows; U; Windows NT 5.1; fr; rv:1.8.1) VoilaBot BETA 1.2 (support.voilabot@orange-ftgroup.com)"
72.30.65.29 - - [27/Dec/2008:05:38:57 -0500] "GET /robots.txt HTTP/1.0" 404 693 "-" "Mozilla/5.0 (compatible; Yahoo! Slurp; http://help.yahoo.com/help/us/ysearch/slurp)"
81.52.143.16 - - [27/Dec/2008:05:51:57 -0500] "GET /limerick/?M=D HTTP/1.1" 403 563 "-" "Mozilla/5.0 (Windows; U; Windows NT 5.1; fr; rv:1.8.1) VoilaBot BETA 1.2 (support.voilabot@orange-ftgroup.com)"
66.235.112.5 - - [27/Dec/2008:06:09:07 -0500] "HEAD /haiku/1996/haiku596.html HTTP/1.0" 200 - "-" "livwww-perl/5.808"
208.115.111.245 - - [27/Dec/2008:06:41:50 -0500] "GET /robots.txt HTTP/1.1" 404 693 "-" "Mozilla/5.0 (compatible; DotBot/1.1; http://www.dotnetdotcom.org/, crawler@dotnetdotcom.org)"
208.115.111.245 - - [27/Dec/2008:07:32:40 -0500] "GET /fiction/fict97/fict1197.html HTTP/1.1" 200 12283 "-" "Mozilla/5.0 (compatible; DotBot/1.1; http://www.dotnetdotcom.org/, crawler@dotnetdotcom.org)"
208.115.111.245 - - [27/Dec/2008:07:32:42 -0500] "GET /fiction/fict97/fict1297.html HTTP/1.1" 200 6078 "-" "Mozilla/5.0 (compatible; DotBot/1.1; http://www.dotnetdotcom.org/, crawler@dotnetdotcom.org)"
208.115.111.245 - - [27/Dec/2008:07:32:43 -0500] "GET /fiction/fict97/fict197.html HTTP/1.1" 200 17226 "-" "Mozilla/5.0 (compatible; DotBot/1.1; http://www.dotnetdotcom.org/, crawler@dotnetdotcom.org)"
208.115.111.245 - - [27/Dec/2008:07:32:45 -0500] "GET /fiction/fict97/fict297.html HTTP/1.1" 200 8467 "-" "Mozilla/5.0 (compatible; DotBot/1.1; http://www.dotnetdotcom.org/, crawler@dotnetdotcom.org)"
208.115.111.245 - - [27/Dec/2008:07:32:46 -0500] "GET /fiction/fict97/fict397.html HTTP/1.1" 200 11668 "-" "Mozilla/5.0 (compatible; DotBot/1.1; http://www.dotnetdotcom.org/, crawler@dotnetdotcom.org)"
208.115.111.245 - - [27/Dec/2008:07:32:47 -0500] "GET /fiction/fict97/fict497.html HTTP/1.1" 200 11424 "-" "Mozilla/5.0 (compatible; DotBot/1.1; http://www.dotnetdotcom.org/, crawler@dotnetdotcom.org)"
208.115.111.245 - - [27/Dec/2008:07:32:48 -0500] "GET /fiction/fict97/fict597.html HTTP/1.1" 200 10485 "-" "Mozilla/5.0 (compatible; DotBot/1.1; http://www.dotnetdotcom.org/, crawler@dotnetdotcom.org)"
208.115.111.245 - - [27/Dec/2008:07:32:49 -0500] "GET /fiction/fict97/fict697.html HTTP/1.1" 200 13490 "-" "Mozilla/5.0 (compatible; DotBot/1.1; http://www.dotnetdotcom.org/, crawler@dotnetdotcom.org)"
208.115.111.245 - - [27/Dec/2008:07:32:50 -0500] "GET /fiction/fict97/fict797.html HTTP/1.1" 200 4873 "-" "Mozilla/5.0 (compatible; DotBot/1.1; http://www.dotnetdotcom.org/, crawler@dotnetdotcom.org)"
208.115.111.245 - - [27/Dec/2008:07:32:51 -0500] "GET /fiction/fict97/fict97.html HTTP/1.1" 200 1536 "-" "Mozilla/5.0 (compatible; DotBot/1.1; http://www.dotnetdotcom.org/, crawler@dotnetdotcom.org)"
81.52.143.26 - - [27/Dec/2008:07:38:01 -0500] "GET /limerick/nice299.html HTTP/1.1" 200 28130 "-" "Mozilla/5.0 (Windows; U; Windows NT 5.1; fr; rv:1.8.1) VoilaBot BETA 1.2 (support.voilabot@orange-ftgroup.com)"
193.252.149.16 - - [27/Dec/2008:07:41:23 -0500] "GET /robots.txt HTTP/1.1" 404 693 "-" "Mozilla/5.0 (Windows; U; Windows NT 5.1; fr; rv:1.8.1) VoilaBot BETA 1.2 (support.voilabot@orange-ftgroup.com)"
193.252.149.16 - - [27/Dec/2008:07:41:25 -0500] "GET /limerick/?M=A HTTP/1.1" 403 563 "-" "Mozilla/5.0 (Windows; U; Windows NT 5.1; fr; rv:1.8.1) VoilaBot BETA 1.2 (support.voilabot@orange-ftgroup.com)"
206.75.181.61 - - [27/Dec/2008:07:51:14 -0500] "GET /gifs/boobies.gif HTTP/1.1" 200 11144 "http://www.toastpoint.com/limerick/naut199.html" "Mozilla/4.0 (compatible; MSIE 7.0; Windows NT 6.0; SLCC1; .NET CLR 2.0.50727; Media Center PC 5.0; .NET CLR 3.0.04506)"
206.75.181.61 - - [27/Dec/2008:07:51:13 -0500] "GET /limerick/naut199.html HTTP/1.1" 200 34481 "http://www.google.ca/search?hl=en&sa=X&oi=spell&resnum=1&ct=result&cd=1&q=naughty+limerick&spell=1" "Mozilla/4.0 (compatible; MSIE 7.0; Windows NT 6.0; SLCC1; .NET CLR 2.0.50727; Media Center PC 5.0; .NET CLR 3.0.04506)"
206.75.181.61 - - [27/Dec/2008:07:51:14 -0500] "GET /gifs/nakedman.gif HTTP/1.1" 200 7734 "http://www.toastpoint.com/limerick/naut199.html" "Mozilla/4.0 (compatible; MSIE 7.0; Windows NT 6.0; SLCC1; .NET CLR 2.0.50727; Media Center PC 5.0; .NET CLR 3.0.04506)"
206.75.181.61 - - [27/Dec/2008:07:51:14 -0500] "GET /gifs/goldstar.jpg HTTP/1.1" 200 1854 "http://www.toastpoint.com/limerick/naut199.html" "Mozilla/4.0 (compatible; MSIE 7.0; Windows NT 6.0; SLCC1; .NET CLR 2.0.50727; Media Center PC 5.0; .NET CLR 3.0.04506)"
206.75.181.61 - - [27/Dec/2008:07:51:14 -0500] "GET /favicon.ico HTTP/1.1" 404 693 "-" "Mozilla/4.0 (compatible; MSIE 7.0; Windows NT 6.0; SLCC1; .NET CLR 2.0.50727; Media Center PC 5.0; .NET CLR 3.0.04506)"
67.202.43.229 - - [27/Dec/2008:08:29:40 -0500] "GET /robots.txt HTTP/1.0" 404 693 "-" "ia_archiver (+http://www.alexa.com/site/help/webmasters; crawler@alexa.com)"
67.202.43.229 - - [27/Dec/2008:08:29:40 -0500] "GET /fiction/fict199.html HTTP/1.0" 200 21503 "-" "ia_archiver (+http://www.alexa.com/site/help/webmasters; crawler@alexa.com)"
67.202.43.229 - - [27/Dec/2008:08:29:44 -0500] "GET /fiction/fict97/fict97.html HTTP/1.0" 200 1536 "-" "ia_archiver (+http://www.alexa.com/site/help/webmasters; crawler@alexa.com)"
67.202.43.229 - - [27/Dec/2008:08:29:50 -0500] "GET /fiction/fict98/fict98.html HTTP/1.0" 200 1540 "-" "ia_archiver (+http://www.alexa.com/site/help/webmasters; crawler@alexa.com)"
67.202.43.229 - - [27/Dec/2008:08:29:55 -0500] "GET /fiction/novels/parkey.html HTTP/1.0" 200 25723 "-" "ia_archiver (+http://www.alexa.com/site/help/webmasters; crawler@alexa.com)"
67.202.43.229 - - [27/Dec/2008:08:30:00 -0500] "GET /fiction/novels/peak.html HTTP/1.0" 200 2410 "-" "ia_archiver (+http://www.alexa.com/site/help/webmasters; crawler@alexa.com)"
206.75.181.61 - - [27/Dec/2008:08:31:30 -0500] "GET /limerick/1995/nautjune.html HTTP/1.1" 200 3274 "http://www.google.ca/search?hl=en&q=naughty+limerick&start=10&sa=N" "Mozilla/4.0 (compatible; MSIE 7.0; Windows NT 6.0; SLCC1; .NET CLR 2.0.50727; Media Center PC 5.0; .NET CLR 3.0.04506)"
206.75.181.61 - - [27/Dec/2008:08:31:31 -0500] "GET /gifs/goldstar.jpg HTTP/1.1" 304 - "http://www.toastpoint.com/limerick/1995/nautjune.html" "Mozilla/4.0 (compatible; MSIE 7.0; Windows NT 6.0; SLCC1; .NET CLR 2.0.50727; Media Center PC 5.0; .NET CLR 3.0.04506)"
67.202.43.229 - - [27/Dec/2008:08:31:54 -0500] "GET /fiction/fict9596/fict9596.html HTTP/1.0" 200 1446 "-" "ia_archiver (+http://www.alexa.com/site/help/webmasters; crawler@alexa.com)"
67.202.43.229 - - [27/Dec/2008:08:31:59 -0500] "GET /fiction/novels/peak3.html HTTP/1.0" 200 6906 "-" "ia_archiver (+http://www.alexa.com/site/help/webmasters; crawler@alexa.com)"
67.202.43.229 - - [27/Dec/2008:08:32:04 -0500] "GET /fiction/novels/xmascurl.html HTTP/1.0" 200 33957 "-" "ia_archiver (+http://www.alexa.com/site/help/webmasters; crawler@alexa.com)"
67.202.43.229 - - [27/Dec/2008:08:33:41 -0500] "GET /fiction/novels/peak2.html HTTP/1.0" 200 15955 "-" "ia_archiver (+http://www.alexa.com/site/help/webmasters; crawler@alexa.com)"
67.202.43.229 - - [27/Dec/2008:08:33:48 -0500] "GET /fiction/novels/peak4.html HTTP/1.0" 200 13115 "-" "ia_archiver (+http://www.alexa.com/site/help/webmasters; crawler@alexa.com)"
206.75.181.61 - - [27/Dec/2008:08:34:19 -0500] "GET /limerick/1995/nautmay.html HTTP/1.1" 200 4260 "http://www.toastpoint.com/limerick/1995/nautjune.html" "Mozilla/4.0 (compatible; MSIE 7.0; Windows NT 6.0; SLCC1; .NET CLR 2.0.50727; Media Center PC 5.0; .NET CLR 3.0.04506)"
74.6.18.181 - - [27/Dec/2008:08:35:16 -0500] "GET /robots.txt HTTP/1.0" 404 693 "-" "Mozilla/5.0 (compatible; Yahoo! Slurp; http://help.yahoo.com/help/us/ysearch/slurp)"
74.6.76.45 - - [27/Dec/2008:08:35:16 -0500] "GET / HTTP/1.0" 200 464 "-" "Mozilla/5.0 (compatible; Yahoo! DE Slurp; http://help.yahoo.com/help/us/ysearch/slurp)"
74.6.76.45 - - [27/Dec/2008:08:35:17 -0500] "GET /toastpointtopleft.html HTTP/1.0" 200 162 "-" "Mozilla/5.0 (compatible; Yahoo! DE Slurp; http://help.yahoo.com/help/us/ysearch/slurp)"
74.6.76.45 - - [27/Dec/2008:08:35:19 -0500] "GET /toastpointtoc.html HTTP/1.0" 200 1188 "-" "Mozilla/5.0 (compatible; Yahoo! DE Slurp; http://help.yahoo.com/help/us/ysearch/slurp)"
74.6.76.45 - - [27/Dec/2008:08:35:20 -0500] "GET /news.html HTTP/1.0" 200 17706 "-" "Mozilla/5.0 (compatible; Yahoo! DE Slurp; http://help.yahoo.com/help/us/ysearch/slurp)"
74.6.76.45 - - [27/Dec/2008:08:35:21 -0500] "GET /toastpointtopright.html HTTP/1.0" 200 151 "-" "Mozilla/5.0 (compatible; Yahoo! DE Slurp; http://help.yahoo.com/help/us/ysearch/slurp)"
74.6.76.45 - - [27/Dec/2008:08:35:22 -0500] "GET /tpnews.html HTTP/1.0" 200 8305 "-" "Mozilla/5.0 (compatible; Yahoo! DE Slurp; http://help.yahoo.com/help/us/ysearch/slurp)"
206.75.181.61 - - [27/Dec/2008:08:38:59 -0500] "GET /limerick/1995/nautjuly.html HTTP/1.1" 200 3106 "http://www.toastpoint.com/limerick/1995/nautjune.html" "Mozilla/4.0 (compatible; MSIE 7.0; Windows NT 6.0; SLCC1; .NET CLR 2.0.50727; Media Center PC 5.0; .NET CLR 3.0.04506)"
84.104.255.24 - - [27/Dec/2008:08:47:36 -0500] "GET http://www.toastpoint.com/ HTTP/1.0" 200 464 "-" "Mozilla/5.0 (X11; U; Linux i686; en-US; rv:1.7.8) Gecko/20050511"
68.142.215.138 - - [27/Dec/2008:09:02:15 -0500] "GET /robots.txt HTTP/1.0" 404 693 "-" "Mozilla/5.0 (Yahoo-MMCrawler/4.0; mailto:vertical-crawl-support@yahoo-inc.com)"
68.142.215.138 - - [27/Dec/2008:09:02:16 -0500] "GET /rapture/ida-monk.gif HTTP/1.0" 200 3753 "-" "Mozilla/5.0 (Yahoo-MMCrawler/4.0; mailto:vertical-crawl-support@yahoo-inc.com)"
208.115.111.245 - - [27/Dec/2008:09:18:22 -0500] "GET /robots.txt HTTP/1.1" 404 693 "-" "Mozilla/5.0 (compatible; DotBot/1.1; http://www.dotnetdotcom.org/, crawler@dotnetdotcom.org)"
68.142.215.138 - - [27/Dec/2008:09:18:47 -0500] "GET /robots.txt HTTP/1.0" 404 693 "-" "Mozilla/5.0 (Yahoo-MMCrawler/4.0; mailto:vertical-crawl-support@yahoo-inc.com)"
68.142.215.138 - - [27/Dec/2008:09:18:47 -0500] "GET /rapture/ida-monk.gif HTTP/1.0" 200 3753 "-" "Mozilla/5.0 (Yahoo-MMCrawler/4.0; mailto:vertical-crawl-support@yahoo-inc.com)"
66.235.124.8 - - [27/Dec/2008:09:32:34 -0500] "GET / HTTP/1.1" 200 464 "-" "Mozilla/5.0 (compatible; Ask Jeeves/Teoma; +http://about.ask.com/en/docs/about/webmasters.shtml)"
66.235.124.8 - - [27/Dec/2008:09:32:34 -0500] "GET /toastpointtopleft.html HTTP/1.1" 200 162 "-" "Mozilla/5.0 (compatible; Ask Jeeves/Teoma; +http://about.ask.com/en/docs/about/webmasters.shtml)"
66.235.124.8 - - [27/Dec/2008:09:32:34 -0500] "GET /toastpointtoc.html HTTP/1.1" 200 1188 "-" "Mozilla/5.0 (compatible; Ask Jeeves/Teoma; +http://about.ask.com/en/docs/about/webmasters.shtml)"
66.235.124.8 - - [27/Dec/2008:09:32:34 -0500] "GET /news.html HTTP/1.1" 200 17706 "-" "Mozilla/5.0 (compatible; Ask Jeeves/Teoma; +http://about.ask.com/en/docs/about/webmasters.shtml)"
66.235.124.8 - - [27/Dec/2008:09:32:34 -0500] "GET /toastpointtopright.html HTTP/1.1" 200 151 "-" "Mozilla/5.0 (compatible; Ask Jeeves/Teoma; +http://about.ask.com/en/docs/about/webmasters.shtml)"
66.235.124.8 - - [27/Dec/2008:09:32:34 -0500] "GET /tpnews.html HTTP/1.1" 200 8305 "-" "Mozilla/5.0 (compatible; Ask Jeeves/Teoma; +http://about.ask.com/en/docs/about/webmasters.shtml)"
64.233.160.136 - - [27/Dec/2008:10:02:40 -0500] "GET /googlehostedservice.html HTTP/1.0" 404 693 "-" "Jakarta Commons-HttpClient/3.0.1"
64.233.160.136 - - [27/Dec/2008:10:02:40 -0500] "GET /googlehostedservice.html HTTP/1.0" 404 693 "-" "Jakarta Commons-HttpClient/3.0.1"
208.115.111.245 - - [27/Dec/2008:10:17:59 -0500] "GET /fiction/fict97/fict997.html HTTP/1.1" 200 4230 "-" "Mozilla/5.0 (compatible; DotBot/1.1; http://www.dotnetdotcom.org/, crawler@dotnetdotcom.org)"
208.115.111.245 - - [27/Dec/2008:10:18:00 -0500] "GET /fiction/fict98/fict1098.html HTTP/1.1" 200 61601 "-" "Mozilla/5.0 (compatible; DotBot/1.1; http://www.dotnetdotcom.org/, crawler@dotnetdotcom.org)"
208.115.111.245 - - [27/Dec/2008:10:18:01 -0500] "GET /fiction/fict98/fict1198.html HTTP/1.1" 200 10372 "-" "Mozilla/5.0 (compatible; DotBot/1.1; http://www.dotnetdotcom.org/, crawler@dotnetdotcom.org)"
208.115.111.245 - - [27/Dec/2008:10:18:02 -0500] "GET /fiction/fict98/fict1298.html HTTP/1.1" 200 38294 "-" "Mozilla/5.0 (compatible; DotBot/1.1; http://www.dotnetdotcom.org/, crawler@dotnetdotcom.org)"
208.115.111.245 - - [27/Dec/2008:10:18:03 -0500] "GET /fiction/fict98/fict198.html HTTP/1.1" 200 62967 "-" "Mozilla/5.0 (compatible; DotBot/1.1; http://www.dotnetdotcom.org/, crawler@dotnetdotcom.org)"
208.115.111.245 - - [27/Dec/2008:10:18:04 -0500] "GET /fiction/fict98/fict298.html HTTP/1.1" 200 37545 "-" "Mozilla/5.0 (compatible; DotBot/1.1; http://www.dotnetdotcom.org/, crawler@dotnetdotcom.org)"
208.115.111.245 - - [27/Dec/2008:10:18:05 -0500] "GET /fiction/fict98/fict398.html HTTP/1.1" 200 26221 "-" "Mozilla/5.0 (compatible; DotBot/1.1; http://www.dotnetdotcom.org/, crawler@dotnetdotcom.org)"
208.115.111.245 - - [27/Dec/2008:10:18:06 -0500] "GET /fiction/fict98/fict498.html HTTP/1.1" 200 24373 "-" "Mozilla/5.0 (compatible; DotBot/1.1; http://www.dotnetdotcom.org/, crawler@dotnetdotcom.org)"
208.115.111.245 - - [27/Dec/2008:10:18:07 -0500] "GET /fiction/fict98/fict598.html HTTP/1.1" 200 19208 "-" "Mozilla/5.0 (compatible; DotBot/1.1; http://www.dotnetdotcom.org/, crawler@dotnetdotcom.org)"
208.115.111.245 - - [27/Dec/2008:10:18:08 -0500] "GET /fiction/fict98/fict698.html HTTP/1.1" 200 12890 "-" "Mozilla/5.0 (compatible; DotBot/1.1; http://www.dotnetdotcom.org/, crawler@dotnetdotcom.org)"
64.1.215.164 - - [27/Dec/2008:11:13:50 -0500] "GET /limerick/1996/nice796.html HTTP/1.0" 200 10929 "-" "Mozilla/5.0 (Twiceler-0.9 http://www.cuil.com/twiceler/robot.html)"
203.88.10.132 - - [27/Dec/2008:11:16:10 -0500] "GET /limerick/1995/nautsept.html HTTP/1.1" 200 7977 "http://www.google.com/m/search?eosr=on&client=ms-sonyericsson&channel=bm&mrestrict=xhtml&q=Naughty+Cheerleaders+&site=mobile" "SonyEricssonW810i/R4DB Browser/NetFront/3.3 Profile/MIDP-2.0 Configuration/CLDC-1.1"
81.52.143.15 - - [27/Dec/2008:11:23:36 -0500] "GET /limerick/?S=D HTTP/1.1" 403 563 "-" "Mozilla/5.0 (Windows; U; Windows NT 5.1; fr; rv:1.8.1) VoilaBot BETA 1.2 (support.voilabot@orange-ftgroup.com)"
193.252.149.16 - - [27/Dec/2008:11:28:06 -0500] "GET /robots.txt HTTP/1.1" 404 693 "-" "Mozilla/5.0 (Windows; U; Windows NT 5.1; fr; rv:1.8.1) VoilaBot BETA 1.2 (support.voilabot@orange-ftgroup.com)"
193.252.149.16 - - [27/Dec/2008:11:28:08 -0500] "GET /haiku/?N=D HTTP/1.1" 403 563 "-" "Mozilla/5.0 (Windows; U; Windows NT 5.1; fr; rv:1.8.1) VoilaBot BETA 1.2 (support.voilabot@orange-ftgroup.com)"
67.195.37.167 - - [27/Dec/2008:11:32:56 -0500] "GET /robots.txt HTTP/1.0" 404 693 "-" "Mozilla/5.0 (compatible; Yahoo! Slurp; http://help.yahoo.com/help/us/ysearch/slurp)"
67.195.37.167 - - [27/Dec/2008:11:32:56 -0500] "GET /haiku/haiku.html HTTP/1.0" 200 2147 "-" "Mozilla/5.0 (compatible; Yahoo! DE Slurp; http://help.yahoo.com/help/us/ysearch/slurp)"
12.183.79.146 - - [27/Dec/2008:12:01:20 -0500] "GET /bio.html HTTP/1.1" 200 7868 "http://search.live.com/images/results.aspx?q=penis+gifs&form=IGRE" "Mozilla/4.0 (compatible; MSIE 6.0; Windows NT 5.1; SV1; .NET CLR 1.0.3705; .NET CLR 1.1.4322; Media Center PC 4.0)"
12.183.79.146 - - [27/Dec/2008:12:01:20 -0500] "GET /gifs/eric.jpg HTTP/1.1" 200 19411 "http://www.toastpoint.com/bio.html" "Mozilla/4.0 (compatible; MSIE 6.0; Windows NT 5.1; SV1; .NET CLR 1.0.3705; .NET CLR 1.1.4322; Media Center PC 4.0)"
12.183.79.146 - - [27/Dec/2008:12:01:20 -0500] "GET /gifs/samp.jpg HTTP/1.1" 200 2907 "http://www.toastpoint.com/bio.html" "Mozilla/4.0 (compatible; MSIE 6.0; Windows NT 5.1; SV1; .NET CLR 1.0.3705; .NET CLR 1.1.4322; Media Center PC 4.0)"
12.183.79.146 - - [27/Dec/2008:12:01:20 -0500] "GET /gifs/mom&dad.jpg HTTP/1.1" 200 6709 "http://www.toastpoint.com/bio.html" "Mozilla/4.0 (compatible; MSIE 6.0; Windows NT 5.1; SV1; .NET CLR 1.0.3705; .NET CLR 1.1.4322; Media Center PC 4.0)"
12.183.79.146 - - [27/Dec/2008:12:01:20 -0500] "GET /gifs/leopold.jpg HTTP/1.1" 200 38609 "http://www.toastpoint.com/bio.html" "Mozilla/4.0 (compatible; MSIE 6.0; Windows NT 5.1; SV1; .NET CLR 1.0.3705; .NET CLR 1.1.4322; Media Center PC 4.0)"
65.55.209.86 - - [27/Dec/2008:12:11:59 -0500] "GET /robots.txt HTTP/1.1" 404 693 "-" "msnbot/1.1 (+http://search.msn.com/msnbot.htm)"
65.55.209.86 - - [27/Dec/2008:12:11:59 -0500] "GET /fiction/novels/peak.html HTTP/1.1" 200 2410 "-" "msnbot/1.1 (+http://search.msn.com/msnbot.htm)"
193.252.149.15 - - [27/Dec/2008:12:18:16 -0500] "GET /robots.txt HTTP/1.1" 404 693 "-" "Mozilla/5.0 (Windows; U; Windows NT 5.1; fr; rv:1.8.1) VoilaBot BETA 1.2 (support.voilabot@orange-ftgroup.com)"
193.252.149.15 - - [27/Dec/2008:12:18:22 -0500] "GET /haiku/haiku299.html HTTP/1.1" 200 68017 "-" "Mozilla/5.0 (Windows; U; Windows NT 5.1; fr; rv:1.8.1) VoilaBot BETA 1.2 (support.voilabot@orange-ftgroup.com)"
208.80.194.52 - - [27/Dec/2008:12:27:11 -0500] "GET / HTTP/1.0" 200 464 "-" "Mozilla/4.0 (compatible; MSIE 7.0; Windows NT 5.1; LocalNet3; .NET CLR 1.1.4322; .NET CLR 2.0.50727)"
81.52.143.16 - - [27/Dec/2008:12:45:44 -0500] "GET /limerick/naut599.html HTTP/1.1" 200 21235 "-" "Mozilla/5.0 (Windows; U; Windows NT 5.1; fr; rv:1.8.1) VoilaBot BETA 1.2 (support.voilabot@orange-ftgroup.com)"
92.48.193.55 - - [27/Dec/2008:13:33:43 -0500] "GET /haiku/haiku399.html HTTP/1.0" 200 75208 "-" "Mozilla/4.0 (compatible; MSIE 6.0; Windows NT 5.0; T312461)"
64.1.215.164 - - [27/Dec/2008:13:34:44 -0500] "GET /robots.txt HTTP/1.0" 404 693 "-" "Mozilla/5.0 (Twiceler-0.9 http://www.cuil.com/twiceler/robot.html)"
66.235.124.8 - - [27/Dec/2008:13:49:14 -0500] "GET /fiction/fict9596/fict1295.html HTTP/1.1" 200 12293 "-" "Mozilla/5.0 (compatible; Ask Jeeves/Teoma; +http://about.ask.com/en/docs/about/webmasters.shtml)"
66.249.72.35 - - [27/Dec/2008:14:00:35 -0500] "GET /robots.txt HTTP/1.1" 404 693 "-" "Googlebot-Image/1.0"
66.249.72.35 - - [27/Dec/2008:14:00:35 -0500] "GET /gifs/happy.jpg HTTP/1.1" 304 - "-" "Googlebot-Image/1.0"
64.1.215.164 - - [27/Dec/2008:14:14:53 -0500] "GET /limerick/1996/nic1296.html HTTP/1.0" 200 19459 "-" "Mozilla/5.0 (Twiceler-0.9 http://www.cuil.com/twiceler/robot.html)"
72.30.65.29 - - [27/Dec/2008:14:23:16 -0500] "GET /robots.txt HTTP/1.0" 404 693 "-" "Mozilla/5.0 (compatible; Yahoo! Slurp; http://help.yahoo.com/help/us/ysearch/slurp)"
69.139.68.32 - - [27/Dec/2008:14:38:22 -0500] "GET /favicon.ico HTTP/1.1" 404 693 "-" "Mozilla/4.0 (compatible; MSIE 7.0; Windows NT 6.0; SLCC1; .NET CLR 2.0.50727; Media Center PC 5.0; .NET CLR 3.0.04506; .NET CLR 1.1.4322)"
69.139.68.32 - - [27/Dec/2008:14:38:22 -0500] "GET / HTTP/1.1" 200 464 "-" "Mozilla/4.0 (compatible; MSIE 7.0; Windows NT 6.0; SLCC1; .NET CLR 2.0.50727; Media Center PC 5.0; .NET CLR 3.0.04506; .NET CLR 1.1.4322)"
69.139.68.32 - - [27/Dec/2008:14:38:22 -0500] "GET /toastpointtopleft.html HTTP/1.1" 200 162 "http://toastpoint.com/" "Mozilla/4.0 (compatible; MSIE 7.0; Windows NT 6.0; SLCC1; .NET CLR 2.0.50727; Media Center PC 5.0; .NET CLR 3.0.04506; .NET CLR 1.1.4322)"
69.139.68.32 - - [27/Dec/2008:14:38:22 -0500] "GET /toastpointtoc.html HTTP/1.1" 200 1188 "http://toastpoint.com/" "Mozilla/4.0 (compatible; MSIE 7.0; Windows NT 6.0; SLCC1; .NET CLR 2.0.50727; Media Center PC 5.0; .NET CLR 3.0.04506; .NET CLR 1.1.4322)"
69.139.68.32 - - [27/Dec/2008:14:38:22 -0500] "GET /tpnews.html HTTP/1.1" 200 8305 "http://toastpoint.com/" "Mozilla/4.0 (compatible; MSIE 7.0; Windows NT 6.0; SLCC1; .NET CLR 2.0.50727; Media Center PC 5.0; .NET CLR 3.0.04506; .NET CLR 1.1.4322)"
69.139.68.32 - - [27/Dec/2008:14:38:22 -0500] "GET /news.html HTTP/1.1" 200 17706 "http://toastpoint.com/" "Mozilla/4.0 (compatible; MSIE 7.0; Windows NT 6.0; SLCC1; .NET CLR 2.0.50727; Media Center PC 5.0; .NET CLR 3.0.04506; .NET CLR 1.1.4322)"
69.139.68.32 - - [27/Dec/2008:14:38:22 -0500] "GET /toastpointtopright.html HTTP/1.1" 200 151 "http://toastpoint.com/" "Mozilla/4.0 (compatible; MSIE 7.0; Windows NT 6.0; SLCC1; .NET CLR 2.0.50727; Media Center PC 5.0; .NET CLR 3.0.04506; .NET CLR 1.1.4322)"
69.139.68.32 - - [27/Dec/2008:14:38:23 -0500] "GET /gifs/tpwinter20089.jpg HTTP/1.1" 200 28088 "http://toastpoint.com/news.html" "Mozilla/4.0 (compatible; MSIE 7.0; Windows NT 6.0; SLCC1; .NET CLR 2.0.50727; Media Center PC 5.0; .NET CLR 3.0.04506; .NET CLR 1.1.4322)"
64.1.215.164 - - [27/Dec/2008:14:51:55 -0500] "GET /limerick/1996/nice596.html HTTP/1.0" 200 13725 "-" "Mozilla/5.0 (Twiceler-0.9 http://www.cuil.com/twiceler/robot.html)"
64.12.116.139 - - [27/Dec/2008:15:11:51 -0500] "HEAD /limerick/brady/brady99.html HTTP/1.1" 200 - "-" "Mozilla/4.0 (compatible; MSIE 6.0; AOL 9.0; Windows NT 5.1; SV1; .NET CLR 1.0.3705)"
67.176.23.16 - - [27/Dec/2008:16:04:00 -0500] "GET /favicon.ico HTTP/1.1" 404 693 "-" "Mozilla/4.0 (compatible; MSIE 7.0; Windows NT 5.1; .NET CLR 1.1.4322; .NET CLR 2.0.50727)"
67.176.23.16 - - [27/Dec/2008:16:04:00 -0500] "GET /gifs/quill2.gif HTTP/1.1" 200 4300 "http://www.toastpoint.com/fiction/fict9596/fic1096.html" "Mozilla/4.0 (compatible; MSIE 7.0; Windows NT 5.1; .NET CLR 1.1.4322; .NET CLR 2.0.50727)"
67.176.23.16 - - [27/Dec/2008:16:04:00 -0500] "GET /gifs/quill.gif HTTP/1.1" 200 4312 "http://www.toastpoint.com/fiction/fict9596/fic1096.html" "Mozilla/4.0 (compatible; MSIE 7.0; Windows NT 5.1; .NET CLR 1.1.4322; .NET CLR 2.0.50727)"
67.176.23.16 - - [27/Dec/2008:16:04:00 -0500] "GET /gifs/goldstar.jpg HTTP/1.1" 200 1854 "http://www.toastpoint.com/fiction/fict9596/fic1096.html" "Mozilla/4.0 (compatible; MSIE 7.0; Windows NT 5.1; .NET CLR 1.1.4322; .NET CLR 2.0.50727)"
67.176.23.16 - - [27/Dec/2008:16:04:00 -0500] "GET /fiction/fict9596/fic1096.html HTTP/1.1" 200 26986 "-" "Mozilla/4.0 (compatible; MSIE 7.0; Windows NT 5.1; .NET CLR 1.1.4322; .NET CLR 2.0.50727)"
193.252.149.15 - - [27/Dec/2008:16:05:56 -0500] "GET /haiku/haiku499.html HTTP/1.1" 200 54815 "-" "Mozilla/5.0 (Windows; U; Windows NT 5.1; fr; rv:1.8.1) VoilaBot BETA 1.2 (support.voilabot@orange-ftgroup.com)"
81.52.143.26 - - [27/Dec/2008:16:22:09 -0500] "GET /haiku/?D=A HTTP/1.1" 403 563 "-" "Mozilla/5.0 (Windows; U; Windows NT 5.1; fr; rv:1.8.1) VoilaBot BETA 1.2 (support.voilabot@orange-ftgroup.com)"
206.53.144.138 - - [27/Dec/2008:16:51:58 -0500] "GET /haiku/haiku399.html HTTP/1.0" 200 75208 "http://www.google.com/m/search?eosr=on&mrestrict=xhtml&q=fujiami+definition" "BlackBerry8130/4.3.0 Profile/MIDP-2.0 Configuration/CLDC-1.1 VendorID/106"
206.53.144.138 - - [27/Dec/2008:16:51:59 -0500] "GET /gifs/blank.jpg HTTP/1.0" 200 705 "http://www.toastpoint.com/haiku/haiku399.html" "BlackBerry8130/4.3.0 Profile/MIDP-2.0 Configuration/CLDC-1.1 VendorID/106"
206.53.144.138 - - [27/Dec/2008:16:51:59 -0500] "GET /favicon.ico HTTP/1.0" 404 693 "http://www.toastpoint.com/haiku/haiku399.html" "BlackBerry8130/4.3.0 Profile/MIDP-2.0 Configuration/CLDC-1.1 VendorID/106"
206.53.144.138 - - [27/Dec/2008:16:51:59 -0500] "GET /gifs/goldstar.jpg HTTP/1.0" 200 1854 "http://www.toastpoint.com/haiku/haiku399.html" "BlackBerry8130/4.3.0 Profile/MIDP-2.0 Configuration/CLDC-1.1 VendorID/106"
206.53.144.138 - - [27/Dec/2008:16:51:59 -0500] "GET /gifs/japan.gif HTTP/1.0" 200 5737 "http://www.toastpoint.com/haiku/haiku399.html" "BlackBerry8130/4.3.0 Profile/MIDP-2.0 Configuration/CLDC-1.1 VendorID/106"
217.212.224.183 - - [27/Dec/2008:17:01:17 -0500] "GET /robots.txt HTTP/1.0" 404 693 "-" "psbot/0.1 (+http://www.picsearch.com/bot.html)"
217.212.224.186 - - [27/Dec/2008:17:01:18 -0500] "GET /limerick/1996/naut896.html HTTP/1.0" 200 14574 "-" "psbot/0.1 (+http://www.picsearch.com/bot.html)"
82.237.65.119 - - [27/Dec/2008:17:06:35 -0500] "GET http://www.toastpoint.com/ HTTP/1.0" 200 464 "-" "Mozilla/4.0 (compatible; MSIE 7.0b; Windows NT 6.0)"
69.137.119.88 - - [27/Dec/2008:17:07:38 -0500] "GET /limerick/naut199.html HTTP/1.1" 200 34481 "http://www.google.com/search?q=naughty+limericks&ie=utf-8&oe=utf-8&aq=t&rls=org.mozilla:en-US:official&client=firefox-a" "Mozilla/5.0 (Windows; U; Windows NT 6.0; en-US; rv:1.9.0.5) Gecko/2008120122 Firefox/3.0.5"
69.137.119.88 - - [27/Dec/2008:17:07:38 -0500] "GET /gifs/boobies.gif HTTP/1.1" 200 11144 "http://www.toastpoint.com/limerick/naut199.html" "Mozilla/5.0 (Windows; U; Windows NT 6.0; en-US; rv:1.9.0.5) Gecko/2008120122 Firefox/3.0.5"
69.137.119.88 - - [27/Dec/2008:17:07:38 -0500] "GET /gifs/nakedman.gif HTTP/1.1" 200 7734 "http://www.toastpoint.com/limerick/naut199.html" "Mozilla/5.0 (Windows; U; Windows NT 6.0; en-US; rv:1.9.0.5) Gecko/2008120122 Firefox/3.0.5"
69.137.119.88 - - [27/Dec/2008:17:07:38 -0500] "GET /gifs/goldstar.jpg HTTP/1.1" 200 1854 "http://www.toastpoint.com/limerick/naut199.html" "Mozilla/5.0 (Windows; U; Windows NT 6.0; en-US; rv:1.9.0.5) Gecko/2008120122 Firefox/3.0.5"
69.137.119.88 - - [27/Dec/2008:17:07:39 -0500] "GET /favicon.ico HTTP/1.1" 404 693 "-" "Mozilla/5.0 (Windows; U; Windows NT 6.0; en-US; rv:1.9.0.5) Gecko/2008120122 Firefox/3.0.5"
69.137.119.88 - - [27/Dec/2008:17:07:42 -0500] "GET /favicon.ico HTTP/1.1" 404 693 "-" "Mozilla/5.0 (Windows; U; Windows NT 6.0; en-US; rv:1.9.0.5) Gecko/2008120122 Firefox/3.0.5"
208.36.144.8 - - [27/Dec/2008:17:26:32 -0500] "GET /robots.txt HTTP/1.0" 404 693 "-" "Mozilla/5.0 (Twiceler-0.9 http://www.cuil.com/twiceler/robot.html)"
216.183.81.221 - - [27/Dec/2008:17:31:24 -0500] "GET / HTTP/1.1" 304 - "-" "Wget/1.10.2"
74.6.18.181 - - [27/Dec/2008:17:34:34 -0500] "GET /robots.txt HTTP/1.0" 404 693 "-" "Mozilla/5.0 (compatible; Yahoo! Slurp; http://help.yahoo.com/help/us/ysearch/slurp)"
74.6.30.101 - - [27/Dec/2008:17:34:35 -0500] "GET / HTTP/1.0" 200 464 "-" "Mozilla/5.0 (compatible; Yahoo! DE Slurp; http://help.yahoo.com/help/us/ysearch/slurp)"
74.6.30.101 - - [27/Dec/2008:17:34:35 -0500] "GET /toastpointtopleft.html HTTP/1.0" 200 162 "-" "Mozilla/5.0 (compatible; Yahoo! DE Slurp; http://help.yahoo.com/help/us/ysearch/slurp)"
74.6.30.101 - - [27/Dec/2008:17:34:36 -0500] "GET /toastpointtoc.html HTTP/1.0" 200 1188 "-" "Mozilla/5.0 (compatible; Yahoo! DE Slurp; http://help.yahoo.com/help/us/ysearch/slurp)"
74.6.30.101 - - [27/Dec/2008:17:34:36 -0500] "GET /news.html HTTP/1.0" 200 17706 "-" "Mozilla/5.0 (compatible; Yahoo! DE Slurp; http://help.yahoo.com/help/us/ysearch/slurp)"
74.6.30.101 - - [27/Dec/2008:17:34:37 -0500] "GET /toastpointtopright.html HTTP/1.0" 200 151 "-" "Mozilla/5.0 (compatible; Yahoo! DE Slurp; http://help.yahoo.com/help/us/ysearch/slurp)"
74.6.30.101 - - [27/Dec/2008:17:34:37 -0500] "GET /tpnews.html HTTP/1.0" 200 8305 "-" "Mozilla/5.0 (compatible; Yahoo! DE Slurp; http://help.yahoo.com/help/us/ysearch/slurp)"
63.241.3.51 - - [27/Dec/2008:17:40:42 -0500] "GET /limerick/limerick.html HTTP/1.1" 200 2613 "-" "Mozilla/4.0 (compatible; MSIE 7.0; Windows NT 5.1; .NET CLR 1.1.4322; .NET CLR 2.0.50727; InfoPath.1; .NET CLR 3.0.04506.30; .NET CLR 3.0.04506.648)"
195.128.18.18 - - [27/Dec/2008:17:49:16 -0500] "GET /robots.txt HTTP/1.0" 404 693 "-" "Mozilla/5.0 (compatible; DBLBot/1.0; +http://www.dontbuylists.com/)"
195.128.18.18 - - [27/Dec/2008:17:49:19 -0500] "GET / HTTP/1.0" 200 464 "-" "Mozilla/5.0 (compatible; DBLBot/1.0; +http://www.dontbuylists.com/)"
195.128.18.18 - - [27/Dec/2008:17:49:19 -0500] "GET /robots.txt HTTP/1.0" 404 693 "-" "Mozilla/5.0 (compatible; DBLBot/1.0; +http://www.dontbuylists.com/)"
195.128.18.18 - - [27/Dec/2008:17:49:22 -0500] "GET /toastpointtoc.html HTTP/1.0" 200 1188 "-" "Mozilla/5.0 (compatible; DBLBot/1.0; +http://www.dontbuylists.com/)"
195.128.18.18 - - [27/Dec/2008:17:49:22 -0500] "GET /bio.html HTTP/1.0" 200 7868 "-" "Mozilla/5.0 (compatible; DBLBot/1.0; +http://www.dontbuylists.com/)"
195.128.18.18 - - [27/Dec/2008:17:49:23 -0500] "GET /prideforallages.html HTTP/1.0" 200 988 "-" "Mozilla/5.0 (compatible; DBLBot/1.0; +http://www.dontbuylists.com/)"
195.128.18.18 - - [27/Dec/2008:17:49:24 -0500] "GET /wumpus.html HTTP/1.0" 200 566 "-" "Mozilla/5.0 (compatible; DBLBot/1.0; +http://www.dontbuylists.com/)"
81.52.143.15 - - [27/Dec/2008:18:03:22 -0500] "GET /robots.txt HTTP/1.1" 404 693 "-" "Mozilla/5.0 (Windows; U; Windows NT 5.1; fr; rv:1.8.1) VoilaBot BETA 1.2 (support.voilabot@orange-ftgroup.com)"
81.52.143.15 - - [27/Dec/2008:18:03:24 -0500] "GET /fiction/fict399.html HTTP/1.1" 200 27729 "-" "Mozilla/5.0 (Windows; U; Windows NT 5.1; fr; rv:1.8.1) VoilaBot BETA 1.2 (support.voilabot@orange-ftgroup.com)"
70.215.202.193 - - [27/Dec/2008:19:28:45 -0500] "GET /fiction/fict399.html HTTP/1.1" 200 27729 "http://images.google.com/imgres?imgurl=http://www.toastpoint.com/gifs/quill1.gif&imgrefurl=http://www.toastpoint.com/fiction/fict399.html&usg=__Ko4CFuHPKTIqIz4f7oENG9EOMtA=&h=176&w=194&sz=5&hl=en&start=7&sig2=1T-XUlNHDVyvv9BZRZL9BA&tbnid=ohdvuboevaPLEM:&tbnh=93&tbnw=103&ei=N8hWSaeBDoe4sAOrkNGXDQ&prev=/images%3Fq%3Dquill%2Band%2Bpaper%26imgtype%3Dlineart%26as_st%3Dy%26gbv%3D2%26ndsp%3D20%26hl%3Den%26sa%3DN" "Mozilla/5.0 (Macintosh; U; PPC Mac OS X; en-us) AppleWebKit/523.15.1 (KHTML, like Gecko) Version/3.0.4 Safari/523.15"
70.215.202.193 - - [27/Dec/2008:19:28:46 -0500] "GET /gifs/quill2.gif HTTP/1.1" 200 4300 "http://www.toastpoint.com/fiction/fict399.html" "Mozilla/5.0 (Macintosh; U; PPC Mac OS X; en-us) AppleWebKit/523.15.1 (KHTML, like Gecko) Version/3.0.4 Safari/523.15"
70.215.202.193 - - [27/Dec/2008:19:28:46 -0500] "GET /gifs/paper.gif HTTP/1.1" 200 4756 "http://www.toastpoint.com/fiction/fict399.html" "Mozilla/5.0 (Macintosh; U; PPC Mac OS X; en-us) AppleWebKit/523.15.1 (KHTML, like Gecko) Version/3.0.4 Safari/523.15"
70.215.202.193 - - [27/Dec/2008:19:28:46 -0500] "GET /gifs/quill1.gif HTTP/1.1" 200 4312 "http://www.toastpoint.com/fiction/fict399.html" "Mozilla/5.0 (Macintosh; U; PPC Mac OS X; en-us) AppleWebKit/523.15.1 (KHTML, like Gecko) Version/3.0.4 Safari/523.15"
70.215.202.193 - - [27/Dec/2008:19:28:46 -0500] "GET /gifs/star3.gif HTTP/1.1" 200 1536 "http://www.toastpoint.com/fiction/fict399.html" "Mozilla/5.0 (Macintosh; U; PPC Mac OS X; en-us) AppleWebKit/523.15.1 (KHTML, like Gecko) Version/3.0.4 Safari/523.15"
70.215.202.193 - - [27/Dec/2008:19:28:47 -0500] "GET /fiction/crabthb.gif HTTP/1.1" 200 20571 "http://www.toastpoint.com/fiction/fict399.html" "Mozilla/5.0 (Macintosh; U; PPC Mac OS X; en-us) AppleWebKit/523.15.1 (KHTML, like Gecko) Version/3.0.4 Safari/523.15"
70.215.202.193 - - [27/Dec/2008:19:30:46 -0500] "GET /favicon.ico HTTP/1.1" 404 693 "http://www.toastpoint.com/gifs/quill1.gif" "Mozilla/5.0 (Macintosh; U; PPC Mac OS X; en-us) AppleWebKit/523.15.1 (KHTML, like Gecko) Version/3.0.4 Safari/523.15"
216.183.81.221 - - [27/Dec/2008:19:37:31 -0500] "GET / HTTP/1.1" 304 - "-" "Wget/1.10.2"
64.141.122.104 - - [27/Dec/2008:19:47:18 -0500] "GET /favicon.ico HTTP/1.1" 404 693 "-" "Mozilla/5.0 (Windows; U; Windows NT 6.0; en-GB; rv:1.9.0.5) Gecko/2008120122 Firefox/3.0.5"
64.141.122.104 - - [27/Dec/2008:19:47:18 -0500] "GET /limerick/1995/nicedec.html HTTP/1.1" 200 13251 "-" "Mozilla/5.0 (Windows; U; Windows NT 6.0; en-GB; rv:1.9.0.5) Gecko/2008120122 Firefox/3.0.5"
64.141.122.104 - - [27/Dec/2008:19:47:18 -0500] "GET /gifs/happy.jpg HTTP/1.1" 200 3135 "http://www.toastpoint.com/limerick/1995/nicedec.html" "Mozilla/5.0 (Windows; U; Windows NT 6.0; en-GB; rv:1.9.0.5) Gecko/2008120122 Firefox/3.0.5"
64.141.122.104 - - [27/Dec/2008:19:47:18 -0500] "GET /gifs/goldstar.jpg HTTP/1.1" 200 1854 "http://www.toastpoint.com/limerick/1995/nicedec.html" "Mozilla/5.0 (Windows; U; Windows NT 6.0; en-GB; rv:1.9.0.5) Gecko/2008120122 Firefox/3.0.5"
208.115.111.245 - - [27/Dec/2008:19:48:03 -0500] "GET /robots.txt HTTP/1.1" 404 693 "-" "Mozilla/5.0 (compatible; DotBot/1.1; http://www.dotnetdotcom.org/, crawler@dotnetdotcom.org)"
208.115.111.245 - - [27/Dec/2008:20:22:04 -0500] "GET /fiction/fict98/fict798.html HTTP/1.1" 200 40803 "-" "Mozilla/5.0 (compatible; DotBot/1.1; http://www.dotnetdotcom.org/, crawler@dotnetdotcom.org)"
208.115.111.245 - - [27/Dec/2008:20:22:07 -0500] "GET /fiction/fict98/fict98.html HTTP/1.1" 200 1540 "-" "Mozilla/5.0 (compatible; DotBot/1.1; http://www.dotnetdotcom.org/, crawler@dotnetdotcom.org)"
208.115.111.245 - - [27/Dec/2008:20:22:08 -0500] "GET /fiction/fict98/fict998.html HTTP/1.1" 200 7905 "-" "Mozilla/5.0 (compatible; DotBot/1.1; http://www.dotnetdotcom.org/, crawler@dotnetdotcom.org)"
208.115.111.245 - - [27/Dec/2008:20:22:09 -0500] "GET /fiction/fiction.html HTTP/1.1" 200 2705 "-" "Mozilla/5.0 (compatible; DotBot/1.1; http://www.dotnetdotcom.org/, crawler@dotnetdotcom.org)"
208.115.111.245 - - [27/Dec/2008:20:22:10 -0500] "GET /fiction/novels/parkey.html HTTP/1.1" 200 25723 "-" "Mozilla/5.0 (compatible; DotBot/1.1; http://www.dotnetdotcom.org/, crawler@dotnetdotcom.org)"
208.115.111.245 - - [27/Dec/2008:20:22:12 -0500] "GET /fiction/novels/peak.html HTTP/1.1" 200 2410 "-" "Mozilla/5.0 (compatible; DotBot/1.1; http://www.dotnetdotcom.org/, crawler@dotnetdotcom.org)"
208.115.111.245 - - [27/Dec/2008:20:22:12 -0500] "GET /fiction/novels/peak1-2.html HTTP/1.1" 200 2302 "-" "Mozilla/5.0 (compatible; DotBot/1.1; http://www.dotnetdotcom.org/, crawler@dotnetdotcom.org)"
208.115.111.245 - - [27/Dec/2008:20:22:14 -0500] "GET /fiction/novels/peak2.html HTTP/1.1" 200 15955 "-" "Mozilla/5.0 (compatible; DotBot/1.1; http://www.dotnetdotcom.org/, crawler@dotnetdotcom.org)"
208.115.111.245 - - [27/Dec/2008:20:22:16 -0500] "GET /fiction/novels/peak3.html HTTP/1.1" 200 6906 "-" "Mozilla/5.0 (compatible; DotBot/1.1; http://www.dotnetdotcom.org/, crawler@dotnetdotcom.org)"
208.115.111.245 - - [27/Dec/2008:20:22:18 -0500] "GET /fiction/novels/peak4.html HTTP/1.1" 200 13115 "-" "Mozilla/5.0 (compatible; DotBot/1.1; http://www.dotnetdotcom.org/, crawler@dotnetdotcom.org)"
81.52.143.16 - - [27/Dec/2008:20:55:59 -0500] "GET /limerick/1998/nice498.html HTTP/1.1" 200 32863 "-" "Mozilla/5.0 (Windows; U; Windows NT 5.1; fr; rv:1.8.1) VoilaBot BETA 1.2 (support.voilabot@orange-ftgroup.com)"
67.195.37.167 - - [27/Dec/2008:21:30:12 -0500] "GET /robots.txt HTTP/1.0" 404 693 "-" "Mozilla/5.0 (compatible; Yahoo! Slurp; http://help.yahoo.com/help/us/ysearch/slurp)"
67.195.37.167 - - [27/Dec/2008:21:30:12 -0500] "GET / HTTP/1.0" 200 464 "-" "Mozilla/5.0 (compatible; Yahoo! DE Slurp; http://help.yahoo.com/help/us/ysearch/slurp)"
67.195.37.167 - - [27/Dec/2008:21:30:13 -0500] "GET /toastpointtopleft.html HTTP/1.0" 200 162 "-" "Mozilla/5.0 (compatible; Yahoo! DE Slurp; http://help.yahoo.com/help/us/ysearch/slurp)"
67.195.37.167 - - [27/Dec/2008:21:30:13 -0500] "GET /toastpointtoc.html HTTP/1.0" 304 - "-" "Mozilla/5.0 (compatible; Yahoo! DE Slurp; http://help.yahoo.com/help/us/ysearch/slurp)"
67.195.37.167 - - [27/Dec/2008:21:30:13 -0500] "GET /news.html HTTP/1.0" 200 17706 "-" "Mozilla/5.0 (compatible; Yahoo! DE Slurp; http://help.yahoo.com/help/us/ysearch/slurp)"
67.195.37.167 - - [27/Dec/2008:21:30:14 -0500] "GET /toastpointtopright.html HTTP/1.0" 200 151 "-" "Mozilla/5.0 (compatible; Yahoo! DE Slurp; http://help.yahoo.com/help/us/ysearch/slurp)"
67.195.37.167 - - [27/Dec/2008:21:30:15 -0500] "GET /tpnews.html HTTP/1.0" 200 8305 "-" "Mozilla/5.0 (compatible; Yahoo! DE Slurp; http://help.yahoo.com/help/us/ysearch/slurp)"
81.52.143.26 - - [27/Dec/2008:21:50:33 -0500] "GET /limerick/docs/formhint.html HTTP/1.1" 200 2522 "-" "Mozilla/5.0 (Windows; U; Windows NT 5.1; fr; rv:1.8.1) VoilaBot BETA 1.2 (support.voilabot@orange-ftgroup.com)"
72.30.65.29 - - [27/Dec/2008:21:54:05 -0500] "GET /ponder.html HTTP/1.0" 200 3441 "-" "Mozilla/5.0 (compatible; Yahoo! Slurp; http://help.yahoo.com/help/us/ysearch/slurp)"
208.115.111.245 - - [27/Dec/2008:22:15:09 -0500] "GET /robots.txt HTTP/1.1" 404 693 "-" "Mozilla/5.0 (compatible; DotBot/1.1; http://www.dotnetdotcom.org/, crawler@dotnetdotcom.org)"
208.80.194.39 - - [27/Dec/2008:22:44:56 -0500] "GET / HTTP/1.0" 200 464 "-" "Mozilla/4.0 (compatible; MSIE 7.0; Windows NT 5.2; WOW64; .NET CLR 1.1.4322; .NET CLR 2.0.50727; InfoPath.1)"
208.115.111.245 - - [27/Dec/2008:23:18:42 -0500] "GET /fiction/novels/rosalind.html HTTP/1.1" 200 30989 "-" "Mozilla/5.0 (compatible; DotBot/1.1; http://www.dotnetdotcom.org/, crawler@dotnetdotcom.org)"
208.115.111.245 - - [27/Dec/2008:23:18:45 -0500] "GET /fiction/novels/xmascurl.html HTTP/1.1" 200 33957 "-" "Mozilla/5.0 (compatible; DotBot/1.1; http://www.dotnetdotcom.org/, crawler@dotnetdotcom.org)"
208.115.111.245 - - [27/Dec/2008:23:18:46 -0500] "GET /haiku HTTP/1.1" 301 240 "-" "Mozilla/5.0 (compatible; DotBot/1.1; http://www.dotnetdotcom.org/, crawler@dotnetdotcom.org)"
208.115.111.245 - - [27/Dec/2008:23:18:47 -0500] "GET /haiku/ HTTP/1.1" 403 563 "-" "Mozilla/5.0 (compatible; DotBot/1.1; http://www.dotnetdotcom.org/, crawler@dotnetdotcom.org)"
208.115.111.245 - - [27/Dec/2008:23:18:48 -0500] "GET /haiku/1995/1995.html HTTP/1.1" 200 951 "-" "Mozilla/5.0 (compatible; DotBot/1.1; http://www.dotnetdotcom.org/, crawler@dotnetdotcom.org)"
208.115.111.245 - - [27/Dec/2008:23:18:50 -0500] "GET /haiku/1995/bestof95.html HTTP/1.1" 200 7955 "-" "Mozilla/5.0 (compatible; DotBot/1.1; http://www.dotnetdotcom.org/, crawler@dotnetdotcom.org)"
208.115.111.245 - - [27/Dec/2008:23:18:51 -0500] "GET /haiku/1995/haikuaug.html HTTP/1.1" 200 6373 "-" "Mozilla/5.0 (compatible; DotBot/1.1; http://www.dotnetdotcom.org/, crawler@dotnetdotcom.org)"
208.115.111.245 - - [27/Dec/2008:23:18:52 -0500] "GET /haiku/1995/haikudec.html HTTP/1.1" 200 16366 "-" "Mozilla/5.0 (compatible; DotBot/1.1; http://www.dotnetdotcom.org/, crawler@dotnetdotcom.org)"
208.115.111.245 - - [27/Dec/2008:23:18:52 -0500] "GET /haiku/1995/haikujul.html HTTP/1.1" 200 2170 "-" "Mozilla/5.0 (compatible; DotBot/1.1; http://www.dotnetdotcom.org/, crawler@dotnetdotcom.org)"
208.115.111.245 - - [27/Dec/2008:23:18:54 -0500] "GET /haiku/1995/haikujun.html HTTP/1.1" 200 2332 "-" "Mozilla/5.0 (compatible; DotBot/1.1; http://www.dotnetdotcom.org/, crawler@dotnetdotcom.org)"
81.52.143.26 - - [27/Dec/2008:23:37:37 -0500] "GET /limerick/nautfrm.html HTTP/1.1" 200 548 "-" "Mozilla/5.0 (Windows; U; Windows NT 5.1; fr; rv:1.8.1) VoilaBot BETA 1.2 (support.voilabot@orange-ftgroup.com)"
208.36.144.6 - - [27/Dec/2008:23:57:52 -0500] "GET /robots.txt HTTP/1.0" 404 693 "-" "Mozilla/5.0 (Twiceler-0.9 http://www.cuil.com/twiceler/robot.html)"
