24.178.33.47 - - [03/Dec/2008:00:15:34 -0500] "GET /limerick/docs/formhint.html HTTP/1.1" 200 2522 "http://www.google.com/search?rlz=1C1CHMG_en-USUS291US303&sourceid=chrome&ie=UTF-8&q=limerick+structure" "Mozilla/5.0 (Windows; U; Windows NT 5.1; en-US) AppleWebKit/525.19 (KHTML, like Gecko) Chrome/0.4.154.29 Safari/525.19"
24.178.33.47 - - [03/Dec/2008:00:15:34 -0500] "GET /limerick/docs/formhint.html HTTP/1.1" 200 2522 "http://www.google.com/search?rlz=1C1CHMG_en-USUS291US303&sourceid=chrome&ie=UTF-8&q=limerick+structure" "Mozilla/5.0 (Windows; U; Windows NT 5.1; en-US) AppleWebKit/525.19 (KHTML, like Gecko) Chrome/0.4.154.29 Safari/525.19"
24.178.33.47 - - [03/Dec/2008:00:15:34 -0500] "GET /limerick/gifs/goldstar.jpg HTTP/1.1" 404 693 "http://www.toastpoint.com/limerick/docs/formhint.html" "Mozilla/5.0 (Windows; U; Windows NT 5.1; en-US) AppleWebKit/525.19 (KHTML, like Gecko) Chrome/0.4.154.29 Safari/525.19"
24.178.33.47 - - [03/Dec/2008:00:15:34 -0500] "GET /favicon.ico HTTP/1.1" 404 693 "-" "Mozilla/5.0 (Windows; U; Windows NT 5.1; en-US) AppleWebKit/525.19 (KHTML, like Gecko) Chrome/0.4.154.29 Safari/525.19"
72.14.199.90 - - [03/Dec/2008:00:17:39 -0500] "GET /fiction/fiction.html HTTP/1.1" 200 2705 "-" "DoCoMo/2.0 N905i(c100;TB;W24H16) (compatible; Googlebot-Mobile/2.1; +http://www.google.com/bot.html)"
140.233.216.31 - - [03/Dec/2008:00:19:53 -0500] "GET /favicon.ico HTTP/1.1" 404 693 "http://www.toastpoint.com/limerick/naut199.html" "Mozilla/5.0 (Macintosh; U; Intel Mac OS X 10_4_11; en) AppleWebKit/525.27.1 (KHTML, like Gecko) Version/3.2.1 Safari/525.27.1"
140.233.216.31 - - [03/Dec/2008:00:19:53 -0500] "GET /gifs/goldstar.jpg HTTP/1.1" 200 1854 "http://www.toastpoint.com/limerick/naut199.html" "Mozilla/5.0 (Macintosh; U; Intel Mac OS X 10_4_11; en) AppleWebKit/525.27.1 (KHTML, like Gecko) Version/3.2.1 Safari/525.27.1"
140.233.216.31 - - [03/Dec/2008:00:19:53 -0500] "GET /gifs/boobies.gif HTTP/1.1" 200 11144 "http://www.toastpoint.com/limerick/naut199.html" "Mozilla/5.0 (Macintosh; U; Intel Mac OS X 10_4_11; en) AppleWebKit/525.27.1 (KHTML, like Gecko) Version/3.2.1 Safari/525.27.1"
140.233.216.31 - - [03/Dec/2008:00:19:53 -0500] "GET /gifs/nakedman.gif HTTP/1.1" 200 7734 "http://www.toastpoint.com/limerick/naut199.html" "Mozilla/5.0 (Macintosh; U; Intel Mac OS X 10_4_11; en) AppleWebKit/525.27.1 (KHTML, like Gecko) Version/3.2.1 Safari/525.27.1"
140.233.216.31 - - [03/Dec/2008:00:19:53 -0500] "GET /limerick/naut199.html HTTP/1.1" 200 34481 "http://www.toastpoint.com/limerick/naut199.html" "Mozilla/5.0 (Macintosh; U; Intel Mac OS X 10_4_11; en) AppleWebKit/525.27.1 (KHTML, like Gecko) Version/3.2.1 Safari/525.27.1"
75.83.127.94 - - [03/Dec/2008:00:30:42 -0500] "GET http://006a13a.netsolhost.com/index.html HTTP/1.0" 200 464 "-" "Mozilla/4.0 (compatible; MSIE 7.0b; Windows NT 6.0)"
96.28.208.246 - - [03/Dec/2008:00:37:25 -0500] "GET /favicon.ico HTTP/1.1" 404 693 "http://www.toastpoint.com/haiku/haiku499.html" "Mozilla/5.0 (Macintosh; U; Intel Mac OS X 10_5_5; en-us) AppleWebKit/525.27.1 (KHTML, like Gecko) Version/3.2.1 Safari/525.27.1"
96.28.208.246 - - [03/Dec/2008:00:37:25 -0500] "GET /gifs/japan.gif HTTP/1.1" 200 5737 "http://www.toastpoint.com/haiku/haiku499.html" "Mozilla/5.0 (Macintosh; U; Intel Mac OS X 10_5_5; en-us) AppleWebKit/525.27.1 (KHTML, like Gecko) Version/3.2.1 Safari/525.27.1"
96.28.208.246 - - [03/Dec/2008:00:37:26 -0500] "GET /gifs/goldstar.jpg HTTP/1.1" 200 1854 "http://www.toastpoint.com/haiku/haiku499.html" "Mozilla/5.0 (Macintosh; U; Intel Mac OS X 10_5_5; en-us) AppleWebKit/525.27.1 (KHTML, like Gecko) Version/3.2.1 Safari/525.27.1"
96.28.208.246 - - [03/Dec/2008:00:37:26 -0500] "GET /gifs/blank.jpg HTTP/1.1" 200 705 "http://www.toastpoint.com/haiku/haiku499.html" "Mozilla/5.0 (Macintosh; U; Intel Mac OS X 10_5_5; en-us) AppleWebKit/525.27.1 (KHTML, like Gecko) Version/3.2.1 Safari/525.27.1"
96.28.208.246 - - [03/Dec/2008:00:37:25 -0500] "GET /haiku/haiku499.html HTTP/1.1" 200 54815 "http://www.toastpoint.com/haiku/haiku499.html" "Mozilla/5.0 (Macintosh; U; Intel Mac OS X 10_5_5; en-us) AppleWebKit/525.27.1 (KHTML, like Gecko) Version/3.2.1 Safari/525.27.1"
75.83.127.94 - - [03/Dec/2008:00:44:47 -0500] "GET http://006a13a.netsolhost.com/index.html HTTP/1.0" 200 464 "-" "Mozilla/4.0 (compatible; MSIE 7.0b; Windows NT 6.0)"
75.83.127.94 - - [03/Dec/2008:00:48:33 -0500] "GET http://006a13a.netsolhost.com/index.html HTTP/1.0" 200 464 "-" "Mozilla/4.0 (compatible; MSIE 7.0b; Windows NT 6.0)"
81.52.143.26 - - [03/Dec/2008:00:49:04 -0500] "GET /limerick/nice299.html HTTP/1.1" 200 28130 "-" "Mozilla/5.0 (Windows; U; Windows NT 5.1; fr; rv:1.8.1) VoilaBot BETA 1.2 (support.voilabot@orange-ftgroup.com)"
193.252.149.15 - - [03/Dec/2008:01:03:30 -0500] "GET /haiku/haiku499.html HTTP/1.1" 200 54815 "-" "Mozilla/5.0 (Windows; U; Windows NT 5.1; fr; rv:1.8.1) VoilaBot BETA 1.2 (support.voilabot@orange-ftgroup.com)"
38.113.234.181 - - [03/Dec/2008:01:24:03 -0500] "GET /robots.txt HTTP/1.1" 404 693 "-" "voyager/2.0 (http://www.kosmix.com/html/crawler.html)"
63.239.69.1 - - [03/Dec/2008:01:25:32 -0500] "GET /limerick/naut199.html HTTP/1.1" 200 34481 "http://www.google.com/search?hl=en&q=naughty+limericks&revid=163213367&sa=X&oi=revisions_inline&resnum=0&ct=top-revision&cd=1" "Mozilla/4.0 (compatible; MSIE 6.0; Windows NT 5.1; WDL6.1.1; .NET CLR 1.1.4322; .NET CLR 2.0.50727)"
63.239.69.1 - - [03/Dec/2008:01:25:32 -0500] "GET /gifs/goldstar.jpg HTTP/1.1" 200 1854 "http://www.toastpoint.com/limerick/naut199.html" "Mozilla/4.0 (compatible; MSIE 6.0; Windows NT 5.1; WDL6.1.1; .NET CLR 1.1.4322; .NET CLR 2.0.50727)"
63.239.69.1 - - [03/Dec/2008:01:25:32 -0500] "GET /gifs/nakedman.gif HTTP/1.1" 200 7734 "http://www.toastpoint.com/limerick/naut199.html" "Mozilla/4.0 (compatible; MSIE 6.0; Windows NT 5.1; WDL6.1.1; .NET CLR 1.1.4322; .NET CLR 2.0.50727)"
63.239.69.1 - - [03/Dec/2008:01:25:32 -0500] "GET /gifs/boobies.gif HTTP/1.1" 200 11144 "http://www.toastpoint.com/limerick/naut199.html" "Mozilla/4.0 (compatible; MSIE 6.0; Windows NT 5.1; WDL6.1.1; .NET CLR 1.1.4322; .NET CLR 2.0.50727)"
24.122.242.73 - - [03/Dec/2008:01:27:57 -0500] "GET /limerick/brady/thebunch.gif HTTP/1.1" 200 41886 "http://images.google.com/images?q=THE+BRADY+BUNCH&svnum=20&hl=en&lr=&c2coff=1&safe=off&start=520&sa=N" "Mozilla/4.0 (compatible; MSIE 6.0; Windows NT 5.1; SV1)"
193.47.80.45 - - [03/Dec/2008:01:31:16 -0500] "GET /fiction/fict97/fict197.html HTTP/1.1" 200 17226 "-" "Mozilla/5.0 (compatible; Exabot/3.0; +http://www.exabot.com/go/robot)"
38.108.180.81 - - [03/Dec/2008:01:37:40 -0500] "GET /robots.txt HTTP/1.1" 404 693 "-" "Mozilla/5.0 (compatible; ScoutJet; +http://www.scoutjet.com/)"
38.108.180.81 - - [03/Dec/2008:01:37:41 -0500] "GET /haiku/1997/haiku697.html HTTP/1.1" 200 26478 "-" "Mozilla/5.0 (compatible; ScoutJet; +http://www.scoutjet.com/)"
38.108.180.81 - - [03/Dec/2008:01:40:55 -0500] "GET /haiku/1997/haiku197.html HTTP/1.1" 200 34967 "-" "Mozilla/5.0 (compatible; ScoutJet; +http://www.scoutjet.com/)"
38.108.180.81 - - [03/Dec/2008:01:45:02 -0500] "GET /haiku/1997/haiku297.html HTTP/1.1" 200 48218 "-" "Mozilla/5.0 (compatible; ScoutJet; +http://www.scoutjet.com/)"
81.52.143.16 - - [03/Dec/2008:02:47:17 -0500] "GET /limerick/naut599.html HTTP/1.1" 200 21235 "-" "Mozilla/5.0 (Windows; U; Windows NT 5.1; fr; rv:1.8.1) VoilaBot BETA 1.2 (support.voilabot@orange-ftgroup.com)"
208.36.144.6 - - [03/Dec/2008:02:53:50 -0500] "GET /robots.txt HTTP/1.0" 404 693 "-" "Mozilla/5.0 (Twiceler-0.9 http://www.cuil.com/twiceler/robot.html)"
72.14.199.90 - - [03/Dec/2008:03:25:50 -0500] "GET /fiction/novels/peak4.html HTTP/1.1" 200 13115 "-" "DoCoMo/2.0 N905i(c100;TB;W24H16) (compatible; Googlebot-Mobile/2.1; +http://www.google.com/bot.html)"
72.14.199.90 - - [03/Dec/2008:03:26:42 -0500] "GET /fiction/novels/parkey.html HTTP/1.1" 200 25723 "-" "DoCoMo/2.0 N905i(c100;TB;W24H16) (compatible; Googlebot-Mobile/2.1; +http://www.google.com/bot.html)"
72.14.199.90 - - [03/Dec/2008:03:26:53 -0500] "GET /fiction/novels/xmascurl.html HTTP/1.1" 200 33957 "-" "DoCoMo/2.0 N905i(c100;TB;W24H16) (compatible; Googlebot-Mobile/2.1; +http://www.google.com/bot.html)"
72.14.199.90 - - [03/Dec/2008:03:28:26 -0500] "GET /fiction/fict199.html HTTP/1.1" 200 21503 "-" "DoCoMo/2.0 N905i(c100;TB;W24H16) (compatible; Googlebot-Mobile/2.1; +http://www.google.com/bot.html)"
72.14.199.90 - - [03/Dec/2008:03:28:36 -0500] "GET /fiction/fict499.html HTTP/1.1" 200 12868 "-" "DoCoMo/2.0 N905i(c100;TB;W24H16) (compatible; Googlebot-Mobile/2.1; +http://www.google.com/bot.html)"
72.14.199.90 - - [03/Dec/2008:03:30:28 -0500] "GET /fiction/fict299.html HTTP/1.1" 200 38635 "-" "DoCoMo/2.0 N905i(c100;TB;W24H16) (compatible; Googlebot-Mobile/2.1; +http://www.google.com/bot.html)"
72.14.199.90 - - [03/Dec/2008:03:30:39 -0500] "GET /fiction/fict399.html HTTP/1.1" 200 27729 "-" "DoCoMo/2.0 N905i(c100;TB;W24H16) (compatible; Googlebot-Mobile/2.1; +http://www.google.com/bot.html)"
72.14.199.90 - - [03/Dec/2008:03:31:25 -0500] "GET /fiction/novels/peak3.html HTTP/1.1" 200 6906 "-" "DoCoMo/2.0 N905i(c100;TB;W24H16) (compatible; Googlebot-Mobile/2.1; +http://www.google.com/bot.html)"
72.14.199.90 - - [03/Dec/2008:03:32:48 -0500] "GET /fiction/novels/peak2.html HTTP/1.1" 200 15955 "-" "DoCoMo/2.0 N905i(c100;TB;W24H16) (compatible; Googlebot-Mobile/2.1; +http://www.google.com/bot.html)"
72.14.199.90 - - [03/Dec/2008:03:33:52 -0500] "GET /fiction/fict9596/fict9596.html HTTP/1.1" 200 1446 "-" "DoCoMo/2.0 N905i(c100;TB;W24H16) (compatible; Googlebot-Mobile/2.1; +http://www.google.com/bot.html)"
72.14.199.90 - - [03/Dec/2008:03:35:02 -0500] "GET /fiction/fict599.html HTTP/1.1" 200 7512 "-" "DoCoMo/2.0 N905i(c100;TB;W24H16) (compatible; Googlebot-Mobile/2.1; +http://www.google.com/bot.html)"
72.14.199.90 - - [03/Dec/2008:03:45:52 -0500] "GET /fiction/novels/rosalind.html HTTP/1.1" 200 30989 "-" "DoCoMo/2.0 N905i(c100;TB;W24H16) (compatible; Googlebot-Mobile/2.1; +http://www.google.com/bot.html)"
81.52.143.15 - - [03/Dec/2008:03:58:37 -0500] "GET /limerick/1996/naut596.html HTTP/1.1" 200 28755 "-" "Mozilla/5.0 (Windows; U; Windows NT 5.1; fr; rv:1.8.1) VoilaBot BETA 1.2 (support.voilabot@orange-ftgroup.com)"
72.94.15.48 - - [03/Dec/2008:03:59:47 -0500] "GET /favicon.ico HTTP/1.1" 404 693 "http://www.toastpoint.com/fiction/novels/peak2.html" "Mozilla/5.0 (Macintosh; U; Intel Mac OS X; en) AppleWebKit/523.12 (KHTML, like Gecko) Version/3.0.4 Safari/523.12"
72.94.15.48 - - [03/Dec/2008:03:59:47 -0500] "GET /fiction/novels/peak2.html HTTP/1.1" 200 15955 "http://www.toastpoint.com/fiction/novels/peak2.html" "Mozilla/5.0 (Macintosh; U; Intel Mac OS X; en) AppleWebKit/523.12 (KHTML, like Gecko) Version/3.0.4 Safari/523.12"
72.94.15.48 - - [03/Dec/2008:03:59:47 -0500] "GET /gifs/paper.gif HTTP/1.1" 200 4756 "http://www.toastpoint.com/fiction/novels/peak2.html" "Mozilla/5.0 (Macintosh; U; Intel Mac OS X; en) AppleWebKit/523.12 (KHTML, like Gecko) Version/3.0.4 Safari/523.12"
72.94.15.48 - - [03/Dec/2008:03:59:47 -0500] "GET /fiction/novels/wpeak.jpg HTTP/1.1" 200 52861 "http://www.toastpoint.com/fiction/novels/peak2.html" "Mozilla/5.0 (Macintosh; U; Intel Mac OS X; en) AppleWebKit/523.12 (KHTML, like Gecko) Version/3.0.4 Safari/523.12"
72.94.15.48 - - [03/Dec/2008:03:59:47 -0500] "GET /fiction/novels/petunia.jpg HTTP/1.1" 200 39799 "http://www.toastpoint.com/fiction/novels/peak2.html" "Mozilla/5.0 (Macintosh; U; Intel Mac OS X; en) AppleWebKit/523.12 (KHTML, like Gecko) Version/3.0.4 Safari/523.12"
81.52.143.16 - - [03/Dec/2008:04:53:36 -0500] "GET /haiku/haiku.html HTTP/1.1" 200 2147 "-" "Mozilla/5.0 (Windows; U; Windows NT 5.1; fr; rv:1.8.1) VoilaBot BETA 1.2 (support.voilabot@orange-ftgroup.com)"
65.55.165.102 - - [03/Dec/2008:04:54:48 -0500] "GET /limerick/1996/nice496.html HTTP/1.0" 200 15372 "http://search.live.com/results.aspx?q=nice496" "Mozilla/4.0 (compatible; MSIE 6.0; Windows NT 5.2; SV1; .NET CLR 1.1.4322)"
193.47.80.45 - - [03/Dec/2008:05:11:52 -0500] "GET /limerick/1997/nice997.html HTTP/1.1" 200 24299 "-" "Mozilla/5.0 (compatible; Exabot/3.0; +http://www.exabot.com/go/robot)"
81.52.143.16 - - [03/Dec/2008:05:25:02 -0500] "GET /limerick/1998/nice698.html HTTP/1.1" 200 24183 "-" "Mozilla/5.0 (Windows; U; Windows NT 5.1; fr; rv:1.8.1) VoilaBot BETA 1.2 (support.voilabot@orange-ftgroup.com)"
65.55.209.250 - - [03/Dec/2008:06:16:48 -0500] "GET /robots.txt HTTP/1.1" 404 693 "-" "msnbot/1.1 (+http://search.msn.com/msnbot.htm)"
65.55.209.250 - - [03/Dec/2008:06:16:48 -0500] "GET /haiku/ HTTP/1.1" 403 563 "-" "msnbot/1.1 (+http://search.msn.com/msnbot.htm)"
63.241.3.51 - - [03/Dec/2008:06:40:11 -0500] "GET /limerick/limerick.html HTTP/1.1" 200 2613 "-" "-"
193.252.149.16 - - [03/Dec/2008:07:58:31 -0500] "GET /fiction/fiction.html HTTP/1.1" 200 2705 "-" "Mozilla/5.0 (Windows; U; Windows NT 5.1; fr; rv:1.8.1) VoilaBot BETA 1.2 (support.voilabot@orange-ftgroup.com)"
208.80.194.49 - - [03/Dec/2008:08:07:31 -0500] "GET / HTTP/1.0" 200 464 "-" "Mozilla/4.0 (compatible; MSIE 6.0; Windows NT 5.1; SV1; InfoPath.1; GIGASIZE={--CDF19F0989DC4240B965451957D380C2--})"
72.14.199.109 - - [03/Dec/2008:08:28:34 -0500] "GET /robots.txt HTTP/1.1" 404 693 "-" "DoCoMo/2.0 N905i(c100;TB;W24H16) (compatible; Googlebot-Mobile/2.1; +http://www.google.com/bot.html)"
72.14.199.109 - - [03/Dec/2008:08:28:34 -0500] "GET /fiction/fict98/fict98.html HTTP/1.1" 200 1540 "-" "DoCoMo/2.0 N905i(c100;TB;W24H16) (compatible; Googlebot-Mobile/2.1; +http://www.google.com/bot.html)"
72.14.199.90 - - [03/Dec/2008:08:29:19 -0500] "GET /fiction/fict98/fict98.html HTTP/1.1" 200 1540 "-" "DoCoMo/2.0 N905i(c100;TB;W24H16) (compatible; Googlebot-Mobile/2.1; +http://www.google.com/bot.html)"
72.14.199.109 - - [03/Dec/2008:08:40:25 -0500] "GET /fiction/fict97/fict97.html HTTP/1.1" 200 1536 "-" "DoCoMo/2.0 N905i(c100;TB;W24H16) (compatible; Googlebot-Mobile/2.1; +http://www.google.com/bot.html)"
72.14.199.90 - - [03/Dec/2008:08:46:06 -0500] "GET /limerick/brady/brady99.html HTTP/1.1" 200 7546 "-" "DoCoMo/2.0 N905i(c100;TB;W24H16) (compatible; Googlebot-Mobile/2.1; +http://www.google.com/bot.html)"
217.212.224.183 - - [03/Dec/2008:09:02:20 -0500] "GET /robots.txt HTTP/1.0" 404 693 "-" "psbot/0.1 (+http://www.picsearch.com/bot.html)"
217.212.224.179 - - [03/Dec/2008:09:02:20 -0500] "GET /haiku/1998/haik1098.html HTTP/1.0" 200 36006 "-" "psbot/0.1 (+http://www.picsearch.com/bot.html)"
74.6.8.57 - - [03/Dec/2008:09:05:23 -0500] "GET /robots.txt HTTP/1.0" 404 693 "-" "Mozilla/5.0 (compatible; Yahoo! Slurp; http://help.yahoo.com/help/us/ysearch/slurp)"
74.6.30.101 - - [03/Dec/2008:09:05:23 -0500] "GET / HTTP/1.0" 200 464 "-" "Mozilla/5.0 (compatible; Yahoo! DE Slurp; http://help.yahoo.com/help/us/ysearch/slurp)"
74.6.30.101 - - [03/Dec/2008:09:05:24 -0500] "GET /toastpointtopleft.html HTTP/1.0" 200 162 "-" "Mozilla/5.0 (compatible; Yahoo! DE Slurp; http://help.yahoo.com/help/us/ysearch/slurp)"
74.6.30.101 - - [03/Dec/2008:09:05:24 -0500] "GET /toastpointtoc.html HTTP/1.0" 200 1188 "-" "Mozilla/5.0 (compatible; Yahoo! DE Slurp; http://help.yahoo.com/help/us/ysearch/slurp)"
74.6.30.101 - - [03/Dec/2008:09:05:24 -0500] "GET /news.html HTTP/1.0" 200 17577 "-" "Mozilla/5.0 (compatible; Yahoo! DE Slurp; http://help.yahoo.com/help/us/ysearch/slurp)"
74.6.30.101 - - [03/Dec/2008:09:05:25 -0500] "GET /toastpointtopright.html HTTP/1.0" 200 151 "-" "Mozilla/5.0 (compatible; Yahoo! DE Slurp; http://help.yahoo.com/help/us/ysearch/slurp)"
74.6.30.101 - - [03/Dec/2008:09:05:25 -0500] "GET /tpnews.html HTTP/1.0" 200 8004 "-" "Mozilla/5.0 (compatible; Yahoo! DE Slurp; http://help.yahoo.com/help/us/ysearch/slurp)"
204.29.75.253 - - [03/Dec/2008:09:14:52 -0500] "GET /gifs/boobies.gif HTTP/1.1" 200 11144 "http://www.toastpoint.com/limerick/naut199.html" "Mozilla/5.0 (Windows; U; Windows NT 5.2; en-US; rv:1.8.1.9) Gecko/20071025 Firefox/2.0.0.9"
204.29.75.253 - - [03/Dec/2008:09:14:51 -0500] "GET /limerick/naut199.html HTTP/1.1" 200 34481 "http://www.google.com/search?hl=en&client=firefox-a&rls=org.mozilla:en-US:official&hs=lND&sa=X&oi=spell&resnum=0&ct=result&cd=1&q=there+once+was+a+man+named+man+tucker&spell=1" "Mozilla/5.0 (Windows; U; Windows NT 5.2; en-US; rv:1.8.1.9) Gecko/20071025 Firefox/2.0.0.9"
204.29.75.253 - - [03/Dec/2008:09:14:52 -0500] "GET /gifs/nakedman.gif HTTP/1.1" 200 7734 "http://www.toastpoint.com/limerick/naut199.html" "Mozilla/5.0 (Windows; U; Windows NT 5.2; en-US; rv:1.8.1.9) Gecko/20071025 Firefox/2.0.0.9"
204.29.75.253 - - [03/Dec/2008:09:14:52 -0500] "GET /gifs/goldstar.jpg HTTP/1.1" 200 1854 "http://www.toastpoint.com/limerick/naut199.html" "Mozilla/5.0 (Windows; U; Windows NT 5.2; en-US; rv:1.8.1.9) Gecko/20071025 Firefox/2.0.0.9"
204.29.75.253 - - [03/Dec/2008:09:14:52 -0500] "GET /favicon.ico HTTP/1.1" 404 693 "-" "Mozilla/5.0 (Windows; U; Windows NT 5.2; en-US; rv:1.8.1.9) Gecko/20071025 Firefox/2.0.0.9"
72.30.142.221 - - [03/Dec/2008:09:32:37 -0500] "GET /robots.txt HTTP/1.0" 404 693 "-" "Mozilla/5.0 (compatible; Yahoo! Slurp; http://help.yahoo.com/help/us/ysearch/slurp)"
72.30.142.221 - - [03/Dec/2008:09:33:39 -0500] "GET /limerick/1996/nice196.html HTTP/1.0" 200 10647 "-" "Mozilla/5.0 (compatible; Yahoo! Slurp; http://help.yahoo.com/help/us/ysearch/slurp)"
65.215.33.194 - - [03/Dec/2008:09:37:04 -0500] "GET /favicon.ico HTTP/1.1" 404 693 "-" "Mozilla/4.0 (compatible; MSIE 7.0; Windows NT 5.1; InfoPath.1; .NET CLR 2.0.50727)"
65.215.33.194 - - [03/Dec/2008:09:37:04 -0500] "GET /gifs/japan.gif HTTP/1.1" 200 5737 "http://www.toastpoint.com/haiku/haiku599.html" "Mozilla/4.0 (compatible; MSIE 7.0; Windows NT 5.1; InfoPath.1; .NET CLR 2.0.50727)"
65.215.33.194 - - [03/Dec/2008:09:37:04 -0500] "GET /haiku/haiku599.html HTTP/1.1" 200 33918 "-" "Mozilla/4.0 (compatible; MSIE 7.0; Windows NT 5.1; InfoPath.1; .NET CLR 2.0.50727)"
65.215.33.194 - - [03/Dec/2008:09:37:04 -0500] "GET /gifs/goldstar.jpg HTTP/1.1" 200 1854 "http://www.toastpoint.com/haiku/haiku599.html" "Mozilla/4.0 (compatible; MSIE 7.0; Windows NT 5.1; InfoPath.1; .NET CLR 2.0.50727)"
65.215.33.194 - - [03/Dec/2008:09:37:04 -0500] "GET /gifs/blank.jpg HTTP/1.1" 200 705 "http://www.toastpoint.com/haiku/haiku599.html" "Mozilla/4.0 (compatible; MSIE 7.0; Windows NT 5.1; InfoPath.1; .NET CLR 2.0.50727)"
81.52.143.16 - - [03/Dec/2008:10:02:24 -0500] "GET /limerick/1996/nice496.html HTTP/1.1" 200 15372 "-" "Mozilla/5.0 (Windows; U; Windows NT 5.1; fr; rv:1.8.1) VoilaBot BETA 1.2 (support.voilabot@orange-ftgroup.com)"
81.52.143.15 - - [03/Dec/2008:10:10:53 -0500] "GET /limerick/?S=A HTTP/1.1" 403 563 "-" "Mozilla/5.0 (Windows; U; Windows NT 5.1; fr; rv:1.8.1) VoilaBot BETA 1.2 (support.voilabot@orange-ftgroup.com)"
208.80.194.48 - - [03/Dec/2008:10:27:27 -0500] "GET / HTTP/1.0" 200 464 "-" "Mozilla/4.0 (compatible; MSIE 6.0; Windows NT 5.1; SV1; SIMBAR={DDCED4D2-0D15-4741-BCDC-9D8D7750B8DE})"
81.52.143.15 - - [03/Dec/2008:10:28:59 -0500] "GET /limerick/nice599.html HTTP/1.1" 200 26033 "-" "Mozilla/5.0 (Windows; U; Windows NT 5.1; fr; rv:1.8.1) VoilaBot BETA 1.2 (support.voilabot@orange-ftgroup.com)"
216.183.81.221 - - [03/Dec/2008:10:36:11 -0500] "GET / HTTP/1.1" 304 - "-" "Wget/1.10.2"
75.83.127.94 - - [03/Dec/2008:10:49:27 -0500] "GET http://www.toastpoint.com/ HTTP/1.0" 200 464 "-" "Mozilla/4.0 (compatible; MSIE 7.0b; Windows NT 6.0)"
75.83.127.94 - - [03/Dec/2008:10:49:42 -0500] "GET http://www.toastpoint.com/ HTTP/1.0" 200 464 "-" "Mozilla/4.0 (compatible; MSIE 7.0b; Windows NT 6.0)"
212.95.239.156 - - [03/Dec/2008:11:30:58 -0500] "GET /limerick/naut199.html HTTP/1.1" 200 34481 "-" "Mozilla/5.0 (X11; U; Linux i686; en-US; rv:1.9.0.3) Gecko/2008092910 Gentoo Firefox/3.0.3"
212.95.239.156 - - [03/Dec/2008:11:30:59 -0500] "GET /gifs/nakedman.gif HTTP/1.1" 200 7734 "http://www.toastpoint.com/limerick/naut199.html" "Mozilla/5.0 (X11; U; Linux i686; en-US; rv:1.9.0.3) Gecko/2008092910 Gentoo Firefox/3.0.3"
212.95.239.156 - - [03/Dec/2008:11:30:59 -0500] "GET /favicon.ico HTTP/1.1" 404 693 "-" "Mozilla/5.0 (X11; U; Linux i686; en-US; rv:1.9.0.3) Gecko/2008092910 Gentoo Firefox/3.0.3"
212.95.239.156 - - [03/Dec/2008:11:31:01 -0500] "GET /favicon.ico HTTP/1.1" 404 693 "-" "Mozilla/5.0 (X11; U; Linux i686; en-US; rv:1.9.0.3) Gecko/2008092910 Gentoo Firefox/3.0.3"
212.95.239.156 - - [03/Dec/2008:11:31:01 -0500] "GET /favicon.ico HTTP/1.1" 404 693 "-" "Mozilla/5.0 (X11; U; Linux i686; en-US; rv:1.9.0.3) Gecko/2008092910 Gentoo Firefox/3.0.3"
65.55.210.7 - - [03/Dec/2008:11:41:01 -0500] "GET /robots.txt HTTP/1.1" 404 693 "-" "msnbot/1.1 (+http://search.msn.com/msnbot.htm)"
65.55.210.7 - - [03/Dec/2008:11:41:01 -0500] "GET /travel/italy2008.html HTTP/1.1" 304 - "-" "msnbot/1.1 (+http://search.msn.com/msnbot.htm)"
218.118.236.51 - - [03/Dec/2008:11:49:29 -0500] "GET / HTTP/1.1" 200 464 "http://www.toastpoint.com/" "Website Explorer/0.9.9.9"
64.91.217.70 - - [03/Dec/2008:12:48:04 -0500] "GET /favicon.ico HTTP/1.1" 404 693 "-" "Mozilla/5.0 (Windows; U; Windows NT 6.0; en-US; rv:1.9.0.4) Gecko/2008102920 Firefox/3.0.4"
64.91.217.70 - - [03/Dec/2008:12:48:05 -0500] "GET /gifs/boobies.gif HTTP/1.1" 200 11144 "http://www.toastpoint.com/limerick/naut199.html" "Mozilla/5.0 (Windows; U; Windows NT 6.0; en-US; rv:1.9.0.4) Gecko/2008102920 Firefox/3.0.4"
64.91.217.70 - - [03/Dec/2008:12:48:05 -0500] "GET /gifs/nakedman.gif HTTP/1.1" 200 7734 "http://www.toastpoint.com/limerick/naut199.html" "Mozilla/5.0 (Windows; U; Windows NT 6.0; en-US; rv:1.9.0.4) Gecko/2008102920 Firefox/3.0.4"
64.91.217.70 - - [03/Dec/2008:12:48:05 -0500] "GET /gifs/goldstar.jpg HTTP/1.1" 200 1854 "http://www.toastpoint.com/limerick/naut199.html" "Mozilla/5.0 (Windows; U; Windows NT 6.0; en-US; rv:1.9.0.4) Gecko/2008102920 Firefox/3.0.4"
64.91.217.70 - - [03/Dec/2008:12:48:04 -0500] "GET /limerick/naut199.html HTTP/1.1" 200 34481 "-" "Mozilla/5.0 (Windows; U; Windows NT 6.0; en-US; rv:1.9.0.4) Gecko/2008102920 Firefox/3.0.4"
64.91.217.70 - - [03/Dec/2008:12:48:07 -0500] "GET /favicon.ico HTTP/1.1" 404 693 "-" "Mozilla/5.0 (Windows; U; Windows NT 6.0; en-US; rv:1.9.0.4) Gecko/2008102920 Firefox/3.0.4"
64.91.217.70 - - [03/Dec/2008:12:48:07 -0500] "GET /favicon.ico HTTP/1.1" 404 693 "-" "Mozilla/5.0 (Windows; U; Windows NT 6.0; en-US; rv:1.9.0.4) Gecko/2008102920 Firefox/3.0.4"
72.38.171.23 - - [03/Dec/2008:13:08:36 -0500] "GET /favicon.ico HTTP/1.1" 404 693 "-" "Mozilla/4.0 (compatible; MSIE 7.0; Windows NT 6.0; SLCC1; .NET CLR 2.0.50727; Media Center PC 5.0; .NET CLR 3.0.04506; .NET CLR 1.1.4322; InfoPath.2)"
72.38.171.23 - - [03/Dec/2008:13:08:36 -0500] "GET /haiku/haiku.html HTTP/1.1" 200 2147 "-" "Mozilla/4.0 (compatible; MSIE 7.0; Windows NT 6.0; SLCC1; .NET CLR 2.0.50727; Media Center PC 5.0; .NET CLR 3.0.04506; .NET CLR 1.1.4322; InfoPath.2)"
72.38.171.23 - - [03/Dec/2008:13:08:36 -0500] "GET /gifs/japan.gif HTTP/1.1" 200 5737 "http://www.toastpoint.com/haiku/haiku.html" "Mozilla/4.0 (compatible; MSIE 7.0; Windows NT 6.0; SLCC1; .NET CLR 2.0.50727; Media Center PC 5.0; .NET CLR 3.0.04506; .NET CLR 1.1.4322; InfoPath.2)"
72.38.171.23 - - [03/Dec/2008:13:09:01 -0500] "GET /haiku/1998/haik1998.html HTTP/1.1" 200 2178 "http://www.toastpoint.com/haiku/haiku.html" "Mozilla/4.0 (compatible; MSIE 7.0; Windows NT 6.0; SLCC1; .NET CLR 2.0.50727; Media Center PC 5.0; .NET CLR 3.0.04506; .NET CLR 1.1.4322; InfoPath.2)"
24.70.232.82 - - [03/Dec/2008:13:13:35 -0500] "GET /favicon.ico HTTP/1.1" 404 693 "-" "Mozilla/4.0 (compatible; MSIE 7.0; Windows NT 5.1; .NET CLR 2.0.50727)"
24.70.232.82 - - [03/Dec/2008:13:13:36 -0500] "GET /gifs/boobies.gif HTTP/1.1" 200 11144 "http://www.toastpoint.com/limerick/naut199.html" "Mozilla/4.0 (compatible; MSIE 7.0; Windows NT 5.1; .NET CLR 2.0.50727)"
24.70.232.82 - - [03/Dec/2008:13:13:36 -0500] "GET /gifs/nakedman.gif HTTP/1.1" 200 7734 "http://www.toastpoint.com/limerick/naut199.html" "Mozilla/4.0 (compatible; MSIE 7.0; Windows NT 5.1; .NET CLR 2.0.50727)"
24.70.232.82 - - [03/Dec/2008:13:13:35 -0500] "GET /limerick/naut199.html HTTP/1.1" 200 34481 "-" "Mozilla/4.0 (compatible; MSIE 7.0; Windows NT 5.1; .NET CLR 2.0.50727)"
24.70.232.82 - - [03/Dec/2008:13:13:36 -0500] "GET /gifs/goldstar.jpg HTTP/1.1" 200 1854 "http://www.toastpoint.com/limerick/naut199.html" "Mozilla/4.0 (compatible; MSIE 7.0; Windows NT 5.1; .NET CLR 2.0.50727)"
81.52.143.15 - - [03/Dec/2008:13:50:51 -0500] "GET /fiction/fict399.html HTTP/1.1" 200 27729 "-" "Mozilla/5.0 (Windows; U; Windows NT 5.1; fr; rv:1.8.1) VoilaBot BETA 1.2 (support.voilabot@orange-ftgroup.com)"
216.183.81.221 - - [03/Dec/2008:13:55:49 -0500] "GET / HTTP/1.1" 304 - "-" "Wget/1.10.2"
65.55.209.77 - - [03/Dec/2008:14:15:29 -0500] "GET /robots.txt HTTP/1.1" 404 693 "-" "msnbot/1.1 (+http://search.msn.com/msnbot.htm)"
65.55.209.77 - - [03/Dec/2008:14:15:29 -0500] "GET /limerick/brady/brady96.html HTTP/1.1" 200 6418 "-" "msnbot/1.1 (+http://search.msn.com/msnbot.htm)"
81.52.143.26 - - [03/Dec/2008:14:20:51 -0500] "GET /limerick/nautfrm.html HTTP/1.1" 200 548 "-" "Mozilla/5.0 (Windows; U; Windows NT 5.1; fr; rv:1.8.1) VoilaBot BETA 1.2 (support.voilabot@orange-ftgroup.com)"
74.6.26.180 - - [03/Dec/2008:14:25:20 -0500] "GET /robots.txt HTTP/1.0" 404 693 "-" "Mozilla/5.0 (compatible; Yahoo! Slurp; http://help.yahoo.com/help/us/ysearch/slurp)"
74.6.76.45 - - [03/Dec/2008:14:25:21 -0500] "GET /haiku/haiku.html HTTP/1.0" 200 2147 "-" "Mozilla/5.0 (compatible; Yahoo! DE Slurp; http://help.yahoo.com/help/us/ysearch/slurp)"
81.52.143.26 - - [03/Dec/2008:14:40:00 -0500] "GET /limerick/nice499.html HTTP/1.1" 200 24193 "-" "Mozilla/5.0 (Windows; U; Windows NT 5.1; fr; rv:1.8.1) VoilaBot BETA 1.2 (support.voilabot@orange-ftgroup.com)"
207.126.224.241 - - [03/Dec/2008:14:46:18 -0500] "GET / HTTP/1.0" 200 464 "-" "Mozilla/4.05 [en]"
74.6.76.45 - - [03/Dec/2008:15:13:49 -0500] "GET / HTTP/1.0" 200 464 "-" "Mozilla/5.0 (compatible; Yahoo! DE Slurp; http://help.yahoo.com/help/us/ysearch/slurp)"
74.6.17.121 - - [03/Dec/2008:15:13:51 -0500] "GET /robots.txt HTTP/1.0" 404 693 "-" "Mozilla/5.0 (compatible; Yahoo! Slurp; http://help.yahoo.com/help/us/ysearch/slurp)"
74.6.76.45 - - [03/Dec/2008:15:13:53 -0500] "GET /toastpointtopleft.html HTTP/1.0" 200 162 "-" "Mozilla/5.0 (compatible; Yahoo! DE Slurp; http://help.yahoo.com/help/us/ysearch/slurp)"
74.6.76.45 - - [03/Dec/2008:15:13:57 -0500] "GET /toastpointtoc.html HTTP/1.0" 200 1188 "-" "Mozilla/5.0 (compatible; Yahoo! DE Slurp; http://help.yahoo.com/help/us/ysearch/slurp)"
74.6.76.45 - - [03/Dec/2008:15:14:00 -0500] "GET /news.html HTTP/1.0" 200 17577 "-" "Mozilla/5.0 (compatible; Yahoo! DE Slurp; http://help.yahoo.com/help/us/ysearch/slurp)"
74.6.76.45 - - [03/Dec/2008:15:14:03 -0500] "GET /toastpointtopright.html HTTP/1.0" 200 151 "-" "Mozilla/5.0 (compatible; Yahoo! DE Slurp; http://help.yahoo.com/help/us/ysearch/slurp)"
74.6.76.45 - - [03/Dec/2008:15:14:05 -0500] "GET /tpnews.html HTTP/1.0" 200 8004 "-" "Mozilla/5.0 (compatible; Yahoo! DE Slurp; http://help.yahoo.com/help/us/ysearch/slurp)"
193.47.80.45 - - [03/Dec/2008:15:21:21 -0500] "GET /fiction/fict97/fict697.html HTTP/1.1" 200 13490 "-" "Mozilla/5.0 (compatible; Exabot/3.0; +http://www.exabot.com/go/robot)"
208.111.154.15 - - [03/Dec/2008:16:22:19 -0500] "GET /robots.txt HTTP/1.0" 404 693 "-" "Mozilla/5.0 (compatible; Charlotte/1.1; http://www.searchme.com/support/)"
208.111.154.16 - - [03/Dec/2008:16:42:16 -0500] "GET /robots.txt HTTP/1.0" 404 693 "-" "Mozilla/5.0 (compatible; Charlotte/1.1; http://www.searchme.com/support/)"
208.111.154.16 - - [03/Dec/2008:16:42:35 -0500] "GET /fiction/fict98/fict98.html HTTP/1.1" 200 1540 "-" "Mozilla/5.0 (compatible; Charlotte/1.1; http://www.searchme.com/support/)"
84.2.166.11 - - [03/Dec/2008:17:07:18 -0500] "GET /limerick/1998/nice498.html HTTP/1.1" 200 32863 "-" "Mozilla/4.0 (compatible; MSIE 6.0; Windows NT 5.1; SIMBAR={B29EC153-8674-4306-8BB4-33C0C378AB8C}; SV1; .NET CLR 2.0.50727)"
84.2.166.11 - - [03/Dec/2008:17:07:19 -0500] "GET /gifs/birdumb2.gif HTTP/1.1" 200 4698 "http://www.toastpoint.com/limerick/1998/nice498.html" "Mozilla/4.0 (compatible; MSIE 6.0; Windows NT 5.1; SIMBAR={B29EC153-8674-4306-8BB4-33C0C378AB8C}; SV1; .NET CLR 2.0.50727)"
84.2.166.11 - - [03/Dec/2008:17:07:19 -0500] "GET /gifs/birdumb.gif HTTP/1.1" 200 4704 "http://www.toastpoint.com/limerick/1998/nice498.html" "Mozilla/4.0 (compatible; MSIE 6.0; Windows NT 5.1; SIMBAR={B29EC153-8674-4306-8BB4-33C0C378AB8C}; SV1; .NET CLR 2.0.50727)"
84.2.166.11 - - [03/Dec/2008:17:07:19 -0500] "GET /gifs/goldstar.jpg HTTP/1.1" 200 1854 "http://www.toastpoint.com/limerick/1998/nice498.html" "Mozilla/4.0 (compatible; MSIE 6.0; Windows NT 5.1; SIMBAR={B29EC153-8674-4306-8BB4-33C0C378AB8C}; SV1; .NET CLR 2.0.50727)"
84.2.166.11 - - [03/Dec/2008:17:11:13 -0500] "GET /favicon.ico HTTP/1.1" 404 693 "-" "Mozilla/4.0 (compatible; MSIE 6.0; Windows NT 5.1; SIMBAR={B29EC153-8674-4306-8BB4-33C0C378AB8C}; SV1; .NET CLR 2.0.50727)"
208.111.154.249 - - [03/Dec/2008:17:33:08 -0500] "GET /limerick/1996/naut696.html HTTP/1.0" 200 13746 "-" "Mozilla/5.0 (compatible; Charlotte/1.0t; http://www.searchme.com/support/)"
208.111.154.249 - - [03/Dec/2008:17:33:08 -0500] "GET /gifs/mouthf1.jpg HTTP/1.0" 200 3650 "http://www.toastpoint.com/limerick/1996/naut696.html" "Mozilla/5.0 (compatible; Charlotte/1.0t; http://www.searchme.com/support/)"
208.111.154.249 - - [03/Dec/2008:17:33:08 -0500] "GET /gifs/banana.jpg HTTP/1.0" 200 4139 "http://www.toastpoint.com/limerick/1996/naut696.html" "Mozilla/5.0 (compatible; Charlotte/1.0t; http://www.searchme.com/support/)"
208.111.154.249 - - [03/Dec/2008:17:33:08 -0500] "GET /gifs/goldstar.jpg HTTP/1.0" 200 1854 "http://www.toastpoint.com/limerick/1996/naut696.html" "Mozilla/5.0 (compatible; Charlotte/1.0t; http://www.searchme.com/support/)"
208.111.154.249 - - [03/Dec/2008:17:33:08 -0500] "GET /favicon.ico HTTP/1.0" 404 693 "-" "Mozilla/5.0 (compatible; Charlotte/1.0t; http://www.searchme.com/support/)"
24.222.188.208 - - [03/Dec/2008:17:45:52 -0500] "GET / HTTP/1.1" 200 464 "http://www.ddrsodimm.com/?cat=2gb%20200%20pin%20ddr%20so%20dimm%20ddr%20333" "Mozilla/4.0 (compatible; MSIE 6.0; Windows NT 5.1; Hotbar 3.0)"
65.2.149.26 - - [03/Dec/2008:17:56:20 -0500] "GET /rapture/rapture.html HTTP/1.1" 200 22564 "http://images.ask.com/fr?q=Freedom+of+double+jeopardy&desturi=http%3A%2F%2Fwww.toastpoint.com%2Frapture%2Frapture.html&fm=i&ac=11&ftURI=http%3A%2F%2Fimages.ask.com%2Ffr%3Fq%3DFreedom%2Bof%2Bdouble%2Bjeopardy%26desturi%3Dhttp%253A%252F%252Fwww.toastpoint.com%252Frapture%252Frapture.html%26imagesrc%3Dhttp%253A%252F%252Fwww.toastpoint.com%252Frapture%252Ftbj-jury.gif%26thumbsrc%3Dhttp%253A%252F%252F66.235.120.64%252Fts%253Ft%253D2656937575207208691%2526pid%253D23296%2526ppid%253D0%26o%3D0%26l%3Ddir%26thumbuselocalisedstatic%3Dfalse%26fn%3Dtbj-jury.gif%26imagewidth%3D250%26imageheight%3D212%26fs%3D3%26ft%3Dgif%26f%3D2%26fm%3Di%26ftbURI%3Dhttp%253A%252F%252Fimages.ask.com%252Fpictures%253Fq%253DFreedom%252Bof%252Bdouble%252Bjeopardy%2526page%253D1%2526o%253D0%2526l%253Ddir%2526pstart%253D0&qt=0" "Mozilla/4.0 (compatible; MSIE 7.0; Windows NT 6.0; SLCC1; .NET CLR 2.0.50727; Media Center PC 5.0; .NET CLR 3.0.04506)"
65.2.149.26 - - [03/Dec/2008:17:56:20 -0500] "GET /rapture/tbj-jury.gif HTTP/1.1" 200 3904 "http://www.toastpoint.com/rapture/rapture.html" "Mozilla/4.0 (compatible; MSIE 7.0; Windows NT 6.0; SLCC1; .NET CLR 2.0.50727; Media Center PC 5.0; .NET CLR 3.0.04506)"
65.2.149.26 - - [03/Dec/2008:17:56:20 -0500] "GET /rapture/sor-well.gif HTTP/1.1" 200 2583 "http://www.toastpoint.com/rapture/rapture.html" "Mozilla/4.0 (compatible; MSIE 7.0; Windows NT 6.0; SLCC1; .NET CLR 2.0.50727; Media Center PC 5.0; .NET CLR 3.0.04506)"
65.2.149.26 - - [03/Dec/2008:17:56:21 -0500] "GET /rapture/hms-dick.gif HTTP/1.1" 200 3100 "http://www.toastpoint.com/rapture/rapture.html" "Mozilla/4.0 (compatible; MSIE 7.0; Windows NT 6.0; SLCC1; .NET CLR 2.0.50727; Media Center PC 5.0; .NET CLR 3.0.04506)"
65.2.149.26 - - [03/Dec/2008:17:56:21 -0500] "GET /rapture/bunthorne.gif HTTP/1.1" 200 3137 "http://www.toastpoint.com/rapture/rapture.html" "Mozilla/4.0 (compatible; MSIE 7.0; Windows NT 6.0; SLCC1; .NET CLR 2.0.50727; Media Center PC 5.0; .NET CLR 3.0.04506)"
65.2.149.26 - - [03/Dec/2008:17:56:21 -0500] "GET /rapture/pirates.gif HTTP/1.1" 200 4045 "http://www.toastpoint.com/rapture/rapture.html" "Mozilla/4.0 (compatible; MSIE 7.0; Windows NT 6.0; SLCC1; .NET CLR 2.0.50727; Media Center PC 5.0; .NET CLR 3.0.04506)"
65.2.149.26 - - [03/Dec/2008:17:56:21 -0500] "GET /rapture/iolanthe.gif HTTP/1.1" 200 2814 "http://www.toastpoint.com/rapture/rapture.html" "Mozilla/4.0 (compatible; MSIE 7.0; Windows NT 6.0; SLCC1; .NET CLR 2.0.50727; Media Center PC 5.0; .NET CLR 3.0.04506)"
65.2.149.26 - - [03/Dec/2008:17:56:21 -0500] "GET /rapture/ida-monk.gif HTTP/1.1" 200 3753 "http://www.toastpoint.com/rapture/rapture.html" "Mozilla/4.0 (compatible; MSIE 7.0; Windows NT 6.0; SLCC1; .NET CLR 2.0.50727; Media Center PC 5.0; .NET CLR 3.0.04506)"
65.2.149.26 - - [03/Dec/2008:17:56:21 -0500] "GET /rapture/mik-lips.gif HTTP/1.1" 200 3352 "http://www.toastpoint.com/rapture/rapture.html" "Mozilla/4.0 (compatible; MSIE 7.0; Windows NT 6.0; SLCC1; .NET CLR 2.0.50727; Media Center PC 5.0; .NET CLR 3.0.04506)"
65.2.149.26 - - [03/Dec/2008:17:56:21 -0500] "GET /rapture/rud-spec.gif HTTP/1.1" 200 2489 "http://www.toastpoint.com/rapture/rapture.html" "Mozilla/4.0 (compatible; MSIE 7.0; Windows NT 6.0; SLCC1; .NET CLR 2.0.50727; Media Center PC 5.0; .NET CLR 3.0.04506)"
65.2.149.26 - - [03/Dec/2008:17:56:21 -0500] "GET /rapture/yeo-song.gif HTTP/1.1" 200 2781 "http://www.toastpoint.com/rapture/rapture.html" "Mozilla/4.0 (compatible; MSIE 7.0; Windows NT 6.0; SLCC1; .NET CLR 2.0.50727; Media Center PC 5.0; .NET CLR 3.0.04506)"
65.2.149.26 - - [03/Dec/2008:17:56:21 -0500] "GET /rapture/gon-baby.gif HTTP/1.1" 200 2847 "http://www.toastpoint.com/rapture/rapture.html" "Mozilla/4.0 (compatible; MSIE 7.0; Windows NT 6.0; SLCC1; .NET CLR 2.0.50727; Media Center PC 5.0; .NET CLR 3.0.04506)"
65.2.149.26 - - [03/Dec/2008:17:56:21 -0500] "GET /rapture/uto-look.gif HTTP/1.1" 200 3823 "http://www.toastpoint.com/rapture/rapture.html" "Mozilla/4.0 (compatible; MSIE 7.0; Windows NT 6.0; SLCC1; .NET CLR 2.0.50727; Media Center PC 5.0; .NET CLR 3.0.04506)"
65.2.149.26 - - [03/Dec/2008:17:56:22 -0500] "GET /favicon.ico HTTP/1.1" 404 693 "-" "Mozilla/4.0 (compatible; MSIE 7.0; Windows NT 6.0; SLCC1; .NET CLR 2.0.50727; Media Center PC 5.0; .NET CLR 3.0.04506)"
208.111.154.16 - - [03/Dec/2008:18:13:45 -0500] "GET /robots.txt HTTP/1.0" 404 693 "-" "Mozilla/5.0 (compatible; Charlotte/1.1; http://www.searchme.com/support/)"
74.160.6.224 - - [03/Dec/2008:18:33:35 -0500] "GET /gifs/boobies.gif HTTP/1.1" 200 11144 "http://www.toastpoint.com/limerick/naut199.html" "Mozilla/4.0 (compatible; MSIE 7.0; Windows NT 6.0; SLCC1; .NET CLR 2.0.50727; Media Center PC 5.0; .NET CLR 3.0.04506; .NET CLR 1.1.4322)"
74.160.6.224 - - [03/Dec/2008:18:33:35 -0500] "GET /gifs/nakedman.gif HTTP/1.1" 200 7734 "http://www.toastpoint.com/limerick/naut199.html" "Mozilla/4.0 (compatible; MSIE 7.0; Windows NT 6.0; SLCC1; .NET CLR 2.0.50727; Media Center PC 5.0; .NET CLR 3.0.04506; .NET CLR 1.1.4322)"
74.160.6.224 - - [03/Dec/2008:18:33:35 -0500] "GET /gifs/goldstar.jpg HTTP/1.1" 200 1854 "http://www.toastpoint.com/limerick/naut199.html" "Mozilla/4.0 (compatible; MSIE 7.0; Windows NT 6.0; SLCC1; .NET CLR 2.0.50727; Media Center PC 5.0; .NET CLR 3.0.04506; .NET CLR 1.1.4322)"
74.160.6.224 - - [03/Dec/2008:18:33:35 -0500] "GET /limerick/naut199.html HTTP/1.1" 200 34481 "-" "Mozilla/4.0 (compatible; MSIE 7.0; Windows NT 6.0; SLCC1; .NET CLR 2.0.50727; Media Center PC 5.0; .NET CLR 3.0.04506; .NET CLR 1.1.4322)"
64.1.215.164 - - [03/Dec/2008:18:33:41 -0500] "GET /gifs/tpjan2007.jpg HTTP/1.0" 200 32595 "-" "Mozilla/5.0 (Twiceler-0.9 http://www.cuil.com/twiceler/robot.html)"
71.112.162.153 - - [03/Dec/2008:19:00:21 -0500] "GET /favicon.ico HTTP/1.1" 404 693 "-" "Mozilla/5.0 (Windows; U; Windows NT 6.0; en-US; rv:1.9.0.4) Gecko/2008102920 Firefox/3.0.4"
71.112.162.153 - - [03/Dec/2008:19:00:21 -0500] "GET / HTTP/1.1" 200 464 "-" "Mozilla/5.0 (Windows; U; Windows NT 6.0; en-US; rv:1.9.0.4) Gecko/2008102920 Firefox/3.0.4"
71.112.162.153 - - [03/Dec/2008:19:00:21 -0500] "GET /toastpointtopleft.html HTTP/1.1" 200 162 "http://www.toastpoint.com/" "Mozilla/5.0 (Windows; U; Windows NT 6.0; en-US; rv:1.9.0.4) Gecko/2008102920 Firefox/3.0.4"
71.112.162.153 - - [03/Dec/2008:19:00:21 -0500] "GET /toastpointtoc.html HTTP/1.1" 200 1188 "http://www.toastpoint.com/" "Mozilla/5.0 (Windows; U; Windows NT 6.0; en-US; rv:1.9.0.4) Gecko/2008102920 Firefox/3.0.4"
71.112.162.153 - - [03/Dec/2008:19:00:21 -0500] "GET /news.html HTTP/1.1" 200 17577 "http://www.toastpoint.com/" "Mozilla/5.0 (Windows; U; Windows NT 6.0; en-US; rv:1.9.0.4) Gecko/2008102920 Firefox/3.0.4"
71.112.162.153 - - [03/Dec/2008:19:00:21 -0500] "GET /tpnews.html HTTP/1.1" 200 8004 "http://www.toastpoint.com/" "Mozilla/5.0 (Windows; U; Windows NT 6.0; en-US; rv:1.9.0.4) Gecko/2008102920 Firefox/3.0.4"
71.112.162.153 - - [03/Dec/2008:19:00:21 -0500] "GET /toastpointtopright.html HTTP/1.1" 200 151 "http://www.toastpoint.com/" "Mozilla/5.0 (Windows; U; Windows NT 6.0; en-US; rv:1.9.0.4) Gecko/2008102920 Firefox/3.0.4"
71.112.162.153 - - [03/Dec/2008:19:00:21 -0500] "GET /gifs/tpoct-nov2008.jpg HTTP/1.1" 200 59792 "http://www.toastpoint.com/news.html" "Mozilla/5.0 (Windows; U; Windows NT 6.0; en-US; rv:1.9.0.4) Gecko/2008102920 Firefox/3.0.4"
71.112.162.153 - - [03/Dec/2008:19:00:24 -0500] "GET /favicon.ico HTTP/1.1" 404 693 "-" "Mozilla/5.0 (Windows; U; Windows NT 6.0; en-US; rv:1.9.0.4) Gecko/2008102920 Firefox/3.0.4"
71.112.162.153 - - [03/Dec/2008:19:00:24 -0500] "GET /favicon.ico HTTP/1.1" 404 693 "-" "Mozilla/5.0 (Windows; U; Windows NT 6.0; en-US; rv:1.9.0.4) Gecko/2008102920 Firefox/3.0.4"
71.112.162.153 - - [03/Dec/2008:19:00:32 -0500] "GET /photo.html HTTP/1.1" 200 4228 "http://www.toastpoint.com/toastpointtoc.html" "Mozilla/5.0 (Windows; U; Windows NT 6.0; en-US; rv:1.9.0.4) Gecko/2008102920 Firefox/3.0.4"
67.115.220.195 - - [03/Dec/2008:19:11:22 -0500] "GET /limerick/1996/nice496.html HTTP/1.1" 200 15372 "http://www.google.com/search?hl=en&q=there+was+a+young+man+from+sydney+who+only+ate+steak+and+kidney&aq=f&oq=" "Mozilla/4.0 (compatible; MSIE 7.0; Windows NT 5.1; .NET CLR 1.0.3705)"
67.115.220.195 - - [03/Dec/2008:19:11:22 -0500] "GET /gifs/happy.jpg HTTP/1.1" 200 3135 "http://www.toastpoint.com/limerick/1996/nice496.html" "Mozilla/4.0 (compatible; MSIE 7.0; Windows NT 5.1; .NET CLR 1.0.3705)"
67.115.220.195 - - [03/Dec/2008:19:11:23 -0500] "GET /gifs/goldstar.jpg HTTP/1.1" 200 1854 "http://www.toastpoint.com/limerick/1996/nice496.html" "Mozilla/4.0 (compatible; MSIE 7.0; Windows NT 5.1; .NET CLR 1.0.3705)"
67.115.220.195 - - [03/Dec/2008:19:11:23 -0500] "GET /favicon.ico HTTP/1.1" 404 693 "-" "Mozilla/4.0 (compatible; MSIE 7.0; Windows NT 5.1; .NET CLR 1.0.3705)"
208.111.154.16 - - [03/Dec/2008:19:14:13 -0500] "GET /robots.txt HTTP/1.0" 404 693 "-" "Mozilla/5.0 (compatible; Charlotte/1.1; http://www.searchme.com/support/)"
208.111.154.15 - - [03/Dec/2008:19:22:30 -0500] "GET /robots.txt HTTP/1.0" 404 693 "-" "Mozilla/5.0 (compatible; Charlotte/1.1; http://www.searchme.com/support/)"
216.183.81.221 - - [03/Dec/2008:19:51:21 -0500] "GET / HTTP/1.1" 304 - "-" "Wget/1.10.2"
193.47.80.45 - - [03/Dec/2008:20:07:17 -0500] "GET /bio.html HTTP/1.1" 200 7868 "-" "Mozilla/5.0 (compatible; Exabot/3.0; +http://www.exabot.com/go/robot)"
208.111.154.15 - - [03/Dec/2008:20:12:49 -0500] "GET /robots.txt HTTP/1.0" 404 693 "-" "Mozilla/5.0 (compatible; Charlotte/1.1; http://www.searchme.com/support/)"
208.111.154.16 - - [03/Dec/2008:20:13:10 -0500] "GET /limerick/1995/nicejune.html HTTP/1.1" 200 1710 "-" "Mozilla/5.0 (compatible; Charlotte/1.1; http://www.searchme.com/support/)"
66.249.65.232 - - [03/Dec/2008:20:52:58 -0500] "GET /robots.txt HTTP/1.1" 404 693 "-" "Googlebot-Image/1.0"
66.249.65.232 - - [03/Dec/2008:20:52:58 -0500] "GET /gifs/birdumb.gif HTTP/1.1" 304 - "-" "Googlebot-Image/1.0"
193.47.80.45 - - [03/Dec/2008:20:57:44 -0500] "GET /rapture/harrypotteryeomen.txt HTTP/1.1" 200 1292 "-" "Mozilla/5.0 (compatible; Exabot/3.0; +http://www.exabot.com/go/robot)"
72.167.166.164 - - [03/Dec/2008:21:13:58 -0500] "GET /limerick HTTP/1.0" 301 243 "-" "Mozilla/4.0 (compatible; MSIE 7.0; Windows NT 5.2; .NET CLR 1.1.4322; .NET CLR 2.0.50727; .NET CLR 3.0.4506.2152; .NET CLR 3.5.30729)"
72.167.166.164 - - [03/Dec/2008:21:13:58 -0500] "GET /limerick/ HTTP/1.0" 403 563 "-" "Mozilla/4.0 (compatible; MSIE 7.0; Windows NT 5.2; .NET CLR 1.1.4322; .NET CLR 2.0.50727; .NET CLR 3.0.4506.2152; .NET CLR 3.5.30729)"
97.74.66.30 - - [03/Dec/2008:21:14:56 -0500] "GET /limerick HTTP/1.0" 301 243 "-" "Mozilla/4.0 (compatible; MSIE 7.0; Windows NT 5.2; .NET CLR 1.1.4322; .NET CLR 2.0.50727; .NET CLR 3.0.4506.2152; .NET CLR 3.5.30729)"
97.74.66.30 - - [03/Dec/2008:21:14:56 -0500] "GET /limerick/ HTTP/1.0" 403 563 "-" "Mozilla/4.0 (compatible; MSIE 7.0; Windows NT 5.2; .NET CLR 1.1.4322; .NET CLR 2.0.50727; .NET CLR 3.0.4506.2152; .NET CLR 3.5.30729)"
193.47.80.45 - - [03/Dec/2008:22:04:50 -0500] "GET /robots.txt HTTP/1.1" 404 693 "-" "Mozilla/5.0 (compatible; Exabot/3.0; +http://www.exabot.com/go/robot)"
193.47.80.45 - - [03/Dec/2008:22:04:50 -0500] "GET /limerick/1997/naut297.html HTTP/1.1" 200 31034 "-" "Mozilla/5.0 (compatible; Exabot/3.0; +http://www.exabot.com/go/robot)"
114.111.36.31 - - [03/Dec/2008:22:15:48 -0500] "GET /robots.txt HTTP/1.1" 404 693 "-" "Mozilla/4.0 (compatible; NaverBot/1.0; http://help.naver.com/delete_main.asp)"
114.111.36.31 - - [03/Dec/2008:22:15:49 -0500] "GET /toastpointtopright.html HTTP/1.1" 200 151 "-" "Mozilla/4.0 (compatible; NaverBot/1.0; http://help.naver.com/delete_main.asp)"
208.111.154.16 - - [03/Dec/2008:22:25:23 -0500] "GET /robots.txt HTTP/1.0" 404 693 "-" "Mozilla/5.0 (compatible; Charlotte/1.1; http://www.searchme.com/support/)"
69.223.81.152 - - [03/Dec/2008:22:40:45 -0500] "GET /favicon.ico HTTP/1.1" 404 693 "http://www.toastpoint.com/limerick/1995/nautnov.html" "Mozilla/5.0 (Macintosh; U; Intel Mac OS X 10_5_2; en-us) AppleWebKit/525.13 (KHTML, like Gecko) Version/3.1 Safari/525.13"
69.223.81.152 - - [03/Dec/2008:22:40:45 -0500] "GET /limerick/1995/nautnov.html HTTP/1.1" 200 13933 "http://www.toastpoint.com/limerick/1995/nautnov.html" "Mozilla/5.0 (Macintosh; U; Intel Mac OS X 10_5_2; en-us) AppleWebKit/525.13 (KHTML, like Gecko) Version/3.1 Safari/525.13"
69.223.81.152 - - [03/Dec/2008:22:40:46 -0500] "GET /gifs/goldstar.jpg HTTP/1.1" 200 1854 "http://www.toastpoint.com/limerick/1995/nautnov.html" "Mozilla/5.0 (Macintosh; U; Intel Mac OS X 10_5_2; en-us) AppleWebKit/525.13 (KHTML, like Gecko) Version/3.1 Safari/525.13"
193.47.80.45 - - [03/Dec/2008:22:43:21 -0500] "GET /fiction/fict9596/fic1296.html HTTP/1.1" 200 7468 "-" "Mozilla/5.0 (compatible; Exabot/3.0; +http://www.exabot.com/go/robot)"
193.47.80.45 - - [03/Dec/2008:23:22:54 -0500] "GET /haiku/haik1995/bestof95.html HTTP/1.1" 404 693 "-" "Mozilla/5.0 (compatible; Exabot/3.0; +http://www.exabot.com/go/robot)"
75.83.127.94 - - [03/Dec/2008:23:27:26 -0500] "GET http://www.toastpoint.com/ HTTP/1.0" 200 464 "-" "Mozilla/4.0 (compatible; MSIE 7.0b; Windows NT 6.0)"
75.83.127.94 - - [03/Dec/2008:23:27:52 -0500] "GET http://www.toastpoint.com/ HTTP/1.0" 200 464 "-" "Mozilla/4.0 (compatible; MSIE 7.0b; Windows NT 6.0)"
193.47.80.45 - - [03/Dec/2008:23:30:29 -0500] "GET /haiku/haiku299.html HTTP/1.1" 200 68017 "-" "Mozilla/5.0 (compatible; Exabot/3.0; +http://www.exabot.com/go/robot)"
70.16.168.53 - - [03/Dec/2008:23:38:54 -0500] "GET /favicon.ico HTTP/1.1" 404 693 "-" "Mozilla/5.0 (Windows; U; Windows NT 6.0; en-US; rv:1.9.0.4) Gecko/2008102920 Firefox/3.0.4"
70.16.168.53 - - [03/Dec/2008:23:38:54 -0500] "GET /gifs/boobies.gif HTTP/1.1" 200 11144 "http://www.toastpoint.com/limerick/naut199.html" "Mozilla/5.0 (Windows; U; Windows NT 6.0; en-US; rv:1.9.0.4) Gecko/2008102920 Firefox/3.0.4"
70.16.168.53 - - [03/Dec/2008:23:38:54 -0500] "GET /gifs/nakedman.gif HTTP/1.1" 200 7734 "http://www.toastpoint.com/limerick/naut199.html" "Mozilla/5.0 (Windows; U; Windows NT 6.0; en-US; rv:1.9.0.4) Gecko/2008102920 Firefox/3.0.4"
70.16.168.53 - - [03/Dec/2008:23:38:54 -0500] "GET /gifs/goldstar.jpg HTTP/1.1" 200 1854 "http://www.toastpoint.com/limerick/naut199.html" "Mozilla/5.0 (Windows; U; Windows NT 6.0; en-US; rv:1.9.0.4) Gecko/2008102920 Firefox/3.0.4"
70.16.168.53 - - [03/Dec/2008:23:38:54 -0500] "GET /limerick/naut199.html HTTP/1.1" 200 34481 "-" "Mozilla/5.0 (Windows; U; Windows NT 6.0; en-US; rv:1.9.0.4) Gecko/2008102920 Firefox/3.0.4"
70.16.168.53 - - [03/Dec/2008:23:38:57 -0500] "GET /favicon.ico HTTP/1.1" 404 693 "-" "Mozilla/5.0 (Windows; U; Windows NT 6.0; en-US; rv:1.9.0.4) Gecko/2008102920 Firefox/3.0.4"
70.16.168.53 - - [03/Dec/2008:23:38:57 -0500] "GET /favicon.ico HTTP/1.1" 404 693 "-" "Mozilla/5.0 (Windows; U; Windows NT 6.0; en-US; rv:1.9.0.4) Gecko/2008102920 Firefox/3.0.4"
74.6.30.119 - - [03/Dec/2008:23:48:58 -0500] "GET /haiku/haiku.html HTTP/1.0" 200 2147 "-" "Mozilla/5.0 (compatible; Yahoo! DE Slurp; http://help.yahoo.com/help/us/ysearch/slurp)"
208.80.194.30 - - [03/Dec/2008:23:50:15 -0500] "GET / HTTP/1.0" 200 464 "-" "Mozilla/4.0 (compatible; MSIE 6.0; Windows NT 5.2; .NET CLR 1.1.2394)"
