72.30.161.228 - - [27/Jan/2009:00:07:51 -0500] "GET /fiction/novels/peak.html HTTP/1.0" 200 2410 "-" "Mozilla/5.0 (compatible; Yahoo! Slurp; http://help.yahoo.com/help/us/ysearch/slurp)"
75.83.24.40 - - [27/Jan/2009:00:45:27 -0500] "GET /favicon.ico HTTP/1.1" 404 693 "-" "Mozilla/4.0 (compatible; MSIE 7.0; Windows NT 6.0; SLCC1; .NET CLR 2.0.50727; Media Center PC 5.0; .NET CLR 3.0.04506; BCD2000)"
75.83.24.40 - - [27/Jan/2009:00:45:27 -0500] "GET /rapture/rapture.html HTTP/1.1" 200 22564 "-" "Mozilla/4.0 (compatible; MSIE 7.0; Windows NT 6.0; SLCC1; .NET CLR 2.0.50727; Media Center PC 5.0; .NET CLR 3.0.04506; BCD2000)"
75.83.24.40 - - [27/Jan/2009:00:45:27 -0500] "GET /rapture/hms-dick.gif HTTP/1.1" 200 3100 "http://www.toastpoint.com/rapture/rapture.html" "Mozilla/4.0 (compatible; MSIE 7.0; Windows NT 6.0; SLCC1; .NET CLR 2.0.50727; Media Center PC 5.0; .NET CLR 3.0.04506; BCD2000)"
75.83.24.40 - - [27/Jan/2009:00:45:27 -0500] "GET /rapture/tbj-jury.gif HTTP/1.1" 200 3904 "http://www.toastpoint.com/rapture/rapture.html" "Mozilla/4.0 (compatible; MSIE 7.0; Windows NT 6.0; SLCC1; .NET CLR 2.0.50727; Media Center PC 5.0; .NET CLR 3.0.04506; BCD2000)"
75.83.24.40 - - [27/Jan/2009:00:45:27 -0500] "GET /rapture/sor-well.gif HTTP/1.1" 200 2583 "http://www.toastpoint.com/rapture/rapture.html" "Mozilla/4.0 (compatible; MSIE 7.0; Windows NT 6.0; SLCC1; .NET CLR 2.0.50727; Media Center PC 5.0; .NET CLR 3.0.04506; BCD2000)"
75.83.24.40 - - [27/Jan/2009:00:45:27 -0500] "GET /rapture/pirates.gif HTTP/1.1" 200 4045 "http://www.toastpoint.com/rapture/rapture.html" "Mozilla/4.0 (compatible; MSIE 7.0; Windows NT 6.0; SLCC1; .NET CLR 2.0.50727; Media Center PC 5.0; .NET CLR 3.0.04506; BCD2000)"
75.83.24.40 - - [27/Jan/2009:00:45:27 -0500] "GET /rapture/bunthorne.gif HTTP/1.1" 200 3137 "http://www.toastpoint.com/rapture/rapture.html" "Mozilla/4.0 (compatible; MSIE 7.0; Windows NT 6.0; SLCC1; .NET CLR 2.0.50727; Media Center PC 5.0; .NET CLR 3.0.04506; BCD2000)"
75.83.24.40 - - [27/Jan/2009:00:45:27 -0500] "GET /rapture/rud-spec.gif HTTP/1.1" 200 2489 "http://www.toastpoint.com/rapture/rapture.html" "Mozilla/4.0 (compatible; MSIE 7.0; Windows NT 6.0; SLCC1; .NET CLR 2.0.50727; Media Center PC 5.0; .NET CLR 3.0.04506; BCD2000)"
75.83.24.40 - - [27/Jan/2009:00:45:27 -0500] "GET /rapture/mik-lips.gif HTTP/1.1" 200 3352 "http://www.toastpoint.com/rapture/rapture.html" "Mozilla/4.0 (compatible; MSIE 7.0; Windows NT 6.0; SLCC1; .NET CLR 2.0.50727; Media Center PC 5.0; .NET CLR 3.0.04506; BCD2000)"
75.83.24.40 - - [27/Jan/2009:00:45:27 -0500] "GET /rapture/yeo-song.gif HTTP/1.1" 200 2781 "http://www.toastpoint.com/rapture/rapture.html" "Mozilla/4.0 (compatible; MSIE 7.0; Windows NT 6.0; SLCC1; .NET CLR 2.0.50727; Media Center PC 5.0; .NET CLR 3.0.04506; BCD2000)"
75.83.24.40 - - [27/Jan/2009:00:45:27 -0500] "GET /rapture/iolanthe.gif HTTP/1.1" 200 2814 "http://www.toastpoint.com/rapture/rapture.html" "Mozilla/4.0 (compatible; MSIE 7.0; Windows NT 6.0; SLCC1; .NET CLR 2.0.50727; Media Center PC 5.0; .NET CLR 3.0.04506; BCD2000)"
75.83.24.40 - - [27/Jan/2009:00:45:27 -0500] "GET /rapture/uto-look.gif HTTP/1.1" 200 3823 "http://www.toastpoint.com/rapture/rapture.html" "Mozilla/4.0 (compatible; MSIE 7.0; Windows NT 6.0; SLCC1; .NET CLR 2.0.50727; Media Center PC 5.0; .NET CLR 3.0.04506; BCD2000)"
75.83.24.40 - - [27/Jan/2009:00:45:27 -0500] "GET /rapture/ida-monk.gif HTTP/1.1" 200 3753 "http://www.toastpoint.com/rapture/rapture.html" "Mozilla/4.0 (compatible; MSIE 7.0; Windows NT 6.0; SLCC1; .NET CLR 2.0.50727; Media Center PC 5.0; .NET CLR 3.0.04506; BCD2000)"
75.83.24.40 - - [27/Jan/2009:00:45:27 -0500] "GET /rapture/gon-baby.gif HTTP/1.1" 200 2847 "http://www.toastpoint.com/rapture/rapture.html" "Mozilla/4.0 (compatible; MSIE 7.0; Windows NT 6.0; SLCC1; .NET CLR 2.0.50727; Media Center PC 5.0; .NET CLR 3.0.04506; BCD2000)"
208.111.154.15 - - [27/Jan/2009:00:47:19 -0500] "GET /robots.txt HTTP/1.1" 404 693 "-" "Mozilla/5.0 (compatible; Charlotte/1.1; http://www.searchme.com/support/)"
66.235.124.8 - - [27/Jan/2009:00:51:19 -0500] "GET /limerick/1995/nautaug.html HTTP/1.1" 200 7940 "-" "Mozilla/5.0 (compatible; Ask Jeeves/Teoma; +http://about.ask.com/en/docs/about/webmasters.shtml)"
81.52.143.15 - - [27/Jan/2009:00:51:41 -0500] "GET /limerick/naut199.html HTTP/1.1" 200 34481 "-" "Mozilla/5.0 (Windows; U; Windows NT 5.1; fr; rv:1.8.1) VoilaBot BETA 1.2 (support.voilabot@orange-ftgroup.com)"
66.235.124.8 - - [27/Jan/2009:00:52:20 -0500] "GET /fiction/fict97/fict1097.html HTTP/1.1" 200 10353 "-" "Mozilla/5.0 (compatible; Ask Jeeves/Teoma; +http://about.ask.com/en/docs/about/webmasters.shtml)"
208.111.154.16 - - [27/Jan/2009:00:59:34 -0500] "GET /robots.txt HTTP/1.1" 404 693 "-" "Mozilla/5.0 (compatible; Charlotte/1.1; http://www.searchme.com/support/)"
65.55.209.78 - - [27/Jan/2009:01:02:45 -0500] "GET /robots.txt HTTP/1.1" 404 693 "-" "msnbot/1.1 (+http://search.msn.com/msnbot.htm)"
65.55.209.78 - - [27/Jan/2009:01:02:45 -0500] "GET /travel/italy2005.html HTTP/1.1" 304 - "-" "msnbot/1.1 (+http://search.msn.com/msnbot.htm)"
208.111.154.15 - - [27/Jan/2009:01:04:00 -0500] "GET /robots.txt HTTP/1.1" 404 693 "-" "Mozilla/5.0 (compatible; Charlotte/1.1; http://www.searchme.com/support/)"
72.30.161.228 - - [27/Jan/2009:01:15:51 -0500] "GET /wumpus.html HTTP/1.0" 304 - "-" "Mozilla/5.0 (compatible; Yahoo! Slurp; http://help.yahoo.com/help/us/ysearch/slurp)"
208.111.154.16 - - [27/Jan/2009:01:33:49 -0500] "GET /robots.txt HTTP/1.1" 404 693 "-" "Mozilla/5.0 (compatible; Charlotte/1.1; http://www.searchme.com/support/)"
193.47.80.45 - - [27/Jan/2009:01:37:45 -0500] "GET /robots.txt HTTP/1.1" 404 693 "-" "Mozilla/5.0 (compatible; Exabot/3.0; +http://www.exabot.com/go/robot)"
193.47.80.45 - - [27/Jan/2009:01:37:45 -0500] "GET / HTTP/1.1" 200 464 "-" "Mozilla/5.0 (compatible; Exabot/3.0; +http://www.exabot.com/go/robot)"
208.111.154.16 - - [27/Jan/2009:01:55:46 -0500] "GET /robots.txt HTTP/1.1" 404 693 "-" "Mozilla/5.0 (compatible; Charlotte/1.1; http://www.searchme.com/support/)"
208.111.154.16 - - [27/Jan/2009:01:56:06 -0500] "GET /haiku/1995/haikunov.html HTTP/1.1" 304 - "-" "Mozilla/5.0 (compatible; Charlotte/1.1; http://www.searchme.com/support/)"
208.111.154.16 - - [27/Jan/2009:01:59:11 -0500] "GET /robots.txt HTTP/1.1" 404 693 "-" "Mozilla/5.0 (compatible; Charlotte/1.1; http://www.searchme.com/support/)"
66.92.12.7 - - [27/Jan/2009:02:00:05 -0500] "GET /favicon.ico HTTP/1.1" 404 693 "-" "Mozilla/5.0 (Macintosh; U; Intel Mac OS X 10.5; en-US; rv:1.9.0.5) Gecko/2008120121 Firefox/3.0.5"
66.92.12.7 - - [27/Jan/2009:02:00:05 -0500] "GET /gifs/boobies.gif HTTP/1.1" 200 11144 "http://www.toastpoint.com/limerick/naut199.html" "Mozilla/5.0 (Macintosh; U; Intel Mac OS X 10.5; en-US; rv:1.9.0.5) Gecko/2008120121 Firefox/3.0.5"
66.92.12.7 - - [27/Jan/2009:02:00:05 -0500] "GET /gifs/nakedman.gif HTTP/1.1" 200 7734 "http://www.toastpoint.com/limerick/naut199.html" "Mozilla/5.0 (Macintosh; U; Intel Mac OS X 10.5; en-US; rv:1.9.0.5) Gecko/2008120121 Firefox/3.0.5"
66.92.12.7 - - [27/Jan/2009:02:00:05 -0500] "GET /gifs/goldstar.jpg HTTP/1.1" 200 1854 "http://www.toastpoint.com/limerick/naut199.html" "Mozilla/5.0 (Macintosh; U; Intel Mac OS X 10.5; en-US; rv:1.9.0.5) Gecko/2008120121 Firefox/3.0.5"
66.92.12.7 - - [27/Jan/2009:02:00:05 -0500] "GET /gifs/goldstar.jpg HTTP/1.1" 200 1854 "http://www.toastpoint.com/limerick/naut199.html" "Mozilla/5.0 (Macintosh; U; Intel Mac OS X 10.5; en-US; rv:1.9.0.5) Gecko/2008120121 Firefox/3.0.5"
66.92.12.7 - - [27/Jan/2009:02:00:05 -0500] "GET /gifs/goldstar.jpg HTTP/1.1" 200 1854 "http://www.toastpoint.com/limerick/naut199.html" "Mozilla/5.0 (Macintosh; U; Intel Mac OS X 10.5; en-US; rv:1.9.0.5) Gecko/2008120121 Firefox/3.0.5"
66.92.12.7 - - [27/Jan/2009:02:00:05 -0500] "GET /limerick/naut199.html HTTP/1.1" 200 34481 "-" "Mozilla/5.0 (Macintosh; U; Intel Mac OS X 10.5; en-US; rv:1.9.0.5) Gecko/2008120121 Firefox/3.0.5"
66.92.12.7 - - [27/Jan/2009:02:00:05 -0500] "GET /gifs/goldstar.jpg HTTP/1.1" 200 1854 "http://www.toastpoint.com/limerick/naut199.html" "Mozilla/5.0 (Macintosh; U; Intel Mac OS X 10.5; en-US; rv:1.9.0.5) Gecko/2008120121 Firefox/3.0.5"
66.92.12.7 - - [27/Jan/2009:02:00:05 -0500] "GET /gifs/goldstar.jpg HTTP/1.1" 200 1854 "http://www.toastpoint.com/limerick/naut199.html" "Mozilla/5.0 (Macintosh; U; Intel Mac OS X 10.5; en-US; rv:1.9.0.5) Gecko/2008120121 Firefox/3.0.5"
66.92.12.7 - - [27/Jan/2009:02:00:05 -0500] "GET /gifs/goldstar.jpg HTTP/1.1" 200 1854 "http://www.toastpoint.com/limerick/naut199.html" "Mozilla/5.0 (Macintosh; U; Intel Mac OS X 10.5; en-US; rv:1.9.0.5) Gecko/2008120121 Firefox/3.0.5"
66.92.12.7 - - [27/Jan/2009:02:00:05 -0500] "GET /gifs/goldstar.jpg HTTP/1.1" 200 1854 "http://www.toastpoint.com/limerick/naut199.html" "Mozilla/5.0 (Macintosh; U; Intel Mac OS X 10.5; en-US; rv:1.9.0.5) Gecko/2008120121 Firefox/3.0.5"
66.92.12.7 - - [27/Jan/2009:02:00:05 -0500] "GET /gifs/goldstar.jpg HTTP/1.1" 200 1854 "http://www.toastpoint.com/limerick/naut199.html" "Mozilla/5.0 (Macintosh; U; Intel Mac OS X 10.5; en-US; rv:1.9.0.5) Gecko/2008120121 Firefox/3.0.5"
66.92.12.7 - - [27/Jan/2009:02:00:05 -0500] "GET /gifs/goldstar.jpg HTTP/1.1" 200 1854 "http://www.toastpoint.com/limerick/naut199.html" "Mozilla/5.0 (Macintosh; U; Intel Mac OS X 10.5; en-US; rv:1.9.0.5) Gecko/2008120121 Firefox/3.0.5"
66.92.12.7 - - [27/Jan/2009:02:00:05 -0500] "GET /gifs/goldstar.jpg HTTP/1.1" 200 1854 "http://www.toastpoint.com/limerick/naut199.html" "Mozilla/5.0 (Macintosh; U; Intel Mac OS X 10.5; en-US; rv:1.9.0.5) Gecko/2008120121 Firefox/3.0.5"
66.92.12.7 - - [27/Jan/2009:02:00:05 -0500] "GET /gifs/goldstar.jpg HTTP/1.1" 200 1854 "http://www.toastpoint.com/limerick/naut199.html" "Mozilla/5.0 (Macintosh; U; Intel Mac OS X 10.5; en-US; rv:1.9.0.5) Gecko/2008120121 Firefox/3.0.5"
66.92.12.7 - - [27/Jan/2009:02:00:05 -0500] "GET /favicon.ico HTTP/1.1" 404 693 "-" "Mozilla/5.0 (Macintosh; U; Intel Mac OS X 10.5; en-US; rv:1.9.0.5) Gecko/2008120121 Firefox/3.0.5"
66.92.12.7 - - [27/Jan/2009:02:00:05 -0500] "GET /favicon.ico HTTP/1.1" 404 693 "-" "Mozilla/5.0 (Macintosh; U; Intel Mac OS X 10.5; en-US; rv:1.9.0.5) Gecko/2008120121 Firefox/3.0.5"
66.92.12.7 - - [27/Jan/2009:02:00:07 -0500] "GET /favicon.ico HTTP/1.1" 404 693 "-" "Mozilla/5.0 (Macintosh; U; Intel Mac OS X 10.5; en-US; rv:1.9.0.5) Gecko/2008120121 Firefox/3.0.5"
66.92.12.7 - - [27/Jan/2009:02:00:07 -0500] "GET /favicon.ico HTTP/1.1" 404 693 "-" "Mozilla/5.0 (Macintosh; U; Intel Mac OS X 10.5; en-US; rv:1.9.0.5) Gecko/2008120121 Firefox/3.0.5"
66.92.12.7 - - [27/Jan/2009:02:00:16 -0500] "GET /favicon.ico HTTP/1.1" 404 693 "-" "Mozilla/5.0 (Macintosh; U; Intel Mac OS X 10.5; en-US; rv:1.9.0.5) Gecko/2008120121 Firefox/3.0.5"
208.111.154.15 - - [27/Jan/2009:02:12:07 -0500] "GET /robots.txt HTTP/1.1" 404 693 "-" "Mozilla/5.0 (compatible; Charlotte/1.1; http://www.searchme.com/support/)"
67.195.37.159 - - [27/Jan/2009:02:17:59 -0500] "GET /haiku/haiku.html HTTP/1.0" 200 2147 "-" "Mozilla/5.0 (compatible; Yahoo! DE Slurp; http://help.yahoo.com/help/us/ysearch/slurp)"
208.111.154.15 - - [27/Jan/2009:02:34:24 -0500] "GET /robots.txt HTTP/1.1" 404 693 "-" "Mozilla/5.0 (compatible; Charlotte/1.1; http://www.searchme.com/support/)"
74.6.28.104 - - [27/Jan/2009:02:44:21 -0500] "GET /robots.txt HTTP/1.0" 404 693 "-" "Mozilla/5.0 (compatible; Yahoo! Slurp; http://help.yahoo.com/help/us/ysearch/slurp)"
74.6.76.45 - - [27/Jan/2009:02:44:21 -0500] "GET / HTTP/1.0" 200 464 "-" "Mozilla/5.0 (compatible; Yahoo! DE Slurp; http://help.yahoo.com/help/us/ysearch/slurp)"
74.6.76.45 - - [27/Jan/2009:02:44:22 -0500] "GET /toastpointtopleft.html HTTP/1.0" 200 162 "-" "Mozilla/5.0 (compatible; Yahoo! DE Slurp; http://help.yahoo.com/help/us/ysearch/slurp)"
74.6.76.45 - - [27/Jan/2009:02:44:23 -0500] "GET /toastpointtoc.html HTTP/1.0" 200 1188 "-" "Mozilla/5.0 (compatible; Yahoo! DE Slurp; http://help.yahoo.com/help/us/ysearch/slurp)"
74.6.76.45 - - [27/Jan/2009:02:44:24 -0500] "GET /news.html HTTP/1.0" 200 17706 "-" "Mozilla/5.0 (compatible; Yahoo! DE Slurp; http://help.yahoo.com/help/us/ysearch/slurp)"
74.6.76.45 - - [27/Jan/2009:02:44:25 -0500] "GET /toastpointtopright.html HTTP/1.0" 200 151 "-" "Mozilla/5.0 (compatible; Yahoo! DE Slurp; http://help.yahoo.com/help/us/ysearch/slurp)"
74.6.76.45 - - [27/Jan/2009:02:44:26 -0500] "GET /tpnews.html HTTP/1.0" 200 8305 "-" "Mozilla/5.0 (compatible; Yahoo! DE Slurp; http://help.yahoo.com/help/us/ysearch/slurp)"
208.111.154.15 - - [27/Jan/2009:02:57:30 -0500] "GET /robots.txt HTTP/1.1" 404 693 "-" "Mozilla/5.0 (compatible; Charlotte/1.1; http://www.searchme.com/support/)"
208.111.154.16 - - [27/Jan/2009:03:16:25 -0500] "GET /robots.txt HTTP/1.1" 404 693 "-" "Mozilla/5.0 (compatible; Charlotte/1.1; http://www.searchme.com/support/)"
208.111.154.15 - - [27/Jan/2009:03:51:16 -0500] "GET /robots.txt HTTP/1.1" 404 693 "-" "Mozilla/5.0 (compatible; Charlotte/1.1; http://www.searchme.com/support/)"
71.137.251.34 - - [27/Jan/2009:03:56:45 -0500] "GET /favicon.ico HTTP/1.1" 404 693 "-" "Mozilla/5.0 (Macintosh; U; Intel Mac OS X 10.5; en-US; rv:1.9.0.5) Gecko/2008120121 Firefox/3.0.5"
71.137.251.34 - - [27/Jan/2009:03:56:45 -0500] "GET /writing/funny.html HTTP/1.1" 200 6412 "-" "Mozilla/5.0 (Macintosh; U; Intel Mac OS X 10.5; en-US; rv:1.9.0.5) Gecko/2008120121 Firefox/3.0.5"
71.137.251.34 - - [27/Jan/2009:03:56:48 -0500] "GET /favicon.ico HTTP/1.1" 404 693 "-" "Mozilla/5.0 (Macintosh; U; Intel Mac OS X 10.5; en-US; rv:1.9.0.5) Gecko/2008120121 Firefox/3.0.5"
71.137.251.34 - - [27/Jan/2009:03:56:48 -0500] "GET /favicon.ico HTTP/1.1" 404 693 "-" "Mozilla/5.0 (Macintosh; U; Intel Mac OS X 10.5; en-US; rv:1.9.0.5) Gecko/2008120121 Firefox/3.0.5"
208.111.154.16 - - [27/Jan/2009:04:04:54 -0500] "GET /robots.txt HTTP/1.1" 404 693 "-" "Mozilla/5.0 (compatible; Charlotte/1.1; http://www.searchme.com/support/)"
208.111.154.16 - - [27/Jan/2009:04:05:03 -0500] "GET /haiku/1995/bestof95.html HTTP/1.1" 304 - "-" "Mozilla/5.0 (compatible; Charlotte/1.1; http://www.searchme.com/support/)"
208.111.154.31 - - [27/Jan/2009:04:26:05 -0500] "GET /robots.txt HTTP/1.1" 404 693 "-" "Mozilla/5.0 (compatible; Charlotte/1.1; http://www.searchme.com/support/)"
66.235.124.8 - - [27/Jan/2009:04:37:21 -0500] "GET /robots.txt HTTP/1.1" 404 693 "-" "Mozilla/5.0 (compatible; Ask Jeeves/Teoma; +http://about.ask.com/en/docs/about/webmasters.shtml)"
66.235.124.8 - - [27/Jan/2009:04:37:26 -0500] "GET /haiku/1997/haiku197.html HTTP/1.1" 200 34967 "-" "Mozilla/5.0 (compatible; Ask Jeeves/Teoma; +http://about.ask.com/en/docs/about/webmasters.shtml)"
66.235.124.8 - - [27/Jan/2009:04:52:49 -0500] "GET /haiku/1998/haiku298.html HTTP/1.1" 200 35588 "-" "Mozilla/5.0 (compatible; Ask Jeeves/Teoma; +http://about.ask.com/en/docs/about/webmasters.shtml)"
193.47.80.45 - - [27/Jan/2009:05:32:34 -0500] "GET /fiction/fict499.html HTTP/1.1" 200 12868 "-" "Mozilla/5.0 (compatible; Exabot/3.0; +http://www.exabot.com/go/robot)"
208.111.154.15 - - [27/Jan/2009:05:42:01 -0500] "GET /robots.txt HTTP/1.1" 404 693 "-" "Mozilla/5.0 (compatible; Charlotte/1.1; http://www.searchme.com/support/)"
66.235.124.8 - - [27/Jan/2009:05:49:08 -0500] "GET /limerick/1997/naut1197.html HTTP/1.1" 200 42998 "-" "Mozilla/5.0 (compatible; Ask Jeeves/Teoma; +http://about.ask.com/en/docs/about/webmasters.shtml)"
208.111.154.15 - - [27/Jan/2009:06:09:35 -0500] "GET /robots.txt HTTP/1.1" 404 693 "-" "Mozilla/5.0 (compatible; Charlotte/1.1; http://www.searchme.com/support/)"
208.111.154.15 - - [27/Jan/2009:06:16:02 -0500] "GET /robots.txt HTTP/1.1" 404 693 "-" "Mozilla/5.0 (compatible; Charlotte/1.1; http://www.searchme.com/support/)"
208.111.154.15 - - [27/Jan/2009:06:16:22 -0500] "GET /fiction/fict9596/fict396.html HTTP/1.1" 200 9345 "-" "Mozilla/5.0 (compatible; Charlotte/1.1; http://www.searchme.com/support/)"
208.111.154.16 - - [27/Jan/2009:06:24:49 -0500] "GET /robots.txt HTTP/1.1" 404 693 "-" "Mozilla/5.0 (compatible; Charlotte/1.1; http://www.searchme.com/support/)"
208.111.154.16 - - [27/Jan/2009:06:39:43 -0500] "GET /robots.txt HTTP/1.1" 404 693 "-" "Mozilla/5.0 (compatible; Charlotte/1.1; http://www.searchme.com/support/)"
208.111.154.15 - - [27/Jan/2009:06:42:36 -0500] "GET /robots.txt HTTP/1.1" 404 693 "-" "Mozilla/5.0 (compatible; Charlotte/1.1; http://www.searchme.com/support/)"
63.241.3.51 - - [27/Jan/2009:06:49:43 -0500] "GET /limerick/limerick.html HTTP/1.1" 200 2613 "-" "-"
82.198.250.15 - - [27/Jan/2009:06:52:37 -0500] "GET /limerick/nice299.html HTTP/1.0" 200 28130 "http://www.google.co.uk/search?hl=en&q=clean+limerick&meta=" "Mozilla/4.0 (compatible; MSIE 7.0; Windows NT 5.1; .NET CLR 2.0.50727; .NET CLR 1.1.4322; InfoPath.2)"
82.198.250.15 - - [27/Jan/2009:06:52:38 -0500] "GET /gifs/birdumb.gif HTTP/1.0" 200 4704 "http://www.toastpoint.com/limerick/nice299.html" "Mozilla/4.0 (compatible; MSIE 7.0; Windows NT 5.1; .NET CLR 2.0.50727; .NET CLR 1.1.4322; InfoPath.2)"
82.198.250.15 - - [27/Jan/2009:06:52:38 -0500] "GET /gifs/goldstar.jpg HTTP/1.0" 200 1854 "http://www.toastpoint.com/limerick/nice299.html" "Mozilla/4.0 (compatible; MSIE 7.0; Windows NT 5.1; .NET CLR 2.0.50727; .NET CLR 1.1.4322; InfoPath.2)"
82.198.250.15 - - [27/Jan/2009:06:52:38 -0500] "GET /gifs/birdumb2.gif HTTP/1.0" 200 4698 "http://www.toastpoint.com/limerick/nice299.html" "Mozilla/4.0 (compatible; MSIE 7.0; Windows NT 5.1; .NET CLR 2.0.50727; .NET CLR 1.1.4322; InfoPath.2)"
82.198.250.15 - - [27/Jan/2009:06:52:39 -0500] "GET /favicon.ico HTTP/1.0" 404 693 "-" "Mozilla/4.0 (compatible; MSIE 7.0; Windows NT 5.1; .NET CLR 2.0.50727; .NET CLR 1.1.4322; InfoPath.2)"
208.111.154.16 - - [27/Jan/2009:06:53:17 -0500] "GET /robots.txt HTTP/1.1" 404 693 "-" "Mozilla/5.0 (compatible; Charlotte/1.1; http://www.searchme.com/support/)"
66.249.66.106 - - [27/Jan/2009:06:53:38 -0500] "GET /robots.txt HTTP/1.1" 404 693 "-" "Nokia6820/2.0 (4.83) Profile/MIDP-1.0 Configuration/CLDC-1.0 (compatible; Googlebot-Mobile/2.1; +http://www.google.com/bot.html)"
66.249.66.106 - - [27/Jan/2009:06:53:38 -0500] "GET /limerick/naut599.html HTTP/1.1" 200 21235 "-" "Nokia6820/2.0 (4.83) Profile/MIDP-1.0 Configuration/CLDC-1.0 (compatible; Googlebot-Mobile/2.1; +http://www.google.com/bot.html)"
208.111.154.15 - - [27/Jan/2009:07:09:01 -0500] "GET /robots.txt HTTP/1.0" 404 693 "-" "Mozilla/5.0 (compatible; Charlotte/1.1; http://www.searchme.com/support/)"
62.219.132.248 - - [27/Jan/2009:07:10:54 -0500] "GET /links.html HTTP/1.1" 200 4252 "-" "Mozilla/4.0 (compatible; MSIE 6.0; Windows NT 5.0)"
208.111.154.16 - - [27/Jan/2009:07:21:55 -0500] "GET /robots.txt HTTP/1.1" 404 693 "-" "Mozilla/5.0 (compatible; Charlotte/1.1; http://www.searchme.com/support/)"
66.249.66.106 - - [27/Jan/2009:07:22:36 -0500] "GET /fiction/fiction.html HTTP/1.1" 200 2705 "-" "Nokia6820/2.0 (4.83) Profile/MIDP-1.0 Configuration/CLDC-1.0 (compatible; Googlebot-Mobile/2.1; +http://www.google.com/bot.html)"
66.235.124.8 - - [27/Jan/2009:07:47:15 -0500] "GET /haiku/haiku499.html HTTP/1.1" 200 54815 "-" "Mozilla/5.0 (compatible; Ask Jeeves/Teoma; +http://about.ask.com/en/docs/about/webmasters.shtml)"
66.4.193.129 - - [27/Jan/2009:07:55:16 -0500] "GET /rapture/rapture.html HTTP/1.1" 200 22564 "http://images.ask.com/fr?q=Right+to+Fair+Speedy+Trial&desturi=http%3A%2F%2Fwww.toastpoint.com%2Frapture%2Frapture.html&fm=i&ac=20&ftURI=http%3A%2F%2Fimages.ask.com%2Ffr%3Fq%3DRight%2Bto%2BFair%2BSpeedy%2BTrial%26desturi%3Dhttp%253A%252F%252Fwww.toastpoint.com%252Frapture%252Frapture.html%26imagesrc%3Dhttp%253A%252F%252Fwww.toastpoint.com%252Frapture%252Ftbj-jury.gif%26thumbsrc%3Dhttp%253A%252F%252F66.235.120.64%252Fts%253Ft%253D2656937575207208691%2526pid%253D23296%2526ppid%253D5%26o%3D0%26l%3Ddir%26thumbuselocalisedstatic%3Dfalse%26fn%3Dtbj-jury.gif%26imagewidth%3D250%26imageheight%3D212%26fs%3D3%26ft%3Dgif%26f%3D2%26fm%3Di%26ftbURI%3Dhttp%253A%252F%252Fwww.ask.com%252Fpictures%253Fq%253DRight%252Bto%252BFair%252BSpeedy%252BTrial%2526page%253D1%2526o%253D0%2526l%253Ddir%2526pstart%253D0&qt=0" "Mozilla/4.0 (compatible; MSIE 7.0; Windows NT 5.1; .NET CLR 1.1.4322; .NET CLR 2.0.50727; .NET CLR 3.0.04506.30; InfoPath.1; .NET CLR 3.0.04506.648)"
66.4.193.129 - - [27/Jan/2009:07:55:17 -0500] "GET /rapture/tbj-jury.gif HTTP/1.1" 200 3904 "http://images.ask.com/fr?q=Right+to+Fair+Speedy+Trial&desturi=http%3A%2F%2Fwww.toastpoint.com%2Frapture%2Frapture.html&imagesrc=http%3A%2F%2Fwww.toastpoint.com%2Frapture%2Ftbj-jury.gif&thumbsrc=http%3A%2F%2F66.235.120.64%2Fts%3Ft%3D2656937575207208691%26pid%3D23296%26ppid%3D5&o=0&l=dir&thumbuselocalisedstatic=false&fn=tbj-jury.gif&imagewidth=250&imageheight=212&fs=3&ft=gif&f=2&fm=i&ftbURI=http%3A%2F%2Fwww.ask.com%2Fpictures%3Fq%3DRight%2Bto%2BFair%2BSpeedy%2BTrial%26page%3D1%26o%3D0%26l%3Ddir%26pstart%3D0&qt=0&ac=20&ejs=http%3A%2F%2Fimages.ask.com%2Ffr%3Fq%3DRight%2Bto%2BFair%2BSpeedy%2BTrial%26desturi%3Dhttp%253A%252F%252Fwww.toastpoint.com%252Frapture%252Frapture.html%26fm%3Di%26ac%3D20%26ftURI%3Dhttp%253A%252F%252Fimages.ask.com%252Ffr%253Fq%253DRight%252Bto%252BFair%252BSpeedy%252BTrial%2526desturi%253Dhttp%25253A%25252F%25252Fwww.toastpoint.com%25252Frapture%25252Frapture.html%2526imagesrc%253Dhttp%25253A%25252F%25252Fwww.toastpoint.com%25252Frapture%25252Ftbj-jury.gif%2526thumbsrc%253Dhttp%25253A%25252F%25252F66.235.120.64%25252Fts%25253Ft%25253D2656937575207208691%252526pid%25253D23296%252526ppid%25253D5%2526o%253D0%2526l%253Ddir%2526thumbuselocalisedstatic%253Dfalse%2526fn%253Dtbj-jury.gif%2526imagewidth%253D250%2526imageheight%253D212%2526fs%253D3%2526ft%253Dgif%2526f%253D2%2526fm%253Di%2526ftbURI%253Dhttp%25253A%25252F%25252Fwww.ask.com%25252Fpictures%25253Fq%25253DRight%25252Bto%25252BFair%25252BSpeedy%25252BTrial%252526page%25253D1%252526o%25253D0%252526l%25253Ddir%252526pstart%25253D0%26qt%3D0" "Mozilla/4.0 (compatible; MSIE 7.0; Windows NT 5.1; .NET CLR 1.1.4322; .NET CLR 2.0.50727; .NET CLR 3.0.04506.30; InfoPath.1; .NET CLR 3.0.04506.648)"
66.4.193.129 - - [27/Jan/2009:07:55:17 -0500] "GET /favicon.ico HTTP/1.1" 404 693 "-" "Mozilla/4.0 (compatible; MSIE 7.0; Windows NT 5.1; .NET CLR 1.1.4322; .NET CLR 2.0.50727; .NET CLR 3.0.04506.30; InfoPath.1; .NET CLR 3.0.04506.648)"
66.4.193.129 - - [27/Jan/2009:07:55:21 -0500] "GET /rapture/rapture.html HTTP/1.1" 206 21184 "http://images.ask.com/fr?q=Right+to+Fair+Speedy+Trial&desturi=http%3A%2F%2Fwww.toastpoint.com%2Frapture%2Frapture.html&fm=i&ac=20&ftURI=http%3A%2F%2Fimages.ask.com%2Ffr%3Fq%3DRight%2Bto%2BFair%2BSpeedy%2BTrial%26desturi%3Dhttp%253A%252F%252Fwww.toastpoint.com%252Frapture%252Frapture.html%26imagesrc%3Dhttp%253A%252F%252Fwww.toastpoint.com%252Frapture%252Ftbj-jury.gif%26thumbsrc%3Dhttp%253A%252F%252F66.235.120.64%252Fts%253Ft%253D2656937575207208691%2526pid%253D23296%2526ppid%253D5%26o%3D0%26l%3Ddir%26thumbuselocalisedstatic%3Dfalse%26fn%3Dtbj-jury.gif%26imagewidth%3D250%26imageheight%3D212%26fs%3D3%26ft%3Dgif%26f%3D2%26fm%3Di%26ftbURI%3Dhttp%253A%252F%252Fwww.ask.com%252Fpictures%253Fq%253DRight%252Bto%252BFair%252BSpeedy%252BTrial%2526page%253D1%2526o%253D0%2526l%253Ddir%2526pstart%253D0&qt=0" "Mozilla/4.0 (compatible; MSIE 7.0; Windows NT 5.1; .NET CLR 1.1.4322; .NET CLR 2.0.50727; .NET CLR 3.0.04506.30; InfoPath.1; .NET CLR 3.0.04506.648)"
66.4.193.129 - - [27/Jan/2009:07:55:21 -0500] "GET /rapture/hms-dick.gif HTTP/1.1" 200 3100 "http://www.toastpoint.com/rapture/rapture.html" "Mozilla/4.0 (compatible; MSIE 7.0; Windows NT 5.1; .NET CLR 1.1.4322; .NET CLR 2.0.50727; .NET CLR 3.0.04506.30; InfoPath.1; .NET CLR 3.0.04506.648)"
66.4.193.129 - - [27/Jan/2009:07:55:21 -0500] "GET /rapture/sor-well.gif HTTP/1.1" 200 2583 "http://www.toastpoint.com/rapture/rapture.html" "Mozilla/4.0 (compatible; MSIE 7.0; Windows NT 5.1; .NET CLR 1.1.4322; .NET CLR 2.0.50727; .NET CLR 3.0.04506.30; InfoPath.1; .NET CLR 3.0.04506.648)"
66.4.193.129 - - [27/Jan/2009:07:55:26 -0500] "GET /rapture/tbj-jury.gif HTTP/1.1" 304 - "-" "Mozilla/4.0 (compatible; MSIE 7.0; Windows NT 5.1; .NET CLR 1.1.4322; .NET CLR 2.0.50727; .NET CLR 3.0.04506.30; InfoPath.1; .NET CLR 3.0.04506.648)"
66.4.193.129 - - [27/Jan/2009:07:55:26 -0500] "GET /rapture/tbj-jury.gif HTTP/1.1" 304 - "-" "Mozilla/4.0 (compatible; MSIE 7.0; Windows NT 5.1; .NET CLR 1.1.4322; .NET CLR 2.0.50727; .NET CLR 3.0.04506.30; InfoPath.1; .NET CLR 3.0.04506.648)"
66.235.124.8 - - [27/Jan/2009:08:06:17 -0500] "GET /fiction/fict499.html HTTP/1.1" 200 12868 "-" "Mozilla/5.0 (compatible; Ask Jeeves/Teoma; +http://about.ask.com/en/docs/about/webmasters.shtml)"
208.111.154.15 - - [27/Jan/2009:08:07:00 -0500] "GET /robots.txt HTTP/1.1" 404 693 "-" "Mozilla/5.0 (compatible; Charlotte/1.1; http://www.searchme.com/support/)"
217.35.97.214 - - [27/Jan/2009:08:53:20 -0500] "GET /limerick/nice199.html HTTP/1.1" 200 25313 "-" "Mozilla/4.0 (compatible; MSIE 6.0; Windows NT 5.1; SV1; .NET CLR 1.1.4322; .NET CLR 2.0.50727; InfoPath.2)"
217.35.97.214 - - [27/Jan/2009:08:53:20 -0500] "GET /gifs/birdumb2.gif HTTP/1.1" 200 4698 "http://www.toastpoint.com/limerick/nice199.html" "Mozilla/4.0 (compatible; MSIE 6.0; Windows NT 5.1; SV1; .NET CLR 1.1.4322; .NET CLR 2.0.50727; InfoPath.2)"
217.35.97.214 - - [27/Jan/2009:08:53:20 -0500] "GET /gifs/birdumb.gif HTTP/1.1" 200 4704 "http://www.toastpoint.com/limerick/nice199.html" "Mozilla/4.0 (compatible; MSIE 6.0; Windows NT 5.1; SV1; .NET CLR 1.1.4322; .NET CLR 2.0.50727; InfoPath.2)"
217.35.97.214 - - [27/Jan/2009:08:53:21 -0500] "GET /gifs/goldstar.jpg HTTP/1.1" 200 1854 "http://www.toastpoint.com/limerick/nice199.html" "Mozilla/4.0 (compatible; MSIE 6.0; Windows NT 5.1; SV1; .NET CLR 1.1.4322; .NET CLR 2.0.50727; InfoPath.2)"
208.111.154.15 - - [27/Jan/2009:09:00:42 -0500] "GET /robots.txt HTTP/1.1" 404 693 "-" "Mozilla/5.0 (compatible; Charlotte/1.1; http://www.searchme.com/support/)"
66.249.66.106 - - [27/Jan/2009:09:13:28 -0500] "GET /limerick/naut299.html HTTP/1.1" 200 23095 "-" "Nokia6820/2.0 (4.83) Profile/MIDP-1.0 Configuration/CLDC-1.0 (compatible; Googlebot-Mobile/2.1; +http://www.google.com/bot.html)"
208.111.154.15 - - [27/Jan/2009:09:53:03 -0500] "GET /robots.txt HTTP/1.1" 404 693 "-" "Mozilla/5.0 (compatible; Charlotte/1.1; http://www.searchme.com/support/)"
208.111.154.15 - - [27/Jan/2009:10:14:48 -0500] "GET /robots.txt HTTP/1.1" 404 693 "-" "Mozilla/5.0 (compatible; Charlotte/1.1; http://www.searchme.com/support/)"
208.111.154.15 - - [27/Jan/2009:10:15:06 -0500] "GET /limerick/1997/naut397.html HTTP/1.1" 200 21435 "-" "Mozilla/5.0 (compatible; Charlotte/1.1; http://www.searchme.com/support/)"
66.235.124.8 - - [27/Jan/2009:10:45:14 -0500] "GET /haiku/haiku599.html HTTP/1.1" 200 33918 "-" "Mozilla/5.0 (compatible; Ask Jeeves/Teoma; +http://about.ask.com/en/docs/about/webmasters.shtml)"
68.254.136.230 - - [27/Jan/2009:10:58:30 -0500] "GET /limerick/limerick.html HTTP/1.1" 200 2613 "-" "Mozilla/4.0 (compatible; MSIE 6.0; Windows NT 5.0; .NET CLR 2.0.50727)"
68.254.136.230 - - [27/Jan/2009:10:58:30 -0500] "GET /gifs/birdumb2.gif HTTP/1.1" 200 4698 "http://www.toastpoint.com/limerick/limerick.html" "Mozilla/4.0 (compatible; MSIE 6.0; Windows NT 5.0; .NET CLR 2.0.50727)"
68.254.136.230 - - [27/Jan/2009:10:58:31 -0500] "GET /gifs/woman.gif HTTP/1.1" 200 9657 "http://www.toastpoint.com/limerick/limerick.html" "Mozilla/4.0 (compatible; MSIE 6.0; Windows NT 5.0; .NET CLR 2.0.50727)"
66.235.124.8 - - [27/Jan/2009:10:58:33 -0500] "GET /limerick/1997/naut997.html HTTP/1.1" 200 53317 "-" "Mozilla/5.0 (compatible; Ask Jeeves/Teoma; +http://about.ask.com/en/docs/about/webmasters.shtml)"
68.254.136.230 - - [27/Jan/2009:10:58:43 -0500] "GET /limerick/naut599.html HTTP/1.1" 200 21235 "http://www.toastpoint.com/limerick/limerick.html" "Mozilla/4.0 (compatible; MSIE 6.0; Windows NT 5.0; .NET CLR 2.0.50727)"
68.254.136.230 - - [27/Jan/2009:10:58:43 -0500] "GET /gifs/nakedman.gif HTTP/1.1" 200 7734 "http://www.toastpoint.com/limerick/naut599.html" "Mozilla/4.0 (compatible; MSIE 6.0; Windows NT 5.0; .NET CLR 2.0.50727)"
68.254.136.230 - - [27/Jan/2009:10:58:43 -0500] "GET /gifs/boobies.gif HTTP/1.1" 200 11144 "http://www.toastpoint.com/limerick/naut599.html" "Mozilla/4.0 (compatible; MSIE 6.0; Windows NT 5.0; .NET CLR 2.0.50727)"
68.254.136.230 - - [27/Jan/2009:10:58:43 -0500] "GET /gifs/goldstar.jpg HTTP/1.1" 200 1854 "http://www.toastpoint.com/limerick/naut599.html" "Mozilla/4.0 (compatible; MSIE 6.0; Windows NT 5.0; .NET CLR 2.0.50727)"
69.105.81.224 - - [27/Jan/2009:11:01:48 -0500] "GET /gifs/japan.gif HTTP/1.1" 200 5737 "-" "Mozilla/5.0 (Macintosh; U; PPC Mac OS X; en-us) AppleWebKit/412 (KHTML, like Gecko) Pandora/2.0"
68.254.136.230 - - [27/Jan/2009:11:02:04 -0500] "GET /limerick/nice599.html HTTP/1.1" 200 26033 "http://www.toastpoint.com/limerick/limerick.html" "Mozilla/4.0 (compatible; MSIE 6.0; Windows NT 5.0; .NET CLR 2.0.50727)"
68.254.136.230 - - [27/Jan/2009:11:02:05 -0500] "GET /gifs/birdumb.gif HTTP/1.1" 200 4704 "http://www.toastpoint.com/limerick/nice599.html" "Mozilla/4.0 (compatible; MSIE 6.0; Windows NT 5.0; .NET CLR 2.0.50727)"
69.105.81.224 - - [27/Jan/2009:11:03:34 -0500] "HEAD /gifs/goldstar.jpg HTTP/1.1" 200 - "-" "Mozilla/5.0 (Macintosh; U; PPC Mac OS X; en-us) AppleWebKit/412 (KHTML, like Gecko) Pandora/2.0"
69.105.81.224 - - [27/Jan/2009:11:03:37 -0500] "GET /gifs/goldstar.jpg HTTP/1.1" 200 1854 "-" "Mozilla/5.0 (Macintosh; U; PPC Mac OS X; en-us) AppleWebKit/412 (KHTML, like Gecko) Pandora/2.0"
68.254.136.230 - - [27/Jan/2009:11:04:03 -0500] "GET /limerick/naut199.html HTTP/1.1" 200 34481 "http://www.toastpoint.com/limerick/limerick.html" "Mozilla/4.0 (compatible; MSIE 6.0; Windows NT 5.0; .NET CLR 2.0.50727)"
66.235.124.8 - - [27/Jan/2009:11:04:11 -0500] "GET /bio.html HTTP/1.1" 200 7868 "-" "Mozilla/5.0 (compatible; Ask Jeeves/Teoma; +http://about.ask.com/en/docs/about/webmasters.shtml)"
208.111.154.15 - - [27/Jan/2009:11:12:19 -0500] "GET /robots.txt HTTP/1.1" 404 693 "-" "Mozilla/5.0 (compatible; Charlotte/1.1; http://www.searchme.com/support/)"
208.111.154.15 - - [27/Jan/2009:11:12:38 -0500] "GET /limerick/1996/nau1296.html HTTP/1.1" 200 25921 "-" "Mozilla/5.0 (compatible; Charlotte/1.1; http://www.searchme.com/support/)"
208.111.154.16 - - [27/Jan/2009:11:24:42 -0500] "GET /robots.txt HTTP/1.1" 404 693 "-" "Mozilla/5.0 (compatible; Charlotte/1.1; http://www.searchme.com/support/)"
208.111.154.15 - - [27/Jan/2009:11:54:45 -0500] "GET /robots.txt HTTP/1.1" 404 693 "-" "Mozilla/5.0 (compatible; Charlotte/1.1; http://www.searchme.com/support/)"
66.235.124.8 - - [27/Jan/2009:11:59:16 -0500] "GET /haiku/haiku299.html HTTP/1.1" 200 68017 "-" "Mozilla/5.0 (compatible; Ask Jeeves/Teoma; +http://about.ask.com/en/docs/about/webmasters.shtml)"
68.217.153.33 - - [27/Jan/2009:12:03:18 -0500] "GET /favicon.ico HTTP/1.1" 404 693 "-" "Mozilla/5.0 (Windows; U; Windows NT 5.1; en-US; rv:1.9.0.5) Gecko/2008120122 Firefox/3.0.5"
68.217.153.33 - - [27/Jan/2009:12:03:18 -0500] "GET /limerick/nice199.html HTTP/1.1" 200 25313 "-" "Mozilla/5.0 (Windows; U; Windows NT 5.1; en-US; rv:1.9.0.5) Gecko/2008120122 Firefox/3.0.5"
68.217.153.33 - - [27/Jan/2009:12:03:18 -0500] "GET /gifs/birdumb2.gif HTTP/1.1" 200 4698 "http://www.toastpoint.com/limerick/nice199.html" "Mozilla/5.0 (Windows; U; Windows NT 5.1; en-US; rv:1.9.0.5) Gecko/2008120122 Firefox/3.0.5"
68.217.153.33 - - [27/Jan/2009:12:03:18 -0500] "GET /gifs/birdumb.gif HTTP/1.1" 200 4704 "http://www.toastpoint.com/limerick/nice199.html" "Mozilla/5.0 (Windows; U; Windows NT 5.1; en-US; rv:1.9.0.5) Gecko/2008120122 Firefox/3.0.5"
68.217.153.33 - - [27/Jan/2009:12:03:18 -0500] "GET /gifs/goldstar.jpg HTTP/1.1" 200 1854 "http://www.toastpoint.com/limerick/nice199.html" "Mozilla/5.0 (Windows; U; Windows NT 5.1; en-US; rv:1.9.0.5) Gecko/2008120122 Firefox/3.0.5"
68.217.153.33 - - [27/Jan/2009:12:03:19 -0500] "GET /favicon.ico HTTP/1.1" 404 693 "-" "Mozilla/5.0 (Windows; U; Windows NT 5.1; en-US; rv:1.9.0.5) Gecko/2008120122 Firefox/3.0.5"
82.58.113.71 - - [27/Jan/2009:12:12:51 -0500] "GET /index.html HTTP/1.1" 200 464 "-" "Mozilla/4.0 (compatible; MSIE 6.0; Windows NT 5.1; SV1; .NET CLR 1.1.4322; .NET CLR 2.0.50727; .NET CLR 3.0.04506.648; .NET CLR 3.5.21022)"
82.58.113.71 - - [27/Jan/2009:12:12:52 -0500] "GET /toastpointtoc.html HTTP/1.1" 200 1188 "http://www.toastpoint.com/index.html" "Mozilla/4.0 (compatible; MSIE 6.0; Windows NT 5.1; SV1; .NET CLR 1.1.4322; .NET CLR 2.0.50727; .NET CLR 3.0.04506.648; .NET CLR 3.5.21022)"
82.58.113.71 - - [27/Jan/2009:12:12:52 -0500] "GET /toastpointtopright.html HTTP/1.1" 200 151 "http://www.toastpoint.com/index.html" "Mozilla/4.0 (compatible; MSIE 6.0; Windows NT 5.1; SV1; .NET CLR 1.1.4322; .NET CLR 2.0.50727; .NET CLR 3.0.04506.648; .NET CLR 3.5.21022)"
82.58.113.71 - - [27/Jan/2009:12:12:52 -0500] "GET /toastpointtopleft.html HTTP/1.1" 200 162 "http://www.toastpoint.com/index.html" "Mozilla/4.0 (compatible; MSIE 6.0; Windows NT 5.1; SV1; .NET CLR 1.1.4322; .NET CLR 2.0.50727; .NET CLR 3.0.04506.648; .NET CLR 3.5.21022)"
82.58.113.71 - - [27/Jan/2009:12:12:52 -0500] "GET /tpnews.html HTTP/1.1" 200 8305 "http://www.toastpoint.com/index.html" "Mozilla/4.0 (compatible; MSIE 6.0; Windows NT 5.1; SV1; .NET CLR 1.1.4322; .NET CLR 2.0.50727; .NET CLR 3.0.04506.648; .NET CLR 3.5.21022)"
82.58.113.71 - - [27/Jan/2009:12:12:52 -0500] "GET /news.html HTTP/1.1" 200 17706 "http://www.toastpoint.com/index.html" "Mozilla/4.0 (compatible; MSIE 6.0; Windows NT 5.1; SV1; .NET CLR 1.1.4322; .NET CLR 2.0.50727; .NET CLR 3.0.04506.648; .NET CLR 3.5.21022)"
82.58.113.71 - - [27/Jan/2009:12:12:52 -0500] "GET /gifs/tpwinter20089.jpg HTTP/1.1" 200 28088 "http://www.toastpoint.com/news.html" "Mozilla/4.0 (compatible; MSIE 6.0; Windows NT 5.1; SV1; .NET CLR 1.1.4322; .NET CLR 2.0.50727; .NET CLR 3.0.04506.648; .NET CLR 3.5.21022)"
82.58.113.71 - - [27/Jan/2009:12:13:06 -0500] "GET /whytoastpoint.html HTTP/1.1" 200 605 "http://www.toastpoint.com/toastpointtoc.html" "Mozilla/4.0 (compatible; MSIE 6.0; Windows NT 5.1; SV1; .NET CLR 1.1.4322; .NET CLR 2.0.50727; .NET CLR 3.0.04506.648; .NET CLR 3.5.21022)"
74.6.30.119 - - [27/Jan/2009:12:13:40 -0500] "GET /haiku/haiku.html HTTP/1.0" 200 2147 "-" "Mozilla/5.0 (compatible; Yahoo! DE Slurp; http://help.yahoo.com/help/us/ysearch/slurp)"
208.111.154.16 - - [27/Jan/2009:12:14:46 -0500] "GET /robots.txt HTTP/1.1" 404 693 "-" "Mozilla/5.0 (compatible; Charlotte/1.1; http://www.searchme.com/support/)"
67.175.103.152 - - [27/Jan/2009:12:17:18 -0500] "GET /favicon.ico HTTP/1.1" 404 693 "-" "Mozilla/5.0 (Windows; U; Windows NT 6.0; en-US; rv:1.9.0.5) Gecko/2008120122 Firefox/3.0.5"
67.175.103.152 - - [27/Jan/2009:12:17:18 -0500] "GET /limerick/nice299.html HTTP/1.1" 200 28130 "-" "Mozilla/5.0 (Windows; U; Windows NT 6.0; en-US; rv:1.9.0.5) Gecko/2008120122 Firefox/3.0.5"
67.175.103.152 - - [27/Jan/2009:12:17:18 -0500] "GET /gifs/birdumb2.gif HTTP/1.1" 200 4698 "http://www.toastpoint.com/limerick/nice299.html" "Mozilla/5.0 (Windows; U; Windows NT 6.0; en-US; rv:1.9.0.5) Gecko/2008120122 Firefox/3.0.5"
67.175.103.152 - - [27/Jan/2009:12:17:18 -0500] "GET /gifs/birdumb.gif HTTP/1.1" 200 4704 "http://www.toastpoint.com/limerick/nice299.html" "Mozilla/5.0 (Windows; U; Windows NT 6.0; en-US; rv:1.9.0.5) Gecko/2008120122 Firefox/3.0.5"
67.175.103.152 - - [27/Jan/2009:12:17:18 -0500] "GET /gifs/goldstar.jpg HTTP/1.1" 200 1854 "http://www.toastpoint.com/limerick/nice299.html" "Mozilla/5.0 (Windows; U; Windows NT 6.0; en-US; rv:1.9.0.5) Gecko/2008120122 Firefox/3.0.5"
67.175.103.152 - - [27/Jan/2009:12:17:18 -0500] "GET /favicon.ico HTTP/1.1" 404 693 "-" "Mozilla/5.0 (Windows; U; Windows NT 6.0; en-US; rv:1.9.0.5) Gecko/2008120122 Firefox/3.0.5"
67.175.103.152 - - [27/Jan/2009:12:17:20 -0500] "GET /favicon.ico HTTP/1.1" 404 693 "-" "Mozilla/5.0 (Windows; U; Windows NT 6.0; en-US; rv:1.9.0.5) Gecko/2008120122 Firefox/3.0.5"
67.175.103.152 - - [27/Jan/2009:12:17:20 -0500] "GET /favicon.ico HTTP/1.1" 404 693 "-" "Mozilla/5.0 (Windows; U; Windows NT 6.0; en-US; rv:1.9.0.5) Gecko/2008120122 Firefox/3.0.5"
76.181.220.42 - - [27/Jan/2009:12:20:16 -0500] "GET /favicon.ico HTTP/1.1" 404 693 "-" "Mozilla/5.0 (X11; U; Linux i686; en-US; rv:1.9.0.5) Gecko/2008121622 Ubuntu/8.10 (intrepid) Firefox/3.0.5"
76.181.220.42 - - [27/Jan/2009:12:20:16 -0500] "GET /limerick/1995/nautnov.html HTTP/1.1" 200 13933 "-" "Mozilla/5.0 (X11; U; Linux i686; en-US; rv:1.9.0.5) Gecko/2008121622 Ubuntu/8.10 (intrepid) Firefox/3.0.5"
76.181.220.42 - - [27/Jan/2009:12:20:16 -0500] "GET /gifs/goldstar.jpg HTTP/1.1" 200 1854 "http://www.toastpoint.com/limerick/1995/nautnov.html" "Mozilla/5.0 (X11; U; Linux i686; en-US; rv:1.9.0.5) Gecko/2008121622 Ubuntu/8.10 (intrepid) Firefox/3.0.5"
76.181.220.42 - - [27/Jan/2009:12:20:19 -0500] "GET /favicon.ico HTTP/1.1" 404 693 "-" "Mozilla/5.0 (X11; U; Linux i686; en-US; rv:1.9.0.5) Gecko/2008121622 Ubuntu/8.10 (intrepid) Firefox/3.0.5"
76.181.220.42 - - [27/Jan/2009:12:20:19 -0500] "GET /favicon.ico HTTP/1.1" 404 693 "-" "Mozilla/5.0 (X11; U; Linux i686; en-US; rv:1.9.0.5) Gecko/2008121622 Ubuntu/8.10 (intrepid) Firefox/3.0.5"
66.235.124.8 - - [27/Jan/2009:12:21:09 -0500] "GET /limerick/1995/niceaug.html HTTP/1.1" 200 4489 "-" "Mozilla/5.0 (compatible; Ask Jeeves/Teoma; +http://about.ask.com/en/docs/about/webmasters.shtml)"
66.249.65.111 - - [27/Jan/2009:12:23:16 -0500] "GET /limerick/naut299.html HTTP/1.1" 200 23095 "-" "DoCoMo/2.0 N905i(c100;TB;W24H16) (compatible; Googlebot-Mobile/2.1; +http://www.google.com/bot.html)"
66.249.65.111 - - [27/Jan/2009:12:27:58 -0500] "GET /fiction/fiction.html HTTP/1.1" 200 2705 "-" "DoCoMo/2.0 N905i(c100;TB;W24H16) (compatible; Googlebot-Mobile/2.1; +http://www.google.com/bot.html)"
66.235.124.8 - - [27/Jan/2009:12:48:50 -0500] "GET / HTTP/1.1" 200 464 "-" "Mozilla/5.0 (compatible; Ask Jeeves/Teoma; +http://about.ask.com/en/docs/about/webmasters.shtml)"
66.235.124.8 - - [27/Jan/2009:12:48:51 -0500] "GET /toastpointtopleft.html HTTP/1.1" 200 162 "-" "Mozilla/5.0 (compatible; Ask Jeeves/Teoma; +http://about.ask.com/en/docs/about/webmasters.shtml)"
66.235.124.8 - - [27/Jan/2009:12:48:51 -0500] "GET /toastpointtoc.html HTTP/1.1" 200 1188 "-" "Mozilla/5.0 (compatible; Ask Jeeves/Teoma; +http://about.ask.com/en/docs/about/webmasters.shtml)"
66.235.124.8 - - [27/Jan/2009:12:48:51 -0500] "GET /news.html HTTP/1.1" 200 17706 "-" "Mozilla/5.0 (compatible; Ask Jeeves/Teoma; +http://about.ask.com/en/docs/about/webmasters.shtml)"
66.235.124.8 - - [27/Jan/2009:12:48:51 -0500] "GET /toastpointtopright.html HTTP/1.1" 200 151 "-" "Mozilla/5.0 (compatible; Ask Jeeves/Teoma; +http://about.ask.com/en/docs/about/webmasters.shtml)"
66.235.124.8 - - [27/Jan/2009:12:48:51 -0500] "GET /tpnews.html HTTP/1.1" 200 8305 "-" "Mozilla/5.0 (compatible; Ask Jeeves/Teoma; +http://about.ask.com/en/docs/about/webmasters.shtml)"
208.80.194.51 - - [27/Jan/2009:12:50:10 -0500] "GET / HTTP/1.0" 200 464 "-" "Mozilla/4.0 (compatible; MSIE 7.0; Windows NT 5.1; YPC 3.0.2; .NET CLR 1.1.4322; yplus 5.3.04b)"
66.249.66.106 - - [27/Jan/2009:12:56:45 -0500] "GET /robots.txt HTTP/1.1" 404 693 "-" "Nokia6820/2.0 (4.83) Profile/MIDP-1.0 Configuration/CLDC-1.0 (compatible; Googlebot-Mobile/2.1; +http://www.google.com/bot.html)"
66.249.66.106 - - [27/Jan/2009:12:56:46 -0500] "GET /fiction/fict97/fict97.html HTTP/1.1" 200 1536 "-" "Nokia6820/2.0 (4.83) Profile/MIDP-1.0 Configuration/CLDC-1.0 (compatible; Googlebot-Mobile/2.1; +http://www.google.com/bot.html)"
81.52.143.26 - - [27/Jan/2009:13:04:52 -0500] "GET /limerick/nice299.html HTTP/1.1" 200 28130 "-" "Mozilla/5.0 (Windows; U; Windows NT 5.1; fr; rv:1.8.1) VoilaBot BETA 1.2 (support.voilabot@orange-ftgroup.com)"
66.235.124.58 - - [27/Jan/2009:13:20:31 -0500] "GET /robots.txt HTTP/1.0" 404 693 "-" "Mozilla/5.0 (compatible; Ask Jeeves/Teoma; +http://about.ask.com/en/docs/about/webmasters.shtml)"
66.235.124.58 - - [27/Jan/2009:13:20:31 -0500] "GET /rapture/hogwartssorcerer.txt HTTP/1.0" 200 12877 "-" "Mozilla/5.0 (compatible; Ask Jeeves/Teoma; +http://about.ask.com/en/docs/about/webmasters.shtml)"
208.111.154.16 - - [27/Jan/2009:13:28:32 -0500] "GET /robots.txt HTTP/1.1" 404 693 "-" "Mozilla/5.0 (compatible; Charlotte/1.1; http://www.searchme.com/support/)"
66.249.66.106 - - [27/Jan/2009:13:36:04 -0500] "GET /fiction/fict98/fict98.html HTTP/1.1" 200 1540 "-" "Nokia6820/2.0 (4.83) Profile/MIDP-1.0 Configuration/CLDC-1.0 (compatible; Googlebot-Mobile/2.1; +http://www.google.com/bot.html)"
72.30.161.228 - - [27/Jan/2009:13:37:05 -0500] "GET /robots.txt HTTP/1.0" 404 693 "-" "Mozilla/5.0 (compatible; Yahoo! Slurp; http://help.yahoo.com/help/us/ysearch/slurp)"
72.30.161.228 - - [27/Jan/2009:13:37:46 -0500] "GET /haiku/1998/haiku798.html HTTP/1.0" 200 74969 "-" "Mozilla/5.0 (compatible; Yahoo! Slurp; http://help.yahoo.com/help/us/ysearch/slurp)"
66.249.66.106 - - [27/Jan/2009:13:49:15 -0500] "GET /fiction/fict98/fict98.html HTTP/1.1" 200 1540 "-" "Nokia6820/2.0 (4.83) Profile/MIDP-1.0 Configuration/CLDC-1.0 (compatible; Googlebot-Mobile/2.1; +http://www.google.com/bot.html)"
66.249.66.106 - - [27/Jan/2009:13:52:20 -0500] "GET /limerick/1995/nautjune.html HTTP/1.1" 200 3274 "-" "Nokia6820/2.0 (4.83) Profile/MIDP-1.0 Configuration/CLDC-1.0 (compatible; Googlebot-Mobile/2.1; +http://www.google.com/bot.html)"
66.249.66.106 - - [27/Jan/2009:14:09:01 -0500] "GET /limerick/1996/lim1996.html HTTP/1.1" 200 2072 "-" "Nokia6820/2.0 (4.83) Profile/MIDP-1.0 Configuration/CLDC-1.0 (compatible; Googlebot-Mobile/2.1; +http://www.google.com/bot.html)"
66.249.66.106 - - [27/Jan/2009:14:09:23 -0500] "GET /limerick/brady/brady99.html HTTP/1.1" 200 7546 "-" "Nokia6820/2.0 (4.83) Profile/MIDP-1.0 Configuration/CLDC-1.0 (compatible; Googlebot-Mobile/2.1; +http://www.google.com/bot.html)"
91.105.102.216 - - [27/Jan/2009:14:16:03 -0500] "GET /favicon.ico HTTP/1.1" 404 693 "-" "Mozilla/4.0 (compatible; MSIE 7.0; Windows NT 6.0; SLCC1; .NET CLR 2.0.50727; Media Center PC 5.0; .NET CLR 3.0.04506; .NET CLR 1.1.4322; InfoPath.2)"
91.105.102.216 - - [27/Jan/2009:14:16:03 -0500] "GET /writing/funny.html HTTP/1.1" 200 6412 "-" "Mozilla/4.0 (compatible; MSIE 7.0; Windows NT 6.0; SLCC1; .NET CLR 2.0.50727; Media Center PC 5.0; .NET CLR 3.0.04506; .NET CLR 1.1.4322; InfoPath.2)"
208.36.144.8 - - [27/Jan/2009:14:29:14 -0500] "GET /gifs/pastheaders.html HTTP/1.0" 200 1264 "-" "Mozilla/5.0 (Twiceler-0.9 http://www.cuil.com/twiceler/robot.html)"
66.249.65.111 - - [27/Jan/2009:14:54:06 -0500] "GET /limerick/brady/brady99.html HTTP/1.1" 200 7546 "-" "DoCoMo/2.0 N905i(c100;TB;W24H16) (compatible; Googlebot-Mobile/2.1; +http://www.google.com/bot.html)"
66.249.65.111 - - [27/Jan/2009:15:04:31 -0500] "GET /limerick/naut399.html HTTP/1.1" 200 38217 "-" "DoCoMo/2.0 N905i(c100;TB;W24H16) (compatible; Googlebot-Mobile/2.1; +http://www.google.com/bot.html)"
66.249.65.111 - - [27/Jan/2009:15:06:56 -0500] "GET /limerick/nautfrm.html HTTP/1.1" 200 548 "-" "DoCoMo/2.0 N905i(c100;TB;W24H16) (compatible; Googlebot-Mobile/2.1; +http://www.google.com/bot.html)"
66.249.65.111 - - [27/Jan/2009:15:09:01 -0500] "GET /limerick/naut199.html HTTP/1.1" 200 34481 "-" "DoCoMo/2.0 N905i(c100;TB;W24H16) (compatible; Googlebot-Mobile/2.1; +http://www.google.com/bot.html)"
208.111.154.15 - - [27/Jan/2009:15:16:03 -0500] "GET /robots.txt HTTP/1.1" 404 693 "-" "Mozilla/5.0 (compatible; Charlotte/1.1; http://www.searchme.com/support/)"
66.249.65.111 - - [27/Jan/2009:15:19:18 -0500] "GET /fiction/novels/peak2.html HTTP/1.1" 200 15955 "-" "DoCoMo/2.0 N905i(c100;TB;W24H16) (compatible; Googlebot-Mobile/2.1; +http://www.google.com/bot.html)"
208.111.154.16 - - [27/Jan/2009:15:21:22 -0500] "GET /robots.txt HTTP/1.1" 404 693 "-" "Mozilla/5.0 (compatible; Charlotte/1.1; http://www.searchme.com/support/)"
208.111.154.15 - - [27/Jan/2009:15:29:30 -0500] "GET /robots.txt HTTP/1.1" 404 693 "-" "Mozilla/5.0 (compatible; Charlotte/1.1; http://www.searchme.com/support/)"
208.111.154.16 - - [27/Jan/2009:15:32:03 -0500] "GET /robots.txt HTTP/1.1" 404 693 "-" "Mozilla/5.0 (compatible; Charlotte/1.1; http://www.searchme.com/support/)"
66.249.65.111 - - [27/Jan/2009:15:50:42 -0500] "GET /fiction/fict399.html HTTP/1.1" 200 27729 "-" "DoCoMo/2.0 N905i(c100;TB;W24H16) (compatible; Googlebot-Mobile/2.1; +http://www.google.com/bot.html)"
207.157.17.19 - - [27/Jan/2009:15:56:26 -0500] "GET /limerick/nice199.html HTTP/1.1" 200 25313 "http://www.google.com/search?hl=en&rls=com.microsoft:*:IE-SearchBox&rlz=1I7ADBS&q=clean+kids+limericks&start=10&sa=N" "Mozilla/4.0 (compatible; MSIE 7.0; Windows NT 5.1; .NET CLR 1.1.4322; IEMB3; InfoPath.1; IEMB3)"
207.157.17.19 - - [27/Jan/2009:15:56:26 -0500] "GET /gifs/birdumb2.gif HTTP/1.1" 200 4698 "http://www.toastpoint.com/limerick/nice199.html" "Mozilla/4.0 (compatible; MSIE 7.0; Windows NT 5.1; .NET CLR 1.1.4322; IEMB3; InfoPath.1; IEMB3)"
207.157.17.19 - - [27/Jan/2009:15:56:26 -0500] "GET /gifs/birdumb.gif HTTP/1.1" 200 4704 "http://www.toastpoint.com/limerick/nice199.html" "Mozilla/4.0 (compatible; MSIE 7.0; Windows NT 5.1; .NET CLR 1.1.4322; IEMB3; InfoPath.1; IEMB3)"
207.157.17.19 - - [27/Jan/2009:15:56:26 -0500] "GET /gifs/goldstar.jpg HTTP/1.1" 200 1854 "http://www.toastpoint.com/limerick/nice199.html" "Mozilla/4.0 (compatible; MSIE 7.0; Windows NT 5.1; .NET CLR 1.1.4322; IEMB3; InfoPath.1; IEMB3)"
207.157.17.19 - - [27/Jan/2009:15:56:27 -0500] "GET /favicon.ico HTTP/1.1" 404 693 "-" "Mozilla/4.0 (compatible; MSIE 7.0; Windows NT 5.1; .NET CLR 1.1.4322; IEMB3; InfoPath.1; IEMB3)"
208.111.154.16 - - [27/Jan/2009:15:57:42 -0500] "GET /robots.txt HTTP/1.1" 404 693 "-" "Mozilla/5.0 (compatible; Charlotte/1.1; http://www.searchme.com/support/)"
208.111.154.16 - - [27/Jan/2009:16:01:29 -0500] "GET /robots.txt HTTP/1.1" 404 693 "-" "Mozilla/5.0 (compatible; Charlotte/1.1; http://www.searchme.com/support/)"
208.111.154.16 - - [27/Jan/2009:16:26:42 -0500] "GET /robots.txt HTTP/1.1" 404 693 "-" "Mozilla/5.0 (compatible; Charlotte/1.1; http://www.searchme.com/support/)"
206.80.195.18 - - [27/Jan/2009:16:32:54 -0500] "GET /limerick/docs/fletcher.html HTTP/1.1" 200 5576 "http://www.googlesyndicatedsearch.com/u/kyrene?hl=en&domains=www.kyrene.org&ie=ISO-8859-1&q=strong+beat+in+limericks&sitesearch=" "Mozilla/4.0 (compatible; MSIE 6.0; Windows NT 5.1; SV1; .NET CLR 1.1.4322; .NET CLR 2.0.50727; .NET CLR 3.0.04506.30; .NET CLR 3.0.04506.648)"
208.168.242.13 - - [27/Jan/2009:16:39:59 -0500] "GET /favicon.ico HTTP/1.1" 404 693 "http://www.toastpoint.com/limerick/1997/nice1297.html" "Mozilla/5.0 (Macintosh; U; Intel Mac OS X 10_4_11; en) AppleWebKit/525.27.1 (KHTML, like Gecko) Version/3.2.1 Safari/525.27.1"
208.168.242.13 - - [27/Jan/2009:16:39:59 -0500] "GET /limerick/1997/nice1297.html HTTP/1.1" 200 24100 "http://www.toastpoint.com/limerick/1997/nice1297.html" "Mozilla/5.0 (Macintosh; U; Intel Mac OS X 10_4_11; en) AppleWebKit/525.27.1 (KHTML, like Gecko) Version/3.2.1 Safari/525.27.1"
208.168.242.13 - - [27/Jan/2009:16:39:59 -0500] "GET /gifs/birdumb2.gif HTTP/1.1" 200 4698 "http://www.toastpoint.com/limerick/1997/nice1297.html" "Mozilla/5.0 (Macintosh; U; Intel Mac OS X 10_4_11; en) AppleWebKit/525.27.1 (KHTML, like Gecko) Version/3.2.1 Safari/525.27.1"
208.168.242.13 - - [27/Jan/2009:16:39:59 -0500] "GET /gifs/ornament.jpg HTTP/1.1" 200 3688 "http://www.toastpoint.com/limerick/1997/nice1297.html" "Mozilla/5.0 (Macintosh; U; Intel Mac OS X 10_4_11; en) AppleWebKit/525.27.1 (KHTML, like Gecko) Version/3.2.1 Safari/525.27.1"
208.168.242.13 - - [27/Jan/2009:16:39:59 -0500] "GET /gifs/goldstar.jpg HTTP/1.1" 200 1854 "http://www.toastpoint.com/limerick/1997/nice1297.html" "Mozilla/5.0 (Macintosh; U; Intel Mac OS X 10_4_11; en) AppleWebKit/525.27.1 (KHTML, like Gecko) Version/3.2.1 Safari/525.27.1"
38.108.180.97 - - [27/Jan/2009:16:52:09 -0500] "GET /robots.txt HTTP/1.1" 404 693 "-" "Mozilla/5.0 (compatible; ScoutJet; +http://www.scoutjet.com/)"
38.108.180.97 - - [27/Jan/2009:16:52:10 -0500] "GET / HTTP/1.1" 200 919088 "-" "Mozilla/5.0 (compatible; ScoutJet; +http://www.scoutjet.com/)"
193.252.149.16 - - [27/Jan/2009:16:52:38 -0500] "GET /robots.txt HTTP/1.1" 404 693 "-" "Mozilla/5.0 (Windows; U; Windows NT 5.1; fr; rv:1.8.1) VoilaBot BETA 1.2 (support.voilabot@orange-ftgroup.com)"
193.252.149.16 - - [27/Jan/2009:16:53:02 -0500] "GET /haiku/haiku399.html HTTP/1.1" 200 75208 "-" "Mozilla/5.0 (Windows; U; Windows NT 5.1; fr; rv:1.8.1) VoilaBot BETA 1.2 (support.voilabot@orange-ftgroup.com)"
208.111.154.15 - - [27/Jan/2009:17:24:11 -0500] "GET /robots.txt HTTP/1.1" 404 693 "-" "Mozilla/5.0 (compatible; Charlotte/1.1; http://www.searchme.com/support/)"
75.83.127.94 - - [27/Jan/2009:17:32:01 -0500] "GET http://www.toastpoint.com/ HTTP/1.0" 200 464 "-" "Mozilla/4.0 (compatible; MSIE 7.0b; Windows NT 6.0)"
75.83.127.94 - - [27/Jan/2009:17:34:21 -0500] "GET http://www.toastpoint.com/ HTTP/1.0" 200 464 "-" "Mozilla/4.0 (compatible; MSIE 7.0b; Windows NT 6.0)"
75.83.127.94 - - [27/Jan/2009:17:37:12 -0500] "GET http://www.toastpoint.com/ HTTP/1.0" 200 464 "-" "Mozilla/4.0 (compatible; MSIE 7.0b; Windows NT 6.0)"
75.83.127.94 - - [27/Jan/2009:17:43:32 -0500] "GET http://www.toastpoint.com/ HTTP/1.0" 200 464 "-" "Mozilla/4.0 (compatible; MSIE 7.0b; Windows NT 6.0)"
208.111.154.15 - - [27/Jan/2009:17:44:24 -0500] "GET /robots.txt HTTP/1.1" 404 693 "-" "Mozilla/5.0 (compatible; Charlotte/1.1; http://www.searchme.com/support/)"
208.111.154.15 - - [27/Jan/2009:17:44:44 -0500] "GET /limerick/nice599.html HTTP/1.1" 200 26033 "-" "Mozilla/5.0 (compatible; Charlotte/1.1; http://www.searchme.com/support/)"
208.111.154.15 - - [27/Jan/2009:17:55:25 -0500] "GET /robots.txt HTTP/1.1" 404 693 "-" "Mozilla/5.0 (compatible; Charlotte/1.1; http://www.searchme.com/support/)"
193.252.149.15 - - [27/Jan/2009:17:55:57 -0500] "GET /limerick/1998/nice398.html HTTP/1.1" 200 36584 "-" "Mozilla/5.0 (Windows; U; Windows NT 5.1; fr; rv:1.8.1) VoilaBot BETA 1.2 (support.voilabot@orange-ftgroup.com)"
