75.83.127.94 - - [06/Dec/2008:00:08:34 -0500] "GET http://www.toastpoint.com/ HTTP/1.0" 200 464 "-" "Mozilla/4.0 (compatible; MSIE 7.0b; Windows NT 6.0)"
75.83.127.94 - - [06/Dec/2008:00:08:52 -0500] "GET http://www.toastpoint.com/ HTTP/1.0" 200 464 "-" "Mozilla/4.0 (compatible; MSIE 7.0b; Windows NT 6.0)"
75.83.127.94 - - [06/Dec/2008:00:09:42 -0500] "GET http://www.toastpoint.com/ HTTP/1.0" 200 464 "-" "Mozilla/4.0 (compatible; MSIE 7.0b; Windows NT 6.0)"
75.83.127.94 - - [06/Dec/2008:00:09:43 -0500] "GET http://www.toastpoint.com/ HTTP/1.0" 200 464 "-" "Mozilla/4.0 (compatible; MSIE 7.0b; Windows NT 6.0)"
68.146.99.224 - - [06/Dec/2008:00:41:01 -0500] "GET /favicon.ico HTTP/1.1" 404 693 "-" "Mozilla/4.0 (compatible; MSIE 7.0; Windows NT 6.0; SV1; SLCC1; .NET CLR 2.0.50727; Media Center PC 5.0; .NET CLR 3.0.04506; .NET CLR 1.1.4322)"
68.146.99.224 - - [06/Dec/2008:00:41:01 -0500] "GET /gifs/goldstar.jpg HTTP/1.1" 200 1854 "http://www.toastpoint.com/haiku/haiku299.html" "Mozilla/4.0 (compatible; MSIE 7.0; Windows NT 6.0; SV1; SLCC1; .NET CLR 2.0.50727; Media Center PC 5.0; .NET CLR 3.0.04506; .NET CLR 1.1.4322)"
68.146.99.224 - - [06/Dec/2008:00:41:01 -0500] "GET /gifs/blank.jpg HTTP/1.1" 200 705 "http://www.toastpoint.com/haiku/haiku299.html" "Mozilla/4.0 (compatible; MSIE 7.0; Windows NT 6.0; SV1; SLCC1; .NET CLR 2.0.50727; Media Center PC 5.0; .NET CLR 3.0.04506; .NET CLR 1.1.4322)"
68.146.99.224 - - [06/Dec/2008:00:41:01 -0500] "GET /gifs/japan.gif HTTP/1.1" 200 5737 "http://www.toastpoint.com/haiku/haiku299.html" "Mozilla/4.0 (compatible; MSIE 7.0; Windows NT 6.0; SV1; SLCC1; .NET CLR 2.0.50727; Media Center PC 5.0; .NET CLR 3.0.04506; .NET CLR 1.1.4322)"
68.146.99.224 - - [06/Dec/2008:00:41:01 -0500] "GET /haiku/haiku299.html HTTP/1.1" 200 68017 "-" "Mozilla/4.0 (compatible; MSIE 7.0; Windows NT 6.0; SV1; SLCC1; .NET CLR 2.0.50727; Media Center PC 5.0; .NET CLR 3.0.04506; .NET CLR 1.1.4322)"
208.111.154.16 - - [06/Dec/2008:00:54:36 -0500] "GET /robots.txt HTTP/1.0" 404 693 "-" "Mozilla/5.0 (compatible; Charlotte/1.1; http://www.searchme.com/support/)"
75.45.113.77 - - [06/Dec/2008:01:02:29 -0500] "GET /favicon.ico HTTP/1.1" 404 693 "-" "Mozilla/4.0 (compatible; MSIE 7.0; Windows NT 5.1; MSN Optimized;US; .NET CLR 2.0.50727; .NET CLR 3.0.04506.30; .NET CLR 1.1.4322; .NET CLR 3.0.04506.648; .NET CLR 3.5.21022; MSN Optimized;US)"
75.45.113.77 - - [06/Dec/2008:01:02:29 -0500] "GET /haiku/1997/haik1297.html HTTP/1.1" 200 22956 "-" "Mozilla/4.0 (compatible; MSIE 7.0; Windows NT 5.1; MSN Optimized;US; .NET CLR 2.0.50727; .NET CLR 3.0.04506.30; .NET CLR 1.1.4322; .NET CLR 3.0.04506.648; .NET CLR 3.5.21022; MSN Optimized;US)"
75.45.113.77 - - [06/Dec/2008:01:02:29 -0500] "GET /gifs/japan.gif HTTP/1.1" 200 5737 "http://www.toastpoint.com/haiku/1997/haik1297.html" "Mozilla/4.0 (compatible; MSIE 7.0; Windows NT 5.1; MSN Optimized;US; .NET CLR 2.0.50727; .NET CLR 3.0.04506.30; .NET CLR 1.1.4322; .NET CLR 3.0.04506.648; .NET CLR 3.5.21022; MSN Optimized;US)"
75.45.113.77 - - [06/Dec/2008:01:02:29 -0500] "GET /gifs/ornament.jpg HTTP/1.1" 200 3688 "http://www.toastpoint.com/haiku/1997/haik1297.html" "Mozilla/4.0 (compatible; MSIE 7.0; Windows NT 5.1; MSN Optimized;US; .NET CLR 2.0.50727; .NET CLR 3.0.04506.30; .NET CLR 1.1.4322; .NET CLR 3.0.04506.648; .NET CLR 3.5.21022; MSN Optimized;US)"
75.45.113.77 - - [06/Dec/2008:01:02:29 -0500] "GET /gifs/goldstar.jpg HTTP/1.1" 200 1854 "http://www.toastpoint.com/haiku/1997/haik1297.html" "Mozilla/4.0 (compatible; MSIE 7.0; Windows NT 5.1; MSN Optimized;US; .NET CLR 2.0.50727; .NET CLR 3.0.04506.30; .NET CLR 1.1.4322; .NET CLR 3.0.04506.648; .NET CLR 3.5.21022; MSN Optimized;US)"
193.47.80.45 - - [06/Dec/2008:01:07:26 -0500] "GET /robots.txt HTTP/1.1" 404 693 "-" "Mozilla/5.0 (compatible; Exabot/3.0; +http://www.exabot.com/go/robot)"
193.47.80.45 - - [06/Dec/2008:01:07:26 -0500] "GET /haiku/1998/haiku398.html HTTP/1.1" 200 47804 "-" "Mozilla/5.0 (compatible; Exabot/3.0; +http://www.exabot.com/go/robot)"
208.111.154.15 - - [06/Dec/2008:01:10:46 -0500] "GET /robots.txt HTTP/1.0" 404 693 "-" "Mozilla/5.0 (compatible; Charlotte/1.1; http://www.searchme.com/support/)"
72.14.199.109 - - [06/Dec/2008:01:40:43 -0500] "GET /robots.txt HTTP/1.1" 404 693 "-" "DoCoMo/2.0 N905i(c100;TB;W24H16) (compatible; Googlebot-Mobile/2.1; +http://www.google.com/bot.html)"
72.14.199.109 - - [06/Dec/2008:01:40:43 -0500] "GET /haiku/1995/1995.html HTTP/1.1" 200 951 "-" "DoCoMo/2.0 N905i(c100;TB;W24H16) (compatible; Googlebot-Mobile/2.1; +http://www.google.com/bot.html)"
68.180.139.26 - - [06/Dec/2008:01:47:44 -0500] "GET /robots.txt HTTP/1.0" 404 693 "-" "REAP-crawler Nutch/Nutch-1.0-dev (Reap Project; http://reap.cs.cmu.edu/REAP-crawler/; Reap Project)"
68.180.139.26 - - [06/Dec/2008:01:47:44 -0500] "GET /limerick/docs/formhint.html HTTP/1.0" 200 2522 "-" "REAP-crawler Nutch/Nutch-1.0-dev (Reap Project; http://reap.cs.cmu.edu/REAP-crawler/; Reap Project)"
74.6.30.119 - - [06/Dec/2008:02:44:55 -0500] "GET /haiku/haiku.html HTTP/1.0" 200 2147 "-" "Mozilla/5.0 (compatible; Yahoo! DE Slurp; http://help.yahoo.com/help/us/ysearch/slurp)"
208.111.154.15 - - [06/Dec/2008:02:47:54 -0500] "GET /robots.txt HTTP/1.0" 404 693 "-" "Mozilla/5.0 (compatible; Charlotte/1.1; http://www.searchme.com/support/)"
208.111.154.15 - - [06/Dec/2008:02:48:15 -0500] "GET /limerick/1995/niceoct.html HTTP/1.1" 304 - "-" "Mozilla/5.0 (compatible; Charlotte/1.1; http://www.searchme.com/support/)"
208.111.154.16 - - [06/Dec/2008:03:25:08 -0500] "GET /robots.txt HTTP/1.0" 404 693 "-" "Mozilla/5.0 (compatible; Charlotte/1.1; http://www.searchme.com/support/)"
66.235.124.8 - - [06/Dec/2008:03:27:35 -0500] "GET /fiction/fict97/fict397.html HTTP/1.1" 200 11668 "-" "Mozilla/5.0 (compatible; Ask Jeeves/Teoma; +http://about.ask.com/en/docs/about/webmasters.shtml)"
66.235.124.8 - - [06/Dec/2008:03:58:18 -0500] "GET /writing/sept11.html HTTP/1.1" 200 17233 "-" "Mozilla/5.0 (compatible; Ask Jeeves/Teoma; +http://about.ask.com/en/docs/about/webmasters.shtml)"
65.55.210.1 - - [06/Dec/2008:04:04:34 -0500] "GET /robots.txt HTTP/1.1" 404 693 "-" "msnbot/1.1 (+http://search.msn.com/msnbot.htm)"
65.55.210.1 - - [06/Dec/2008:04:04:34 -0500] "GET /limerick/1995/bestnice.html HTTP/1.1" 200 6154 "-" "msnbot/1.1 (+http://search.msn.com/msnbot.htm)"
208.36.144.6 - - [06/Dec/2008:04:08:01 -0500] "GET /robots.txt HTTP/1.0" 404 693 "-" "Mozilla/5.0 (Twiceler-0.9 http://www.cuil.com/twiceler/robot.html)"
75.83.127.94 - - [06/Dec/2008:04:25:37 -0500] "GET http://006a13a.netsolhost.com/index.html HTTP/1.0" 200 464 "-" "Mozilla/4.0 (compatible; MSIE 7.0b; Windows NT 6.0)"
75.83.127.94 - - [06/Dec/2008:04:34:36 -0500] "GET http://006a13a.netsolhost.com/index.html HTTP/1.0" 200 464 "-" "Mozilla/4.0 (compatible; MSIE 7.0b; Windows NT 6.0)"
75.83.127.94 - - [06/Dec/2008:04:35:48 -0500] "GET http://006a13a.netsolhost.com/index.html HTTP/1.0" 200 464 "-" "Mozilla/4.0 (compatible; MSIE 7.0b; Windows NT 6.0)"
74.52.245.146 - - [06/Dec/2008:04:58:04 -0500] "GET / HTTP/1.0" 200 919088 "-" "Mozilla/5.0 (X11; U; Linux i686; en-US; rv:1.7.5) Gecko/20041107 Firefox/1.0"
74.6.22.151 - - [06/Dec/2008:04:59:34 -0500] "GET /robots.txt HTTP/1.0" 404 693 "-" "Mozilla/5.0 (compatible; Yahoo! Slurp; http://help.yahoo.com/help/us/ysearch/slurp)"
75.83.127.94 - - [06/Dec/2008:04:59:51 -0500] "GET http://006a13a.netsolhost.com/index.html HTTP/1.0" 200 464 "-" "Mozilla/4.0 (compatible; MSIE 7.0b; Windows NT 6.0)"
72.14.199.90 - - [06/Dec/2008:05:06:31 -0500] "GET /robots.txt HTTP/1.1" 404 693 "-" "DoCoMo/2.0 N905i(c100;TB;W24H16) (compatible; Googlebot-Mobile/2.1; +http://www.google.com/bot.html)"
86.0.206.220 - - [06/Dec/2008:06:55:43 -0500] "GET /favicon.ico HTTP/1.1" 404 693 "-" "Mozilla/5.0 (Windows; U; Windows NT 6.0; en-GB; rv:1.9.0.4) Gecko/2008102920 Firefox/3.0.4"
86.0.206.220 - - [06/Dec/2008:06:55:43 -0500] "GET /gifs/boobies.gif HTTP/1.1" 200 11144 "http://www.toastpoint.com/limerick/naut199.html" "Mozilla/5.0 (Windows; U; Windows NT 6.0; en-GB; rv:1.9.0.4) Gecko/2008102920 Firefox/3.0.4"
86.0.206.220 - - [06/Dec/2008:06:55:44 -0500] "GET /gifs/goldstar.jpg HTTP/1.1" 200 1854 "http://www.toastpoint.com/limerick/naut199.html" "Mozilla/5.0 (Windows; U; Windows NT 6.0; en-GB; rv:1.9.0.4) Gecko/2008102920 Firefox/3.0.4"
86.0.206.220 - - [06/Dec/2008:06:55:44 -0500] "GET /gifs/nakedman.gif HTTP/1.1" 200 7734 "http://www.toastpoint.com/limerick/naut199.html" "Mozilla/5.0 (Windows; U; Windows NT 6.0; en-GB; rv:1.9.0.4) Gecko/2008102920 Firefox/3.0.4"
86.0.206.220 - - [06/Dec/2008:06:55:43 -0500] "GET /limerick/naut199.html HTTP/1.1" 200 34481 "-" "Mozilla/5.0 (Windows; U; Windows NT 6.0; en-GB; rv:1.9.0.4) Gecko/2008102920 Firefox/3.0.4"
86.0.206.220 - - [06/Dec/2008:06:55:44 -0500] "GET /favicon.ico HTTP/1.1" 404 693 "-" "Mozilla/5.0 (Windows; U; Windows NT 6.0; en-GB; rv:1.9.0.4) Gecko/2008102920 Firefox/3.0.4"
86.0.206.220 - - [06/Dec/2008:06:55:46 -0500] "GET /favicon.ico HTTP/1.1" 404 693 "-" "Mozilla/5.0 (Windows; U; Windows NT 6.0; en-GB; rv:1.9.0.4) Gecko/2008102920 Firefox/3.0.4"
86.0.206.220 - - [06/Dec/2008:06:55:46 -0500] "GET /favicon.ico HTTP/1.1" 404 693 "-" "Mozilla/5.0 (Windows; U; Windows NT 6.0; en-GB; rv:1.9.0.4) Gecko/2008102920 Firefox/3.0.4"
193.47.80.45 - - [06/Dec/2008:06:56:58 -0500] "GET /fiction/fict97/fict797.html HTTP/1.1" 200 4873 "-" "Mozilla/5.0 (compatible; Exabot/3.0; +http://www.exabot.com/go/robot)"
65.55.210.1 - - [06/Dec/2008:07:56:16 -0500] "GET /limerick/naut499.html HTTP/1.1" 304 - "-" "msnbot/1.1 (+http://search.msn.com/msnbot.htm)"
66.235.124.8 - - [06/Dec/2008:08:10:52 -0500] "GET /limerick/1995/nautnov.html HTTP/1.1" 200 13933 "-" "Mozilla/5.0 (compatible; Ask Jeeves/Teoma; +http://about.ask.com/en/docs/about/webmasters.shtml)"
193.47.80.45 - - [06/Dec/2008:08:33:08 -0500] "GET /haiku/1997/haik1997.html HTTP/1.1" 200 2138 "-" "Mozilla/5.0 (compatible; Exabot/3.0; +http://www.exabot.com/go/robot)"
208.111.154.16 - - [06/Dec/2008:09:35:14 -0500] "GET /robots.txt HTTP/1.0" 404 693 "-" "Mozilla/5.0 (compatible; Charlotte/1.1; http://www.searchme.com/support/)"
208.111.154.15 - - [06/Dec/2008:09:55:51 -0500] "GET /robots.txt HTTP/1.0" 404 693 "-" "Mozilla/5.0 (compatible; Charlotte/1.1; http://www.searchme.com/support/)"
72.30.81.174 - - [06/Dec/2008:10:04:46 -0500] "GET /robots.txt HTTP/1.0" 404 693 "-" "Mozilla/5.0 (compatible; Yahoo! Slurp; http://help.yahoo.com/help/us/ysearch/slurp)"
208.111.154.16 - - [06/Dec/2008:10:07:04 -0500] "GET /robots.txt HTTP/1.0" 404 693 "-" "Mozilla/5.0 (compatible; Charlotte/1.1; http://www.searchme.com/support/)"
66.235.124.8 - - [06/Dec/2008:10:10:12 -0500] "GET /limerick/brady/brady96.html HTTP/1.1" 200 6418 "-" "Mozilla/5.0 (compatible; Ask Jeeves/Teoma; +http://about.ask.com/en/docs/about/webmasters.shtml)"
66.169.164.166 - - [06/Dec/2008:10:21:06 -0500] "GET /favicon.ico HTTP/1.1" 404 693 "-" "Mozilla/4.0 (compatible; MSIE 7.0; Windows NT 5.1; .NET CLR 1.1.4322; .NET CLR 2.0.50727; .NET CLR 3.0.04506.30; .NET CLR 3.0.04506.648)"
66.169.164.166 - - [06/Dec/2008:10:21:07 -0500] "GET /gifs/boobies.gif HTTP/1.1" 200 11144 "http://www.toastpoint.com/limerick/naut199.html" "Mozilla/4.0 (compatible; MSIE 7.0; Windows NT 5.1; .NET CLR 1.1.4322; .NET CLR 2.0.50727; .NET CLR 3.0.04506.30; .NET CLR 3.0.04506.648)"
66.169.164.166 - - [06/Dec/2008:10:21:07 -0500] "GET /gifs/nakedman.gif HTTP/1.1" 200 7734 "http://www.toastpoint.com/limerick/naut199.html" "Mozilla/4.0 (compatible; MSIE 7.0; Windows NT 5.1; .NET CLR 1.1.4322; .NET CLR 2.0.50727; .NET CLR 3.0.04506.30; .NET CLR 3.0.04506.648)"
66.169.164.166 - - [06/Dec/2008:10:21:07 -0500] "GET /gifs/goldstar.jpg HTTP/1.1" 200 1854 "http://www.toastpoint.com/limerick/naut199.html" "Mozilla/4.0 (compatible; MSIE 7.0; Windows NT 5.1; .NET CLR 1.1.4322; .NET CLR 2.0.50727; .NET CLR 3.0.04506.30; .NET CLR 3.0.04506.648)"
66.169.164.166 - - [06/Dec/2008:10:21:06 -0500] "GET /limerick/naut199.html HTTP/1.1" 200 34481 "-" "Mozilla/4.0 (compatible; MSIE 7.0; Windows NT 5.1; .NET CLR 1.1.4322; .NET CLR 2.0.50727; .NET CLR 3.0.04506.30; .NET CLR 3.0.04506.648)"
208.111.154.15 - - [06/Dec/2008:10:26:30 -0500] "GET /robots.txt HTTP/1.0" 404 693 "-" "Mozilla/5.0 (compatible; Charlotte/1.1; http://www.searchme.com/support/)"
208.111.154.25 - - [06/Dec/2008:10:26:50 -0500] "GET /fiction/fict97/fict97.html HTTP/1.1" 200 1536 "-" "Mozilla/5.0 (compatible; Charlotte/1.1; http://www.searchme.com/support/)"
66.235.124.8 - - [06/Dec/2008:11:07:53 -0500] "GET /robots.txt HTTP/1.1" 404 693 "-" "Mozilla/5.0 (compatible; Ask Jeeves/Teoma; +http://about.ask.com/en/docs/about/webmasters.shtml)"
66.235.124.8 - - [06/Dec/2008:11:07:58 -0500] "GET /fiction/fict98/fict498.html HTTP/1.1" 200 24373 "-" "Mozilla/5.0 (compatible; Ask Jeeves/Teoma; +http://about.ask.com/en/docs/about/webmasters.shtml)"
68.180.138.32 - - [06/Dec/2008:12:16:42 -0500] "GET /limerick/brady/bradyfrm.html HTTP/1.0" 200 546 "-" "REAP-crawler Nutch/Nutch-1.0-dev (Reap Project; http://reap.cs.cmu.edu/REAP-crawler/; Reap Project)"
66.235.124.8 - - [06/Dec/2008:12:47:06 -0500] "GET / HTTP/1.1" 200 464 "-" "Mozilla/5.0 (compatible; Ask Jeeves/Teoma; +http://about.ask.com/en/docs/about/webmasters.shtml)"
66.235.124.8 - - [06/Dec/2008:12:47:06 -0500] "GET /toastpointtopleft.html HTTP/1.1" 200 162 "-" "Mozilla/5.0 (compatible; Ask Jeeves/Teoma; +http://about.ask.com/en/docs/about/webmasters.shtml)"
66.235.124.8 - - [06/Dec/2008:12:47:07 -0500] "GET /toastpointtoc.html HTTP/1.1" 200 1188 "-" "Mozilla/5.0 (compatible; Ask Jeeves/Teoma; +http://about.ask.com/en/docs/about/webmasters.shtml)"
66.235.124.8 - - [06/Dec/2008:12:47:07 -0500] "GET /news.html HTTP/1.1" 200 17577 "-" "Mozilla/5.0 (compatible; Ask Jeeves/Teoma; +http://about.ask.com/en/docs/about/webmasters.shtml)"
66.235.124.8 - - [06/Dec/2008:12:47:07 -0500] "GET /toastpointtopright.html HTTP/1.1" 200 151 "-" "Mozilla/5.0 (compatible; Ask Jeeves/Teoma; +http://about.ask.com/en/docs/about/webmasters.shtml)"
66.235.124.8 - - [06/Dec/2008:12:47:07 -0500] "GET /tpnews.html HTTP/1.1" 200 8004 "-" "Mozilla/5.0 (compatible; Ask Jeeves/Teoma; +http://about.ask.com/en/docs/about/webmasters.shtml)"
66.249.65.232 - - [06/Dec/2008:12:58:31 -0500] "GET /limerick/1995/1995.html HTTP/1.1" 200 1428 "-" "Mozilla/5.0 (compatible; Googlebot/2.1; +http://www.google.com/bot.html)"
201.6.3.241 - - [06/Dec/2008:13:09:54 -0500] "GET /limerick/brady/brady98.html HTTP/1.1" 200 8297 "-" "Mozilla/4.0 (compatible; MSIE 6.0; Windows NT 5.1; SV1)"
201.6.3.241 - - [06/Dec/2008:13:10:15 -0500] "GET /limerick/brady/brady99.html HTTP/1.1" 200 7546 "-" "Mozilla/4.0 (compatible; MSIE 6.0; Windows NT 5.1; SV1)"
201.6.3.241 - - [06/Dec/2008:13:10:40 -0500] "GET /limerick/brady/brady97.html HTTP/1.1" 200 10474 "-" "Mozilla/4.0 (compatible; MSIE 6.0; Windows NT 5.1; SV1)"
201.6.3.241 - - [06/Dec/2008:13:11:09 -0500] "GET /limerick/brady/brady96.html HTTP/1.1" 200 6418 "-" "Mozilla/4.0 (compatible; MSIE 6.0; Windows NT 5.1; SV1)"
201.6.3.241 - - [06/Dec/2008:13:11:36 -0500] "GET /limerick/brady/brady1.html HTTP/1.1" 200 4493 "-" "Mozilla/4.0 (compatible; MSIE 6.0; Windows NT 5.1; SV1)"
201.6.3.241 - - [06/Dec/2008:13:12:03 -0500] "GET /limerick/limerick.html HTTP/1.1" 200 2613 "-" "Mozilla/4.0 (compatible; MSIE 6.0; Windows NT 5.1; SV1)"
201.6.3.241 - - [06/Dec/2008:13:12:29 -0500] "GET /welcome.html HTTP/1.1" 200 418 "-" "Mozilla/4.0 (compatible; MSIE 6.0; Windows NT 5.1; SV1)"
64.1.215.164 - - [06/Dec/2008:13:16:15 -0500] "GET /gifs/tpjuly2006b.jpg HTTP/1.0" 200 30751 "-" "Mozilla/5.0 (Twiceler-0.9 http://www.cuil.com/twiceler/robot.html)"
68.180.138.32 - - [06/Dec/2008:13:35:23 -0500] "GET /fiction/fict499.html HTTP/1.0" 200 12868 "-" "REAP-crawler Nutch/Nutch-1.0-dev (Reap Project; http://reap.cs.cmu.edu/REAP-crawler/; Reap Project)"
193.47.80.45 - - [06/Dec/2008:13:42:50 -0500] "GET / HTTP/1.1" 200 464 "-" "Mozilla/5.0 (compatible; Exabot/3.0; +http://www.exabot.com/go/robot)"
66.235.124.58 - - [06/Dec/2008:13:53:04 -0500] "GET /robots.txt HTTP/1.0" 404 693 "-" "Mozilla/5.0 (compatible; Ask Jeeves/Teoma; +http://about.ask.com/en/docs/about/webmasters.shtml)"
66.235.124.58 - - [06/Dec/2008:13:53:04 -0500] "GET /limerick/nice499.html HTTP/1.0" 200 24193 "-" "Mozilla/5.0 (compatible; Ask Jeeves/Teoma; +http://about.ask.com/en/docs/about/webmasters.shtml)"
75.83.127.94 - - [06/Dec/2008:13:54:15 -0500] "GET http://006a13a.netsolhost.com/index.html HTTP/1.0" 200 464 "-" "Mozilla/4.0 (compatible; MSIE 7.0b; Windows NT 6.0)"
75.83.127.94 - - [06/Dec/2008:13:57:11 -0500] "GET http://006a13a.netsolhost.com/index.html HTTP/1.0" 200 464 "-" "Mozilla/4.0 (compatible; MSIE 7.0b; Windows NT 6.0)"
12.180.242.100 - - [06/Dec/2008:13:59:25 -0500] "GET /rapture/rapture.html HTTP/1.1" 200 22564 "http://images.ask.com/fr?q=fair+and+speedy+trial&desturi=http%3A%2F%2Fwww.toastpoint.com%2Frapture%2Frapture.html&fm=i&ac=20&ftURI=http%3A%2F%2Fimages.ask.com%2Ffr%3Fq%3Dfair%2Band%2Bspeedy%2Btrial%26desturi%3Dhttp%253A%252F%252Fwww.toastpoint.com%252Frapture%252Frapture.html%26imagesrc%3Dhttp%253A%252F%252Fwww.toastpoint.com%252Frapture%252Ftbj-jury.gif%26thumbsrc%3Dhttp%253A%252F%252F66.235.120.64%252Fts%253Ft%253D2656937575207208691%2526pid%253D23296%2526ppid%253D0%26o%3D0%26l%3Ddir%26thumbuselocalisedstatic%3Dfalse%26fn%3Dtbj-jury.gif%26imagewidth%3D250%26imageheight%3D212%26fs%3D3%26ft%3Dgif%26f%3D2%26fm%3Di%26ftbURI%3Dhttp%253A%252F%252Fimages.ask.com%252Fpictures%253Fq%253Dfair%252Band%252Bspeedy%252Btrial%2526page%253D1%2526o%253D0%2526l%253Ddir%2526pstart%253D0&qt=0" "Mozilla/4.0 (compatible; MSIE 7.0; Windows NT 5.1; .NET CLR 1.1.4322; InfoPath.1)"
12.180.242.100 - - [06/Dec/2008:13:59:26 -0500] "GET /rapture/tbj-jury.gif HTTP/1.1" 200 3904 "http://www.toastpoint.com/rapture/rapture.html" "Mozilla/4.0 (compatible; MSIE 7.0; Windows NT 5.1; .NET CLR 1.1.4322; InfoPath.1)"
12.180.242.100 - - [06/Dec/2008:13:59:26 -0500] "GET /rapture/sor-well.gif HTTP/1.1" 200 2583 "http://www.toastpoint.com/rapture/rapture.html" "Mozilla/4.0 (compatible; MSIE 7.0; Windows NT 5.1; .NET CLR 1.1.4322; InfoPath.1)"
12.180.242.100 - - [06/Dec/2008:13:59:26 -0500] "GET /rapture/hms-dick.gif HTTP/1.1" 200 3100 "http://www.toastpoint.com/rapture/rapture.html" "Mozilla/4.0 (compatible; MSIE 7.0; Windows NT 5.1; .NET CLR 1.1.4322; InfoPath.1)"
12.180.242.100 - - [06/Dec/2008:13:59:26 -0500] "GET /rapture/pirates.gif HTTP/1.1" 200 4045 "http://www.toastpoint.com/rapture/rapture.html" "Mozilla/4.0 (compatible; MSIE 7.0; Windows NT 5.1; .NET CLR 1.1.4322; InfoPath.1)"
12.180.242.100 - - [06/Dec/2008:13:59:26 -0500] "GET /rapture/bunthorne.gif HTTP/1.1" 200 3137 "http://www.toastpoint.com/rapture/rapture.html" "Mozilla/4.0 (compatible; MSIE 7.0; Windows NT 5.1; .NET CLR 1.1.4322; InfoPath.1)"
12.180.242.100 - - [06/Dec/2008:13:59:26 -0500] "GET /rapture/iolanthe.gif HTTP/1.1" 200 2814 "http://www.toastpoint.com/rapture/rapture.html" "Mozilla/4.0 (compatible; MSIE 7.0; Windows NT 5.1; .NET CLR 1.1.4322; InfoPath.1)"
12.180.242.100 - - [06/Dec/2008:13:59:26 -0500] "GET /favicon.ico HTTP/1.1" 404 693 "-" "Mozilla/4.0 (compatible; MSIE 7.0; Windows NT 5.1; .NET CLR 1.1.4322; InfoPath.1)"
12.180.242.100 - - [06/Dec/2008:13:59:31 -0500] "GET /rapture/hms-dick.gif HTTP/1.1" 206 3100 "http://www.toastpoint.com/rapture/rapture.html" "Mozilla/4.0 (compatible; MSIE 7.0; Windows NT 5.1; .NET CLR 1.1.4322; InfoPath.1)"
12.180.242.100 - - [06/Dec/2008:13:59:31 -0500] "GET /rapture/ida-monk.gif HTTP/1.1" 200 3753 "http://www.toastpoint.com/rapture/rapture.html" "Mozilla/4.0 (compatible; MSIE 7.0; Windows NT 5.1; .NET CLR 1.1.4322; InfoPath.1)"
12.180.242.100 - - [06/Dec/2008:13:59:31 -0500] "GET /rapture/iolanthe.gif HTTP/1.1" 206 54 "http://www.toastpoint.com/rapture/rapture.html" "Mozilla/4.0 (compatible; MSIE 7.0; Windows NT 5.1; .NET CLR 1.1.4322; InfoPath.1)"
12.180.242.100 - - [06/Dec/2008:13:59:31 -0500] "GET /rapture/mik-lips.gif HTTP/1.1" 200 3352 "http://www.toastpoint.com/rapture/rapture.html" "Mozilla/4.0 (compatible; MSIE 7.0; Windows NT 5.1; .NET CLR 1.1.4322; InfoPath.1)"
12.180.242.100 - - [06/Dec/2008:13:59:31 -0500] "GET /rapture/rud-spec.gif HTTP/1.1" 200 2489 "http://www.toastpoint.com/rapture/rapture.html" "Mozilla/4.0 (compatible; MSIE 7.0; Windows NT 5.1; .NET CLR 1.1.4322; InfoPath.1)"
12.180.242.100 - - [06/Dec/2008:13:59:31 -0500] "GET /rapture/yeo-song.gif HTTP/1.1" 200 2781 "http://www.toastpoint.com/rapture/rapture.html" "Mozilla/4.0 (compatible; MSIE 7.0; Windows NT 5.1; .NET CLR 1.1.4322; InfoPath.1)"
12.180.242.100 - - [06/Dec/2008:13:59:31 -0500] "GET /rapture/gon-baby.gif HTTP/1.1" 200 2847 "http://www.toastpoint.com/rapture/rapture.html" "Mozilla/4.0 (compatible; MSIE 7.0; Windows NT 5.1; .NET CLR 1.1.4322; InfoPath.1)"
12.180.242.100 - - [06/Dec/2008:13:59:31 -0500] "GET /rapture/uto-look.gif HTTP/1.1" 200 3823 "http://www.toastpoint.com/rapture/rapture.html" "Mozilla/4.0 (compatible; MSIE 7.0; Windows NT 5.1; .NET CLR 1.1.4322; InfoPath.1)"
75.83.127.94 - - [06/Dec/2008:14:00:27 -0500] "GET http://006a13a.netsolhost.com/index.html HTTP/1.0" 200 464 "-" "Mozilla/4.0 (compatible; MSIE 7.0b; Windows NT 6.0)"
75.83.127.94 - - [06/Dec/2008:14:01:24 -0500] "GET http://006a13a.netsolhost.com/index.html HTTP/1.0" 200 464 "-" "Mozilla/4.0 (compatible; MSIE 7.0b; Windows NT 6.0)"
208.80.194.32 - - [06/Dec/2008:14:07:07 -0500] "GET / HTTP/1.0" 200 464 "-" "Mozilla/4.0 (compatible; MSIE 7.0; Windows NT 5.1; YPC 3.2.0; FunWebProducts; ImageShack Toolbar 3.0.3; yplus 5.1.04b)"
193.47.80.45 - - [06/Dec/2008:14:31:08 -0500] "GET /limerick/1996/nice496.html HTTP/1.1" 200 15372 "-" "Mozilla/5.0 (compatible; Exabot/3.0; +http://www.exabot.com/go/robot)"
192.235.8.4 - - [06/Dec/2008:14:41:31 -0500] "GET /favicon.ico HTTP/1.1" 404 693 "-" "Mozilla/4.0 (compatible; MSIE 7.0; Windows NT 5.1; .NET CLR 1.1.4322; .NET CLR 2.0.50727; .NET CLR 3.0.04506.30; InfoPath.2)"
192.235.8.4 - - [06/Dec/2008:14:41:31 -0500] "GET /gifs/boobies.gif HTTP/1.1" 200 11144 "http://www.toastpoint.com/limerick/naut199.html" "Mozilla/4.0 (compatible; MSIE 7.0; Windows NT 5.1; .NET CLR 1.1.4322; .NET CLR 2.0.50727; .NET CLR 3.0.04506.30; InfoPath.2)"
192.235.8.4 - - [06/Dec/2008:14:41:31 -0500] "GET /gifs/goldstar.jpg HTTP/1.1" 200 1854 "http://www.toastpoint.com/limerick/naut199.html" "Mozilla/4.0 (compatible; MSIE 7.0; Windows NT 5.1; .NET CLR 1.1.4322; .NET CLR 2.0.50727; .NET CLR 3.0.04506.30; InfoPath.2)"
192.235.8.4 - - [06/Dec/2008:14:41:31 -0500] "GET /gifs/nakedman.gif HTTP/1.1" 200 7734 "http://www.toastpoint.com/limerick/naut199.html" "Mozilla/4.0 (compatible; MSIE 7.0; Windows NT 5.1; .NET CLR 1.1.4322; .NET CLR 2.0.50727; .NET CLR 3.0.04506.30; InfoPath.2)"
192.235.8.4 - - [06/Dec/2008:14:41:31 -0500] "GET /limerick/naut199.html HTTP/1.1" 200 34481 "-" "Mozilla/4.0 (compatible; MSIE 7.0; Windows NT 5.1; .NET CLR 1.1.4322; .NET CLR 2.0.50727; .NET CLR 3.0.04506.30; InfoPath.2)"
64.1.215.164 - - [06/Dec/2008:14:49:24 -0500] "GET /gifs/tpfeb2007.jpg HTTP/1.0" 200 34757 "-" "Mozilla/5.0 (Twiceler-0.9 http://www.cuil.com/twiceler/robot.html)"
74.6.21.41 - - [06/Dec/2008:15:05:58 -0500] "GET /robots.txt HTTP/1.0" 404 693 "-" "Mozilla/5.0 (compatible; Yahoo! Slurp; http://help.yahoo.com/help/us/ysearch/slurp)"
74.6.30.101 - - [06/Dec/2008:15:05:58 -0500] "GET / HTTP/1.0" 200 464 "-" "Mozilla/5.0 (compatible; Yahoo! DE Slurp; http://help.yahoo.com/help/us/ysearch/slurp)"
74.6.30.101 - - [06/Dec/2008:15:05:59 -0500] "GET /toastpointtopleft.html HTTP/1.0" 200 162 "-" "Mozilla/5.0 (compatible; Yahoo! DE Slurp; http://help.yahoo.com/help/us/ysearch/slurp)"
74.6.30.101 - - [06/Dec/2008:15:05:59 -0500] "GET /toastpointtoc.html HTTP/1.0" 200 1188 "-" "Mozilla/5.0 (compatible; Yahoo! DE Slurp; http://help.yahoo.com/help/us/ysearch/slurp)"
74.6.30.101 - - [06/Dec/2008:15:06:00 -0500] "GET /news.html HTTP/1.0" 200 17577 "-" "Mozilla/5.0 (compatible; Yahoo! DE Slurp; http://help.yahoo.com/help/us/ysearch/slurp)"
74.6.30.101 - - [06/Dec/2008:15:06:00 -0500] "GET /toastpointtopright.html HTTP/1.0" 200 151 "-" "Mozilla/5.0 (compatible; Yahoo! DE Slurp; http://help.yahoo.com/help/us/ysearch/slurp)"
74.6.30.101 - - [06/Dec/2008:15:06:00 -0500] "GET /tpnews.html HTTP/1.0" 200 8004 "-" "Mozilla/5.0 (compatible; Yahoo! DE Slurp; http://help.yahoo.com/help/us/ysearch/slurp)"
75.83.127.94 - - [06/Dec/2008:15:23:11 -0500] "GET http://006a13a.netsolhost.com/index.html HTTP/1.0" 200 464 "-" "Mozilla/4.0 (compatible; MSIE 7.0b; Windows NT 6.0)"
75.83.127.94 - - [06/Dec/2008:15:29:09 -0500] "GET http://006a13a.netsolhost.com/index.html HTTP/1.0" 200 464 "-" "Mozilla/4.0 (compatible; MSIE 7.0b; Windows NT 6.0)"
66.249.65.232 - - [06/Dec/2008:15:32:49 -0500] "GET /limerick/1995/1995.html HTTP/1.1" 200 1428 "-" "Mozilla/5.0 (compatible; Googlebot/2.1; +http://www.google.com/bot.html)"
65.55.209.75 - - [06/Dec/2008:15:54:11 -0500] "GET /robots.txt HTTP/1.1" 404 693 "-" "msnbot/1.1 (+http://search.msn.com/msnbot.htm)"
65.55.209.75 - - [06/Dec/2008:15:54:11 -0500] "GET /limerick/1997/lim1997.html HTTP/1.1" 200 1925 "-" "msnbot/1.1 (+http://search.msn.com/msnbot.htm)"
208.111.154.15 - - [06/Dec/2008:16:10:30 -0500] "GET /robots.txt HTTP/1.0" 404 693 "-" "Mozilla/5.0 (compatible; Charlotte/1.1; http://www.searchme.com/support/)"
68.180.139.25 - - [06/Dec/2008:16:14:34 -0500] "GET /robots.txt HTTP/1.0" 404 693 "-" "REAP-crawler Nutch/Nutch-1.0-dev (Reap Project; http://reap.cs.cmu.edu/REAP-crawler/; Reap Project)"
68.180.139.25 - - [06/Dec/2008:16:14:35 -0500] "GET /fiction/novels/peak.html HTTP/1.0" 200 2410 "-" "REAP-crawler Nutch/Nutch-1.0-dev (Reap Project; http://reap.cs.cmu.edu/REAP-crawler/; Reap Project)"
68.180.139.25 - - [06/Dec/2008:16:19:52 -0500] "GET /limerick/1996/1996.html HTTP/1.0" 404 693 "-" "REAP-crawler Nutch/Nutch-1.0-dev (Reap Project; http://reap.cs.cmu.edu/REAP-crawler/; Reap Project)"
68.180.139.25 - - [06/Dec/2008:16:27:13 -0500] "GET /limerick/docs/fletcher.html HTTP/1.0" 200 5576 "-" "REAP-crawler Nutch/Nutch-1.0-dev (Reap Project; http://reap.cs.cmu.edu/REAP-crawler/; Reap Project)"
66.249.65.232 - - [06/Dec/2008:16:36:03 -0500] "GET /robots.txt HTTP/1.1" 404 693 "-" "Mozilla/5.0 (compatible; Googlebot/2.1; +http://www.google.com/bot.html)"
66.249.65.232 - - [06/Dec/2008:16:36:03 -0500] "GET /prideforallages.html HTTP/1.1" 200 988 "-" "Mozilla/5.0 (compatible; Googlebot/2.1; +http://www.google.com/bot.html)"
92.4.10.59 - - [06/Dec/2008:16:47:44 -0500] "GET /favicon.ico HTTP/1.1" 404 693 "-" "Mozilla/4.0 (compatible; MSIE 7.0; Windows NT 6.0; FunWebProducts; SLCC1; .NET CLR 2.0.50727; .NET CLR 3.0.04506)"
92.4.10.59 - - [06/Dec/2008:16:47:45 -0500] "GET /gifs/boobies.gif HTTP/1.1" 200 11144 "http://www.toastpoint.com/limerick/naut199.html" "Mozilla/4.0 (compatible; MSIE 7.0; Windows NT 6.0; FunWebProducts; SLCC1; .NET CLR 2.0.50727; .NET CLR 3.0.04506)"
92.4.10.59 - - [06/Dec/2008:16:47:45 -0500] "GET /gifs/nakedman.gif HTTP/1.1" 200 7734 "http://www.toastpoint.com/limerick/naut199.html" "Mozilla/4.0 (compatible; MSIE 7.0; Windows NT 6.0; FunWebProducts; SLCC1; .NET CLR 2.0.50727; .NET CLR 3.0.04506)"
92.4.10.59 - - [06/Dec/2008:16:47:45 -0500] "GET /gifs/goldstar.jpg HTTP/1.1" 200 1854 "http://www.toastpoint.com/limerick/naut199.html" "Mozilla/4.0 (compatible; MSIE 7.0; Windows NT 6.0; FunWebProducts; SLCC1; .NET CLR 2.0.50727; .NET CLR 3.0.04506)"
92.4.10.59 - - [06/Dec/2008:16:47:45 -0500] "GET /limerick/naut199.html HTTP/1.1" 200 34481 "-" "Mozilla/4.0 (compatible; MSIE 7.0; Windows NT 6.0; FunWebProducts; SLCC1; .NET CLR 2.0.50727; .NET CLR 3.0.04506)"
72.14.199.90 - - [06/Dec/2008:16:53:37 -0500] "GET /haiku/1995/haikujul.html HTTP/1.1" 200 2170 "-" "DoCoMo/2.0 N905i(c100;TB;W24H16) (compatible; Googlebot-Mobile/2.1; +http://www.google.com/bot.html)"
72.14.199.90 - - [06/Dec/2008:16:53:37 -0500] "GET /haiku/1995/haikujun.html HTTP/1.1" 200 2332 "-" "DoCoMo/2.0 N905i(c100;TB;W24H16) (compatible; Googlebot-Mobile/2.1; +http://www.google.com/bot.html)"
72.14.199.90 - - [06/Dec/2008:16:53:43 -0500] "GET /haiku/1996/haik1996.html HTTP/1.1" 200 1887 "-" "DoCoMo/2.0 N905i(c100;TB;W24H16) (compatible; Googlebot-Mobile/2.1; +http://www.google.com/bot.html)"
72.14.199.90 - - [06/Dec/2008:16:54:10 -0500] "GET /fiction/novels/peak1-2.html HTTP/1.1" 200 2302 "-" "DoCoMo/2.0 N905i(c100;TB;W24H16) (compatible; Googlebot-Mobile/2.1; +http://www.google.com/bot.html)"
72.14.199.90 - - [06/Dec/2008:16:54:10 -0500] "GET /limerick/1995/nicemay.html HTTP/1.1" 200 1859 "-" "DoCoMo/2.0 N905i(c100;TB;W24H16) (compatible; Googlebot-Mobile/2.1; +http://www.google.com/bot.html)"
72.14.199.90 - - [06/Dec/2008:16:54:11 -0500] "GET /limerick/1995/nicesept.html HTTP/1.1" 200 3676 "-" "DoCoMo/2.0 N905i(c100;TB;W24H16) (compatible; Googlebot-Mobile/2.1; +http://www.google.com/bot.html)"
72.14.199.90 - - [06/Dec/2008:16:54:11 -0500] "GET /limerick/1995/nautmay.html HTTP/1.1" 200 4260 "-" "DoCoMo/2.0 N905i(c100;TB;W24H16) (compatible; Googlebot-Mobile/2.1; +http://www.google.com/bot.html)"
72.14.199.90 - - [06/Dec/2008:16:54:11 -0500] "GET /limerick/1995/nautjune.html HTTP/1.1" 200 3274 "-" "DoCoMo/2.0 N905i(c100;TB;W24H16) (compatible; Googlebot-Mobile/2.1; +http://www.google.com/bot.html)"
72.14.199.90 - - [06/Dec/2008:16:54:12 -0500] "GET /limerick/1995/nautjuly.html HTTP/1.1" 200 3106 "-" "DoCoMo/2.0 N905i(c100;TB;W24H16) (compatible; Googlebot-Mobile/2.1; +http://www.google.com/bot.html)"
72.14.199.90 - - [06/Dec/2008:16:54:12 -0500] "GET /limerick/1995/nicejuly.html HTTP/1.1" 200 1086 "-" "DoCoMo/2.0 N905i(c100;TB;W24H16) (compatible; Googlebot-Mobile/2.1; +http://www.google.com/bot.html)"
72.14.199.90 - - [06/Dec/2008:16:54:13 -0500] "GET /fiction/fict97/fict1297.html HTTP/1.1" 200 6078 "-" "DoCoMo/2.0 N905i(c100;TB;W24H16) (compatible; Googlebot-Mobile/2.1; +http://www.google.com/bot.html)"
72.14.199.90 - - [06/Dec/2008:16:54:13 -0500] "GET /limerick/1995/bestnice.html HTTP/1.1" 200 6154 "-" "DoCoMo/2.0 N905i(c100;TB;W24H16) (compatible; Googlebot-Mobile/2.1; +http://www.google.com/bot.html)"
72.14.199.90 - - [06/Dec/2008:16:54:14 -0500] "GET /fiction/fict9596/fict9596.html HTTP/1.1" 200 1446 "-" "DoCoMo/2.0 N905i(c100;TB;W24H16) (compatible; Googlebot-Mobile/2.1; +http://www.google.com/bot.html)"
75.21.69.91 - - [06/Dec/2008:17:07:52 -0500] "GET /favicon.ico HTTP/1.1" 404 693 "-" "Mozilla/4.0 (compatible; MSIE 7.0; Windows NT 5.1; .NET CLR 1.1.4322; .NET CLR 2.0.50727)"
75.21.69.91 - - [06/Dec/2008:17:07:52 -0500] "GET /gifs/nakedman.gif HTTP/1.1" 200 7734 "http://www.toastpoint.com/limerick/naut199.html" "Mozilla/4.0 (compatible; MSIE 7.0; Windows NT 5.1; .NET CLR 1.1.4322; .NET CLR 2.0.50727)"
75.21.69.91 - - [06/Dec/2008:17:07:52 -0500] "GET /gifs/goldstar.jpg HTTP/1.1" 200 1854 "http://www.toastpoint.com/limerick/naut199.html" "Mozilla/4.0 (compatible; MSIE 7.0; Windows NT 5.1; .NET CLR 1.1.4322; .NET CLR 2.0.50727)"
75.21.69.91 - - [06/Dec/2008:17:07:52 -0500] "GET /gifs/boobies.gif HTTP/1.1" 200 11144 "http://www.toastpoint.com/limerick/naut199.html" "Mozilla/4.0 (compatible; MSIE 7.0; Windows NT 5.1; .NET CLR 1.1.4322; .NET CLR 2.0.50727)"
75.21.69.91 - - [06/Dec/2008:17:07:52 -0500] "GET /limerick/naut199.html HTTP/1.1" 200 34481 "-" "Mozilla/4.0 (compatible; MSIE 7.0; Windows NT 5.1; .NET CLR 1.1.4322; .NET CLR 2.0.50727)"
208.111.154.15 - - [06/Dec/2008:17:09:42 -0500] "GET /robots.txt HTTP/1.0" 404 693 "-" "Mozilla/5.0 (compatible; Charlotte/1.1; http://www.searchme.com/support/)"
4.230.42.149 - - [06/Dec/2008:17:10:40 -0500] "GET /favicon.ico HTTP/1.1" 404 693 "-" "Privoxy/3.0 (Anonymous)"
4.230.42.149 - - [06/Dec/2008:17:10:40 -0500] "GET /limerick/1995/nautnov.html HTTP/1.1" 200 13933 "-" "Privoxy/3.0 (Anonymous)"
4.230.42.149 - - [06/Dec/2008:17:10:43 -0500] "GET /favicon.ico HTTP/1.1" 404 693 "-" "Privoxy/3.0 (Anonymous)"
4.230.42.149 - - [06/Dec/2008:17:11:13 -0500] "GET /gifs/goldstar.jpg HTTP/1.1" 200 1854 "http://www.toastpoint.com/limerick/1995/nautnov.html" "Privoxy/3.0 (Anonymous)"
63.241.3.51 - - [06/Dec/2008:17:23:56 -0500] "GET /limerick/limerick.html HTTP/1.1" 200 2613 "-" "Mozilla/4.0 (compatible; MSIE 7.0; Windows NT 5.1; .NET CLR 1.1.4322; .NET CLR 2.0.50727; InfoPath.1; .NET CLR 3.0.04506.30; .NET CLR 3.0.04506.648)"
72.14.199.90 - - [06/Dec/2008:17:29:51 -0500] "GET /robots.txt HTTP/1.1" 404 693 "-" "DoCoMo/2.0 N905i(c100;TB;W24H16) (compatible; Googlebot-Mobile/2.1; +http://www.google.com/bot.html)"
72.14.199.90 - - [06/Dec/2008:17:29:51 -0500] "GET /limerick/1995/niceoct.html HTTP/1.1" 200 5007 "-" "DoCoMo/2.0 N905i(c100;TB;W24H16) (compatible; Googlebot-Mobile/2.1; +http://www.google.com/bot.html)"
72.14.199.90 - - [06/Dec/2008:17:29:52 -0500] "GET /limerick/1995/nicejune.html HTTP/1.1" 200 1710 "-" "DoCoMo/2.0 N905i(c100;TB;W24H16) (compatible; Googlebot-Mobile/2.1; +http://www.google.com/bot.html)"
86.96.228.86 - - [06/Dec/2008:17:32:57 -0500] "GET /limerick/naut199.html HTTP/1.1" 200 34481 "http://www.google.com/search?hl=en&q=japanese+naughty+ladies&start=240&sa=N" "Mozilla/4.0 (compatible; MSIE 6.0; Windows NT 5.0)"
86.96.228.86 - - [06/Dec/2008:17:32:57 -0500] "GET /gifs/boobies.gif HTTP/1.1" 200 11144 "http://www.toastpoint.com/limerick/naut199.html" "Mozilla/4.0 (compatible; MSIE 6.0; Windows NT 5.0)"
86.96.228.86 - - [06/Dec/2008:17:32:58 -0500] "GET /gifs/goldstar.jpg HTTP/1.1" 200 1854 "http://www.toastpoint.com/limerick/naut199.html" "Mozilla/4.0 (compatible; MSIE 6.0; Windows NT 5.0)"
86.96.228.86 - - [06/Dec/2008:17:32:59 -0500] "GET /gifs/nakedman.gif HTTP/1.1" 200 7734 "http://www.toastpoint.com/limerick/naut199.html" "Mozilla/4.0 (compatible; MSIE 6.0; Windows NT 5.0)"
72.14.199.90 - - [06/Dec/2008:18:00:30 -0500] "GET /limerick/1995/nicedec.html HTTP/1.1" 200 13251 "-" "DoCoMo/2.0 N905i(c100;TB;W24H16) (compatible; Googlebot-Mobile/2.1; +http://www.google.com/bot.html)"
72.14.199.90 - - [06/Dec/2008:18:05:04 -0500] "GET /limerick/wumpus.html HTTP/1.1" 404 693 "-" "DoCoMo/2.0 N905i(c100;TB;W24H16) (compatible; Googlebot-Mobile/2.1; +http://www.google.com/bot.html)"
72.14.199.90 - - [06/Dec/2008:18:05:16 -0500] "GET /haiku/1995/haikusep.html HTTP/1.1" 200 5645 "-" "DoCoMo/2.0 N905i(c100;TB;W24H16) (compatible; Googlebot-Mobile/2.1; +http://www.google.com/bot.html)"
72.14.199.90 - - [06/Dec/2008:18:05:51 -0500] "GET /limerick/1995/nautsept.html HTTP/1.1" 200 7977 "-" "DoCoMo/2.0 N905i(c100;TB;W24H16) (compatible; Googlebot-Mobile/2.1; +http://www.google.com/bot.html)"
208.80.194.29 - - [06/Dec/2008:18:17:39 -0500] "GET / HTTP/1.0" 200 464 "-" "Mozilla/4.0 (compatible; MSIE 6.0; Windows NT 5.1; SV1; .NET CLR 1.0.3705; Media Center PC 4.0; .NET CLR 1.1.4322; Media Center PC 3.0)"
208.111.154.16 - - [06/Dec/2008:18:31:21 -0500] "GET /robots.txt HTTP/1.0" 404 693 "-" "Mozilla/5.0 (compatible; Charlotte/1.1; http://www.searchme.com/support/)"
75.83.127.94 - - [06/Dec/2008:18:35:42 -0500] "GET http://006a13a.netsolhost.com/index.html HTTP/1.0" 200 464 "-" "Mozilla/4.0 (compatible; MSIE 7.0b; Windows NT 6.0)"
75.83.127.94 - - [06/Dec/2008:18:36:56 -0500] "GET http://006a13a.netsolhost.com/index.html HTTP/1.0" 200 464 "-" "Mozilla/4.0 (compatible; MSIE 7.0b; Windows NT 6.0)"
66.235.124.8 - - [06/Dec/2008:18:40:51 -0500] "GET /haiku/1997/haiku297.html HTTP/1.1" 200 48218 "-" "Mozilla/5.0 (compatible; Ask Jeeves/Teoma; +http://about.ask.com/en/docs/about/webmasters.shtml)"
209.183.55.8 - - [06/Dec/2008:19:00:39 -0500] "GET /limerick/naut199.html HTTP/1.1" 200 34481 "http://www.google.com/m?mrestrict=xhtml&eosr=on&ct=fsh&q=naughty+limerick" "SAMSUNG-SGH-I617/1.0 Mozilla/4.0 (compatible; MSIE 6.0; Windows CE; IEMobile 7.6) UP.Link/6.3.1.20.06.3.1.20.0"
209.183.55.8 - - [06/Dec/2008:19:00:41 -0500] "GET /gifs/boobies.gif HTTP/1.1" 200 11144 "http://www.toastpoint.com/limerick/naut199.html" "SAMSUNG-SGH-I617/1.0 Mozilla/4.0 (compatible; MSIE 6.0; Windows CE; IEMobile 7.6) UP.Link/6.3.1.20.06.3.1.20.0"
209.183.55.9 - - [06/Dec/2008:19:00:42 -0500] "GET /gifs/nakedman.gif HTTP/1.1" 200 7734 "http://www.toastpoint.com/limerick/naut199.html" "SAMSUNG-SGH-I617/1.0 Mozilla/4.0 (compatible; MSIE 6.0; Windows CE; IEMobile 7.6) UP.Link/6.3.1.20.06.3.1.20.0"
209.183.55.8 - - [06/Dec/2008:19:00:42 -0500] "GET /gifs/goldstar.jpg HTTP/1.1" 200 1854 "http://www.toastpoint.com/limerick/naut199.html" "SAMSUNG-SGH-I617/1.0 Mozilla/4.0 (compatible; MSIE 6.0; Windows CE; IEMobile 7.6) UP.Link/6.3.1.20.06.3.1.20.0"
72.14.199.90 - - [06/Dec/2008:19:12:09 -0500] "GET /fiction/novels/peak1-3.html HTTP/1.1" 200 6956 "-" "DoCoMo/2.0 N905i(c100;TB;W24H16) (compatible; Googlebot-Mobile/2.1; +http://www.google.com/bot.html)"
72.14.199.90 - - [06/Dec/2008:20:00:55 -0500] "GET /haiku/1995/haikuoct.html HTTP/1.1" 200 10090 "-" "DoCoMo/2.0 N905i(c100;TB;W24H16) (compatible; Googlebot-Mobile/2.1; +http://www.google.com/bot.html)"
72.14.199.90 - - [06/Dec/2008:20:03:57 -0500] "GET /limerick/1995/nautoct.html HTTP/1.1" 200 12561 "-" "DoCoMo/2.0 N905i(c100;TB;W24H16) (compatible; Googlebot-Mobile/2.1; +http://www.google.com/bot.html)"
75.16.42.233 - - [06/Dec/2008:20:03:59 -0500] "GET /rapture/rapture.html HTTP/1.1" 200 22564 "http://images.ask.com/fr?q=Right+to+Trial+by+Jury&desturi=http%3A%2F%2Fwww.toastpoint.com%2Frapture%2Frapture.html&fm=i&ac=3&ftURI=http%3A%2F%2Fimages.ask.com%2Ffr%3Fq%3DRight%2Bto%2BTrial%2Bby%2BJury%26desturi%3Dhttp%253A%252F%252Fwww.toastpoint.com%252Frapture%252Frapture.html%26imagesrc%3Dhttp%253A%252F%252Fwww.toastpoint.com%252Frapture%252Ftbj-jury.gif%26thumbsrc%3Dhttp%253A%252F%252F66.235.120.64%252Fts%253Ft%253D2656937575207208691%2526pid%253D23296%2526ppid%253D0%26o%3D0%26l%3Ddir%26thumbuselocalisedstatic%3Dfalse%26fn%3Dtbj-jury.gif%26imagewidth%3D250%26imageheight%3D212%26fs%3D3%26ft%3Dgif%26f%3D2%26fm%3Di%26ftbURI%3Dhttp%253A%252F%252Fwww.ask.com%252Fpictures%253Fq%253DRight%252Bto%252BTrial%252Bby%252BJury%2526page%253D1%2526o%253D0%2526l%253Ddir%2526pstart%253D0&qt=0" "Mozilla/4.0 (compatible; MSIE 7.0; Windows NT 5.1; FunWebProducts; .NET CLR 1.0.3705; .NET CLR 1.1.4322; Media Center PC 4.0; .NET CLR 2.0.50727)"
75.16.42.233 - - [06/Dec/2008:20:03:59 -0500] "GET /rapture/sor-well.gif HTTP/1.1" 200 2583 "http://www.toastpoint.com/rapture/rapture.html" "Mozilla/4.0 (compatible; MSIE 7.0; Windows NT 5.1; FunWebProducts; .NET CLR 1.0.3705; .NET CLR 1.1.4322; Media Center PC 4.0; .NET CLR 2.0.50727)"
75.16.42.233 - - [06/Dec/2008:20:03:59 -0500] "GET /rapture/tbj-jury.gif HTTP/1.1" 200 3904 "http://www.toastpoint.com/rapture/rapture.html" "Mozilla/4.0 (compatible; MSIE 7.0; Windows NT 5.1; FunWebProducts; .NET CLR 1.0.3705; .NET CLR 1.1.4322; Media Center PC 4.0; .NET CLR 2.0.50727)"
75.16.42.233 - - [06/Dec/2008:20:03:59 -0500] "GET /rapture/hms-dick.gif HTTP/1.1" 200 3100 "http://www.toastpoint.com/rapture/rapture.html" "Mozilla/4.0 (compatible; MSIE 7.0; Windows NT 5.1; FunWebProducts; .NET CLR 1.0.3705; .NET CLR 1.1.4322; Media Center PC 4.0; .NET CLR 2.0.50727)"
75.16.42.233 - - [06/Dec/2008:20:04:00 -0500] "GET /rapture/pirates.gif HTTP/1.1" 200 4045 "http://www.toastpoint.com/rapture/rapture.html" "Mozilla/4.0 (compatible; MSIE 7.0; Windows NT 5.1; FunWebProducts; .NET CLR 1.0.3705; .NET CLR 1.1.4322; Media Center PC 4.0; .NET CLR 2.0.50727)"
75.16.42.233 - - [06/Dec/2008:20:04:00 -0500] "GET /rapture/bunthorne.gif HTTP/1.1" 200 3137 "http://www.toastpoint.com/rapture/rapture.html" "Mozilla/4.0 (compatible; MSIE 7.0; Windows NT 5.1; FunWebProducts; .NET CLR 1.0.3705; .NET CLR 1.1.4322; Media Center PC 4.0; .NET CLR 2.0.50727)"
75.16.42.233 - - [06/Dec/2008:20:04:00 -0500] "GET /rapture/iolanthe.gif HTTP/1.1" 200 2814 "http://www.toastpoint.com/rapture/rapture.html" "Mozilla/4.0 (compatible; MSIE 7.0; Windows NT 5.1; FunWebProducts; .NET CLR 1.0.3705; .NET CLR 1.1.4322; Media Center PC 4.0; .NET CLR 2.0.50727)"
75.16.42.233 - - [06/Dec/2008:20:04:00 -0500] "GET /rapture/ida-monk.gif HTTP/1.1" 200 3753 "http://www.toastpoint.com/rapture/rapture.html" "Mozilla/4.0 (compatible; MSIE 7.0; Windows NT 5.1; FunWebProducts; .NET CLR 1.0.3705; .NET CLR 1.1.4322; Media Center PC 4.0; .NET CLR 2.0.50727)"
75.16.42.233 - - [06/Dec/2008:20:04:00 -0500] "GET /rapture/mik-lips.gif HTTP/1.1" 200 3352 "http://www.toastpoint.com/rapture/rapture.html" "Mozilla/4.0 (compatible; MSIE 7.0; Windows NT 5.1; FunWebProducts; .NET CLR 1.0.3705; .NET CLR 1.1.4322; Media Center PC 4.0; .NET CLR 2.0.50727)"
75.16.42.233 - - [06/Dec/2008:20:04:00 -0500] "GET /rapture/rud-spec.gif HTTP/1.1" 200 2489 "http://www.toastpoint.com/rapture/rapture.html" "Mozilla/4.0 (compatible; MSIE 7.0; Windows NT 5.1; FunWebProducts; .NET CLR 1.0.3705; .NET CLR 1.1.4322; Media Center PC 4.0; .NET CLR 2.0.50727)"
75.16.42.233 - - [06/Dec/2008:20:04:00 -0500] "GET /rapture/yeo-song.gif HTTP/1.1" 200 2781 "http://www.toastpoint.com/rapture/rapture.html" "Mozilla/4.0 (compatible; MSIE 7.0; Windows NT 5.1; FunWebProducts; .NET CLR 1.0.3705; .NET CLR 1.1.4322; Media Center PC 4.0; .NET CLR 2.0.50727)"
75.16.42.233 - - [06/Dec/2008:20:04:00 -0500] "GET /rapture/gon-baby.gif HTTP/1.1" 200 2847 "http://www.toastpoint.com/rapture/rapture.html" "Mozilla/4.0 (compatible; MSIE 7.0; Windows NT 5.1; FunWebProducts; .NET CLR 1.0.3705; .NET CLR 1.1.4322; Media Center PC 4.0; .NET CLR 2.0.50727)"
75.16.42.233 - - [06/Dec/2008:20:04:00 -0500] "GET /rapture/uto-look.gif HTTP/1.1" 200 3823 "http://www.toastpoint.com/rapture/rapture.html" "Mozilla/4.0 (compatible; MSIE 7.0; Windows NT 5.1; FunWebProducts; .NET CLR 1.0.3705; .NET CLR 1.1.4322; Media Center PC 4.0; .NET CLR 2.0.50727)"
75.16.42.233 - - [06/Dec/2008:20:04:01 -0500] "GET /favicon.ico HTTP/1.1" 404 693 "-" "Mozilla/4.0 (compatible; MSIE 7.0; Windows NT 5.1; FunWebProducts; .NET CLR 1.0.3705; .NET CLR 1.1.4322; Media Center PC 4.0; .NET CLR 2.0.50727)"
208.80.194.33 - - [06/Dec/2008:20:13:34 -0500] "GET / HTTP/1.0" 200 464 "-" "Mozilla/4.0 (compatible; MSIE 6.0; Windows NT 5.1; SV1; Tesco)"
89.178.163.227 - - [06/Dec/2008:20:52:56 -0500] "GET /gifs/boobies.gif HTTP/1.1" 200 11144 "http://www.toastpoint.com/limerick/naut199.html" "Mozilla/5.0 (Windows; U; Windows NT 5.1; ru; rv:1.9.0.3) Gecko/2008092417 Firefox/3.0.3"
89.178.163.227 - - [06/Dec/2008:20:52:56 -0500] "GET /gifs/nakedman.gif HTTP/1.1" 200 7734 "http://www.toastpoint.com/limerick/naut199.html" "Mozilla/5.0 (Windows; U; Windows NT 5.1; ru; rv:1.9.0.3) Gecko/2008092417 Firefox/3.0.3"
89.178.163.227 - - [06/Dec/2008:20:52:56 -0500] "GET /gifs/goldstar.jpg HTTP/1.1" 200 1854 "http://www.toastpoint.com/limerick/naut199.html" "Mozilla/5.0 (Windows; U; Windows NT 5.1; ru; rv:1.9.0.3) Gecko/2008092417 Firefox/3.0.3"
89.178.163.227 - - [06/Dec/2008:20:52:55 -0500] "GET /limerick/naut199.html HTTP/1.1" 200 34481 "-" "Mozilla/5.0 (Windows; U; Windows NT 5.1; ru; rv:1.9.0.3) Gecko/2008092417 Firefox/3.0.3"
89.178.163.227 - - [06/Dec/2008:20:52:58 -0500] "GET /favicon.ico HTTP/1.1" 404 693 "-" "Mozilla/5.0 (Windows; U; Windows NT 5.1; ru; rv:1.9.0.3) Gecko/2008092417 Firefox/3.0.3"
89.178.163.227 - - [06/Dec/2008:20:52:58 -0500] "GET /favicon.ico HTTP/1.1" 404 693 "-" "Mozilla/5.0 (Windows; U; Windows NT 5.1; ru; rv:1.9.0.3) Gecko/2008092417 Firefox/3.0.3"
216.37.176.194 - - [06/Dec/2008:21:14:10 -0500] "GET /favicon.ico HTTP/1.1" 404 693 "-" "Mozilla/4.0 (compatible; MSIE 7.0; Windows NT 6.0; SLCC1; .NET CLR 2.0.50727; Media Center PC 5.0; .NET CLR 3.0.04506)"
216.37.176.194 - - [06/Dec/2008:21:14:10 -0500] "GET /gifs/goldstar.jpg HTTP/1.1" 200 1854 "http://www.toastpoint.com/limerick/naut199.html" "Mozilla/4.0 (compatible; MSIE 7.0; Windows NT 6.0; SLCC1; .NET CLR 2.0.50727; Media Center PC 5.0; .NET CLR 3.0.04506)"
216.37.176.194 - - [06/Dec/2008:21:14:10 -0500] "GET /gifs/boobies.gif HTTP/1.1" 200 11144 "http://www.toastpoint.com/limerick/naut199.html" "Mozilla/4.0 (compatible; MSIE 7.0; Windows NT 6.0; SLCC1; .NET CLR 2.0.50727; Media Center PC 5.0; .NET CLR 3.0.04506)"
216.37.176.194 - - [06/Dec/2008:21:14:10 -0500] "GET /gifs/nakedman.gif HTTP/1.1" 200 7734 "http://www.toastpoint.com/limerick/naut199.html" "Mozilla/4.0 (compatible; MSIE 7.0; Windows NT 6.0; SLCC1; .NET CLR 2.0.50727; Media Center PC 5.0; .NET CLR 3.0.04506)"
216.37.176.194 - - [06/Dec/2008:21:14:10 -0500] "GET /limerick/naut199.html HTTP/1.1" 200 34481 "-" "Mozilla/4.0 (compatible; MSIE 7.0; Windows NT 6.0; SLCC1; .NET CLR 2.0.50727; Media Center PC 5.0; .NET CLR 3.0.04506)"
75.83.127.94 - - [06/Dec/2008:21:19:33 -0500] "GET http://006a13a.netsolhost.com/index.html HTTP/1.0" 200 464 "-" "Mozilla/4.0 (compatible; MSIE 7.0b; Windows NT 6.0)"
75.83.127.94 - - [06/Dec/2008:21:23:59 -0500] "GET http://006a13a.netsolhost.com/index.html HTTP/1.0" 200 464 "-" "Mozilla/4.0 (compatible; MSIE 7.0b; Windows NT 6.0)"
98.220.120.213 - - [06/Dec/2008:21:26:03 -0500] "GET /favicon.ico HTTP/1.1" 404 693 "-" "Mozilla/5.0 (Windows; U; Windows NT 5.1; en-US; rv:1.9.0.4) Gecko/2008102920 Firefox/3.0.4"
98.220.120.213 - - [06/Dec/2008:21:26:03 -0500] "GET / HTTP/1.1" 200 464 "-" "Mozilla/5.0 (Windows; U; Windows NT 5.1; en-US; rv:1.9.0.4) Gecko/2008102920 Firefox/3.0.4"
98.220.120.213 - - [06/Dec/2008:21:26:04 -0500] "GET /toastpointtopleft.html HTTP/1.1" 200 162 "http://www.toastpoint.com/" "Mozilla/5.0 (Windows; U; Windows NT 5.1; en-US; rv:1.9.0.4) Gecko/2008102920 Firefox/3.0.4"
98.220.120.213 - - [06/Dec/2008:21:26:04 -0500] "GET /toastpointtoc.html HTTP/1.1" 200 1188 "http://www.toastpoint.com/" "Mozilla/5.0 (Windows; U; Windows NT 5.1; en-US; rv:1.9.0.4) Gecko/2008102920 Firefox/3.0.4"
98.220.120.213 - - [06/Dec/2008:21:26:04 -0500] "GET /news.html HTTP/1.1" 200 17577 "http://www.toastpoint.com/" "Mozilla/5.0 (Windows; U; Windows NT 5.1; en-US; rv:1.9.0.4) Gecko/2008102920 Firefox/3.0.4"
98.220.120.213 - - [06/Dec/2008:21:26:04 -0500] "GET /toastpointtopright.html HTTP/1.1" 200 151 "http://www.toastpoint.com/" "Mozilla/5.0 (Windows; U; Windows NT 5.1; en-US; rv:1.9.0.4) Gecko/2008102920 Firefox/3.0.4"
98.220.120.213 - - [06/Dec/2008:21:26:04 -0500] "GET /tpnews.html HTTP/1.1" 200 8004 "http://www.toastpoint.com/" "Mozilla/5.0 (Windows; U; Windows NT 5.1; en-US; rv:1.9.0.4) Gecko/2008102920 Firefox/3.0.4"
98.220.120.213 - - [06/Dec/2008:21:26:04 -0500] "GET /gifs/tpoct-nov2008.jpg HTTP/1.1" 200 59792 "http://www.toastpoint.com/news.html" "Mozilla/5.0 (Windows; U; Windows NT 5.1; en-US; rv:1.9.0.4) Gecko/2008102920 Firefox/3.0.4"
98.220.120.213 - - [06/Dec/2008:21:26:06 -0500] "GET /favicon.ico HTTP/1.1" 404 693 "-" "Mozilla/5.0 (Windows; U; Windows NT 5.1; en-US; rv:1.9.0.4) Gecko/2008102920 Firefox/3.0.4"
98.220.120.213 - - [06/Dec/2008:21:26:07 -0500] "GET /favicon.ico HTTP/1.1" 404 693 "-" "Mozilla/5.0 (Windows; U; Windows NT 5.1; en-US; rv:1.9.0.4) Gecko/2008102920 Firefox/3.0.4"
99.11.242.55 - - [06/Dec/2008:21:47:45 -0500] "GET /favicon.ico HTTP/1.1" 404 693 "-" "Mozilla/4.0 (compatible; MSIE 7.0; Windows NT 5.1; .NET CLR 2.0.50727)"
99.11.242.55 - - [06/Dec/2008:21:47:45 -0500] "GET /gifs/boobies.gif HTTP/1.1" 200 11144 "http://www.toastpoint.com/limerick/naut199.html" "Mozilla/4.0 (compatible; MSIE 7.0; Windows NT 5.1; .NET CLR 2.0.50727)"
99.11.242.55 - - [06/Dec/2008:21:47:45 -0500] "GET /gifs/nakedman.gif HTTP/1.1" 200 7734 "http://www.toastpoint.com/limerick/naut199.html" "Mozilla/4.0 (compatible; MSIE 7.0; Windows NT 5.1; .NET CLR 2.0.50727)"
99.11.242.55 - - [06/Dec/2008:21:47:45 -0500] "GET /gifs/goldstar.jpg HTTP/1.1" 200 1854 "http://www.toastpoint.com/limerick/naut199.html" "Mozilla/4.0 (compatible; MSIE 7.0; Windows NT 5.1; .NET CLR 2.0.50727)"
99.11.242.55 - - [06/Dec/2008:21:47:45 -0500] "GET /limerick/naut199.html HTTP/1.1" 200 34481 "-" "Mozilla/4.0 (compatible; MSIE 7.0; Windows NT 5.1; .NET CLR 2.0.50727)"
99.11.242.55 - - [06/Dec/2008:21:47:46 -0500] "GET /favicon.ico HTTP/1.1" 404 693 "-" "Mozilla/5.0 (compatible; Google Desktop)"
75.83.127.94 - - [06/Dec/2008:23:08:08 -0500] "GET http://006a13a.netsolhost.com/index.html HTTP/1.0" 200 464 "-" "Mozilla/4.0 (compatible; MSIE 7.0b; Windows NT 6.0)"
75.83.127.94 - - [06/Dec/2008:23:10:46 -0500] "GET http://006a13a.netsolhost.com/index.html HTTP/1.0" 200 464 "-" "Mozilla/4.0 (compatible; MSIE 7.0b; Windows NT 6.0)"
