66.249.72.202 - - [20/Jan/2009:12:13:59 -0500] "GET /limerick/brady/brady97.html HTTP/1.1" 200 10474 "-" "Nokia6820/2.0 (4.83) Profile/MIDP-1.0 Configuration/CLDC-1.0 (compatible; Googlebot-Mobile/2.1; +http://www.google.com/bot.html)"
66.249.72.202 - - [20/Jan/2009:12:14:07 -0500] "GET /fiction/fict97/fict1097.html HTTP/1.1" 200 10353 "-" "Nokia6820/2.0 (4.83) Profile/MIDP-1.0 Configuration/CLDC-1.0 (compatible; Googlebot-Mobile/2.1; +http://www.google.com/bot.html)"
66.249.72.202 - - [20/Jan/2009:12:14:08 -0500] "GET /limerick/1996/1996.html HTTP/1.1" 404 693 "-" "Nokia6820/2.0 (4.83) Profile/MIDP-1.0 Configuration/CLDC-1.0 (compatible; Googlebot-Mobile/2.1; +http://www.google.com/bot.html)"
66.249.72.202 - - [20/Jan/2009:12:14:08 -0500] "GET /haiku/1996/haiku696.html HTTP/1.1" 200 9779 "-" "Nokia6820/2.0 (4.83) Profile/MIDP-1.0 Configuration/CLDC-1.0 (compatible; Googlebot-Mobile/2.1; +http://www.google.com/bot.html)"
66.249.72.202 - - [20/Jan/2009:12:14:08 -0500] "GET /haiku/1997/haiku597.html HTTP/1.1" 200 30659 "-" "Nokia6820/2.0 (4.83) Profile/MIDP-1.0 Configuration/CLDC-1.0 (compatible; Googlebot-Mobile/2.1; +http://www.google.com/bot.html)"
66.249.72.202 - - [20/Jan/2009:12:14:08 -0500] "GET /limerick/1997/naut797.html HTTP/1.1" 200 22034 "-" "Nokia6820/2.0 (4.83) Profile/MIDP-1.0 Configuration/CLDC-1.0 (compatible; Googlebot-Mobile/2.1; +http://www.google.com/bot.html)"
66.249.72.202 - - [20/Jan/2009:12:14:08 -0500] "GET /limerick/1996/nice896.html HTTP/1.1" 200 9880 "-" "Nokia6820/2.0 (4.83) Profile/MIDP-1.0 Configuration/CLDC-1.0 (compatible; Googlebot-Mobile/2.1; +http://www.google.com/bot.html)"
66.249.72.202 - - [20/Jan/2009:12:14:09 -0500] "GET /limerick/1998/nice998.html HTTP/1.1" 200 24712 "-" "Nokia6820/2.0 (4.83) Profile/MIDP-1.0 Configuration/CLDC-1.0 (compatible; Googlebot-Mobile/2.1; +http://www.google.com/bot.html)"
66.249.72.202 - - [20/Jan/2009:12:14:09 -0500] "GET /haiku/limerick/limerick.html HTTP/1.1" 404 693 "-" "Nokia6820/2.0 (4.83) Profile/MIDP-1.0 Configuration/CLDC-1.0 (compatible; Googlebot-Mobile/2.1; +http://www.google.com/bot.html)"
66.249.72.202 - - [20/Jan/2009:12:14:13 -0500] "GET /limerick/1995/nautjuly.html HTTP/1.1" 200 3106 "-" "Nokia6820/2.0 (4.83) Profile/MIDP-1.0 Configuration/CLDC-1.0 (compatible; Googlebot-Mobile/2.1; +http://www.google.com/bot.html)"
66.249.72.202 - - [20/Jan/2009:12:14:13 -0500] "GET /limerick/1995/nautjune.html HTTP/1.1" 200 3274 "-" "Nokia6820/2.0 (4.83) Profile/MIDP-1.0 Configuration/CLDC-1.0 (compatible; Googlebot-Mobile/2.1; +http://www.google.com/bot.html)"
66.249.72.202 - - [20/Jan/2009:12:14:16 -0500] "GET /fiction/fict97/fict497.html HTTP/1.1" 200 11424 "-" "Nokia6820/2.0 (4.83) Profile/MIDP-1.0 Configuration/CLDC-1.0 (compatible; Googlebot-Mobile/2.1; +http://www.google.com/bot.html)"
66.249.72.202 - - [20/Jan/2009:12:14:34 -0500] "GET /fiction/fict97/fict597.html HTTP/1.1" 200 10485 "-" "Nokia6820/2.0 (4.83) Profile/MIDP-1.0 Configuration/CLDC-1.0 (compatible; Googlebot-Mobile/2.1; +http://www.google.com/bot.html)"
66.249.72.202 - - [20/Jan/2009:12:14:34 -0500] "GET /limerick/brady/brady96.html HTTP/1.1" 200 6418 "-" "Nokia6820/2.0 (4.83) Profile/MIDP-1.0 Configuration/CLDC-1.0 (compatible; Googlebot-Mobile/2.1; +http://www.google.com/bot.html)"
66.249.72.202 - - [20/Jan/2009:12:14:44 -0500] "GET /haiku/1996/haik1196.html HTTP/1.1" 200 14090 "-" "Nokia6820/2.0 (4.83) Profile/MIDP-1.0 Configuration/CLDC-1.0 (compatible; Googlebot-Mobile/2.1; +http://www.google.com/bot.html)"
66.249.72.202 - - [20/Jan/2009:12:14:44 -0500] "GET /limerick/1995/nicesept.html HTTP/1.1" 200 3676 "-" "Nokia6820/2.0 (4.83) Profile/MIDP-1.0 Configuration/CLDC-1.0 (compatible; Googlebot-Mobile/2.1; +http://www.google.com/bot.html)"
66.249.72.202 - - [20/Jan/2009:12:14:44 -0500] "GET /limerick/1998/nice698.html HTTP/1.1" 200 24183 "-" "Nokia6820/2.0 (4.83) Profile/MIDP-1.0 Configuration/CLDC-1.0 (compatible; Googlebot-Mobile/2.1; +http://www.google.com/bot.html)"
66.249.72.202 - - [20/Jan/2009:12:15:00 -0500] "GET /fiction/novels/peak1-2.html HTTP/1.1" 200 2302 "-" "Nokia6820/2.0 (4.83) Profile/MIDP-1.0 Configuration/CLDC-1.0 (compatible; Googlebot-Mobile/2.1; +http://www.google.com/bot.html)"
66.249.72.202 - - [20/Jan/2009:12:15:06 -0500] "GET /haiku/1998/haiku598.html HTTP/1.1" 200 28935 "-" "Nokia6820/2.0 (4.83) Profile/MIDP-1.0 Configuration/CLDC-1.0 (compatible; Googlebot-Mobile/2.1; +http://www.google.com/bot.html)"
66.249.72.202 - - [20/Jan/2009:12:15:06 -0500] "GET /haiku/1998/haiku798.html HTTP/1.1" 200 74969 "-" "Nokia6820/2.0 (4.83) Profile/MIDP-1.0 Configuration/CLDC-1.0 (compatible; Googlebot-Mobile/2.1; +http://www.google.com/bot.html)"
66.249.72.202 - - [20/Jan/2009:12:15:06 -0500] "GET /haiku/1997/haiku797.html HTTP/1.1" 200 23929 "-" "Nokia6820/2.0 (4.83) Profile/MIDP-1.0 Configuration/CLDC-1.0 (compatible; Googlebot-Mobile/2.1; +http://www.google.com/bot.html)"
66.249.72.202 - - [20/Jan/2009:12:15:06 -0500] "GET /fiction/fict9596/fict9596.html HTTP/1.1" 200 1446 "-" "Nokia6820/2.0 (4.83) Profile/MIDP-1.0 Configuration/CLDC-1.0 (compatible; Googlebot-Mobile/2.1; +http://www.google.com/bot.html)"
66.249.72.202 - - [20/Jan/2009:12:15:06 -0500] "GET /haiku/1996/haik1096.html HTTP/1.1" 404 693 "-" "Nokia6820/2.0 (4.83) Profile/MIDP-1.0 Configuration/CLDC-1.0 (compatible; Googlebot-Mobile/2.1; +http://www.google.com/bot.html)"
66.249.72.202 - - [20/Jan/2009:12:15:06 -0500] "GET /limerick/1998/nice398.html HTTP/1.1" 200 36584 "-" "Nokia6820/2.0 (4.83) Profile/MIDP-1.0 Configuration/CLDC-1.0 (compatible; Googlebot-Mobile/2.1; +http://www.google.com/bot.html)"
66.249.72.202 - - [20/Jan/2009:12:15:06 -0500] "GET /limerick/1998/naut1198.html HTTP/1.1" 200 22126 "-" "Nokia6820/2.0 (4.83) Profile/MIDP-1.0 Configuration/CLDC-1.0 (compatible; Googlebot-Mobile/2.1; +http://www.google.com/bot.html)"
66.249.72.202 - - [20/Jan/2009:12:15:06 -0500] "GET /limerick/1995/nautdec.html HTTP/1.1" 200 30430 "-" "Nokia6820/2.0 (4.83) Profile/MIDP-1.0 Configuration/CLDC-1.0 (compatible; Googlebot-Mobile/2.1; +http://www.google.com/bot.html)"
66.249.72.202 - - [20/Jan/2009:12:15:06 -0500] "GET /fiction/fict9596/fict896.html HTTP/1.1" 200 27993 "-" "Nokia6820/2.0 (4.83) Profile/MIDP-1.0 Configuration/CLDC-1.0 (compatible; Googlebot-Mobile/2.1; +http://www.google.com/bot.html)"
66.249.72.202 - - [20/Jan/2009:12:15:06 -0500] "GET /fiction/fict9596/fict696.html HTTP/1.1" 200 15163 "-" "Nokia6820/2.0 (4.83) Profile/MIDP-1.0 Configuration/CLDC-1.0 (compatible; Googlebot-Mobile/2.1; +http://www.google.com/bot.html)"
66.249.72.202 - - [20/Jan/2009:12:15:54 -0500] "GET /limerick/1995/niceaug.html HTTP/1.1" 200 4489 "-" "Nokia6820/2.0 (4.83) Profile/MIDP-1.0 Configuration/CLDC-1.0 (compatible; Googlebot-Mobile/2.1; +http://www.google.com/bot.html)"
66.249.72.202 - - [20/Jan/2009:12:16:02 -0500] "GET /limerick/1998/lim1998.html HTTP/1.1" 200 2041 "-" "Nokia6820/2.0 (4.83) Profile/MIDP-1.0 Configuration/CLDC-1.0 (compatible; Googlebot-Mobile/2.1; +http://www.google.com/bot.html)"
66.249.72.202 - - [20/Jan/2009:12:16:11 -0500] "GET /limerick/1997/naut597.html HTTP/1.1" 200 22468 "-" "Nokia6820/2.0 (4.83) Profile/MIDP-1.0 Configuration/CLDC-1.0 (compatible; Googlebot-Mobile/2.1; +http://www.google.com/bot.html)"
66.249.72.202 - - [20/Jan/2009:12:16:12 -0500] "GET /haiku/1998/haik1198.html HTTP/1.1" 200 36876 "-" "Nokia6820/2.0 (4.83) Profile/MIDP-1.0 Configuration/CLDC-1.0 (compatible; Googlebot-Mobile/2.1; +http://www.google.com/bot.html)"
66.249.72.202 - - [20/Jan/2009:12:16:12 -0500] "GET /haiku/1996/haiku196.html HTTP/1.1" 200 10159 "-" "Nokia6820/2.0 (4.83) Profile/MIDP-1.0 Configuration/CLDC-1.0 (compatible; Googlebot-Mobile/2.1; +http://www.google.com/bot.html)"
66.249.72.202 - - [20/Jan/2009:12:16:13 -0500] "GET /limerick/1996/nic1296.html HTTP/1.1" 200 19459 "-" "Nokia6820/2.0 (4.83) Profile/MIDP-1.0 Configuration/CLDC-1.0 (compatible; Googlebot-Mobile/2.1; +http://www.google.com/bot.html)"
66.249.72.202 - - [20/Jan/2009:12:16:13 -0500] "GET /limerick/1997/naut397.html HTTP/1.1" 200 21435 "-" "Nokia6820/2.0 (4.83) Profile/MIDP-1.0 Configuration/CLDC-1.0 (compatible; Googlebot-Mobile/2.1; +http://www.google.com/bot.html)"
66.249.72.202 - - [20/Jan/2009:12:16:13 -0500] "GET /limerick/1996/naut596.html HTTP/1.1" 200 28755 "-" "Nokia6820/2.0 (4.83) Profile/MIDP-1.0 Configuration/CLDC-1.0 (compatible; Googlebot-Mobile/2.1; +http://www.google.com/bot.html)"
66.249.72.202 - - [20/Jan/2009:12:16:13 -0500] "GET /limerick/1995/nautnov.html HTTP/1.1" 200 13933 "-" "Nokia6820/2.0 (4.83) Profile/MIDP-1.0 Configuration/CLDC-1.0 (compatible; Googlebot-Mobile/2.1; +http://www.google.com/bot.html)"
66.249.72.202 - - [20/Jan/2009:12:16:13 -0500] "GET /limerick/1997/naut497.html HTTP/1.1" 200 43346 "-" "Nokia6820/2.0 (4.83) Profile/MIDP-1.0 Configuration/CLDC-1.0 (compatible; Googlebot-Mobile/2.1; +http://www.google.com/bot.html)"
66.249.72.202 - - [20/Jan/2009:12:16:34 -0500] "GET /limerick/1995/bestnice.html HTTP/1.1" 200 6154 "-" "Nokia6820/2.0 (4.83) Profile/MIDP-1.0 Configuration/CLDC-1.0 (compatible; Googlebot-Mobile/2.1; +http://www.google.com/bot.html)"
208.111.154.15 - - [20/Jan/2009:12:16:36 -0500] "GET /robots.txt HTTP/1.1" 404 693 "-" "Mozilla/5.0 (compatible; Charlotte/1.1; http://www.searchme.com/support/)"
66.249.72.202 - - [20/Jan/2009:12:16:50 -0500] "GET /limerick/1995/niceoct.html HTTP/1.1" 200 5007 "-" "Nokia6820/2.0 (4.83) Profile/MIDP-1.0 Configuration/CLDC-1.0 (compatible; Googlebot-Mobile/2.1; +http://www.google.com/bot.html)"
66.249.72.202 - - [20/Jan/2009:12:16:53 -0500] "GET /limerick/1998/naut698.html HTTP/1.1" 200 41193 "-" "Nokia6820/2.0 (4.83) Profile/MIDP-1.0 Configuration/CLDC-1.0 (compatible; Googlebot-Mobile/2.1; +http://www.google.com/bot.html)"
66.249.72.202 - - [20/Jan/2009:12:16:53 -0500] "GET /limerick/1998/naut1298.html HTTP/1.1" 200 31614 "-" "Nokia6820/2.0 (4.83) Profile/MIDP-1.0 Configuration/CLDC-1.0 (compatible; Googlebot-Mobile/2.1; +http://www.google.com/bot.html)"
66.249.72.202 - - [20/Jan/2009:12:16:53 -0500] "GET /fiction/fict9596/fict496.html HTTP/1.1" 200 8177 "-" "Nokia6820/2.0 (4.83) Profile/MIDP-1.0 Configuration/CLDC-1.0 (compatible; Googlebot-Mobile/2.1; +http://www.google.com/bot.html)"
66.249.72.202 - - [20/Jan/2009:12:18:57 -0500] "GET /haiku/1998/haiku398.html HTTP/1.1" 200 47804 "-" "Nokia6820/2.0 (4.83) Profile/MIDP-1.0 Configuration/CLDC-1.0 (compatible; Googlebot-Mobile/2.1; +http://www.google.com/bot.html)"
66.249.72.202 - - [20/Jan/2009:12:24:29 -0500] "GET /limerick/1995/nicejuly.html HTTP/1.1" 200 1086 "-" "Nokia6820/2.0 (4.83) Profile/MIDP-1.0 Configuration/CLDC-1.0 (compatible; Googlebot-Mobile/2.1; +http://www.google.com/bot.html)"
66.249.72.202 - - [20/Jan/2009:12:24:35 -0500] "GET /fiction/fict9596/fic1296.html HTTP/1.1" 200 7468 "-" "Nokia6820/2.0 (4.83) Profile/MIDP-1.0 Configuration/CLDC-1.0 (compatible; Googlebot-Mobile/2.1; +http://www.google.com/bot.html)"
66.249.72.202 - - [20/Jan/2009:12:24:52 -0500] "GET /limerick/brady/brady98.html HTTP/1.1" 200 8297 "-" "Nokia6820/2.0 (4.83) Profile/MIDP-1.0 Configuration/CLDC-1.0 (compatible; Googlebot-Mobile/2.1; +http://www.google.com/bot.html)"
66.249.72.202 - - [20/Jan/2009:12:25:07 -0500] "GET /haiku/welcome.html HTTP/1.1" 404 693 "-" "Nokia6820/2.0 (4.83) Profile/MIDP-1.0 Configuration/CLDC-1.0 (compatible; Googlebot-Mobile/2.1; +http://www.google.com/bot.html)"
66.249.72.202 - - [20/Jan/2009:12:32:01 -0500] "GET /limerick/1996/nau1196.html HTTP/1.1" 200 14916 "-" "Nokia6820/2.0 (4.83) Profile/MIDP-1.0 Configuration/CLDC-1.0 (compatible; Googlebot-Mobile/2.1; +http://www.google.com/bot.html)"
66.249.72.202 - - [20/Jan/2009:12:32:37 -0500] "GET /limerick/1996/naut196.html HTTP/1.1" 200 38213 "-" "Nokia6820/2.0 (4.83) Profile/MIDP-1.0 Configuration/CLDC-1.0 (compatible; Googlebot-Mobile/2.1; +http://www.google.com/bot.html)"
66.249.72.202 - - [20/Jan/2009:12:39:45 -0500] "GET /limerick/1997/nice1097.html HTTP/1.1" 200 20810 "-" "Nokia6820/2.0 (4.83) Profile/MIDP-1.0 Configuration/CLDC-1.0 (compatible; Googlebot-Mobile/2.1; +http://www.google.com/bot.html)"
66.249.72.202 - - [20/Jan/2009:12:43:41 -0500] "GET /limerick/1998/naut398.html HTTP/1.1" 200 58324 "-" "Nokia6820/2.0 (4.83) Profile/MIDP-1.0 Configuration/CLDC-1.0 (compatible; Googlebot-Mobile/2.1; +http://www.google.com/bot.html)"
66.249.72.202 - - [20/Jan/2009:12:44:14 -0500] "GET /haiku/1997/haiku497.html HTTP/1.1" 200 29895 "-" "Nokia6820/2.0 (4.83) Profile/MIDP-1.0 Configuration/CLDC-1.0 (compatible; Googlebot-Mobile/2.1; +http://www.google.com/bot.html)"
66.249.72.202 - - [20/Jan/2009:12:46:26 -0500] "GET /limerick/1998/naut498.html HTTP/1.1" 200 31946 "-" "Nokia6820/2.0 (4.83) Profile/MIDP-1.0 Configuration/CLDC-1.0 (compatible; Googlebot-Mobile/2.1; +http://www.google.com/bot.html)"
66.249.72.202 - - [20/Jan/2009:12:49:09 -0500] "GET /limerick/1995/nautsept.html HTTP/1.1" 200 7977 "-" "Nokia6820/2.0 (4.83) Profile/MIDP-1.0 Configuration/CLDC-1.0 (compatible; Googlebot-Mobile/2.1; +http://www.google.com/bot.html)"
66.249.72.202 - - [20/Jan/2009:12:50:28 -0500] "GET /limerick/1997/naut297.html HTTP/1.1" 200 31034 "-" "Nokia6820/2.0 (4.83) Profile/MIDP-1.0 Configuration/CLDC-1.0 (compatible; Googlebot-Mobile/2.1; +http://www.google.com/bot.html)"
69.58.178.31 - - [20/Jan/2009:12:50:46 -0500] "GET /robots.txt HTTP/1.1" 404 693 "-" "Mozilla/5.0 (X11; U; Linux i686; en-US; rv:1.7.12; ips-agent) Gecko/20050922 Fedora/1.0.7-1.1.fc4 Firefox/1.0.7"
69.58.178.31 - - [20/Jan/2009:12:54:49 -0500] "GET / HTTP/1.1" 200 919088 "-" "Mozilla/5.0 (X11; U; Linux i686; en-US; rv:1.7.12; ips-agent) Gecko/20050922 Fedora/1.0.7-1.1.fc4 Firefox/1.0.7"
66.249.72.202 - - [20/Jan/2009:12:59:40 -0500] "GET /limerick/1996/1996.html HTTP/1.1" 404 693 "-" "Nokia6820/2.0 (4.83) Profile/MIDP-1.0 Configuration/CLDC-1.0 (compatible; Googlebot-Mobile/2.1; +http://www.google.com/bot.html)"
66.249.72.202 - - [20/Jan/2009:12:59:41 -0500] "GET /limerick/1997/nice497.html HTTP/1.1" 200 30916 "-" "Nokia6820/2.0 (4.83) Profile/MIDP-1.0 Configuration/CLDC-1.0 (compatible; Googlebot-Mobile/2.1; +http://www.google.com/bot.html)"
66.249.72.202 - - [20/Jan/2009:13:00:39 -0500] "GET /limerick/1997/nice697.html HTTP/1.1" 200 18475 "-" "Nokia6820/2.0 (4.83) Profile/MIDP-1.0 Configuration/CLDC-1.0 (compatible; Googlebot-Mobile/2.1; +http://www.google.com/bot.html)"
66.235.124.8 - - [20/Jan/2009:13:01:01 -0500] "GET / HTTP/1.1" 200 464 "-" "Mozilla/5.0 (compatible; Ask Jeeves/Teoma; +http://about.ask.com/en/docs/about/webmasters.shtml)"
66.235.124.8 - - [20/Jan/2009:13:01:01 -0500] "GET /toastpointtopleft.html HTTP/1.1" 200 162 "-" "Mozilla/5.0 (compatible; Ask Jeeves/Teoma; +http://about.ask.com/en/docs/about/webmasters.shtml)"
66.235.124.8 - - [20/Jan/2009:13:01:01 -0500] "GET /toastpointtoc.html HTTP/1.1" 200 1188 "-" "Mozilla/5.0 (compatible; Ask Jeeves/Teoma; +http://about.ask.com/en/docs/about/webmasters.shtml)"
66.235.124.8 - - [20/Jan/2009:13:01:01 -0500] "GET /news.html HTTP/1.1" 200 17706 "-" "Mozilla/5.0 (compatible; Ask Jeeves/Teoma; +http://about.ask.com/en/docs/about/webmasters.shtml)"
66.235.124.8 - - [20/Jan/2009:13:01:01 -0500] "GET /toastpointtopright.html HTTP/1.1" 200 151 "-" "Mozilla/5.0 (compatible; Ask Jeeves/Teoma; +http://about.ask.com/en/docs/about/webmasters.shtml)"
66.235.124.8 - - [20/Jan/2009:13:01:01 -0500] "GET /tpnews.html HTTP/1.1" 200 8305 "-" "Mozilla/5.0 (compatible; Ask Jeeves/Teoma; +http://about.ask.com/en/docs/about/webmasters.shtml)"
66.249.72.202 - - [20/Jan/2009:13:09:43 -0500] "GET /limerick/1997/naut1097.html HTTP/1.1" 200 35530 "-" "Nokia6820/2.0 (4.83) Profile/MIDP-1.0 Configuration/CLDC-1.0 (compatible; Googlebot-Mobile/2.1; +http://www.google.com/bot.html)"
66.249.72.202 - - [20/Jan/2009:13:11:20 -0500] "GET /limerick/1997/naut997.html HTTP/1.1" 200 53317 "-" "Nokia6820/2.0 (4.83) Profile/MIDP-1.0 Configuration/CLDC-1.0 (compatible; Googlebot-Mobile/2.1; +http://www.google.com/bot.html)"
66.249.72.202 - - [20/Jan/2009:13:11:21 -0500] "GET /limerick/1997/naut1297.html HTTP/1.1" 200 36990 "-" "Nokia6820/2.0 (4.83) Profile/MIDP-1.0 Configuration/CLDC-1.0 (compatible; Googlebot-Mobile/2.1; +http://www.google.com/bot.html)"
66.249.72.202 - - [20/Jan/2009:13:11:21 -0500] "GET /limerick/1997/nice1197.html HTTP/1.1" 200 19541 "-" "Nokia6820/2.0 (4.83) Profile/MIDP-1.0 Configuration/CLDC-1.0 (compatible; Googlebot-Mobile/2.1; +http://www.google.com/bot.html)"
75.83.127.94 - - [20/Jan/2009:13:11:28 -0500] "GET http://www.toastpoint.com/ HTTP/1.0" 200 464 "-" "Mozilla/4.0 (compatible; MSIE 7.0b; Windows NT 6.0)"
75.83.127.94 - - [20/Jan/2009:13:11:29 -0500] "GET http://www.toastpoint.com/ HTTP/1.0" 200 464 "-" "Mozilla/4.0 (compatible; MSIE 7.0b; Windows NT 6.0)"
75.83.127.94 - - [20/Jan/2009:13:11:47 -0500] "GET http://www.toastpoint.com/ HTTP/1.0" 200 464 "-" "Mozilla/4.0 (compatible; MSIE 7.0b; Windows NT 6.0)"
75.83.127.94 - - [20/Jan/2009:13:17:08 -0500] "GET http://www.toastpoint.com/ HTTP/1.0" 200 464 "-" "Mozilla/4.0 (compatible; MSIE 7.0b; Windows NT 6.0)"
66.249.72.202 - - [20/Jan/2009:13:18:16 -0500] "GET /limerick/1997/naut297.html HTTP/1.1" 200 31034 "-" "Nokia6820/2.0 (4.83) Profile/MIDP-1.0 Configuration/CLDC-1.0 (compatible; Googlebot-Mobile/2.1; +http://www.google.com/bot.html)"
66.249.72.202 - - [20/Jan/2009:13:18:16 -0500] "GET /limerick/1997/naut1197.html HTTP/1.1" 200 42998 "-" "Nokia6820/2.0 (4.83) Profile/MIDP-1.0 Configuration/CLDC-1.0 (compatible; Googlebot-Mobile/2.1; +http://www.google.com/bot.html)"
66.249.72.202 - - [20/Jan/2009:13:21:03 -0500] "GET /haiku/1997/haiku497.html HTTP/1.1" 200 29895 "-" "Nokia6820/2.0 (4.83) Profile/MIDP-1.0 Configuration/CLDC-1.0 (compatible; Googlebot-Mobile/2.1; +http://www.google.com/bot.html)"
66.249.72.202 - - [20/Jan/2009:13:21:58 -0500] "GET /haiku/1997/haiku997.html HTTP/1.1" 200 28323 "-" "Nokia6820/2.0 (4.83) Profile/MIDP-1.0 Configuration/CLDC-1.0 (compatible; Googlebot-Mobile/2.1; +http://www.google.com/bot.html)"
66.249.72.202 - - [20/Jan/2009:13:21:58 -0500] "GET /haiku/1997/haik1197.html HTTP/1.1" 200 26399 "-" "Nokia6820/2.0 (4.83) Profile/MIDP-1.0 Configuration/CLDC-1.0 (compatible; Googlebot-Mobile/2.1; +http://www.google.com/bot.html)"
66.249.72.202 - - [20/Jan/2009:13:22:45 -0500] "GET /haiku/1997/haiku297.html HTTP/1.1" 200 48218 "-" "Nokia6820/2.0 (4.83) Profile/MIDP-1.0 Configuration/CLDC-1.0 (compatible; Googlebot-Mobile/2.1; +http://www.google.com/bot.html)"
66.249.72.202 - - [20/Jan/2009:13:23:18 -0500] "GET /limerick/1995/nicemay.html HTTP/1.1" 200 1859 "-" "Nokia6820/2.0 (4.83) Profile/MIDP-1.0 Configuration/CLDC-1.0 (compatible; Googlebot-Mobile/2.1; +http://www.google.com/bot.html)"
66.249.72.202 - - [20/Jan/2009:13:24:33 -0500] "GET /haiku/1998/haik1098.html HTTP/1.1" 200 36006 "-" "Nokia6820/2.0 (4.83) Profile/MIDP-1.0 Configuration/CLDC-1.0 (compatible; Googlebot-Mobile/2.1; +http://www.google.com/bot.html)"
208.111.154.249 - - [20/Jan/2009:13:25:57 -0500] "GET /limerick/1995/nautmay.html HTTP/1.1" 200 4260 "-" "Mozilla/5.0 (X11; U; Linux i686 (x86_64); en-US; rv:1.8.1.18) Gecko/20081203 Firefox/2.0.0.18"
208.111.154.249 - - [20/Jan/2009:13:25:58 -0500] "GET /gifs/goldstar.jpg HTTP/1.1" 200 1854 "http://www.toastpoint.com/limerick/1995/nautmay.html" "Mozilla/5.0 (X11; U; Linux i686 (x86_64); en-US; rv:1.8.1.18) Gecko/20081203 Firefox/2.0.0.18"
208.111.154.249 - - [20/Jan/2009:13:25:58 -0500] "GET /favicon.ico HTTP/1.1" 404 693 "-" "Mozilla/5.0 (X11; U; Linux i686 (x86_64); en-US; rv:1.8.1.18) Gecko/20081203 Firefox/2.0.0.18"
66.249.72.202 - - [20/Jan/2009:13:27:10 -0500] "GET /haiku/1997/haiku197.html HTTP/1.1" 200 34967 "-" "Nokia6820/2.0 (4.83) Profile/MIDP-1.0 Configuration/CLDC-1.0 (compatible; Googlebot-Mobile/2.1; +http://www.google.com/bot.html)"
66.249.72.202 - - [20/Jan/2009:13:27:10 -0500] "GET /haiku/1997/haik1097.html HTTP/1.1" 200 24055 "-" "Nokia6820/2.0 (4.83) Profile/MIDP-1.0 Configuration/CLDC-1.0 (compatible; Googlebot-Mobile/2.1; +http://www.google.com/bot.html)"
66.249.72.202 - - [20/Jan/2009:13:31:07 -0500] "GET /haiku/1998/haiku598.html HTTP/1.1" 200 28935 "-" "Nokia6820/2.0 (4.83) Profile/MIDP-1.0 Configuration/CLDC-1.0 (compatible; Googlebot-Mobile/2.1; +http://www.google.com/bot.html)"
66.249.72.202 - - [20/Jan/2009:13:31:07 -0500] "GET /limerick/1995/nautmay.html HTTP/1.1" 200 4260 "-" "Nokia6820/2.0 (4.83) Profile/MIDP-1.0 Configuration/CLDC-1.0 (compatible; Googlebot-Mobile/2.1; +http://www.google.com/bot.html)"
66.249.72.202 - - [20/Jan/2009:13:33:40 -0500] "GET /haiku/1998/haiku198.html HTTP/1.1" 200 25922 "-" "Nokia6820/2.0 (4.83) Profile/MIDP-1.0 Configuration/CLDC-1.0 (compatible; Googlebot-Mobile/2.1; +http://www.google.com/bot.html)"
72.30.161.228 - - [20/Jan/2009:13:34:01 -0500] "GET /robots.txt HTTP/1.0" 404 693 "-" "Mozilla/5.0 (compatible; Yahoo! Slurp; http://help.yahoo.com/help/us/ysearch/slurp)"
66.249.72.202 - - [20/Jan/2009:13:34:09 -0500] "GET /haiku/1997/haiku597.html HTTP/1.1" 200 30659 "-" "Nokia6820/2.0 (4.83) Profile/MIDP-1.0 Configuration/CLDC-1.0 (compatible; Googlebot-Mobile/2.1; +http://www.google.com/bot.html)"
66.249.72.202 - - [20/Jan/2009:13:34:09 -0500] "GET /limerick/1995/nicedec.html HTTP/1.1" 200 13251 "-" "Nokia6820/2.0 (4.83) Profile/MIDP-1.0 Configuration/CLDC-1.0 (compatible; Googlebot-Mobile/2.1; +http://www.google.com/bot.html)"
72.30.161.228 - - [20/Jan/2009:13:34:22 -0500] "GET /haiku/haiku.html HTTP/1.0" 200 2147 "-" "Mozilla/5.0 (compatible; Yahoo! Slurp; http://help.yahoo.com/help/us/ysearch/slurp)"
66.249.72.202 - - [20/Jan/2009:13:35:30 -0500] "GET /haiku/1997/haiku697.html HTTP/1.1" 200 26478 "-" "Nokia6820/2.0 (4.83) Profile/MIDP-1.0 Configuration/CLDC-1.0 (compatible; Googlebot-Mobile/2.1; +http://www.google.com/bot.html)"
66.249.72.202 - - [20/Jan/2009:13:35:30 -0500] "GET /haiku/1997/haik1297.html HTTP/1.1" 200 22956 "-" "Nokia6820/2.0 (4.83) Profile/MIDP-1.0 Configuration/CLDC-1.0 (compatible; Googlebot-Mobile/2.1; +http://www.google.com/bot.html)"
74.6.27.176 - - [20/Jan/2009:13:35:47 -0500] "GET /robots.txt HTTP/1.0" 404 693 "-" "Mozilla/5.0 (compatible; Yahoo! Slurp; http://help.yahoo.com/help/us/ysearch/slurp)"
74.6.76.45 - - [20/Jan/2009:13:35:47 -0500] "GET / HTTP/1.0" 200 464 "-" "Mozilla/5.0 (compatible; Yahoo! DE Slurp; http://help.yahoo.com/help/us/ysearch/slurp)"
74.6.76.45 - - [20/Jan/2009:13:35:48 -0500] "GET /toastpointtopleft.html HTTP/1.0" 200 162 "-" "Mozilla/5.0 (compatible; Yahoo! DE Slurp; http://help.yahoo.com/help/us/ysearch/slurp)"
74.6.76.45 - - [20/Jan/2009:13:35:49 -0500] "GET /toastpointtoc.html HTTP/1.0" 200 1188 "-" "Mozilla/5.0 (compatible; Yahoo! DE Slurp; http://help.yahoo.com/help/us/ysearch/slurp)"
74.6.76.45 - - [20/Jan/2009:13:35:50 -0500] "GET /news.html HTTP/1.0" 200 17706 "-" "Mozilla/5.0 (compatible; Yahoo! DE Slurp; http://help.yahoo.com/help/us/ysearch/slurp)"
74.6.76.45 - - [20/Jan/2009:13:35:51 -0500] "GET /toastpointtopright.html HTTP/1.0" 200 151 "-" "Mozilla/5.0 (compatible; Yahoo! DE Slurp; http://help.yahoo.com/help/us/ysearch/slurp)"
74.6.76.45 - - [20/Jan/2009:13:35:52 -0500] "GET /tpnews.html HTTP/1.0" 200 8305 "-" "Mozilla/5.0 (compatible; Yahoo! DE Slurp; http://help.yahoo.com/help/us/ysearch/slurp)"
66.249.72.202 - - [20/Jan/2009:13:36:11 -0500] "GET /haiku/1998/haiku398.html HTTP/1.1" 200 47804 "-" "Nokia6820/2.0 (4.83) Profile/MIDP-1.0 Configuration/CLDC-1.0 (compatible; Googlebot-Mobile/2.1; +http://www.google.com/bot.html)"
66.249.72.202 - - [20/Jan/2009:13:37:44 -0500] "GET /haiku/1997/haiku397.html HTTP/1.1" 200 42491 "-" "Nokia6820/2.0 (4.83) Profile/MIDP-1.0 Configuration/CLDC-1.0 (compatible; Googlebot-Mobile/2.1; +http://www.google.com/bot.html)"
66.249.72.202 - - [20/Jan/2009:13:37:45 -0500] "GET /haiku/1998/haiku998.html HTTP/1.1" 200 38887 "-" "Nokia6820/2.0 (4.83) Profile/MIDP-1.0 Configuration/CLDC-1.0 (compatible; Googlebot-Mobile/2.1; +http://www.google.com/bot.html)"
66.249.72.202 - - [20/Jan/2009:13:37:45 -0500] "GET /haiku/1998/haik1198.html HTTP/1.1" 200 36876 "-" "Nokia6820/2.0 (4.83) Profile/MIDP-1.0 Configuration/CLDC-1.0 (compatible; Googlebot-Mobile/2.1; +http://www.google.com/bot.html)"
66.249.72.202 - - [20/Jan/2009:13:37:45 -0500] "GET /limerick/1995/nautsept.html HTTP/1.1" 200 7977 "-" "Nokia6820/2.0 (4.83) Profile/MIDP-1.0 Configuration/CLDC-1.0 (compatible; Googlebot-Mobile/2.1; +http://www.google.com/bot.html)"
66.249.72.202 - - [20/Jan/2009:13:37:52 -0500] "GET /haiku/1997/haiku797.html HTTP/1.1" 200 23929 "-" "Nokia6820/2.0 (4.83) Profile/MIDP-1.0 Configuration/CLDC-1.0 (compatible; Googlebot-Mobile/2.1; +http://www.google.com/bot.html)"
66.249.72.202 - - [20/Jan/2009:13:39:20 -0500] "GET /haiku/1998/haik1298.html HTTP/1.1" 200 28856 "-" "Nokia6820/2.0 (4.83) Profile/MIDP-1.0 Configuration/CLDC-1.0 (compatible; Googlebot-Mobile/2.1; +http://www.google.com/bot.html)"
208.111.154.16 - - [20/Jan/2009:13:39:59 -0500] "GET /robots.txt HTTP/1.1" 404 693 "-" "Mozilla/5.0 (compatible; Charlotte/1.1; http://www.searchme.com/support/)"
66.249.72.202 - - [20/Jan/2009:13:44:32 -0500] "GET /haiku/1998/haiku498.html HTTP/1.1" 200 33616 "-" "Nokia6820/2.0 (4.83) Profile/MIDP-1.0 Configuration/CLDC-1.0 (compatible; Googlebot-Mobile/2.1; +http://www.google.com/bot.html)"
66.249.72.202 - - [20/Jan/2009:13:44:33 -0500] "GET /haiku/1998/haiku698.html HTTP/1.1" 200 26705 "-" "Nokia6820/2.0 (4.83) Profile/MIDP-1.0 Configuration/CLDC-1.0 (compatible; Googlebot-Mobile/2.1; +http://www.google.com/bot.html)"
208.111.154.15 - - [20/Jan/2009:13:45:41 -0500] "GET /robots.txt HTTP/1.1" 404 693 "-" "Mozilla/5.0 (compatible; Charlotte/1.1; http://www.searchme.com/support/)"
208.111.154.16 - - [20/Jan/2009:13:46:03 -0500] "GET /robots.txt HTTP/1.1" 404 693 "-" "Mozilla/5.0 (compatible; Charlotte/1.1; http://www.searchme.com/support/)"
66.249.72.202 - - [20/Jan/2009:13:47:11 -0500] "GET /haiku/1998/haiku798.html HTTP/1.1" 200 74969 "-" "Nokia6820/2.0 (4.83) Profile/MIDP-1.0 Configuration/CLDC-1.0 (compatible; Googlebot-Mobile/2.1; +http://www.google.com/bot.html)"
66.249.72.202 - - [20/Jan/2009:13:58:40 -0500] "GET /haiku/1998/haiku298.html HTTP/1.1" 200 35588 "-" "Nokia6820/2.0 (4.83) Profile/MIDP-1.0 Configuration/CLDC-1.0 (compatible; Googlebot-Mobile/2.1; +http://www.google.com/bot.html)"
71.50.125.88 - - [20/Jan/2009:14:01:49 -0500] "GET /rapture/rapture.html HTTP/1.1" 200 22564 "http://images.ask.com/fr?q=bear+arms+right&desturi=http%3A%2F%2Fwww.toastpoint.com%2Frapture%2Frapture.html&fm=i&ac=6&ftURI=http%3A%2F%2Fimages.ask.com%2Ffr%3Fq%3Dbear%2Barms%2Bright%26desturi%3Dhttp%253A%252F%252Fwww.toastpoint.com%252Frapture%252Frapture.html%26imagesrc%3Dhttp%253A%252F%252Fwww.toastpoint.com%252Frapture%252Ftbj-jury.gif%26thumbsrc%3Dhttp%253A%252F%252F66.235.120.64%252Fts%253Ft%253D2656937575207208691%2526pid%253D23296%2526ppid%253D5%26o%3D0%26l%3Ddir%26thumbuselocalisedstatic%3Dfalse%26fn%3Dtbj-jury.gif%26imagewidth%3D250%26imageheight%3D212%26fs%3D3%26ft%3Dgif%26f%3D2%26fm%3Di%26ftbURI%3Dhttp%253A%252F%252Fwww.ask.com%252Fpictures%253Fq%253Dbear%252Barms%252Bright%2526page%253D2%2526o%253D0%2526l%253Ddir%2526pstart%253D15&qt=0" "Mozilla/4.0 (compatible; MSIE 7.0; Windows NT 5.1; AITAccess Rules; .NET CLR 1.0.3705; .NET CLR 1.1.4322)"
71.50.125.88 - - [20/Jan/2009:14:01:50 -0500] "GET /rapture/sor-well.gif HTTP/1.1" 200 2583 "http://www.toastpoint.com/rapture/rapture.html" "Mozilla/4.0 (compatible; MSIE 7.0; Windows NT 5.1; AITAccess Rules; .NET CLR 1.0.3705; .NET CLR 1.1.4322)"
71.50.125.88 - - [20/Jan/2009:14:01:50 -0500] "GET /rapture/tbj-jury.gif HTTP/1.1" 200 3904 "http://www.toastpoint.com/rapture/rapture.html" "Mozilla/4.0 (compatible; MSIE 7.0; Windows NT 5.1; AITAccess Rules; .NET CLR 1.0.3705; .NET CLR 1.1.4322)"
71.50.125.88 - - [20/Jan/2009:14:01:50 -0500] "GET /rapture/hms-dick.gif HTTP/1.1" 200 3100 "http://www.toastpoint.com/rapture/rapture.html" "Mozilla/4.0 (compatible; MSIE 7.0; Windows NT 5.1; AITAccess Rules; .NET CLR 1.0.3705; .NET CLR 1.1.4322)"
71.50.125.88 - - [20/Jan/2009:14:01:50 -0500] "GET /rapture/pirates.gif HTTP/1.1" 200 4045 "http://www.toastpoint.com/rapture/rapture.html" "Mozilla/4.0 (compatible; MSIE 7.0; Windows NT 5.1; AITAccess Rules; .NET CLR 1.0.3705; .NET CLR 1.1.4322)"
71.50.125.88 - - [20/Jan/2009:14:01:50 -0500] "GET /rapture/bunthorne.gif HTTP/1.1" 200 3137 "http://www.toastpoint.com/rapture/rapture.html" "Mozilla/4.0 (compatible; MSIE 7.0; Windows NT 5.1; AITAccess Rules; .NET CLR 1.0.3705; .NET CLR 1.1.4322)"
71.50.125.88 - - [20/Jan/2009:14:01:50 -0500] "GET /rapture/iolanthe.gif HTTP/1.1" 200 2814 "http://www.toastpoint.com/rapture/rapture.html" "Mozilla/4.0 (compatible; MSIE 7.0; Windows NT 5.1; AITAccess Rules; .NET CLR 1.0.3705; .NET CLR 1.1.4322)"
71.50.125.88 - - [20/Jan/2009:14:01:50 -0500] "GET /rapture/ida-monk.gif HTTP/1.1" 200 3753 "http://www.toastpoint.com/rapture/rapture.html" "Mozilla/4.0 (compatible; MSIE 7.0; Windows NT 5.1; AITAccess Rules; .NET CLR 1.0.3705; .NET CLR 1.1.4322)"
71.50.125.88 - - [20/Jan/2009:14:01:50 -0500] "GET /rapture/mik-lips.gif HTTP/1.1" 200 3352 "http://www.toastpoint.com/rapture/rapture.html" "Mozilla/4.0 (compatible; MSIE 7.0; Windows NT 5.1; AITAccess Rules; .NET CLR 1.0.3705; .NET CLR 1.1.4322)"
71.50.125.88 - - [20/Jan/2009:14:01:50 -0500] "GET /rapture/rud-spec.gif HTTP/1.1" 200 2489 "http://www.toastpoint.com/rapture/rapture.html" "Mozilla/4.0 (compatible; MSIE 7.0; Windows NT 5.1; AITAccess Rules; .NET CLR 1.0.3705; .NET CLR 1.1.4322)"
71.50.125.88 - - [20/Jan/2009:14:01:50 -0500] "GET /rapture/yeo-song.gif HTTP/1.1" 200 2781 "http://www.toastpoint.com/rapture/rapture.html" "Mozilla/4.0 (compatible; MSIE 7.0; Windows NT 5.1; AITAccess Rules; .NET CLR 1.0.3705; .NET CLR 1.1.4322)"
71.50.125.88 - - [20/Jan/2009:14:01:50 -0500] "GET /rapture/gon-baby.gif HTTP/1.1" 200 2847 "http://www.toastpoint.com/rapture/rapture.html" "Mozilla/4.0 (compatible; MSIE 7.0; Windows NT 5.1; AITAccess Rules; .NET CLR 1.0.3705; .NET CLR 1.1.4322)"
71.50.125.88 - - [20/Jan/2009:14:01:50 -0500] "GET /rapture/uto-look.gif HTTP/1.1" 200 3823 "http://www.toastpoint.com/rapture/rapture.html" "Mozilla/4.0 (compatible; MSIE 7.0; Windows NT 5.1; AITAccess Rules; .NET CLR 1.0.3705; .NET CLR 1.1.4322)"
71.50.125.88 - - [20/Jan/2009:14:01:51 -0500] "GET /favicon.ico HTTP/1.1" 404 693 "-" "Mozilla/4.0 (compatible; MSIE 7.0; Windows NT 5.1; AITAccess Rules; .NET CLR 1.0.3705; .NET CLR 1.1.4322)"
66.249.72.202 - - [20/Jan/2009:14:24:29 -0500] "GET /limerick/1995/nautoct.html HTTP/1.1" 200 12561 "-" "Nokia6820/2.0 (4.83) Profile/MIDP-1.0 Configuration/CLDC-1.0 (compatible; Googlebot-Mobile/2.1; +http://www.google.com/bot.html)"
75.83.127.94 - - [20/Jan/2009:14:43:37 -0500] "GET http://www.toastpoint.com/ HTTP/1.0" 200 464 "-" "Mozilla/4.0 (compatible; MSIE 7.0b; Windows NT 6.0)"
86.160.194.10 - - [20/Jan/2009:15:13:13 -0500] "GET /limerick/1996/nice496.html HTTP/1.1" 200 15372 "http://www.google.co.uk/search?hl=en&q=40th+birthday+limerick+s&btnG=Google+Search&meta=" "Mozilla/4.0 (compatible; MSIE 7.0; Windows NT 5.1; .NET CLR 1.0.3705; .NET CLR 1.1.4322; Media Center PC 4.0; InfoPath.2)"
86.160.194.10 - - [20/Jan/2009:15:13:14 -0500] "GET /gifs/happy.jpg HTTP/1.1" 200 3135 "http://www.toastpoint.com/limerick/1996/nice496.html" "Mozilla/4.0 (compatible; MSIE 7.0; Windows NT 5.1; .NET CLR 1.0.3705; .NET CLR 1.1.4322; Media Center PC 4.0; InfoPath.2)"
86.160.194.10 - - [20/Jan/2009:15:13:14 -0500] "GET /gifs/goldstar.jpg HTTP/1.1" 200 1854 "http://www.toastpoint.com/limerick/1996/nice496.html" "Mozilla/4.0 (compatible; MSIE 7.0; Windows NT 5.1; .NET CLR 1.0.3705; .NET CLR 1.1.4322; Media Center PC 4.0; InfoPath.2)"
86.160.194.10 - - [20/Jan/2009:15:13:14 -0500] "GET /favicon.ico HTTP/1.1" 404 693 "-" "Mozilla/4.0 (compatible; MSIE 7.0; Windows NT 5.1; .NET CLR 1.0.3705; .NET CLR 1.1.4322; Media Center PC 4.0; InfoPath.2)"
208.111.154.15 - - [20/Jan/2009:15:28:17 -0500] "GET /robots.txt HTTP/1.1" 404 693 "-" "Mozilla/5.0 (compatible; Charlotte/1.1; http://www.searchme.com/support/)"
208.111.154.15 - - [20/Jan/2009:15:31:52 -0500] "GET /robots.txt HTTP/1.1" 404 693 "-" "Mozilla/5.0 (compatible; Charlotte/1.1; http://www.searchme.com/support/)"
66.249.72.202 - - [20/Jan/2009:15:59:09 -0500] "GET /haiku/1996/haiku496.html HTTP/1.1" 200 19025 "-" "Nokia6820/2.0 (4.83) Profile/MIDP-1.0 Configuration/CLDC-1.0 (compatible; Googlebot-Mobile/2.1; +http://www.google.com/bot.html)"
66.249.72.202 - - [20/Jan/2009:15:59:11 -0500] "GET /limerick/1998/nice598.html HTTP/1.1" 200 45520 "-" "Nokia6820/2.0 (4.83) Profile/MIDP-1.0 Configuration/CLDC-1.0 (compatible; Googlebot-Mobile/2.1; +http://www.google.com/bot.html)"
66.249.72.202 - - [20/Jan/2009:15:59:11 -0500] "GET /limerick/1998/nice1098.html HTTP/1.1" 200 32559 "-" "Nokia6820/2.0 (4.83) Profile/MIDP-1.0 Configuration/CLDC-1.0 (compatible; Googlebot-Mobile/2.1; +http://www.google.com/bot.html)"
66.249.72.202 - - [20/Jan/2009:15:59:13 -0500] "GET /haiku/1996/haiku296.html HTTP/1.1" 200 16138 "-" "Nokia6820/2.0 (4.83) Profile/MIDP-1.0 Configuration/CLDC-1.0 (compatible; Googlebot-Mobile/2.1; +http://www.google.com/bot.html)"
66.249.72.202 - - [20/Jan/2009:15:59:14 -0500] "GET /limerick/1998/naut598.html HTTP/1.1" 200 63665 "-" "Nokia6820/2.0 (4.83) Profile/MIDP-1.0 Configuration/CLDC-1.0 (compatible; Googlebot-Mobile/2.1; +http://www.google.com/bot.html)"
66.249.72.202 - - [20/Jan/2009:15:59:14 -0500] "GET /limerick/1998/naut1198.html HTTP/1.1" 200 22126 "-" "Nokia6820/2.0 (4.83) Profile/MIDP-1.0 Configuration/CLDC-1.0 (compatible; Googlebot-Mobile/2.1; +http://www.google.com/bot.html)"
66.249.72.202 - - [20/Jan/2009:15:59:19 -0500] "GET /haiku/1996/bestof96.html HTTP/1.1" 200 17138 "-" "Nokia6820/2.0 (4.83) Profile/MIDP-1.0 Configuration/CLDC-1.0 (compatible; Googlebot-Mobile/2.1; +http://www.google.com/bot.html)"
66.249.72.202 - - [20/Jan/2009:15:59:19 -0500] "GET /haiku/1996/haiku896.html HTTP/1.1" 200 20278 "-" "Nokia6820/2.0 (4.83) Profile/MIDP-1.0 Configuration/CLDC-1.0 (compatible; Googlebot-Mobile/2.1; +http://www.google.com/bot.html)"
66.249.72.202 - - [20/Jan/2009:15:59:21 -0500] "GET /limerick/1998/nice1298.html HTTP/1.1" 200 22822 "-" "Nokia6820/2.0 (4.83) Profile/MIDP-1.0 Configuration/CLDC-1.0 (compatible; Googlebot-Mobile/2.1; +http://www.google.com/bot.html)"
66.249.72.202 - - [20/Jan/2009:15:59:32 -0500] "GET /haiku/1996/haiku996.html HTTP/1.1" 200 14845 "-" "Nokia6820/2.0 (4.83) Profile/MIDP-1.0 Configuration/CLDC-1.0 (compatible; Googlebot-Mobile/2.1; +http://www.google.com/bot.html)"
66.249.72.202 - - [20/Jan/2009:15:59:33 -0500] "GET /limerick/1998/nice298.html HTTP/1.1" 200 24359 "-" "Nokia6820/2.0 (4.83) Profile/MIDP-1.0 Configuration/CLDC-1.0 (compatible; Googlebot-Mobile/2.1; +http://www.google.com/bot.html)"
66.249.72.202 - - [20/Jan/2009:15:59:33 -0500] "GET /limerick/1998/naut298.html HTTP/1.1" 200 48518 "-" "Nokia6820/2.0 (4.83) Profile/MIDP-1.0 Configuration/CLDC-1.0 (compatible; Googlebot-Mobile/2.1; +http://www.google.com/bot.html)"
66.249.72.202 - - [20/Jan/2009:15:59:40 -0500] "GET /haiku/1996/haik1296.html HTTP/1.1" 404 693 "-" "Nokia6820/2.0 (4.83) Profile/MIDP-1.0 Configuration/CLDC-1.0 (compatible; Googlebot-Mobile/2.1; +http://www.google.com/bot.html)"
66.249.72.202 - - [20/Jan/2009:15:59:41 -0500] "GET /limerick/1998/naut798.html HTTP/1.1" 200 47582 "-" "Nokia6820/2.0 (4.83) Profile/MIDP-1.0 Configuration/CLDC-1.0 (compatible; Googlebot-Mobile/2.1; +http://www.google.com/bot.html)"
66.249.72.202 - - [20/Jan/2009:16:00:06 -0500] "GET /haiku/1996/haiku396.html HTTP/1.1" 200 17896 "-" "Nokia6820/2.0 (4.83) Profile/MIDP-1.0 Configuration/CLDC-1.0 (compatible; Googlebot-Mobile/2.1; +http://www.google.com/bot.html)"
66.249.72.202 - - [20/Jan/2009:16:00:06 -0500] "GET /haiku/1996/haik1196.html HTTP/1.1" 200 14090 "-" "Nokia6820/2.0 (4.83) Profile/MIDP-1.0 Configuration/CLDC-1.0 (compatible; Googlebot-Mobile/2.1; +http://www.google.com/bot.html)"
66.249.72.202 - - [20/Jan/2009:16:00:06 -0500] "GET /limerick/1998/nice698.html HTTP/1.1" 200 24183 "-" "Nokia6820/2.0 (4.83) Profile/MIDP-1.0 Configuration/CLDC-1.0 (compatible; Googlebot-Mobile/2.1; +http://www.google.com/bot.html)"
66.249.72.202 - - [20/Jan/2009:16:00:06 -0500] "GET /limerick/1998/nice798.html HTTP/1.1" 200 18342 "-" "Nokia6820/2.0 (4.83) Profile/MIDP-1.0 Configuration/CLDC-1.0 (compatible; Googlebot-Mobile/2.1; +http://www.google.com/bot.html)"
66.249.72.202 - - [20/Jan/2009:16:00:49 -0500] "GET /haiku/welcome.html HTTP/1.1" 404 693 "-" "Nokia6820/2.0 (4.83) Profile/MIDP-1.0 Configuration/CLDC-1.0 (compatible; Googlebot-Mobile/2.1; +http://www.google.com/bot.html)"
66.249.72.202 - - [20/Jan/2009:16:00:50 -0500] "GET /haiku/fiction/fiction.html HTTP/1.1" 404 693 "-" "Nokia6820/2.0 (4.83) Profile/MIDP-1.0 Configuration/CLDC-1.0 (compatible; Googlebot-Mobile/2.1; +http://www.google.com/bot.html)"
66.249.72.202 - - [20/Jan/2009:16:00:50 -0500] "GET /limerick/1998/nice498.html HTTP/1.1" 200 32863 "-" "Nokia6820/2.0 (4.83) Profile/MIDP-1.0 Configuration/CLDC-1.0 (compatible; Googlebot-Mobile/2.1; +http://www.google.com/bot.html)"
66.249.72.202 - - [20/Jan/2009:16:01:03 -0500] "GET /haiku/1996/haiku796.html HTTP/1.1" 200 14361 "-" "Nokia6820/2.0 (4.83) Profile/MIDP-1.0 Configuration/CLDC-1.0 (compatible; Googlebot-Mobile/2.1; +http://www.google.com/bot.html)"
66.249.72.202 - - [20/Jan/2009:16:01:04 -0500] "GET /limerick/1998/naut498.html HTTP/1.1" 200 31946 "-" "Nokia6820/2.0 (4.83) Profile/MIDP-1.0 Configuration/CLDC-1.0 (compatible; Googlebot-Mobile/2.1; +http://www.google.com/bot.html)"
66.249.72.202 - - [20/Jan/2009:16:01:04 -0500] "GET /haiku/limerick/limerick.html HTTP/1.1" 404 693 "-" "Nokia6820/2.0 (4.83) Profile/MIDP-1.0 Configuration/CLDC-1.0 (compatible; Googlebot-Mobile/2.1; +http://www.google.com/bot.html)"
66.249.72.202 - - [20/Jan/2009:16:01:14 -0500] "GET /haiku/1996/haiku596.html HTTP/1.1" 200 9379 "-" "Nokia6820/2.0 (4.83) Profile/MIDP-1.0 Configuration/CLDC-1.0 (compatible; Googlebot-Mobile/2.1; +http://www.google.com/bot.html)"
66.249.72.202 - - [20/Jan/2009:16:01:14 -0500] "GET /limerick/1998/naut398.html HTTP/1.1" 200 58324 "-" "Nokia6820/2.0 (4.83) Profile/MIDP-1.0 Configuration/CLDC-1.0 (compatible; Googlebot-Mobile/2.1; +http://www.google.com/bot.html)"
66.249.72.202 - - [20/Jan/2009:16:01:14 -0500] "GET /limerick/1998/nice198.html HTTP/1.1" 200 25254 "-" "Nokia6820/2.0 (4.83) Profile/MIDP-1.0 Configuration/CLDC-1.0 (compatible; Googlebot-Mobile/2.1; +http://www.google.com/bot.html)"
66.249.72.202 - - [20/Jan/2009:16:01:19 -0500] "GET /haiku/1996/haik1096.html HTTP/1.1" 404 693 "-" "Nokia6820/2.0 (4.83) Profile/MIDP-1.0 Configuration/CLDC-1.0 (compatible; Googlebot-Mobile/2.1; +http://www.google.com/bot.html)"
66.249.72.202 - - [20/Jan/2009:16:01:19 -0500] "GET /limerick/1998/naut698.html HTTP/1.1" 200 41193 "-" "Nokia6820/2.0 (4.83) Profile/MIDP-1.0 Configuration/CLDC-1.0 (compatible; Googlebot-Mobile/2.1; +http://www.google.com/bot.html)"
66.249.72.202 - - [20/Jan/2009:16:01:45 -0500] "GET /haiku/1996/haiku196.html HTTP/1.1" 200 10159 "-" "Nokia6820/2.0 (4.83) Profile/MIDP-1.0 Configuration/CLDC-1.0 (compatible; Googlebot-Mobile/2.1; +http://www.google.com/bot.html)"
66.249.72.202 - - [20/Jan/2009:16:01:45 -0500] "GET /limerick/1998/nice998.html HTTP/1.1" 200 24712 "-" "Nokia6820/2.0 (4.83) Profile/MIDP-1.0 Configuration/CLDC-1.0 (compatible; Googlebot-Mobile/2.1; +http://www.google.com/bot.html)"
66.249.72.202 - - [20/Jan/2009:16:01:45 -0500] "GET /limerick/1998/naut1098.html HTTP/1.1" 200 29294 "-" "Nokia6820/2.0 (4.83) Profile/MIDP-1.0 Configuration/CLDC-1.0 (compatible; Googlebot-Mobile/2.1; +http://www.google.com/bot.html)"
66.249.72.202 - - [20/Jan/2009:16:01:55 -0500] "GET /haiku/1996/haiku696.html HTTP/1.1" 200 9779 "-" "Nokia6820/2.0 (4.83) Profile/MIDP-1.0 Configuration/CLDC-1.0 (compatible; Googlebot-Mobile/2.1; +http://www.google.com/bot.html)"
66.249.72.202 - - [20/Jan/2009:16:01:59 -0500] "GET /limerick/1998/nice398.html HTTP/1.1" 200 36584 "-" "Nokia6820/2.0 (4.83) Profile/MIDP-1.0 Configuration/CLDC-1.0 (compatible; Googlebot-Mobile/2.1; +http://www.google.com/bot.html)"
66.249.72.202 - - [20/Jan/2009:16:01:59 -0500] "GET /limerick/1998/naut1298.html HTTP/1.1" 200 31614 "-" "Nokia6820/2.0 (4.83) Profile/MIDP-1.0 Configuration/CLDC-1.0 (compatible; Googlebot-Mobile/2.1; +http://www.google.com/bot.html)"
66.249.72.202 - - [20/Jan/2009:16:02:07 -0500] "GET /limerick/1998/naut198.html HTTP/1.1" 200 38022 "-" "Nokia6820/2.0 (4.83) Profile/MIDP-1.0 Configuration/CLDC-1.0 (compatible; Googlebot-Mobile/2.1; +http://www.google.com/bot.html)"
66.249.72.202 - - [20/Jan/2009:16:02:07 -0500] "GET /limerick/1998/naut998.html HTTP/1.1" 200 35543 "-" "Nokia6820/2.0 (4.83) Profile/MIDP-1.0 Configuration/CLDC-1.0 (compatible; Googlebot-Mobile/2.1; +http://www.google.com/bot.html)"
66.249.72.202 - - [20/Jan/2009:16:02:07 -0500] "GET /limerick/1998/nice1198.html HTTP/1.1" 200 27306 "-" "Nokia6820/2.0 (4.83) Profile/MIDP-1.0 Configuration/CLDC-1.0 (compatible; Googlebot-Mobile/2.1; +http://www.google.com/bot.html)"
208.111.154.16 - - [20/Jan/2009:16:43:40 -0500] "GET /robots.txt HTTP/1.1" 404 693 "-" "Mozilla/5.0 (compatible; Charlotte/1.1; http://www.searchme.com/support/)"
208.111.154.16 - - [20/Jan/2009:16:43:59 -0500] "GET /fiction/fict97/fict1197.html HTTP/1.1" 304 - "-" "Mozilla/5.0 (compatible; Charlotte/1.1; http://www.searchme.com/support/)"
208.111.154.15 - - [20/Jan/2009:16:54:19 -0500] "GET /robots.txt HTTP/1.1" 404 693 "-" "Mozilla/5.0 (compatible; Charlotte/1.1; http://www.searchme.com/support/)"
208.111.154.15 - - [20/Jan/2009:16:54:39 -0500] "GET /limerick/1996/lim1996.html HTTP/1.1" 200 2072 "-" "Mozilla/5.0 (compatible; Charlotte/1.1; http://www.searchme.com/support/)"
208.111.154.16 - - [20/Jan/2009:17:20:26 -0500] "GET /robots.txt HTTP/1.1" 404 693 "-" "Mozilla/5.0 (compatible; Charlotte/1.1; http://www.searchme.com/support/)"
208.111.154.16 - - [20/Jan/2009:17:20:45 -0500] "GET /limerick/1995/nautsept.html HTTP/1.1" 200 7977 "-" "Mozilla/5.0 (compatible; Charlotte/1.1; http://www.searchme.com/support/)"
208.80.194.51 - - [20/Jan/2009:17:44:03 -0500] "GET / HTTP/1.0" 200 464 "-" "Mozilla/4.0 (compatible; MSIE 5.5; Windows NT 5.0; {5F726DD3-D1D0-4AA7-ADE9-CF6C0B945275})"
208.111.154.16 - - [20/Jan/2009:18:13:33 -0500] "GET /robots.txt HTTP/1.1" 404 693 "-" "Mozilla/5.0 (compatible; Charlotte/1.1; http://www.searchme.com/support/)"
75.83.127.94 - - [20/Jan/2009:18:13:36 -0500] "GET http://www.toastpoint.com/ HTTP/1.0" 200 464 "-" "Mozilla/4.0 (compatible; MSIE 7.0b; Windows NT 6.0)"
75.83.127.94 - - [20/Jan/2009:18:15:25 -0500] "GET http://www.toastpoint.com/ HTTP/1.0" 200 464 "-" "Mozilla/4.0 (compatible; MSIE 7.0b; Windows NT 6.0)"
75.83.127.94 - - [20/Jan/2009:18:16:42 -0500] "GET http://www.toastpoint.com/ HTTP/1.0" 200 464 "-" "Mozilla/4.0 (compatible; MSIE 7.0b; Windows NT 6.0)"
75.83.127.94 - - [20/Jan/2009:18:19:06 -0500] "GET http://www.toastpoint.com/ HTTP/1.0" 200 464 "-" "Mozilla/4.0 (compatible; MSIE 7.0b; Windows NT 6.0)"
67.195.37.120 - - [20/Jan/2009:18:20:40 -0500] "GET /robots.txt HTTP/1.0" 404 693 "-" "Mozilla/5.0 (compatible; Yahoo! Slurp; http://help.yahoo.com/help/us/ysearch/slurp)"
67.195.37.120 - - [20/Jan/2009:18:20:40 -0500] "GET /haiku/haiku.html HTTP/1.0" 200 2147 "-" "Mozilla/5.0 (compatible; Yahoo! DE Slurp; http://help.yahoo.com/help/us/ysearch/slurp)"
70.70.141.143 - - [20/Jan/2009:19:01:59 -0500] "GET /favicon.ico HTTP/1.1" 404 693 "-" "Mozilla/4.0 (compatible; MSIE 7.0; Windows NT 5.1; InfoPath.2)"
70.70.141.143 - - [20/Jan/2009:19:01:59 -0500] "GET /limerick/1996/nice496.html HTTP/1.1" 200 15372 "-" "Mozilla/4.0 (compatible; MSIE 7.0; Windows NT 5.1; InfoPath.2)"
70.70.141.143 - - [20/Jan/2009:19:02:00 -0500] "GET /gifs/happy.jpg HTTP/1.1" 200 3135 "http://www.toastpoint.com/limerick/1996/nice496.html" "Mozilla/4.0 (compatible; MSIE 7.0; Windows NT 5.1; InfoPath.2)"
70.70.141.143 - - [20/Jan/2009:19:02:03 -0500] "GET /gifs/goldstar.jpg HTTP/1.1" 200 1854 "http://www.toastpoint.com/limerick/1996/nice496.html" "Mozilla/4.0 (compatible; MSIE 7.0; Windows NT 5.1; InfoPath.2)"
208.80.194.120 - - [20/Jan/2009:20:35:28 -0500] "GET / HTTP/1.0" 200 464 "-" "Mozilla/4.0 (compatible; MSIE 6.0; Windows NT 5.1; SV1; .NET CLR 2.0.50727; .NET CLR 1.0.3705; InfoPath.1; .NET CLR 3.0.04506.30; .NET CLR 1.1.4322)"
173.65.48.176 - - [20/Jan/2009:20:38:48 -0500] "GET http://www.toastpoint.com/ HTTP/1.0" 200 464 "-" "Mozilla/4.0 (compatible; MSIE 7.0b; Windows NT 6.0)"
208.111.154.15 - - [20/Jan/2009:21:17:04 -0500] "GET /robots.txt HTTP/1.1" 404 693 "-" "Mozilla/5.0 (compatible; Charlotte/1.1; http://www.searchme.com/support/)"
208.111.154.15 - - [20/Jan/2009:21:17:22 -0500] "GET /fiction/fict98/fict1198.html HTTP/1.1" 304 - "-" "Mozilla/5.0 (compatible; Charlotte/1.1; http://www.searchme.com/support/)"
80.101.154.39 - - [20/Jan/2009:21:39:29 -0500] "GET /gifs/leopold.jpg HTTP/1.1" 200 38609 "-" "-"
80.101.154.39 - - [20/Jan/2009:21:45:12 -0500] "GET /gifs/birdumb2.gif HTTP/1.1" 200 4698 "-" "-"
208.111.154.16 - - [20/Jan/2009:21:51:22 -0500] "GET /robots.txt HTTP/1.1" 404 693 "-" "Mozilla/5.0 (compatible; Charlotte/1.1; http://www.searchme.com/support/)"
72.30.161.228 - - [20/Jan/2009:22:00:32 -0500] "GET /robots.txt HTTP/1.0" 404 693 "-" "Mozilla/5.0 (compatible; Yahoo! Slurp; http://help.yahoo.com/help/us/ysearch/slurp)"
208.111.154.15 - - [20/Jan/2009:22:22:07 -0500] "GET /robots.txt HTTP/1.1" 404 693 "-" "Mozilla/5.0 (compatible; Charlotte/1.1; http://www.searchme.com/support/)"
67.173.28.130 - - [20/Jan/2009:22:41:25 -0500] "GET /gifs/goldstar.jpg HTTP/1.1" 200 1854 "http://www.toastpoint.com/limerick/naut199.html" "Mozilla/5.0 (Windows; U; Windows NT 5.1; en-US; rv:1.9.0.5) Gecko/2008120122 Firefox/3.0.5"
67.173.28.130 - - [20/Jan/2009:22:41:25 -0500] "GET /gifs/boobies.gif HTTP/1.1" 200 11144 "http://www.toastpoint.com/limerick/naut199.html" "Mozilla/5.0 (Windows; U; Windows NT 5.1; en-US; rv:1.9.0.5) Gecko/2008120122 Firefox/3.0.5"
67.173.28.130 - - [20/Jan/2009:22:41:25 -0500] "GET /gifs/nakedman.gif HTTP/1.1" 200 7734 "http://www.toastpoint.com/limerick/naut199.html" "Mozilla/5.0 (Windows; U; Windows NT 5.1; en-US; rv:1.9.0.5) Gecko/2008120122 Firefox/3.0.5"
67.173.28.130 - - [20/Jan/2009:22:41:25 -0500] "GET /limerick/naut199.html HTTP/1.1" 200 34481 "-" "Mozilla/5.0 (Windows; U; Windows NT 5.1; en-US; rv:1.9.0.5) Gecko/2008120122 Firefox/3.0.5"
67.173.28.130 - - [20/Jan/2009:22:41:26 -0500] "GET /favicon.ico HTTP/1.1" 404 693 "-" "Mozilla/5.0 (Windows; U; Windows NT 5.1; en-US; rv:1.9.0.5) Gecko/2008120122 Firefox/3.0.5"
67.173.28.130 - - [20/Jan/2009:22:41:28 -0500] "GET /favicon.ico HTTP/1.1" 404 693 "-" "Mozilla/5.0 (Windows; U; Windows NT 5.1; en-US; rv:1.9.0.5) Gecko/2008120122 Firefox/3.0.5"
67.173.28.130 - - [20/Jan/2009:22:41:28 -0500] "GET /favicon.ico HTTP/1.1" 404 693 "-" "Mozilla/5.0 (Windows; U; Windows NT 5.1; en-US; rv:1.9.0.5) Gecko/2008120122 Firefox/3.0.5"
208.111.154.16 - - [20/Jan/2009:23:13:26 -0500] "GET /robots.txt HTTP/1.1" 404 693 "-" "Mozilla/5.0 (compatible; Charlotte/1.1; http://www.searchme.com/support/)"
208.111.154.16 - - [20/Jan/2009:23:22:11 -0500] "GET /robots.txt HTTP/1.1" 404 693 "-" "Mozilla/5.0 (compatible; Charlotte/1.1; http://www.searchme.com/support/)"
4.227.160.33 - - [20/Jan/2009:23:32:19 -0500] "GET /limerick/brady/brady98.html HTTP/1.1" 200 8297 "http://www.toastpoint.com/limerick/brady/brady98.html" "Mozilla/5.0 (Macintosh; U; PPC Mac OS X 10_4_11; en) AppleWebKit/525.27.1 (KHTML, like Gecko) Version/3.2.1 Safari/525.27.1"
4.227.160.33 - - [20/Jan/2009:23:32:21 -0500] "GET /gifs/goldstar.jpg HTTP/1.1" 200 1854 "http://www.toastpoint.com/limerick/brady/brady98.html" "Mozilla/5.0 (Macintosh; U; PPC Mac OS X 10_4_11; en) AppleWebKit/525.27.1 (KHTML, like Gecko) Version/3.2.1 Safari/525.27.1"
4.227.160.33 - - [20/Jan/2009:23:32:20 -0500] "GET /limerick/brady/thebunch.gif HTTP/1.1" 200 41886 "http://www.toastpoint.com/limerick/brady/brady98.html" "Mozilla/5.0 (Macintosh; U; PPC Mac OS X 10_4_11; en) AppleWebKit/525.27.1 (KHTML, like Gecko) Version/3.2.1 Safari/525.27.1"
