83.233.30.38 - - [19/Dec/2008:00:06:02 -0500] "GET / HTTP/1.1" 200 464 "-" "Mozilla/4.0 (compatible; MSIE 6.0; Windows NT 5.1; SV1)"
72.14.199.90 - - [19/Dec/2008:00:12:58 -0500] "GET /fiction/novels/peak2.html HTTP/1.1" 200 15955 "-" "DoCoMo/2.0 N905i(c100;TB;W24H16) (compatible; Googlebot-Mobile/2.1; +http://www.google.com/bot.html)"
72.14.199.90 - - [19/Dec/2008:00:13:16 -0500] "GET /limerick/1997/nice1297.html HTTP/1.1" 200 24100 "-" "DoCoMo/2.0 N905i(c100;TB;W24H16) (compatible; Googlebot-Mobile/2.1; +http://www.google.com/bot.html)"
72.14.199.90 - - [19/Dec/2008:00:13:21 -0500] "GET /haiku/1997/haiku597.html HTTP/1.1" 200 30659 "-" "DoCoMo/2.0 N905i(c100;TB;W24H16) (compatible; Googlebot-Mobile/2.1; +http://www.google.com/bot.html)"
72.14.199.90 - - [19/Dec/2008:00:13:35 -0500] "GET /fiction/fict98/fict498.html HTTP/1.1" 200 24373 "-" "DoCoMo/2.0 N905i(c100;TB;W24H16) (compatible; Googlebot-Mobile/2.1; +http://www.google.com/bot.html)"
72.14.199.90 - - [19/Dec/2008:00:14:46 -0500] "GET /fiction/novels/xmascurl.html HTTP/1.1" 200 33957 "-" "DoCoMo/2.0 N905i(c100;TB;W24H16) (compatible; Googlebot-Mobile/2.1; +http://www.google.com/bot.html)"
67.195.37.111 - - [19/Dec/2008:00:43:05 -0500] "GET /robots.txt HTTP/1.0" 404 693 "-" "Mozilla/5.0 (compatible; Yahoo! Slurp; http://help.yahoo.com/help/us/ysearch/slurp)"
67.195.37.111 - - [19/Dec/2008:00:43:05 -0500] "GET /haiku/haiku.html HTTP/1.0" 200 2147 "-" "Mozilla/5.0 (compatible; Yahoo! DE Slurp; http://help.yahoo.com/help/us/ysearch/slurp)"
208.111.154.16 - - [19/Dec/2008:00:57:02 -0500] "GET /robots.txt HTTP/1.0" 404 693 "-" "Mozilla/5.0 (compatible; Charlotte/1.1; http://www.searchme.com/support/)"
199.125.75.44 - - [19/Dec/2008:01:01:16 -0500] "GET /rapture/hogwartsiolanthe.txt HTTP/1.0" 200 17300 "-" "AurGNet08"
208.80.194.39 - - [19/Dec/2008:01:06:19 -0500] "GET / HTTP/1.0" 200 464 "-" "Mozilla/4.0 (compatible; MSIE 7.0; Windows NT 5.1; YPC 3.2.0; .NET CLR 1.0.3705; InfoPath.1; .NET CLR 1.1.4322; .NET CLR 2.0.50727)"
208.80.194.56 - - [19/Dec/2008:01:23:07 -0500] "GET / HTTP/1.0" 200 464 "-" "Mozilla/4.0 (compatible; MSIE 7.0; Windows NT 5.1; {3A7F9F5F-6604-9414-4B4C-40D9C6D88741})"
208.111.154.15 - - [19/Dec/2008:01:23:08 -0500] "GET /robots.txt HTTP/1.0" 404 693 "-" "Mozilla/5.0 (compatible; Charlotte/1.1; http://www.searchme.com/support/)"
216.183.81.221 - - [19/Dec/2008:01:34:16 -0500] "GET / HTTP/1.0" 200 464 "-" "unknown/1.0 (CP/M; 8-bit)"
216.183.81.221 - - [19/Dec/2008:01:34:16 -0500] "GET /robots.txt HTTP/1.0" 404 693 "-" "unknown/1.0 (CP/M; 8-bit)"
216.183.81.221 - - [19/Dec/2008:01:34:16 -0500] "GET /toastpointtopleft.html HTTP/1.0" 200 162 "-" "unknown/1.0 (CP/M; 8-bit)"
216.183.81.221 - - [19/Dec/2008:01:34:16 -0500] "GET /toastpointtoc.html HTTP/1.0" 200 1188 "-" "unknown/1.0 (CP/M; 8-bit)"
216.183.81.221 - - [19/Dec/2008:01:34:16 -0500] "GET /news.html HTTP/1.0" 200 17706 "-" "unknown/1.0 (CP/M; 8-bit)"
216.183.81.221 - - [19/Dec/2008:01:34:17 -0500] "GET /toastpointtopright.html HTTP/1.0" 200 151 "-" "unknown/1.0 (CP/M; 8-bit)"
216.183.81.221 - - [19/Dec/2008:01:34:17 -0500] "GET /tpnews.html HTTP/1.0" 200 8305 "-" "unknown/1.0 (CP/M; 8-bit)"
74.6.23.230 - - [19/Dec/2008:01:52:09 -0500] "GET /robots.txt HTTP/1.0" 404 693 "-" "Mozilla/5.0 (compatible; Yahoo! Slurp; http://help.yahoo.com/help/us/ysearch/slurp)"
74.6.30.101 - - [19/Dec/2008:01:52:09 -0500] "GET / HTTP/1.0" 200 464 "-" "Mozilla/5.0 (compatible; Yahoo! DE Slurp; http://help.yahoo.com/help/us/ysearch/slurp)"
74.6.30.101 - - [19/Dec/2008:01:52:09 -0500] "GET /toastpointtopleft.html HTTP/1.0" 200 162 "-" "Mozilla/5.0 (compatible; Yahoo! DE Slurp; http://help.yahoo.com/help/us/ysearch/slurp)"
74.6.30.101 - - [19/Dec/2008:01:52:10 -0500] "GET /toastpointtoc.html HTTP/1.0" 200 1188 "-" "Mozilla/5.0 (compatible; Yahoo! DE Slurp; http://help.yahoo.com/help/us/ysearch/slurp)"
74.6.30.101 - - [19/Dec/2008:01:52:10 -0500] "GET /news.html HTTP/1.0" 200 17706 "-" "Mozilla/5.0 (compatible; Yahoo! DE Slurp; http://help.yahoo.com/help/us/ysearch/slurp)"
74.6.30.101 - - [19/Dec/2008:01:52:10 -0500] "GET /toastpointtopright.html HTTP/1.0" 200 151 "-" "Mozilla/5.0 (compatible; Yahoo! DE Slurp; http://help.yahoo.com/help/us/ysearch/slurp)"
74.6.30.101 - - [19/Dec/2008:01:52:11 -0500] "GET /tpnews.html HTTP/1.0" 200 8305 "-" "Mozilla/5.0 (compatible; Yahoo! DE Slurp; http://help.yahoo.com/help/us/ysearch/slurp)"
119.63.194.130 - - [19/Dec/2008:02:09:02 -0500] "GET / HTTP/1.1" 304 - "-" "Baiduspider+(+http://help.baidu.jp/system/05.html)"
208.111.154.16 - - [19/Dec/2008:02:28:17 -0500] "GET /robots.txt HTTP/1.0" 404 693 "-" "Mozilla/5.0 (compatible; Charlotte/1.1; http://www.searchme.com/support/)"
208.36.144.8 - - [19/Dec/2008:02:39:11 -0500] "GET /travel/scotland2001.html HTTP/1.0" 200 1042 "-" "Mozilla/5.0 (Twiceler-0.9 http://www.cuil.com/twiceler/robot.html)"
208.80.194.37 - - [19/Dec/2008:02:39:53 -0500] "GET / HTTP/1.0" 200 464 "-" "Mozilla/4.0 (compatible; MSIE 7.0; Windows NT 5.1; FunWebProducts; .NET CLR 1.1.4322; .NET CLR 2.0.50727; SpamBlockerUtility 4.8.0; SeekmoToolbar 4.8.4)"
66.249.65.232 - - [19/Dec/2008:02:49:38 -0500] "GET /limerick/1998/nice698.html HTTP/1.1" 200 24183 "-" "Mozilla/5.0 (compatible; Googlebot/2.1; +http://www.google.com/bot.html)"
64.1.215.164 - - [19/Dec/2008:03:13:39 -0500] "GET /travel/italy2005.html HTTP/1.0" 200 5006 "-" "Mozilla/5.0 (Twiceler-0.9 http://www.cuil.com/twiceler/robot.html)"
72.14.199.109 - - [19/Dec/2008:03:14:31 -0500] "GET /fiction/fict599.html HTTP/1.1" 200 7512 "-" "DoCoMo/2.0 N905i(c100;TB;W24H16) (compatible; Googlebot-Mobile/2.1; +http://www.google.com/bot.html)"
72.14.199.109 - - [19/Dec/2008:03:14:39 -0500] "GET /haiku/haiku599.html HTTP/1.1" 200 33918 "-" "DoCoMo/2.0 N905i(c100;TB;W24H16) (compatible; Googlebot-Mobile/2.1; +http://www.google.com/bot.html)"
72.14.199.109 - - [19/Dec/2008:03:14:42 -0500] "GET /haiku/haiku499.html HTTP/1.1" 200 54815 "-" "DoCoMo/2.0 N905i(c100;TB;W24H16) (compatible; Googlebot-Mobile/2.1; +http://www.google.com/bot.html)"
72.14.199.109 - - [19/Dec/2008:03:14:42 -0500] "GET /haiku/haiku199.html HTTP/1.1" 200 34287 "-" "DoCoMo/2.0 N905i(c100;TB;W24H16) (compatible; Googlebot-Mobile/2.1; +http://www.google.com/bot.html)"
72.14.199.109 - - [19/Dec/2008:03:14:45 -0500] "GET /haiku/haiku399.html HTTP/1.1" 200 75208 "-" "DoCoMo/2.0 N905i(c100;TB;W24H16) (compatible; Googlebot-Mobile/2.1; +http://www.google.com/bot.html)"
72.14.199.109 - - [19/Dec/2008:03:14:47 -0500] "GET /haiku/haiku299.html HTTP/1.1" 200 68017 "-" "DoCoMo/2.0 N905i(c100;TB;W24H16) (compatible; Googlebot-Mobile/2.1; +http://www.google.com/bot.html)"
72.14.199.109 - - [19/Dec/2008:03:14:56 -0500] "GET /fiction/fict199.html HTTP/1.1" 200 21503 "-" "DoCoMo/2.0 N905i(c100;TB;W24H16) (compatible; Googlebot-Mobile/2.1; +http://www.google.com/bot.html)"
72.14.199.109 - - [19/Dec/2008:03:14:57 -0500] "GET /fiction/fict499.html HTTP/1.1" 200 12868 "-" "DoCoMo/2.0 N905i(c100;TB;W24H16) (compatible; Googlebot-Mobile/2.1; +http://www.google.com/bot.html)"
72.14.199.109 - - [19/Dec/2008:03:14:57 -0500] "GET /limerick/naut299.html HTTP/1.1" 200 23095 "-" "DoCoMo/2.0 N905i(c100;TB;W24H16) (compatible; Googlebot-Mobile/2.1; +http://www.google.com/bot.html)"
72.14.199.109 - - [19/Dec/2008:03:14:58 -0500] "GET /fiction/fict399.html HTTP/1.1" 200 27729 "-" "DoCoMo/2.0 N905i(c100;TB;W24H16) (compatible; Googlebot-Mobile/2.1; +http://www.google.com/bot.html)"
72.14.199.109 - - [19/Dec/2008:03:15:00 -0500] "GET /limerick/naut499.html HTTP/1.1" 200 38163 "-" "DoCoMo/2.0 N905i(c100;TB;W24H16) (compatible; Googlebot-Mobile/2.1; +http://www.google.com/bot.html)"
72.14.199.109 - - [19/Dec/2008:03:15:01 -0500] "GET /limerick/nice599.html HTTP/1.1" 200 26033 "-" "DoCoMo/2.0 N905i(c100;TB;W24H16) (compatible; Googlebot-Mobile/2.1; +http://www.google.com/bot.html)"
72.14.199.109 - - [19/Dec/2008:03:15:04 -0500] "GET /limerick/nice499.html HTTP/1.1" 200 24193 "-" "DoCoMo/2.0 N905i(c100;TB;W24H16) (compatible; Googlebot-Mobile/2.1; +http://www.google.com/bot.html)"
72.14.199.109 - - [19/Dec/2008:03:15:11 -0500] "GET /limerick/nice399.html HTTP/1.1" 200 31092 "-" "DoCoMo/2.0 N905i(c100;TB;W24H16) (compatible; Googlebot-Mobile/2.1; +http://www.google.com/bot.html)"
72.14.199.109 - - [19/Dec/2008:03:15:12 -0500] "GET /limerick/nice299.html HTTP/1.1" 200 28130 "-" "DoCoMo/2.0 N905i(c100;TB;W24H16) (compatible; Googlebot-Mobile/2.1; +http://www.google.com/bot.html)"
72.14.199.109 - - [19/Dec/2008:03:15:18 -0500] "GET /limerick/naut199.html HTTP/1.1" 200 34481 "-" "DoCoMo/2.0 N905i(c100;TB;W24H16) (compatible; Googlebot-Mobile/2.1; +http://www.google.com/bot.html)"
72.14.199.109 - - [19/Dec/2008:03:15:18 -0500] "GET /limerick/naut599.html HTTP/1.1" 200 21235 "-" "DoCoMo/2.0 N905i(c100;TB;W24H16) (compatible; Googlebot-Mobile/2.1; +http://www.google.com/bot.html)"
72.14.199.109 - - [19/Dec/2008:03:15:19 -0500] "GET /limerick/nice199.html HTTP/1.1" 200 25313 "-" "DoCoMo/2.0 N905i(c100;TB;W24H16) (compatible; Googlebot-Mobile/2.1; +http://www.google.com/bot.html)"
72.14.199.109 - - [19/Dec/2008:03:15:27 -0500] "GET /limerick/naut399.html HTTP/1.1" 200 38217 "-" "DoCoMo/2.0 N905i(c100;TB;W24H16) (compatible; Googlebot-Mobile/2.1; +http://www.google.com/bot.html)"
72.14.199.109 - - [19/Dec/2008:03:20:47 -0500] "GET /fiction/novels/peak.html HTTP/1.1" 200 2410 "-" "DoCoMo/2.0 N905i(c100;TB;W24H16) (compatible; Googlebot-Mobile/2.1; +http://www.google.com/bot.html)"
72.14.199.109 - - [19/Dec/2008:03:20:52 -0500] "GET /haiku/haik1995/1995.html HTTP/1.1" 404 693 "-" "DoCoMo/2.0 N905i(c100;TB;W24H16) (compatible; Googlebot-Mobile/2.1; +http://www.google.com/bot.html)"
72.14.199.109 - - [19/Dec/2008:03:20:52 -0500] "GET /haiku/1996/haik1996.html HTTP/1.1" 200 1887 "-" "DoCoMo/2.0 N905i(c100;TB;W24H16) (compatible; Googlebot-Mobile/2.1; +http://www.google.com/bot.html)"
72.14.199.109 - - [19/Dec/2008:03:20:53 -0500] "GET /limerick/1995/1995.html HTTP/1.1" 200 1428 "-" "DoCoMo/2.0 N905i(c100;TB;W24H16) (compatible; Googlebot-Mobile/2.1; +http://www.google.com/bot.html)"
72.14.199.109 - - [19/Dec/2008:03:20:54 -0500] "GET /haiku/1998/haik1998.html HTTP/1.1" 200 2178 "-" "DoCoMo/2.0 N905i(c100;TB;W24H16) (compatible; Googlebot-Mobile/2.1; +http://www.google.com/bot.html)"
72.14.199.109 - - [19/Dec/2008:03:20:54 -0500] "GET /fiction/novels/peak4.html HTTP/1.1" 200 13115 "-" "DoCoMo/2.0 N905i(c100;TB;W24H16) (compatible; Googlebot-Mobile/2.1; +http://www.google.com/bot.html)"
72.14.199.109 - - [19/Dec/2008:03:20:55 -0500] "GET /fiction/novels/peak3.html HTTP/1.1" 200 6906 "-" "DoCoMo/2.0 N905i(c100;TB;W24H16) (compatible; Googlebot-Mobile/2.1; +http://www.google.com/bot.html)"
72.14.199.109 - - [19/Dec/2008:03:21:06 -0500] "GET /haiku/1997/haik1997.html HTTP/1.1" 200 2138 "-" "DoCoMo/2.0 N905i(c100;TB;W24H16) (compatible; Googlebot-Mobile/2.1; +http://www.google.com/bot.html)"
72.14.199.109 - - [19/Dec/2008:03:21:06 -0500] "GET /limerick/1997/lim1997.html HTTP/1.1" 200 1925 "-" "DoCoMo/2.0 N905i(c100;TB;W24H16) (compatible; Googlebot-Mobile/2.1; +http://www.google.com/bot.html)"
72.14.199.109 - - [19/Dec/2008:03:21:18 -0500] "GET /limerick/brady/brady99.html HTTP/1.1" 200 7546 "-" "DoCoMo/2.0 N905i(c100;TB;W24H16) (compatible; Googlebot-Mobile/2.1; +http://www.google.com/bot.html)"
72.14.199.109 - - [19/Dec/2008:03:27:21 -0500] "GET /limerick/brady/brady1.html HTTP/1.1" 200 4493 "-" "DoCoMo/2.0 N905i(c100;TB;W24H16) (compatible; Googlebot-Mobile/2.1; +http://www.google.com/bot.html)"
72.14.199.109 - - [19/Dec/2008:03:27:57 -0500] "GET /limerick/brady/brady97.html HTTP/1.1" 200 10474 "-" "DoCoMo/2.0 N905i(c100;TB;W24H16) (compatible; Googlebot-Mobile/2.1; +http://www.google.com/bot.html)"
72.14.199.109 - - [19/Dec/2008:03:28:00 -0500] "GET /fiction/novels/peak2.html HTTP/1.1" 200 15955 "-" "DoCoMo/2.0 N905i(c100;TB;W24H16) (compatible; Googlebot-Mobile/2.1; +http://www.google.com/bot.html)"
72.14.199.109 - - [19/Dec/2008:03:28:18 -0500] "GET /limerick/1998/lim1998.html HTTP/1.1" 200 2041 "-" "DoCoMo/2.0 N905i(c100;TB;W24H16) (compatible; Googlebot-Mobile/2.1; +http://www.google.com/bot.html)"
72.14.199.109 - - [19/Dec/2008:03:29:30 -0500] "GET /fiction/novels/parkey.html HTTP/1.1" 200 25723 "-" "DoCoMo/2.0 N905i(c100;TB;W24H16) (compatible; Googlebot-Mobile/2.1; +http://www.google.com/bot.html)"
72.14.199.109 - - [19/Dec/2008:03:29:39 -0500] "GET /limerick/brady/brady96.html HTTP/1.1" 200 6418 "-" "DoCoMo/2.0 N905i(c100;TB;W24H16) (compatible; Googlebot-Mobile/2.1; +http://www.google.com/bot.html)"
72.14.199.109 - - [19/Dec/2008:03:29:42 -0500] "GET /limerick/1996/lim1996.html HTTP/1.1" 200 2072 "-" "DoCoMo/2.0 N905i(c100;TB;W24H16) (compatible; Googlebot-Mobile/2.1; +http://www.google.com/bot.html)"
72.14.199.109 - - [19/Dec/2008:03:29:43 -0500] "GET /fiction/novels/rosalind.html HTTP/1.1" 200 30989 "-" "DoCoMo/2.0 N905i(c100;TB;W24H16) (compatible; Googlebot-Mobile/2.1; +http://www.google.com/bot.html)"
208.111.154.16 - - [19/Dec/2008:03:29:44 -0500] "GET /robots.txt HTTP/1.0" 404 693 "-" "Mozilla/5.0 (compatible; Charlotte/1.1; http://www.searchme.com/support/)"
72.14.199.109 - - [19/Dec/2008:03:30:13 -0500] "GET /limerick/brady/brady98.html HTTP/1.1" 200 8297 "-" "DoCoMo/2.0 N905i(c100;TB;W24H16) (compatible; Googlebot-Mobile/2.1; +http://www.google.com/bot.html)"
72.14.199.109 - - [19/Dec/2008:03:30:42 -0500] "GET /fiction/novels/xmascurl.html HTTP/1.1" 200 33957 "-" "DoCoMo/2.0 N905i(c100;TB;W24H16) (compatible; Googlebot-Mobile/2.1; +http://www.google.com/bot.html)"
208.115.111.245 - - [19/Dec/2008:03:37:30 -0500] "GET /robots.txt HTTP/1.1" 404 693 "-" "Mozilla/5.0 (compatible; DotBot/1.1; http://www.dotnetdotcom.org/, crawler@dotnetdotcom.org)"
66.249.65.232 - - [19/Dec/2008:03:54:17 -0500] "GET /limerick/brady/brady98.html HTTP/1.1" 200 8297 "-" "Nokia6820/2.0 (4.83) Profile/MIDP-1.0 Configuration/CLDC-1.0 (compatible; Googlebot-Mobile/2.1; +http://www.google.com/bot.html)"
216.183.81.221 - - [19/Dec/2008:04:18:09 -0500] "GET / HTTP/1.1" 304 - "-" "Wget/1.10.2"
208.111.154.16 - - [19/Dec/2008:04:18:17 -0500] "GET /robots.txt HTTP/1.0" 404 693 "-" "Mozilla/5.0 (compatible; Charlotte/1.1; http://www.searchme.com/support/)"
72.14.199.109 - - [19/Dec/2008:04:24:29 -0500] "GET /fiction/fict299.html HTTP/1.1" 200 38635 "-" "DoCoMo/2.0 N905i(c100;TB;W24H16) (compatible; Googlebot-Mobile/2.1; +http://www.google.com/bot.html)"
210.212.2.197 - - [19/Dec/2008:04:26:03 -0500] "GET /limerick/limerick.html HTTP/1.1" 200 2613 "http://www.google.co.in/search?hl=en&rlz=1C1CHMG_en-USIN291IN304&q=toastpoint+limericks&btnG=Search&meta=" "Mozilla/5.0 (Windows; U; Windows NT 5.1; en-US) AppleWebKit/525.19 (KHTML, like Gecko) Chrome/1.0.154.36 Safari/525.19"
210.212.2.197 - - [19/Dec/2008:04:26:06 -0500] "GET /gifs/woman.gif HTTP/1.1" 200 9657 "http://www.toastpoint.com/limerick/limerick.html" "Mozilla/5.0 (Windows; U; Windows NT 5.1; en-US) AppleWebKit/525.19 (KHTML, like Gecko) Chrome/1.0.154.36 Safari/525.19"
210.212.2.197 - - [19/Dec/2008:04:26:07 -0500] "GET /gifs/birdumb2.gif HTTP/1.1" 200 4698 "http://www.toastpoint.com/limerick/limerick.html" "Mozilla/5.0 (Windows; U; Windows NT 5.1; en-US) AppleWebKit/525.19 (KHTML, like Gecko) Chrome/1.0.154.36 Safari/525.19"
210.212.2.197 - - [19/Dec/2008:04:26:15 -0500] "GET /favicon.ico HTTP/1.1" 404 693 "-" "Mozilla/5.0 (Windows; U; Windows NT 5.1; en-US) AppleWebKit/525.19 (KHTML, like Gecko) Chrome/1.0.154.36 Safari/525.19"
210.212.2.197 - - [19/Dec/2008:04:26:18 -0500] "GET /limerick/1997/lim1997.html HTTP/1.1" 200 1925 "http://www.toastpoint.com/limerick/limerick.html" "Mozilla/5.0 (Windows; U; Windows NT 5.1; en-US) AppleWebKit/525.19 (KHTML, like Gecko) Chrome/1.0.154.36 Safari/525.19"
210.212.2.197 - - [19/Dec/2008:04:26:23 -0500] "GET /gifs/happy.jpg HTTP/1.1" 200 3135 "http://www.toastpoint.com/limerick/1997/lim1997.html" "Mozilla/5.0 (Windows; U; Windows NT 5.1; en-US) AppleWebKit/525.19 (KHTML, like Gecko) Chrome/1.0.154.36 Safari/525.19"
210.212.2.197 - - [19/Dec/2008:04:26:25 -0500] "GET /gifs/mouthf1.jpg HTTP/1.1" 200 3650 "http://www.toastpoint.com/limerick/1997/lim1997.html" "Mozilla/5.0 (Windows; U; Windows NT 5.1; en-US) AppleWebKit/525.19 (KHTML, like Gecko) Chrome/1.0.154.36 Safari/525.19"
210.212.2.197 - - [19/Dec/2008:04:26:43 -0500] "GET /gifs/banana.jpg HTTP/1.1" 200 4139 "http://www.toastpoint.com/limerick/1997/naut497.html" "Mozilla/5.0 (Windows; U; Windows NT 5.1; en-US) AppleWebKit/525.19 (KHTML, like Gecko) Chrome/1.0.154.36 Safari/525.19"
210.212.2.197 - - [19/Dec/2008:04:26:43 -0500] "GET /gifs/goldstar.jpg HTTP/1.1" 200 1854 "http://www.toastpoint.com/limerick/1997/naut497.html" "Mozilla/5.0 (Windows; U; Windows NT 5.1; en-US) AppleWebKit/525.19 (KHTML, like Gecko) Chrome/1.0.154.36 Safari/525.19"
210.212.2.197 - - [19/Dec/2008:04:26:35 -0500] "GET /limerick/1997/naut497.html HTTP/1.1" 200 43346 "http://www.toastpoint.com/limerick/1997/lim1997.html" "Mozilla/5.0 (Windows; U; Windows NT 5.1; en-US) AppleWebKit/525.19 (KHTML, like Gecko) Chrome/1.0.154.36 Safari/525.19"
210.212.2.197 - - [19/Dec/2008:04:27:28 -0500] "GET /limerick/1997/naut397.html HTTP/1.1" 200 21435 "http://www.toastpoint.com/limerick/1997/lim1997.html" "Mozilla/5.0 (Windows; U; Windows NT 5.1; en-US) AppleWebKit/525.19 (KHTML, like Gecko) Chrome/1.0.154.36 Safari/525.19"
72.14.199.109 - - [19/Dec/2008:04:28:04 -0500] "GET /fiction/fict9596/fict9596.html HTTP/1.1" 200 1446 "-" "DoCoMo/2.0 N905i(c100;TB;W24H16) (compatible; Googlebot-Mobile/2.1; +http://www.google.com/bot.html)"
210.212.2.197 - - [19/Dec/2008:04:28:50 -0500] "GET /limerick/1997/naut297.html HTTP/1.1" 200 31034 "http://www.toastpoint.com/limerick/1997/lim1997.html" "Mozilla/5.0 (Windows; U; Windows NT 5.1; en-US) AppleWebKit/525.19 (KHTML, like Gecko) Chrome/1.0.154.36 Safari/525.19"
210.212.2.197 - - [19/Dec/2008:04:41:12 -0500] "GET /gifs/woman.gif HTTP/1.1" 200 9657 "http://www.toastpoint.com/limerick/limerick.html" "Mozilla/5.0 (Windows; U; Windows NT 5.1; en-US) AppleWebKit/525.19 (KHTML, like Gecko) Chrome/1.0.154.36 Safari/525.19"
210.212.2.197 - - [19/Dec/2008:04:41:12 -0500] "GET /gifs/birdumb2.gif HTTP/1.1" 200 4698 "http://www.toastpoint.com/limerick/limerick.html" "Mozilla/5.0 (Windows; U; Windows NT 5.1; en-US) AppleWebKit/525.19 (KHTML, like Gecko) Chrome/1.0.154.36 Safari/525.19"
74.6.22.119 - - [19/Dec/2008:04:45:45 -0500] "GET /robots.txt HTTP/1.0" 404 693 "-" "Mozilla/5.0 (compatible; Yahoo! Slurp; http://help.yahoo.com/help/us/ysearch/slurp)"
208.111.154.15 - - [19/Dec/2008:04:48:39 -0500] "GET /robots.txt HTTP/1.0" 404 693 "-" "Mozilla/5.0 (compatible; Charlotte/1.1; http://www.searchme.com/support/)"
81.168.93.5 - - [19/Dec/2008:05:06:13 -0500] "GET /haiku/1996/haiku596.html HTTP/1.1" 200 9379 "http://www.google.co.uk/search?hl=en&q=%22haiku+recipe%22&start=20&sa=N" "Mozilla/5.0 (Windows; U; Windows NT 6.0; en-GB; rv:1.9.0.4) Gecko/2008102920 Firefox/3.0.4"
81.168.93.5 - - [19/Dec/2008:05:06:13 -0500] "GET /gifs/goldstar.jpg HTTP/1.1" 200 1854 "http://www.toastpoint.com/haiku/1996/haiku596.html" "Mozilla/5.0 (Windows; U; Windows NT 6.0; en-GB; rv:1.9.0.4) Gecko/2008102920 Firefox/3.0.4"
81.168.93.5 - - [19/Dec/2008:05:06:13 -0500] "GET /favicon.ico HTTP/1.1" 404 693 "-" "Mozilla/5.0 (Windows; U; Windows NT 6.0; en-GB; rv:1.9.0.4) Gecko/2008102920 Firefox/3.0.4"
81.168.93.5 - - [19/Dec/2008:05:06:16 -0500] "GET /favicon.ico HTTP/1.1" 404 693 "-" "Mozilla/5.0 (Windows; U; Windows NT 6.0; en-GB; rv:1.9.0.4) Gecko/2008102920 Firefox/3.0.4"
81.52.143.26 - - [19/Dec/2008:05:07:19 -0500] "GET /limerick/docs/formhint.html HTTP/1.1" 200 2522 "-" "Mozilla/5.0 (Windows; U; Windows NT 5.1; fr; rv:1.8.1) VoilaBot BETA 1.2 (support.voilabot@orange-ftgroup.com)"
81.168.93.5 - - [19/Dec/2008:05:07:30 -0500] "GET /gifs/japan.gif HTTP/1.1" 200 5737 "http://www.toastpoint.com/haiku/1996/haiku496.html" "Mozilla/5.0 (Windows; U; Windows NT 6.0; en-GB; rv:1.9.0.4) Gecko/2008102920 Firefox/3.0.4"
81.168.93.5 - - [19/Dec/2008:05:07:30 -0500] "GET /haiku/1996/haiku496.html HTTP/1.1" 200 19025 "http://www.google.co.uk/search?q=%22lowntlee+mackintosh%22&hl=en&filter=0" "Mozilla/5.0 (Windows; U; Windows NT 6.0; en-GB; rv:1.9.0.4) Gecko/2008102920 Firefox/3.0.4"
81.168.93.5 - - [19/Dec/2008:05:08:32 -0500] "GET / HTTP/1.1" 200 464 "-" "Mozilla/5.0 (Windows; U; Windows NT 6.0; en-GB; rv:1.9.0.4) Gecko/2008102920 Firefox/3.0.4"
81.168.93.5 - - [19/Dec/2008:05:08:32 -0500] "GET /toastpointtopleft.html HTTP/1.1" 200 162 "http://www.toastpoint.com/" "Mozilla/5.0 (Windows; U; Windows NT 6.0; en-GB; rv:1.9.0.4) Gecko/2008102920 Firefox/3.0.4"
81.168.93.5 - - [19/Dec/2008:05:08:32 -0500] "GET /toastpointtoc.html HTTP/1.1" 200 1188 "http://www.toastpoint.com/" "Mozilla/5.0 (Windows; U; Windows NT 6.0; en-GB; rv:1.9.0.4) Gecko/2008102920 Firefox/3.0.4"
81.168.93.5 - - [19/Dec/2008:05:08:32 -0500] "GET /news.html HTTP/1.1" 200 17706 "http://www.toastpoint.com/" "Mozilla/5.0 (Windows; U; Windows NT 6.0; en-GB; rv:1.9.0.4) Gecko/2008102920 Firefox/3.0.4"
81.168.93.5 - - [19/Dec/2008:05:08:32 -0500] "GET /toastpointtopright.html HTTP/1.1" 200 151 "http://www.toastpoint.com/" "Mozilla/5.0 (Windows; U; Windows NT 6.0; en-GB; rv:1.9.0.4) Gecko/2008102920 Firefox/3.0.4"
81.168.93.5 - - [19/Dec/2008:05:08:32 -0500] "GET /tpnews.html HTTP/1.1" 200 8305 "http://www.toastpoint.com/" "Mozilla/5.0 (Windows; U; Windows NT 6.0; en-GB; rv:1.9.0.4) Gecko/2008102920 Firefox/3.0.4"
81.168.93.5 - - [19/Dec/2008:05:08:32 -0500] "GET /gifs/tpwinter20089.jpg HTTP/1.1" 200 28088 "http://www.toastpoint.com/news.html" "Mozilla/5.0 (Windows; U; Windows NT 6.0; en-GB; rv:1.9.0.4) Gecko/2008102920 Firefox/3.0.4"
81.168.93.5 - - [19/Dec/2008:05:09:00 -0500] "GET /contests.html HTTP/1.1" 200 1230 "http://www.toastpoint.com/toastpointtoc.html" "Mozilla/5.0 (Windows; U; Windows NT 6.0; en-GB; rv:1.9.0.4) Gecko/2008102920 Firefox/3.0.4"
81.168.93.5 - - [19/Dec/2008:05:09:03 -0500] "GET /haiku/haiku.html HTTP/1.1" 200 2147 "http://www.toastpoint.com/contests.html" "Mozilla/5.0 (Windows; U; Windows NT 6.0; en-GB; rv:1.9.0.4) Gecko/2008102920 Firefox/3.0.4"
81.52.143.26 - - [19/Dec/2008:05:16:55 -0500] "GET /limerick/nautfrm.html HTTP/1.1" 200 548 "-" "Mozilla/5.0 (Windows; U; Windows NT 5.1; fr; rv:1.8.1) VoilaBot BETA 1.2 (support.voilabot@orange-ftgroup.com)"
85.126.82.70 - - [19/Dec/2008:05:18:16 -0500] "GET http://www.toastpoint.com/ HTTP/1.0" 200 464 "-" "Mozilla/4.0 (compatible; MSIE 7.0b; Windows NT 6.0)"
85.126.82.70 - - [19/Dec/2008:05:18:43 -0500] "GET http://www.toastpoint.com/ HTTP/1.0" 200 464 "-" "Mozilla/4.0 (compatible; MSIE 7.0b; Windows NT 6.0)"
66.249.65.232 - - [19/Dec/2008:05:27:03 -0500] "GET /limerick/1995/nautmay.html HTTP/1.1" 200 4260 "-" "Nokia6820/2.0 (4.83) Profile/MIDP-1.0 Configuration/CLDC-1.0 (compatible; Googlebot-Mobile/2.1; +http://www.google.com/bot.html)"
66.249.65.232 - - [19/Dec/2008:05:27:13 -0500] "GET /fiction/fict97/fict997.html HTTP/1.1" 200 4230 "-" "Nokia6820/2.0 (4.83) Profile/MIDP-1.0 Configuration/CLDC-1.0 (compatible; Googlebot-Mobile/2.1; +http://www.google.com/bot.html)"
192.102.214.6 - - [19/Dec/2008:05:55:08 -0500] "GET /limerick/1996/naut596.html HTTP/1.0" 200 28755 "http://www.google.co.uk/search?hl=en&q=percy+pissquick&meta=" "Mozilla/4.0 (compatible; MSIE 6.0; Windows NT 5.1; SV1; QinetiQ IE6 V02; .NET CLR 1.1.4322; InfoPath.1; .NET CLR 2.0.50727; MS-RTC LM 8)"
192.102.214.6 - - [19/Dec/2008:05:55:09 -0500] "GET /gifs/mouthf1.jpg HTTP/1.0" 200 3650 "http://www.toastpoint.com/limerick/1996/naut596.html" "Mozilla/4.0 (compatible; MSIE 6.0; Windows NT 5.1; SV1; QinetiQ IE6 V02; .NET CLR 1.1.4322; InfoPath.1; .NET CLR 2.0.50727; MS-RTC LM 8)"
192.102.214.6 - - [19/Dec/2008:05:55:09 -0500] "GET /gifs/banana.jpg HTTP/1.0" 200 4139 "http://www.toastpoint.com/limerick/1996/naut596.html" "Mozilla/4.0 (compatible; MSIE 6.0; Windows NT 5.1; SV1; QinetiQ IE6 V02; .NET CLR 1.1.4322; InfoPath.1; .NET CLR 2.0.50727; MS-RTC LM 8)"
192.102.214.6 - - [19/Dec/2008:05:55:12 -0500] "GET /gifs/goldstar.jpg HTTP/1.0" 200 1854 "http://www.toastpoint.com/limerick/1996/naut596.html" "Mozilla/4.0 (compatible; MSIE 6.0; Windows NT 5.1; SV1; QinetiQ IE6 V02; .NET CLR 1.1.4322; InfoPath.1; .NET CLR 2.0.50727; MS-RTC LM 8)"
208.111.154.16 - - [19/Dec/2008:06:00:18 -0500] "GET /robots.txt HTTP/1.0" 404 693 "-" "Mozilla/5.0 (compatible; Charlotte/1.1; http://www.searchme.com/support/)"
63.241.3.51 - - [19/Dec/2008:06:38:38 -0500] "GET /limerick/limerick.html HTTP/1.1" 200 2613 "-" "-"
193.252.149.15 - - [19/Dec/2008:06:45:50 -0500] "GET /robots.txt HTTP/1.1" 404 693 "-" "Mozilla/5.0 (Windows; U; Windows NT 5.1; fr; rv:1.8.1) VoilaBot BETA 1.2 (support.voilabot@orange-ftgroup.com)"
193.252.149.15 - - [19/Dec/2008:06:45:54 -0500] "GET /haiku/haiku299.html HTTP/1.1" 200 68017 "-" "Mozilla/5.0 (Windows; U; Windows NT 5.1; fr; rv:1.8.1) VoilaBot BETA 1.2 (support.voilabot@orange-ftgroup.com)"
208.115.111.245 - - [19/Dec/2008:06:55:35 -0500] "GET /limerick/1998/naut698.html HTTP/1.1" 200 41193 "-" "Mozilla/5.0 (compatible; DotBot/1.1; http://www.dotnetdotcom.org/, crawler@dotnetdotcom.org)"
208.115.111.245 - - [19/Dec/2008:06:55:38 -0500] "GET /limerick/1998/naut798.html HTTP/1.1" 200 47582 "-" "Mozilla/5.0 (compatible; DotBot/1.1; http://www.dotnetdotcom.org/, crawler@dotnetdotcom.org)"
208.115.111.245 - - [19/Dec/2008:06:55:39 -0500] "GET /limerick/1998/naut998.html HTTP/1.1" 200 35543 "-" "Mozilla/5.0 (compatible; DotBot/1.1; http://www.dotnetdotcom.org/, crawler@dotnetdotcom.org)"
208.115.111.245 - - [19/Dec/2008:06:55:40 -0500] "GET /limerick/1998/nice1098.html HTTP/1.1" 200 32559 "-" "Mozilla/5.0 (compatible; DotBot/1.1; http://www.dotnetdotcom.org/, crawler@dotnetdotcom.org)"
208.115.111.245 - - [19/Dec/2008:06:55:41 -0500] "GET /limerick/1998/nice1198.html HTTP/1.1" 200 27306 "-" "Mozilla/5.0 (compatible; DotBot/1.1; http://www.dotnetdotcom.org/, crawler@dotnetdotcom.org)"
208.115.111.245 - - [19/Dec/2008:06:55:42 -0500] "GET /limerick/1998/nice1298.html HTTP/1.1" 200 22822 "-" "Mozilla/5.0 (compatible; DotBot/1.1; http://www.dotnetdotcom.org/, crawler@dotnetdotcom.org)"
208.115.111.245 - - [19/Dec/2008:06:55:43 -0500] "GET /limerick/1998/nice198.html HTTP/1.1" 200 25254 "-" "Mozilla/5.0 (compatible; DotBot/1.1; http://www.dotnetdotcom.org/, crawler@dotnetdotcom.org)"
208.115.111.245 - - [19/Dec/2008:06:55:44 -0500] "GET /limerick/1998/nice298.html HTTP/1.1" 200 24359 "-" "Mozilla/5.0 (compatible; DotBot/1.1; http://www.dotnetdotcom.org/, crawler@dotnetdotcom.org)"
208.115.111.245 - - [19/Dec/2008:06:55:45 -0500] "GET /limerick/1998/nice398.html HTTP/1.1" 200 36584 "-" "Mozilla/5.0 (compatible; DotBot/1.1; http://www.dotnetdotcom.org/, crawler@dotnetdotcom.org)"
208.115.111.245 - - [19/Dec/2008:06:55:46 -0500] "GET /limerick/1998/nice498.html HTTP/1.1" 200 32863 "-" "Mozilla/5.0 (compatible; DotBot/1.1; http://www.dotnetdotcom.org/, crawler@dotnetdotcom.org)"
124.115.1.8 - - [19/Dec/2008:07:05:27 -0500] "GET / HTTP/1.1" 200 464 "http://www.toastpoint.com/" "Mozilla/4.0 (compatible; MSIE 6.0; Windows NT 5.1)"
124.115.10.193 - - [19/Dec/2008:07:05:28 -0500] "GET / HTTP/1.1" 200 464 "http://www.toastpoint.com/" "Mozilla/4.0 (compatible; MSIE 6.0; Windows NT 5.1)"
124.115.1.8 - - [19/Dec/2008:07:05:42 -0500] "GET /toastpointtopleft.html HTTP/1.1" 200 162 "http://www.toastpoint.com/toastpointtopleft.html" "Mozilla/4.0 (compatible; MSIE 6.0; Windows NT 5.1)"
124.115.1.8 - - [19/Dec/2008:07:05:43 -0500] "GET /toastpointtoc.html HTTP/1.1" 200 1188 "http://www.toastpoint.com/toastpointtoc.html" "Mozilla/4.0 (compatible; MSIE 6.0; Windows NT 5.1)"
124.115.1.8 - - [19/Dec/2008:07:05:43 -0500] "GET /news.html HTTP/1.1" 200 17706 "http://www.toastpoint.com/news.html" "Mozilla/4.0 (compatible; MSIE 6.0; Windows NT 5.1)"
124.115.10.193 - - [19/Dec/2008:07:05:44 -0500] "GET /toastpointtopleft.html HTTP/1.1" 200 162 "http://www.toastpoint.com/toastpointtopleft.html" "Mozilla/4.0 (compatible; MSIE 6.0; Windows NT 5.1)"
124.115.1.8 - - [19/Dec/2008:07:05:45 -0500] "GET /toastpointtopright.html HTTP/1.1" 200 151 "http://www.toastpoint.com/toastpointtopright.html" "Mozilla/4.0 (compatible; MSIE 6.0; Windows NT 5.1)"
124.115.1.8 - - [19/Dec/2008:07:05:46 -0500] "GET /tpnews.html HTTP/1.1" 200 8305 "http://www.toastpoint.com/tpnews.html" "Mozilla/4.0 (compatible; MSIE 6.0; Windows NT 5.1)"
124.115.10.193 - - [19/Dec/2008:07:05:49 -0500] "GET /toastpointtoc.html HTTP/1.1" 200 1188 "http://www.toastpoint.com/toastpointtoc.html" "Mozilla/4.0 (compatible; MSIE 6.0; Windows NT 5.1)"
124.115.10.193 - - [19/Dec/2008:07:05:52 -0500] "GET /news.html HTTP/1.1" 200 17706 "http://www.toastpoint.com/news.html" "Mozilla/4.0 (compatible; MSIE 6.0; Windows NT 5.1)"
124.115.10.193 - - [19/Dec/2008:07:05:55 -0500] "GET /toastpointtopright.html HTTP/1.1" 200 151 "http://www.toastpoint.com/toastpointtopright.html" "Mozilla/4.0 (compatible; MSIE 6.0; Windows NT 5.1)"
124.115.10.193 - - [19/Dec/2008:07:05:59 -0500] "GET /tpnews.html HTTP/1.1" 200 8305 "http://www.toastpoint.com/tpnews.html" "Mozilla/4.0 (compatible; MSIE 6.0; Windows NT 5.1)"
193.47.80.45 - - [19/Dec/2008:07:07:58 -0500] "GET /limerick/1995/nautaug.html HTTP/1.1" 200 7940 "-" "Mozilla/5.0 (compatible; Exabot/3.0; +http://www.exabot.com/go/robot)"
66.235.124.8 - - [19/Dec/2008:07:09:13 -0500] "GET /robots.txt HTTP/1.1" 404 693 "-" "Mozilla/5.0 (compatible; Ask Jeeves/Teoma; +http://about.ask.com/en/docs/about/webmasters.shtml)"
66.235.124.8 - - [19/Dec/2008:07:09:18 -0500] "GET /fiction/fict98/fict198.html HTTP/1.1" 200 62967 "-" "Mozilla/5.0 (compatible; Ask Jeeves/Teoma; +http://about.ask.com/en/docs/about/webmasters.shtml)"
216.183.81.221 - - [19/Dec/2008:07:34:11 -0500] "GET / HTTP/1.1" 304 - "-" "Wget/1.10.2"
65.55.209.246 - - [19/Dec/2008:07:45:43 -0500] "GET /robots.txt HTTP/1.1" 404 693 "-" "msnbot/1.1 (+http://search.msn.com/msnbot.htm)"
65.55.209.246 - - [19/Dec/2008:07:45:43 -0500] "GET /limerick/1996/naut896.html HTTP/1.1" 200 14574 "-" "msnbot/1.1 (+http://search.msn.com/msnbot.htm)"
92.132.160.207 - - [19/Dec/2008:07:48:00 -0500] "GET /gifs/japan.gif HTTP/1.1" 200 5737 "http://www.toastpoint.com/haiku/haiku499.html" "Mozilla/4.0 (compatible; MSIE 7.0; Windows NT 5.1; {E8979A63-14C0-BE7E-2B97-B6061F10C06A}; .NET CLR 1.0.3705; .NET CLR 1.1.4322)"
92.132.160.207 - - [19/Dec/2008:07:48:00 -0500] "GET /gifs/goldstar.jpg HTTP/1.1" 200 1854 "http://www.toastpoint.com/haiku/haiku499.html" "Mozilla/4.0 (compatible; MSIE 7.0; Windows NT 5.1; {E8979A63-14C0-BE7E-2B97-B6061F10C06A}; .NET CLR 1.0.3705; .NET CLR 1.1.4322)"
92.132.160.207 - - [19/Dec/2008:07:47:59 -0500] "GET /haiku/haiku499.html HTTP/1.1" 200 54815 "http://search.yahoo.com/search?p=felisa+rivero&vc=&fr=yfp-t-501&toggle=1&cop=mss&ei=UTF-8&fp_ip=FR" "Mozilla/4.0 (compatible; MSIE 7.0; Windows NT 5.1; {E8979A63-14C0-BE7E-2B97-B6061F10C06A}; .NET CLR 1.0.3705; .NET CLR 1.1.4322)"
92.132.160.207 - - [19/Dec/2008:07:48:01 -0500] "GET /favicon.ico HTTP/1.1" 404 693 "-" "Mozilla/4.0 (compatible; MSIE 7.0; Windows NT 5.1; {E8979A63-14C0-BE7E-2B97-B6061F10C06A}; .NET CLR 1.0.3705; .NET CLR 1.1.4322)"
81.52.143.15 - - [19/Dec/2008:07:50:27 -0500] "GET /robots.txt HTTP/1.1" 404 693 "-" "Mozilla/5.0 (Windows; U; Windows NT 5.1; fr; rv:1.8.1) VoilaBot BETA 1.2 (support.voilabot@orange-ftgroup.com)"
81.52.143.15 - - [19/Dec/2008:07:50:43 -0500] "GET /limerick/1998/nice598.html HTTP/1.1" 200 45520 "-" "Mozilla/5.0 (Windows; U; Windows NT 5.1; fr; rv:1.8.1) VoilaBot BETA 1.2 (support.voilabot@orange-ftgroup.com)"
193.252.149.15 - - [19/Dec/2008:07:59:57 -0500] "GET /haiku/haiku199.html HTTP/1.1" 200 34287 "-" "Mozilla/5.0 (Windows; U; Windows NT 5.1; fr; rv:1.8.1) VoilaBot BETA 1.2 (support.voilabot@orange-ftgroup.com)"
208.111.154.15 - - [19/Dec/2008:08:01:01 -0500] "GET /robots.txt HTTP/1.0" 404 693 "-" "Mozilla/5.0 (compatible; Charlotte/1.1; http://www.searchme.com/support/)"
208.115.138.254 - - [19/Dec/2008:08:04:41 -0500] "GET /rapture/rapture.html HTTP/1.1" 200 22564 "-" "Mozilla/4.0"
204.193.6.90 - - [19/Dec/2008:08:04:41 -0500] "GET /rapture/rapture.html HTTP/1.1" 200 22564 "http://images.ask.com/fr?q=Jury+trial&desturi=http%3A%2F%2Fwww.toastpoint.com%2Frapture%2Frapture.html&fm=i&ac=3&ftURI=http%3A%2F%2Fimages.ask.com%2Ffr%3Fq%3DJury%2Btrial%26desturi%3Dhttp%253A%252F%252Fwww.toastpoint.com%252Frapture%252Frapture.html%26imagesrc%3Dhttp%253A%252F%252Fwww.toastpoint.com%252Frapture%252Ftbj-jury.gif%26thumbsrc%3Dhttp%253A%252F%252F66.235.120.64%252Fts%253Ft%253D2656937575207208691%2526pid%253D23296%2526ppid%253D4%26o%3D0%26l%3Ddir%26thumbuselocalisedstatic%3Dfalse%26fn%3Dtbj-jury.gif%26imagewidth%3D250%26imageheight%3D212%26fs%3D3%26ft%3Dgif%26f%3D2%26fm%3Di%26ftbURI%3Dhttp%253A%252F%252Fwww.ask.com%252Fpictures%253Fq%253DJury%252Btrial%2526page%253D1%2526o%253D0%2526l%253Ddir%2526pstart%253D0&qt=0" "Mozilla/4.0 (compatible; MSIE 6.0; Windows NT 5.1; SV1; .NET CLR 1.1.4322)"
204.193.6.90 - - [19/Dec/2008:08:04:50 -0500] "GET /rapture/bunthorne.gif HTTP/1.1" 200 3137 "http://www.toastpoint.com/rapture/rapture.html" "Mozilla/4.0 (compatible; MSIE 6.0; Windows NT 5.1; SV1; .NET CLR 1.1.4322)"
204.193.6.90 - - [19/Dec/2008:08:04:50 -0500] "GET /rapture/pirates.gif HTTP/1.1" 200 4045 "http://www.toastpoint.com/rapture/rapture.html" "Mozilla/4.0 (compatible; MSIE 6.0; Windows NT 5.1; SV1; .NET CLR 1.1.4322)"
204.193.6.90 - - [19/Dec/2008:08:04:50 -0500] "GET /rapture/hms-dick.gif HTTP/1.1" 200 3100 "http://www.toastpoint.com/rapture/rapture.html" "Mozilla/4.0 (compatible; MSIE 6.0; Windows NT 5.1; SV1; .NET CLR 1.1.4322)"
204.193.6.90 - - [19/Dec/2008:08:04:50 -0500] "GET /rapture/ida-monk.gif HTTP/1.1" 200 3753 "http://www.toastpoint.com/rapture/rapture.html" "Mozilla/4.0 (compatible; MSIE 6.0; Windows NT 5.1; SV1; .NET CLR 1.1.4322)"
204.193.6.90 - - [19/Dec/2008:08:04:50 -0500] "GET /rapture/mik-lips.gif HTTP/1.1" 200 3352 "http://www.toastpoint.com/rapture/rapture.html" "Mozilla/4.0 (compatible; MSIE 6.0; Windows NT 5.1; SV1; .NET CLR 1.1.4322)"
204.193.6.90 - - [19/Dec/2008:08:04:50 -0500] "GET /rapture/yeo-song.gif HTTP/1.1" 200 2781 "http://www.toastpoint.com/rapture/rapture.html" "Mozilla/4.0 (compatible; MSIE 6.0; Windows NT 5.1; SV1; .NET CLR 1.1.4322)"
204.193.6.90 - - [19/Dec/2008:08:04:50 -0500] "GET /rapture/iolanthe.gif HTTP/1.1" 200 2814 "http://www.toastpoint.com/rapture/rapture.html" "Mozilla/4.0 (compatible; MSIE 6.0; Windows NT 5.1; SV1; .NET CLR 1.1.4322)"
204.193.6.90 - - [19/Dec/2008:08:04:50 -0500] "GET /rapture/uto-look.gif HTTP/1.1" 200 3823 "http://www.toastpoint.com/rapture/rapture.html" "Mozilla/4.0 (compatible; MSIE 6.0; Windows NT 5.1; SV1; .NET CLR 1.1.4322)"
204.193.6.90 - - [19/Dec/2008:08:04:50 -0500] "GET /rapture/gon-baby.gif HTTP/1.1" 200 2847 "http://www.toastpoint.com/rapture/rapture.html" "Mozilla/4.0 (compatible; MSIE 6.0; Windows NT 5.1; SV1; .NET CLR 1.1.4322)"
204.193.6.90 - - [19/Dec/2008:08:04:51 -0500] "GET /rapture/rud-spec.gif HTTP/1.1" 200 2489 "http://www.toastpoint.com/rapture/rapture.html" "Mozilla/4.0 (compatible; MSIE 6.0; Windows NT 5.1; SV1; .NET CLR 1.1.4322)"
204.193.6.90 - - [19/Dec/2008:08:04:51 -0500] "GET /rapture/sor-well.gif HTTP/1.1" 200 2583 "http://www.toastpoint.com/rapture/rapture.html" "Mozilla/4.0 (compatible; MSIE 6.0; Windows NT 5.1; SV1; .NET CLR 1.1.4322)"
204.193.6.90 - - [19/Dec/2008:08:04:51 -0500] "GET /rapture/tbj-jury.gif HTTP/1.1" 200 3904 "http://www.toastpoint.com/rapture/rapture.html" "Mozilla/4.0 (compatible; MSIE 6.0; Windows NT 5.1; SV1; .NET CLR 1.1.4322)"
74.6.18.38 - - [19/Dec/2008:08:12:52 -0500] "GET /robots.txt HTTP/1.0" 404 693 "-" "Mozilla/5.0 (compatible; Yahoo! Slurp; http://help.yahoo.com/help/us/ysearch/slurp)"
74.6.76.45 - - [19/Dec/2008:08:12:52 -0500] "GET /haiku/haiku.html HTTP/1.0" 200 2147 "-" "Mozilla/5.0 (compatible; Yahoo! DE Slurp; http://help.yahoo.com/help/us/ysearch/slurp)"
208.111.154.15 - - [19/Dec/2008:08:17:49 -0500] "GET /robots.txt HTTP/1.0" 404 693 "-" "Mozilla/5.0 (compatible; Charlotte/1.1; http://www.searchme.com/support/)"
208.111.154.15 - - [19/Dec/2008:08:18:09 -0500] "GET /fiction/fict97/fict1097.html HTTP/1.1" 200 10353 "-" "Mozilla/5.0 (compatible; Charlotte/1.1; http://www.searchme.com/support/)"
208.111.154.15 - - [19/Dec/2008:08:21:48 -0500] "GET /robots.txt HTTP/1.0" 404 693 "-" "Mozilla/5.0 (compatible; Charlotte/1.1; http://www.searchme.com/support/)"
208.111.154.16 - - [19/Dec/2008:08:50:16 -0500] "GET /robots.txt HTTP/1.0" 404 693 "-" "Mozilla/5.0 (compatible; Charlotte/1.1; http://www.searchme.com/support/)"
74.6.26.185 - - [19/Dec/2008:09:15:25 -0500] "GET /robots.txt HTTP/1.0" 404 693 "-" "Mozilla/5.0 (compatible; Yahoo! Slurp; http://help.yahoo.com/help/us/ysearch/slurp)"
74.6.76.45 - - [19/Dec/2008:09:15:26 -0500] "GET / HTTP/1.0" 200 464 "-" "Mozilla/5.0 (compatible; Yahoo! DE Slurp; http://help.yahoo.com/help/us/ysearch/slurp)"
74.6.76.45 - - [19/Dec/2008:09:15:27 -0500] "GET /toastpointtopleft.html HTTP/1.0" 200 162 "-" "Mozilla/5.0 (compatible; Yahoo! DE Slurp; http://help.yahoo.com/help/us/ysearch/slurp)"
74.6.76.45 - - [19/Dec/2008:09:15:28 -0500] "GET /toastpointtoc.html HTTP/1.0" 200 1188 "-" "Mozilla/5.0 (compatible; Yahoo! DE Slurp; http://help.yahoo.com/help/us/ysearch/slurp)"
74.6.76.45 - - [19/Dec/2008:09:15:29 -0500] "GET /news.html HTTP/1.0" 200 17706 "-" "Mozilla/5.0 (compatible; Yahoo! DE Slurp; http://help.yahoo.com/help/us/ysearch/slurp)"
74.6.76.45 - - [19/Dec/2008:09:15:30 -0500] "GET /toastpointtopright.html HTTP/1.0" 200 151 "-" "Mozilla/5.0 (compatible; Yahoo! DE Slurp; http://help.yahoo.com/help/us/ysearch/slurp)"
74.6.76.45 - - [19/Dec/2008:09:15:32 -0500] "GET /tpnews.html HTTP/1.0" 200 8305 "-" "Mozilla/5.0 (compatible; Yahoo! DE Slurp; http://help.yahoo.com/help/us/ysearch/slurp)"
208.111.154.16 - - [19/Dec/2008:09:22:21 -0500] "GET /robots.txt HTTP/1.0" 404 693 "-" "Mozilla/5.0 (compatible; Charlotte/1.1; http://www.searchme.com/support/)"
65.55.209.84 - - [19/Dec/2008:09:22:22 -0500] "GET /robots.txt HTTP/1.1" 404 693 "-" "msnbot/1.1 (+http://search.msn.com/msnbot.htm)"
65.55.209.84 - - [19/Dec/2008:09:22:22 -0500] "GET /tpnews.html HTTP/1.1" 200 8305 "-" "msnbot/1.1 (+http://search.msn.com/msnbot.htm)"
79.103.156.252 - - [19/Dec/2008:10:09:20 -0500] "GET /favicon.ico HTTP/1.1" 404 693 "http://www.toastpoint.com/limerick/1998/naut398.html" "Opera/9.60 (Windows NT 5.1; U; el) Presto/2.1.1"
79.103.156.252 - - [19/Dec/2008:10:09:21 -0500] "GET /limerick/1998/naut398.html HTTP/1.1" 200 58324 "http://www.toastpoint.com/limerick/1998/naut398.html" "Opera/9.60 (Windows NT 5.1; U; el) Presto/2.1.1"
79.103.156.252 - - [19/Dec/2008:10:09:24 -0500] "GET /gifs/nakedman.gif HTTP/1.1" 200 7734 "http://www.toastpoint.com/limerick/1998/naut398.html" "Opera/9.60 (Windows NT 5.1; U; el) Presto/2.1.1"
79.103.156.252 - - [19/Dec/2008:10:09:24 -0500] "GET /gifs/goldstar.jpg HTTP/1.1" 200 1854 "http://www.toastpoint.com/limerick/1998/naut398.html" "Opera/9.60 (Windows NT 5.1; U; el) Presto/2.1.1"
79.103.156.252 - - [19/Dec/2008:10:09:24 -0500] "GET /gifs/woman.gif HTTP/1.1" 200 9657 "http://www.toastpoint.com/limerick/1998/naut398.html" "Opera/9.60 (Windows NT 5.1; U; el) Presto/2.1.1"
79.103.156.252 - - [19/Dec/2008:10:09:26 -0500] "GET /favicon.ico HTTP/1.1" 404 693 "http://www.toastpoint.com/limerick/1998/naut398.html" "Opera/9.60 (Windows NT 5.1; U; el) Presto/2.1.1"
92.3.105.243 - - [19/Dec/2008:10:16:10 -0500] "GET /favicon.ico HTTP/1.1" 404 693 "-" "Mozilla/5.0 (Windows; U; Windows NT 5.1; en-US; rv:1.9.0.5) Gecko/2008120122 Firefox/3.0.5 Creative ZENcast v1.02.12"
92.3.105.243 - - [19/Dec/2008:10:16:37 -0500] "GET /limerick/1996/naut996.html HTTP/1.1" 200 13852 "-" "Mozilla/5.0 (Windows; U; Windows NT 5.1; en-US; rv:1.9.0.5) Gecko/2008120122 Firefox/3.0.5 Creative ZENcast v1.02.12"
92.3.105.243 - - [19/Dec/2008:10:16:38 -0500] "GET /favicon.ico HTTP/1.1" 404 693 "-" "Mozilla/5.0 (Windows; U; Windows NT 5.1; en-US; rv:1.9.0.5) Gecko/2008120122 Firefox/3.0.5 Creative ZENcast v1.02.12"
208.111.154.16 - - [19/Dec/2008:10:18:53 -0500] "GET /robots.txt HTTP/1.0" 404 693 "-" "Mozilla/5.0 (compatible; Charlotte/1.1; http://www.searchme.com/support/)"
208.111.154.16 - - [19/Dec/2008:10:28:24 -0500] "GET /robots.txt HTTP/1.0" 404 693 "-" "Mozilla/5.0 (compatible; Charlotte/1.1; http://www.searchme.com/support/)"
208.111.154.16 - - [19/Dec/2008:10:52:19 -0500] "GET /robots.txt HTTP/1.0" 404 693 "-" "Mozilla/5.0 (compatible; Charlotte/1.1; http://www.searchme.com/support/)"
208.111.154.16 - - [19/Dec/2008:11:05:38 -0500] "GET /robots.txt HTTP/1.0" 404 693 "-" "Mozilla/5.0 (compatible; Charlotte/1.1; http://www.searchme.com/support/)"
208.111.154.15 - - [19/Dec/2008:11:14:36 -0500] "GET /robots.txt HTTP/1.0" 404 693 "-" "Mozilla/5.0 (compatible; Charlotte/1.1; http://www.searchme.com/support/)"
66.235.124.8 - - [19/Dec/2008:11:25:13 -0500] "GET / HTTP/1.1" 200 464 "-" "Mozilla/5.0 (compatible; Ask Jeeves/Teoma; +http://about.ask.com/en/docs/about/webmasters.shtml)"
66.235.124.8 - - [19/Dec/2008:11:25:14 -0500] "GET /toastpointtopleft.html HTTP/1.1" 200 162 "-" "Mozilla/5.0 (compatible; Ask Jeeves/Teoma; +http://about.ask.com/en/docs/about/webmasters.shtml)"
66.235.124.8 - - [19/Dec/2008:11:25:14 -0500] "GET /toastpointtoc.html HTTP/1.1" 200 1188 "-" "Mozilla/5.0 (compatible; Ask Jeeves/Teoma; +http://about.ask.com/en/docs/about/webmasters.shtml)"
66.235.124.8 - - [19/Dec/2008:11:25:14 -0500] "GET /news.html HTTP/1.1" 200 17706 "-" "Mozilla/5.0 (compatible; Ask Jeeves/Teoma; +http://about.ask.com/en/docs/about/webmasters.shtml)"
66.235.124.8 - - [19/Dec/2008:11:25:14 -0500] "GET /toastpointtopright.html HTTP/1.1" 200 151 "-" "Mozilla/5.0 (compatible; Ask Jeeves/Teoma; +http://about.ask.com/en/docs/about/webmasters.shtml)"
66.235.124.8 - - [19/Dec/2008:11:25:14 -0500] "GET /tpnews.html HTTP/1.1" 200 8305 "-" "Mozilla/5.0 (compatible; Ask Jeeves/Teoma; +http://about.ask.com/en/docs/about/webmasters.shtml)"
66.235.124.8 - - [19/Dec/2008:12:02:06 -0500] "GET /limerick/1998/naut298.html HTTP/1.1" 200 48518 "-" "Mozilla/5.0 (compatible; Ask Jeeves/Teoma; +http://about.ask.com/en/docs/about/webmasters.shtml)"
124.115.1.66 - - [19/Dec/2008:12:24:49 -0500] "GET / HTTP/1.1" 200 464 "http://www.toastpoint.com/" "Mozilla/4.0 (compatible; MSIE 6.0; Windows NT 5.1)"
124.115.1.66 - - [19/Dec/2008:12:25:01 -0500] "GET /toastpointtopleft.html HTTP/1.1" 200 162 "http://www.toastpoint.com/toastpointtopleft.html" "Mozilla/4.0 (compatible; MSIE 6.0; Windows NT 5.1)"
124.115.1.66 - - [19/Dec/2008:12:25:01 -0500] "GET /toastpointtoc.html HTTP/1.1" 200 1188 "http://www.toastpoint.com/toastpointtoc.html" "Mozilla/4.0 (compatible; MSIE 6.0; Windows NT 5.1)"
124.115.1.66 - - [19/Dec/2008:12:25:02 -0500] "GET /news.html HTTP/1.1" 200 17706 "http://www.toastpoint.com/news.html" "Mozilla/4.0 (compatible; MSIE 6.0; Windows NT 5.1)"
124.115.1.66 - - [19/Dec/2008:12:25:03 -0500] "GET /toastpointtopright.html HTTP/1.1" 200 151 "http://www.toastpoint.com/toastpointtopright.html" "Mozilla/4.0 (compatible; MSIE 6.0; Windows NT 5.1)"
124.115.1.66 - - [19/Dec/2008:12:25:07 -0500] "GET /tpnews.html HTTP/1.1" 200 8305 "http://www.toastpoint.com/tpnews.html" "Mozilla/4.0 (compatible; MSIE 6.0; Windows NT 5.1)"
66.235.124.8 - - [19/Dec/2008:12:29:44 -0500] "GET /fiction/fict9596/fict596.html HTTP/1.1" 200 24035 "-" "Mozilla/5.0 (compatible; Ask Jeeves/Teoma; +http://about.ask.com/en/docs/about/webmasters.shtml)"
208.111.154.16 - - [19/Dec/2008:12:43:55 -0500] "GET /robots.txt HTTP/1.0" 404 693 "-" "Mozilla/5.0 (compatible; Charlotte/1.1; http://www.searchme.com/support/)"
208.111.154.15 - - [19/Dec/2008:12:44:13 -0500] "GET /fiction/fict98/fict398.html HTTP/1.1" 200 26221 "-" "Mozilla/5.0 (compatible; Charlotte/1.1; http://www.searchme.com/support/)"
208.111.154.15 - - [19/Dec/2008:12:46:57 -0500] "GET /robots.txt HTTP/1.0" 404 693 "-" "Mozilla/5.0 (compatible; Charlotte/1.1; http://www.searchme.com/support/)"
64.1.215.164 - - [19/Dec/2008:12:50:34 -0500] "GET /robots.txt HTTP/1.0" 404 693 "-" "Mozilla/5.0 (Twiceler-0.9 http://www.cuil.com/twiceler/robot.html)"
208.111.154.16 - - [19/Dec/2008:13:18:29 -0500] "GET /robots.txt HTTP/1.0" 404 693 "-" "Mozilla/5.0 (compatible; Charlotte/1.1; http://www.searchme.com/support/)"
72.14.199.109 - - [19/Dec/2008:13:23:20 -0500] "GET /robots.txt HTTP/1.1" 404 693 "-" "DoCoMo/2.0 N905i(c100;TB;W24H16) (compatible; Googlebot-Mobile/2.1; +http://www.google.com/bot.html)"
72.14.199.109 - - [19/Dec/2008:13:23:20 -0500] "GET /haiku/1998/haiku598.html HTTP/1.1" 200 28935 "-" "DoCoMo/2.0 N905i(c100;TB;W24H16) (compatible; Googlebot-Mobile/2.1; +http://www.google.com/bot.html)"
72.14.199.109 - - [19/Dec/2008:13:23:21 -0500] "GET /haiku/1997/haiku797.html HTTP/1.1" 200 23929 "-" "DoCoMo/2.0 N905i(c100;TB;W24H16) (compatible; Googlebot-Mobile/2.1; +http://www.google.com/bot.html)"
72.14.199.109 - - [19/Dec/2008:13:23:21 -0500] "GET /haiku/1998/haiku798.html HTTP/1.1" 200 74969 "-" "DoCoMo/2.0 N905i(c100;TB;W24H16) (compatible; Googlebot-Mobile/2.1; +http://www.google.com/bot.html)"
72.14.199.109 - - [19/Dec/2008:13:23:40 -0500] "GET /limerick/1997/nice397.html HTTP/1.1" 200 13929 "-" "DoCoMo/2.0 N905i(c100;TB;W24H16) (compatible; Googlebot-Mobile/2.1; +http://www.google.com/bot.html)"
72.14.199.109 - - [19/Dec/2008:13:25:50 -0500] "GET /limerick/1996/1996.html HTTP/1.1" 404 693 "-" "DoCoMo/2.0 N905i(c100;TB;W24H16) (compatible; Googlebot-Mobile/2.1; +http://www.google.com/bot.html)"
72.14.199.109 - - [19/Dec/2008:13:25:50 -0500] "GET /haiku/1998/haiku398.html HTTP/1.1" 200 47804 "-" "DoCoMo/2.0 N905i(c100;TB;W24H16) (compatible; Googlebot-Mobile/2.1; +http://www.google.com/bot.html)"
72.14.199.109 - - [19/Dec/2008:13:25:50 -0500] "GET /haiku/1997/haiku597.html HTTP/1.1" 200 30659 "-" "DoCoMo/2.0 N905i(c100;TB;W24H16) (compatible; Googlebot-Mobile/2.1; +http://www.google.com/bot.html)"
72.14.199.109 - - [19/Dec/2008:13:25:50 -0500] "GET /limerick/1997/naut797.html HTTP/1.1" 200 22034 "-" "DoCoMo/2.0 N905i(c100;TB;W24H16) (compatible; Googlebot-Mobile/2.1; +http://www.google.com/bot.html)"
72.14.199.109 - - [19/Dec/2008:13:26:00 -0500] "GET /haiku/1997/haik1197.html HTTP/1.1" 200 26399 "-" "DoCoMo/2.0 N905i(c100;TB;W24H16) (compatible; Googlebot-Mobile/2.1; +http://www.google.com/bot.html)"
72.14.199.109 - - [19/Dec/2008:13:26:00 -0500] "GET /fiction/novels/peak1-2.html HTTP/1.1" 200 2302 "-" "DoCoMo/2.0 N905i(c100;TB;W24H16) (compatible; Googlebot-Mobile/2.1; +http://www.google.com/bot.html)"
72.14.199.109 - - [19/Dec/2008:13:26:02 -0500] "GET /limerick/1997/naut597.html HTTP/1.1" 200 22468 "-" "DoCoMo/2.0 N905i(c100;TB;W24H16) (compatible; Googlebot-Mobile/2.1; +http://www.google.com/bot.html)"
72.14.199.109 - - [19/Dec/2008:13:27:34 -0500] "GET /haiku/1998/haik1198.html HTTP/1.1" 200 36876 "-" "DoCoMo/2.0 N905i(c100;TB;W24H16) (compatible; Googlebot-Mobile/2.1; +http://www.google.com/bot.html)"
72.14.199.109 - - [19/Dec/2008:13:27:36 -0500] "GET /limerick/1997/naut397.html HTTP/1.1" 200 21435 "-" "DoCoMo/2.0 N905i(c100;TB;W24H16) (compatible; Googlebot-Mobile/2.1; +http://www.google.com/bot.html)"
72.14.199.109 - - [19/Dec/2008:13:27:36 -0500] "GET /limerick/1997/naut497.html HTTP/1.1" 200 43346 "-" "DoCoMo/2.0 N905i(c100;TB;W24H16) (compatible; Googlebot-Mobile/2.1; +http://www.google.com/bot.html)"
208.111.154.15 - - [19/Dec/2008:13:27:40 -0500] "GET /robots.txt HTTP/1.0" 404 693 "-" "Mozilla/5.0 (compatible; Charlotte/1.1; http://www.searchme.com/support/)"
72.14.199.109 - - [19/Dec/2008:13:27:44 -0500] "GET /haiku/1998/haiku498.html HTTP/1.1" 200 33616 "-" "DoCoMo/2.0 N905i(c100;TB;W24H16) (compatible; Googlebot-Mobile/2.1; +http://www.google.com/bot.html)"
72.14.199.109 - - [19/Dec/2008:13:27:44 -0500] "GET /limerick/1997/nice597.html HTTP/1.1" 200 16764 "-" "DoCoMo/2.0 N905i(c100;TB;W24H16) (compatible; Googlebot-Mobile/2.1; +http://www.google.com/bot.html)"
72.14.199.109 - - [19/Dec/2008:13:27:57 -0500] "GET /haiku/1997/haiku197.html HTTP/1.1" 200 34967 "-" "DoCoMo/2.0 N905i(c100;TB;W24H16) (compatible; Googlebot-Mobile/2.1; +http://www.google.com/bot.html)"
72.14.199.109 - - [19/Dec/2008:13:28:00 -0500] "GET /limerick/1997/nice197.html HTTP/1.1" 200 17698 "-" "DoCoMo/2.0 N905i(c100;TB;W24H16) (compatible; Googlebot-Mobile/2.1; +http://www.google.com/bot.html)"
72.14.199.109 - - [19/Dec/2008:13:28:01 -0500] "GET /limerick/1997/naut697.html HTTP/1.1" 200 24732 "-" "DoCoMo/2.0 N905i(c100;TB;W24H16) (compatible; Googlebot-Mobile/2.1; +http://www.google.com/bot.html)"
72.14.199.109 - - [19/Dec/2008:13:29:47 -0500] "GET /haiku/1997/haiku297.html HTTP/1.1" 200 48218 "-" "DoCoMo/2.0 N905i(c100;TB;W24H16) (compatible; Googlebot-Mobile/2.1; +http://www.google.com/bot.html)"
72.14.199.109 - - [19/Dec/2008:13:29:47 -0500] "GET /limerick/1997/nice297.html HTTP/1.1" 200 16613 "-" "DoCoMo/2.0 N905i(c100;TB;W24H16) (compatible; Googlebot-Mobile/2.1; +http://www.google.com/bot.html)"
72.14.199.109 - - [19/Dec/2008:13:29:48 -0500] "GET /limerick/1997/nice1297.html HTTP/1.1" 200 24100 "-" "DoCoMo/2.0 N905i(c100;TB;W24H16) (compatible; Googlebot-Mobile/2.1; +http://www.google.com/bot.html)"
72.14.199.109 - - [19/Dec/2008:13:31:24 -0500] "GET /limerick/brady/bradyfrm.html HTTP/1.1" 200 546 "-" "DoCoMo/2.0 N905i(c100;TB;W24H16) (compatible; Googlebot-Mobile/2.1; +http://www.google.com/bot.html)"
72.14.199.109 - - [19/Dec/2008:13:39:55 -0500] "GET /limerick/1997/naut1197.html HTTP/1.1" 200 42998 "-" "DoCoMo/2.0 N905i(c100;TB;W24H16) (compatible; Googlebot-Mobile/2.1; +http://www.google.com/bot.html)"
74.6.30.119 - - [19/Dec/2008:13:40:01 -0500] "GET /haiku/haiku.html HTTP/1.0" 200 2147 "-" "Mozilla/5.0 (compatible; Yahoo! DE Slurp; http://help.yahoo.com/help/us/ysearch/slurp)"
