208.36.144.6 - - [14/Dec/2008:00:09:33 -0500] "GET /robots.txt HTTP/1.0" 404 693 "-" "Mozilla/5.0 (Twiceler-0.9 http://www.cuil.com/twiceler/robot.html)"
65.55.209.250 - - [14/Dec/2008:00:48:49 -0500] "GET /robots.txt HTTP/1.1" 404 693 "-" "msnbot/1.1 (+http://search.msn.com/msnbot.htm)"
65.55.209.250 - - [14/Dec/2008:00:48:49 -0500] "GET /haiku/ HTTP/1.1" 403 563 "-" "msnbot/1.1 (+http://search.msn.com/msnbot.htm)"
68.142.215.138 - - [14/Dec/2008:01:08:59 -0500] "GET /robots.txt HTTP/1.0" 404 693 "-" "Mozilla/5.0 (Yahoo-MMCrawler/4.0; mailto:vertical-crawl-support@yahoo-inc.com)"
68.142.215.138 - - [14/Dec/2008:01:09:00 -0500] "GET /gifs/tpoct-nov2008.jpg HTTP/1.0" 200 59792 "-" "Mozilla/5.0 (Yahoo-MMCrawler/4.0; mailto:vertical-crawl-support@yahoo-inc.com)"
193.47.80.45 - - [14/Dec/2008:01:17:55 -0500] "GET /fiction/fict9596/fict296.html HTTP/1.1" 200 12689 "-" "Mozilla/5.0 (compatible; Exabot/3.0; +http://www.exabot.com/go/robot)"
68.142.215.138 - - [14/Dec/2008:01:18:15 -0500] "GET /robots.txt HTTP/1.0" 404 693 "-" "Mozilla/5.0 (Yahoo-MMCrawler/4.0; mailto:vertical-crawl-support@yahoo-inc.com)"
68.142.215.138 - - [14/Dec/2008:01:18:16 -0500] "GET /gifs/tpoct-nov2008.jpg HTTP/1.0" 200 59792 "-" "Mozilla/5.0 (Yahoo-MMCrawler/4.0; mailto:vertical-crawl-support@yahoo-inc.com)"
66.249.65.232 - - [14/Dec/2008:01:20:14 -0500] "GET /robots.txt HTTP/1.1" 404 693 "-" "Mozilla/5.0 (compatible; Googlebot/2.1; +http://www.google.com/bot.html)"
66.249.65.232 - - [14/Dec/2008:01:20:14 -0500] "GET /writing/fancy.html HTTP/1.1" 200 4720 "-" "Mozilla/5.0 (compatible; Googlebot/2.1; +http://www.google.com/bot.html)"
66.249.65.232 - - [14/Dec/2008:01:21:09 -0500] "GET /haiku/ HTTP/1.1" 403 563 "-" "Mozilla/5.0 (compatible; Googlebot/2.1; +http://www.google.com/bot.html)"
68.142.215.138 - - [14/Dec/2008:01:28:17 -0500] "GET /robots.txt HTTP/1.0" 404 693 "-" "Mozilla/5.0 (Yahoo-MMCrawler/4.0; mailto:vertical-crawl-support@yahoo-inc.com)"
68.142.215.138 - - [14/Dec/2008:01:28:17 -0500] "GET /gifs/tpoct-nov2008.jpg HTTP/1.0" 200 59792 "-" "Mozilla/5.0 (Yahoo-MMCrawler/4.0; mailto:vertical-crawl-support@yahoo-inc.com)"
193.47.80.45 - - [14/Dec/2008:01:34:12 -0500] "GET /fiction/fict98/fict498.html HTTP/1.1" 200 24373 "-" "Mozilla/5.0 (compatible; Exabot/3.0; +http://www.exabot.com/go/robot)"
68.142.215.138 - - [14/Dec/2008:01:39:36 -0500] "GET /robots.txt HTTP/1.0" 404 693 "-" "Mozilla/5.0 (Yahoo-MMCrawler/4.0; mailto:vertical-crawl-support@yahoo-inc.com)"
68.142.215.138 - - [14/Dec/2008:01:39:36 -0500] "GET /gifs/tpoct-nov2008.jpg HTTP/1.0" 200 59792 "-" "Mozilla/5.0 (Yahoo-MMCrawler/4.0; mailto:vertical-crawl-support@yahoo-inc.com)"
65.55.217.44 - - [14/Dec/2008:01:46:29 -0500] "GET /robots.txt HTTP/1.1" 404 693 "-" "msnbot-media/1.1 (+http://search.msn.com/msnbot.htm)"
65.55.217.44 - - [14/Dec/2008:01:46:29 -0500] "GET / HTTP/1.1" 200 464 "-" "msnbot-media/1.1 (+http://search.msn.com/msnbot.htm)"
68.142.215.138 - - [14/Dec/2008:01:48:17 -0500] "GET /robots.txt HTTP/1.0" 404 693 "-" "Mozilla/5.0 (Yahoo-MMCrawler/4.0; mailto:vertical-crawl-support@yahoo-inc.com)"
68.142.215.138 - - [14/Dec/2008:01:48:17 -0500] "GET /gifs/tpoct-nov2008.jpg HTTP/1.0" 200 59792 "-" "Mozilla/5.0 (Yahoo-MMCrawler/4.0; mailto:vertical-crawl-support@yahoo-inc.com)"
66.249.65.232 - - [14/Dec/2008:02:13:28 -0500] "GET /haiku/1996/haiku696.html HTTP/1.1" 200 9779 "-" "Mozilla/5.0 (compatible; Googlebot/2.1; +http://www.google.com/bot.html)"
68.142.215.138 - - [14/Dec/2008:02:15:16 -0500] "GET /robots.txt HTTP/1.0" 404 693 "-" "Mozilla/5.0 (Yahoo-MMCrawler/4.0; mailto:vertical-crawl-support@yahoo-inc.com)"
68.142.215.138 - - [14/Dec/2008:02:15:16 -0500] "GET /gifs/tpoct-nov2008.jpg HTTP/1.0" 200 59792 "-" "Mozilla/5.0 (Yahoo-MMCrawler/4.0; mailto:vertical-crawl-support@yahoo-inc.com)"
58.241.255.38 - - [14/Dec/2008:02:30:57 -0500] "HEAD /limerick/brady/wp-admin/index.php HTTP/1.1" 404 - "-" "Mozilla/4.0 (k1b compatible; rss 6.0; Windows Sot 5.1 Security Kol)"
58.241.255.38 - - [14/Dec/2008:02:30:58 -0500] "GET /limerick/brady/ HTTP/1.1" 403 563 "-" "Mozilla/4.0 (k1b compatible; rss 6.0; Windows Sot 5.1 Security Kol)"
68.142.215.138 - - [14/Dec/2008:02:34:15 -0500] "GET /robots.txt HTTP/1.0" 404 693 "-" "Mozilla/5.0 (Yahoo-MMCrawler/4.0; mailto:vertical-crawl-support@yahoo-inc.com)"
68.142.215.138 - - [14/Dec/2008:02:34:15 -0500] "GET /gifs/tpoct-nov2008.jpg HTTP/1.0" 200 59792 "-" "Mozilla/5.0 (Yahoo-MMCrawler/4.0; mailto:vertical-crawl-support@yahoo-inc.com)"
75.83.127.94 - - [14/Dec/2008:02:46:35 -0500] "GET http://www.toastpoint.com/ HTTP/1.0" 200 464 "-" "Mozilla/4.0 (compatible; MSIE 7.0b; Windows NT 6.0)"
75.83.127.94 - - [14/Dec/2008:02:47:08 -0500] "GET http://www.toastpoint.com/ HTTP/1.0" 200 464 "-" "Mozilla/4.0 (compatible; MSIE 7.0b; Windows NT 6.0)"
75.83.127.94 - - [14/Dec/2008:02:47:48 -0500] "GET http://www.toastpoint.com/ HTTP/1.0" 200 464 "-" "Mozilla/4.0 (compatible; MSIE 7.0b; Windows NT 6.0)"
203.160.1.72 - - [14/Dec/2008:02:48:11 -0500] "GET /limerick/nice299.html HTTP/1.1" 200 28130 "http://www.google.com.vn/search?hl=en&sa=X&oi=spell&resnum=0&ct=result&cd=1&q=Limerick+about+goldfish&spell=1" "Mozilla/5.0 (Windows; U; Windows NT 5.1; en-US; rv:1.8.1.18) Gecko/20081029 Firefox/2.0.0.16;MEGAUPLOAD 1.0"
203.160.1.72 - - [14/Dec/2008:02:48:12 -0500] "GET /gifs/birdumb2.gif HTTP/1.1" 200 4698 "http://www.toastpoint.com/limerick/nice299.html" "Mozilla/5.0 (Windows; U; Windows NT 5.1; en-US; rv:1.8.1.18) Gecko/20081029 Firefox/2.0.0.16;MEGAUPLOAD 1.0"
203.160.1.72 - - [14/Dec/2008:02:48:14 -0500] "GET /gifs/birdumb.gif HTTP/1.1" 200 4704 "http://www.toastpoint.com/limerick/nice299.html" "Mozilla/5.0 (Windows; U; Windows NT 5.1; en-US; rv:1.8.1.18) Gecko/20081029 Firefox/2.0.0.16;MEGAUPLOAD 1.0"
203.160.1.72 - - [14/Dec/2008:02:48:14 -0500] "GET /gifs/goldstar.jpg HTTP/1.1" 200 1854 "http://www.toastpoint.com/limerick/nice299.html" "Mozilla/5.0 (Windows; U; Windows NT 5.1; en-US; rv:1.8.1.18) Gecko/20081029 Firefox/2.0.0.16;MEGAUPLOAD 1.0"
203.160.1.72 - - [14/Dec/2008:02:48:21 -0500] "GET /favicon.ico HTTP/1.1" 404 693 "-" "Mozilla/5.0 (Windows; U; Windows NT 5.1; en-US; rv:1.8.1.18) Gecko/20081029 Firefox/2.0.0.16;MEGAUPLOAD 1.0"
75.83.127.94 - - [14/Dec/2008:02:50:04 -0500] "GET http://www.toastpoint.com/ HTTP/1.0" 200 464 "-" "Mozilla/4.0 (compatible; MSIE 7.0b; Windows NT 6.0)"
68.142.215.138 - - [14/Dec/2008:02:51:59 -0500] "GET /robots.txt HTTP/1.0" 404 693 "-" "Mozilla/5.0 (Yahoo-MMCrawler/4.0; mailto:vertical-crawl-support@yahoo-inc.com)"
68.142.215.138 - - [14/Dec/2008:02:52:00 -0500] "GET /gifs/tpoct-nov2008.jpg HTTP/1.0" 200 59792 "-" "Mozilla/5.0 (Yahoo-MMCrawler/4.0; mailto:vertical-crawl-support@yahoo-inc.com)"
71.139.157.73 - - [14/Dec/2008:02:57:19 -0500] "GET /gifs/japan.gif HTTP/1.1" 200 5737 "http://www.toastpoint.com/haiku/1998/haiku298.html" "Mozilla/4.0 (compatible; MSIE 7.0; Windows NT 5.1; .NET CLR 1.1.4322; .NET CLR 2.0.50727; .NET CLR 3.0.04506.30; HbTools 4.8.4; SpamBlockerUtility 4.8.4; .NET CLR 3.0.04506.648)"
71.139.157.73 - - [14/Dec/2008:02:57:19 -0500] "GET /haiku/1998/haiku298.html HTTP/1.1" 200 35588 "http://www.google.com/search?hl=en&q=nuskat+-+poetry" "Mozilla/4.0 (compatible; MSIE 7.0; Windows NT 5.1; .NET CLR 1.1.4322; .NET CLR 2.0.50727; .NET CLR 3.0.04506.30; HbTools 4.8.4; SpamBlockerUtility 4.8.4; .NET CLR 3.0.04506.648)"
71.139.157.73 - - [14/Dec/2008:02:57:20 -0500] "GET /gifs/goldstar.jpg HTTP/1.1" 200 1854 "http://www.toastpoint.com/haiku/1998/haiku298.html" "Mozilla/4.0 (compatible; MSIE 7.0; Windows NT 5.1; .NET CLR 1.1.4322; .NET CLR 2.0.50727; .NET CLR 3.0.04506.30; HbTools 4.8.4; SpamBlockerUtility 4.8.4; .NET CLR 3.0.04506.648)"
71.139.157.73 - - [14/Dec/2008:02:57:20 -0500] "GET /favicon.ico HTTP/1.1" 404 693 "-" "Mozilla/4.0 (compatible; MSIE 7.0; Windows NT 5.1; .NET CLR 1.1.4322; .NET CLR 2.0.50727; .NET CLR 3.0.04506.30; HbTools 4.8.4; SpamBlockerUtility 4.8.4; .NET CLR 3.0.04506.648)"
71.139.157.73 - - [14/Dec/2008:02:57:21 -0500] "GET /favicon.ico HTTP/1.1" 404 693 "-" "Mozilla/5.0 (compatible; Google Desktop)"
68.142.215.138 - - [14/Dec/2008:02:58:50 -0500] "GET /robots.txt HTTP/1.0" 404 693 "-" "Mozilla/5.0 (Yahoo-MMCrawler/4.0; mailto:vertical-crawl-support@yahoo-inc.com)"
68.142.215.138 - - [14/Dec/2008:02:58:51 -0500] "GET /gifs/tpoct-nov2008.jpg HTTP/1.0" 200 59792 "-" "Mozilla/5.0 (Yahoo-MMCrawler/4.0; mailto:vertical-crawl-support@yahoo-inc.com)"
68.142.215.138 - - [14/Dec/2008:03:07:55 -0500] "GET /robots.txt HTTP/1.0" 404 693 "-" "Mozilla/5.0 (Yahoo-MMCrawler/4.0; mailto:vertical-crawl-support@yahoo-inc.com)"
68.142.215.138 - - [14/Dec/2008:03:07:56 -0500] "GET /gifs/tpoct-nov2008.jpg HTTP/1.0" 200 59792 "-" "Mozilla/5.0 (Yahoo-MMCrawler/4.0; mailto:vertical-crawl-support@yahoo-inc.com)"
68.142.215.138 - - [14/Dec/2008:03:13:01 -0500] "GET /robots.txt HTTP/1.0" 404 693 "-" "Mozilla/5.0 (Yahoo-MMCrawler/4.0; mailto:vertical-crawl-support@yahoo-inc.com)"
68.142.215.138 - - [14/Dec/2008:03:13:01 -0500] "GET /gifs/tpoct-nov2008.jpg HTTP/1.0" 200 59792 "-" "Mozilla/5.0 (Yahoo-MMCrawler/4.0; mailto:vertical-crawl-support@yahoo-inc.com)"
216.183.81.221 - - [14/Dec/2008:03:17:04 -0500] "GET / HTTP/1.1" 304 - "-" "Wget/1.10.2"
68.142.215.138 - - [14/Dec/2008:03:28:21 -0500] "GET /robots.txt HTTP/1.0" 404 693 "-" "Mozilla/5.0 (Yahoo-MMCrawler/4.0; mailto:vertical-crawl-support@yahoo-inc.com)"
68.142.215.138 - - [14/Dec/2008:03:28:21 -0500] "GET /gifs/tpoct-nov2008.jpg HTTP/1.0" 200 59792 "-" "Mozilla/5.0 (Yahoo-MMCrawler/4.0; mailto:vertical-crawl-support@yahoo-inc.com)"
68.142.215.138 - - [14/Dec/2008:03:38:35 -0500] "GET /robots.txt HTTP/1.0" 404 693 "-" "Mozilla/5.0 (Yahoo-MMCrawler/4.0; mailto:vertical-crawl-support@yahoo-inc.com)"
68.142.215.138 - - [14/Dec/2008:03:38:35 -0500] "GET /gifs/tpoct-nov2008.jpg HTTP/1.0" 200 59792 "-" "Mozilla/5.0 (Yahoo-MMCrawler/4.0; mailto:vertical-crawl-support@yahoo-inc.com)"
68.142.215.138 - - [14/Dec/2008:03:54:11 -0500] "GET /robots.txt HTTP/1.0" 404 693 "-" "Mozilla/5.0 (Yahoo-MMCrawler/4.0; mailto:vertical-crawl-support@yahoo-inc.com)"
68.142.215.138 - - [14/Dec/2008:03:54:12 -0500] "GET /gifs/tpoct-nov2008.jpg HTTP/1.0" 200 59792 "-" "Mozilla/5.0 (Yahoo-MMCrawler/4.0; mailto:vertical-crawl-support@yahoo-inc.com)"
68.142.215.138 - - [14/Dec/2008:04:04:17 -0500] "GET /robots.txt HTTP/1.0" 404 693 "-" "Mozilla/5.0 (Yahoo-MMCrawler/4.0; mailto:vertical-crawl-support@yahoo-inc.com)"
68.142.215.138 - - [14/Dec/2008:04:04:17 -0500] "GET /gifs/tpoct-nov2008.jpg HTTP/1.0" 200 59792 "-" "Mozilla/5.0 (Yahoo-MMCrawler/4.0; mailto:vertical-crawl-support@yahoo-inc.com)"
68.142.215.138 - - [14/Dec/2008:04:13:50 -0500] "GET /robots.txt HTTP/1.0" 404 693 "-" "Mozilla/5.0 (Yahoo-MMCrawler/4.0; mailto:vertical-crawl-support@yahoo-inc.com)"
68.142.215.138 - - [14/Dec/2008:04:13:50 -0500] "GET /gifs/tpoct-nov2008.jpg HTTP/1.0" 200 59792 "-" "Mozilla/5.0 (Yahoo-MMCrawler/4.0; mailto:vertical-crawl-support@yahoo-inc.com)"
81.52.143.16 - - [14/Dec/2008:04:15:47 -0500] "GET /limerick/1996/nice596.html HTTP/1.1" 200 13725 "-" "Mozilla/5.0 (Windows; U; Windows NT 5.1; fr; rv:1.8.1) VoilaBot BETA 1.2 (support.voilabot@orange-ftgroup.com)"
81.52.143.15 - - [14/Dec/2008:04:22:30 -0500] "GET /limerick/naut199.html HTTP/1.1" 200 34481 "-" "Mozilla/5.0 (Windows; U; Windows NT 5.1; fr; rv:1.8.1) VoilaBot BETA 1.2 (support.voilabot@orange-ftgroup.com)"
58.172.140.11 - - [14/Dec/2008:04:23:15 -0500] "GET /gifs/birdumb2.gif HTTP/1.1" 200 4698 "http://www.toastpoint.com/limerick/nice599.html" "Mozilla/4.0 (compatible; MSIE 7.0; Windows NT 5.1; .NET CLR 1.1.4322)"
58.172.140.11 - - [14/Dec/2008:04:23:15 -0500] "GET /limerick/nice599.html HTTP/1.1" 200 26033 "http://www.google.com.au/search?hl=en&q=limmerick++shack+ladder+adder+back&meta=" "Mozilla/4.0 (compatible; MSIE 7.0; Windows NT 5.1; .NET CLR 1.1.4322)"
58.172.140.11 - - [14/Dec/2008:04:23:16 -0500] "GET /gifs/birdumb.gif HTTP/1.1" 200 4704 "http://www.toastpoint.com/limerick/nice599.html" "Mozilla/4.0 (compatible; MSIE 7.0; Windows NT 5.1; .NET CLR 1.1.4322)"
58.172.140.11 - - [14/Dec/2008:04:23:16 -0500] "GET /gifs/goldstar.jpg HTTP/1.1" 200 1854 "http://www.toastpoint.com/limerick/nice599.html" "Mozilla/4.0 (compatible; MSIE 7.0; Windows NT 5.1; .NET CLR 1.1.4322)"
58.172.140.11 - - [14/Dec/2008:04:23:17 -0500] "GET /favicon.ico HTTP/1.1" 404 693 "-" "Mozilla/4.0 (compatible; MSIE 7.0; Windows NT 5.1; .NET CLR 1.1.4322)"
71.117.168.130 - - [14/Dec/2008:04:24:43 -0500] "GET /limerick/1995/nautnov.html HTTP/1.1" 200 13933 "http://www.google.com/search?hl=en&client=firefox-a&rls=org.mozilla%3Aen-US%3Aofficial&hs=Q57&q=%22there+once+was+a+woman+from+china%22&btnG=Search" "Mozilla/5.0 (Windows; U; Windows NT 6.0; en-US; rv:1.9.0.4) Gecko/2008102920 Firefox/3.0.4 (.NET CLR 3.5.30729)"
71.117.168.130 - - [14/Dec/2008:04:24:43 -0500] "GET /gifs/goldstar.jpg HTTP/1.1" 200 1854 "http://www.toastpoint.com/limerick/1995/nautnov.html" "Mozilla/5.0 (Windows; U; Windows NT 6.0; en-US; rv:1.9.0.4) Gecko/2008102920 Firefox/3.0.4 (.NET CLR 3.5.30729)"
71.117.168.130 - - [14/Dec/2008:04:24:44 -0500] "GET /favicon.ico HTTP/1.1" 404 693 "-" "Mozilla/5.0 (Windows; U; Windows NT 6.0; en-US; rv:1.9.0.4) Gecko/2008102920 Firefox/3.0.4 (.NET CLR 3.5.30729)"
71.117.168.130 - - [14/Dec/2008:04:24:46 -0500] "GET /favicon.ico HTTP/1.1" 404 693 "-" "Mozilla/5.0 (Windows; U; Windows NT 6.0; en-US; rv:1.9.0.4) Gecko/2008102920 Firefox/3.0.4 (.NET CLR 3.5.30729)"
68.142.215.138 - - [14/Dec/2008:04:28:55 -0500] "GET /robots.txt HTTP/1.0" 404 693 "-" "Mozilla/5.0 (Yahoo-MMCrawler/4.0; mailto:vertical-crawl-support@yahoo-inc.com)"
68.142.215.138 - - [14/Dec/2008:04:28:55 -0500] "GET /gifs/tpoct-nov2008.jpg HTTP/1.0" 200 59792 "-" "Mozilla/5.0 (Yahoo-MMCrawler/4.0; mailto:vertical-crawl-support@yahoo-inc.com)"
68.142.215.138 - - [14/Dec/2008:04:38:58 -0500] "GET /robots.txt HTTP/1.0" 404 693 "-" "Mozilla/5.0 (Yahoo-MMCrawler/4.0; mailto:vertical-crawl-support@yahoo-inc.com)"
68.142.215.138 - - [14/Dec/2008:04:38:59 -0500] "GET /gifs/tpoct-nov2008.jpg HTTP/1.0" 200 59792 "-" "Mozilla/5.0 (Yahoo-MMCrawler/4.0; mailto:vertical-crawl-support@yahoo-inc.com)"
72.30.79.94 - - [14/Dec/2008:04:43:04 -0500] "GET /robots.txt HTTP/1.0" 404 693 "-" "Mozilla/5.0 (compatible; Yahoo! Slurp; http://help.yahoo.com/help/us/ysearch/slurp)"
72.30.79.94 - - [14/Dec/2008:04:43:42 -0500] "GET /limerick/1996/bestnaut.html HTTP/1.0" 200 19352 "-" "Mozilla/5.0 (compatible; Yahoo! Slurp; http://help.yahoo.com/help/us/ysearch/slurp)"
68.142.215.138 - - [14/Dec/2008:04:55:20 -0500] "GET /robots.txt HTTP/1.0" 404 693 "-" "Mozilla/5.0 (Yahoo-MMCrawler/4.0; mailto:vertical-crawl-support@yahoo-inc.com)"
68.142.215.138 - - [14/Dec/2008:04:55:20 -0500] "GET /gifs/tpoct-nov2008.jpg HTTP/1.0" 200 59792 "-" "Mozilla/5.0 (Yahoo-MMCrawler/4.0; mailto:vertical-crawl-support@yahoo-inc.com)"
68.142.215.138 - - [14/Dec/2008:05:17:28 -0500] "GET /robots.txt HTTP/1.0" 404 693 "-" "Mozilla/5.0 (Yahoo-MMCrawler/4.0; mailto:vertical-crawl-support@yahoo-inc.com)"
68.142.215.138 - - [14/Dec/2008:05:17:29 -0500] "GET /gifs/tpoct-nov2008.jpg HTTP/1.0" 200 59792 "-" "Mozilla/5.0 (Yahoo-MMCrawler/4.0; mailto:vertical-crawl-support@yahoo-inc.com)"
124.115.10.193 - - [14/Dec/2008:05:18:02 -0500] "GET / HTTP/1.1" 200 464 "http://www.toastpoint.com/" "Mozilla/4.0 (compatible; MSIE 6.0; Windows NT 5.1)"
124.115.10.193 - - [14/Dec/2008:05:18:13 -0500] "GET /toastpointtopleft.html HTTP/1.1" 200 162 "http://www.toastpoint.com/toastpointtopleft.html" "Mozilla/4.0 (compatible; MSIE 6.0; Windows NT 5.1)"
124.115.10.193 - - [14/Dec/2008:05:18:15 -0500] "GET /toastpointtoc.html HTTP/1.1" 200 1188 "http://www.toastpoint.com/toastpointtoc.html" "Mozilla/4.0 (compatible; MSIE 6.0; Windows NT 5.1)"
124.115.10.193 - - [14/Dec/2008:05:18:16 -0500] "GET /news.html HTTP/1.1" 200 17706 "http://www.toastpoint.com/news.html" "Mozilla/4.0 (compatible; MSIE 6.0; Windows NT 5.1)"
124.115.10.193 - - [14/Dec/2008:05:18:18 -0500] "GET /toastpointtopright.html HTTP/1.1" 200 151 "http://www.toastpoint.com/toastpointtopright.html" "Mozilla/4.0 (compatible; MSIE 6.0; Windows NT 5.1)"
124.115.10.193 - - [14/Dec/2008:05:18:19 -0500] "GET /tpnews.html HTTP/1.1" 200 8305 "http://www.toastpoint.com/tpnews.html" "Mozilla/4.0 (compatible; MSIE 6.0; Windows NT 5.1)"
68.142.215.138 - - [14/Dec/2008:05:22:58 -0500] "GET /robots.txt HTTP/1.0" 404 693 "-" "Mozilla/5.0 (Yahoo-MMCrawler/4.0; mailto:vertical-crawl-support@yahoo-inc.com)"
68.142.215.138 - - [14/Dec/2008:05:22:59 -0500] "GET /gifs/tpoct-nov2008.jpg HTTP/1.0" 200 59792 "-" "Mozilla/5.0 (Yahoo-MMCrawler/4.0; mailto:vertical-crawl-support@yahoo-inc.com)"
124.115.1.66 - - [14/Dec/2008:05:23:12 -0500] "GET / HTTP/1.1" 200 464 "http://www.toastpoint.com/" "Mozilla/4.0 (compatible; MSIE 6.0; Windows NT 5.1)"
124.115.1.66 - - [14/Dec/2008:05:23:23 -0500] "GET /toastpointtopleft.html HTTP/1.1" 200 162 "http://www.toastpoint.com/toastpointtopleft.html" "Mozilla/4.0 (compatible; MSIE 6.0; Windows NT 5.1)"
124.115.1.66 - - [14/Dec/2008:05:23:24 -0500] "GET /toastpointtoc.html HTTP/1.1" 200 1188 "http://www.toastpoint.com/toastpointtoc.html" "Mozilla/4.0 (compatible; MSIE 6.0; Windows NT 5.1)"
124.115.1.66 - - [14/Dec/2008:05:23:25 -0500] "GET /news.html HTTP/1.1" 200 17706 "http://www.toastpoint.com/news.html" "Mozilla/4.0 (compatible; MSIE 6.0; Windows NT 5.1)"
124.115.1.66 - - [14/Dec/2008:05:23:27 -0500] "GET /toastpointtopright.html HTTP/1.1" 200 151 "http://www.toastpoint.com/toastpointtopright.html" "Mozilla/4.0 (compatible; MSIE 6.0; Windows NT 5.1)"
124.115.1.66 - - [14/Dec/2008:05:23:28 -0500] "GET /tpnews.html HTTP/1.1" 200 8305 "http://www.toastpoint.com/tpnews.html" "Mozilla/4.0 (compatible; MSIE 6.0; Windows NT 5.1)"
208.80.194.52 - - [14/Dec/2008:05:24:42 -0500] "GET / HTTP/1.0" 200 464 "-" "Mozilla/4.0 (compatible; MSIE 7.0; Windows NT 5.1; .NET CLR 1.0.3705; .NET CLR 1.1.4322; Tablet PC 1.7; InfoPath.1; .NET CLR 2.0.50727)"
81.52.143.26 - - [14/Dec/2008:05:33:56 -0500] "GET /robots.txt HTTP/1.1" 404 693 "-" "Mozilla/5.0 (Windows; U; Windows NT 5.1; fr; rv:1.8.1) VoilaBot BETA 1.2 (support.voilabot@orange-ftgroup.com)"
81.52.143.26 - - [14/Dec/2008:05:33:58 -0500] "GET /haiku/moral.html HTTP/1.1" 200 4692 "-" "Mozilla/5.0 (Windows; U; Windows NT 5.1; fr; rv:1.8.1) VoilaBot BETA 1.2 (support.voilabot@orange-ftgroup.com)"
68.142.215.138 - - [14/Dec/2008:05:38:25 -0500] "GET /robots.txt HTTP/1.0" 404 693 "-" "Mozilla/5.0 (Yahoo-MMCrawler/4.0; mailto:vertical-crawl-support@yahoo-inc.com)"
68.142.215.138 - - [14/Dec/2008:05:38:25 -0500] "GET /gifs/tpoct-nov2008.jpg HTTP/1.0" 200 59792 "-" "Mozilla/5.0 (Yahoo-MMCrawler/4.0; mailto:vertical-crawl-support@yahoo-inc.com)"
66.249.65.232 - - [14/Dec/2008:05:43:23 -0500] "GET /limerick/haiku/haiku.html HTTP/1.1" 404 693 "-" "Mozilla/5.0 (compatible; Googlebot/2.1; +http://www.google.com/bot.html)"
68.142.215.138 - - [14/Dec/2008:05:51:56 -0500] "GET /robots.txt HTTP/1.0" 404 693 "-" "Mozilla/5.0 (Yahoo-MMCrawler/4.0; mailto:vertical-crawl-support@yahoo-inc.com)"
68.142.215.138 - - [14/Dec/2008:05:51:57 -0500] "GET /gifs/tpoct-nov2008.jpg HTTP/1.0" 200 59792 "-" "Mozilla/5.0 (Yahoo-MMCrawler/4.0; mailto:vertical-crawl-support@yahoo-inc.com)"
72.14.199.90 - - [14/Dec/2008:06:05:32 -0500] "GET /haiku/1995/haikusep.html HTTP/1.1" 200 5645 "-" "DoCoMo/2.0 N905i(c100;TB;W24H16) (compatible; Googlebot-Mobile/2.1; +http://www.google.com/bot.html)"
68.142.215.138 - - [14/Dec/2008:06:09:02 -0500] "GET /robots.txt HTTP/1.0" 404 693 "-" "Mozilla/5.0 (Yahoo-MMCrawler/4.0; mailto:vertical-crawl-support@yahoo-inc.com)"
68.142.215.138 - - [14/Dec/2008:06:09:02 -0500] "GET /gifs/tpoct-nov2008.jpg HTTP/1.0" 200 59792 "-" "Mozilla/5.0 (Yahoo-MMCrawler/4.0; mailto:vertical-crawl-support@yahoo-inc.com)"
68.142.215.138 - - [14/Dec/2008:06:27:59 -0500] "GET /robots.txt HTTP/1.0" 404 693 "-" "Mozilla/5.0 (Yahoo-MMCrawler/4.0; mailto:vertical-crawl-support@yahoo-inc.com)"
68.142.215.138 - - [14/Dec/2008:06:27:59 -0500] "GET /gifs/tpoct-nov2008.jpg HTTP/1.0" 200 59792 "-" "Mozilla/5.0 (Yahoo-MMCrawler/4.0; mailto:vertical-crawl-support@yahoo-inc.com)"
63.241.3.51 - - [14/Dec/2008:06:37:21 -0500] "GET /limerick/limerick.html HTTP/1.1" 200 2613 "-" "-"
68.142.215.138 - - [14/Dec/2008:06:38:56 -0500] "GET /robots.txt HTTP/1.0" 404 693 "-" "Mozilla/5.0 (Yahoo-MMCrawler/4.0; mailto:vertical-crawl-support@yahoo-inc.com)"
68.142.215.138 - - [14/Dec/2008:06:38:57 -0500] "GET /gifs/tpoct-nov2008.jpg HTTP/1.0" 200 59792 "-" "Mozilla/5.0 (Yahoo-MMCrawler/4.0; mailto:vertical-crawl-support@yahoo-inc.com)"
66.249.65.232 - - [14/Dec/2008:06:42:52 -0500] "GET / HTTP/1.1" 200 464 "-" "Mozilla/5.0 (compatible; Googlebot/2.1; +http://www.google.com/bot.html)"
68.142.215.138 - - [14/Dec/2008:06:49:12 -0500] "GET /robots.txt HTTP/1.0" 404 693 "-" "Mozilla/5.0 (Yahoo-MMCrawler/4.0; mailto:vertical-crawl-support@yahoo-inc.com)"
68.142.215.138 - - [14/Dec/2008:06:49:13 -0500] "GET /gifs/tpoct-nov2008.jpg HTTP/1.0" 200 59792 "-" "Mozilla/5.0 (Yahoo-MMCrawler/4.0; mailto:vertical-crawl-support@yahoo-inc.com)"
68.142.215.138 - - [14/Dec/2008:07:03:07 -0500] "GET /robots.txt HTTP/1.0" 404 693 "-" "Mozilla/5.0 (Yahoo-MMCrawler/4.0; mailto:vertical-crawl-support@yahoo-inc.com)"
68.142.215.138 - - [14/Dec/2008:07:03:07 -0500] "GET /gifs/tpoct-nov2008.jpg HTTP/1.0" 200 59792 "-" "Mozilla/5.0 (Yahoo-MMCrawler/4.0; mailto:vertical-crawl-support@yahoo-inc.com)"
65.55.210.6 - - [14/Dec/2008:07:13:17 -0500] "GET /robots.txt HTTP/1.1" 404 693 "-" "msnbot/1.1 (+http://search.msn.com/msnbot.htm)"
65.55.210.6 - - [14/Dec/2008:07:13:18 -0500] "GET /news.html HTTP/1.1" 200 17706 "-" "msnbot/1.1 (+http://search.msn.com/msnbot.htm)"
65.55.210.6 - - [14/Dec/2008:07:13:40 -0500] "GET /limerick/nice499.html HTTP/1.1" 304 - "-" "msnbot/1.1 (+http://search.msn.com/msnbot.htm)"
119.63.194.130 - - [14/Dec/2008:07:13:56 -0500] "GET / HTTP/1.1" 304 - "-" "Baiduspider+(+http://help.baidu.jp/system/05.html)"
68.142.215.138 - - [14/Dec/2008:07:15:03 -0500] "GET /robots.txt HTTP/1.0" 404 693 "-" "Mozilla/5.0 (Yahoo-MMCrawler/4.0; mailto:vertical-crawl-support@yahoo-inc.com)"
68.142.215.138 - - [14/Dec/2008:07:15:03 -0500] "GET /gifs/tpoct-nov2008.jpg HTTP/1.0" 200 59792 "-" "Mozilla/5.0 (Yahoo-MMCrawler/4.0; mailto:vertical-crawl-support@yahoo-inc.com)"
75.83.127.94 - - [14/Dec/2008:07:21:54 -0500] "GET http://www.toastpoint.com/ HTTP/1.0" 200 464 "-" "Mozilla/4.0 (compatible; MSIE 7.0b; Windows NT 6.0)"
75.83.127.94 - - [14/Dec/2008:07:22:42 -0500] "GET http://www.toastpoint.com/ HTTP/1.0" 200 464 "-" "Mozilla/4.0 (compatible; MSIE 7.0b; Windows NT 6.0)"
68.142.215.138 - - [14/Dec/2008:07:24:44 -0500] "GET /robots.txt HTTP/1.0" 404 693 "-" "Mozilla/5.0 (Yahoo-MMCrawler/4.0; mailto:vertical-crawl-support@yahoo-inc.com)"
68.142.215.138 - - [14/Dec/2008:07:24:44 -0500] "GET /gifs/tpoct-nov2008.jpg HTTP/1.0" 200 59792 "-" "Mozilla/5.0 (Yahoo-MMCrawler/4.0; mailto:vertical-crawl-support@yahoo-inc.com)"
75.83.127.94 - - [14/Dec/2008:07:25:54 -0500] "GET http://www.toastpoint.com/ HTTP/1.0" 200 464 "-" "Mozilla/4.0 (compatible; MSIE 7.0b; Windows NT 6.0)"
68.142.215.138 - - [14/Dec/2008:07:35:47 -0500] "GET /robots.txt HTTP/1.0" 404 693 "-" "Mozilla/5.0 (Yahoo-MMCrawler/4.0; mailto:vertical-crawl-support@yahoo-inc.com)"
68.142.215.138 - - [14/Dec/2008:07:35:47 -0500] "GET /gifs/tpoct-nov2008.jpg HTTP/1.0" 200 59792 "-" "Mozilla/5.0 (Yahoo-MMCrawler/4.0; mailto:vertical-crawl-support@yahoo-inc.com)"
72.86.143.98 - - [14/Dec/2008:07:37:38 -0500] "GET /limerick/naut199.html HTTP/1.1" 200 34481 "http://www.google.com/search?gbv=2&hl=en&safe=off&q=naughty+limerick+woman&btnG=Search" "Mozilla/5.0 (Windows; U; Windows NT 5.1; en-US; rv:1.8.1.11pre) Gecko/20071206 Firefox/2.0.0.11 Navigator/9.0.0.5"
72.86.143.98 - - [14/Dec/2008:07:37:38 -0500] "GET /gifs/boobies.gif HTTP/1.1" 200 11144 "http://www.toastpoint.com/limerick/naut199.html" "Mozilla/5.0 (Windows; U; Windows NT 5.1; en-US; rv:1.8.1.11pre) Gecko/20071206 Firefox/2.0.0.11 Navigator/9.0.0.5"
72.86.143.98 - - [14/Dec/2008:07:37:38 -0500] "GET /gifs/nakedman.gif HTTP/1.1" 200 7734 "http://www.toastpoint.com/limerick/naut199.html" "Mozilla/5.0 (Windows; U; Windows NT 5.1; en-US; rv:1.8.1.11pre) Gecko/20071206 Firefox/2.0.0.11 Navigator/9.0.0.5"
72.86.143.98 - - [14/Dec/2008:07:37:38 -0500] "GET /gifs/goldstar.jpg HTTP/1.1" 200 1854 "http://www.toastpoint.com/limerick/naut199.html" "Mozilla/5.0 (Windows; U; Windows NT 5.1; en-US; rv:1.8.1.11pre) Gecko/20071206 Firefox/2.0.0.11 Navigator/9.0.0.5"
72.86.143.98 - - [14/Dec/2008:07:37:39 -0500] "GET /favicon.ico HTTP/1.1" 404 693 "-" "Mozilla/5.0 (Windows; U; Windows NT 5.1; en-US; rv:1.8.1.11pre) Gecko/20071206 Firefox/2.0.0.11 Navigator/9.0.0.5"
64.50.228.37 - - [14/Dec/2008:07:42:24 -0500] "GET /haiku/haiku599.html HTTP/1.0" 200 33918 "http://www.google.com/custom?q=haiku+contest+for+young+people&sa=Search+the+Web&client=pub-0719746699995291&forid=1&channel=9062122893&ie=ISO-8859-1&oe=ISO-8859-1&cof=GALT%3A%23008000%3BGL%3A1%3BDIV%3A%23336699%3BVLC%3A663399%3BAH%3Acenter%3BBGC%3AFFFFFF%3BLBGC%3AFFFFFF%3BALC%3A0000FF%3BLC%3A0000FF%3BT%3A000000%3BGFNT%3A0000FF%3BGIMP%3A0000FF%3BLH%3A48%3BLW%3A110%3BL%3Ahttp%3A%2F%2Fwww.tdstelecom.com%2Fimages%2Ftdsreg.gif%3BS%3Ahttp%3A%2F%2Fwww.tds.net%3BLP%3A1%3BFORID%3A1&hl=en" "Mozilla/4.0 (compatible; MSIE 7.0; Windows NT 5.1; .NET CLR 1.0.3705; .NET CLR 1.1.4322; Media Center PC 4.0; InfoPath.2)"
64.50.228.37 - - [14/Dec/2008:07:42:25 -0500] "GET /gifs/goldstar.jpg HTTP/1.0" 200 1854 "http://www.toastpoint.com/haiku/haiku599.html" "Mozilla/4.0 (compatible; MSIE 7.0; Windows NT 5.1; .NET CLR 1.0.3705; .NET CLR 1.1.4322; Media Center PC 4.0; InfoPath.2)"
64.50.228.37 - - [14/Dec/2008:07:42:25 -0500] "GET /gifs/japan.gif HTTP/1.0" 200 5737 "http://www.toastpoint.com/haiku/haiku599.html" "Mozilla/4.0 (compatible; MSIE 7.0; Windows NT 5.1; .NET CLR 1.0.3705; .NET CLR 1.1.4322; Media Center PC 4.0; InfoPath.2)"
64.50.228.37 - - [14/Dec/2008:07:42:25 -0500] "GET /gifs/blank.jpg HTTP/1.0" 200 705 "http://www.toastpoint.com/haiku/haiku599.html" "Mozilla/4.0 (compatible; MSIE 7.0; Windows NT 5.1; .NET CLR 1.0.3705; .NET CLR 1.1.4322; Media Center PC 4.0; InfoPath.2)"
64.50.228.37 - - [14/Dec/2008:07:42:25 -0500] "GET /favicon.ico HTTP/1.0" 404 693 "-" "Mozilla/4.0 (compatible; MSIE 7.0; Windows NT 5.1; .NET CLR 1.0.3705; .NET CLR 1.1.4322; Media Center PC 4.0; InfoPath.2)"
68.142.215.138 - - [14/Dec/2008:07:44:02 -0500] "GET /robots.txt HTTP/1.0" 404 693 "-" "Mozilla/5.0 (Yahoo-MMCrawler/4.0; mailto:vertical-crawl-support@yahoo-inc.com)"
68.142.215.138 - - [14/Dec/2008:07:44:02 -0500] "GET /gifs/tpoct-nov2008.jpg HTTP/1.0" 200 59792 "-" "Mozilla/5.0 (Yahoo-MMCrawler/4.0; mailto:vertical-crawl-support@yahoo-inc.com)"
216.183.81.221 - - [14/Dec/2008:08:06:30 -0500] "GET / HTTP/1.1" 304 - "-" "Wget/1.10.2"
193.47.80.45 - - [14/Dec/2008:08:19:15 -0500] "GET /limerick/brady/brady96.html HTTP/1.1" 200 6418 "-" "Mozilla/5.0 (compatible; Exabot/3.0; +http://www.exabot.com/go/robot)"
68.142.215.138 - - [14/Dec/2008:08:35:22 -0500] "GET /robots.txt HTTP/1.0" 404 693 "-" "Mozilla/5.0 (Yahoo-MMCrawler/4.0; mailto:vertical-crawl-support@yahoo-inc.com)"
68.142.215.138 - - [14/Dec/2008:08:35:22 -0500] "GET /gifs/tpoct-nov2008.jpg HTTP/1.0" 200 59792 "-" "Mozilla/5.0 (Yahoo-MMCrawler/4.0; mailto:vertical-crawl-support@yahoo-inc.com)"
193.47.80.45 - - [14/Dec/2008:08:39:05 -0500] "GET / HTTP/1.1" 200 464 "-" "Mozilla/5.0 (compatible; Exabot/3.0; +http://www.exabot.com/go/robot)"
74.6.23.237 - - [14/Dec/2008:08:41:36 -0500] "GET /robots.txt HTTP/1.0" 404 693 "-" "Mozilla/5.0 (compatible; Yahoo! Slurp; http://help.yahoo.com/help/us/ysearch/slurp)"
74.6.30.119 - - [14/Dec/2008:08:41:37 -0500] "GET /haiku/haiku.html HTTP/1.0" 200 2147 "-" "Mozilla/5.0 (compatible; Yahoo! DE Slurp; http://help.yahoo.com/help/us/ysearch/slurp)"
68.142.215.138 - - [14/Dec/2008:08:42:55 -0500] "GET /robots.txt HTTP/1.0" 404 693 "-" "Mozilla/5.0 (Yahoo-MMCrawler/4.0; mailto:vertical-crawl-support@yahoo-inc.com)"
68.142.215.138 - - [14/Dec/2008:08:42:55 -0500] "GET /gifs/tpoct-nov2008.jpg HTTP/1.0" 200 59792 "-" "Mozilla/5.0 (Yahoo-MMCrawler/4.0; mailto:vertical-crawl-support@yahoo-inc.com)"
68.142.215.138 - - [14/Dec/2008:08:54:43 -0500] "GET /robots.txt HTTP/1.0" 404 693 "-" "Mozilla/5.0 (Yahoo-MMCrawler/4.0; mailto:vertical-crawl-support@yahoo-inc.com)"
68.142.215.138 - - [14/Dec/2008:08:54:44 -0500] "GET /gifs/tpoct-nov2008.jpg HTTP/1.0" 200 59792 "-" "Mozilla/5.0 (Yahoo-MMCrawler/4.0; mailto:vertical-crawl-support@yahoo-inc.com)"
65.189.32.192 - - [14/Dec/2008:09:01:55 -0500] "GET /favicon.ico HTTP/1.1" 404 693 "-" "Mozilla/5.0 (Windows; U; Windows NT 6.0; en-US; rv:1.9.0.4) Gecko/2008102920 Firefox/3.0.4"
216.183.81.221 - - [14/Dec/2008:09:02:54 -0500] "GET / HTTP/1.1" 304 - "-" "Wget/1.10.2"
68.142.215.138 - - [14/Dec/2008:09:02:54 -0500] "GET /robots.txt HTTP/1.0" 404 693 "-" "Mozilla/5.0 (Yahoo-MMCrawler/4.0; mailto:vertical-crawl-support@yahoo-inc.com)"
68.142.215.138 - - [14/Dec/2008:09:02:54 -0500] "GET /gifs/tpoct-nov2008.jpg HTTP/1.0" 200 59792 "-" "Mozilla/5.0 (Yahoo-MMCrawler/4.0; mailto:vertical-crawl-support@yahoo-inc.com)"
74.6.18.242 - - [14/Dec/2008:09:27:01 -0500] "GET /robots.txt HTTP/1.0" 404 693 "-" "Mozilla/5.0 (compatible; Yahoo! Slurp; http://help.yahoo.com/help/us/ysearch/slurp)"
74.6.18.242 - - [14/Dec/2008:09:27:22 -0500] "GET /limerick/nice499.html HTTP/1.0" 200 24193 "-" "Mozilla/5.0 (compatible; Yahoo! Slurp; http://help.yahoo.com/help/us/ysearch/slurp)"
68.142.215.138 - - [14/Dec/2008:10:21:00 -0500] "GET /robots.txt HTTP/1.0" 404 693 "-" "Mozilla/5.0 (Yahoo-MMCrawler/4.0; mailto:vertical-crawl-support@yahoo-inc.com)"
68.142.215.138 - - [14/Dec/2008:10:21:00 -0500] "GET /gifs/tpoct-nov2008.jpg HTTP/1.0" 200 59792 "-" "Mozilla/5.0 (Yahoo-MMCrawler/4.0; mailto:vertical-crawl-support@yahoo-inc.com)"
81.52.143.26 - - [14/Dec/2008:10:28:01 -0500] "GET /limerick/naut299.html HTTP/1.1" 200 23095 "-" "Mozilla/5.0 (Windows; U; Windows NT 5.1; fr; rv:1.8.1) VoilaBot BETA 1.2 (support.voilabot@orange-ftgroup.com)"
68.142.215.138 - - [14/Dec/2008:10:33:23 -0500] "GET /robots.txt HTTP/1.0" 404 693 "-" "Mozilla/5.0 (Yahoo-MMCrawler/4.0; mailto:vertical-crawl-support@yahoo-inc.com)"
68.142.215.138 - - [14/Dec/2008:10:33:24 -0500] "GET /gifs/tpoct-nov2008.jpg HTTP/1.0" 200 59792 "-" "Mozilla/5.0 (Yahoo-MMCrawler/4.0; mailto:vertical-crawl-support@yahoo-inc.com)"
68.142.215.138 - - [14/Dec/2008:10:52:29 -0500] "GET /robots.txt HTTP/1.0" 404 693 "-" "Mozilla/5.0 (Yahoo-MMCrawler/4.0; mailto:vertical-crawl-support@yahoo-inc.com)"
68.142.215.138 - - [14/Dec/2008:10:52:30 -0500] "GET /gifs/tpoct-nov2008.jpg HTTP/1.0" 200 59792 "-" "Mozilla/5.0 (Yahoo-MMCrawler/4.0; mailto:vertical-crawl-support@yahoo-inc.com)"
81.52.143.16 - - [14/Dec/2008:11:43:43 -0500] "GET /limerick/1996/nice396.html HTTP/1.1" 200 5682 "-" "Mozilla/5.0 (Windows; U; Windows NT 5.1; fr; rv:1.8.1) VoilaBot BETA 1.2 (support.voilabot@orange-ftgroup.com)"
81.52.143.16 - - [14/Dec/2008:11:58:11 -0500] "GET /limerick/1996/nice496.html HTTP/1.1" 200 15372 "-" "Mozilla/5.0 (Windows; U; Windows NT 5.1; fr; rv:1.8.1) VoilaBot BETA 1.2 (support.voilabot@orange-ftgroup.com)"
207.126.224.241 - - [14/Dec/2008:11:59:52 -0500] "GET / HTTP/1.0" 200 464 "-" "Mozilla/4.05 [en]"
81.52.143.26 - - [14/Dec/2008:12:59:51 -0500] "GET /limerick/ HTTP/1.1" 403 563 "-" "Mozilla/5.0 (Windows; U; Windows NT 5.1; fr; rv:1.8.1) VoilaBot BETA 1.2 (support.voilabot@orange-ftgroup.com)"
68.115.94.31 - - [14/Dec/2008:13:00:37 -0500] "GET /limerick/limerick.html HTTP/1.1" 200 2613 "http://www.google.com/search?sourceid=navclient&ie=UTF-8&rlz=1T4GGLR_en___US202&q=naughty+toasts" "Mozilla/4.0 (compatible; MSIE 7.0; Windows NT 5.1)"
68.115.94.31 - - [14/Dec/2008:13:00:38 -0500] "GET /gifs/birdumb2.gif HTTP/1.1" 200 4698 "http://www.toastpoint.com/limerick/limerick.html" "Mozilla/4.0 (compatible; MSIE 7.0; Windows NT 5.1)"
68.115.94.31 - - [14/Dec/2008:13:00:38 -0500] "GET /gifs/woman.gif HTTP/1.1" 200 9657 "http://www.toastpoint.com/limerick/limerick.html" "Mozilla/4.0 (compatible; MSIE 7.0; Windows NT 5.1)"
68.115.94.31 - - [14/Dec/2008:13:00:38 -0500] "GET /favicon.ico HTTP/1.1" 404 693 "-" "Mozilla/4.0 (compatible; MSIE 7.0; Windows NT 5.1)"
68.115.94.31 - - [14/Dec/2008:13:00:44 -0500] "GET /limerick/naut599.html HTTP/1.1" 200 21235 "http://www.toastpoint.com/limerick/limerick.html" "Mozilla/4.0 (compatible; MSIE 7.0; Windows NT 5.1)"
68.115.94.31 - - [14/Dec/2008:13:00:44 -0500] "GET /gifs/boobies.gif HTTP/1.1" 200 11144 "http://www.toastpoint.com/limerick/naut599.html" "Mozilla/4.0 (compatible; MSIE 7.0; Windows NT 5.1)"
68.115.94.31 - - [14/Dec/2008:13:00:45 -0500] "GET /gifs/nakedman.gif HTTP/1.1" 200 7734 "http://www.toastpoint.com/limerick/naut599.html" "Mozilla/4.0 (compatible; MSIE 7.0; Windows NT 5.1)"
68.115.94.31 - - [14/Dec/2008:13:00:45 -0500] "GET /gifs/goldstar.jpg HTTP/1.1" 200 1854 "http://www.toastpoint.com/limerick/naut599.html" "Mozilla/4.0 (compatible; MSIE 7.0; Windows NT 5.1)"
216.183.81.221 - - [14/Dec/2008:13:09:50 -0500] "GET / HTTP/1.0" 200 464 "-" "Wget/1.10.2"
216.183.81.221 - - [14/Dec/2008:13:09:50 -0500] "GET /robots.txt HTTP/1.0" 404 693 "-" "Wget/1.10.2"
216.183.81.221 - - [14/Dec/2008:13:09:51 -0500] "GET /toastpointtopleft.html HTTP/1.0" 200 162 "http://www.toastpoint.com/" "Wget/1.10.2"
216.183.81.221 - - [14/Dec/2008:13:09:51 -0500] "GET /toastpointtoc.html HTTP/1.0" 200 1188 "http://www.toastpoint.com/" "Wget/1.10.2"
216.183.81.221 - - [14/Dec/2008:13:09:51 -0500] "GET /news.html HTTP/1.0" 200 17706 "http://www.toastpoint.com/" "Wget/1.10.2"
216.183.81.221 - - [14/Dec/2008:13:09:51 -0500] "GET /toastpointtopright.html HTTP/1.0" 200 151 "http://www.toastpoint.com/" "Wget/1.10.2"
216.183.81.221 - - [14/Dec/2008:13:09:52 -0500] "GET /tpnews.html HTTP/1.0" 200 8305 "http://www.toastpoint.com/" "Wget/1.10.2"
78.148.83.114 - - [14/Dec/2008:13:15:34 -0500] "GET /gifs/nakedman.gif HTTP/1.1" 200 7734 "http://www.toastpoint.com/limerick/naut199.html" "Mozilla/5.0 (Windows; U; Windows NT 5.1; en-GB; rv:1.9.0.4) Gecko/2008102920 Firefox/3.0.4"
78.148.83.114 - - [14/Dec/2008:13:15:34 -0500] "GET /gifs/boobies.gif HTTP/1.1" 200 11144 "http://www.toastpoint.com/limerick/naut199.html" "Mozilla/5.0 (Windows; U; Windows NT 5.1; en-GB; rv:1.9.0.4) Gecko/2008102920 Firefox/3.0.4"
78.148.83.114 - - [14/Dec/2008:13:15:34 -0500] "GET /limerick/naut199.html HTTP/1.1" 200 34481 "http://www.google.co.uk/search?client=firefox-a&rls=org.mozilla%3Aen-GB%3Aofficial&channel=s&hl=en&q=Naughty+Limerick&meta=&btnG=Google+Search" "Mozilla/5.0 (Windows; U; Windows NT 5.1; en-GB; rv:1.9.0.4) Gecko/2008102920 Firefox/3.0.4"
78.148.83.114 - - [14/Dec/2008:13:15:34 -0500] "GET /gifs/goldstar.jpg HTTP/1.1" 200 1854 "http://www.toastpoint.com/limerick/naut199.html" "Mozilla/5.0 (Windows; U; Windows NT 5.1; en-GB; rv:1.9.0.4) Gecko/2008102920 Firefox/3.0.4"
78.148.83.114 - - [14/Dec/2008:13:15:35 -0500] "GET /favicon.ico HTTP/1.1" 404 693 "-" "Mozilla/5.0 (Windows; U; Windows NT 5.1; en-GB; rv:1.9.0.4) Gecko/2008102920 Firefox/3.0.4"
78.148.83.114 - - [14/Dec/2008:13:15:38 -0500] "GET /favicon.ico HTTP/1.1" 404 693 "-" "Mozilla/5.0 (Windows; U; Windows NT 5.1; en-GB; rv:1.9.0.4) Gecko/2008102920 Firefox/3.0.4"
124.115.0.15 - - [14/Dec/2008:13:34:51 -0500] "GET /robots.txt HTTP/1.1" 404 693 "http://www.toastpoint.com/robots.txt" "Sosospider+(+http://help.soso.com/webspider.htm)"
208.36.144.8 - - [14/Dec/2008:13:39:27 -0500] "GET /rapture/hagss.html HTTP/1.0" 200 594 "-" "Mozilla/5.0 (Twiceler-0.9 http://www.cuil.com/twiceler/robot.html)"
208.80.194.48 - - [14/Dec/2008:13:42:25 -0500] "GET / HTTP/1.0" 200 464 "-" "Mozilla/4.0 (compatible; MSIE 6.0; Windows NT 5.1; SV1; .NET CLR 1.1.4322; InfoPath.1; SpamBlockerUtility 4.8.0)"
81.52.143.16 - - [14/Dec/2008:14:05:37 -0500] "GET /limerick/1998/nice698.html HTTP/1.1" 200 24183 "-" "Mozilla/5.0 (Windows; U; Windows NT 5.1; fr; rv:1.8.1) VoilaBot BETA 1.2 (support.voilabot@orange-ftgroup.com)"
65.55.217.44 - - [14/Dec/2008:14:08:51 -0500] "GET /welcome.html HTTP/1.1" 200 418 "-" "msnbot-media/1.1 (+http://search.msn.com/msnbot.htm)"
75.83.127.94 - - [14/Dec/2008:14:13:49 -0500] "GET http://www.toastpoint.com/ HTTP/1.0" 200 464 "-" "Mozilla/4.0 (compatible; MSIE 7.0b; Windows NT 6.0)"
75.83.127.94 - - [14/Dec/2008:14:13:57 -0500] "GET http://www.toastpoint.com/ HTTP/1.0" 200 464 "-" "Mozilla/4.0 (compatible; MSIE 7.0b; Windows NT 6.0)"
75.83.127.94 - - [14/Dec/2008:14:15:16 -0500] "GET http://www.toastpoint.com/ HTTP/1.0" 200 464 "-" "Mozilla/4.0 (compatible; MSIE 7.0b; Windows NT 6.0)"
75.83.127.94 - - [14/Dec/2008:14:17:39 -0500] "GET http://www.toastpoint.com/ HTTP/1.0" 200 464 "-" "Mozilla/4.0 (compatible; MSIE 7.0b; Windows NT 6.0)"
81.52.143.15 - - [14/Dec/2008:14:29:09 -0500] "GET /fiction/fict599.html HTTP/1.1" 200 7512 "-" "Mozilla/5.0 (Windows; U; Windows NT 5.1; fr; rv:1.8.1) VoilaBot BETA 1.2 (support.voilabot@orange-ftgroup.com)"
74.6.17.121 - - [14/Dec/2008:14:40:20 -0500] "GET /robots.txt HTTP/1.0" 404 693 "-" "Mozilla/5.0 (compatible; Yahoo! Slurp; http://help.yahoo.com/help/us/ysearch/slurp)"
74.6.30.101 - - [14/Dec/2008:14:40:21 -0500] "GET / HTTP/1.0" 200 464 "-" "Mozilla/5.0 (compatible; Yahoo! DE Slurp; http://help.yahoo.com/help/us/ysearch/slurp)"
74.6.30.101 - - [14/Dec/2008:14:40:22 -0500] "GET /toastpointtopleft.html HTTP/1.0" 200 162 "-" "Mozilla/5.0 (compatible; Yahoo! DE Slurp; http://help.yahoo.com/help/us/ysearch/slurp)"
74.6.30.101 - - [14/Dec/2008:14:40:24 -0500] "GET /toastpointtoc.html HTTP/1.0" 200 1188 "-" "Mozilla/5.0 (compatible; Yahoo! DE Slurp; http://help.yahoo.com/help/us/ysearch/slurp)"
74.6.30.101 - - [14/Dec/2008:14:40:24 -0500] "GET /news.html HTTP/1.0" 200 17706 "-" "Mozilla/5.0 (compatible; Yahoo! DE Slurp; http://help.yahoo.com/help/us/ysearch/slurp)"
74.6.30.101 - - [14/Dec/2008:14:40:24 -0500] "GET /toastpointtopright.html HTTP/1.0" 200 151 "-" "Mozilla/5.0 (compatible; Yahoo! DE Slurp; http://help.yahoo.com/help/us/ysearch/slurp)"
74.6.30.101 - - [14/Dec/2008:14:40:25 -0500] "GET /tpnews.html HTTP/1.0" 200 8305 "-" "Mozilla/5.0 (compatible; Yahoo! DE Slurp; http://help.yahoo.com/help/us/ysearch/slurp)"
208.80.194.53 - - [14/Dec/2008:14:50:49 -0500] "GET / HTTP/1.0" 200 464 "-" "Mozilla/4.0 (compatible; MSIE 7.0; Windows NT 5.1; byond_3.5)"
81.52.143.15 - - [14/Dec/2008:15:30:50 -0500] "GET /limerick/1996/naut596.html HTTP/1.1" 200 28755 "-" "Mozilla/5.0 (Windows; U; Windows NT 5.1; fr; rv:1.8.1) VoilaBot BETA 1.2 (support.voilabot@orange-ftgroup.com)"
193.252.149.16 - - [14/Dec/2008:15:54:44 -0500] "GET /robots.txt HTTP/1.1" 404 693 "-" "Mozilla/5.0 (Windows; U; Windows NT 5.1; fr; rv:1.8.1) VoilaBot BETA 1.2 (support.voilabot@orange-ftgroup.com)"
193.252.149.16 - - [14/Dec/2008:15:54:58 -0500] "GET /fiction/fiction.html HTTP/1.1" 200 2705 "-" "Mozilla/5.0 (Windows; U; Windows NT 5.1; fr; rv:1.8.1) VoilaBot BETA 1.2 (support.voilabot@orange-ftgroup.com)"
81.52.143.15 - - [14/Dec/2008:16:07:09 -0500] "GET /limerick/nice399.html HTTP/1.1" 200 31092 "-" "Mozilla/5.0 (Windows; U; Windows NT 5.1; fr; rv:1.8.1) VoilaBot BETA 1.2 (support.voilabot@orange-ftgroup.com)"
216.183.81.221 - - [14/Dec/2008:16:20:42 -0500] "GET / HTTP/1.1" 304 - "-" "Wget/1.10.2"
72.30.142.248 - - [14/Dec/2008:16:24:57 -0500] "GET /robots.txt HTTP/1.0" 404 693 "-" "Mozilla/5.0 (compatible; Yahoo! Slurp; http://help.yahoo.com/help/us/ysearch/slurp)"
193.252.149.15 - - [14/Dec/2008:16:26:20 -0500] "GET /limerick/1998/nice398.html HTTP/1.1" 200 36584 "-" "Mozilla/5.0 (Windows; U; Windows NT 5.1; fr; rv:1.8.1) VoilaBot BETA 1.2 (support.voilabot@orange-ftgroup.com)"
81.52.143.26 - - [14/Dec/2008:16:45:27 -0500] "GET /haiku/?D=A HTTP/1.1" 403 563 "-" "Mozilla/5.0 (Windows; U; Windows NT 5.1; fr; rv:1.8.1) VoilaBot BETA 1.2 (support.voilabot@orange-ftgroup.com)"
66.235.124.8 - - [14/Dec/2008:16:47:57 -0500] "GET /robots.txt HTTP/1.1" 404 693 "-" "Mozilla/5.0 (compatible; Ask Jeeves/Teoma; +http://about.ask.com/en/docs/about/webmasters.shtml)"
66.235.124.8 - - [14/Dec/2008:16:48:03 -0500] "GET /limerick/1998/naut1298.html HTTP/1.1" 200 31614 "-" "Mozilla/5.0 (compatible; Ask Jeeves/Teoma; +http://about.ask.com/en/docs/about/webmasters.shtml)"
193.252.149.15 - - [14/Dec/2008:17:05:54 -0500] "GET /haiku/haikufrm.html HTTP/1.1" 200 534 "-" "Mozilla/5.0 (Windows; U; Windows NT 5.1; fr; rv:1.8.1) VoilaBot BETA 1.2 (support.voilabot@orange-ftgroup.com)"
193.252.149.15 - - [14/Dec/2008:17:06:57 -0500] "GET /haiku/haiku299.html HTTP/1.1" 200 68017 "-" "Mozilla/5.0 (Windows; U; Windows NT 5.1; fr; rv:1.8.1) VoilaBot BETA 1.2 (support.voilabot@orange-ftgroup.com)"
81.52.143.15 - - [14/Dec/2008:17:37:33 -0500] "GET /limerick/nice599.html HTTP/1.1" 200 26033 "-" "Mozilla/5.0 (Windows; U; Windows NT 5.1; fr; rv:1.8.1) VoilaBot BETA 1.2 (support.voilabot@orange-ftgroup.com)"
76.65.21.67 - - [14/Dec/2008:18:10:50 -0500] "GET /gifs/goldstar.jpg HTTP/1.1" 200 1854 "-" "Mozilla/4.0 (compatible; MSIE 7.0; Windows NT 5.1; FunWebProducts; SPOENB/1.0; AntivirXP08; .NET CLR 1.1.4322; SPOENB/1.0)"
208.80.194.34 - - [14/Dec/2008:18:18:31 -0500] "GET / HTTP/1.0" 200 464 "-" "Mozilla/4.0 (compatible; MSIE 7.0; Windows NT 5.1; ntlworld v2.0; .NET CLR 1.1.4322)"
124.115.10.193 - - [14/Dec/2008:18:20:35 -0500] "GET / HTTP/1.1" 200 464 "http://www.toastpoint.com/" "Mozilla/4.0 (compatible; MSIE 6.0; Windows NT 5.1)"
124.115.10.193 - - [14/Dec/2008:18:20:49 -0500] "GET /toastpointtopleft.html HTTP/1.1" 200 162 "http://www.toastpoint.com/toastpointtopleft.html" "Mozilla/4.0 (compatible; MSIE 6.0; Windows NT 5.1)"
124.115.10.193 - - [14/Dec/2008:18:20:50 -0500] "GET /toastpointtoc.html HTTP/1.1" 200 1188 "http://www.toastpoint.com/toastpointtoc.html" "Mozilla/4.0 (compatible; MSIE 6.0; Windows NT 5.1)"
124.115.10.193 - - [14/Dec/2008:18:20:51 -0500] "GET /news.html HTTP/1.1" 200 17706 "http://www.toastpoint.com/news.html" "Mozilla/4.0 (compatible; MSIE 6.0; Windows NT 5.1)"
124.115.10.193 - - [14/Dec/2008:18:20:52 -0500] "GET /toastpointtopright.html HTTP/1.1" 200 151 "http://www.toastpoint.com/toastpointtopright.html" "Mozilla/4.0 (compatible; MSIE 6.0; Windows NT 5.1)"
124.115.10.193 - - [14/Dec/2008:18:20:57 -0500] "GET /tpnews.html HTTP/1.1" 200 8305 "http://www.toastpoint.com/tpnews.html" "Mozilla/4.0 (compatible; MSIE 6.0; Windows NT 5.1)"
124.115.1.60 - - [14/Dec/2008:18:25:24 -0500] "GET / HTTP/1.1" 200 464 "http://www.toastpoint.com/" "Mozilla/4.0 (compatible; MSIE 6.0; Windows NT 5.1)"
124.115.1.60 - - [14/Dec/2008:18:25:35 -0500] "GET /toastpointtopleft.html HTTP/1.1" 200 162 "http://www.toastpoint.com/toastpointtopleft.html" "Mozilla/4.0 (compatible; MSIE 6.0; Windows NT 5.1)"
124.115.1.60 - - [14/Dec/2008:18:25:36 -0500] "GET /toastpointtoc.html HTTP/1.1" 200 1188 "http://www.toastpoint.com/toastpointtoc.html" "Mozilla/4.0 (compatible; MSIE 6.0; Windows NT 5.1)"
124.115.1.60 - - [14/Dec/2008:18:25:40 -0500] "GET /news.html HTTP/1.1" 200 17706 "http://www.toastpoint.com/news.html" "Mozilla/4.0 (compatible; MSIE 6.0; Windows NT 5.1)"
124.115.1.60 - - [14/Dec/2008:18:25:41 -0500] "GET /toastpointtopright.html HTTP/1.1" 200 151 "http://www.toastpoint.com/toastpointtopright.html" "Mozilla/4.0 (compatible; MSIE 6.0; Windows NT 5.1)"
124.115.1.60 - - [14/Dec/2008:18:25:42 -0500] "GET /tpnews.html HTTP/1.1" 200 8305 "http://www.toastpoint.com/tpnews.html" "Mozilla/4.0 (compatible; MSIE 6.0; Windows NT 5.1)"
204.253.82.210 - - [14/Dec/2008:18:26:40 -0500] "GET /rapture/tbj-jury.gif HTTP/1.1" 200 3904 "http://images.ask.com/fr?q=Definition+of+Jury+Trial&desturi=http%3A%2F%2Fwww.toastpoint.com%2Frapture%2Frapture.html&imagesrc=http%3A%2F%2Fwww.toastpoint.com%2Frapture%2Ftbj-jury.gif&thumbsrc=http%3A%2F%2F66.235.120.64%2Fts%3Ft%3D2656937575207208691%26pid%3D23296%26ppid%3D0&o=0&l=dir&thumbuselocalisedstatic=false&fn=tbj-jury.gif&imagewidth=250&imageheight=212&fs=3&ft=gif&f=2&fm=i&ftbURI=http%3A%2F%2Fimages.ask.com%2Fpictures%3Fq%3DDefinition%2Bof%2BJury%2BTrial%26page%3D1%26o%3D0%26l%3Ddir%26pstart%3D0&qt=0&ac=3&ejs=http%3A%2F%2Fimages.ask.com%2Ffr%3Fq%3DDefinition%2Bof%2BJury%2BTrial%26desturi%3Dhttp%253A%252F%252Fwww.toastpoint.com%252Frapture%252Frapture.html%26fm%3Di%26ac%3D3%26ftURI%3Dhttp%253A%252F%252Fimages.ask.com%252Ffr%253Fq%253DDefinition%252Bof%252BJury%252BTrial%2526desturi%253Dhttp%25253A%25252F%25252Fwww.toastpoint.com%25252Frapture%25252Frapture.html%2526imagesrc%253Dhttp%25253A%25252F%25252Fwww.toastpoint.com%25252Frapture%25252Ftbj-jury.gif%2526thumbsrc%253Dhttp%25253A%25252F%25252F66.235.120.64%25252Fts%25253Ft%25253D2656937575207208691%252526pid%25253D23296%252526ppid%25253D0%2526o%253D0%2526l%253Ddir%2526thumbuselocalisedstatic%253Dfalse%2526fn%253Dtbj-jury.gif%2526imagewidth%253D250%2526imageheight%253D212%2526fs%253D3%2526ft%253Dgif%2526f%253D2%2526fm%253Di%2526ftbURI%253Dhttp%25253A%25252F%25252Fimages.ask.com%25252Fpictures%25253Fq%25253DDefinition%25252Bof%25252BJury%25252BTrial%252526page%25253D1%252526o%25253D0%252526l%25253Ddir%252526pstart%25253D0%26qt%3D0" "Mozilla/4.0 (compatible; MSIE 7.0; Windows NT 5.1; .NET CLR 1.1.4322; .NET CLR 2.0.50727; .NET CLR 3.0.04506.30; .NET CLR 3.0.04506.648)"
204.253.82.210 - - [14/Dec/2008:18:26:40 -0500] "GET /favicon.ico HTTP/1.1" 404 693 "-" "Mozilla/4.0 (compatible; MSIE 7.0; Windows NT 5.1; .NET CLR 1.1.4322; .NET CLR 2.0.50727; .NET CLR 3.0.04506.30; .NET CLR 3.0.04506.648)"
204.253.82.210 - - [14/Dec/2008:18:27:44 -0500] "GET /rapture/rapture.html HTTP/1.1" 200 22564 "http://images.ask.com/fr?q=Definition+of+Jury+Trial&desturi=http%3A%2F%2Fwww.toastpoint.com%2Frapture%2Frapture.html&fm=i&ac=3&ftURI=http%3A%2F%2Fimages.ask.com%2Ffr%3Fq%3DDefinition%2Bof%2BJury%2BTrial%26desturi%3Dhttp%253A%252F%252Fwww.toastpoint.com%252Frapture%252Frapture.html%26imagesrc%3Dhttp%253A%252F%252Fwww.toastpoint.com%252Frapture%252Ftbj-jury.gif%26thumbsrc%3Dhttp%253A%252F%252F66.235.120.64%252Fts%253Ft%253D2656937575207208691%2526pid%253D23296%2526ppid%253D0%26o%3D0%26l%3Ddir%26thumbuselocalisedstatic%3Dfalse%26fn%3Dtbj-jury.gif%26imagewidth%3D250%26imageheight%3D212%26fs%3D3%26ft%3Dgif%26f%3D2%26fm%3Di%26ftbURI%3Dhttp%253A%252F%252Fimages.ask.com%252Fpictures%253Fq%253DDefinition%252Bof%252BJury%252BTrial%2526page%253D1%2526o%253D0%2526l%253Ddir%2526pstart%253D0&qt=0" "Mozilla/4.0 (compatible; MSIE 7.0; Windows NT 5.1; .NET CLR 1.1.4322; .NET CLR 2.0.50727; .NET CLR 3.0.04506.30; .NET CLR 3.0.04506.648)"
204.253.82.210 - - [14/Dec/2008:18:27:44 -0500] "GET /rapture/hms-dick.gif HTTP/1.1" 200 3100 "-" "Mozilla/4.0 (compatible;)"
204.253.82.210 - - [14/Dec/2008:18:27:44 -0500] "GET /rapture/sor-well.gif HTTP/1.1" 200 2583 "-" "Mozilla/4.0 (compatible;)"
204.253.82.210 - - [14/Dec/2008:18:27:44 -0500] "GET /rapture/pirates.gif HTTP/1.1" 200 4045 "-" "Mozilla/4.0 (compatible;)"
204.253.82.210 - - [14/Dec/2008:18:27:44 -0500] "GET /rapture/bunthorne.gif HTTP/1.1" 200 3137 "-" "Mozilla/4.0 (compatible;)"
204.253.82.210 - - [14/Dec/2008:18:27:44 -0500] "GET /rapture/rud-spec.gif HTTP/1.1" 200 2489 "-" "Mozilla/4.0 (compatible;)"
204.253.82.210 - - [14/Dec/2008:18:27:44 -0500] "GET /rapture/mik-lips.gif HTTP/1.1" 200 3352 "-" "Mozilla/4.0 (compatible;)"
204.253.82.210 - - [14/Dec/2008:18:27:44 -0500] "GET /rapture/ida-monk.gif HTTP/1.1" 200 3753 "-" "Mozilla/4.0 (compatible;)"
204.253.82.210 - - [14/Dec/2008:18:27:44 -0500] "GET /rapture/iolanthe.gif HTTP/1.1" 200 2814 "-" "Mozilla/4.0 (compatible;)"
204.253.82.210 - - [14/Dec/2008:18:27:44 -0500] "GET /rapture/yeo-song.gif HTTP/1.1" 200 2781 "-" "Mozilla/4.0 (compatible;)"
204.253.82.210 - - [14/Dec/2008:18:27:44 -0500] "GET /rapture/gon-baby.gif HTTP/1.1" 200 2847 "-" "Mozilla/4.0 (compatible;)"
204.253.82.210 - - [14/Dec/2008:18:27:44 -0500] "GET /rapture/uto-look.gif HTTP/1.1" 200 3823 "-" "Mozilla/4.0 (compatible;)"
124.115.1.66 - - [14/Dec/2008:18:33:52 -0500] "GET / HTTP/1.1" 200 464 "http://www.toastpoint.com/" "Mozilla/4.0 (compatible; MSIE 6.0; Windows NT 5.1)"
124.115.1.66 - - [14/Dec/2008:18:34:04 -0500] "GET /toastpointtopleft.html HTTP/1.1" 200 162 "http://www.toastpoint.com/toastpointtopleft.html" "Mozilla/4.0 (compatible; MSIE 6.0; Windows NT 5.1)"
124.115.1.66 - - [14/Dec/2008:18:34:07 -0500] "GET /toastpointtoc.html HTTP/1.1" 200 1188 "http://www.toastpoint.com/toastpointtoc.html" "Mozilla/4.0 (compatible; MSIE 6.0; Windows NT 5.1)"
124.115.1.66 - - [14/Dec/2008:18:34:08 -0500] "GET /news.html HTTP/1.1" 200 17706 "http://www.toastpoint.com/news.html" "Mozilla/4.0 (compatible; MSIE 6.0; Windows NT 5.1)"
124.115.1.66 - - [14/Dec/2008:18:34:09 -0500] "GET /toastpointtopright.html HTTP/1.1" 200 151 "http://www.toastpoint.com/toastpointtopright.html" "Mozilla/4.0 (compatible; MSIE 6.0; Windows NT 5.1)"
124.115.1.66 - - [14/Dec/2008:18:34:10 -0500] "GET /tpnews.html HTTP/1.1" 200 8305 "http://www.toastpoint.com/tpnews.html" "Mozilla/4.0 (compatible; MSIE 6.0; Windows NT 5.1)"
208.111.154.15 - - [14/Dec/2008:18:39:03 -0500] "GET /robots.txt HTTP/1.0" 404 693 "-" "Mozilla/5.0 (compatible; Charlotte/1.1; http://www.searchme.com/support/)"
71.207.132.251 - - [14/Dec/2008:18:52:34 -0500] "GET /limerick/1998/nice1298.html HTTP/1.1" 200 22822 "http://www.google.com/search?hl=en&q=Albigon+chevy" "Mozilla/4.0 (compatible; MSIE 7.0; Windows NT 5.1; .NET CLR 1.1.4322)"
71.207.132.251 - - [14/Dec/2008:18:52:34 -0500] "GET /gifs/birdumb2.gif HTTP/1.1" 200 4698 "http://www.toastpoint.com/limerick/1998/nice1298.html" "Mozilla/4.0 (compatible; MSIE 7.0; Windows NT 5.1; .NET CLR 1.1.4322)"
71.207.132.251 - - [14/Dec/2008:18:52:34 -0500] "GET /gifs/birdumb.gif HTTP/1.1" 200 4704 "http://www.toastpoint.com/limerick/1998/nice1298.html" "Mozilla/4.0 (compatible; MSIE 7.0; Windows NT 5.1; .NET CLR 1.1.4322)"
