98.229.85.31 - - [04/Mar/2009:00:07:15 -0500] "GET /favicon.ico HTTP/1.1" 404 693 "http://www.toastpoint.com/bio.html" "Mozilla/5.0 (Macintosh; U; Intel Mac OS X 10_5_6; en-us) AppleWebKit/525.27.1 (KHTML, like Gecko) Version/3.2.1 Safari/525.27.1"
98.229.85.31 - - [04/Mar/2009:00:07:15 -0500] "GET /bio.html HTTP/1.1" 200 7868 "http://www.toastpoint.com/bio.html" "Mozilla/5.0 (Macintosh; U; Intel Mac OS X 10_5_6; en-us) AppleWebKit/525.27.1 (KHTML, like Gecko) Version/3.2.1 Safari/525.27.1"
98.229.85.31 - - [04/Mar/2009:00:07:16 -0500] "GET /gifs/mom&dad.jpg HTTP/1.1" 200 6709 "http://www.toastpoint.com/bio.html" "Mozilla/5.0 (Macintosh; U; Intel Mac OS X 10_5_6; en-us) AppleWebKit/525.27.1 (KHTML, like Gecko) Version/3.2.1 Safari/525.27.1"
98.229.85.31 - - [04/Mar/2009:00:07:16 -0500] "GET /gifs/eric.jpg HTTP/1.1" 200 19411 "http://www.toastpoint.com/bio.html" "Mozilla/5.0 (Macintosh; U; Intel Mac OS X 10_5_6; en-us) AppleWebKit/525.27.1 (KHTML, like Gecko) Version/3.2.1 Safari/525.27.1"
98.229.85.31 - - [04/Mar/2009:00:07:16 -0500] "GET /gifs/samp.jpg HTTP/1.1" 200 2907 "http://www.toastpoint.com/bio.html" "Mozilla/5.0 (Macintosh; U; Intel Mac OS X 10_5_6; en-us) AppleWebKit/525.27.1 (KHTML, like Gecko) Version/3.2.1 Safari/525.27.1"
98.229.85.31 - - [04/Mar/2009:00:07:16 -0500] "GET /gifs/leopold.jpg HTTP/1.1" 200 38609 "http://www.toastpoint.com/bio.html" "Mozilla/5.0 (Macintosh; U; Intel Mac OS X 10_5_6; en-us) AppleWebKit/525.27.1 (KHTML, like Gecko) Version/3.2.1 Safari/525.27.1"
67.41.74.24 - - [04/Mar/2009:00:07:31 -0500] "GET /favicon.ico HTTP/1.1" 404 693 "-" "Mozilla/5.0 (Windows; U; Windows NT 5.1; en-US; rv:1.9.0.6) Gecko/2009011913 Firefox/3.0.6"
67.41.74.24 - - [04/Mar/2009:00:07:31 -0500] "GET /bio.html HTTP/1.1" 200 7868 "-" "Mozilla/5.0 (Windows; U; Windows NT 5.1; en-US; rv:1.9.0.6) Gecko/2009011913 Firefox/3.0.6"
67.41.74.24 - - [04/Mar/2009:00:07:32 -0500] "GET /gifs/eric.jpg HTTP/1.1" 200 19411 "http://www.toastpoint.com/bio.html" "Mozilla/5.0 (Windows; U; Windows NT 5.1; en-US; rv:1.9.0.6) Gecko/2009011913 Firefox/3.0.6"
67.41.74.24 - - [04/Mar/2009:00:07:32 -0500] "GET /gifs/samp.jpg HTTP/1.1" 200 2907 "http://www.toastpoint.com/bio.html" "Mozilla/5.0 (Windows; U; Windows NT 5.1; en-US; rv:1.9.0.6) Gecko/2009011913 Firefox/3.0.6"
67.41.74.24 - - [04/Mar/2009:00:07:32 -0500] "GET /gifs/mom&dad.jpg HTTP/1.1" 200 6709 "http://www.toastpoint.com/bio.html" "Mozilla/5.0 (Windows; U; Windows NT 5.1; en-US; rv:1.9.0.6) Gecko/2009011913 Firefox/3.0.6"
67.41.74.24 - - [04/Mar/2009:00:07:32 -0500] "GET /gifs/leopold.jpg HTTP/1.1" 200 38609 "http://www.toastpoint.com/bio.html" "Mozilla/5.0 (Windows; U; Windows NT 5.1; en-US; rv:1.9.0.6) Gecko/2009011913 Firefox/3.0.6"
67.41.74.24 - - [04/Mar/2009:00:07:34 -0500] "GET /favicon.ico HTTP/1.1" 404 693 "-" "Mozilla/5.0 (Windows; U; Windows NT 5.1; en-US; rv:1.9.0.6) Gecko/2009011913 Firefox/3.0.6"
67.41.74.24 - - [04/Mar/2009:00:07:34 -0500] "GET /favicon.ico HTTP/1.1" 404 693 "-" "Mozilla/5.0 (Windows; U; Windows NT 5.1; en-US; rv:1.9.0.6) Gecko/2009011913 Firefox/3.0.6"
66.249.65.225 - - [04/Mar/2009:00:23:24 -0500] "GET /fiction/fict98/fict98.html HTTP/1.1" 200 1540 "-" "SAMSUNG-SGH-E250/1.0 Profile/MIDP-2.0 Configuration/CLDC-1.1 UP.Browser/6.2.3.3.c.1.101 (GUI) MMP/2.0 (compatible; Googlebot-Mobile/2.1; +http://www.google.com/bot.html)"
66.249.65.225 - - [04/Mar/2009:00:23:53 -0500] "GET /robots.txt HTTP/1.1" 404 693 "-" "SAMSUNG-SGH-E250/1.0 Profile/MIDP-2.0 Configuration/CLDC-1.1 UP.Browser/6.2.3.3.c.1.101 (GUI) MMP/2.0 (compatible; Googlebot-Mobile/2.1; +http://www.google.com/bot.html)"
66.249.65.234 - - [04/Mar/2009:00:23:53 -0500] "GET /fiction/novels/peak1-2.html HTTP/1.1" 200 2302 "-" "SAMSUNG-SGH-E250/1.0 Profile/MIDP-2.0 Configuration/CLDC-1.1 UP.Browser/6.2.3.3.c.1.101 (GUI) MMP/2.0 (compatible; Googlebot-Mobile/2.1; +http://www.google.com/bot.html)"
98.246.80.10 - - [04/Mar/2009:00:27:45 -0500] "GET /favicon.ico HTTP/1.1" 404 693 "-" "Mozilla/5.0 (Windows; U; Windows NT 5.1; en-US) AppleWebKit/525.19 (KHTML, like Gecko) Chrome/1.0.154.48 Safari/525.19"
98.246.80.10 - - [04/Mar/2009:00:27:45 -0500] "GET /limerick/nice299.html HTTP/1.1" 200 28130 "http://www.toastpoint.com/limerick/nice299.html" "Mozilla/5.0 (Windows; U; Windows NT 5.1; en-US) AppleWebKit/525.19 (KHTML, like Gecko) Chrome/1.0.154.48 Safari/525.19"
98.246.80.10 - - [04/Mar/2009:00:27:45 -0500] "GET /gifs/birdumb2.gif HTTP/1.1" 200 4698 "http://www.toastpoint.com/limerick/nice299.html" "Mozilla/5.0 (Windows; U; Windows NT 5.1; en-US) AppleWebKit/525.19 (KHTML, like Gecko) Chrome/1.0.154.48 Safari/525.19"
98.246.80.10 - - [04/Mar/2009:00:27:46 -0500] "GET /gifs/birdumb.gif HTTP/1.1" 200 4704 "http://www.toastpoint.com/limerick/nice299.html" "Mozilla/5.0 (Windows; U; Windows NT 5.1; en-US) AppleWebKit/525.19 (KHTML, like Gecko) Chrome/1.0.154.48 Safari/525.19"
98.246.80.10 - - [04/Mar/2009:00:27:46 -0500] "GET /gifs/goldstar.jpg HTTP/1.1" 200 1854 "http://www.toastpoint.com/limerick/nice299.html" "Mozilla/5.0 (Windows; U; Windows NT 5.1; en-US) AppleWebKit/525.19 (KHTML, like Gecko) Chrome/1.0.154.48 Safari/525.19"
66.235.124.8 - - [04/Mar/2009:00:38:50 -0500] "GET /fiction/fict9596/fict896.html HTTP/1.1" 200 27993 "-" "Mozilla/5.0 (compatible; Ask Jeeves/Teoma; +http://about.ask.com/en/docs/about/webmasters.shtml)"
208.115.111.245 - - [04/Mar/2009:00:56:32 -0500] "GET /robots.txt HTTP/1.1" 404 693 "-" "Mozilla/5.0 (compatible; DotBot/1.1; http://www.dotnetdotcom.org/, crawler@dotnetdotcom.org)"
66.249.65.241 - - [04/Mar/2009:01:17:21 -0500] "GET /limerick/1997/nice697.html HTTP/1.1" 200 18475 "-" "SAMSUNG-SGH-E250/1.0 Profile/MIDP-2.0 Configuration/CLDC-1.1 UP.Browser/6.2.3.3.c.1.101 (GUI) MMP/2.0 (compatible; Googlebot-Mobile/2.1; +http://www.google.com/bot.html)"
66.249.65.227 - - [04/Mar/2009:01:17:41 -0500] "GET /fiction/fict97/fict697.html HTTP/1.1" 200 13490 "-" "SAMSUNG-SGH-E250/1.0 Profile/MIDP-2.0 Configuration/CLDC-1.1 UP.Browser/6.2.3.3.c.1.101 (GUI) MMP/2.0 (compatible; Googlebot-Mobile/2.1; +http://www.google.com/bot.html)"
208.111.154.16 - - [04/Mar/2009:01:22:17 -0500] "GET /robots.txt HTTP/1.1" 404 693 "-" "Mozilla/5.0 (compatible; Charlotte/1.1; http://www.searchme.com/support/)"
124.115.1.66 - - [04/Mar/2009:01:25:03 -0500] "GET / HTTP/1.1" 200 464 "http://www.toastpoint.com/" "Mozilla/4.0 (compatible; MSIE 6.0; Windows NT 5.1)"
124.115.1.66 - - [04/Mar/2009:01:25:14 -0500] "GET /toastpointtopleft.html HTTP/1.1" 200 162 "http://www.toastpoint.com/toastpointtopleft.html" "Mozilla/4.0 (compatible; MSIE 6.0; Windows NT 5.1)"
124.115.1.66 - - [04/Mar/2009:01:25:15 -0500] "GET /toastpointtoc.html HTTP/1.1" 200 1188 "http://www.toastpoint.com/toastpointtoc.html" "Mozilla/4.0 (compatible; MSIE 6.0; Windows NT 5.1)"
124.115.1.66 - - [04/Mar/2009:01:25:16 -0500] "GET /news.html HTTP/1.1" 200 17706 "http://www.toastpoint.com/news.html" "Mozilla/4.0 (compatible; MSIE 6.0; Windows NT 5.1)"
124.115.1.66 - - [04/Mar/2009:01:25:18 -0500] "GET /toastpointtopright.html HTTP/1.1" 200 151 "http://www.toastpoint.com/toastpointtopright.html" "Mozilla/4.0 (compatible; MSIE 6.0; Windows NT 5.1)"
124.115.1.66 - - [04/Mar/2009:01:25:20 -0500] "GET /tpnews.html HTTP/1.1" 200 8305 "http://www.toastpoint.com/tpnews.html" "Mozilla/4.0 (compatible; MSIE 6.0; Windows NT 5.1)"
81.52.143.16 - - [04/Mar/2009:01:29:07 -0500] "GET /welcome.html HTTP/1.1" 200 418 "-" "Mozilla/5.0 (Windows; U; Windows NT 5.1; fr; rv:1.8.1) VoilaBot BETA 1.2 (support.voilabot@orange-ftgroup.com)"
75.86.145.51 - - [04/Mar/2009:01:30:37 -0500] "GET /favicon.ico HTTP/1.1" 404 693 "-" "Mozilla/4.0 (compatible; MSIE 7.0; Windows NT 5.1; .NET CLR 1.0.3705; .NET CLR 1.1.4322; Media Center PC 4.0; .NET CLR 2.0.50727)"
75.86.145.51 - - [04/Mar/2009:01:30:37 -0500] "GET /limerick/naut199.html HTTP/1.1" 200 34481 "-" "Mozilla/4.0 (compatible; MSIE 7.0; Windows NT 5.1; .NET CLR 1.0.3705; .NET CLR 1.1.4322; Media Center PC 4.0; .NET CLR 2.0.50727)"
75.86.145.51 - - [04/Mar/2009:01:30:37 -0500] "GET /gifs/boobies.gif HTTP/1.1" 200 11144 "http://www.toastpoint.com/limerick/naut199.html" "Mozilla/4.0 (compatible; MSIE 7.0; Windows NT 5.1; .NET CLR 1.0.3705; .NET CLR 1.1.4322; Media Center PC 4.0; .NET CLR 2.0.50727)"
75.86.145.51 - - [04/Mar/2009:01:30:37 -0500] "GET /gifs/nakedman.gif HTTP/1.1" 200 7734 "http://www.toastpoint.com/limerick/naut199.html" "Mozilla/4.0 (compatible; MSIE 7.0; Windows NT 5.1; .NET CLR 1.0.3705; .NET CLR 1.1.4322; Media Center PC 4.0; .NET CLR 2.0.50727)"
75.86.145.51 - - [04/Mar/2009:01:30:37 -0500] "GET /gifs/goldstar.jpg HTTP/1.1" 200 1854 "http://www.toastpoint.com/limerick/naut199.html" "Mozilla/4.0 (compatible; MSIE 7.0; Windows NT 5.1; .NET CLR 1.0.3705; .NET CLR 1.1.4322; Media Center PC 4.0; .NET CLR 2.0.50727)"
99.149.166.245 - - [04/Mar/2009:01:46:57 -0500] "GET /favicon.ico HTTP/1.1" 404 693 "-" "Mozilla/4.0 (compatible; MSIE 7.0; Windows NT 6.0; GTB5; SLCC1; .NET CLR 2.0.50727; Media Center PC 5.0; .NET CLR 3.0.04506)"
99.149.166.245 - - [04/Mar/2009:01:46:58 -0500] "GET /limerick/limerick.html HTTP/1.1" 200 2613 "-" "Mozilla/4.0 (compatible; MSIE 7.0; Windows NT 6.0; GTB5; SLCC1; .NET CLR 2.0.50727; Media Center PC 5.0; .NET CLR 3.0.04506)"
99.149.166.245 - - [04/Mar/2009:01:46:58 -0500] "GET /gifs/woman.gif HTTP/1.1" 200 9657 "http://www.toastpoint.com/limerick/limerick.html" "Mozilla/4.0 (compatible; MSIE 7.0; Windows NT 6.0; GTB5; SLCC1; .NET CLR 2.0.50727; Media Center PC 5.0; .NET CLR 3.0.04506)"
99.149.166.245 - - [04/Mar/2009:01:46:58 -0500] "GET /gifs/birdumb2.gif HTTP/1.1" 200 4698 "http://www.toastpoint.com/limerick/limerick.html" "Mozilla/4.0 (compatible; MSIE 7.0; Windows NT 6.0; GTB5; SLCC1; .NET CLR 2.0.50727; Media Center PC 5.0; .NET CLR 3.0.04506)"
99.149.166.245 - - [04/Mar/2009:01:47:03 -0500] "GET /limerick/naut599.html HTTP/1.1" 200 21235 "http://www.toastpoint.com/limerick/limerick.html" "Mozilla/4.0 (compatible; MSIE 7.0; Windows NT 6.0; GTB5; SLCC1; .NET CLR 2.0.50727; Media Center PC 5.0; .NET CLR 3.0.04506)"
99.149.166.245 - - [04/Mar/2009:01:47:04 -0500] "GET /gifs/boobies.gif HTTP/1.1" 200 11144 "http://www.toastpoint.com/limerick/naut599.html" "Mozilla/4.0 (compatible; MSIE 7.0; Windows NT 6.0; GTB5; SLCC1; .NET CLR 2.0.50727; Media Center PC 5.0; .NET CLR 3.0.04506)"
99.149.166.245 - - [04/Mar/2009:01:47:04 -0500] "GET /gifs/nakedman.gif HTTP/1.1" 200 7734 "http://www.toastpoint.com/limerick/naut599.html" "Mozilla/4.0 (compatible; MSIE 7.0; Windows NT 6.0; GTB5; SLCC1; .NET CLR 2.0.50727; Media Center PC 5.0; .NET CLR 3.0.04506)"
99.149.166.245 - - [04/Mar/2009:01:47:04 -0500] "GET /gifs/goldstar.jpg HTTP/1.1" 200 1854 "http://www.toastpoint.com/limerick/naut599.html" "Mozilla/4.0 (compatible; MSIE 7.0; Windows NT 6.0; GTB5; SLCC1; .NET CLR 2.0.50727; Media Center PC 5.0; .NET CLR 3.0.04506)"
66.249.65.239 - - [04/Mar/2009:01:55:07 -0500] "GET /robots.txt HTTP/1.1" 404 693 "-" "Mozilla/5.0 (compatible; Googlebot/2.1; +http://www.google.com/bot.html)"
66.249.65.230 - - [04/Mar/2009:01:55:07 -0500] "GET /index_files/image002.gif HTTP/1.1" 200 665 "-" "Mozilla/5.0 (compatible; Googlebot/2.1; +http://www.google.com/bot.html)"
66.249.65.227 - - [04/Mar/2009:01:55:09 -0500] "GET /index_files/image007.jpg HTTP/1.1" 200 5306 "-" "Mozilla/5.0 (compatible; Googlebot/2.1; +http://www.google.com/bot.html)"
66.249.65.230 - - [04/Mar/2009:01:55:10 -0500] "GET /index_files/image001.gif HTTP/1.1" 200 1409 "-" "Mozilla/5.0 (compatible; Googlebot/2.1; +http://www.google.com/bot.html)"
66.249.65.225 - - [04/Mar/2009:01:55:12 -0500] "GET /index_files/image015.gif HTTP/1.1" 200 111 "-" "Mozilla/5.0 (compatible; Googlebot/2.1; +http://www.google.com/bot.html)"
66.249.65.226 - - [04/Mar/2009:01:55:17 -0500] "GET /index_files/image013.gif HTTP/1.1" 200 133 "-" "Mozilla/5.0 (compatible; Googlebot/2.1; +http://www.google.com/bot.html)"
63.214.229.104 - - [04/Mar/2009:02:15:40 -0500] "GET /limerick/1997/naut797.html HTTP/1.1" 200 22034 "http://www.google.com/m/search?eosr=on&source=gwt&hl=en&mrestrict=xhtml&q=Naked+girls+showing+ther+titties+and+pussy&site=mobile" "MOT-MILLA/00.62 UP.Browser/6.2.3.4.c.1.123 (GUI) MMP/2.0"
63.214.229.104 - - [04/Mar/2009:02:15:48 -0500] "GET /gifs/mouthf1.jpg HTTP/1.1" 200 3650 "http://www.toastpoint.com/limerick/1997/naut797.html" "MOT-MILLA/00.62 UP.Browser/6.2.3.4.c.1.123 (GUI) MMP/2.0"
63.214.229.104 - - [04/Mar/2009:02:15:48 -0500] "GET /gifs/banana.jpg HTTP/1.1" 200 4139 "http://www.toastpoint.com/limerick/1997/naut797.html" "MOT-MILLA/00.62 UP.Browser/6.2.3.4.c.1.123 (GUI) MMP/2.0"
66.249.65.244 - - [04/Mar/2009:02:28:11 -0500] "GET /fiction/fict98/fict98.html HTTP/1.1" 200 1540 "-" "DoCoMo/2.0 N905i(c100;TB;W24H16) (compatible; Googlebot-Mobile/2.1; +http://www.google.com/bot.html)"
66.249.65.231 - - [04/Mar/2009:02:52:01 -0500] "GET /limerick/1997/nice1097.html HTTP/1.1" 200 20810 "-" "SAMSUNG-SGH-E250/1.0 Profile/MIDP-2.0 Configuration/CLDC-1.1 UP.Browser/6.2.3.3.c.1.101 (GUI) MMP/2.0 (compatible; Googlebot-Mobile/2.1; +http://www.google.com/bot.html)"
66.235.124.8 - - [04/Mar/2009:02:54:49 -0500] "GET /haiku/haiku299.html HTTP/1.1" 200 68017 "-" "Mozilla/5.0 (compatible; Ask Jeeves/Teoma; +http://about.ask.com/en/docs/about/webmasters.shtml)"
38.108.180.46 - - [04/Mar/2009:02:55:52 -0500] "GET /robots.txt HTTP/1.1" 404 693 "-" "Mozilla/5.0 (compatible; ScoutJet; +http://www.scoutjet.com/)"
38.108.180.46 - - [04/Mar/2009:02:55:59 -0500] "GET /contests.html HTTP/1.1" 200 1230 "-" "Mozilla/5.0 (compatible; ScoutJet; +http://www.scoutjet.com/)"
208.111.154.15 - - [04/Mar/2009:03:12:20 -0500] "GET /robots.txt HTTP/1.1" 404 693 "-" "Mozilla/5.0 (compatible; Charlotte/1.1; http://www.searchme.com/support/)"
66.249.65.234 - - [04/Mar/2009:03:12:51 -0500] "GET /limerick/1996/lim1996.html HTTP/1.1" 200 2072 "-" "DoCoMo/2.0 N905i(c100;TB;W24H16) (compatible; Googlebot-Mobile/2.1; +http://www.google.com/bot.html)"
208.111.154.15 - - [04/Mar/2009:03:26:58 -0500] "GET /robots.txt HTTP/1.1" 404 693 "-" "Mozilla/5.0 (compatible; Charlotte/1.1; http://www.searchme.com/support/)"
66.249.65.233 - - [04/Mar/2009:03:40:30 -0500] "GET /robots.txt HTTP/1.1" 404 693 "-" "SAMSUNG-SGH-E250/1.0 Profile/MIDP-2.0 Configuration/CLDC-1.1 UP.Browser/6.2.3.3.c.1.101 (GUI) MMP/2.0 (compatible; Googlebot-Mobile/2.1; +http://www.google.com/bot.html)"
66.249.65.239 - - [04/Mar/2009:03:40:30 -0500] "GET /fiction/fict599.html HTTP/1.1" 200 7512 "-" "SAMSUNG-SGH-E250/1.0 Profile/MIDP-2.0 Configuration/CLDC-1.1 UP.Browser/6.2.3.3.c.1.101 (GUI) MMP/2.0 (compatible; Googlebot-Mobile/2.1; +http://www.google.com/bot.html)"
66.249.65.244 - - [04/Mar/2009:03:44:34 -0500] "GET /limerick/1997/nice797.html HTTP/1.1" 200 19339 "-" "SAMSUNG-SGH-E250/1.0 Profile/MIDP-2.0 Configuration/CLDC-1.1 UP.Browser/6.2.3.3.c.1.101 (GUI) MMP/2.0 (compatible; Googlebot-Mobile/2.1; +http://www.google.com/bot.html)"
208.111.154.15 - - [04/Mar/2009:04:00:46 -0500] "GET /robots.txt HTTP/1.1" 404 693 "-" "Mozilla/5.0 (compatible; Charlotte/1.1; http://www.searchme.com/support/)"
65.55.37.179 - - [04/Mar/2009:04:04:02 -0500] "GET /robots.txt HTTP/1.1" 404 693 "-" "msnbot-media/1.1 (+http://search.msn.com/msnbot.htm)"
65.55.37.179 - - [04/Mar/2009:04:04:02 -0500] "GET / HTTP/1.1" 200 464 "-" "msnbot-media/1.1 (+http://search.msn.com/msnbot.htm)"
66.235.124.8 - - [04/Mar/2009:04:05:58 -0500] "GET /haiku/1996/haiku696.html HTTP/1.1" 200 9779 "-" "Mozilla/5.0 (compatible; Ask Jeeves/Teoma; +http://about.ask.com/en/docs/about/webmasters.shtml)"
66.249.65.226 - - [04/Mar/2009:04:28:41 -0500] "GET /limerick/1997/naut597.html HTTP/1.1" 200 22468 "-" "SAMSUNG-SGH-E250/1.0 Profile/MIDP-2.0 Configuration/CLDC-1.1 UP.Browser/6.2.3.3.c.1.101 (GUI) MMP/2.0 (compatible; Googlebot-Mobile/2.1; +http://www.google.com/bot.html)"
66.249.65.235 - - [04/Mar/2009:04:29:09 -0500] "GET /index_files/image014.gif HTTP/1.1" 200 862 "-" "Mozilla/5.0 (compatible; Googlebot/2.1; +http://www.google.com/bot.html)"
208.111.154.16 - - [04/Mar/2009:04:34:43 -0500] "GET /robots.txt HTTP/1.1" 404 693 "-" "Mozilla/5.0 (compatible; Charlotte/1.1; http://www.searchme.com/support/)"
66.235.124.8 - - [04/Mar/2009:04:39:52 -0500] "GET /fiction/fict97/fict1297.html HTTP/1.1" 200 6078 "-" "Mozilla/5.0 (compatible; Ask Jeeves/Teoma; +http://about.ask.com/en/docs/about/webmasters.shtml)"
217.169.46.98 - - [04/Mar/2009:04:53:55 -0500] "GET /haiku/haiku599.html HTTP/1.1" 200 33918 "-" "Mozilla/4.0"
158.169.131.14 - - [04/Mar/2009:04:53:56 -0500] "GET /gifs/japan.gif HTTP/1.1" 200 5737 "http://www.toastpoint.com/haiku/haiku599.html" "Mozilla/4.0 (compatible; MSIE 6.0; Windows NT 5.1; IE6CFG32a; SV1; .NET CLR 1.1.4322; InfoPath.1; .NET CLR 2.0.50727)"
158.169.131.14 - - [04/Mar/2009:04:53:57 -0500] "GET /gifs/blank.jpg HTTP/1.1" 200 705 "http://www.toastpoint.com/haiku/haiku599.html" "Mozilla/4.0 (compatible; MSIE 6.0; Windows NT 5.1; IE6CFG32a; SV1; .NET CLR 1.1.4322; InfoPath.1; .NET CLR 2.0.50727)"
158.169.131.14 - - [04/Mar/2009:04:53:57 -0500] "GET /gifs/goldstar.jpg HTTP/1.1" 200 1854 "http://www.toastpoint.com/haiku/haiku599.html" "Mozilla/4.0 (compatible; MSIE 6.0; Windows NT 5.1; IE6CFG32a; SV1; .NET CLR 1.1.4322; InfoPath.1; .NET CLR 2.0.50727)"
158.169.131.14 - - [04/Mar/2009:04:53:56 -0500] "GET /haiku/haiku599.html HTTP/1.1" 200 33918 "http://www.google.com/search?ei=YU6uSbvyCZCV-gbUhYjVBg&q=SAIKAKU%20haiku%20moon&sa=N&hl=en&tab=pw" "Mozilla/4.0 (compatible; MSIE 6.0; Windows NT 5.1; IE6CFG32a; SV1; .NET CLR 1.1.4322; InfoPath.1; .NET CLR 2.0.50727)"
158.169.131.14 - - [04/Mar/2009:04:53:57 -0500] "GET /gifs/japan.gif HTTP/1.1" 200 5737 "http://www.toastpoint.com/haiku/haiku599.html" "Mozilla/4.0 (compatible; MSIE 6.0; Windows NT 5.1; IE6CFG32a; SV1; .NET CLR 1.1.4322; InfoPath.1; .NET CLR 2.0.50727)"
158.169.131.14 - - [04/Mar/2009:04:53:57 -0500] "GET /gifs/blank.jpg HTTP/1.1" 200 705 "http://www.toastpoint.com/haiku/haiku599.html" "Mozilla/4.0 (compatible; MSIE 6.0; Windows NT 5.1; IE6CFG32a; SV1; .NET CLR 1.1.4322; InfoPath.1; .NET CLR 2.0.50727)"
66.249.65.242 - - [04/Mar/2009:05:05:15 -0500] "GET /fiction/fiction.html HTTP/1.1" 200 2705 "-" "SAMSUNG-SGH-E250/1.0 Profile/MIDP-2.0 Configuration/CLDC-1.1 UP.Browser/6.2.3.3.c.1.101 (GUI) MMP/2.0 (compatible; Googlebot-Mobile/2.1; +http://www.google.com/bot.html)"
67.195.37.179 - - [04/Mar/2009:05:15:18 -0500] "GET /robots.txt HTTP/1.0" 404 693 "-" "Mozilla/5.0 (compatible; Yahoo! Slurp; http://help.yahoo.com/help/us/ysearch/slurp)"
67.195.37.179 - - [04/Mar/2009:05:15:18 -0500] "GET /haiku/haiku.html HTTP/1.0" 200 2147 "-" "Mozilla/5.0 (compatible; Yahoo! DE Slurp; http://help.yahoo.com/help/us/ysearch/slurp)"
58.110.249.69 - - [04/Mar/2009:05:33:22 -0500] "GET /favicon.ico HTTP/1.1" 404 693 "-" "Mozilla/5.0 (Windows; U; Windows NT 5.1; en-GB; rv:1.9.0.6) Gecko/2009011913 Firefox/3.0.6"
58.110.249.69 - - [04/Mar/2009:05:33:22 -0500] "GET /limerick/nice299.html HTTP/1.1" 200 28130 "-" "Mozilla/5.0 (Windows; U; Windows NT 5.1; en-GB; rv:1.9.0.6) Gecko/2009011913 Firefox/3.0.6"
58.110.249.69 - - [04/Mar/2009:05:33:23 -0500] "GET /gifs/birdumb2.gif HTTP/1.1" 200 4698 "http://www.toastpoint.com/limerick/nice299.html" "Mozilla/5.0 (Windows; U; Windows NT 5.1; en-GB; rv:1.9.0.6) Gecko/2009011913 Firefox/3.0.6"
58.110.249.69 - - [04/Mar/2009:05:33:23 -0500] "GET /gifs/goldstar.jpg HTTP/1.1" 200 1854 "http://www.toastpoint.com/limerick/nice299.html" "Mozilla/5.0 (Windows; U; Windows NT 5.1; en-GB; rv:1.9.0.6) Gecko/2009011913 Firefox/3.0.6"
58.110.249.69 - - [04/Mar/2009:05:33:23 -0500] "GET /gifs/birdumb.gif HTTP/1.1" 200 4704 "http://www.toastpoint.com/limerick/nice299.html" "Mozilla/5.0 (Windows; U; Windows NT 5.1; en-GB; rv:1.9.0.6) Gecko/2009011913 Firefox/3.0.6"
66.249.65.226 - - [04/Mar/2009:05:33:35 -0500] "GET /robots.txt HTTP/1.1" 404 693 "-" "Mozilla/5.0 (compatible; Googlebot/2.1; +http://www.google.com/bot.html)"
66.249.65.237 - - [04/Mar/2009:05:33:36 -0500] "GET /fiction/fict299.html HTTP/1.1" 200 38635 "-" "Mozilla/5.0 (compatible; Googlebot/2.1; +http://www.google.com/bot.html)"
208.111.154.15 - - [04/Mar/2009:05:45:31 -0500] "GET /robots.txt HTTP/1.1" 404 693 "-" "Mozilla/5.0 (compatible; Charlotte/1.1; http://www.searchme.com/support/)"
66.249.65.240 - - [04/Mar/2009:05:51:58 -0500] "GET /limerick/limerick.html HTTP/1.1" 200 2613 "-" "SAMSUNG-SGH-E250/1.0 Profile/MIDP-2.0 Configuration/CLDC-1.1 UP.Browser/6.2.3.3.c.1.101 (GUI) MMP/2.0 (compatible; Googlebot-Mobile/2.1; +http://www.google.com/bot.html)"
66.235.124.8 - - [04/Mar/2009:05:55:53 -0500] "GET /limerick/naut399.html HTTP/1.1" 200 38217 "-" "Mozilla/5.0 (compatible; Ask Jeeves/Teoma; +http://about.ask.com/en/docs/about/webmasters.shtml)"
66.249.65.230 - - [04/Mar/2009:05:58:10 -0500] "GET /limerick/1996/lim1996.html HTTP/1.1" 200 2072 "-" "SAMSUNG-SGH-E250/1.0 Profile/MIDP-2.0 Configuration/CLDC-1.1 UP.Browser/6.2.3.3.c.1.101 (GUI) MMP/2.0 (compatible; Googlebot-Mobile/2.1; +http://www.google.com/bot.html)"
66.249.65.225 - - [04/Mar/2009:05:58:20 -0500] "GET /fiction/fict97/fict1297.html HTTP/1.1" 200 6078 "-" "SAMSUNG-SGH-E250/1.0 Profile/MIDP-2.0 Configuration/CLDC-1.1 UP.Browser/6.2.3.3.c.1.101 (GUI) MMP/2.0 (compatible; Googlebot-Mobile/2.1; +http://www.google.com/bot.html)"
38.108.180.81 - - [04/Mar/2009:06:08:18 -0500] "GET /robots.txt HTTP/1.1" 404 693 "-" "Mozilla/5.0 (compatible; ScoutJet; +http://www.scoutjet.com/)"
38.108.180.81 - - [04/Mar/2009:06:08:25 -0500] "GET /limerick/1996/lim1996.html HTTP/1.1" 200 2072 "-" "Mozilla/5.0 (compatible; ScoutJet; +http://www.scoutjet.com/)"
38.108.180.81 - - [04/Mar/2009:06:08:41 -0500] "GET /bio.html HTTP/1.1" 200 7868 "-" "Mozilla/5.0 (compatible; ScoutJet; +http://www.scoutjet.com/)"
38.108.180.81 - - [04/Mar/2009:06:09:02 -0500] "GET /gifs/pastheaders.html HTTP/1.1" 200 1264 "-" "Mozilla/5.0 (compatible; ScoutJet; +http://www.scoutjet.com/)"
38.108.180.81 - - [04/Mar/2009:06:09:20 -0500] "GET /prideforallages.html HTTP/1.1" 200 988 "-" "Mozilla/5.0 (compatible; ScoutJet; +http://www.scoutjet.com/)"
81.232.34.106 - - [04/Mar/2009:06:14:31 -0500] "GET /favicon.ico HTTP/1.1" 404 693 "-" "Mozilla/4.0 (compatible; MSIE 7.0; Windows NT 5.1; GTB5; .NET CLR 1.0.3705; .NET CLR 1.1.4322; Media Center PC 4.0)"
81.232.34.106 - - [04/Mar/2009:06:14:31 -0500] "GET /gifs/goldstar.jpg HTTP/1.1" 200 1854 "http://www.toastpoint.com/haiku/haiku199.html" "Mozilla/4.0 (compatible; MSIE 7.0; Windows NT 5.1; GTB5; .NET CLR 1.0.3705; .NET CLR 1.1.4322; Media Center PC 4.0)"
81.232.34.106 - - [04/Mar/2009:06:14:31 -0500] "GET /gifs/blank.jpg HTTP/1.1" 200 705 "http://www.toastpoint.com/haiku/haiku199.html" "Mozilla/4.0 (compatible; MSIE 7.0; Windows NT 5.1; GTB5; .NET CLR 1.0.3705; .NET CLR 1.1.4322; Media Center PC 4.0)"
81.232.34.106 - - [04/Mar/2009:06:14:31 -0500] "GET /gifs/japan.gif HTTP/1.1" 200 5737 "http://www.toastpoint.com/haiku/haiku199.html" "Mozilla/4.0 (compatible; MSIE 7.0; Windows NT 5.1; GTB5; .NET CLR 1.0.3705; .NET CLR 1.1.4322; Media Center PC 4.0)"
81.232.34.106 - - [04/Mar/2009:06:14:31 -0500] "GET /haiku/haiku199.html HTTP/1.1" 200 34287 "-" "Mozilla/4.0 (compatible; MSIE 7.0; Windows NT 5.1; GTB5; .NET CLR 1.0.3705; .NET CLR 1.1.4322; Media Center PC 4.0)"
66.249.65.229 - - [04/Mar/2009:06:15:16 -0500] "GET /limerick/naut599.html HTTP/1.1" 200 21235 "-" "SAMSUNG-SGH-E250/1.0 Profile/MIDP-2.0 Configuration/CLDC-1.1 UP.Browser/6.2.3.3.c.1.101 (GUI) MMP/2.0 (compatible; Googlebot-Mobile/2.1; +http://www.google.com/bot.html)"
66.249.65.225 - - [04/Mar/2009:06:19:48 -0500] "GET /limerick/1997/nice997.html HTTP/1.1" 200 24299 "-" "SAMSUNG-SGH-E250/1.0 Profile/MIDP-2.0 Configuration/CLDC-1.1 UP.Browser/6.2.3.3.c.1.101 (GUI) MMP/2.0 (compatible; Googlebot-Mobile/2.1; +http://www.google.com/bot.html)"
196.211.201.130 - - [04/Mar/2009:06:38:44 -0500] "GET /favicon.ico HTTP/1.0" 404 693 "-" "Mozilla/4.0 (compatible; MSIE 7.0; Windows NT 5.1; .NET CLR 2.0.50727; .NET CLR 3.0.04506.30)"
196.211.201.130 - - [04/Mar/2009:06:38:44 -0500] "GET /limerick/naut199.html HTTP/1.0" 200 34481 "-" "Mozilla/4.0 (compatible; MSIE 7.0; Windows NT 5.1; .NET CLR 2.0.50727; .NET CLR 3.0.04506.30)"
196.211.201.130 - - [04/Mar/2009:06:38:51 -0500] "GET /gifs/boobies.gif HTTP/1.0" 200 11144 "http://www.toastpoint.com/limerick/naut199.html" "Mozilla/4.0 (compatible; MSIE 7.0; Windows NT 5.1; .NET CLR 2.0.50727; .NET CLR 3.0.04506.30)"
196.211.201.130 - - [04/Mar/2009:06:38:52 -0500] "GET /gifs/nakedman.gif HTTP/1.0" 200 7734 "http://www.toastpoint.com/limerick/naut199.html" "Mozilla/4.0 (compatible; MSIE 7.0; Windows NT 5.1; .NET CLR 2.0.50727; .NET CLR 3.0.04506.30)"
196.211.201.130 - - [04/Mar/2009:06:38:52 -0500] "GET /gifs/goldstar.jpg HTTP/1.0" 200 1854 "http://www.toastpoint.com/limerick/naut199.html" "Mozilla/4.0 (compatible; MSIE 7.0; Windows NT 5.1; .NET CLR 2.0.50727; .NET CLR 3.0.04506.30)"
63.241.3.51 - - [04/Mar/2009:06:42:15 -0500] "GET /limerick/limerick.html HTTP/1.1" 200 2613 "-" "-"
66.249.65.232 - - [04/Mar/2009:06:47:42 -0500] "GET /limerick/brady/brady97.html HTTP/1.1" 200 10474 "-" "SAMSUNG-SGH-E250/1.0 Profile/MIDP-2.0 Configuration/CLDC-1.1 UP.Browser/6.2.3.3.c.1.101 (GUI) MMP/2.0 (compatible; Googlebot-Mobile/2.1; +http://www.google.com/bot.html)"
67.195.37.179 - - [04/Mar/2009:06:51:26 -0500] "GET /robots.txt HTTP/1.0" 404 693 "-" "Mozilla/5.0 (compatible; Yahoo! Slurp; http://help.yahoo.com/help/us/ysearch/slurp)"
67.195.37.179 - - [04/Mar/2009:06:51:26 -0500] "GET / HTTP/1.0" 200 464 "-" "Mozilla/5.0 (compatible; Yahoo! DE Slurp; http://help.yahoo.com/help/us/ysearch/slurp)"
67.195.37.179 - - [04/Mar/2009:06:51:27 -0500] "GET /toastpointtopleft.html HTTP/1.0" 200 162 "-" "Mozilla/5.0 (compatible; Yahoo! DE Slurp; http://help.yahoo.com/help/us/ysearch/slurp)"
67.195.37.179 - - [04/Mar/2009:06:51:28 -0500] "GET /toastpointtoc.html HTTP/1.0" 200 1188 "-" "Mozilla/5.0 (compatible; Yahoo! DE Slurp; http://help.yahoo.com/help/us/ysearch/slurp)"
67.195.37.179 - - [04/Mar/2009:06:51:28 -0500] "GET /news.html HTTP/1.0" 200 17706 "-" "Mozilla/5.0 (compatible; Yahoo! DE Slurp; http://help.yahoo.com/help/us/ysearch/slurp)"
67.195.37.179 - - [04/Mar/2009:06:51:29 -0500] "GET /toastpointtopright.html HTTP/1.0" 200 151 "-" "Mozilla/5.0 (compatible; Yahoo! DE Slurp; http://help.yahoo.com/help/us/ysearch/slurp)"
67.195.37.179 - - [04/Mar/2009:06:51:29 -0500] "GET /tpnews.html HTTP/1.0" 200 8305 "-" "Mozilla/5.0 (compatible; Yahoo! DE Slurp; http://help.yahoo.com/help/us/ysearch/slurp)"
66.249.65.235 - - [04/Mar/2009:07:07:16 -0500] "GET /limerick/naut299.html HTTP/1.1" 200 23095 "-" "SAMSUNG-SGH-E250/1.0 Profile/MIDP-2.0 Configuration/CLDC-1.1 UP.Browser/6.2.3.3.c.1.101 (GUI) MMP/2.0 (compatible; Googlebot-Mobile/2.1; +http://www.google.com/bot.html)"
66.249.65.226 - - [04/Mar/2009:07:13:38 -0500] "GET /limerick/1997/naut397.html HTTP/1.1" 200 21435 "-" "SAMSUNG-SGH-E250/1.0 Profile/MIDP-2.0 Configuration/CLDC-1.1 UP.Browser/6.2.3.3.c.1.101 (GUI) MMP/2.0 (compatible; Googlebot-Mobile/2.1; +http://www.google.com/bot.html)"
66.249.65.226 - - [04/Mar/2009:07:14:17 -0500] "GET /limerick/1995/nicejune.html HTTP/1.1" 200 1710 "-" "SAMSUNG-SGH-E250/1.0 Profile/MIDP-2.0 Configuration/CLDC-1.1 UP.Browser/6.2.3.3.c.1.101 (GUI) MMP/2.0 (compatible; Googlebot-Mobile/2.1; +http://www.google.com/bot.html)"
208.111.154.15 - - [04/Mar/2009:07:31:05 -0500] "GET /robots.txt HTTP/1.1" 404 693 "-" "Mozilla/5.0 (compatible; Charlotte/1.1; http://www.searchme.com/support/)"
208.111.154.15 - - [04/Mar/2009:07:31:25 -0500] "GET /limerick/nautfrm.html HTTP/1.1" 200 548 "-" "Mozilla/5.0 (compatible; Charlotte/1.1; http://www.searchme.com/support/)"
208.111.154.16 - - [04/Mar/2009:08:05:26 -0500] "GET /robots.txt HTTP/1.1" 404 693 "-" "Mozilla/5.0 (compatible; Charlotte/1.1; http://www.searchme.com/support/)"
208.111.154.16 - - [04/Mar/2009:08:05:47 -0500] "GET /haiku/1997/haiku997.html HTTP/1.1" 200 28323 "-" "Mozilla/5.0 (compatible; Charlotte/1.1; http://www.searchme.com/support/)"
65.98.224.5 - - [04/Mar/2009:08:12:09 -0500] "GET /robots.txt HTTP/1.0" 404 693 "-" "TurnitinBot/2.1 (http://www.turnitin.com/robot/crawlerinfo.html)"
66.249.65.228 - - [04/Mar/2009:08:13:24 -0500] "GET /limerick/1995/nautoct.html HTTP/1.1" 200 12561 "-" "SAMSUNG-SGH-E250/1.0 Profile/MIDP-2.0 Configuration/CLDC-1.1 UP.Browser/6.2.3.3.c.1.101 (GUI) MMP/2.0 (compatible; Googlebot-Mobile/2.1; +http://www.google.com/bot.html)"
208.111.154.15 - - [04/Mar/2009:08:15:33 -0500] "GET /robots.txt HTTP/1.1" 404 693 "-" "Mozilla/5.0 (compatible; Charlotte/1.1; http://www.searchme.com/support/)"
65.98.224.5 - - [04/Mar/2009:08:16:55 -0500] "GET /fiction/fiction.html HTTP/1.0" 200 2705 "-" "TurnitinBot/2.1 (http://www.turnitin.com/robot/crawlerinfo.html)"
65.98.224.5 - - [04/Mar/2009:08:17:40 -0500] "GET /fiction/fict9596/fic1296.html HTTP/1.0" 200 7468 "-" "TurnitinBot/2.1 (http://www.turnitin.com/robot/crawlerinfo.html)"
216.183.81.221 - - [04/Mar/2009:08:17:53 -0500] "GET / HTTP/1.1" 200 464 "-" "Wget/1.10.2"
216.183.81.221 - - [04/Mar/2009:08:17:53 -0500] "GET /robots.txt HTTP/1.1" 404 693 "-" "Wget/1.10.2"
216.183.81.221 - - [04/Mar/2009:08:17:53 -0500] "GET /toastpointtopleft.html HTTP/1.1" 200 162 "http://www.toastpoint.com/" "Wget/1.10.2"
216.183.81.221 - - [04/Mar/2009:08:17:53 -0500] "GET /toastpointtoc.html HTTP/1.1" 200 1188 "http://www.toastpoint.com/" "Wget/1.10.2"
216.183.81.221 - - [04/Mar/2009:08:17:54 -0500] "GET /news.html HTTP/1.1" 200 17706 "http://www.toastpoint.com/" "Wget/1.10.2"
216.183.81.221 - - [04/Mar/2009:08:17:54 -0500] "GET /toastpointtopright.html HTTP/1.1" 200 151 "http://www.toastpoint.com/" "Wget/1.10.2"
216.183.81.221 - - [04/Mar/2009:08:17:54 -0500] "GET /tpnews.html HTTP/1.1" 200 8305 "http://www.toastpoint.com/" "Wget/1.10.2"
65.98.224.5 - - [04/Mar/2009:08:18:25 -0500] "GET /rapture/rapture.html HTTP/1.0" 200 22564 "-" "TurnitinBot/2.1 (http://www.turnitin.com/robot/crawlerinfo.html)"
65.98.224.5 - - [04/Mar/2009:08:19:07 -0500] "GET /limerick/nice399.html HTTP/1.0" 200 31092 "-" "TurnitinBot/2.1 (http://www.turnitin.com/robot/crawlerinfo.html)"
65.98.224.5 - - [04/Mar/2009:08:19:49 -0500] "GET /limerick/1997/naut1297.html HTTP/1.0" 200 36990 "-" "TurnitinBot/2.1 (http://www.turnitin.com/robot/crawlerinfo.html)"
65.98.224.5 - - [04/Mar/2009:08:20:44 -0500] "GET /limerick/1997/naut1197.html HTTP/1.0" 200 42998 "-" "TurnitinBot/2.1 (http://www.turnitin.com/robot/crawlerinfo.html)"
66.249.65.242 - - [04/Mar/2009:08:30:59 -0500] "GET /limerick/1996/naut896.html HTTP/1.1" 200 14574 "-" "SAMSUNG-SGH-E250/1.0 Profile/MIDP-2.0 Configuration/CLDC-1.1 UP.Browser/6.2.3.3.c.1.101 (GUI) MMP/2.0 (compatible; Googlebot-Mobile/2.1; +http://www.google.com/bot.html)"
66.249.65.231 - - [04/Mar/2009:08:31:01 -0500] "GET /limerick/1996/nice896.html HTTP/1.1" 200 9880 "-" "SAMSUNG-SGH-E250/1.0 Profile/MIDP-2.0 Configuration/CLDC-1.1 UP.Browser/6.2.3.3.c.1.101 (GUI) MMP/2.0 (compatible; Googlebot-Mobile/2.1; +http://www.google.com/bot.html)"
66.249.65.230 - - [04/Mar/2009:08:31:55 -0500] "GET /limerick/naut199.html HTTP/1.1" 200 34481 "-" "SAMSUNG-SGH-E250/1.0 Profile/MIDP-2.0 Configuration/CLDC-1.1 UP.Browser/6.2.3.3.c.1.101 (GUI) MMP/2.0 (compatible; Googlebot-Mobile/2.1; +http://www.google.com/bot.html)"
66.249.65.241 - - [04/Mar/2009:08:31:56 -0500] "GET /limerick/nice399.html HTTP/1.1" 200 31092 "-" "SAMSUNG-SGH-E250/1.0 Profile/MIDP-2.0 Configuration/CLDC-1.1 UP.Browser/6.2.3.3.c.1.101 (GUI) MMP/2.0 (compatible; Googlebot-Mobile/2.1; +http://www.google.com/bot.html)"
66.249.65.231 - - [04/Mar/2009:08:31:58 -0500] "GET /limerick/1996/nic1196.html HTTP/1.1" 200 11053 "-" "SAMSUNG-SGH-E250/1.0 Profile/MIDP-2.0 Configuration/CLDC-1.1 UP.Browser/6.2.3.3.c.1.101 (GUI) MMP/2.0 (compatible; Googlebot-Mobile/2.1; +http://www.google.com/bot.html)"
66.249.65.241 - - [04/Mar/2009:08:35:04 -0500] "GET /fiction/novels/peak.html HTTP/1.1" 200 2410 "-" "SAMSUNG-SGH-E250/1.0 Profile/MIDP-2.0 Configuration/CLDC-1.1 UP.Browser/6.2.3.3.c.1.101 (GUI) MMP/2.0 (compatible; Googlebot-Mobile/2.1; +http://www.google.com/bot.html)"
66.249.65.242 - - [04/Mar/2009:08:35:07 -0500] "GET /limerick/1996/nice696.html HTTP/1.1" 200 7043 "-" "SAMSUNG-SGH-E250/1.0 Profile/MIDP-2.0 Configuration/CLDC-1.1 UP.Browser/6.2.3.3.c.1.101 (GUI) MMP/2.0 (compatible; Googlebot-Mobile/2.1; +http://www.google.com/bot.html)"
66.249.65.228 - - [04/Mar/2009:08:40:25 -0500] "GET /fiction/fict199.html HTTP/1.1" 200 21503 "-" "SAMSUNG-SGH-E250/1.0 Profile/MIDP-2.0 Configuration/CLDC-1.1 UP.Browser/6.2.3.3.c.1.101 (GUI) MMP/2.0 (compatible; Googlebot-Mobile/2.1; +http://www.google.com/bot.html)"
66.249.65.228 - - [04/Mar/2009:08:40:25 -0500] "GET /limerick/nice299.html HTTP/1.1" 200 28130 "-" "SAMSUNG-SGH-E250/1.0 Profile/MIDP-2.0 Configuration/CLDC-1.1 UP.Browser/6.2.3.3.c.1.101 (GUI) MMP/2.0 (compatible; Googlebot-Mobile/2.1; +http://www.google.com/bot.html)"
66.249.65.230 - - [04/Mar/2009:08:40:53 -0500] "GET /limerick/1996/naut496.html HTTP/1.1" 200 21599 "-" "SAMSUNG-SGH-E250/1.0 Profile/MIDP-2.0 Configuration/CLDC-1.1 UP.Browser/6.2.3.3.c.1.101 (GUI) MMP/2.0 (compatible; Googlebot-Mobile/2.1; +http://www.google.com/bot.html)"
66.249.65.230 - - [04/Mar/2009:08:40:53 -0500] "GET /limerick/1996/naut796.html HTTP/1.1" 200 9432 "-" "SAMSUNG-SGH-E250/1.0 Profile/MIDP-2.0 Configuration/CLDC-1.1 UP.Browser/6.2.3.3.c.1.101 (GUI) MMP/2.0 (compatible; Googlebot-Mobile/2.1; +http://www.google.com/bot.html)"
66.249.65.225 - - [04/Mar/2009:08:44:22 -0500] "GET /limerick/1996/nice396.html HTTP/1.1" 200 5682 "-" "SAMSUNG-SGH-E250/1.0 Profile/MIDP-2.0 Configuration/CLDC-1.1 UP.Browser/6.2.3.3.c.1.101 (GUI) MMP/2.0 (compatible; Googlebot-Mobile/2.1; +http://www.google.com/bot.html)"
66.249.65.231 - - [04/Mar/2009:08:44:22 -0500] "GET /limerick/1997/lim1997.html HTTP/1.1" 200 1925 "-" "SAMSUNG-SGH-E250/1.0 Profile/MIDP-2.0 Configuration/CLDC-1.1 UP.Browser/6.2.3.3.c.1.101 (GUI) MMP/2.0 (compatible; Googlebot-Mobile/2.1; +http://www.google.com/bot.html)"
66.249.65.228 - - [04/Mar/2009:08:44:25 -0500] "GET /limerick/1996/nice996.html HTTP/1.1" 200 4972 "-" "SAMSUNG-SGH-E250/1.0 Profile/MIDP-2.0 Configuration/CLDC-1.1 UP.Browser/6.2.3.3.c.1.101 (GUI) MMP/2.0 (compatible; Googlebot-Mobile/2.1; +http://www.google.com/bot.html)"
66.249.65.241 - - [04/Mar/2009:08:47:19 -0500] "GET /limerick/nice199.html HTTP/1.1" 200 25313 "-" "SAMSUNG-SGH-E250/1.0 Profile/MIDP-2.0 Configuration/CLDC-1.1 UP.Browser/6.2.3.3.c.1.101 (GUI) MMP/2.0 (compatible; Googlebot-Mobile/2.1; +http://www.google.com/bot.html)"
66.249.65.226 - - [04/Mar/2009:08:47:25 -0500] "GET /limerick/1996/naut196.html HTTP/1.1" 200 38213 "-" "SAMSUNG-SGH-E250/1.0 Profile/MIDP-2.0 Configuration/CLDC-1.1 UP.Browser/6.2.3.3.c.1.101 (GUI) MMP/2.0 (compatible; Googlebot-Mobile/2.1; +http://www.google.com/bot.html)"
66.249.65.226 - - [04/Mar/2009:08:47:27 -0500] "GET /limerick/1996/naut696.html HTTP/1.1" 200 13746 "-" "SAMSUNG-SGH-E250/1.0 Profile/MIDP-2.0 Configuration/CLDC-1.1 UP.Browser/6.2.3.3.c.1.101 (GUI) MMP/2.0 (compatible; Googlebot-Mobile/2.1; +http://www.google.com/bot.html)"
66.249.65.241 - - [04/Mar/2009:08:47:29 -0500] "GET /limerick/1996/naut596.html HTTP/1.1" 200 28755 "-" "SAMSUNG-SGH-E250/1.0 Profile/MIDP-2.0 Configuration/CLDC-1.1 UP.Browser/6.2.3.3.c.1.101 (GUI) MMP/2.0 (compatible; Googlebot-Mobile/2.1; +http://www.google.com/bot.html)"
66.249.65.225 - - [04/Mar/2009:08:47:31 -0500] "GET /limerick/1996/bestnaut.html HTTP/1.1" 200 19352 "-" "SAMSUNG-SGH-E250/1.0 Profile/MIDP-2.0 Configuration/CLDC-1.1 UP.Browser/6.2.3.3.c.1.101 (GUI) MMP/2.0 (compatible; Googlebot-Mobile/2.1; +http://www.google.com/bot.html)"
66.249.65.225 - - [04/Mar/2009:08:51:17 -0500] "GET /limerick/1996/nic1096.html HTTP/1.1" 200 9770 "-" "SAMSUNG-SGH-E250/1.0 Profile/MIDP-2.0 Configuration/CLDC-1.1 UP.Browser/6.2.3.3.c.1.101 (GUI) MMP/2.0 (compatible; Googlebot-Mobile/2.1; +http://www.google.com/bot.html)"
66.249.65.228 - - [04/Mar/2009:08:51:19 -0500] "GET /limerick/brady/brady1.html HTTP/1.1" 200 4493 "-" "SAMSUNG-SGH-E250/1.0 Profile/MIDP-2.0 Configuration/CLDC-1.1 UP.Browser/6.2.3.3.c.1.101 (GUI) MMP/2.0 (compatible; Googlebot-Mobile/2.1; +http://www.google.com/bot.html)"
66.249.65.239 - - [04/Mar/2009:08:54:30 -0500] "GET /limerick/1996/nice796.html HTTP/1.1" 200 10929 "-" "SAMSUNG-SGH-E250/1.0 Profile/MIDP-2.0 Configuration/CLDC-1.1 UP.Browser/6.2.3.3.c.1.101 (GUI) MMP/2.0 (compatible; Googlebot-Mobile/2.1; +http://www.google.com/bot.html)"
66.249.65.235 - - [04/Mar/2009:08:54:32 -0500] "GET /limerick/1996/nau1196.html HTTP/1.1" 200 14916 "-" "SAMSUNG-SGH-E250/1.0 Profile/MIDP-2.0 Configuration/CLDC-1.1 UP.Browser/6.2.3.3.c.1.101 (GUI) MMP/2.0 (compatible; Googlebot-Mobile/2.1; +http://www.google.com/bot.html)"
66.249.65.237 - - [04/Mar/2009:08:54:34 -0500] "GET /limerick/brady/brady98.html HTTP/1.1" 200 8297 "-" "SAMSUNG-SGH-E250/1.0 Profile/MIDP-2.0 Configuration/CLDC-1.1 UP.Browser/6.2.3.3.c.1.101 (GUI) MMP/2.0 (compatible; Googlebot-Mobile/2.1; +http://www.google.com/bot.html)"
66.249.65.237 - - [04/Mar/2009:08:57:37 -0500] "GET /limerick/1996/nau1096.html HTTP/1.1" 200 23475 "-" "SAMSUNG-SGH-E250/1.0 Profile/MIDP-2.0 Configuration/CLDC-1.1 UP.Browser/6.2.3.3.c.1.101 (GUI) MMP/2.0 (compatible; Googlebot-Mobile/2.1; +http://www.google.com/bot.html)"
72.30.78.231 - - [04/Mar/2009:08:58:07 -0500] "GET /robots.txt HTTP/1.0" 404 693 "-" "Mozilla/5.0 (compatible; Yahoo! Slurp; http://help.yahoo.com/help/us/ysearch/slurp)"
65.98.224.5 - - [04/Mar/2009:08:58:51 -0500] "GET /haiku/1997/haiku197.html HTTP/1.0" 200 34967 "-" "TurnitinBot/2.1 (http://www.turnitin.com/robot/crawlerinfo.html)"
65.98.224.5 - - [04/Mar/2009:08:59:32 -0500] "GET /haiku/1997/haik1997.html HTTP/1.0" 200 2138 "-" "TurnitinBot/2.1 (http://www.turnitin.com/robot/crawlerinfo.html)"
65.98.224.5 - - [04/Mar/2009:09:00:11 -0500] "GET /haiku/1997/haik1297.html HTTP/1.0" 200 22956 "-" "TurnitinBot/2.1 (http://www.turnitin.com/robot/crawlerinfo.html)"
65.98.224.5 - - [04/Mar/2009:09:00:57 -0500] "GET /fiction/fict9596/fict796.html HTTP/1.0" 200 6420 "-" "TurnitinBot/2.1 (http://www.turnitin.com/robot/crawlerinfo.html)"
72.30.78.231 - - [04/Mar/2009:09:01:34 -0500] "GET /fiction/fict9596/fic1096.html HTTP/1.0" 200 26986 "-" "Mozilla/5.0 (compatible; Yahoo! Slurp/3.0; http://help.yahoo.com/help/us/ysearch/slurp)"
65.98.224.5 - - [04/Mar/2009:09:01:54 -0500] "GET /fiction/fict9596/fic1096.html HTTP/1.0" 200 26986 "-" "TurnitinBot/2.1 (http://www.turnitin.com/robot/crawlerinfo.html)"
65.98.224.5 - - [04/Mar/2009:09:02:39 -0500] "GET /limerick/1996/nice196.html HTTP/1.0" 200 10647 "-" "TurnitinBot/2.1 (http://www.turnitin.com/robot/crawlerinfo.html)"
66.249.65.239 - - [04/Mar/2009:09:03:18 -0500] "GET /limerick/nice599.html HTTP/1.1" 200 26033 "-" "SAMSUNG-SGH-E250/1.0 Profile/MIDP-2.0 Configuration/CLDC-1.1 UP.Browser/6.2.3.3.c.1.101 (GUI) MMP/2.0 (compatible; Googlebot-Mobile/2.1; +http://www.google.com/bot.html)"
65.98.224.5 - - [04/Mar/2009:09:03:20 -0500] "GET /limerick/1996/nic1296.html HTTP/1.0" 200 19459 "-" "TurnitinBot/2.1 (http://www.turnitin.com/robot/crawlerinfo.html)"
66.249.65.234 - - [04/Mar/2009:09:03:32 -0500] "GET /limerick/1996/nice596.html HTTP/1.1" 200 13725 "-" "SAMSUNG-SGH-E250/1.0 Profile/MIDP-2.0 Configuration/CLDC-1.1 UP.Browser/6.2.3.3.c.1.101 (GUI) MMP/2.0 (compatible; Googlebot-Mobile/2.1; +http://www.google.com/bot.html)"
66.249.65.235 - - [04/Mar/2009:09:03:32 -0500] "GET /fiction/fict9596/fict9596.html HTTP/1.1" 200 1446 "-" "SAMSUNG-SGH-E250/1.0 Profile/MIDP-2.0 Configuration/CLDC-1.1 UP.Browser/6.2.3.3.c.1.101 (GUI) MMP/2.0 (compatible; Googlebot-Mobile/2.1; +http://www.google.com/bot.html)"
65.98.224.5 - - [04/Mar/2009:09:04:01 -0500] "GET /limerick/1996/nic1196.html HTTP/1.0" 200 11053 "-" "TurnitinBot/2.1 (http://www.turnitin.com/robot/crawlerinfo.html)"
66.249.65.230 - - [04/Mar/2009:09:06:02 -0500] "GET /limerick/1996/nice196.html HTTP/1.1" 200 10647 "-" "SAMSUNG-SGH-E250/1.0 Profile/MIDP-2.0 Configuration/CLDC-1.1 UP.Browser/6.2.3.3.c.1.101 (GUI) MMP/2.0 (compatible; Googlebot-Mobile/2.1; +http://www.google.com/bot.html)"
66.249.65.240 - - [04/Mar/2009:09:08:57 -0500] "GET /limerick/naut499.html HTTP/1.1" 200 38163 "-" "SAMSUNG-SGH-E250/1.0 Profile/MIDP-2.0 Configuration/CLDC-1.1 UP.Browser/6.2.3.3.c.1.101 (GUI) MMP/2.0 (compatible; Googlebot-Mobile/2.1; +http://www.google.com/bot.html)"
65.98.224.5 - - [04/Mar/2009:09:11:12 -0500] "GET /limerick/1996/naut596.html HTTP/1.0" 200 28755 "-" "TurnitinBot/2.1 (http://www.turnitin.com/robot/crawlerinfo.html)"
65.98.224.5 - - [04/Mar/2009:09:11:55 -0500] "GET /limerick/1996/naut496.html HTTP/1.0" 200 21599 "-" "TurnitinBot/2.1 (http://www.turnitin.com/robot/crawlerinfo.html)"
66.249.65.231 - - [04/Mar/2009:09:12:17 -0500] "GET /limerick/1996/nice296.html HTTP/1.1" 200 9047 "-" "SAMSUNG-SGH-E250/1.0 Profile/MIDP-2.0 Configuration/CLDC-1.1 UP.Browser/6.2.3.3.c.1.101 (GUI) MMP/2.0 (compatible; Googlebot-Mobile/2.1; +http://www.google.com/bot.html)"
66.249.65.226 - - [04/Mar/2009:09:12:19 -0500] "GET /limerick/1996/naut296.html HTTP/1.1" 200 30357 "-" "SAMSUNG-SGH-E250/1.0 Profile/MIDP-2.0 Configuration/CLDC-1.1 UP.Browser/6.2.3.3.c.1.101 (GUI) MMP/2.0 (compatible; Googlebot-Mobile/2.1; +http://www.google.com/bot.html)"
66.249.65.226 - - [04/Mar/2009:09:12:19 -0500] "GET /limerick/brady/brady99.html HTTP/1.1" 200 7546 "-" "SAMSUNG-SGH-E250/1.0 Profile/MIDP-2.0 Configuration/CLDC-1.1 UP.Browser/6.2.3.3.c.1.101 (GUI) MMP/2.0 (compatible; Googlebot-Mobile/2.1; +http://www.google.com/bot.html)"
66.249.65.230 - - [04/Mar/2009:09:20:54 -0500] "GET /limerick/1996/nice496.html HTTP/1.1" 200 15372 "-" "SAMSUNG-SGH-E250/1.0 Profile/MIDP-2.0 Configuration/CLDC-1.1 UP.Browser/6.2.3.3.c.1.101 (GUI) MMP/2.0 (compatible; Googlebot-Mobile/2.1; +http://www.google.com/bot.html)"
66.249.65.237 - - [04/Mar/2009:09:23:41 -0500] "GET /limerick/1996/naut996.html HTTP/1.1" 200 13852 "-" "SAMSUNG-SGH-E250/1.0 Profile/MIDP-2.0 Configuration/CLDC-1.1 UP.Browser/6.2.3.3.c.1.101 (GUI) MMP/2.0 (compatible; Googlebot-Mobile/2.1; +http://www.google.com/bot.html)"
66.249.65.240 - - [04/Mar/2009:09:30:07 -0500] "GET /fiction/novels/peak4.html HTTP/1.1" 200 13115 "-" "SAMSUNG-SGH-E250/1.0 Profile/MIDP-2.0 Configuration/CLDC-1.1 UP.Browser/6.2.3.3.c.1.101 (GUI) MMP/2.0 (compatible; Googlebot-Mobile/2.1; +http://www.google.com/bot.html)"
66.249.65.230 - - [04/Mar/2009:09:30:09 -0500] "GET /limerick/1996/naut396.html HTTP/1.1" 200 17461 "-" "SAMSUNG-SGH-E250/1.0 Profile/MIDP-2.0 Configuration/CLDC-1.1 UP.Browser/6.2.3.3.c.1.101 (GUI) MMP/2.0 (compatible; Googlebot-Mobile/2.1; +http://www.google.com/bot.html)"
170.185.89.19 - - [04/Mar/2009:09:32:00 -0500] "GET /rapture/rapture.html HTTP/1.1" 200 22564 "http://images.ask.com/fr?q=jury&desturi=http%3A%2F%2Fwww.toastpoint.com%2Frapture%2Frapture.html&fm=i&ac=3&ftURI=http%3A%2F%2Fimages.ask.com%2Ffr%3Fq%3Djury%26desturi%3Dhttp%253A%252F%252Fwww.toastpoint.com%252Frapture%252Frapture.html%26imagesrc%3Dhttp%253A%252F%252Fwww.toastpoint.com%252Frapture%252Ftbj-jury.gif%26thumbsrc%3Dhttp%253A%252F%252Fimgtn3.ask.com%252Fts%253Ft%253D2656937575207208691%2526pid%253D23296%2526ppid%253D6%26o%3D0%26l%3Ddir%26initialURL%3Dhttp%253A%252F%252Fwww.ask.com%252Fpictures%253Fl%253Ddir%2526o%253D0%2526q%253Djury%2526qsrc%253D168%26thumbuselocalisedstatic%3Dfalse%26fn%3Dtbj-jury.gif%26imagewidth%3D250%26imageheight%3D212%26fs%3D3%26ft%3Dgif%26f%3D2%26fm%3Di%26ftbURI%3Dhttp%253A%252F%252Fwww.ask.com%252Fpictures%253Fq%253Djury%2526page%253D1%2526o%253D0%2526l%253Ddir%2526pstart%253D0&qt=0" "Mozilla/4.0 (compatible; MSIE 6.0; Windows NT 5.1; SV1; InfoPath.1; .NET CLR 2.0.50727; .NET CLR 3.0.4506.2152; .NET CLR 3.5.30729)"
170.185.89.19 - - [04/Mar/2009:09:32:01 -0500] "GET /rapture/tbj-jury.gif HTTP/1.1" 200 3904 "http://www.toastpoint.com/rapture/rapture.html" "Mozilla/4.0 (compatible; MSIE 6.0; Windows NT 5.1; SV1; InfoPath.1; .NET CLR 2.0.50727; .NET CLR 3.0.4506.2152; .NET CLR 3.5.30729)"
170.185.89.19 - - [04/Mar/2009:09:32:01 -0500] "GET /rapture/sor-well.gif HTTP/1.1" 200 2583 "http://www.toastpoint.com/rapture/rapture.html" "Mozilla/4.0 (compatible; MSIE 6.0; Windows NT 5.1; SV1; InfoPath.1; .NET CLR 2.0.50727; .NET CLR 3.0.4506.2152; .NET CLR 3.5.30729)"
170.185.89.19 - - [04/Mar/2009:09:32:01 -0500] "GET /rapture/hms-dick.gif HTTP/1.1" 200 3100 "http://www.toastpoint.com/rapture/rapture.html" "Mozilla/4.0 (compatible; MSIE 6.0; Windows NT 5.1; SV1; InfoPath.1; .NET CLR 2.0.50727; .NET CLR 3.0.4506.2152; .NET CLR 3.5.30729)"
170.185.89.19 - - [04/Mar/2009:09:32:01 -0500] "GET /rapture/pirates.gif HTTP/1.1" 200 4045 "http://www.toastpoint.com/rapture/rapture.html" "Mozilla/4.0 (compatible; MSIE 6.0; Windows NT 5.1; SV1; InfoPath.1; .NET CLR 2.0.50727; .NET CLR 3.0.4506.2152; .NET CLR 3.5.30729)"
170.185.89.19 - - [04/Mar/2009:09:32:01 -0500] "GET /rapture/iolanthe.gif HTTP/1.1" 200 2814 "http://www.toastpoint.com/rapture/rapture.html" "Mozilla/4.0 (compatible; MSIE 6.0; Windows NT 5.1; SV1; InfoPath.1; .NET CLR 2.0.50727; .NET CLR 3.0.4506.2152; .NET CLR 3.5.30729)"
170.185.89.19 - - [04/Mar/2009:09:32:01 -0500] "GET /rapture/bunthorne.gif HTTP/1.1" 200 3137 "http://www.toastpoint.com/rapture/rapture.html" "Mozilla/4.0 (compatible; MSIE 6.0; Windows NT 5.1; SV1; InfoPath.1; .NET CLR 2.0.50727; .NET CLR 3.0.4506.2152; .NET CLR 3.5.30729)"
170.185.89.19 - - [04/Mar/2009:09:32:01 -0500] "GET /rapture/ida-monk.gif HTTP/1.1" 200 3753 "http://www.toastpoint.com/rapture/rapture.html" "Mozilla/4.0 (compatible; MSIE 6.0; Windows NT 5.1; SV1; InfoPath.1; .NET CLR 2.0.50727; .NET CLR 3.0.4506.2152; .NET CLR 3.5.30729)"
170.185.89.19 - - [04/Mar/2009:09:32:01 -0500] "GET /rapture/mik-lips.gif HTTP/1.1" 200 3352 "http://www.toastpoint.com/rapture/rapture.html" "Mozilla/4.0 (compatible; MSIE 6.0; Windows NT 5.1; SV1; InfoPath.1; .NET CLR 2.0.50727; .NET CLR 3.0.4506.2152; .NET CLR 3.5.30729)"
170.185.89.19 - - [04/Mar/2009:09:32:01 -0500] "GET /rapture/rud-spec.gif HTTP/1.1" 200 2489 "http://www.toastpoint.com/rapture/rapture.html" "Mozilla/4.0 (compatible; MSIE 6.0; Windows NT 5.1; SV1; InfoPath.1; .NET CLR 2.0.50727; .NET CLR 3.0.4506.2152; .NET CLR 3.5.30729)"
170.185.89.19 - - [04/Mar/2009:09:32:01 -0500] "GET /rapture/yeo-song.gif HTTP/1.1" 200 2781 "http://www.toastpoint.com/rapture/rapture.html" "Mozilla/4.0 (compatible; MSIE 6.0; Windows NT 5.1; SV1; InfoPath.1; .NET CLR 2.0.50727; .NET CLR 3.0.4506.2152; .NET CLR 3.5.30729)"
170.185.89.19 - - [04/Mar/2009:09:32:02 -0500] "GET /rapture/gon-baby.gif HTTP/1.1" 200 2847 "http://www.toastpoint.com/rapture/rapture.html" "Mozilla/4.0 (compatible; MSIE 6.0; Windows NT 5.1; SV1; InfoPath.1; .NET CLR 2.0.50727; .NET CLR 3.0.4506.2152; .NET CLR 3.5.30729)"
170.185.89.19 - - [04/Mar/2009:09:32:02 -0500] "GET /rapture/uto-look.gif HTTP/1.1" 200 3823 "http://www.toastpoint.com/rapture/rapture.html" "Mozilla/4.0 (compatible; MSIE 6.0; Windows NT 5.1; SV1; InfoPath.1; .NET CLR 2.0.50727; .NET CLR 3.0.4506.2152; .NET CLR 3.5.30729)"
66.249.65.239 - - [04/Mar/2009:09:36:18 -0500] "GET /limerick/naut399.html HTTP/1.1" 200 38217 "-" "SAMSUNG-SGH-E250/1.0 Profile/MIDP-2.0 Configuration/CLDC-1.1 UP.Browser/6.2.3.3.c.1.101 (GUI) MMP/2.0 (compatible; Googlebot-Mobile/2.1; +http://www.google.com/bot.html)"
208.111.154.15 - - [04/Mar/2009:09:42:15 -0500] "GET /robots.txt HTTP/1.1" 404 693 "-" "Mozilla/5.0 (compatible; Charlotte/1.1; http://www.searchme.com/support/)"
66.249.65.242 - - [04/Mar/2009:09:44:04 -0500] "GET /rapture/hogwartssorcerer.txt HTTP/1.1" 200 12877 "-" "Mozilla/5.0 (compatible; Googlebot/2.1; +http://www.google.com/bot.html)"
208.111.154.16 - - [04/Mar/2009:09:50:47 -0500] "GET /limerick/1998/nice198.html HTTP/1.1" 304 - "-" "Mozilla/5.0 (compatible; Charlotte/1.1; http://www.searchme.com/support/)"
66.249.65.233 - - [04/Mar/2009:10:29:03 -0500] "GET /fiction/fict97/fict497.html HTTP/1.1" 200 11424 "-" "SAMSUNG-SGH-E250/1.0 Profile/MIDP-2.0 Configuration/CLDC-1.1 UP.Browser/6.2.3.3.c.1.101 (GUI) MMP/2.0 (compatible; Googlebot-Mobile/2.1; +http://www.google.com/bot.html)"
208.111.154.16 - - [04/Mar/2009:10:35:30 -0500] "GET /robots.txt HTTP/1.1" 404 693 "-" "Mozilla/5.0 (compatible; Charlotte/1.1; http://www.searchme.com/support/)"
208.111.154.16 - - [04/Mar/2009:10:35:50 -0500] "GET /limerick/1998/naut698.html HTTP/1.1" 304 - "-" "Mozilla/5.0 (compatible; Charlotte/1.1; http://www.searchme.com/support/)"
66.249.65.235 - - [04/Mar/2009:10:57:52 -0500] "GET /fiction/fict97/fict597.html HTTP/1.1" 200 10485 "-" "SAMSUNG-SGH-E250/1.0 Profile/MIDP-2.0 Configuration/CLDC-1.1 UP.Browser/6.2.3.3.c.1.101 (GUI) MMP/2.0 (compatible; Googlebot-Mobile/2.1; +http://www.google.com/bot.html)"
66.249.65.227 - - [04/Mar/2009:10:58:01 -0500] "GET /limerick/brady/thebunch.gif HTTP/1.1" 304 - "-" "Googlebot-Image/1.0"
92.114.170.205 - - [04/Mar/2009:10:59:37 -0500] "GET /haiku/haiku599.html HTTP/1.0" 200 33918 "http://www.toastpoint.com/haiku/haiku599.html" "Mozilla/5.0 (Windows; U; Windows NT 5.1; en-US; rv:1.7.12) Gecko/20050915 Firefox/1.0.7"
92.114.170.205 - - [04/Mar/2009:10:59:38 -0500] "GET / HTTP/1.0" 200 464 "http://www.toastpoint.com/" "Mozilla/5.0 (Windows; U; Windows NT 5.1; en-US; rv:1.7.12) Gecko/20050915 Firefox/1.0.7"
92.114.170.205 - - [04/Mar/2009:10:59:38 -0500] "GET / HTTP/1.0" 200 464 "http://www.toastpoint.com/" "Mozilla/5.0 (Windows; U; Windows NT 5.1; en-US; rv:1.7.12) Gecko/20050915 Firefox/1.0.7"
207.126.224.241 - - [04/Mar/2009:11:04:39 -0500] "GET /haiku HTTP/1.0" 301 240 "-" "Mozilla/4.05 [en]"
207.126.224.241 - - [04/Mar/2009:11:04:39 -0500] "GET /haiku/ HTTP/1.0" 403 563 "-" "Mozilla/4.05 [en]"
207.126.224.241 - - [04/Mar/2009:11:04:43 -0500] "GET /limerick HTTP/1.0" 301 243 "-" "Mozilla/4.05 [en]"
207.126.224.241 - - [04/Mar/2009:11:04:43 -0500] "GET /limerick/ HTTP/1.0" 403 563 "-" "Mozilla/4.05 [en]"
