208.111.154.16 - - [29/Jan/2009:00:03:34 -0500] "GET /robots.txt HTTP/1.1" 404 693 "-" "Mozilla/5.0 (compatible; Charlotte/1.1; http://www.searchme.com/support/)"
208.111.154.16 - - [29/Jan/2009:00:08:30 -0500] "GET /robots.txt HTTP/1.1" 404 693 "-" "Mozilla/5.0 (compatible; Charlotte/1.1; http://www.searchme.com/support/)"
66.235.124.58 - - [29/Jan/2009:00:11:08 -0500] "GET /robots.txt HTTP/1.0" 404 693 "-" "Mozilla/5.0 (compatible; Ask Jeeves/Teoma; +http://about.ask.com/en/docs/about/webmasters.shtml)"
66.235.124.58 - - [29/Jan/2009:00:11:09 -0500] "GET /fiction/novels/parkey.html HTTP/1.0" 200 25723 "-" "Mozilla/5.0 (compatible; Ask Jeeves/Teoma; +http://about.ask.com/en/docs/about/webmasters.shtml)"
67.195.37.105 - - [29/Jan/2009:00:11:51 -0500] "GET /robots.txt HTTP/1.0" 404 693 "-" "Mozilla/5.0 (compatible; Yahoo! Slurp; http://help.yahoo.com/help/us/ysearch/slurp)"
67.195.37.105 - - [29/Jan/2009:00:11:51 -0500] "GET / HTTP/1.0" 200 464 "-" "Mozilla/5.0 (compatible; Yahoo! DE Slurp; http://help.yahoo.com/help/us/ysearch/slurp)"
67.195.37.105 - - [29/Jan/2009:00:11:52 -0500] "GET /toastpointtopleft.html HTTP/1.0" 200 162 "-" "Mozilla/5.0 (compatible; Yahoo! DE Slurp; http://help.yahoo.com/help/us/ysearch/slurp)"
67.195.37.105 - - [29/Jan/2009:00:11:52 -0500] "GET /toastpointtoc.html HTTP/1.0" 200 1188 "-" "Mozilla/5.0 (compatible; Yahoo! DE Slurp; http://help.yahoo.com/help/us/ysearch/slurp)"
67.195.37.105 - - [29/Jan/2009:00:11:52 -0500] "GET /news.html HTTP/1.0" 200 17706 "-" "Mozilla/5.0 (compatible; Yahoo! DE Slurp; http://help.yahoo.com/help/us/ysearch/slurp)"
67.195.37.105 - - [29/Jan/2009:00:11:53 -0500] "GET /toastpointtopright.html HTTP/1.0" 200 151 "-" "Mozilla/5.0 (compatible; Yahoo! DE Slurp; http://help.yahoo.com/help/us/ysearch/slurp)"
67.195.37.105 - - [29/Jan/2009:00:11:54 -0500] "GET /tpnews.html HTTP/1.0" 200 8305 "-" "Mozilla/5.0 (compatible; Yahoo! DE Slurp; http://help.yahoo.com/help/us/ysearch/slurp)"
71.217.146.18 - - [29/Jan/2009:00:18:17 -0500] "GET /limerick/1995/niceaug.html HTTP/1.1" 200 4489 "-" "Mozilla/5.0 (Windows; U; Windows NT 5.1; en-US; rv:1.8.1.20) Gecko/20081217 Firefox/2.0.0.20"
71.217.146.18 - - [29/Jan/2009:00:18:18 -0500] "GET /gifs/goldstar.jpg HTTP/1.1" 200 1854 "http://www.toastpoint.com/limerick/1995/niceaug.html" "Mozilla/5.0 (Windows; U; Windows NT 5.1; en-US; rv:1.8.1.20) Gecko/20081217 Firefox/2.0.0.20"
66.235.124.8 - - [29/Jan/2009:00:33:37 -0500] "GET /limerick/1998/nice298.html HTTP/1.1" 200 24359 "-" "Mozilla/5.0 (compatible; Ask Jeeves/Teoma; +http://about.ask.com/en/docs/about/webmasters.shtml)"
208.111.154.16 - - [29/Jan/2009:00:34:58 -0500] "GET /robots.txt HTTP/1.1" 404 693 "-" "Mozilla/5.0 (compatible; Charlotte/1.1; http://www.searchme.com/support/)"
208.111.154.15 - - [29/Jan/2009:00:49:16 -0500] "GET /robots.txt HTTP/1.1" 404 693 "-" "Mozilla/5.0 (compatible; Charlotte/1.1; http://www.searchme.com/support/)"
208.115.111.245 - - [29/Jan/2009:01:14:37 -0500] "GET /robots.txt HTTP/1.1" 404 693 "-" "Mozilla/5.0 (compatible; DotBot/1.1; http://www.dotnetdotcom.org/, crawler@dotnetdotcom.org)"
208.111.154.15 - - [29/Jan/2009:01:23:52 -0500] "GET /robots.txt HTTP/1.1" 404 693 "-" "Mozilla/5.0 (compatible; Charlotte/1.1; http://www.searchme.com/support/)"
208.111.154.16 - - [29/Jan/2009:01:26:22 -0500] "GET /robots.txt HTTP/1.1" 404 693 "-" "Mozilla/5.0 (compatible; Charlotte/1.1; http://www.searchme.com/support/)"
208.111.154.16 - - [29/Jan/2009:01:38:00 -0500] "GET /robots.txt HTTP/1.1" 404 693 "-" "Mozilla/5.0 (compatible; Charlotte/1.1; http://www.searchme.com/support/)"
66.235.124.8 - - [29/Jan/2009:01:40:41 -0500] "GET /limerick/1998/nice198.html HTTP/1.1" 200 25254 "-" "Mozilla/5.0 (compatible; Ask Jeeves/Teoma; +http://about.ask.com/en/docs/about/webmasters.shtml)"
74.6.28.104 - - [29/Jan/2009:01:46:12 -0500] "GET /robots.txt HTTP/1.0" 404 693 "-" "Mozilla/5.0 (compatible; Yahoo! Slurp; http://help.yahoo.com/help/us/ysearch/slurp)"
74.6.76.45 - - [29/Jan/2009:01:46:12 -0500] "GET /haiku/haiku.html HTTP/1.0" 200 2147 "-" "Mozilla/5.0 (compatible; Yahoo! DE Slurp; http://help.yahoo.com/help/us/ysearch/slurp)"
208.111.154.16 - - [29/Jan/2009:02:50:26 -0500] "GET /robots.txt HTTP/1.1" 404 693 "-" "Mozilla/5.0 (compatible; Charlotte/1.1; http://www.searchme.com/support/)"
208.111.154.16 - - [29/Jan/2009:02:50:50 -0500] "GET /robots.txt HTTP/1.1" 404 693 "-" "Mozilla/5.0 (compatible; Charlotte/1.1; http://www.searchme.com/support/)"
72.44.35.76 - - [29/Jan/2009:03:28:30 -0500] "GET /fiction/fict299.html HTTP/1.1" 200 38635 "-" "-"
66.235.124.8 - - [29/Jan/2009:03:37:29 -0500] "GET /limerick/1995/niceoct.html HTTP/1.1" 200 5007 "-" "Mozilla/5.0 (compatible; Ask Jeeves/Teoma; +http://about.ask.com/en/docs/about/webmasters.shtml)"
208.115.111.245 - - [29/Jan/2009:03:46:56 -0500] "GET /robots.txt HTTP/1.1" 404 693 "-" "Mozilla/5.0 (compatible; DotBot/1.1; http://www.dotnetdotcom.org/, crawler@dotnetdotcom.org)"
72.30.161.228 - - [29/Jan/2009:03:50:11 -0500] "GET /robots.txt HTTP/1.0" 404 693 "-" "Mozilla/5.0 (compatible; Yahoo! Slurp; http://help.yahoo.com/help/us/ysearch/slurp)"
72.30.161.228 - - [29/Jan/2009:03:50:14 -0500] "GET /limerick/1995/nautfrm.html HTTP/1.0" 404 693 "-" "Mozilla/5.0 (compatible; Yahoo! Slurp; http://help.yahoo.com/help/us/ysearch/slurp)"
208.111.154.16 - - [29/Jan/2009:04:13:12 -0500] "GET /robots.txt HTTP/1.1" 404 693 "-" "Mozilla/5.0 (compatible; Charlotte/1.1; http://www.searchme.com/support/)"
66.235.124.8 - - [29/Jan/2009:04:22:27 -0500] "GET /fiction/fict98/fict1298.html HTTP/1.1" 200 38294 "-" "Mozilla/5.0 (compatible; Ask Jeeves/Teoma; +http://about.ask.com/en/docs/about/webmasters.shtml)"
66.235.124.8 - - [29/Jan/2009:04:36:33 -0500] "GET /fiction/fict9596/fict396.html HTTP/1.1" 200 9345 "-" "Mozilla/5.0 (compatible; Ask Jeeves/Teoma; +http://about.ask.com/en/docs/about/webmasters.shtml)"
208.111.154.15 - - [29/Jan/2009:04:40:38 -0500] "GET /robots.txt HTTP/1.1" 404 693 "-" "Mozilla/5.0 (compatible; Charlotte/1.1; http://www.searchme.com/support/)"
208.111.154.16 - - [29/Jan/2009:04:41:14 -0500] "GET /robots.txt HTTP/1.1" 404 693 "-" "Mozilla/5.0 (compatible; Charlotte/1.1; http://www.searchme.com/support/)"
208.111.154.31 - - [29/Jan/2009:04:55:12 -0500] "GET /robots.txt HTTP/1.1" 404 693 "-" "Mozilla/5.0 (compatible; Charlotte/1.1; http://www.searchme.com/support/)"
208.111.154.15 - - [29/Jan/2009:05:38:17 -0500] "GET /robots.txt HTTP/1.1" 404 693 "-" "Mozilla/5.0 (compatible; Charlotte/1.1; http://www.searchme.com/support/)"
66.235.124.8 - - [29/Jan/2009:06:00:27 -0500] "GET /writing/pumpkin.html HTTP/1.1" 200 3677 "-" "Mozilla/5.0 (compatible; Ask Jeeves/Teoma; +http://about.ask.com/en/docs/about/webmasters.shtml)"
208.115.111.245 - - [29/Jan/2009:06:20:28 -0500] "GET /robots.txt HTTP/1.1" 404 693 "-" "Mozilla/5.0 (compatible; DotBot/1.1; http://www.dotnetdotcom.org/, crawler@dotnetdotcom.org)"
67.195.37.93 - - [29/Jan/2009:06:24:26 -0500] "GET /robots.txt HTTP/1.0" 404 693 "-" "Mozilla/5.0 (compatible; Yahoo! Slurp; http://help.yahoo.com/help/us/ysearch/slurp)"
67.195.37.93 - - [29/Jan/2009:06:24:27 -0500] "GET /haiku/haiku.html HTTP/1.0" 200 2147 "-" "Mozilla/5.0 (compatible; Yahoo! DE Slurp; http://help.yahoo.com/help/us/ysearch/slurp)"
114.111.36.26 - - [29/Jan/2009:06:28:37 -0500] "GET /robots.txt HTTP/1.1" 404 693 "-" "Mozilla/4.0 (compatible; NaverBot/1.0; http://help.naver.com/customer_webtxt_02.jsp)"
114.111.36.26 - - [29/Jan/2009:06:28:53 -0500] "GET / HTTP/1.1" 200 464 "-" "Mozilla/4.0 (compatible; NaverBot/1.0; http://help.naver.com/customer_webtxt_02.jsp)"
208.111.154.16 - - [29/Jan/2009:06:30:14 -0500] "GET /robots.txt HTTP/1.1" 404 693 "-" "Mozilla/5.0 (compatible; Charlotte/1.1; http://www.searchme.com/support/)"
65.55.209.252 - - [29/Jan/2009:06:39:12 -0500] "GET /robots.txt HTTP/1.1" 404 693 "-" "msnbot/1.1 (+http://search.msn.com/msnbot.htm)"
65.55.209.252 - - [29/Jan/2009:06:39:12 -0500] "GET /limerick/limerick.html HTTP/1.1" 304 - "-" "msnbot/1.1 (+http://search.msn.com/msnbot.htm)"
66.235.124.8 - - [29/Jan/2009:06:48:07 -0500] "GET /limerick/brady/brady99.html HTTP/1.1" 200 7546 "-" "Mozilla/5.0 (compatible; Ask Jeeves/Teoma; +http://about.ask.com/en/docs/about/webmasters.shtml)"
63.241.3.51 - - [29/Jan/2009:06:50:09 -0500] "GET /limerick/limerick.html HTTP/1.1" 200 2613 "-" "-"
66.235.124.8 - - [29/Jan/2009:06:52:31 -0500] "GET /limerick/1996/naut896.html HTTP/1.1" 200 14574 "-" "Mozilla/5.0 (compatible; Ask Jeeves/Teoma; +http://about.ask.com/en/docs/about/webmasters.shtml)"
66.235.124.8 - - [29/Jan/2009:06:55:45 -0500] "GET /limerick/1996/nic1296.html HTTP/1.1" 200 19459 "-" "Mozilla/5.0 (compatible; Ask Jeeves/Teoma; +http://about.ask.com/en/docs/about/webmasters.shtml)"
208.111.154.15 - - [29/Jan/2009:07:01:06 -0500] "GET /robots.txt HTTP/1.1" 404 693 "-" "Mozilla/5.0 (compatible; Charlotte/1.1; http://www.searchme.com/support/)"
208.115.111.245 - - [29/Jan/2009:07:18:33 -0500] "GET /haiku/1998/haiku998.html HTTP/1.1" 200 38887 "-" "Mozilla/5.0 (compatible; DotBot/1.1; http://www.dotnetdotcom.org/, crawler@dotnetdotcom.org)"
208.115.111.245 - - [29/Jan/2009:07:18:36 -0500] "GET /haiku/fiction/fiction.html HTTP/1.1" 404 693 "-" "Mozilla/5.0 (compatible; DotBot/1.1; http://www.dotnetdotcom.org/, crawler@dotnetdotcom.org)"
208.115.111.245 - - [29/Jan/2009:07:18:36 -0500] "GET /haiku/haik1995/1995.html HTTP/1.1" 404 693 "-" "Mozilla/5.0 (compatible; DotBot/1.1; http://www.dotnetdotcom.org/, crawler@dotnetdotcom.org)"
208.115.111.245 - - [29/Jan/2009:07:18:37 -0500] "GET /haiku/haiku.html HTTP/1.1" 200 2147 "-" "Mozilla/5.0 (compatible; DotBot/1.1; http://www.dotnetdotcom.org/, crawler@dotnetdotcom.org)"
208.115.111.245 - - [29/Jan/2009:07:18:38 -0500] "GET /haiku/haiku199.html HTTP/1.1" 200 34287 "-" "Mozilla/5.0 (compatible; DotBot/1.1; http://www.dotnetdotcom.org/, crawler@dotnetdotcom.org)"
208.115.111.245 - - [29/Jan/2009:07:18:40 -0500] "GET /haiku/haiku299.html HTTP/1.1" 200 68017 "-" "Mozilla/5.0 (compatible; DotBot/1.1; http://www.dotnetdotcom.org/, crawler@dotnetdotcom.org)"
208.115.111.245 - - [29/Jan/2009:07:18:40 -0500] "GET /haiku/haiku399.html HTTP/1.1" 200 75208 "-" "Mozilla/5.0 (compatible; DotBot/1.1; http://www.dotnetdotcom.org/, crawler@dotnetdotcom.org)"
208.115.111.245 - - [29/Jan/2009:07:18:42 -0500] "GET /haiku/haiku499.html HTTP/1.1" 200 54815 "-" "Mozilla/5.0 (compatible; DotBot/1.1; http://www.dotnetdotcom.org/, crawler@dotnetdotcom.org)"
208.115.111.245 - - [29/Jan/2009:07:18:43 -0500] "GET /haiku/haiku599.html HTTP/1.1" 200 33918 "-" "Mozilla/5.0 (compatible; DotBot/1.1; http://www.dotnetdotcom.org/, crawler@dotnetdotcom.org)"
208.115.111.245 - - [29/Jan/2009:07:18:45 -0500] "GET /haiku/haikufrm.html HTTP/1.1" 200 534 "-" "Mozilla/5.0 (compatible; DotBot/1.1; http://www.dotnetdotcom.org/, crawler@dotnetdotcom.org)"
208.111.154.16 - - [29/Jan/2009:07:33:44 -0500] "GET /robots.txt HTTP/1.1" 404 693 "-" "Mozilla/5.0 (compatible; Charlotte/1.1; http://www.searchme.com/support/)"
208.111.154.15 - - [29/Jan/2009:07:49:25 -0500] "GET /robots.txt HTTP/1.1" 404 693 "-" "Mozilla/5.0 (compatible; Charlotte/1.1; http://www.searchme.com/support/)"
208.111.154.15 - - [29/Jan/2009:07:49:46 -0500] "GET /limerick/nice599.html HTTP/1.1" 304 - "-" "Mozilla/5.0 (compatible; Charlotte/1.1; http://www.searchme.com/support/)"
208.111.154.15 - - [29/Jan/2009:08:49:08 -0500] "GET /robots.txt HTTP/1.1" 404 693 "-" "Mozilla/5.0 (compatible; Charlotte/1.1; http://www.searchme.com/support/)"
208.111.154.15 - - [29/Jan/2009:08:52:53 -0500] "GET /robots.txt HTTP/1.1" 404 693 "-" "Mozilla/5.0 (compatible; Charlotte/1.1; http://www.searchme.com/support/)"
208.115.111.245 - - [29/Jan/2009:08:57:37 -0500] "GET /robots.txt HTTP/1.1" 404 693 "-" "Mozilla/5.0 (compatible; DotBot/1.1; http://www.dotnetdotcom.org/, crawler@dotnetdotcom.org)"
168.170.202.150 - - [29/Jan/2009:09:01:44 -0500] "GET /limerick/nice299.html HTTP/1.1" 200 28130 "http://www.google.com/search?hl=en&q=limerick+clean&aq=f&oq=" "Mozilla/4.0 (compatible; MSIE 7.0; Windows NT 5.1; .NET CLR 1.1.4322; .NET CLR 2.0.50727; .NET CLR 3.0.04506.30)"
74.6.76.45 - - [29/Jan/2009:09:26:18 -0500] "GET / HTTP/1.0" 200 464 "-" "Mozilla/5.0 (compatible; Yahoo! DE Slurp; http://help.yahoo.com/help/us/ysearch/slurp)"
74.6.76.45 - - [29/Jan/2009:09:26:19 -0500] "GET /toastpointtopleft.html HTTP/1.0" 200 162 "-" "Mozilla/5.0 (compatible; Yahoo! DE Slurp; http://help.yahoo.com/help/us/ysearch/slurp)"
74.6.76.45 - - [29/Jan/2009:09:26:20 -0500] "GET /toastpointtoc.html HTTP/1.0" 200 1188 "-" "Mozilla/5.0 (compatible; Yahoo! DE Slurp; http://help.yahoo.com/help/us/ysearch/slurp)"
74.6.76.45 - - [29/Jan/2009:09:26:21 -0500] "GET /news.html HTTP/1.0" 200 17706 "-" "Mozilla/5.0 (compatible; Yahoo! DE Slurp; http://help.yahoo.com/help/us/ysearch/slurp)"
74.6.76.45 - - [29/Jan/2009:09:26:22 -0500] "GET /toastpointtopright.html HTTP/1.0" 200 151 "-" "Mozilla/5.0 (compatible; Yahoo! DE Slurp; http://help.yahoo.com/help/us/ysearch/slurp)"
74.6.76.45 - - [29/Jan/2009:09:26:23 -0500] "GET /tpnews.html HTTP/1.0" 200 8305 "-" "Mozilla/5.0 (compatible; Yahoo! DE Slurp; http://help.yahoo.com/help/us/ysearch/slurp)"
208.111.154.15 - - [29/Jan/2009:09:46:19 -0500] "GET /robots.txt HTTP/1.1" 404 693 "-" "Mozilla/5.0 (compatible; Charlotte/1.1; http://www.searchme.com/support/)"
208.111.154.15 - - [29/Jan/2009:09:47:01 -0500] "GET /robots.txt HTTP/1.1" 404 693 "-" "Mozilla/5.0 (compatible; Charlotte/1.1; http://www.searchme.com/support/)"
81.52.143.15 - - [29/Jan/2009:09:54:35 -0500] "GET /limerick/1996/naut596.html HTTP/1.1" 200 28755 "-" "Mozilla/5.0 (Windows; U; Windows NT 5.1; fr; rv:1.8.1) VoilaBot BETA 1.2 (support.voilabot@orange-ftgroup.com)"
193.47.80.45 - - [29/Jan/2009:10:09:07 -0500] "GET /rapture/hogwartsruddigore.txt HTTP/1.1" 304 - "-" "Mozilla/5.0 (compatible; Exabot/3.0; +http://www.exabot.com/go/robot)"
208.115.111.245 - - [29/Jan/2009:10:17:48 -0500] "GET /haiku/limerick/limerick.html HTTP/1.1" 404 693 "-" "Mozilla/5.0 (compatible; DotBot/1.1; http://www.dotnetdotcom.org/, crawler@dotnetdotcom.org)"
208.115.111.245 - - [29/Jan/2009:10:17:50 -0500] "GET /haiku/welcome.html HTTP/1.1" 404 693 "-" "Mozilla/5.0 (compatible; DotBot/1.1; http://www.dotnetdotcom.org/, crawler@dotnetdotcom.org)"
208.115.111.245 - - [29/Jan/2009:10:17:52 -0500] "GET /haiku/wumpus.html HTTP/1.1" 404 693 "-" "Mozilla/5.0 (compatible; DotBot/1.1; http://www.dotnetdotcom.org/, crawler@dotnetdotcom.org)"
208.115.111.245 - - [29/Jan/2009:10:17:54 -0500] "GET /limerick HTTP/1.1" 301 243 "-" "Mozilla/5.0 (compatible; DotBot/1.1; http://www.dotnetdotcom.org/, crawler@dotnetdotcom.org)"
208.115.111.245 - - [29/Jan/2009:10:17:56 -0500] "GET /limerick/ HTTP/1.1" 403 563 "-" "Mozilla/5.0 (compatible; DotBot/1.1; http://www.dotnetdotcom.org/, crawler@dotnetdotcom.org)"
208.115.111.245 - - [29/Jan/2009:10:17:58 -0500] "GET /limerick/1995/1995.html HTTP/1.1" 200 1428 "-" "Mozilla/5.0 (compatible; DotBot/1.1; http://www.dotnetdotcom.org/, crawler@dotnetdotcom.org)"
208.115.111.245 - - [29/Jan/2009:10:17:59 -0500] "GET /limerick/1995/bestnaut.html HTTP/1.1" 200 10247 "-" "Mozilla/5.0 (compatible; DotBot/1.1; http://www.dotnetdotcom.org/, crawler@dotnetdotcom.org)"
208.115.111.245 - - [29/Jan/2009:10:18:01 -0500] "GET /limerick/1995/bestnice.html HTTP/1.1" 200 6154 "-" "Mozilla/5.0 (compatible; DotBot/1.1; http://www.dotnetdotcom.org/, crawler@dotnetdotcom.org)"
208.115.111.245 - - [29/Jan/2009:10:18:02 -0500] "GET /limerick/1995/nautaug.html HTTP/1.1" 200 7940 "-" "Mozilla/5.0 (compatible; DotBot/1.1; http://www.dotnetdotcom.org/, crawler@dotnetdotcom.org)"
208.115.111.245 - - [29/Jan/2009:10:18:04 -0500] "GET /limerick/1995/nautdec.html HTTP/1.1" 200 30430 "-" "Mozilla/5.0 (compatible; DotBot/1.1; http://www.dotnetdotcom.org/, crawler@dotnetdotcom.org)"
208.111.154.15 - - [29/Jan/2009:10:19:16 -0500] "GET /robots.txt HTTP/1.1" 404 693 "-" "Mozilla/5.0 (compatible; Charlotte/1.1; http://www.searchme.com/support/)"
163.191.83.130 - - [29/Jan/2009:10:20:56 -0500] "GET /limerick/naut199.html HTTP/1.1" 200 34481 "http://www.google.com/search?hl=en&q=An+old+archaeologist%2C+Throstle&aq=f&oq=" "Mozilla/4.0 (compatible; MSIE 6.0; Windows NT 5.1; SV1; .NET CLR 1.1.4322; InfoPath.2)"
163.191.83.130 - - [29/Jan/2009:10:20:56 -0500] "GET /gifs/nakedman.gif HTTP/1.1" 200 7734 "http://www.toastpoint.com/limerick/naut199.html" "Mozilla/4.0 (compatible; MSIE 6.0; Windows NT 5.1; SV1; .NET CLR 1.1.4322; InfoPath.2)"
163.191.83.130 - - [29/Jan/2009:10:20:56 -0500] "GET /gifs/boobies.gif HTTP/1.1" 200 11144 "http://www.toastpoint.com/limerick/naut199.html" "Mozilla/4.0 (compatible; MSIE 6.0; Windows NT 5.1; SV1; .NET CLR 1.1.4322; InfoPath.2)"
163.191.83.130 - - [29/Jan/2009:10:20:56 -0500] "GET /gifs/goldstar.jpg HTTP/1.1" 200 1854 "http://www.toastpoint.com/limerick/naut199.html" "Mozilla/4.0 (compatible; MSIE 6.0; Windows NT 5.1; SV1; .NET CLR 1.1.4322; InfoPath.2)"
208.111.154.15 - - [29/Jan/2009:10:22:48 -0500] "GET /robots.txt HTTP/1.1" 404 693 "-" "Mozilla/5.0 (compatible; Charlotte/1.1; http://www.searchme.com/support/)"
208.111.154.16 - - [29/Jan/2009:10:24:04 -0500] "GET /robots.txt HTTP/1.1" 404 693 "-" "Mozilla/5.0 (compatible; Charlotte/1.1; http://www.searchme.com/support/)"
208.111.154.15 - - [29/Jan/2009:10:44:09 -0500] "GET /robots.txt HTTP/1.1" 404 693 "-" "Mozilla/5.0 (compatible; Charlotte/1.1; http://www.searchme.com/support/)"
208.111.154.15 - - [29/Jan/2009:10:44:29 -0500] "GET /haiku/haik1995/1995.html HTTP/1.1" 404 693 "-" "Mozilla/5.0 (compatible; Charlotte/1.1; http://www.searchme.com/support/)"
208.111.154.16 - - [29/Jan/2009:10:48:46 -0500] "GET /robots.txt HTTP/1.1" 404 693 "-" "Mozilla/5.0 (compatible; Charlotte/1.1; http://www.searchme.com/support/)"
208.111.154.16 - - [29/Jan/2009:10:49:03 -0500] "GET /limerick/1997/naut397.html HTTP/1.1" 304 - "-" "Mozilla/5.0 (compatible; Charlotte/1.1; http://www.searchme.com/support/)"
66.249.65.51 - - [29/Jan/2009:10:52:14 -0500] "GET /robots.txt HTTP/1.1" 404 693 "-" "Nokia6820/2.0 (4.83) Profile/MIDP-1.0 Configuration/CLDC-1.0 (compatible; Googlebot-Mobile/2.1; +http://www.google.com/bot.html)"
66.249.65.51 - - [29/Jan/2009:10:52:14 -0500] "GET /limerick/limerick.html HTTP/1.1" 200 2613 "-" "Nokia6820/2.0 (4.83) Profile/MIDP-1.0 Configuration/CLDC-1.0 (compatible; Googlebot-Mobile/2.1; +http://www.google.com/bot.html)"
208.111.154.15 - - [29/Jan/2009:11:05:54 -0500] "GET /limerick/1995/niceaug.html HTTP/1.1" 200 4489 "-" "Mozilla/5.0 (compatible; Charlotte/1.1; http://www.searchme.com/support/)"
208.111.154.15 - - [29/Jan/2009:11:52:29 -0500] "GET /robots.txt HTTP/1.1" 404 693 "-" "Mozilla/5.0 (compatible; Charlotte/1.1; http://www.searchme.com/support/)"
81.149.105.211 - - [29/Jan/2009:11:53:44 -0500] "GET /favicon.ico HTTP/1.1" 404 693 "-" "Mozilla/4.0 (compatible; MSIE 7.0; Windows NT 5.1; .NET CLR 1.1.4322; .NET CLR 2.0.50727; .NET CLR 3.0.04506.30)"
81.149.105.211 - - [29/Jan/2009:11:53:44 -0500] "GET /gifs/boobies.gif HTTP/1.1" 200 11144 "http://www.toastpoint.com/limerick/naut199.html" "Mozilla/4.0 (compatible; MSIE 7.0; Windows NT 5.1; .NET CLR 1.1.4322; .NET CLR 2.0.50727; .NET CLR 3.0.04506.30)"
81.149.105.211 - - [29/Jan/2009:11:53:44 -0500] "GET /gifs/nakedman.gif HTTP/1.1" 200 7734 "http://www.toastpoint.com/limerick/naut199.html" "Mozilla/4.0 (compatible; MSIE 7.0; Windows NT 5.1; .NET CLR 1.1.4322; .NET CLR 2.0.50727; .NET CLR 3.0.04506.30)"
81.149.105.211 - - [29/Jan/2009:11:53:44 -0500] "GET /gifs/goldstar.jpg HTTP/1.1" 200 1854 "http://www.toastpoint.com/limerick/naut199.html" "Mozilla/4.0 (compatible; MSIE 7.0; Windows NT 5.1; .NET CLR 1.1.4322; .NET CLR 2.0.50727; .NET CLR 3.0.04506.30)"
81.149.105.211 - - [29/Jan/2009:11:53:44 -0500] "GET /limerick/naut199.html HTTP/1.1" 200 34481 "-" "Mozilla/4.0 (compatible; MSIE 7.0; Windows NT 5.1; .NET CLR 1.1.4322; .NET CLR 2.0.50727; .NET CLR 3.0.04506.30)"
208.111.154.16 - - [29/Jan/2009:11:55:03 -0500] "GET /fiction/fict97/fict497.html HTTP/1.1" 200 11424 "-" "Mozilla/5.0 (compatible; Charlotte/1.1; http://www.searchme.com/support/)"
208.115.111.245 - - [29/Jan/2009:11:55:15 -0500] "GET /robots.txt HTTP/1.1" 404 693 "-" "Mozilla/5.0 (compatible; DotBot/1.1; http://www.dotnetdotcom.org/, crawler@dotnetdotcom.org)"
68.228.111.2 - - [29/Jan/2009:12:02:45 -0500] "GET /limerick/1997/nice1197.html HTTP/1.1" 200 19541 "http://www.google.com/search?hl=en&safe=active&client=firefox-a&rls=org.mozilla%3Aen-US%3Aofficial&hs=irF&q=clean+limericks+about+the+end&btnG=Search&safe=on" "Mozilla/5.0 (Macintosh; U; PPC Mac OS X 10.5; en-US; rv:1.9.0.3) Gecko/2008092414 Firefox/3.0.3"
68.228.111.2 - - [29/Jan/2009:12:02:46 -0500] "GET /gifs/birdumb.gif HTTP/1.1" 200 4704 "http://www.toastpoint.com/limerick/1997/nice1197.html" "Mozilla/5.0 (Macintosh; U; PPC Mac OS X 10.5; en-US; rv:1.9.0.3) Gecko/2008092414 Firefox/3.0.3"
68.228.111.2 - - [29/Jan/2009:12:02:46 -0500] "GET /gifs/goldstar.jpg HTTP/1.1" 200 1854 "http://www.toastpoint.com/limerick/1997/nice1197.html" "Mozilla/5.0 (Macintosh; U; PPC Mac OS X 10.5; en-US; rv:1.9.0.3) Gecko/2008092414 Firefox/3.0.3"
68.228.111.2 - - [29/Jan/2009:12:02:46 -0500] "GET /gifs/birdumb2.gif HTTP/1.1" 200 4698 "http://www.toastpoint.com/limerick/1997/nice1197.html" "Mozilla/5.0 (Macintosh; U; PPC Mac OS X 10.5; en-US; rv:1.9.0.3) Gecko/2008092414 Firefox/3.0.3"
68.228.111.2 - - [29/Jan/2009:12:02:46 -0500] "GET /favicon.ico HTTP/1.1" 404 693 "-" "Mozilla/5.0 (Macintosh; U; PPC Mac OS X 10.5; en-US; rv:1.9.0.3) Gecko/2008092414 Firefox/3.0.3"
68.228.111.2 - - [29/Jan/2009:12:02:49 -0500] "GET /favicon.ico HTTP/1.1" 404 693 "-" "Mozilla/5.0 (Macintosh; U; PPC Mac OS X 10.5; en-US; rv:1.9.0.3) Gecko/2008092414 Firefox/3.0.3"
66.235.124.104 - - [29/Jan/2009:12:32:12 -0500] "GET /robots.txt HTTP/1.1" 404 693 "-" "Mozilla/5.0 (compatible; Ask Jeeves/Teoma; +http://about.ask.com/en/docs/about/webmasters.shtml)"
66.235.124.104 - - [29/Jan/2009:12:32:17 -0500] "GET /fiction/fict98/fict198.html HTTP/1.1" 200 62967 "-" "Mozilla/5.0 (compatible; Ask Jeeves/Teoma; +http://about.ask.com/en/docs/about/webmasters.shtml)"
206.53.144.183 - - [29/Jan/2009:12:34:13 -0500] "GET /favicon.ico HTTP/1.0" 404 693 "http://www.toastpoint.com/limerick/naut199.html" "BlackBerry8100/4.2.0 Profile/MIDP-2.0 Configuration/CLDC-1.1 VendorID/100"
206.53.144.183 - - [29/Jan/2009:12:34:19 -0500] "GET /limerick/naut199.html HTTP/1.0" 200 34481 "-" "BlackBerry8100/4.2.0 Profile/MIDP-2.0 Configuration/CLDC-1.1 VendorID/100"
206.53.144.183 - - [29/Jan/2009:12:34:20 -0500] "GET /favicon.ico HTTP/1.0" 404 693 "http://www.toastpoint.com/limerick/naut199.html" "BlackBerry8100/4.2.0 Profile/MIDP-2.0 Configuration/CLDC-1.1 VendorID/100"
206.53.144.183 - - [29/Jan/2009:12:34:20 -0500] "GET /gifs/boobies.gif HTTP/1.0" 200 11144 "http://www.toastpoint.com/limerick/naut199.html" "BlackBerry8100/4.2.0 Profile/MIDP-2.0 Configuration/CLDC-1.1 VendorID/100"
206.53.144.183 - - [29/Jan/2009:12:34:20 -0500] "GET /gifs/goldstar.jpg HTTP/1.0" 200 1854 "http://www.toastpoint.com/limerick/naut199.html" "BlackBerry8100/4.2.0 Profile/MIDP-2.0 Configuration/CLDC-1.1 VendorID/100"
206.53.144.183 - - [29/Jan/2009:12:34:20 -0500] "GET /gifs/nakedman.gif HTTP/1.0" 200 7734 "http://www.toastpoint.com/limerick/naut199.html" "BlackBerry8100/4.2.0 Profile/MIDP-2.0 Configuration/CLDC-1.1 VendorID/100"
174.158.128.1 - - [29/Jan/2009:12:49:25 -0500] "GET /gifs/goldstar.jpg HTTP/1.1" 200 1854 "http://mail.google.com/mail/?ui=1&view=page&name=htmlcompose&ver=1chdyj2lqwlxk" "Mozilla/5.0 (Windows; U; Windows NT 5.1; en-US; rv:1.8) Gecko/20051111 Firefox/1.5"
66.235.124.8 - - [29/Jan/2009:13:05:00 -0500] "GET /robots.txt HTTP/1.1" 404 693 "-" "Mozilla/5.0 (compatible; Ask Jeeves/Teoma; +http://about.ask.com/en/docs/about/webmasters.shtml)"
66.235.124.8 - - [29/Jan/2009:13:05:05 -0500] "GET /fiction/novels/xmascurl.html HTTP/1.1" 200 33957 "-" "Mozilla/5.0 (compatible; Ask Jeeves/Teoma; +http://about.ask.com/en/docs/about/webmasters.shtml)"
208.115.111.245 - - [29/Jan/2009:13:05:32 -0500] "GET /limerick/1995/nautjuly.html HTTP/1.1" 200 3106 "-" "Mozilla/5.0 (compatible; DotBot/1.1; http://www.dotnetdotcom.org/, crawler@dotnetdotcom.org)"
208.115.111.245 - - [29/Jan/2009:13:05:34 -0500] "GET /limerick/1995/nautjune.html HTTP/1.1" 200 3274 "-" "Mozilla/5.0 (compatible; DotBot/1.1; http://www.dotnetdotcom.org/, crawler@dotnetdotcom.org)"
208.115.111.245 - - [29/Jan/2009:13:05:35 -0500] "GET /limerick/1995/nautnov.html HTTP/1.1" 200 13933 "-" "Mozilla/5.0 (compatible; DotBot/1.1; http://www.dotnetdotcom.org/, crawler@dotnetdotcom.org)"
208.115.111.245 - - [29/Jan/2009:13:05:37 -0500] "GET /limerick/1995/nautoct.html HTTP/1.1" 200 12561 "-" "Mozilla/5.0 (compatible; DotBot/1.1; http://www.dotnetdotcom.org/, crawler@dotnetdotcom.org)"
208.115.111.245 - - [29/Jan/2009:13:05:39 -0500] "GET /limerick/1995/nautsept.html HTTP/1.1" 200 7977 "-" "Mozilla/5.0 (compatible; DotBot/1.1; http://www.dotnetdotcom.org/, crawler@dotnetdotcom.org)"
208.115.111.245 - - [29/Jan/2009:13:05:40 -0500] "GET /limerick/1995/niceaug.html HTTP/1.1" 200 4489 "-" "Mozilla/5.0 (compatible; DotBot/1.1; http://www.dotnetdotcom.org/, crawler@dotnetdotcom.org)"
208.115.111.245 - - [29/Jan/2009:13:05:41 -0500] "GET /limerick/1995/nicedec.html HTTP/1.1" 200 13251 "-" "Mozilla/5.0 (compatible; DotBot/1.1; http://www.dotnetdotcom.org/, crawler@dotnetdotcom.org)"
208.115.111.245 - - [29/Jan/2009:13:05:42 -0500] "GET /limerick/1995/nicejuly.html HTTP/1.1" 200 1086 "-" "Mozilla/5.0 (compatible; DotBot/1.1; http://www.dotnetdotcom.org/, crawler@dotnetdotcom.org)"
208.115.111.245 - - [29/Jan/2009:13:05:44 -0500] "GET /limerick/1995/nicejune.html HTTP/1.1" 200 1710 "-" "Mozilla/5.0 (compatible; DotBot/1.1; http://www.dotnetdotcom.org/, crawler@dotnetdotcom.org)"
208.115.111.245 - - [29/Jan/2009:13:05:46 -0500] "GET /limerick/1995/nicenov.html HTTP/1.1" 200 5429 "-" "Mozilla/5.0 (compatible; DotBot/1.1; http://www.dotnetdotcom.org/, crawler@dotnetdotcom.org)"
208.111.154.15 - - [29/Jan/2009:13:30:02 -0500] "GET /robots.txt HTTP/1.1" 404 693 "-" "Mozilla/5.0 (compatible; Charlotte/1.1; http://www.searchme.com/support/)"
72.159.2.254 - - [29/Jan/2009:13:40:51 -0500] "GET /limerick/nice299.html HTTP/1.1" 200 28130 "http://www.google.com/search?hl=en&q=clean+limericks&aq=0&oq=%28clean%29+Limer&safe=active" "Mozilla/4.0 (compatible; MSIE 6.0; Windows NT 5.1; SV1; .NET CLR 1.1.4322; InfoPath.1)"
72.159.2.254 - - [29/Jan/2009:13:40:52 -0500] "GET /gifs/goldstar.jpg HTTP/1.1" 200 1854 "http://www.toastpoint.com/limerick/nice299.html" "Mozilla/4.0 (compatible; MSIE 6.0; Windows NT 5.1; SV1; .NET CLR 1.1.4322; InfoPath.1)"
72.159.2.254 - - [29/Jan/2009:13:40:52 -0500] "GET /gifs/birdumb2.gif HTTP/1.1" 200 4698 "http://www.toastpoint.com/limerick/nice299.html" "Mozilla/4.0 (compatible; MSIE 6.0; Windows NT 5.1; SV1; .NET CLR 1.1.4322; InfoPath.1)"
72.159.2.254 - - [29/Jan/2009:13:40:52 -0500] "GET /gifs/birdumb.gif HTTP/1.1" 200 4704 "http://www.toastpoint.com/limerick/nice299.html" "Mozilla/4.0 (compatible; MSIE 6.0; Windows NT 5.1; SV1; .NET CLR 1.1.4322; InfoPath.1)"
193.252.149.15 - - [29/Jan/2009:13:44:38 -0500] "GET /limerick/nice199.html HTTP/1.1" 200 25313 "-" "Mozilla/5.0 (Windows; U; Windows NT 5.1; fr; rv:1.8.1) VoilaBot BETA 1.2 (support.voilabot@orange-ftgroup.com)"
208.111.154.16 - - [29/Jan/2009:13:56:08 -0500] "GET /robots.txt HTTP/1.1" 404 693 "-" "Mozilla/5.0 (compatible; Charlotte/1.1; http://www.searchme.com/support/)"
208.111.154.15 - - [29/Jan/2009:13:58:50 -0500] "GET /robots.txt HTTP/1.1" 404 693 "-" "Mozilla/5.0 (compatible; Charlotte/1.1; http://www.searchme.com/support/)"
66.249.65.232 - - [29/Jan/2009:14:08:19 -0500] "GET /fiction/fiction.html HTTP/1.1" 200 2705 "-" "Nokia6820/2.0 (4.83) Profile/MIDP-1.0 Configuration/CLDC-1.0 (compatible; Googlebot-Mobile/2.1; +http://www.google.com/bot.html)"
208.111.154.15 - - [29/Jan/2009:14:12:34 -0500] "GET /robots.txt HTTP/1.1" 404 693 "-" "Mozilla/5.0 (compatible; Charlotte/1.1; http://www.searchme.com/support/)"
72.30.161.228 - - [29/Jan/2009:14:28:03 -0500] "GET /robots.txt HTTP/1.0" 404 693 "-" "Mozilla/5.0 (compatible; Yahoo! Slurp; http://help.yahoo.com/help/us/ysearch/slurp)"
208.115.111.245 - - [29/Jan/2009:14:34:15 -0500] "GET /robots.txt HTTP/1.1" 404 693 "-" "Mozilla/5.0 (compatible; DotBot/1.1; http://www.dotnetdotcom.org/, crawler@dotnetdotcom.org)"
208.111.154.15 - - [29/Jan/2009:14:42:39 -0500] "GET /robots.txt HTTP/1.1" 404 693 "-" "Mozilla/5.0 (compatible; Charlotte/1.1; http://www.searchme.com/support/)"
193.47.80.45 - - [29/Jan/2009:14:45:06 -0500] "GET /limerick/1996/nau1096.html HTTP/1.1" 200 23475 "-" "Mozilla/5.0 (compatible; Exabot/3.0; +http://www.exabot.com/go/robot)"
74.6.30.119 - - [29/Jan/2009:15:10:52 -0500] "GET /haiku/haiku.html HTTP/1.0" 200 2147 "-" "Mozilla/5.0 (compatible; Yahoo! DE Slurp; http://help.yahoo.com/help/us/ysearch/slurp)"
208.111.154.15 - - [29/Jan/2009:15:20:32 -0500] "GET /robots.txt HTTP/1.1" 404 693 "-" "Mozilla/5.0 (compatible; Charlotte/1.1; http://www.searchme.com/support/)"
83.71.29.107 - - [29/Jan/2009:15:23:13 -0500] "GET /favicon.ico HTTP/1.1" 404 693 "-" "Mozilla/4.0 (compatible; MSIE 7.0; Windows NT 6.0; GTB5; Mozilla/4.0 (compatible; MSIE 6.0; Windows NT 5.1; SV1) ; SLCC1; .NET CLR 2.0.50727; .NET CLR 3.0.04506)"
83.71.29.107 - - [29/Jan/2009:15:23:13 -0500] "GET /limerick/naut199.html HTTP/1.1" 200 34481 "-" "Mozilla/4.0 (compatible; MSIE 7.0; Windows NT 6.0; GTB5; Mozilla/4.0 (compatible; MSIE 6.0; Windows NT 5.1; SV1) ; SLCC1; .NET CLR 2.0.50727; .NET CLR 3.0.04506)"
83.71.29.107 - - [29/Jan/2009:15:23:14 -0500] "GET /gifs/goldstar.jpg HTTP/1.1" 200 1854 "http://www.toastpoint.com/limerick/naut199.html" "Mozilla/4.0 (compatible; MSIE 7.0; Windows NT 6.0; GTB5; Mozilla/4.0 (compatible; MSIE 6.0; Windows NT 5.1; SV1) ; SLCC1; .NET CLR 2.0.50727; .NET CLR 3.0.04506)"
83.71.29.107 - - [29/Jan/2009:15:23:14 -0500] "GET /gifs/boobies.gif HTTP/1.1" 200 11144 "http://www.toastpoint.com/limerick/naut199.html" "Mozilla/4.0 (compatible; MSIE 7.0; Windows NT 6.0; GTB5; Mozilla/4.0 (compatible; MSIE 6.0; Windows NT 5.1; SV1) ; SLCC1; .NET CLR 2.0.50727; .NET CLR 3.0.04506)"
83.71.29.107 - - [29/Jan/2009:15:23:14 -0500] "GET /gifs/nakedman.gif HTTP/1.1" 200 7734 "http://www.toastpoint.com/limerick/naut199.html" "Mozilla/4.0 (compatible; MSIE 7.0; Windows NT 6.0; GTB5; Mozilla/4.0 (compatible; MSIE 6.0; Windows NT 5.1; SV1) ; SLCC1; .NET CLR 2.0.50727; .NET CLR 3.0.04506)"
142.46.171.174 - - [29/Jan/2009:15:24:07 -0500] "GET /favicon.ico HTTP/1.1" 404 693 "-" "Mozilla/5.0 (Windows; U; Windows NT 5.1; en-US; rv:1.9.0.5) Gecko/2008120122 Firefox/3.0.5"
142.46.171.174 - - [29/Jan/2009:15:24:10 -0500] "GET /favicon.ico HTTP/1.1" 404 693 "-" "Mozilla/5.0 (Windows; U; Windows NT 5.1; en-US; rv:1.9.0.5) Gecko/2008120122 Firefox/3.0.5"
142.46.171.174 - - [29/Jan/2009:15:24:10 -0500] "GET /gifs/boobies.gif HTTP/1.1" 200 11144 "http://www.toastpoint.com/limerick/naut199.html" "Mozilla/5.0 (Windows; U; Windows NT 5.1; en-US; rv:1.9.0.5) Gecko/2008120122 Firefox/3.0.5"
142.46.171.174 - - [29/Jan/2009:15:24:10 -0500] "GET /gifs/nakedman.gif HTTP/1.1" 200 7734 "http://www.toastpoint.com/limerick/naut199.html" "Mozilla/5.0 (Windows; U; Windows NT 5.1; en-US; rv:1.9.0.5) Gecko/2008120122 Firefox/3.0.5"
142.46.171.174 - - [29/Jan/2009:15:24:10 -0500] "GET /gifs/goldstar.jpg HTTP/1.1" 200 1854 "http://www.toastpoint.com/limerick/naut199.html" "Mozilla/5.0 (Windows; U; Windows NT 5.1; en-US; rv:1.9.0.5) Gecko/2008120122 Firefox/3.0.5"
142.46.171.174 - - [29/Jan/2009:15:24:10 -0500] "GET /limerick/naut199.html HTTP/1.1" 200 34481 "-" "Mozilla/5.0 (Windows; U; Windows NT 5.1; en-US; rv:1.9.0.5) Gecko/2008120122 Firefox/3.0.5"
208.111.154.15 - - [29/Jan/2009:15:41:26 -0500] "GET /robots.txt HTTP/1.1" 404 693 "-" "Mozilla/5.0 (compatible; Charlotte/1.1; http://www.searchme.com/support/)"
208.111.154.16 - - [29/Jan/2009:15:41:44 -0500] "GET /robots.txt HTTP/1.1" 404 693 "-" "Mozilla/5.0 (compatible; Charlotte/1.1; http://www.searchme.com/support/)"
208.80.194.56 - - [29/Jan/2009:15:43:14 -0500] "GET / HTTP/1.0" 200 464 "-" "Mozilla/4.0 (compatible; MSIE 7.0; Windows NT 5.1; Comcast Install 1.0; .NET CLR 1.1.4322; SpamBlockerUtility 4.8.6; InfoPath.2; Dealio Deskball 3.0)"
208.115.111.245 - - [29/Jan/2009:15:49:08 -0500] "GET /limerick/1995/niceoct.html HTTP/1.1" 200 5007 "-" "Mozilla/5.0 (compatible; DotBot/1.1; http://www.dotnetdotcom.org/, crawler@dotnetdotcom.org)"
208.115.111.245 - - [29/Jan/2009:15:49:10 -0500] "GET /limerick/1995/nicesept.html HTTP/1.1" 200 3676 "-" "Mozilla/5.0 (compatible; DotBot/1.1; http://www.dotnetdotcom.org/, crawler@dotnetdotcom.org)"
208.115.111.245 - - [29/Jan/2009:15:49:11 -0500] "GET /limerick/1996/1996.html HTTP/1.1" 404 693 "-" "Mozilla/5.0 (compatible; DotBot/1.1; http://www.dotnetdotcom.org/, crawler@dotnetdotcom.org)"
208.115.111.245 - - [29/Jan/2009:15:49:13 -0500] "GET /limerick/1996/bestnaut.html HTTP/1.1" 200 19352 "-" "Mozilla/5.0 (compatible; DotBot/1.1; http://www.dotnetdotcom.org/, crawler@dotnetdotcom.org)"
208.115.111.245 - - [29/Jan/2009:15:49:15 -0500] "GET /limerick/1996/brady/brady96.html HTTP/1.1" 404 693 "-" "Mozilla/5.0 (compatible; DotBot/1.1; http://www.dotnetdotcom.org/, crawler@dotnetdotcom.org)"
208.115.111.245 - - [29/Jan/2009:15:49:16 -0500] "GET /limerick/1996/formhint.html HTTP/1.1" 404 693 "-" "Mozilla/5.0 (compatible; DotBot/1.1; http://www.dotnetdotcom.org/, crawler@dotnetdotcom.org)"
208.115.111.245 - - [29/Jan/2009:15:49:17 -0500] "GET /limerick/1996/instruct.html HTTP/1.1" 404 693 "-" "Mozilla/5.0 (compatible; DotBot/1.1; http://www.dotnetdotcom.org/, crawler@dotnetdotcom.org)"
208.115.111.245 - - [29/Jan/2009:15:49:18 -0500] "GET /limerick/1996/lim1996.html HTTP/1.1" 200 2072 "-" "Mozilla/5.0 (compatible; DotBot/1.1; http://www.dotnetdotcom.org/, crawler@dotnetdotcom.org)"
208.115.111.245 - - [29/Jan/2009:15:49:19 -0500] "GET /limerick/1996/nau1096.html HTTP/1.1" 200 23475 "-" "Mozilla/5.0 (compatible; DotBot/1.1; http://www.dotnetdotcom.org/, crawler@dotnetdotcom.org)"
208.115.111.245 - - [29/Jan/2009:15:49:20 -0500] "GET /limerick/1996/nau1196.html HTTP/1.1" 200 14916 "-" "Mozilla/5.0 (compatible; DotBot/1.1; http://www.dotnetdotcom.org/, crawler@dotnetdotcom.org)"
208.111.154.15 - - [29/Jan/2009:15:55:51 -0500] "GET /robots.txt HTTP/1.1" 404 693 "-" "Mozilla/5.0 (compatible; Charlotte/1.1; http://www.searchme.com/support/)"
69.223.178.150 - - [29/Jan/2009:15:58:29 -0500] "GET /limerick/limerick.html HTTP/1.1" 200 2613 "http://www.toastpoint.com/limerick/limerick.html" "Mozilla/5.0 (Macintosh; U; Intel Mac OS X 10_4_11; en) AppleWebKit/525.27.1 (KHTML, like Gecko) Version/3.2.1 Safari/525.27.1"
69.223.178.150 - - [29/Jan/2009:15:58:30 -0500] "GET /gifs/woman.gif HTTP/1.1" 200 9657 "http://www.toastpoint.com/limerick/limerick.html" "Mozilla/5.0 (Macintosh; U; Intel Mac OS X 10_4_11; en) AppleWebKit/525.27.1 (KHTML, like Gecko) Version/3.2.1 Safari/525.27.1"
69.223.178.150 - - [29/Jan/2009:15:58:30 -0500] "GET /gifs/birdumb2.gif HTTP/1.1" 200 4698 "http://www.toastpoint.com/limerick/limerick.html" "Mozilla/5.0 (Macintosh; U; Intel Mac OS X 10_4_11; en) AppleWebKit/525.27.1 (KHTML, like Gecko) Version/3.2.1 Safari/525.27.1"
208.111.154.16 - - [29/Jan/2009:16:00:44 -0500] "GET /robots.txt HTTP/1.1" 404 693 "-" "Mozilla/5.0 (compatible; Charlotte/1.1; http://www.searchme.com/support/)"
208.80.194.32 - - [29/Jan/2009:16:42:52 -0500] "GET / HTTP/1.0" 200 464 "-" "Mozilla/4.0 (compatible; MSIE 6.0; Windows NT 5.1; SV1; FreeprodTB; iebar; acc=vonner; acc=none; acc=)"
208.111.154.15 - - [29/Jan/2009:16:44:18 -0500] "GET /limerick/1998/nice798.html HTTP/1.1" 200 18342 "-" "Mozilla/5.0 (compatible; Charlotte/1.1; http://www.searchme.com/support/)"
208.111.154.15 - - [29/Jan/2009:16:47:35 -0500] "GET /robots.txt HTTP/1.1" 404 693 "-" "Mozilla/5.0 (compatible; Charlotte/1.1; http://www.searchme.com/support/)"
66.235.124.8 - - [29/Jan/2009:16:51:06 -0500] "GET /limerick/1996/nice496.html HTTP/1.1" 200 15372 "-" "Mozilla/5.0 (compatible; Ask Jeeves/Teoma; +http://about.ask.com/en/docs/about/webmasters.shtml)"
142.104.63.85 - - [29/Jan/2009:17:09:54 -0500] "GET /favicon.ico HTTP/1.1" 404 693 "-" "Mozilla/5.0 (X11; U; Linux i686; en-US; rv:1.9.0.5) Gecko/2008121622 Ubuntu/8.10 (intrepid) Firefox/3.0.5"
142.104.63.85 - - [29/Jan/2009:17:09:54 -0500] "GET /gifs/boobies.gif HTTP/1.1" 200 11144 "http://www.toastpoint.com/limerick/naut199.html" "Mozilla/5.0 (X11; U; Linux i686; en-US; rv:1.9.0.5) Gecko/2008121622 Ubuntu/8.10 (intrepid) Firefox/3.0.5"
142.104.63.85 - - [29/Jan/2009:17:09:54 -0500] "GET /gifs/goldstar.jpg HTTP/1.1" 200 1854 "http://www.toastpoint.com/limerick/naut199.html" "Mozilla/5.0 (X11; U; Linux i686; en-US; rv:1.9.0.5) Gecko/2008121622 Ubuntu/8.10 (intrepid) Firefox/3.0.5"
142.104.63.85 - - [29/Jan/2009:17:09:54 -0500] "GET /gifs/nakedman.gif HTTP/1.1" 200 7734 "http://www.toastpoint.com/limerick/naut199.html" "Mozilla/5.0 (X11; U; Linux i686; en-US; rv:1.9.0.5) Gecko/2008121622 Ubuntu/8.10 (intrepid) Firefox/3.0.5"
142.104.63.85 - - [29/Jan/2009:17:09:54 -0500] "GET /limerick/naut199.html HTTP/1.1" 200 34481 "-" "Mozilla/5.0 (X11; U; Linux i686; en-US; rv:1.9.0.5) Gecko/2008121622 Ubuntu/8.10 (intrepid) Firefox/3.0.5"
142.104.63.85 - - [29/Jan/2009:17:09:56 -0500] "GET /favicon.ico HTTP/1.1" 404 693 "-" "Mozilla/5.0 (X11; U; Linux i686; en-US; rv:1.9.0.5) Gecko/2008121622 Ubuntu/8.10 (intrepid) Firefox/3.0.5"
208.115.111.245 - - [29/Jan/2009:17:11:15 -0500] "GET /robots.txt HTTP/1.1" 404 693 "-" "Mozilla/5.0 (compatible; DotBot/1.1; http://www.dotnetdotcom.org/, crawler@dotnetdotcom.org)"
208.111.154.16 - - [29/Jan/2009:17:11:22 -0500] "GET /robots.txt HTTP/1.1" 404 693 "-" "Mozilla/5.0 (compatible; Charlotte/1.1; http://www.searchme.com/support/)"
208.111.154.16 - - [29/Jan/2009:17:24:11 -0500] "GET /robots.txt HTTP/1.1" 404 693 "-" "Mozilla/5.0 (compatible; Charlotte/1.1; http://www.searchme.com/support/)"
24.227.168.142 - - [29/Jan/2009:17:26:58 -0500] "GET /rapture/tbj-jury.gif HTTP/1.1" 200 3904 "http://images.ask.com/fr?q=Right+to+Trial+by+Jury&desturi=http%3A%2F%2Fwww.toastpoint.com%2Frapture%2Frapture.html&imagesrc=http%3A%2F%2Fwww.toastpoint.com%2Frapture%2Ftbj-jury.gif&thumbsrc=http%3A%2F%2F66.235.120.64%2Fts%3Ft%3D2656937575207208691%26pid%3D23296%26ppid%3D5&o=0&l=dir&initialURL=http%3A%2F%2Fwww.ask.com%2Fpictures%3Fq%3DRight%2Bto%2BTrial%2Bby%2BJury%26qsrc%3D6%26o%3D0%26l%3Ddir%26ni%3D&thumbuselocalisedstatic=false&fn=tbj-jury.gif&imagewidth=250&imageheight=212&fs=3&ft=gif&f=2&fm=i&ftbURI=http%3A%2F%2Fwww.ask.com%2Fpictures%3Fq%3DRight%2Bto%2BTrial%2Bby%2BJury%26page%3D1%26o%3D0%26l%3Ddir%26pstart%3D0&qt=0&ac=3&ejs=http%3A%2F%2Fimages.ask.com%2Ffr%3Fq%3DRight%2Bto%2BTrial%2Bby%2BJury%26desturi%3Dhttp%253A%252F%252Fwww.toastpoint.com%252Frapture%252Frapture.html%26fm%3Di%26ac%3D3%26ftURI%3Dhttp%253A%252F%252Fimages.ask.com%252Ffr%253Fq%253DRight%252Bto%252BTrial%252Bby%252BJury%2526desturi%253Dhttp%25253A%25252F%25252Fwww.toastpoint.com%25252Frapture%25252Frapture.html%2526imagesrc%253Dhttp%25253A%25252F%25252Fwww.toastpoint.com%25252Frapture%25252Ftbj-jury.gif%2526thumbsrc%253Dhttp%25253A%25252F%25252F66.235.120.64%25252Fts%25253Ft%25253D2656937575207208691%252526pid%25253D23296%252526ppid%25253D5%2526o%253D0%2526l%253Ddir%2526initialURL%253Dhttp%25253A%25252F%25252Fwww.ask.com%25252Fpictures%25253Fq%25253DRight%25252Bto%25252BTrial%25252Bby%25252BJury%252526qsrc%25253D6%252526o%25253D0%252526l%25253Ddir%252526ni%25253D%2526thumbuselocalisedstatic%253Dfalse%2526fn%253Dtbj-jury.gif%2526imagewidth%253D250%2526imageheight%253D212%2526fs%253D3%2526ft%253Dgif%2526f%253D2%2526fm%253Di%2526ftbURI%253Dhttp%25253A%25252F%25252Fwww.ask.com%25252Fpictures%25253Fq%25253DRight%25252Bto%25252BTrial%25252Bby%25252BJury%252526page%25253D1%252526o%25253D0%252526l%25253Ddir%252526pstart%25253D0%26qt%3D0" "Mozilla/4.0 (compatible; MSIE 7.0; Windows NT 5.1; .NET CLR 1.1.4322; .NET CLR 2.0.50727; .NET CLR 3.0.04506.30)"
24.227.168.142 - - [29/Jan/2009:17:26:58 -0500] "GET /favicon.ico HTTP/1.1" 404 693 "-" "Mozilla/4.0 (compatible; MSIE 7.0; Windows NT 5.1; .NET CLR 1.1.4322; .NET CLR 2.0.50727; .NET CLR 3.0.04506.30)"
208.111.154.15 - - [29/Jan/2009:17:27:01 -0500] "GET /robots.txt HTTP/1.1" 404 693 "-" "Mozilla/5.0 (compatible; Charlotte/1.1; http://www.searchme.com/support/)"
208.111.154.16 - - [29/Jan/2009:17:33:23 -0500] "GET /robots.txt HTTP/1.1" 404 693 "-" "Mozilla/5.0 (compatible; Charlotte/1.1; http://www.searchme.com/support/)"
208.111.154.15 - - [29/Jan/2009:17:55:40 -0500] "GET /robots.txt HTTP/1.1" 404 693 "-" "Mozilla/5.0 (compatible; Charlotte/1.1; http://www.searchme.com/support/)"
208.111.154.15 - - [29/Jan/2009:17:55:59 -0500] "GET /limerick/1996/nice296.html HTTP/1.1" 200 9047 "-" "Mozilla/5.0 (compatible; Charlotte/1.1; http://www.searchme.com/support/)"
208.111.154.15 - - [29/Jan/2009:18:25:45 -0500] "GET /robots.txt HTTP/1.1" 404 693 "-" "Mozilla/5.0 (compatible; Charlotte/1.1; http://www.searchme.com/support/)"
208.115.111.245 - - [29/Jan/2009:18:31:44 -0500] "GET /limerick/1996/nau1296.html HTTP/1.1" 200 25921 "-" "Mozilla/5.0 (compatible; DotBot/1.1; http://www.dotnetdotcom.org/, crawler@dotnetdotcom.org)"
208.115.111.245 - - [29/Jan/2009:18:31:47 -0500] "GET /limerick/1996/naut196.html HTTP/1.1" 200 38213 "-" "Mozilla/5.0 (compatible; DotBot/1.1; http://www.dotnetdotcom.org/, crawler@dotnetdotcom.org)"
208.115.111.245 - - [29/Jan/2009:18:31:51 -0500] "GET /limerick/1996/naut296.htm HTTP/1.1" 404 693 "-" "Mozilla/5.0 (compatible; DotBot/1.1; http://www.dotnetdotcom.org/, crawler@dotnetdotcom.org)"
208.115.111.245 - - [29/Jan/2009:18:31:52 -0500] "GET /limerick/1996/naut296.html HTTP/1.1" 200 30357 "-" "Mozilla/5.0 (compatible; DotBot/1.1; http://www.dotnetdotcom.org/, crawler@dotnetdotcom.org)"
208.115.111.245 - - [29/Jan/2009:18:31:54 -0500] "GET /limerick/1996/naut396.html HTTP/1.1" 200 17461 "-" "Mozilla/5.0 (compatible; DotBot/1.1; http://www.dotnetdotcom.org/, crawler@dotnetdotcom.org)"
208.115.111.245 - - [29/Jan/2009:18:31:55 -0500] "GET /limerick/1996/naut496.html HTTP/1.1" 200 21599 "-" "Mozilla/5.0 (compatible; DotBot/1.1; http://www.dotnetdotcom.org/, crawler@dotnetdotcom.org)"
208.115.111.245 - - [29/Jan/2009:18:31:57 -0500] "GET /limerick/1996/naut596.html HTTP/1.1" 200 28755 "-" "Mozilla/5.0 (compatible; DotBot/1.1; http://www.dotnetdotcom.org/, crawler@dotnetdotcom.org)"
208.115.111.245 - - [29/Jan/2009:18:31:59 -0500] "GET /limerick/1996/naut696.html HTTP/1.1" 200 13746 "-" "Mozilla/5.0 (compatible; DotBot/1.1; http://www.dotnetdotcom.org/, crawler@dotnetdotcom.org)"
208.115.111.245 - - [29/Jan/2009:18:32:00 -0500] "GET /limerick/1996/naut796.html HTTP/1.1" 200 9432 "-" "Mozilla/5.0 (compatible; DotBot/1.1; http://www.dotnetdotcom.org/, crawler@dotnetdotcom.org)"
208.115.111.245 - - [29/Jan/2009:18:32:01 -0500] "GET /limerick/1996/naut896.html HTTP/1.1" 200 14574 "-" "Mozilla/5.0 (compatible; DotBot/1.1; http://www.dotnetdotcom.org/, crawler@dotnetdotcom.org)"
82.237.151.51 - - [29/Jan/2009:18:33:23 -0500] "GET /fiction/novels/parkey.html HTTP/1.1" 200 25723 "-" "Mozilla/4.0 (compatible; MSIE 6.0; Windows NT 5.1; SV1; Tablet PC 1.7; .NET CLR 1.0.3705; .NET CLR 1.1.4322; .NET CLR 2.0.50727; InfoPath.1)"
82.237.151.51 - - [29/Jan/2009:18:33:24 -0500] "GET /gifs/goldstar.jpg HTTP/1.1" 200 1854 "http://006a13a.netsolhost.com/fiction/novels/parkey.html" "Mozilla/4.0 (compatible; MSIE 6.0; Windows NT 5.1; SV1; Tablet PC 1.7; .NET CLR 1.0.3705; .NET CLR 1.1.4322; .NET CLR 2.0.50727; InfoPath.1)"
74.163.132.162 - - [29/Jan/2009:18:36:15 -0500] "GET /favicon.ico HTTP/1.1" 404 693 "-" "Mozilla/4.0 (compatible; MSIE 7.0; Windows NT 5.1; .NET CLR 1.1.4322)"
74.163.132.162 - - [29/Jan/2009:18:36:15 -0500] "GET /writing/funny.html HTTP/1.1" 200 6412 "-" "Mozilla/4.0 (compatible; MSIE 7.0; Windows NT 5.1; .NET CLR 1.1.4322)"
173.16.124.209 - - [29/Jan/2009:18:40:27 -0500] "GET /rapture/rapture.html HTTP/1.1" 200 22564 "http://images.ask.com/fr?q=Right+to+Fair+Speedy+Trial&desturi=http%3A%2F%2Fwww.toastpoint.com%2Frapture%2Frapture.html&fm=i&ac=20&ftURI=http%3A%2F%2Fimages.ask.com%2Ffr%3Fq%3DRight%2Bto%2BFair%2BSpeedy%2BTrial%26desturi%3Dhttp%253A%252F%252Fwww.toastpoint.com%252Frapture%252Frapture.html%26imagesrc%3Dhttp%253A%252F%252Fwww.toastpoint.com%252Frapture%252Ftbj-jury.gif%26thumbsrc%3Dhttp%253A%252F%252F66.235.120.64%252Fts%253Ft%253D2656937575207208691%2526pid%253D23296%2526ppid%253D5%26o%3D0%26l%3Ddir%26initialURL%3Dhttp%253A%252F%252Fwww.ask.com%252Fpictures%253Fq%253DRight%252Bto%252BFair%252BSpeedy%252BTrial%2526qsrc%253D6%2526o%253D0%2526l%253Ddir%2526ni%253D%26thumbuselocalisedstatic%3Dfalse%26fn%3Dtbj-jury.gif%26imagewidth%3D250%26imageheight%3D212%26fs%3D3%26ft%3Dgif%26f%3D2%26fm%3Di%26ftbURI%3Dhttp%253A%252F%252Fwww.ask.com%252Fpictures%253Fq%253DRight%252Bto%252BFair%252BSpeedy%252BTrial%2526page%253D1%2526o%253D0%2526l%253Ddir%2526pstart%253D0&qt=0" "Mozilla/4.0 (compatible; MSIE 7.0; Windows NT 5.1; GTB5; .NET CLR 1.0.3705; Media Center PC 2.8)"
173.16.124.209 - - [29/Jan/2009:18:40:28 -0500] "GET /rapture/hms-dick.gif HTTP/1.1" 200 3100 "http://www.toastpoint.com/rapture/rapture.html" "Mozilla/4.0 (compatible; MSIE 7.0; Windows NT 5.1; GTB5; .NET CLR 1.0.3705; Media Center PC 2.8)"
173.16.124.209 - - [29/Jan/2009:18:40:28 -0500] "GET /rapture/tbj-jury.gif HTTP/1.1" 200 3904 "http://www.toastpoint.com/rapture/rapture.html" "Mozilla/4.0 (compatible; MSIE 7.0; Windows NT 5.1; GTB5; .NET CLR 1.0.3705; Media Center PC 2.8)"
173.16.124.209 - - [29/Jan/2009:18:40:28 -0500] "GET /rapture/sor-well.gif HTTP/1.1" 200 2583 "http://www.toastpoint.com/rapture/rapture.html" "Mozilla/4.0 (compatible; MSIE 7.0; Windows NT 5.1; GTB5; .NET CLR 1.0.3705; Media Center PC 2.8)"
173.16.124.209 - - [29/Jan/2009:18:40:28 -0500] "GET /rapture/pirates.gif HTTP/1.1" 200 4045 "http://www.toastpoint.com/rapture/rapture.html" "Mozilla/4.0 (compatible; MSIE 7.0; Windows NT 5.1; GTB5; .NET CLR 1.0.3705; Media Center PC 2.8)"
173.16.124.209 - - [29/Jan/2009:18:40:28 -0500] "GET /rapture/bunthorne.gif HTTP/1.1" 200 3137 "http://www.toastpoint.com/rapture/rapture.html" "Mozilla/4.0 (compatible; MSIE 7.0; Windows NT 5.1; GTB5; .NET CLR 1.0.3705; Media Center PC 2.8)"
173.16.124.209 - - [29/Jan/2009:18:40:28 -0500] "GET /rapture/iolanthe.gif HTTP/1.1" 200 2814 "http://www.toastpoint.com/rapture/rapture.html" "Mozilla/4.0 (compatible; MSIE 7.0; Windows NT 5.1; GTB5; .NET CLR 1.0.3705; Media Center PC 2.8)"
173.16.124.209 - - [29/Jan/2009:18:40:28 -0500] "GET /rapture/ida-monk.gif HTTP/1.1" 200 3753 "http://www.toastpoint.com/rapture/rapture.html" "Mozilla/4.0 (compatible; MSIE 7.0; Windows NT 5.1; GTB5; .NET CLR 1.0.3705; Media Center PC 2.8)"
173.16.124.209 - - [29/Jan/2009:18:40:28 -0500] "GET /rapture/mik-lips.gif HTTP/1.1" 200 3352 "http://www.toastpoint.com/rapture/rapture.html" "Mozilla/4.0 (compatible; MSIE 7.0; Windows NT 5.1; GTB5; .NET CLR 1.0.3705; Media Center PC 2.8)"
173.16.124.209 - - [29/Jan/2009:18:40:28 -0500] "GET /rapture/rud-spec.gif HTTP/1.1" 200 2489 "http://www.toastpoint.com/rapture/rapture.html" "Mozilla/4.0 (compatible; MSIE 7.0; Windows NT 5.1; GTB5; .NET CLR 1.0.3705; Media Center PC 2.8)"
173.16.124.209 - - [29/Jan/2009:18:40:28 -0500] "GET /rapture/yeo-song.gif HTTP/1.1" 200 2781 "http://www.toastpoint.com/rapture/rapture.html" "Mozilla/4.0 (compatible; MSIE 7.0; Windows NT 5.1; GTB5; .NET CLR 1.0.3705; Media Center PC 2.8)"
173.16.124.209 - - [29/Jan/2009:18:40:28 -0500] "GET /rapture/gon-baby.gif HTTP/1.1" 200 2847 "http://www.toastpoint.com/rapture/rapture.html" "Mozilla/4.0 (compatible; MSIE 7.0; Windows NT 5.1; GTB5; .NET CLR 1.0.3705; Media Center PC 2.8)"
173.16.124.209 - - [29/Jan/2009:18:40:28 -0500] "GET /rapture/uto-look.gif HTTP/1.1" 200 3823 "http://www.toastpoint.com/rapture/rapture.html" "Mozilla/4.0 (compatible; MSIE 7.0; Windows NT 5.1; GTB5; .NET CLR 1.0.3705; Media Center PC 2.8)"
173.16.124.209 - - [29/Jan/2009:18:40:30 -0500] "GET /favicon.ico HTTP/1.1" 404 693 "-" "Mozilla/4.0 (compatible; MSIE 7.0; Windows NT 5.1; GTB5; .NET CLR 1.0.3705; Media Center PC 2.8)"
208.111.154.15 - - [29/Jan/2009:18:41:29 -0500] "GET /robots.txt HTTP/1.1" 404 693 "-" "Mozilla/5.0 (compatible; Charlotte/1.1; http://www.searchme.com/support/)"
208.111.154.15 - - [29/Jan/2009:18:44:06 -0500] "GET /robots.txt HTTP/1.1" 404 693 "-" "Mozilla/5.0 (compatible; Charlotte/1.1; http://www.searchme.com/support/)"
72.30.161.228 - - [29/Jan/2009:19:00:00 -0500] "GET /robots.txt HTTP/1.0" 404 693 "-" "Mozilla/5.0 (compatible; Yahoo! Slurp; http://help.yahoo.com/help/us/ysearch/slurp)"
208.111.154.15 - - [29/Jan/2009:19:01:58 -0500] "GET /robots.txt HTTP/1.1" 404 693 "-" "Mozilla/5.0 (compatible; Charlotte/1.1; http://www.searchme.com/support/)"
208.115.111.245 - - [29/Jan/2009:19:51:34 -0500] "GET /robots.txt HTTP/1.1" 404 693 "-" "Mozilla/5.0 (compatible; DotBot/1.1; http://www.dotnetdotcom.org/, crawler@dotnetdotcom.org)"
66.235.124.8 - - [29/Jan/2009:19:54:38 -0500] "GET /haiku/moral.html HTTP/1.1" 200 4692 "-" "Mozilla/5.0 (compatible; Ask Jeeves/Teoma; +http://about.ask.com/en/docs/about/webmasters.shtml)"
208.111.154.15 - - [29/Jan/2009:19:59:36 -0500] "GET /robots.txt HTTP/1.1" 404 693 "-" "Mozilla/5.0 (compatible; Charlotte/1.1; http://www.searchme.com/support/)"
208.111.154.16 - - [29/Jan/2009:20:18:08 -0500] "GET /robots.txt HTTP/1.1" 404 693 "-" "Mozilla/5.0 (compatible; Charlotte/1.1; http://www.searchme.com/support/)"
208.111.154.16 - - [29/Jan/2009:20:33:20 -0500] "GET /robots.txt HTTP/1.1" 404 693 "-" "Mozilla/5.0 (compatible; Charlotte/1.1; http://www.searchme.com/support/)"
