208.115.111.245 - - [28/Jan/2009:00:01:52 -0500] "GET /robots.txt HTTP/1.1" 404 693 "-" "Mozilla/5.0 (compatible; DotBot/1.1; http://www.dotnetdotcom.org/, crawler@dotnetdotcom.org)"
208.111.154.15 - - [28/Jan/2009:00:02:46 -0500] "GET /robots.txt HTTP/1.1" 404 693 "-" "Mozilla/5.0 (compatible; Charlotte/1.1; http://www.searchme.com/support/)"
66.235.124.8 - - [28/Jan/2009:00:22:42 -0500] "GET /fiction/fict9596/fict296.html HTTP/1.1" 200 12689 "-" "Mozilla/5.0 (compatible; Ask Jeeves/Teoma; +http://about.ask.com/en/docs/about/webmasters.shtml)"
208.111.154.16 - - [28/Jan/2009:00:30:24 -0500] "GET /haiku/1997/haiku597.html HTTP/1.1" 304 - "-" "Mozilla/5.0 (compatible; Charlotte/1.1; http://www.searchme.com/support/)"
208.111.154.16 - - [28/Jan/2009:00:35:30 -0500] "GET /limerick/1997/nice597.html HTTP/1.1" 200 16764 "-" "Mozilla/5.0 (compatible; Charlotte/1.1; http://www.searchme.com/support/)"
66.249.65.111 - - [28/Jan/2009:00:36:52 -0500] "GET /haiku/haiku.html HTTP/1.1" 200 2147 "-" "DoCoMo/2.0 N905i(c100;TB;W24H16) (compatible; Googlebot-Mobile/2.1; +http://www.google.com/bot.html)"
208.111.154.15 - - [28/Jan/2009:00:38:59 -0500] "GET /robots.txt HTTP/1.1" 404 693 "-" "Mozilla/5.0 (compatible; Charlotte/1.1; http://www.searchme.com/support/)"
208.111.154.15 - - [28/Jan/2009:00:39:20 -0500] "GET /limerick/limerick.html HTTP/1.1" 200 2613 "-" "Mozilla/5.0 (compatible; Charlotte/1.1; http://www.searchme.com/support/)"
81.52.143.16 - - [28/Jan/2009:00:52:53 -0500] "GET /robots.txt HTTP/1.1" 404 693 "-" "Mozilla/5.0 (Windows; U; Windows NT 5.1; fr; rv:1.8.1) VoilaBot BETA 1.2 (support.voilabot@orange-ftgroup.com)"
81.52.143.16 - - [28/Jan/2009:00:53:05 -0500] "GET /haiku/haiku.html HTTP/1.1" 200 2147 "-" "Mozilla/5.0 (Windows; U; Windows NT 5.1; fr; rv:1.8.1) VoilaBot BETA 1.2 (support.voilabot@orange-ftgroup.com)"
66.235.124.8 - - [28/Jan/2009:00:59:41 -0500] "GET /haiku/1998/haiku698.html HTTP/1.1" 200 26705 "-" "Mozilla/5.0 (compatible; Ask Jeeves/Teoma; +http://about.ask.com/en/docs/about/webmasters.shtml)"
66.235.124.8 - - [28/Jan/2009:01:00:49 -0500] "GET /fiction/fict97/fict297.html HTTP/1.1" 200 8467 "-" "Mozilla/5.0 (compatible; Ask Jeeves/Teoma; +http://about.ask.com/en/docs/about/webmasters.shtml)"
204.62.53.38 - - [28/Jan/2009:01:05:27 -0500] "GET /gifs/paper.gif HTTP/1.0" 200 4756 "http://www.toastpoint.com/fiction/fict98/fict598.html" "Mozilla/5.0 (compatible; Charlotte/1.0t; http://www.searchme.com/support/)"
204.62.53.38 - - [28/Jan/2009:01:05:27 -0500] "GET /gifs/quill1.gif HTTP/1.0" 200 4312 "http://www.toastpoint.com/fiction/fict98/fict598.html" "Mozilla/5.0 (compatible; Charlotte/1.0t; http://www.searchme.com/support/)"
204.62.53.38 - - [28/Jan/2009:01:05:27 -0500] "GET /gifs/quill2.gif HTTP/1.0" 200 4300 "http://www.toastpoint.com/fiction/fict98/fict598.html" "Mozilla/5.0 (compatible; Charlotte/1.0t; http://www.searchme.com/support/)"
204.62.53.38 - - [28/Jan/2009:01:05:27 -0500] "GET /fiction/fict98/fict598.html HTTP/1.0" 200 19208 "-" "Mozilla/5.0 (compatible; Charlotte/1.0t; http://www.searchme.com/support/)"
204.62.53.38 - - [28/Jan/2009:01:05:28 -0500] "GET /fiction/fict98/coupthb.gif HTTP/1.0" 404 693 "http://www.toastpoint.com/fiction/fict98/fict598.html" "Mozilla/5.0 (compatible; Charlotte/1.0t; http://www.searchme.com/support/)"
204.62.53.38 - - [28/Jan/2009:01:05:28 -0500] "GET /gifs/star3.gif HTTP/1.0" 200 1536 "http://www.toastpoint.com/fiction/fict98/fict598.html" "Mozilla/5.0 (compatible; Charlotte/1.0t; http://www.searchme.com/support/)"
204.62.53.38 - - [28/Jan/2009:01:05:28 -0500] "GET /favicon.ico HTTP/1.0" 404 693 "-" "Mozilla/5.0 (compatible; Charlotte/1.0t; http://www.searchme.com/support/)"
208.111.154.16 - - [28/Jan/2009:01:24:02 -0500] "GET /robots.txt HTTP/1.1" 404 693 "-" "Mozilla/5.0 (compatible; Charlotte/1.1; http://www.searchme.com/support/)"
208.111.154.16 - - [28/Jan/2009:01:29:32 -0500] "GET /robots.txt HTTP/1.1" 404 693 "-" "Mozilla/5.0 (compatible; Charlotte/1.1; http://www.searchme.com/support/)"
193.252.149.16 - - [28/Jan/2009:01:44:38 -0500] "GET /limerick/naut499.html HTTP/1.1" 200 38163 "-" "Mozilla/5.0 (Windows; U; Windows NT 5.1; fr; rv:1.8.1) VoilaBot BETA 1.2 (support.voilabot@orange-ftgroup.com)"
66.235.124.8 - - [28/Jan/2009:01:46:18 -0500] "GET /limerick/1996/nice796.html HTTP/1.1" 200 10929 "-" "Mozilla/5.0 (compatible; Ask Jeeves/Teoma; +http://about.ask.com/en/docs/about/webmasters.shtml)"
208.111.154.16 - - [28/Jan/2009:01:47:16 -0500] "GET /robots.txt HTTP/1.1" 404 693 "-" "Mozilla/5.0 (compatible; Charlotte/1.1; http://www.searchme.com/support/)"
208.111.154.16 - - [28/Jan/2009:01:53:09 -0500] "GET /robots.txt HTTP/1.1" 404 693 "-" "Mozilla/5.0 (compatible; Charlotte/1.1; http://www.searchme.com/support/)"
193.252.149.16 - - [28/Jan/2009:01:54:14 -0500] "GET /limerick/naut399.html HTTP/1.1" 200 38217 "-" "Mozilla/5.0 (Windows; U; Windows NT 5.1; fr; rv:1.8.1) VoilaBot BETA 1.2 (support.voilabot@orange-ftgroup.com)"
208.111.154.16 - - [28/Jan/2009:01:55:40 -0500] "GET /robots.txt HTTP/1.1" 404 693 "-" "Mozilla/5.0 (compatible; Charlotte/1.1; http://www.searchme.com/support/)"
208.111.154.15 - - [28/Jan/2009:02:01:37 -0500] "GET /robots.txt HTTP/1.1" 404 693 "-" "Mozilla/5.0 (compatible; Charlotte/1.1; http://www.searchme.com/support/)"
208.111.154.15 - - [28/Jan/2009:02:01:54 -0500] "GET /haiku/1998/haiku398.html HTTP/1.1" 200 47804 "-" "Mozilla/5.0 (compatible; Charlotte/1.1; http://www.searchme.com/support/)"
208.111.154.15 - - [28/Jan/2009:02:09:28 -0500] "GET /robots.txt HTTP/1.1" 404 693 "-" "Mozilla/5.0 (compatible; Charlotte/1.1; http://www.searchme.com/support/)"
66.235.124.8 - - [28/Jan/2009:02:26:02 -0500] "GET /limerick/1997/nice997.html HTTP/1.1" 200 24299 "-" "Mozilla/5.0 (compatible; Ask Jeeves/Teoma; +http://about.ask.com/en/docs/about/webmasters.shtml)"
155.69.225.181 - - [28/Jan/2009:02:27:28 -0500] "HEAD / HTTP/1.0" 200 - "http://www.toastpoint.com" "Opera/9.52 (Windows NT 5.1; U; en)"
155.69.225.181 - - [28/Jan/2009:02:27:29 -0500] "GET / HTTP/1.0" 200 464 "http://www.toastpoint.com" "Opera/9.52 (Windows NT 5.1; U; en)"
66.249.66.106 - - [28/Jan/2009:02:29:44 -0500] "GET /haiku/1995/1995.html HTTP/1.1" 200 951 "-" "Nokia6820/2.0 (4.83) Profile/MIDP-1.0 Configuration/CLDC-1.0 (compatible; Googlebot-Mobile/2.1; +http://www.google.com/bot.html)"
208.111.154.16 - - [28/Jan/2009:02:29:45 -0500] "GET /robots.txt HTTP/1.1" 404 693 "-" "Mozilla/5.0 (compatible; Charlotte/1.1; http://www.searchme.com/support/)"
66.249.66.106 - - [28/Jan/2009:02:31:11 -0500] "GET /haiku/1998/haik1998.html HTTP/1.1" 200 2178 "-" "Nokia6820/2.0 (4.83) Profile/MIDP-1.0 Configuration/CLDC-1.0 (compatible; Googlebot-Mobile/2.1; +http://www.google.com/bot.html)"
66.249.66.106 - - [28/Jan/2009:02:33:13 -0500] "GET /limerick/1995/niceaug.html HTTP/1.1" 200 4489 "-" "Nokia6820/2.0 (4.83) Profile/MIDP-1.0 Configuration/CLDC-1.0 (compatible; Googlebot-Mobile/2.1; +http://www.google.com/bot.html)"
66.249.66.106 - - [28/Jan/2009:02:33:30 -0500] "GET /limerick/1998/lim1998.html HTTP/1.1" 200 2041 "-" "Nokia6820/2.0 (4.83) Profile/MIDP-1.0 Configuration/CLDC-1.0 (compatible; Googlebot-Mobile/2.1; +http://www.google.com/bot.html)"
66.249.66.106 - - [28/Jan/2009:02:35:24 -0500] "GET /fiction/fict97/fict997.html HTTP/1.1" 200 4230 "-" "Nokia6820/2.0 (4.83) Profile/MIDP-1.0 Configuration/CLDC-1.0 (compatible; Googlebot-Mobile/2.1; +http://www.google.com/bot.html)"
208.115.111.245 - - [28/Jan/2009:02:37:00 -0500] "GET /robots.txt HTTP/1.1" 404 693 "-" "Mozilla/5.0 (compatible; DotBot/1.1; http://www.dotnetdotcom.org/, crawler@dotnetdotcom.org)"
208.111.154.15 - - [28/Jan/2009:03:10:37 -0500] "GET /robots.txt HTTP/1.1" 404 693 "-" "Mozilla/5.0 (compatible; Charlotte/1.1; http://www.searchme.com/support/)"
208.111.154.15 - - [28/Jan/2009:03:14:25 -0500] "GET /robots.txt HTTP/1.1" 404 693 "-" "Mozilla/5.0 (compatible; Charlotte/1.1; http://www.searchme.com/support/)"
208.111.154.16 - - [28/Jan/2009:03:14:50 -0500] "GET /robots.txt HTTP/1.1" 404 693 "-" "Mozilla/5.0 (compatible; Charlotte/1.1; http://www.searchme.com/support/)"
66.235.124.8 - - [28/Jan/2009:03:20:06 -0500] "GET /fiction/fict98/fict198.html HTTP/1.1" 200 62967 "-" "Mozilla/5.0 (compatible; Ask Jeeves/Teoma; +http://about.ask.com/en/docs/about/webmasters.shtml)"
66.235.124.8 - - [28/Jan/2009:03:31:16 -0500] "GET /fiction/fict98/fict398.html HTTP/1.1" 200 26221 "-" "Mozilla/5.0 (compatible; Ask Jeeves/Teoma; +http://about.ask.com/en/docs/about/webmasters.shtml)"
66.249.66.106 - - [28/Jan/2009:03:36:24 -0500] "GET /haiku/1997/haik1997.html HTTP/1.1" 200 2138 "-" "Nokia6820/2.0 (4.83) Profile/MIDP-1.0 Configuration/CLDC-1.0 (compatible; Googlebot-Mobile/2.1; +http://www.google.com/bot.html)"
66.249.66.106 - - [28/Jan/2009:03:39:05 -0500] "GET /limerick/brady/brady96.html HTTP/1.1" 200 6418 "-" "Nokia6820/2.0 (4.83) Profile/MIDP-1.0 Configuration/CLDC-1.0 (compatible; Googlebot-Mobile/2.1; +http://www.google.com/bot.html)"
66.249.66.106 - - [28/Jan/2009:03:40:02 -0500] "GET /limerick/1995/nicejuly.html HTTP/1.1" 200 1086 "-" "Nokia6820/2.0 (4.83) Profile/MIDP-1.0 Configuration/CLDC-1.0 (compatible; Googlebot-Mobile/2.1; +http://www.google.com/bot.html)"
208.111.154.15 - - [28/Jan/2009:03:42:28 -0500] "GET /robots.txt HTTP/1.1" 404 693 "-" "Mozilla/5.0 (compatible; Charlotte/1.1; http://www.searchme.com/support/)"
208.111.154.16 - - [28/Jan/2009:03:50:21 -0500] "GET /haiku/1997/haik1197.html HTTP/1.1" 200 26399 "-" "Mozilla/5.0 (compatible; Charlotte/1.1; http://www.searchme.com/support/)"
208.115.111.245 - - [28/Jan/2009:03:51:01 -0500] "GET / HTTP/1.1" 200 464 "-" "Mozilla/5.0 (compatible; DotBot/1.1; http://www.dotnetdotcom.org/, crawler@dotnetdotcom.org)"
208.115.111.245 - - [28/Jan/2009:03:51:03 -0500] "GET /fiction/fict199.html HTTP/1.1" 200 21503 "-" "Mozilla/5.0 (compatible; DotBot/1.1; http://www.dotnetdotcom.org/, crawler@dotnetdotcom.org)"
208.115.111.245 - - [28/Jan/2009:03:51:04 -0500] "GET /fiction/fict299.html HTTP/1.1" 200 38635 "-" "Mozilla/5.0 (compatible; DotBot/1.1; http://www.dotnetdotcom.org/, crawler@dotnetdotcom.org)"
208.115.111.245 - - [28/Jan/2009:03:51:06 -0500] "GET /fiction/fict399.html HTTP/1.1" 200 27729 "-" "Mozilla/5.0 (compatible; DotBot/1.1; http://www.dotnetdotcom.org/, crawler@dotnetdotcom.org)"
208.115.111.245 - - [28/Jan/2009:03:51:07 -0500] "GET /fiction/fict499.html HTTP/1.1" 200 12868 "-" "Mozilla/5.0 (compatible; DotBot/1.1; http://www.dotnetdotcom.org/, crawler@dotnetdotcom.org)"
66.249.66.106 - - [28/Jan/2009:03:53:07 -0500] "GET /limerick/1995/nautjuly.html HTTP/1.1" 200 3106 "-" "Nokia6820/2.0 (4.83) Profile/MIDP-1.0 Configuration/CLDC-1.0 (compatible; Googlebot-Mobile/2.1; +http://www.google.com/bot.html)"
208.111.154.15 - - [28/Jan/2009:03:54:18 -0500] "GET /robots.txt HTTP/1.1" 404 693 "-" "Mozilla/5.0 (compatible; Charlotte/1.1; http://www.searchme.com/support/)"
208.111.154.16 - - [28/Jan/2009:03:55:02 -0500] "GET /robots.txt HTTP/1.1" 404 693 "-" "Mozilla/5.0 (compatible; Charlotte/1.1; http://www.searchme.com/support/)"
64.1.215.164 - - [28/Jan/2009:03:55:33 -0500] "GET /fiction/fict97/fict497.html HTTP/1.0" 200 11424 "-" "Mozilla/5.0 (Twiceler-0.9 http://www.cuil.com/twiceler/robot.html)"
66.249.66.106 - - [28/Jan/2009:03:58:43 -0500] "GET /limerick/brady/brady97.html HTTP/1.1" 200 10474 "-" "Nokia6820/2.0 (4.83) Profile/MIDP-1.0 Configuration/CLDC-1.0 (compatible; Googlebot-Mobile/2.1; +http://www.google.com/bot.html)"
81.52.143.15 - - [28/Jan/2009:04:00:33 -0500] "GET /fiction/fict599.html HTTP/1.1" 200 7512 "-" "Mozilla/5.0 (Windows; U; Windows NT 5.1; fr; rv:1.8.1) VoilaBot BETA 1.2 (support.voilabot@orange-ftgroup.com)"
66.249.66.106 - - [28/Jan/2009:04:00:39 -0500] "GET /limerick/brady/brady98.html HTTP/1.1" 200 8297 "-" "Nokia6820/2.0 (4.83) Profile/MIDP-1.0 Configuration/CLDC-1.0 (compatible; Googlebot-Mobile/2.1; +http://www.google.com/bot.html)"
66.249.66.106 - - [28/Jan/2009:04:03:24 -0500] "GET /limerick/1995/1995.html HTTP/1.1" 200 1428 "-" "Nokia6820/2.0 (4.83) Profile/MIDP-1.0 Configuration/CLDC-1.0 (compatible; Googlebot-Mobile/2.1; +http://www.google.com/bot.html)"
208.36.144.6 - - [28/Jan/2009:04:03:35 -0500] "GET /robots.txt HTTP/1.0" 404 693 "-" "Mozilla/5.0 (Twiceler-0.9 http://www.cuil.com/twiceler/robot.html)"
208.111.154.15 - - [28/Jan/2009:04:07:25 -0500] "GET /robots.txt HTTP/1.1" 404 693 "-" "Mozilla/5.0 (compatible; Charlotte/1.1; http://www.searchme.com/support/)"
81.52.143.16 - - [28/Jan/2009:04:10:58 -0500] "GET /limerick/1998/nice698.html HTTP/1.1" 200 24183 "-" "Mozilla/5.0 (Windows; U; Windows NT 5.1; fr; rv:1.8.1) VoilaBot BETA 1.2 (support.voilabot@orange-ftgroup.com)"
67.195.37.153 - - [28/Jan/2009:04:17:40 -0500] "GET /haiku/haiku.html HTTP/1.0" 200 2147 "-" "Mozilla/5.0 (compatible; Yahoo! DE Slurp; http://help.yahoo.com/help/us/ysearch/slurp)"
193.252.149.16 - - [28/Jan/2009:04:19:42 -0500] "GET /fiction/fiction.html HTTP/1.1" 200 2705 "-" "Mozilla/5.0 (Windows; U; Windows NT 5.1; fr; rv:1.8.1) VoilaBot BETA 1.2 (support.voilabot@orange-ftgroup.com)"
208.111.154.16 - - [28/Jan/2009:04:20:08 -0500] "GET /robots.txt HTTP/1.1" 404 693 "-" "Mozilla/5.0 (compatible; Charlotte/1.1; http://www.searchme.com/support/)"
66.235.124.8 - - [28/Jan/2009:04:36:14 -0500] "GET /limerick/1996/nic1196.html HTTP/1.1" 200 11053 "-" "Mozilla/5.0 (compatible; Ask Jeeves/Teoma; +http://about.ask.com/en/docs/about/webmasters.shtml)"
66.249.66.106 - - [28/Jan/2009:04:36:53 -0500] "GET /fiction/fict97/fict97.html HTTP/1.1" 200 1536 "-" "Nokia6820/2.0 (4.83) Profile/MIDP-1.0 Configuration/CLDC-1.0 (compatible; Googlebot-Mobile/2.1; +http://www.google.com/bot.html)"
81.52.143.15 - - [28/Jan/2009:04:44:49 -0500] "GET /haiku/haiku599.html HTTP/1.1" 200 33918 "-" "Mozilla/5.0 (Windows; U; Windows NT 5.1; fr; rv:1.8.1) VoilaBot BETA 1.2 (support.voilabot@orange-ftgroup.com)"
155.69.225.181 - - [28/Jan/2009:04:57:37 -0500] "HEAD / HTTP/1.0" 200 - "http://www.toastpoint.com" "Opera/9.52 (Windows NT 5.1; U; en)"
155.69.225.181 - - [28/Jan/2009:04:57:38 -0500] "GET / HTTP/1.0" 200 464 "http://www.toastpoint.com" "Opera/9.52 (Windows NT 5.1; U; en)"
208.111.154.16 - - [28/Jan/2009:04:58:37 -0500] "GET /robots.txt HTTP/1.1" 404 693 "-" "Mozilla/5.0 (compatible; Charlotte/1.1; http://www.searchme.com/support/)"
208.111.154.15 - - [28/Jan/2009:05:01:11 -0500] "GET /robots.txt HTTP/1.1" 404 693 "-" "Mozilla/5.0 (compatible; Charlotte/1.1; http://www.searchme.com/support/)"
66.235.124.8 - - [28/Jan/2009:05:05:31 -0500] "GET /haiku/1998/haiku498.html HTTP/1.1" 200 33616 "-" "Mozilla/5.0 (compatible; Ask Jeeves/Teoma; +http://about.ask.com/en/docs/about/webmasters.shtml)"
208.115.111.245 - - [28/Jan/2009:05:16:54 -0500] "GET /robots.txt HTTP/1.1" 404 693 "-" "Mozilla/5.0 (compatible; DotBot/1.1; http://www.dotnetdotcom.org/, crawler@dotnetdotcom.org)"
208.111.154.15 - - [28/Jan/2009:05:24:49 -0500] "GET /robots.txt HTTP/1.1" 404 693 "-" "Mozilla/5.0 (compatible; Charlotte/1.1; http://www.searchme.com/support/)"
66.249.66.106 - - [28/Jan/2009:05:25:31 -0500] "GET /haiku/1995/haikujun.html HTTP/1.1" 200 2332 "-" "Nokia6820/2.0 (4.83) Profile/MIDP-1.0 Configuration/CLDC-1.0 (compatible; Googlebot-Mobile/2.1; +http://www.google.com/bot.html)"
72.30.161.228 - - [28/Jan/2009:05:26:41 -0500] "GET /robots.txt HTTP/1.0" 404 693 "-" "Mozilla/5.0 (compatible; Yahoo! Slurp; http://help.yahoo.com/help/us/ysearch/slurp)"
66.249.65.111 - - [28/Jan/2009:05:28:30 -0500] "GET /limerick/brady/brady98.html HTTP/1.1" 200 8297 "-" "DoCoMo/2.0 N905i(c100;TB;W24H16) (compatible; Googlebot-Mobile/2.1; +http://www.google.com/bot.html)"
66.249.65.111 - - [28/Jan/2009:05:30:55 -0500] "GET /limerick/1995/niceaug.html HTTP/1.1" 200 4489 "-" "DoCoMo/2.0 N905i(c100;TB;W24H16) (compatible; Googlebot-Mobile/2.1; +http://www.google.com/bot.html)"
66.249.65.111 - - [28/Jan/2009:05:31:06 -0500] "GET /limerick/1998/lim1998.html HTTP/1.1" 200 2041 "-" "DoCoMo/2.0 N905i(c100;TB;W24H16) (compatible; Googlebot-Mobile/2.1; +http://www.google.com/bot.html)"
66.249.65.111 - - [28/Jan/2009:05:32:52 -0500] "GET /haiku/1995/haikujun.html HTTP/1.1" 200 2332 "-" "DoCoMo/2.0 N905i(c100;TB;W24H16) (compatible; Googlebot-Mobile/2.1; +http://www.google.com/bot.html)"
66.249.65.111 - - [28/Jan/2009:05:33:28 -0500] "GET /fiction/fict97/fict97.html HTTP/1.1" 200 1536 "-" "DoCoMo/2.0 N905i(c100;TB;W24H16) (compatible; Googlebot-Mobile/2.1; +http://www.google.com/bot.html)"
66.249.65.111 - - [28/Jan/2009:05:35:11 -0500] "GET /haiku/1997/haik1997.html HTTP/1.1" 200 2138 "-" "DoCoMo/2.0 N905i(c100;TB;W24H16) (compatible; Googlebot-Mobile/2.1; +http://www.google.com/bot.html)"
66.249.65.111 - - [28/Jan/2009:05:35:38 -0500] "GET /limerick/1995/nautjuly.html HTTP/1.1" 200 3106 "-" "DoCoMo/2.0 N905i(c100;TB;W24H16) (compatible; Googlebot-Mobile/2.1; +http://www.google.com/bot.html)"
66.249.65.111 - - [28/Jan/2009:05:36:39 -0500] "GET /limerick/brady/brady97.html HTTP/1.1" 200 10474 "-" "DoCoMo/2.0 N905i(c100;TB;W24H16) (compatible; Googlebot-Mobile/2.1; +http://www.google.com/bot.html)"
208.111.154.16 - - [28/Jan/2009:05:41:12 -0500] "GET /robots.txt HTTP/1.1" 404 693 "-" "Mozilla/5.0 (compatible; Charlotte/1.1; http://www.searchme.com/support/)"
208.111.154.16 - - [28/Jan/2009:05:45:10 -0500] "GET /robots.txt HTTP/1.1" 404 693 "-" "Mozilla/5.0 (compatible; Charlotte/1.1; http://www.searchme.com/support/)"
62.152.47.146 - - [28/Jan/2009:05:50:10 -0500] "GET /robots.txt HTTP/1.0" 404 693 "-" "Mozilla/5.0 (compatible; Dolphin/1.0; +http://tele-house.ru/crawler.html)"
62.152.47.146 - - [28/Jan/2009:05:50:11 -0500] "GET / HTTP/1.0" 200 464 "-" "Mozilla/5.0 (compatible; Dolphin/1.0; +http://tele-house.ru/crawler.html)"
208.111.154.16 - - [28/Jan/2009:05:58:14 -0500] "GET /robots.txt HTTP/1.1" 404 693 "-" "Mozilla/5.0 (compatible; Charlotte/1.1; http://www.searchme.com/support/)"
74.6.24.90 - - [28/Jan/2009:06:00:04 -0500] "GET /robots.txt HTTP/1.0" 404 693 "-" "Mozilla/5.0 (compatible; Yahoo! Slurp; http://help.yahoo.com/help/us/ysearch/slurp)"
74.6.76.45 - - [28/Jan/2009:06:00:04 -0500] "GET / HTTP/1.0" 200 464 "-" "Mozilla/5.0 (compatible; Yahoo! DE Slurp; http://help.yahoo.com/help/us/ysearch/slurp)"
74.6.76.45 - - [28/Jan/2009:06:00:05 -0500] "GET /toastpointtopleft.html HTTP/1.0" 200 162 "-" "Mozilla/5.0 (compatible; Yahoo! DE Slurp; http://help.yahoo.com/help/us/ysearch/slurp)"
74.6.76.45 - - [28/Jan/2009:06:00:07 -0500] "GET /toastpointtoc.html HTTP/1.0" 200 1188 "-" "Mozilla/5.0 (compatible; Yahoo! DE Slurp; http://help.yahoo.com/help/us/ysearch/slurp)"
74.6.76.45 - - [28/Jan/2009:06:00:08 -0500] "GET /news.html HTTP/1.0" 200 17706 "-" "Mozilla/5.0 (compatible; Yahoo! DE Slurp; http://help.yahoo.com/help/us/ysearch/slurp)"
74.6.76.45 - - [28/Jan/2009:06:00:09 -0500] "GET /toastpointtopright.html HTTP/1.0" 200 151 "-" "Mozilla/5.0 (compatible; Yahoo! DE Slurp; http://help.yahoo.com/help/us/ysearch/slurp)"
74.6.76.45 - - [28/Jan/2009:06:00:10 -0500] "GET /tpnews.html HTTP/1.0" 200 8305 "-" "Mozilla/5.0 (compatible; Yahoo! DE Slurp; http://help.yahoo.com/help/us/ysearch/slurp)"
66.249.65.111 - - [28/Jan/2009:06:00:39 -0500] "GET /limerick/1995/1995.html HTTP/1.1" 200 1428 "-" "DoCoMo/2.0 N905i(c100;TB;W24H16) (compatible; Googlebot-Mobile/2.1; +http://www.google.com/bot.html)"
155.69.228.133 - - [28/Jan/2009:06:03:53 -0500] "HEAD / HTTP/1.0" 200 - "http://www.toastpoint.com" "Opera/9.52 (Windows NT 5.1; U; en)"
155.69.228.133 - - [28/Jan/2009:06:03:53 -0500] "GET / HTTP/1.0" 200 464 "http://www.toastpoint.com" "Opera/9.52 (Windows NT 5.1; U; en)"
208.111.154.16 - - [28/Jan/2009:06:07:46 -0500] "GET /robots.txt HTTP/1.1" 404 693 "-" "Mozilla/5.0 (compatible; Charlotte/1.1; http://www.searchme.com/support/)"
208.115.111.245 - - [28/Jan/2009:06:29:06 -0500] "GET /fiction/fict599.html HTTP/1.1" 200 7512 "-" "Mozilla/5.0 (compatible; DotBot/1.1; http://www.dotnetdotcom.org/, crawler@dotnetdotcom.org)"
208.115.111.245 - - [28/Jan/2009:06:29:09 -0500] "GET /fiction/fict9596/fic1096.html HTTP/1.1" 200 26986 "-" "Mozilla/5.0 (compatible; DotBot/1.1; http://www.dotnetdotcom.org/, crawler@dotnetdotcom.org)"
208.115.111.245 - - [28/Jan/2009:06:29:10 -0500] "GET /fiction/fict9596/fic1196.html HTTP/1.1" 200 27915 "-" "Mozilla/5.0 (compatible; DotBot/1.1; http://www.dotnetdotcom.org/, crawler@dotnetdotcom.org)"
208.115.111.245 - - [28/Jan/2009:06:29:11 -0500] "GET /fiction/fict9596/fic1296.html HTTP/1.1" 200 7468 "-" "Mozilla/5.0 (compatible; DotBot/1.1; http://www.dotnetdotcom.org/, crawler@dotnetdotcom.org)"
208.115.111.245 - - [28/Jan/2009:06:29:12 -0500] "GET /fiction/fict9596/fict1095.html HTTP/1.1" 200 11219 "-" "Mozilla/5.0 (compatible; DotBot/1.1; http://www.dotnetdotcom.org/, crawler@dotnetdotcom.org)"
208.115.111.245 - - [28/Jan/2009:06:29:13 -0500] "GET /fiction/fict9596/fict1295.html HTTP/1.1" 200 12293 "-" "Mozilla/5.0 (compatible; DotBot/1.1; http://www.dotnetdotcom.org/, crawler@dotnetdotcom.org)"
208.115.111.245 - - [28/Jan/2009:06:29:14 -0500] "GET /fiction/fict9596/fict196.html HTTP/1.1" 200 12060 "-" "Mozilla/5.0 (compatible; DotBot/1.1; http://www.dotnetdotcom.org/, crawler@dotnetdotcom.org)"
208.115.111.245 - - [28/Jan/2009:06:29:15 -0500] "GET /fiction/fict9596/fict296.html HTTP/1.1" 200 12689 "-" "Mozilla/5.0 (compatible; DotBot/1.1; http://www.dotnetdotcom.org/, crawler@dotnetdotcom.org)"
208.115.111.245 - - [28/Jan/2009:06:29:17 -0500] "GET /fiction/fict9596/fict396.html HTTP/1.1" 200 9345 "-" "Mozilla/5.0 (compatible; DotBot/1.1; http://www.dotnetdotcom.org/, crawler@dotnetdotcom.org)"
208.115.111.245 - - [28/Jan/2009:06:29:18 -0500] "GET /fiction/fict9596/fict496.html HTTP/1.1" 200 8177 "-" "Mozilla/5.0 (compatible; DotBot/1.1; http://www.dotnetdotcom.org/, crawler@dotnetdotcom.org)"
208.111.154.16 - - [28/Jan/2009:06:33:57 -0500] "GET /robots.txt HTTP/1.1" 404 693 "-" "Mozilla/5.0 (compatible; Charlotte/1.1; http://www.searchme.com/support/)"
63.241.3.51 - - [28/Jan/2009:06:45:47 -0500] "GET /limerick/limerick.html HTTP/1.1" 200 2613 "-" "-"
66.249.65.111 - - [28/Jan/2009:06:58:30 -0500] "GET /robots.txt HTTP/1.1" 404 693 "-" "DoCoMo/2.0 N905i(c100;TB;W24H16) (compatible; Googlebot-Mobile/2.1; +http://www.google.com/bot.html)"
66.249.65.111 - - [28/Jan/2009:06:58:30 -0500] "GET /haiku/1995/1995.html HTTP/1.1" 200 951 "-" "DoCoMo/2.0 N905i(c100;TB;W24H16) (compatible; Googlebot-Mobile/2.1; +http://www.google.com/bot.html)"
66.249.65.111 - - [28/Jan/2009:07:04:54 -0500] "GET /limerick/brady/brady96.html HTTP/1.1" 200 6418 "-" "DoCoMo/2.0 N905i(c100;TB;W24H16) (compatible; Googlebot-Mobile/2.1; +http://www.google.com/bot.html)"
66.249.65.111 - - [28/Jan/2009:07:04:59 -0500] "GET /limerick/1995/nicejuly.html HTTP/1.1" 200 1086 "-" "DoCoMo/2.0 N905i(c100;TB;W24H16) (compatible; Googlebot-Mobile/2.1; +http://www.google.com/bot.html)"
66.235.124.8 - - [28/Jan/2009:07:16:40 -0500] "GET /rapture/hogwartssorcerer.txt HTTP/1.1" 200 12877 "-" "Mozilla/5.0 (compatible; Ask Jeeves/Teoma; +http://about.ask.com/en/docs/about/webmasters.shtml)"
66.249.65.111 - - [28/Jan/2009:07:17:12 -0500] "GET /fiction/fict97/fict997.html HTTP/1.1" 200 4230 "-" "DoCoMo/2.0 N905i(c100;TB;W24H16) (compatible; Googlebot-Mobile/2.1; +http://www.google.com/bot.html)"
208.115.111.245 - - [28/Jan/2009:07:44:50 -0500] "GET /robots.txt HTTP/1.1" 404 693 "-" "Mozilla/5.0 (compatible; DotBot/1.1; http://www.dotnetdotcom.org/, crawler@dotnetdotcom.org)"
208.111.154.16 - - [28/Jan/2009:07:50:56 -0500] "GET /robots.txt HTTP/1.1" 404 693 "-" "Mozilla/5.0 (compatible; Charlotte/1.1; http://www.searchme.com/support/)"
74.6.22.98 - - [28/Jan/2009:08:04:21 -0500] "GET /robots.txt HTTP/1.0" 404 693 "-" "Mozilla/5.0 (compatible; Yahoo! Slurp; http://help.yahoo.com/help/us/ysearch/slurp)"
72.30.161.228 - - [28/Jan/2009:08:22:03 -0500] "GET /robots.txt HTTP/1.0" 404 693 "-" "Mozilla/5.0 (compatible; Yahoo! Slurp; http://help.yahoo.com/help/us/ysearch/slurp)"
72.30.161.228 - - [28/Jan/2009:08:22:13 -0500] "GET /limerick/1996/nice896.html HTTP/1.0" 200 9880 "-" "Mozilla/5.0 (compatible; Yahoo! Slurp; http://help.yahoo.com/help/us/ysearch/slurp)"
81.52.143.26 - - [28/Jan/2009:08:36:14 -0500] "GET /limerick/nautfrm.html HTTP/1.1" 200 548 "-" "Mozilla/5.0 (Windows; U; Windows NT 5.1; fr; rv:1.8.1) VoilaBot BETA 1.2 (support.voilabot@orange-ftgroup.com)"
81.52.143.26 - - [28/Jan/2009:08:44:44 -0500] "GET /limerick/nice499.html HTTP/1.1" 200 24193 "-" "Mozilla/5.0 (Windows; U; Windows NT 5.1; fr; rv:1.8.1) VoilaBot BETA 1.2 (support.voilabot@orange-ftgroup.com)"
66.249.65.111 - - [28/Jan/2009:08:50:14 -0500] "GET /haiku/1997/haiku297.html HTTP/1.1" 200 48218 "-" "DoCoMo/2.0 N905i(c100;TB;W24H16) (compatible; Googlebot-Mobile/2.1; +http://www.google.com/bot.html)"
66.249.65.111 - - [28/Jan/2009:08:53:54 -0500] "GET /haiku/1997/haiku797.html HTTP/1.1" 200 23929 "-" "DoCoMo/2.0 N905i(c100;TB;W24H16) (compatible; Googlebot-Mobile/2.1; +http://www.google.com/bot.html)"
81.52.143.26 - - [28/Jan/2009:08:54:35 -0500] "GET /haiku/moral.html HTTP/1.1" 200 4692 "-" "Mozilla/5.0 (Windows; U; Windows NT 5.1; fr; rv:1.8.1) VoilaBot BETA 1.2 (support.voilabot@orange-ftgroup.com)"
66.249.65.111 - - [28/Jan/2009:08:56:57 -0500] "GET /fiction/fict97/fict197.html HTTP/1.1" 200 17226 "-" "DoCoMo/2.0 N905i(c100;TB;W24H16) (compatible; Googlebot-Mobile/2.1; +http://www.google.com/bot.html)"
66.249.65.111 - - [28/Jan/2009:08:57:47 -0500] "GET /haiku/1997/haik1197.html HTTP/1.1" 200 26399 "-" "DoCoMo/2.0 N905i(c100;TB;W24H16) (compatible; Googlebot-Mobile/2.1; +http://www.google.com/bot.html)"
66.249.65.111 - - [28/Jan/2009:08:57:48 -0500] "GET /haiku/1997/haiku997.html HTTP/1.1" 200 28323 "-" "DoCoMo/2.0 N905i(c100;TB;W24H16) (compatible; Googlebot-Mobile/2.1; +http://www.google.com/bot.html)"
66.249.65.111 - - [28/Jan/2009:08:59:26 -0500] "GET /haiku/1997/haiku497.html HTTP/1.1" 200 29895 "-" "DoCoMo/2.0 N905i(c100;TB;W24H16) (compatible; Googlebot-Mobile/2.1; +http://www.google.com/bot.html)"
66.249.65.111 - - [28/Jan/2009:09:01:26 -0500] "GET /haiku/1997/haiku197.html HTTP/1.1" 200 34967 "-" "DoCoMo/2.0 N905i(c100;TB;W24H16) (compatible; Googlebot-Mobile/2.1; +http://www.google.com/bot.html)"
66.249.65.111 - - [28/Jan/2009:09:01:26 -0500] "GET /haiku/1997/haik1097.html HTTP/1.1" 200 24055 "-" "DoCoMo/2.0 N905i(c100;TB;W24H16) (compatible; Googlebot-Mobile/2.1; +http://www.google.com/bot.html)"
66.249.65.111 - - [28/Jan/2009:09:02:15 -0500] "GET /haiku/1997/haiku697.html HTTP/1.1" 200 26478 "-" "DoCoMo/2.0 N905i(c100;TB;W24H16) (compatible; Googlebot-Mobile/2.1; +http://www.google.com/bot.html)"
66.249.65.111 - - [28/Jan/2009:09:02:19 -0500] "GET /fiction/fict97/fict397.html HTTP/1.1" 200 11668 "-" "DoCoMo/2.0 N905i(c100;TB;W24H16) (compatible; Googlebot-Mobile/2.1; +http://www.google.com/bot.html)"
208.115.111.245 - - [28/Jan/2009:09:06:26 -0500] "GET /fiction/fict9596/fict596.html HTTP/1.1" 200 24035 "-" "Mozilla/5.0 (compatible; DotBot/1.1; http://www.dotnetdotcom.org/, crawler@dotnetdotcom.org)"
208.115.111.245 - - [28/Jan/2009:09:06:29 -0500] "GET /fiction/fict9596/fict696.html HTTP/1.1" 200 15163 "-" "Mozilla/5.0 (compatible; DotBot/1.1; http://www.dotnetdotcom.org/, crawler@dotnetdotcom.org)"
208.115.111.245 - - [28/Jan/2009:09:06:30 -0500] "GET /fiction/fict9596/fict796.html HTTP/1.1" 200 6420 "-" "Mozilla/5.0 (compatible; DotBot/1.1; http://www.dotnetdotcom.org/, crawler@dotnetdotcom.org)"
208.115.111.245 - - [28/Jan/2009:09:06:31 -0500] "GET /fiction/fict9596/fict896.html HTTP/1.1" 200 27993 "-" "Mozilla/5.0 (compatible; DotBot/1.1; http://www.dotnetdotcom.org/, crawler@dotnetdotcom.org)"
208.115.111.245 - - [28/Jan/2009:09:06:32 -0500] "GET /fiction/fict9596/fict9596.html HTTP/1.1" 200 1446 "-" "Mozilla/5.0 (compatible; DotBot/1.1; http://www.dotnetdotcom.org/, crawler@dotnetdotcom.org)"
208.115.111.245 - - [28/Jan/2009:09:06:33 -0500] "GET /fiction/fict9596/fict996.html HTTP/1.1" 200 40085 "-" "Mozilla/5.0 (compatible; DotBot/1.1; http://www.dotnetdotcom.org/, crawler@dotnetdotcom.org)"
208.115.111.245 - - [28/Jan/2009:09:06:37 -0500] "GET /fiction/fict97/fict1097.html HTTP/1.1" 200 10353 "-" "Mozilla/5.0 (compatible; DotBot/1.1; http://www.dotnetdotcom.org/, crawler@dotnetdotcom.org)"
208.115.111.245 - - [28/Jan/2009:09:06:38 -0500] "GET /fiction/fict97/fict1197.html HTTP/1.1" 200 12283 "-" "Mozilla/5.0 (compatible; DotBot/1.1; http://www.dotnetdotcom.org/, crawler@dotnetdotcom.org)"
208.115.111.245 - - [28/Jan/2009:09:06:39 -0500] "GET /fiction/fict97/fict1297.html HTTP/1.1" 200 6078 "-" "Mozilla/5.0 (compatible; DotBot/1.1; http://www.dotnetdotcom.org/, crawler@dotnetdotcom.org)"
208.115.111.245 - - [28/Jan/2009:09:06:42 -0500] "GET /fiction/fict97/fict197.html HTTP/1.1" 200 17226 "-" "Mozilla/5.0 (compatible; DotBot/1.1; http://www.dotnetdotcom.org/, crawler@dotnetdotcom.org)"
66.249.65.111 - - [28/Jan/2009:09:07:37 -0500] "GET /haiku/1997/haiku397.html HTTP/1.1" 200 42491 "-" "DoCoMo/2.0 N905i(c100;TB;W24H16) (compatible; Googlebot-Mobile/2.1; +http://www.google.com/bot.html)"
193.252.149.15 - - [28/Jan/2009:09:09:52 -0500] "GET /haiku/haiku299.html HTTP/1.1" 200 68017 "-" "Mozilla/5.0 (Windows; U; Windows NT 5.1; fr; rv:1.8.1) VoilaBot BETA 1.2 (support.voilabot@orange-ftgroup.com)"
208.111.154.15 - - [28/Jan/2009:09:11:07 -0500] "GET /robots.txt HTTP/1.1" 404 693 "-" "Mozilla/5.0 (compatible; Charlotte/1.1; http://www.searchme.com/support/)"
66.235.124.8 - - [28/Jan/2009:09:34:45 -0500] "GET /robots.txt HTTP/1.1" 404 693 "-" "Mozilla/5.0 (compatible; Ask Jeeves/Teoma; +http://about.ask.com/en/docs/about/webmasters.shtml)"
66.235.124.8 - - [28/Jan/2009:09:34:51 -0500] "GET /limerick/1995/nautnov.html HTTP/1.1" 200 13933 "-" "Mozilla/5.0 (compatible; Ask Jeeves/Teoma; +http://about.ask.com/en/docs/about/webmasters.shtml)"
208.111.154.16 - - [28/Jan/2009:09:38:26 -0500] "GET /robots.txt HTTP/1.1" 404 693 "-" "Mozilla/5.0 (compatible; Charlotte/1.1; http://www.searchme.com/support/)"
208.111.154.16 - - [28/Jan/2009:09:38:47 -0500] "GET /haiku/haiku299.html HTTP/1.1" 200 68017 "-" "Mozilla/5.0 (compatible; Charlotte/1.1; http://www.searchme.com/support/)"
66.235.124.8 - - [28/Jan/2009:09:45:03 -0500] "GET /fiction/fictfrm.old HTTP/1.1" 200 3455 "-" "Mozilla/5.0 (compatible; Ask Jeeves/Teoma; +http://about.ask.com/en/docs/about/webmasters.shtml)"
208.111.154.16 - - [28/Jan/2009:09:58:39 -0500] "GET /robots.txt HTTP/1.1" 404 693 "-" "Mozilla/5.0 (compatible; Charlotte/1.1; http://www.searchme.com/support/)"
155.69.2.5 - - [28/Jan/2009:10:13:50 -0500] "HEAD / HTTP/1.1" 200 - "http://www.toastpoint.com" "Opera/9.52 (Windows NT 5.1; U; en)"
155.69.2.5 - - [28/Jan/2009:10:13:50 -0500] "GET / HTTP/1.1" 200 464 "http://www.toastpoint.com" "Opera/9.52 (Windows NT 5.1; U; en)"
155.69.2.5 - - [28/Jan/2009:10:13:51 -0500] "GET /toastpointtopleft.html HTTP/1.1" 200 162 "http://www.toastpoint.com/" "Opera/9.52 (Windows NT 5.1; U; en)"
155.69.2.5 - - [28/Jan/2009:10:13:51 -0500] "GET /toastpointtoc.html HTTP/1.1" 200 1188 "http://www.toastpoint.com/" "Opera/9.52 (Windows NT 5.1; U; en)"
155.69.2.5 - - [28/Jan/2009:10:13:51 -0500] "GET /news.html HTTP/1.1" 200 17706 "http://www.toastpoint.com/" "Opera/9.52 (Windows NT 5.1; U; en)"
155.69.2.5 - - [28/Jan/2009:10:13:51 -0500] "GET /toastpointtopright.html HTTP/1.1" 200 151 "http://www.toastpoint.com/" "Opera/9.52 (Windows NT 5.1; U; en)"
155.69.2.5 - - [28/Jan/2009:10:13:51 -0500] "GET /tpnews.html HTTP/1.1" 200 8305 "http://www.toastpoint.com/" "Opera/9.52 (Windows NT 5.1; U; en)"
155.69.2.5 - - [28/Jan/2009:10:13:51 -0500] "GET /gifs/tpwinter20089.jpg HTTP/1.1" 200 28088 "-" "Mozilla/4.0 (compatible;)"
208.111.154.15 - - [28/Jan/2009:10:16:52 -0500] "GET /robots.txt HTTP/1.1" 404 693 "-" "Mozilla/5.0 (compatible; Charlotte/1.1; http://www.searchme.com/support/)"
208.115.111.245 - - [28/Jan/2009:10:18:03 -0500] "GET /robots.txt HTTP/1.1" 404 693 "-" "Mozilla/5.0 (compatible; DotBot/1.1; http://www.dotnetdotcom.org/, crawler@dotnetdotcom.org)"
193.252.149.16 - - [28/Jan/2009:10:22:15 -0500] "GET /limerick/limerick.html HTTP/1.1" 200 2613 "-" "Mozilla/5.0 (Windows; U; Windows NT 5.1; fr; rv:1.8.1) VoilaBot BETA 1.2 (support.voilabot@orange-ftgroup.com)"
208.111.154.16 - - [28/Jan/2009:10:25:16 -0500] "GET /robots.txt HTTP/1.1" 404 693 "-" "Mozilla/5.0 (compatible; Charlotte/1.1; http://www.searchme.com/support/)"
66.235.124.8 - - [28/Jan/2009:10:30:32 -0500] "GET /haiku/1997/haiku697.html HTTP/1.1" 200 26478 "-" "Mozilla/5.0 (compatible; Ask Jeeves/Teoma; +http://about.ask.com/en/docs/about/webmasters.shtml)"
152.10.209.25 - - [28/Jan/2009:10:45:22 -0500] "GET /favicon.ico HTTP/1.1" 404 693 "-" "Mozilla/5.0 (Windows; U; Windows NT 5.1; en-US; rv:1.9.0.1) Gecko/2008070208 Firefox/3.0.1"
152.10.209.25 - - [28/Jan/2009:10:45:22 -0500] "GET /gifs/japan.gif HTTP/1.1" 200 5737 "http://www.toastpoint.com/haiku/haiku399.html" "Mozilla/5.0 (Windows; U; Windows NT 5.1; en-US; rv:1.9.0.1) Gecko/2008070208 Firefox/3.0.1"
152.10.209.25 - - [28/Jan/2009:10:45:22 -0500] "GET /haiku/haiku399.html HTTP/1.1" 200 75208 "-" "Mozilla/5.0 (Windows; U; Windows NT 5.1; en-US; rv:1.9.0.1) Gecko/2008070208 Firefox/3.0.1"
152.10.209.25 - - [28/Jan/2009:10:45:22 -0500] "GET /gifs/goldstar.jpg HTTP/1.1" 200 1854 "http://www.toastpoint.com/haiku/haiku399.html" "Mozilla/5.0 (Windows; U; Windows NT 5.1; en-US; rv:1.9.0.1) Gecko/2008070208 Firefox/3.0.1"
152.10.209.25 - - [28/Jan/2009:10:45:22 -0500] "GET /gifs/blank.jpg HTTP/1.1" 200 705 "http://www.toastpoint.com/haiku/haiku399.html" "Mozilla/5.0 (Windows; U; Windows NT 5.1; en-US; rv:1.9.0.1) Gecko/2008070208 Firefox/3.0.1"
66.235.124.8 - - [28/Jan/2009:10:50:08 -0500] "GET /limerick/1996/nau1196.html HTTP/1.1" 200 14916 "-" "Mozilla/5.0 (compatible; Ask Jeeves/Teoma; +http://about.ask.com/en/docs/about/webmasters.shtml)"
208.111.154.16 - - [28/Jan/2009:11:22:21 -0500] "GET /robots.txt HTTP/1.1" 404 693 "-" "Mozilla/5.0 (compatible; Charlotte/1.1; http://www.searchme.com/support/)"
208.111.154.16 - - [28/Jan/2009:11:25:00 -0500] "GET /robots.txt HTTP/1.1" 404 693 "-" "Mozilla/5.0 (compatible; Charlotte/1.1; http://www.searchme.com/support/)"
208.111.154.15 - - [28/Jan/2009:11:31:49 -0500] "GET /robots.txt HTTP/1.1" 404 693 "-" "Mozilla/5.0 (compatible; Charlotte/1.1; http://www.searchme.com/support/)"
208.115.111.245 - - [28/Jan/2009:11:42:03 -0500] "GET /fiction/fict97/fict297.html HTTP/1.1" 200 8467 "-" "Mozilla/5.0 (compatible; DotBot/1.1; http://www.dotnetdotcom.org/, crawler@dotnetdotcom.org)"
208.115.111.245 - - [28/Jan/2009:11:42:04 -0500] "GET /fiction/fict97/fict397.html HTTP/1.1" 200 11668 "-" "Mozilla/5.0 (compatible; DotBot/1.1; http://www.dotnetdotcom.org/, crawler@dotnetdotcom.org)"
208.115.111.245 - - [28/Jan/2009:11:42:05 -0500] "GET /fiction/fict97/fict497.html HTTP/1.1" 200 11424 "-" "Mozilla/5.0 (compatible; DotBot/1.1; http://www.dotnetdotcom.org/, crawler@dotnetdotcom.org)"
208.115.111.245 - - [28/Jan/2009:11:42:06 -0500] "GET /fiction/fict97/fict597.html HTTP/1.1" 200 10485 "-" "Mozilla/5.0 (compatible; DotBot/1.1; http://www.dotnetdotcom.org/, crawler@dotnetdotcom.org)"
208.115.111.245 - - [28/Jan/2009:11:42:07 -0500] "GET /fiction/fict97/fict697.html HTTP/1.1" 200 13490 "-" "Mozilla/5.0 (compatible; DotBot/1.1; http://www.dotnetdotcom.org/, crawler@dotnetdotcom.org)"
208.115.111.245 - - [28/Jan/2009:11:42:08 -0500] "GET /fiction/fict97/fict797.html HTTP/1.1" 200 4873 "-" "Mozilla/5.0 (compatible; DotBot/1.1; http://www.dotnetdotcom.org/, crawler@dotnetdotcom.org)"
208.115.111.245 - - [28/Jan/2009:11:42:09 -0500] "GET /fiction/fict97/fict97.html HTTP/1.1" 200 1536 "-" "Mozilla/5.0 (compatible; DotBot/1.1; http://www.dotnetdotcom.org/, crawler@dotnetdotcom.org)"
208.115.111.245 - - [28/Jan/2009:11:42:10 -0500] "GET /fiction/fict97/fict997.html HTTP/1.1" 200 4230 "-" "Mozilla/5.0 (compatible; DotBot/1.1; http://www.dotnetdotcom.org/, crawler@dotnetdotcom.org)"
208.115.111.245 - - [28/Jan/2009:11:42:11 -0500] "GET /fiction/fict98/fict1098.html HTTP/1.1" 200 61601 "-" "Mozilla/5.0 (compatible; DotBot/1.1; http://www.dotnetdotcom.org/, crawler@dotnetdotcom.org)"
208.115.111.245 - - [28/Jan/2009:11:42:12 -0500] "GET /fiction/fict98/fict1198.html HTTP/1.1" 200 10372 "-" "Mozilla/5.0 (compatible; DotBot/1.1; http://www.dotnetdotcom.org/, crawler@dotnetdotcom.org)"
72.36.115.86 - - [28/Jan/2009:12:24:20 -0500] "GET /rapture/rapture.html HTTP/1.1" 200 22564 "-" "CazoodleBot/0.0.2 (http://www.cazoodle.com/contact.php; cbot@cazoodle.com)"
95.57.144.61 - - [28/Jan/2009:12:25:30 -0500] "GET /links.html HTTP/1.1" 200 4252 "-" "Mozilla/4.0 (compatible; MSIE 6.0; Windows NT 5.0)"
208.115.111.245 - - [28/Jan/2009:12:52:53 -0500] "GET /robots.txt HTTP/1.1" 404 693 "-" "Mozilla/5.0 (compatible; DotBot/1.1; http://www.dotnetdotcom.org/, crawler@dotnetdotcom.org)"
12.107.86.131 - - [28/Jan/2009:13:02:21 -0500] "GET /haiku/haiku599.html HTTP/1.1" 200 33918 "-" "Mozilla/4.0 (compatible; MSIE 6.0; Windows NT 5.1; SV1; .NET CLR 1.1.4322; .NET CLR 2.0.50727)"
12.107.86.131 - - [28/Jan/2009:13:02:21 -0500] "GET /gifs/japan.gif HTTP/1.1" 200 5737 "http://www.toastpoint.com/haiku/haiku599.html" "Mozilla/4.0 (compatible; MSIE 6.0; Windows NT 5.1; SV1; .NET CLR 1.1.4322; .NET CLR 2.0.50727)"
12.107.86.131 - - [28/Jan/2009:13:02:21 -0500] "GET /gifs/goldstar.jpg HTTP/1.1" 200 1854 "http://www.toastpoint.com/haiku/haiku599.html" "Mozilla/4.0 (compatible; MSIE 6.0; Windows NT 5.1; SV1; .NET CLR 1.1.4322; .NET CLR 2.0.50727)"
12.107.86.131 - - [28/Jan/2009:13:02:21 -0500] "GET /gifs/blank.jpg HTTP/1.1" 200 705 "http://www.toastpoint.com/haiku/haiku599.html" "Mozilla/4.0 (compatible; MSIE 6.0; Windows NT 5.1; SV1; .NET CLR 1.1.4322; .NET CLR 2.0.50727)"
38.116.192.93 - - [28/Jan/2009:13:20:23 -0500] "GET /limerick/nice299.html HTTP/1.1" 200 28130 "http://www.google.ca/search?hl=en&sa=X&oi=spell&resnum=1&ct=result&cd=1&q=clean+limerick&spell=1" "Mozilla/4.0 (compatible; MSIE 6.0; Windows NT 5.1; SV1; .NET CLR 1.1.4322; .NET CLR 2.0.50727; InfoPath.1)"
66.235.124.8 - - [28/Jan/2009:13:26:58 -0500] "GET /writing/fancy.html HTTP/1.1" 200 4720 "-" "Mozilla/5.0 (compatible; Ask Jeeves/Teoma; +http://about.ask.com/en/docs/about/webmasters.shtml)"
208.111.154.16 - - [28/Jan/2009:13:40:34 -0500] "GET /robots.txt HTTP/1.1" 404 693 "-" "Mozilla/5.0 (compatible; Charlotte/1.1; http://www.searchme.com/support/)"
208.111.154.15 - - [28/Jan/2009:13:57:40 -0500] "GET /robots.txt HTTP/1.1" 404 693 "-" "Mozilla/5.0 (compatible; Charlotte/1.1; http://www.searchme.com/support/)"
66.235.124.8 - - [28/Jan/2009:14:26:25 -0500] "GET / HTTP/1.1" 200 464 "-" "Mozilla/5.0 (compatible; Ask Jeeves/Teoma; +http://about.ask.com/en/docs/about/webmasters.shtml)"
66.235.124.8 - - [28/Jan/2009:14:26:26 -0500] "GET /toastpointtopleft.html HTTP/1.1" 200 162 "-" "Mozilla/5.0 (compatible; Ask Jeeves/Teoma; +http://about.ask.com/en/docs/about/webmasters.shtml)"
66.235.124.8 - - [28/Jan/2009:14:26:26 -0500] "GET /toastpointtoc.html HTTP/1.1" 200 1188 "-" "Mozilla/5.0 (compatible; Ask Jeeves/Teoma; +http://about.ask.com/en/docs/about/webmasters.shtml)"
66.235.124.8 - - [28/Jan/2009:14:26:26 -0500] "GET /news.html HTTP/1.1" 200 17706 "-" "Mozilla/5.0 (compatible; Ask Jeeves/Teoma; +http://about.ask.com/en/docs/about/webmasters.shtml)"
66.235.124.8 - - [28/Jan/2009:14:26:26 -0500] "GET /toastpointtopright.html HTTP/1.1" 200 151 "-" "Mozilla/5.0 (compatible; Ask Jeeves/Teoma; +http://about.ask.com/en/docs/about/webmasters.shtml)"
66.235.124.8 - - [28/Jan/2009:14:26:26 -0500] "GET /tpnews.html HTTP/1.1" 200 8305 "-" "Mozilla/5.0 (compatible; Ask Jeeves/Teoma; +http://about.ask.com/en/docs/about/webmasters.shtml)"
66.235.124.8 - - [28/Jan/2009:14:32:53 -0500] "GET /limerick/1995/nautoct.html HTTP/1.1" 200 12561 "-" "Mozilla/5.0 (compatible; Ask Jeeves/Teoma; +http://about.ask.com/en/docs/about/webmasters.shtml)"
208.115.111.245 - - [28/Jan/2009:14:34:32 -0500] "GET /fiction/fict98/fict1298.html HTTP/1.1" 200 38294 "-" "Mozilla/5.0 (compatible; DotBot/1.1; http://www.dotnetdotcom.org/, crawler@dotnetdotcom.org)"
208.115.111.245 - - [28/Jan/2009:14:34:37 -0500] "GET /fiction/fict98/fict198.html HTTP/1.1" 200 62967 "-" "Mozilla/5.0 (compatible; DotBot/1.1; http://www.dotnetdotcom.org/, crawler@dotnetdotcom.org)"
208.115.111.245 - - [28/Jan/2009:14:34:40 -0500] "GET /fiction/fict98/fict298.html HTTP/1.1" 200 37545 "-" "Mozilla/5.0 (compatible; DotBot/1.1; http://www.dotnetdotcom.org/, crawler@dotnetdotcom.org)"
208.115.111.245 - - [28/Jan/2009:14:34:44 -0500] "GET /fiction/fict98/fict398.html HTTP/1.1" 200 26221 "-" "Mozilla/5.0 (compatible; DotBot/1.1; http://www.dotnetdotcom.org/, crawler@dotnetdotcom.org)"
208.115.111.245 - - [28/Jan/2009:14:34:46 -0500] "GET /fiction/fict98/fict498.html HTTP/1.1" 200 24373 "-" "Mozilla/5.0 (compatible; DotBot/1.1; http://www.dotnetdotcom.org/, crawler@dotnetdotcom.org)"
208.115.111.245 - - [28/Jan/2009:14:34:49 -0500] "GET /fiction/fict98/fict598.html HTTP/1.1" 200 19208 "-" "Mozilla/5.0 (compatible; DotBot/1.1; http://www.dotnetdotcom.org/, crawler@dotnetdotcom.org)"
208.115.111.245 - - [28/Jan/2009:14:34:52 -0500] "GET /fiction/fict98/fict698.html HTTP/1.1" 200 12890 "-" "Mozilla/5.0 (compatible; DotBot/1.1; http://www.dotnetdotcom.org/, crawler@dotnetdotcom.org)"
208.115.111.245 - - [28/Jan/2009:14:34:55 -0500] "GET /fiction/fict98/fict798.html HTTP/1.1" 200 40803 "-" "Mozilla/5.0 (compatible; DotBot/1.1; http://www.dotnetdotcom.org/, crawler@dotnetdotcom.org)"
208.115.111.245 - - [28/Jan/2009:14:34:58 -0500] "GET /fiction/fict98/fict98.html HTTP/1.1" 200 1540 "-" "Mozilla/5.0 (compatible; DotBot/1.1; http://www.dotnetdotcom.org/, crawler@dotnetdotcom.org)"
208.115.111.245 - - [28/Jan/2009:14:35:01 -0500] "GET /fiction/fict98/fict998.html HTTP/1.1" 200 7905 "-" "Mozilla/5.0 (compatible; DotBot/1.1; http://www.dotnetdotcom.org/, crawler@dotnetdotcom.org)"
208.111.154.15 - - [28/Jan/2009:14:39:03 -0500] "GET /robots.txt HTTP/1.1" 404 693 "-" "Mozilla/5.0 (compatible; Charlotte/1.1; http://www.searchme.com/support/)"
208.80.194.54 - - [28/Jan/2009:14:40:42 -0500] "GET / HTTP/1.0" 200 464 "-" "Mozilla/4.0 (compatible; MSIE 7.0; Windows NT 5.1; ubt; .NET CLR 1.1.4322; InfoPath.1; IEMB3; .NET CLR 2.0.50727; IEMB3)"
75.60.203.206 - - [28/Jan/2009:14:43:04 -0500] "GET /favicon.ico HTTP/1.1" 404 693 "-" "Mozilla/5.0 (Windows; U; Windows NT 5.1; en-US) AppleWebKit/525.19 (KHTML, like Gecko) Chrome/1.0.154.43 Safari/525.19"
75.60.203.206 - - [28/Jan/2009:14:43:04 -0500] "GET / HTTP/1.1" 200 464 "http://www.toastpoint.com/" "Mozilla/5.0 (Windows; U; Windows NT 5.1; en-US) AppleWebKit/525.19 (KHTML, like Gecko) Chrome/1.0.154.43 Safari/525.19"
75.60.203.206 - - [28/Jan/2009:14:43:04 -0500] "GET /toastpointtopleft.html HTTP/1.1" 200 162 "http://www.toastpoint.com/" "Mozilla/5.0 (Windows; U; Windows NT 5.1; en-US) AppleWebKit/525.19 (KHTML, like Gecko) Chrome/1.0.154.43 Safari/525.19"
75.60.203.206 - - [28/Jan/2009:14:43:04 -0500] "GET /toastpointtoc.html HTTP/1.1" 200 1188 "http://www.toastpoint.com/" "Mozilla/5.0 (Windows; U; Windows NT 5.1; en-US) AppleWebKit/525.19 (KHTML, like Gecko) Chrome/1.0.154.43 Safari/525.19"
75.60.203.206 - - [28/Jan/2009:14:43:04 -0500] "GET /news.html HTTP/1.1" 200 17706 "http://www.toastpoint.com/" "Mozilla/5.0 (Windows; U; Windows NT 5.1; en-US) AppleWebKit/525.19 (KHTML, like Gecko) Chrome/1.0.154.43 Safari/525.19"
75.60.203.206 - - [28/Jan/2009:14:43:04 -0500] "GET /toastpointtopright.html HTTP/1.1" 200 151 "http://www.toastpoint.com/" "Mozilla/5.0 (Windows; U; Windows NT 5.1; en-US) AppleWebKit/525.19 (KHTML, like Gecko) Chrome/1.0.154.43 Safari/525.19"
75.60.203.206 - - [28/Jan/2009:14:43:04 -0500] "GET /tpnews.html HTTP/1.1" 200 8305 "http://www.toastpoint.com/" "Mozilla/5.0 (Windows; U; Windows NT 5.1; en-US) AppleWebKit/525.19 (KHTML, like Gecko) Chrome/1.0.154.43 Safari/525.19"
75.60.203.206 - - [28/Jan/2009:14:43:05 -0500] "GET /gifs/tpwinter20089.jpg HTTP/1.1" 200 28088 "http://www.toastpoint.com/news.html" "Mozilla/5.0 (Windows; U; Windows NT 5.1; en-US) AppleWebKit/525.19 (KHTML, like Gecko) Chrome/1.0.154.43 Safari/525.19"
207.126.224.241 - - [28/Jan/2009:14:55:07 -0500] "GET / HTTP/1.0" 200 464 "-" "Mozilla/4.05 [en]"
65.186.201.168 - - [28/Jan/2009:14:55:25 -0500] "GET /favicon.ico HTTP/1.1" 404 693 "-" "Mozilla/4.0 (compatible; MSIE 7.0; Windows NT 6.0; WOW64; SLCC1; .NET CLR 2.0.50727; .NET CLR 3.0.04506; Media Center PC 5.0; Zune 3.0)"
65.186.201.168 - - [28/Jan/2009:14:55:26 -0500] "GET /limerick/naut199.html HTTP/1.1" 200 34481 "-" "Mozilla/4.0 (compatible; MSIE 7.0; Windows NT 6.0; WOW64; SLCC1; .NET CLR 2.0.50727; .NET CLR 3.0.04506; Media Center PC 5.0; Zune 3.0)"
65.186.201.168 - - [28/Jan/2009:14:55:26 -0500] "GET /gifs/boobies.gif HTTP/1.1" 200 11144 "http://www.toastpoint.com/limerick/naut199.html" "Mozilla/4.0 (compatible; MSIE 7.0; Windows NT 6.0; WOW64; SLCC1; .NET CLR 2.0.50727; .NET CLR 3.0.04506; Media Center PC 5.0; Zune 3.0)"
65.186.201.168 - - [28/Jan/2009:14:55:26 -0500] "GET /gifs/goldstar.jpg HTTP/1.1" 200 1854 "http://www.toastpoint.com/limerick/naut199.html" "Mozilla/4.0 (compatible; MSIE 7.0; Windows NT 6.0; WOW64; SLCC1; .NET CLR 2.0.50727; .NET CLR 3.0.04506; Media Center PC 5.0; Zune 3.0)"
65.186.201.168 - - [28/Jan/2009:14:55:26 -0500] "GET /gifs/nakedman.gif HTTP/1.1" 200 7734 "http://www.toastpoint.com/limerick/naut199.html" "Mozilla/4.0 (compatible; MSIE 7.0; Windows NT 6.0; WOW64; SLCC1; .NET CLR 2.0.50727; .NET CLR 3.0.04506; Media Center PC 5.0; Zune 3.0)"
65.186.201.168 - - [28/Jan/2009:14:55:28 -0500] "GET /favicon.ico HTTP/1.1" 404 693 "-" "Mozilla/5.0 (compatible; Google Desktop)"
74.6.27.176 - - [28/Jan/2009:14:57:44 -0500] "GET /robots.txt HTTP/1.0" 404 693 "-" "Mozilla/5.0 (compatible; Yahoo! Slurp; http://help.yahoo.com/help/us/ysearch/slurp)"
74.6.30.119 - - [28/Jan/2009:14:57:44 -0500] "GET /haiku/haiku.html HTTP/1.0" 200 2147 "-" "Mozilla/5.0 (compatible; Yahoo! DE Slurp; http://help.yahoo.com/help/us/ysearch/slurp)"
66.153.200.115 - - [28/Jan/2009:14:58:58 -0500] "GET /rapture/rapture.html HTTP/1.1" 200 22564 "http://images.ask.com/fr?q=grand+jury&desturi=http%3A%2F%2Fwww.toastpoint.com%2Frapture%2Frapture.html&fm=i&ac=3&ftURI=http%3A%2F%2Fimages.ask.com%2Ffr%3Fq%3Dgrand%2Bjury%26desturi%3Dhttp%253A%252F%252Fwww.toastpoint.com%252Frapture%252Frapture.html%26imagesrc%3Dhttp%253A%252F%252Fwww.toastpoint.com%252Frapture%252Ftbj-jury.gif%26thumbsrc%3Dhttp%253A%252F%252F66.235.120.64%252Fts%253Ft%253D2656937575207208691%2526pid%253D23296%2526ppid%253D5%26o%3D0%26l%3Ddir%26initialURL%3Dhttp%253A%252F%252Fwww.ask.com%252Fpictures%253Fl%253Ddir%2526o%253D0%2526q%253Dgrand%252520jury%2526qsrc%253D168%26thumbuselocalisedstatic%3Dfalse%26fn%3Dtbj-jury.gif%26imagewidth%3D250%26imageheight%3D212%26fs%3D3%26ft%3Dgif%26f%3D2%26fm%3Di%26ftbURI%3Dhttp%253A%252F%252Fwww.ask.com%252Fpictures%253Fq%253Dgrand%252Bjury%2526page%253D1%2526o%253D0%2526l%253Ddir%2526pstart%253D0&qt=0" "Mozilla/4.0 (compatible; MSIE 7.0; Windows NT 6.0; WOW64; SLCC1; .NET CLR 2.0.50727; .NET CLR 3.0.04506; Media Center PC 5.0)"
66.153.200.115 - - [28/Jan/2009:14:58:59 -0500] "GET /rapture/tbj-jury.gif HTTP/1.1" 200 3904 "http://www.toastpoint.com/rapture/rapture.html" "Mozilla/4.0 (compatible; MSIE 7.0; Windows NT 6.0; WOW64; SLCC1; .NET CLR 2.0.50727; .NET CLR 3.0.04506; Media Center PC 5.0)"
66.153.200.115 - - [28/Jan/2009:14:58:59 -0500] "GET /rapture/sor-well.gif HTTP/1.1" 200 2583 "http://www.toastpoint.com/rapture/rapture.html" "Mozilla/4.0 (compatible; MSIE 7.0; Windows NT 6.0; WOW64; SLCC1; .NET CLR 2.0.50727; .NET CLR 3.0.04506; Media Center PC 5.0)"
66.153.200.115 - - [28/Jan/2009:14:58:59 -0500] "GET /rapture/hms-dick.gif HTTP/1.1" 200 3100 "http://www.toastpoint.com/rapture/rapture.html" "Mozilla/4.0 (compatible; MSIE 7.0; Windows NT 6.0; WOW64; SLCC1; .NET CLR 2.0.50727; .NET CLR 3.0.04506; Media Center PC 5.0)"
66.153.200.115 - - [28/Jan/2009:14:58:59 -0500] "GET /rapture/pirates.gif HTTP/1.1" 200 4045 "http://www.toastpoint.com/rapture/rapture.html" "Mozilla/4.0 (compatible; MSIE 7.0; Windows NT 6.0; WOW64; SLCC1; .NET CLR 2.0.50727; .NET CLR 3.0.04506; Media Center PC 5.0)"
66.153.200.115 - - [28/Jan/2009:14:58:59 -0500] "GET /rapture/bunthorne.gif HTTP/1.1" 200 3137 "http://www.toastpoint.com/rapture/rapture.html" "Mozilla/4.0 (compatible; MSIE 7.0; Windows NT 6.0; WOW64; SLCC1; .NET CLR 2.0.50727; .NET CLR 3.0.04506; Media Center PC 5.0)"
66.153.200.115 - - [28/Jan/2009:14:58:59 -0500] "GET /rapture/iolanthe.gif HTTP/1.1" 200 2814 "http://www.toastpoint.com/rapture/rapture.html" "Mozilla/4.0 (compatible; MSIE 7.0; Windows NT 6.0; WOW64; SLCC1; .NET CLR 2.0.50727; .NET CLR 3.0.04506; Media Center PC 5.0)"
66.153.200.115 - - [28/Jan/2009:14:58:59 -0500] "GET /rapture/ida-monk.gif HTTP/1.1" 200 3753 "http://www.toastpoint.com/rapture/rapture.html" "Mozilla/4.0 (compatible; MSIE 7.0; Windows NT 6.0; WOW64; SLCC1; .NET CLR 2.0.50727; .NET CLR 3.0.04506; Media Center PC 5.0)"
66.153.200.115 - - [28/Jan/2009:14:58:59 -0500] "GET /rapture/mik-lips.gif HTTP/1.1" 200 3352 "http://www.toastpoint.com/rapture/rapture.html" "Mozilla/4.0 (compatible; MSIE 7.0; Windows NT 6.0; WOW64; SLCC1; .NET CLR 2.0.50727; .NET CLR 3.0.04506; Media Center PC 5.0)"
66.153.200.115 - - [28/Jan/2009:14:58:59 -0500] "GET /rapture/rud-spec.gif HTTP/1.1" 200 2489 "http://www.toastpoint.com/rapture/rapture.html" "Mozilla/4.0 (compatible; MSIE 7.0; Windows NT 6.0; WOW64; SLCC1; .NET CLR 2.0.50727; .NET CLR 3.0.04506; Media Center PC 5.0)"
66.153.200.115 - - [28/Jan/2009:14:59:00 -0500] "GET /rapture/yeo-song.gif HTTP/1.1" 200 2781 "http://www.toastpoint.com/rapture/rapture.html" "Mozilla/4.0 (compatible; MSIE 7.0; Windows NT 6.0; WOW64; SLCC1; .NET CLR 2.0.50727; .NET CLR 3.0.04506; Media Center PC 5.0)"
