74.79.141.227 - - [08/Dec/2008:00:17:28 -0500] "GET /limerick/nice299.html HTTP/1.1" 200 28130 "http://www.google.com/search?hl=en&pwst=1&sa=X&oi=spell&resnum=0&ct=result&cd=1&q=clean+limerick&spell=1" "Mozilla/5.0 (Windows; U; Windows NT 6.0; en-US) AppleWebKit/525.19 (KHTML, like Gecko) Chrome/0.4.154.29 Safari/525.19"
74.79.141.227 - - [08/Dec/2008:00:17:28 -0500] "GET /gifs/birdumb2.gif HTTP/1.1" 200 4698 "http://www.toastpoint.com/limerick/nice299.html" "Mozilla/5.0 (Windows; U; Windows NT 6.0; en-US) AppleWebKit/525.19 (KHTML, like Gecko) Chrome/0.4.154.29 Safari/525.19"
74.79.141.227 - - [08/Dec/2008:00:17:28 -0500] "GET /gifs/birdumb.gif HTTP/1.1" 200 4704 "http://www.toastpoint.com/limerick/nice299.html" "Mozilla/5.0 (Windows; U; Windows NT 6.0; en-US) AppleWebKit/525.19 (KHTML, like Gecko) Chrome/0.4.154.29 Safari/525.19"
74.79.141.227 - - [08/Dec/2008:00:17:28 -0500] "GET /gifs/goldstar.jpg HTTP/1.1" 200 1854 "http://www.toastpoint.com/limerick/nice299.html" "Mozilla/5.0 (Windows; U; Windows NT 6.0; en-US) AppleWebKit/525.19 (KHTML, like Gecko) Chrome/0.4.154.29 Safari/525.19"
74.79.141.227 - - [08/Dec/2008:00:17:29 -0500] "GET /favicon.ico HTTP/1.1" 404 693 "-" "Mozilla/5.0 (Windows; U; Windows NT 6.0; en-US) AppleWebKit/525.19 (KHTML, like Gecko) Chrome/0.4.154.29 Safari/525.19"
208.111.154.15 - - [08/Dec/2008:00:24:33 -0500] "GET /robots.txt HTTP/1.0" 404 693 "-" "Mozilla/5.0 (compatible; Charlotte/1.1; http://www.searchme.com/support/)"
208.111.154.15 - - [08/Dec/2008:00:24:33 -0500] "GET /limerick/1995/niceaug.html HTTP/1.1" 200 4489 "-" "Mozilla/5.0 (compatible; Charlotte/1.1; http://www.searchme.com/support/)"
91.193.20.48 - - [08/Dec/2008:00:39:15 -0500] "GET //guestbook5/admin.php?include_path=http://www.popsculpt.com/manage/files/i?? HTTP/1.1" 404 693 "-" "Mozilla/4.0 (compatible; MSIE 4.01; Windows CE; PPC; 240x320)"
91.193.20.48 - - [08/Dec/2008:00:39:15 -0500] "GET /errors.php?error=http://www.popsculpt.com/manage/files/i?? HTTP/1.1" 404 693 "-" "Mozilla/5.0 (Windows; U; Windows NT 5.1; en-US; rv:1.7.12) Gecko/20050915 Firefox/1.0.7"
91.193.20.48 - - [08/Dec/2008:00:39:16 -0500] "GET //guestbook5/admin.php?include_path=../../../../../../../../../../../../../../../../../../../../../../../../proc/self/environ HTTP/1.1" 404 693 "-" "XXX<? echo \"w0000t\"; ?>XXX"
91.193.20.48 - - [08/Dec/2008:00:39:16 -0500] "GET //guestbook5/admin.php?include_path=../../../../../../../../../../../../../../../../../../../../../../../../proc/self/environ%00 HTTP/1.1" 404 693 "-" "XXX<? echo \"w0000t\"; ?>XXX"
66.249.72.205 - - [08/Dec/2008:00:41:52 -0500] "GET /robots.txt HTTP/1.1" 404 693 "-" "Nokia6820/2.0 (4.83) Profile/MIDP-1.0 Configuration/CLDC-1.0 (compatible; Googlebot-Mobile/2.1; +http://www.google.com/bot.html)"
66.249.72.205 - - [08/Dec/2008:00:41:52 -0500] "GET /haiku/haiku.html HTTP/1.1" 200 2147 "-" "Nokia6820/2.0 (4.83) Profile/MIDP-1.0 Configuration/CLDC-1.0 (compatible; Googlebot-Mobile/2.1; +http://www.google.com/bot.html)"
65.55.209.247 - - [08/Dec/2008:00:47:16 -0500] "GET /robots.txt HTTP/1.1" 404 693 "-" "msnbot/1.1 (+http://search.msn.com/msnbot.htm)"
65.55.209.247 - - [08/Dec/2008:00:47:16 -0500] "GET /travel/scotland2001.html HTTP/1.1" 200 1042 "-" "msnbot/1.1 (+http://search.msn.com/msnbot.htm)"
70.138.127.242 - - [08/Dec/2008:01:12:15 -0500] "GET /gifs/goldstar.jpg HTTP/1.1" 200 1854 "http://www.toastpoint.com/fiction/novels/parkey.html" "Mozilla/4.0 (compatible; MSIE 7.0; Windows NT 6.0; SLCC1; .NET CLR 2.0.50727; Media Center PC 5.0; .NET CLR 3.0.04506; Tablet PC 2.0; InfoPath.2)"
70.138.127.242 - - [08/Dec/2008:01:12:14 -0500] "GET /fiction/novels/parkey.html HTTP/1.1" 200 25723 "http://www.google.com/search?hl=en&q=STRANGERS+THAT+LOOK+LIKE+TWINS&aq=f&oq=" "Mozilla/4.0 (compatible; MSIE 7.0; Windows NT 6.0; SLCC1; .NET CLR 2.0.50727; Media Center PC 5.0; .NET CLR 3.0.04506; Tablet PC 2.0; InfoPath.2)"
70.138.127.242 - - [08/Dec/2008:01:12:15 -0500] "GET /favicon.ico HTTP/1.1" 404 693 "-" "Mozilla/4.0 (compatible; MSIE 7.0; Windows NT 6.0; SLCC1; .NET CLR 2.0.50727; Media Center PC 5.0; .NET CLR 3.0.04506; Tablet PC 2.0; InfoPath.2)"
66.249.72.205 - - [08/Dec/2008:01:20:50 -0500] "GET /fiction/fiction.html HTTP/1.1" 200 2705 "-" "Nokia6820/2.0 (4.83) Profile/MIDP-1.0 Configuration/CLDC-1.0 (compatible; Googlebot-Mobile/2.1; +http://www.google.com/bot.html)"
208.80.194.51 - - [08/Dec/2008:01:36:01 -0500] "GET / HTTP/1.0" 200 464 "-" "Mozilla/4.0 (compatible; MSIE 7.0; Windows NT 5.1; .NET CLR 1.0.3705; .NET CLR 1.1.4322; .NET CLR 2.0.50727; .NET CLR 3.0.04506.30; IEMB3)"
71.193.121.252 - - [08/Dec/2008:01:55:10 -0500] "GET http://www.toastpoint.com/ HTTP/1.0" 200 464 "-" "Mozilla/4.0 (compatible; MSIE 7.0b; Windows NT 6.0)"
124.30.140.58 - - [08/Dec/2008:02:00:31 -0500] "GET /fiction/novels/peak3.html HTTP/1.0" 200 6906 "http://www.google.co.in/search?hl=en&q=NATCHERAL+SEEN&btnG=Google+Search&meta=" "Mozilla/4.0 (compatible; MSIE 7.0; Windows NT 5.1; .NET CLR 1.1.4322; .NET CLR 2.0.50727)"
124.30.140.58 - - [08/Dec/2008:02:00:32 -0500] "GET /gifs/paper.gif HTTP/1.0" 200 4756 "http://www.toastpoint.com/fiction/novels/peak3.html" "Mozilla/4.0 (compatible; MSIE 7.0; Windows NT 5.1; .NET CLR 1.1.4322; .NET CLR 2.0.50727)"
124.30.140.58 - - [08/Dec/2008:02:00:32 -0500] "GET /fiction/novels/wpeak.jpg HTTP/1.0" 200 52861 "http://www.toastpoint.com/fiction/novels/peak3.html" "Mozilla/4.0 (compatible; MSIE 7.0; Windows NT 5.1; .NET CLR 1.1.4322; .NET CLR 2.0.50727)"
124.30.140.58 - - [08/Dec/2008:02:00:34 -0500] "GET /favicon.ico HTTP/1.0" 404 693 "-" "Mozilla/4.0 (compatible; MSIE 7.0; Windows NT 5.1; .NET CLR 1.1.4322; .NET CLR 2.0.50727)"
68.180.139.136 - - [08/Dec/2008:02:16:29 -0500] "GET /robots.txt HTTP/1.0" 404 693 "-" "REAP-crawler Nutch/Nutch-1.0-dev (Reap Project; http://reap.cs.cmu.edu/REAP-crawler/; Reap Project)"
68.180.139.136 - - [08/Dec/2008:02:16:29 -0500] "GET /fiction/fict299.html HTTP/1.0" 200 38635 "-" "REAP-crawler Nutch/Nutch-1.0-dev (Reap Project; http://reap.cs.cmu.edu/REAP-crawler/; Reap Project)"
193.47.80.45 - - [08/Dec/2008:02:57:02 -0500] "GET /limerick/1995/nautjune.html HTTP/1.1" 200 3274 "-" "Mozilla/5.0 (compatible; Exabot/3.0; +http://www.exabot.com/go/robot)"
66.249.72.205 - - [08/Dec/2008:03:44:07 -0500] "GET /gifs/mouthf1.jpg HTTP/1.1" 304 - "-" "Googlebot-Image/1.0"
74.6.30.119 - - [08/Dec/2008:03:44:13 -0500] "GET /haiku/haiku.html HTTP/1.0" 200 2147 "-" "Mozilla/5.0 (compatible; Yahoo! DE Slurp; http://help.yahoo.com/help/us/ysearch/slurp)"
208.80.194.54 - - [08/Dec/2008:03:56:14 -0500] "GET / HTTP/1.0" 200 464 "-" "Mozilla/4.0 (compatible; MSIE 6.0; Windows NT 5.1; AtHome021SI; SV1; .NET CLR 1.1.4322)"
208.111.154.15 - - [08/Dec/2008:04:28:51 -0500] "GET /robots.txt HTTP/1.0" 404 693 "-" "Mozilla/5.0 (compatible; Charlotte/1.1; http://www.searchme.com/support/)"
68.180.139.136 - - [08/Dec/2008:04:31:01 -0500] "GET /fiction/novels/rosalind.html HTTP/1.0" 200 30989 "-" "REAP-crawler Nutch/Nutch-1.0-dev (Reap Project; http://reap.cs.cmu.edu/REAP-crawler/; Reap Project)"
81.52.143.26 - - [08/Dec/2008:05:12:31 -0500] "GET /robots.txt HTTP/1.1" 404 693 "-" "Mozilla/5.0 (Windows; U; Windows NT 5.1; fr; rv:1.8.1) VoilaBot BETA 1.2 (support.voilabot@orange-ftgroup.com)"
81.52.143.26 - - [08/Dec/2008:05:12:36 -0500] "GET /prideforallages.html HTTP/1.1" 200 988 "-" "Mozilla/5.0 (Windows; U; Windows NT 5.1; fr; rv:1.8.1) VoilaBot BETA 1.2 (support.voilabot@orange-ftgroup.com)"
84.92.215.148 - - [08/Dec/2008:05:25:19 -0500] "GET /limerick/1995/nautnov.html HTTP/1.1" 200 13933 "http://www.google.co.uk/search?hl=en&sa=X&oi=spell&resnum=0&ct=result&cd=1&q=aberristwith&spell=1" "Mozilla/4.0 (compatible; MSIE 7.0; Windows NT 5.1; .NET CLR 2.0.50727)"
84.92.215.148 - - [08/Dec/2008:05:25:19 -0500] "GET /gifs/goldstar.jpg HTTP/1.1" 200 1854 "http://www.toastpoint.com/limerick/1995/nautnov.html" "Mozilla/4.0 (compatible; MSIE 7.0; Windows NT 5.1; .NET CLR 2.0.50727)"
84.92.215.148 - - [08/Dec/2008:05:25:19 -0500] "GET /favicon.ico HTTP/1.1" 404 693 "-" "Mozilla/4.0 (compatible; MSIE 7.0; Windows NT 5.1; .NET CLR 2.0.50727)"
208.111.154.16 - - [08/Dec/2008:05:37:29 -0500] "GET /robots.txt HTTP/1.0" 404 693 "-" "Mozilla/5.0 (compatible; Charlotte/1.1; http://www.searchme.com/support/)"
79.77.18.198 - - [08/Dec/2008:05:42:57 -0500] "GET /limerick/1995/nautnov.html HTTP/1.1" 200 13933 "http://www.google.co.uk/search?hl=en&q=aberristwith&meta=" "Mozilla/4.0 (compatible; MSIE 7.0; Windows NT 5.1; Mozilla/4.0 (compatible; MSIE 6.0; Windows NT 5.1; SV1) )"
79.77.18.198 - - [08/Dec/2008:05:42:58 -0500] "GET /gifs/goldstar.jpg HTTP/1.1" 200 1854 "http://www.toastpoint.com/limerick/1995/nautnov.html" "Mozilla/4.0 (compatible; MSIE 7.0; Windows NT 5.1; Mozilla/4.0 (compatible; MSIE 6.0; Windows NT 5.1; SV1) )"
79.77.18.198 - - [08/Dec/2008:05:42:58 -0500] "GET /favicon.ico HTTP/1.1" 404 693 "-" "Mozilla/4.0 (compatible; MSIE 7.0; Windows NT 5.1; Mozilla/4.0 (compatible; MSIE 6.0; Windows NT 5.1; SV1) )"
66.249.72.205 - - [08/Dec/2008:05:58:13 -0500] "GET /limerick/1998/lim1998.html HTTP/1.1" 200 2041 "-" "Nokia6820/2.0 (4.83) Profile/MIDP-1.0 Configuration/CLDC-1.0 (compatible; Googlebot-Mobile/2.1; +http://www.google.com/bot.html)"
208.111.154.16 - - [08/Dec/2008:05:58:50 -0500] "GET /robots.txt HTTP/1.0" 404 693 "-" "Mozilla/5.0 (compatible; Charlotte/1.1; http://www.searchme.com/support/)"
66.249.72.205 - - [08/Dec/2008:06:04:53 -0500] "GET /limerick/1996/lim1996.html HTTP/1.1" 200 2072 "-" "Nokia6820/2.0 (4.83) Profile/MIDP-1.0 Configuration/CLDC-1.0 (compatible; Googlebot-Mobile/2.1; +http://www.google.com/bot.html)"
74.6.21.249 - - [08/Dec/2008:06:11:37 -0500] "GET /robots.txt HTTP/1.0" 404 693 "-" "Mozilla/5.0 (compatible; Yahoo! Slurp; http://help.yahoo.com/help/us/ysearch/slurp)"
74.6.76.45 - - [08/Dec/2008:06:11:37 -0500] "GET /haiku/haiku.html HTTP/1.0" 200 2147 "-" "Mozilla/5.0 (compatible; Yahoo! DE Slurp; http://help.yahoo.com/help/us/ysearch/slurp)"
66.249.72.205 - - [08/Dec/2008:06:17:08 -0500] "GET /limerick/1995/1995.html HTTP/1.1" 200 1428 "-" "Nokia6820/2.0 (4.83) Profile/MIDP-1.0 Configuration/CLDC-1.0 (compatible; Googlebot-Mobile/2.1; +http://www.google.com/bot.html)"
76.240.21.190 - - [08/Dec/2008:06:31:13 -0500] "GET /rapture/rapture.html HTTP/1.1" 200 22564 "http://images.ask.com/fr?q=trial+by+jury&desturi=http%3A%2F%2Fwww.toastpoint.com%2Frapture%2Frapture.html&fm=i&ac=3&ftURI=http%3A%2F%2Fimages.ask.com%2Ffr%3Fq%3Dtrial%2Bby%2Bjury%26desturi%3Dhttp%253A%252F%252Fwww.toastpoint.com%252Frapture%252Frapture.html%26imagesrc%3Dhttp%253A%252F%252Fwww.toastpoint.com%252Frapture%252Ftbj-jury.gif%26thumbsrc%3Dhttp%253A%252F%252F66.235.120.64%252Fts%253Ft%253D2656937575207208691%2526pid%253D23296%2526ppid%253D0%26o%3D0%26l%3Ddir%26thumbuselocalisedstatic%3Dfalse%26fn%3Dtbj-jury.gif%26imagewidth%3D250%26imageheight%3D212%26fs%3D3%26ft%3Dgif%26f%3D2%26fm%3Di%26ftbURI%3Dhttp%253A%252F%252Fimages.ask.com%252Fpictures%253Fq%253Dtrial%252Bby%252Bjury%2526page%253D1%2526o%253D0%2526l%253Ddir%2526pstart%253D0&qt=0" "Mozilla/4.0 (compatible; MSIE 7.0; Windows NT 5.1; Mozilla/4.0 (compatible; MSIE 6.0; Windows NT 5.1; SV1) ;  Embedded Web Browser from: http://bsalsa.com/; .NET CLR 1.1.4322; .NET CLR 2.0.50727; .NET CLR 3.0.04506.30)"
76.240.21.190 - - [08/Dec/2008:06:31:14 -0500] "GET /rapture/tbj-jury.gif HTTP/1.1" 200 3904 "http://www.toastpoint.com/rapture/rapture.html" "Mozilla/4.0 (compatible; MSIE 7.0; Windows NT 5.1; Mozilla/4.0 (compatible; MSIE 6.0; Windows NT 5.1; SV1) ;  Embedded Web Browser from: http://bsalsa.com/; .NET CLR 1.1.4322; .NET CLR 2.0.50727; .NET CLR 3.0.04506.30)"
76.240.21.190 - - [08/Dec/2008:06:31:14 -0500] "GET /rapture/sor-well.gif HTTP/1.1" 200 2583 "http://www.toastpoint.com/rapture/rapture.html" "Mozilla/4.0 (compatible; MSIE 7.0; Windows NT 5.1; Mozilla/4.0 (compatible; MSIE 6.0; Windows NT 5.1; SV1) ;  Embedded Web Browser from: http://bsalsa.com/; .NET CLR 1.1.4322; .NET CLR 2.0.50727; .NET CLR 3.0.04506.30)"
76.240.21.190 - - [08/Dec/2008:06:31:14 -0500] "GET /rapture/hms-dick.gif HTTP/1.1" 200 3100 "http://www.toastpoint.com/rapture/rapture.html" "Mozilla/4.0 (compatible; MSIE 7.0; Windows NT 5.1; Mozilla/4.0 (compatible; MSIE 6.0; Windows NT 5.1; SV1) ;  Embedded Web Browser from: http://bsalsa.com/; .NET CLR 1.1.4322; .NET CLR 2.0.50727; .NET CLR 3.0.04506.30)"
76.240.21.190 - - [08/Dec/2008:06:31:14 -0500] "GET /rapture/pirates.gif HTTP/1.1" 200 4045 "http://www.toastpoint.com/rapture/rapture.html" "Mozilla/4.0 (compatible; MSIE 7.0; Windows NT 5.1; Mozilla/4.0 (compatible; MSIE 6.0; Windows NT 5.1; SV1) ;  Embedded Web Browser from: http://bsalsa.com/; .NET CLR 1.1.4322; .NET CLR 2.0.50727; .NET CLR 3.0.04506.30)"
76.240.21.190 - - [08/Dec/2008:06:31:14 -0500] "GET /rapture/bunthorne.gif HTTP/1.1" 200 3137 "http://www.toastpoint.com/rapture/rapture.html" "Mozilla/4.0 (compatible; MSIE 7.0; Windows NT 5.1; Mozilla/4.0 (compatible; MSIE 6.0; Windows NT 5.1; SV1) ;  Embedded Web Browser from: http://bsalsa.com/; .NET CLR 1.1.4322; .NET CLR 2.0.50727; .NET CLR 3.0.04506.30)"
76.240.21.190 - - [08/Dec/2008:06:31:14 -0500] "GET /rapture/ida-monk.gif HTTP/1.1" 200 3753 "http://www.toastpoint.com/rapture/rapture.html" "Mozilla/4.0 (compatible; MSIE 7.0; Windows NT 5.1; Mozilla/4.0 (compatible; MSIE 6.0; Windows NT 5.1; SV1) ;  Embedded Web Browser from: http://bsalsa.com/; .NET CLR 1.1.4322; .NET CLR 2.0.50727; .NET CLR 3.0.04506.30)"
76.240.21.190 - - [08/Dec/2008:06:31:14 -0500] "GET /rapture/rud-spec.gif HTTP/1.1" 200 2489 "http://www.toastpoint.com/rapture/rapture.html" "Mozilla/4.0 (compatible; MSIE 7.0; Windows NT 5.1; Mozilla/4.0 (compatible; MSIE 6.0; Windows NT 5.1; SV1) ;  Embedded Web Browser from: http://bsalsa.com/; .NET CLR 1.1.4322; .NET CLR 2.0.50727; .NET CLR 3.0.04506.30)"
76.240.21.190 - - [08/Dec/2008:06:31:14 -0500] "GET /rapture/iolanthe.gif HTTP/1.1" 200 2814 "http://www.toastpoint.com/rapture/rapture.html" "Mozilla/4.0 (compatible; MSIE 7.0; Windows NT 5.1; Mozilla/4.0 (compatible; MSIE 6.0; Windows NT 5.1; SV1) ;  Embedded Web Browser from: http://bsalsa.com/; .NET CLR 1.1.4322; .NET CLR 2.0.50727; .NET CLR 3.0.04506.30)"
76.240.21.190 - - [08/Dec/2008:06:31:14 -0500] "GET /rapture/mik-lips.gif HTTP/1.1" 200 3352 "http://www.toastpoint.com/rapture/rapture.html" "Mozilla/4.0 (compatible; MSIE 7.0; Windows NT 5.1; Mozilla/4.0 (compatible; MSIE 6.0; Windows NT 5.1; SV1) ;  Embedded Web Browser from: http://bsalsa.com/; .NET CLR 1.1.4322; .NET CLR 2.0.50727; .NET CLR 3.0.04506.30)"
76.240.21.190 - - [08/Dec/2008:06:31:14 -0500] "GET /rapture/yeo-song.gif HTTP/1.1" 200 2781 "http://www.toastpoint.com/rapture/rapture.html" "Mozilla/4.0 (compatible; MSIE 7.0; Windows NT 5.1; Mozilla/4.0 (compatible; MSIE 6.0; Windows NT 5.1; SV1) ;  Embedded Web Browser from: http://bsalsa.com/; .NET CLR 1.1.4322; .NET CLR 2.0.50727; .NET CLR 3.0.04506.30)"
76.240.21.190 - - [08/Dec/2008:06:31:14 -0500] "GET /rapture/uto-look.gif HTTP/1.1" 200 3823 "http://www.toastpoint.com/rapture/rapture.html" "Mozilla/4.0 (compatible; MSIE 7.0; Windows NT 5.1; Mozilla/4.0 (compatible; MSIE 6.0; Windows NT 5.1; SV1) ;  Embedded Web Browser from: http://bsalsa.com/; .NET CLR 1.1.4322; .NET CLR 2.0.50727; .NET CLR 3.0.04506.30)"
76.240.21.190 - - [08/Dec/2008:06:31:14 -0500] "GET /rapture/gon-baby.gif HTTP/1.1" 200 2847 "http://www.toastpoint.com/rapture/rapture.html" "Mozilla/4.0 (compatible; MSIE 7.0; Windows NT 5.1; Mozilla/4.0 (compatible; MSIE 6.0; Windows NT 5.1; SV1) ;  Embedded Web Browser from: http://bsalsa.com/; .NET CLR 1.1.4322; .NET CLR 2.0.50727; .NET CLR 3.0.04506.30)"
76.240.21.190 - - [08/Dec/2008:06:31:18 -0500] "GET /favicon.ico HTTP/1.1" 404 693 "-" "Mozilla/4.0 (compatible; MSIE 7.0; Windows NT 5.1; Mozilla/4.0 (compatible; MSIE 6.0; Windows NT 5.1; SV1) ;  Embedded Web Browser from: http://bsalsa.com/; .NET CLR 1.1.4322; .NET CLR 2.0.50727; .NET CLR 3.0.04506.30)"
63.241.3.51 - - [08/Dec/2008:06:40:49 -0500] "GET /limerick/limerick.html HTTP/1.1" 200 2613 "-" "-"
66.249.72.205 - - [08/Dec/2008:06:44:13 -0500] "GET /limerick/brady/brady99.html HTTP/1.1" 200 7546 "-" "Nokia6820/2.0 (4.83) Profile/MIDP-1.0 Configuration/CLDC-1.0 (compatible; Googlebot-Mobile/2.1; +http://www.google.com/bot.html)"
66.249.72.205 - - [08/Dec/2008:06:49:47 -0500] "GET /haiku/1995/haikujun.html HTTP/1.1" 200 2332 "-" "Nokia6820/2.0 (4.83) Profile/MIDP-1.0 Configuration/CLDC-1.0 (compatible; Googlebot-Mobile/2.1; +http://www.google.com/bot.html)"
74.6.76.45 - - [08/Dec/2008:07:10:44 -0500] "GET / HTTP/1.0" 200 464 "-" "Mozilla/5.0 (compatible; Yahoo! DE Slurp; http://help.yahoo.com/help/us/ysearch/slurp)"
74.6.76.45 - - [08/Dec/2008:07:10:45 -0500] "GET /toastpointtopleft.html HTTP/1.0" 200 162 "-" "Mozilla/5.0 (compatible; Yahoo! DE Slurp; http://help.yahoo.com/help/us/ysearch/slurp)"
74.6.76.45 - - [08/Dec/2008:07:10:46 -0500] "GET /toastpointtoc.html HTTP/1.0" 200 1188 "-" "Mozilla/5.0 (compatible; Yahoo! DE Slurp; http://help.yahoo.com/help/us/ysearch/slurp)"
74.6.76.45 - - [08/Dec/2008:07:10:47 -0500] "GET /news.html HTTP/1.0" 200 17577 "-" "Mozilla/5.0 (compatible; Yahoo! DE Slurp; http://help.yahoo.com/help/us/ysearch/slurp)"
74.6.76.45 - - [08/Dec/2008:07:10:48 -0500] "GET /toastpointtopright.html HTTP/1.0" 200 151 "-" "Mozilla/5.0 (compatible; Yahoo! DE Slurp; http://help.yahoo.com/help/us/ysearch/slurp)"
74.6.76.45 - - [08/Dec/2008:07:10:49 -0500] "GET /tpnews.html HTTP/1.0" 200 8004 "-" "Mozilla/5.0 (compatible; Yahoo! DE Slurp; http://help.yahoo.com/help/us/ysearch/slurp)"
216.171.98.77 - - [08/Dec/2008:07:22:19 -0500] "GET /limerick/nice299.html HTTP/1.0" 200 28130 "-" "Mozilla/5.0 (X11; U; Linux i686; en-US; rv:1.7.5) Gecko/20041107 Firefox/1.0"
66.249.72.205 - - [08/Dec/2008:07:24:56 -0500] "GET /travel/novascotia-pei2005.html HTTP/1.1" 200 735 "-" "Mozilla/5.0 (compatible; Googlebot/2.1; +http://www.google.com/bot.html)"
208.111.154.15 - - [08/Dec/2008:07:39:21 -0500] "GET /robots.txt HTTP/1.0" 404 693 "-" "Mozilla/5.0 (compatible; Charlotte/1.1; http://www.searchme.com/support/)"
124.115.10.193 - - [08/Dec/2008:07:43:57 -0500] "GET / HTTP/1.1" 200 464 "http://www.toastpoint.com/" "Mozilla/4.0 (compatible; MSIE 6.0; Windows NT 5.1)"
124.115.10.193 - - [08/Dec/2008:07:44:11 -0500] "GET /toastpointtopleft.html HTTP/1.1" 200 162 "http://www.toastpoint.com/toastpointtopleft.html" "Mozilla/4.0 (compatible; MSIE 6.0; Windows NT 5.1)"
124.115.10.193 - - [08/Dec/2008:07:44:15 -0500] "GET /toastpointtoc.html HTTP/1.1" 200 1188 "http://www.toastpoint.com/toastpointtoc.html" "Mozilla/4.0 (compatible; MSIE 6.0; Windows NT 5.1)"
124.115.10.193 - - [08/Dec/2008:07:44:17 -0500] "GET /news.html HTTP/1.1" 200 17577 "http://www.toastpoint.com/news.html" "Mozilla/4.0 (compatible; MSIE 6.0; Windows NT 5.1)"
124.115.10.193 - - [08/Dec/2008:07:44:21 -0500] "GET /toastpointtopright.html HTTP/1.1" 200 151 "http://www.toastpoint.com/toastpointtopright.html" "Mozilla/4.0 (compatible; MSIE 6.0; Windows NT 5.1)"
124.115.10.193 - - [08/Dec/2008:07:44:23 -0500] "GET /tpnews.html HTTP/1.1" 200 8004 "http://www.toastpoint.com/tpnews.html" "Mozilla/4.0 (compatible; MSIE 6.0; Windows NT 5.1)"
193.61.19.46 - - [08/Dec/2008:08:33:27 -0500] "GET /gifs/nakedman.gif HTTP/1.1" 200 7734 "http://www.toastpoint.com/limerick/naut199.html" "Mozilla/4.0 (compatible; MSIE 6.0; Windows NT 5.1; SV1; .NET CLR 1.1.4322; .NET CLR 2.0.50727)"
193.61.19.46 - - [08/Dec/2008:08:33:27 -0500] "GET /gifs/boobies.gif HTTP/1.1" 200 11144 "http://www.toastpoint.com/limerick/naut199.html" "Mozilla/4.0 (compatible; MSIE 6.0; Windows NT 5.1; SV1; .NET CLR 1.1.4322; .NET CLR 2.0.50727)"
193.61.19.46 - - [08/Dec/2008:08:33:27 -0500] "GET /gifs/goldstar.jpg HTTP/1.1" 200 1854 "http://www.toastpoint.com/limerick/naut199.html" "Mozilla/4.0 (compatible; MSIE 6.0; Windows NT 5.1; SV1; .NET CLR 1.1.4322; .NET CLR 2.0.50727)"
193.61.19.46 - - [08/Dec/2008:08:33:27 -0500] "GET /limerick/naut199.html HTTP/1.1" 200 34481 "http://www.google.com/search?hl=en&q=naughty+Limericks" "Mozilla/4.0 (compatible; MSIE 6.0; Windows NT 5.1; SV1; .NET CLR 1.1.4322; .NET CLR 2.0.50727)"
208.111.154.16 - - [08/Dec/2008:08:33:56 -0500] "GET /robots.txt HTTP/1.0" 404 693 "-" "Mozilla/5.0 (compatible; Charlotte/1.1; http://www.searchme.com/support/)"
208.111.154.16 - - [08/Dec/2008:08:34:15 -0500] "GET /haiku/1997/haik1997.html HTTP/1.1" 200 2138 "-" "Mozilla/5.0 (compatible; Charlotte/1.1; http://www.searchme.com/support/)"
66.249.72.205 - - [08/Dec/2008:08:39:41 -0500] "GET /haiku/1996/haik1996.html HTTP/1.1" 200 1887 "-" "Mozilla/5.0 (compatible; Googlebot/2.1; +http://www.google.com/bot.html)"
71.193.121.252 - - [08/Dec/2008:08:58:48 -0500] "GET http://www.toastpoint.com/ HTTP/1.0" 200 464 "-" "Mozilla/4.0 (compatible; MSIE 7.0b; Windows NT 6.0)"
124.82.253.49 - - [08/Dec/2008:09:01:14 -0500] "GET /gifs/japan.gif HTTP/1.0" 200 5737 "http://www.toastpoint.com/haiku/haiku399.html" "Mozilla/5.0 (Windows; U; Windows NT 5.1; en-US; rv:1.8.1.11) Gecko/20071127 Firefox/2.0.0.11"
124.82.253.49 - - [08/Dec/2008:09:01:10 -0500] "GET /haiku/haiku399.html HTTP/1.0" 200 75208 "http://www.google.com.my/search?hl=en&q=chan+broad+spec+drench+for+deworming&btnG=Search&meta=" "Mozilla/5.0 (Windows; U; Windows NT 5.1; en-US; rv:1.8.1.11) Gecko/20071127 Firefox/2.0.0.11"
124.82.253.49 - - [08/Dec/2008:09:01:18 -0500] "GET /gifs/goldstar.jpg HTTP/1.0" 200 1854 "http://www.toastpoint.com/haiku/haiku399.html" "Mozilla/5.0 (Windows; U; Windows NT 5.1; en-US; rv:1.8.1.11) Gecko/20071127 Firefox/2.0.0.11"
124.82.253.193 - - [08/Dec/2008:09:01:27 -0500] "GET /gifs/blank.jpg HTTP/1.0" 200 705 "http://www.toastpoint.com/haiku/haiku399.html" "Mozilla/5.0 (Windows; U; Windows NT 5.1; en-US; rv:1.8.1.11) Gecko/20071127 Firefox/2.0.0.11"
207.73.109.2 - - [08/Dec/2008:09:04:53 -0500] "GET /gifs/boobies.gif HTTP/1.0" 200 11144 "http://www.toastpoint.com/limerick/naut199.html" "Mozilla/4.0 (compatible; MSIE 6.0; Windows NT 5.1; SV1; .NET CLR 1.1.4322; .NET CLR 2.0.50727; .NET CLR 3.0.04506.30; .NET CLR 3.0.04506.648)"
207.73.109.2 - - [08/Dec/2008:09:04:53 -0500] "GET /gifs/nakedman.gif HTTP/1.0" 200 7734 "http://www.toastpoint.com/limerick/naut199.html" "Mozilla/4.0 (compatible; MSIE 6.0; Windows NT 5.1; SV1; .NET CLR 1.1.4322; .NET CLR 2.0.50727; .NET CLR 3.0.04506.30; .NET CLR 3.0.04506.648)"
207.73.109.2 - - [08/Dec/2008:09:04:53 -0500] "GET /gifs/goldstar.jpg HTTP/1.0" 200 1854 "http://www.toastpoint.com/limerick/naut199.html" "Mozilla/4.0 (compatible; MSIE 6.0; Windows NT 5.1; SV1; .NET CLR 1.1.4322; .NET CLR 2.0.50727; .NET CLR 3.0.04506.30; .NET CLR 3.0.04506.648)"
207.73.109.2 - - [08/Dec/2008:09:04:53 -0500] "GET /limerick/naut199.html HTTP/1.0" 200 34481 "http://www.google.com/search?hl=en&sa=X&oi=spell&resnum=0&ct=result&cd=1&q=naughty+Limericks&spell=1" "Mozilla/4.0 (compatible; MSIE 6.0; Windows NT 5.1; SV1; .NET CLR 1.1.4322; .NET CLR 2.0.50727; .NET CLR 3.0.04506.30; .NET CLR 3.0.04506.648)"
208.111.154.15 - - [08/Dec/2008:09:06:30 -0500] "GET /robots.txt HTTP/1.0" 404 693 "-" "Mozilla/5.0 (compatible; Charlotte/1.1; http://www.searchme.com/support/)"
66.249.72.205 - - [08/Dec/2008:09:33:53 -0500] "GET /robots.txt HTTP/1.1" 404 693 "-" "Nokia6820/2.0 (4.83) Profile/MIDP-1.0 Configuration/CLDC-1.0 (compatible; Googlebot-Mobile/2.1; +http://www.google.com/bot.html)"
66.249.72.205 - - [08/Dec/2008:09:33:53 -0500] "GET /haiku/1995/1995.html HTTP/1.1" 200 951 "-" "Nokia6820/2.0 (4.83) Profile/MIDP-1.0 Configuration/CLDC-1.0 (compatible; Googlebot-Mobile/2.1; +http://www.google.com/bot.html)"
208.111.154.16 - - [08/Dec/2008:10:33:37 -0500] "GET /robots.txt HTTP/1.0" 404 693 "-" "Mozilla/5.0 (compatible; Charlotte/1.1; http://www.searchme.com/support/)"
124.115.1.66 - - [08/Dec/2008:10:33:55 -0500] "GET / HTTP/1.1" 200 464 "http://www.toastpoint.com/" "Mozilla/4.0 (compatible; MSIE 6.0; Windows NT 5.1)"
124.115.1.66 - - [08/Dec/2008:10:34:06 -0500] "GET /toastpointtopleft.html HTTP/1.1" 200 162 "http://www.toastpoint.com/toastpointtopleft.html" "Mozilla/4.0 (compatible; MSIE 6.0; Windows NT 5.1)"
124.115.1.66 - - [08/Dec/2008:10:34:07 -0500] "GET /toastpointtoc.html HTTP/1.1" 200 1188 "http://www.toastpoint.com/toastpointtoc.html" "Mozilla/4.0 (compatible; MSIE 6.0; Windows NT 5.1)"
124.115.1.66 - - [08/Dec/2008:10:34:09 -0500] "GET /news.html HTTP/1.1" 200 17577 "http://www.toastpoint.com/news.html" "Mozilla/4.0 (compatible; MSIE 6.0; Windows NT 5.1)"
124.115.1.66 - - [08/Dec/2008:10:34:13 -0500] "GET /toastpointtopright.html HTTP/1.1" 200 151 "http://www.toastpoint.com/toastpointtopright.html" "Mozilla/4.0 (compatible; MSIE 6.0; Windows NT 5.1)"
124.115.1.66 - - [08/Dec/2008:10:34:14 -0500] "GET /tpnews.html HTTP/1.1" 200 8004 "http://www.toastpoint.com/tpnews.html" "Mozilla/4.0 (compatible; MSIE 6.0; Windows NT 5.1)"
75.76.177.234 - - [08/Dec/2008:10:39:50 -0500] "GET /fiction/novels/parkey.html HTTP/1.1" 200 25723 "-" "User-Agent: Mozilla/4.0 (compatible; MSIE 7.0; Windows NT 5.1; .NET CLR 1.0.3705; .NET CLR 1.1.4322; Media Center PC 4.0; .NET CLR 2.0.50727)"
193.47.80.45 - - [08/Dec/2008:10:54:18 -0500] "GET /robots.txt HTTP/1.1" 404 693 "-" "Mozilla/5.0 (compatible; Exabot/3.0; +http://www.exabot.com/go/robot)"
193.47.80.45 - - [08/Dec/2008:10:54:18 -0500] "GET /limerick/1998/naut598.html HTTP/1.1" 200 63665 "-" "Mozilla/5.0 (compatible; Exabot/3.0; +http://www.exabot.com/go/robot)"
66.249.72.205 - - [08/Dec/2008:11:06:17 -0500] "GET /haiku/1998/haik1998.html HTTP/1.1" 200 2178 "-" "Nokia6820/2.0 (4.83) Profile/MIDP-1.0 Configuration/CLDC-1.0 (compatible; Googlebot-Mobile/2.1; +http://www.google.com/bot.html)"
81.52.143.16 - - [08/Dec/2008:11:08:18 -0500] "GET /welcome.html HTTP/1.1" 200 418 "-" "Mozilla/5.0 (Windows; U; Windows NT 5.1; fr; rv:1.8.1) VoilaBot BETA 1.2 (support.voilabot@orange-ftgroup.com)"
93.106.182.236 - - [08/Dec/2008:11:39:32 -0500] "GET /gifs/quill.gif HTTP/1.1" 200 4312 "http://www.toastpoint.com/fiction/fict9596/fict996.html" "Mozilla/4.0 (compatible; MSIE 7.0; Windows NT 6.0; SLCC1; .NET CLR 2.0.50727; Media Center PC 5.0; .NET CLR 3.0.04506)"
93.106.182.236 - - [08/Dec/2008:11:39:33 -0500] "GET /gifs/quill2.gif HTTP/1.1" 200 4300 "http://www.toastpoint.com/fiction/fict9596/fict996.html" "Mozilla/4.0 (compatible; MSIE 7.0; Windows NT 6.0; SLCC1; .NET CLR 2.0.50727; Media Center PC 5.0; .NET CLR 3.0.04506)"
93.106.182.236 - - [08/Dec/2008:11:39:31 -0500] "GET /fiction/fict9596/fict996.html HTTP/1.1" 200 40085 "http://www.google.fi/search?sourceid=navclient&hl=fi&ie=UTF-8&rlz=1T4HPEB_fiFI272FI272&q=tracey+childs+unclothes" "Mozilla/4.0 (compatible; MSIE 7.0; Windows NT 6.0; SLCC1; .NET CLR 2.0.50727; Media Center PC 5.0; .NET CLR 3.0.04506)"
93.106.182.236 - - [08/Dec/2008:11:39:33 -0500] "GET /gifs/goldstar.jpg HTTP/1.1" 200 1854 "http://www.toastpoint.com/fiction/fict9596/fict996.html" "Mozilla/4.0 (compatible; MSIE 7.0; Windows NT 6.0; SLCC1; .NET CLR 2.0.50727; Media Center PC 5.0; .NET CLR 3.0.04506)"
93.106.182.236 - - [08/Dec/2008:11:39:34 -0500] "GET /favicon.ico HTTP/1.1" 404 693 "-" "Mozilla/4.0 (compatible; MSIE 7.0; Windows NT 6.0; SLCC1; .NET CLR 2.0.50727; Media Center PC 5.0; .NET CLR 3.0.04506)"
193.47.80.45 - - [08/Dec/2008:12:47:11 -0500] "GET /limerick/1996/naut796.html HTTP/1.1" 200 9432 "-" "Mozilla/5.0 (compatible; Exabot/3.0; +http://www.exabot.com/go/robot)"
66.249.72.205 - - [08/Dec/2008:12:47:13 -0500] "GET /robots.txt HTTP/1.1" 404 693 "-" "Nokia6820/2.0 (4.83) Profile/MIDP-1.0 Configuration/CLDC-1.0 (compatible; Googlebot-Mobile/2.1; +http://www.google.com/bot.html)"
66.249.72.205 - - [08/Dec/2008:12:47:13 -0500] "GET /haiku/1996/haik1996.html HTTP/1.1" 200 1887 "-" "Nokia6820/2.0 (4.83) Profile/MIDP-1.0 Configuration/CLDC-1.0 (compatible; Googlebot-Mobile/2.1; +http://www.google.com/bot.html)"
66.249.72.205 - - [08/Dec/2008:12:53:20 -0500] "GET /haiku/1997/haik1997.html HTTP/1.1" 200 2138 "-" "Nokia6820/2.0 (4.83) Profile/MIDP-1.0 Configuration/CLDC-1.0 (compatible; Googlebot-Mobile/2.1; +http://www.google.com/bot.html)"
208.111.154.16 - - [08/Dec/2008:13:04:18 -0500] "GET /robots.txt HTTP/1.0" 404 693 "-" "Mozilla/5.0 (compatible; Charlotte/1.1; http://www.searchme.com/support/)"
66.249.72.205 - - [08/Dec/2008:13:04:50 -0500] "GET /limerick/brady/brady96.html HTTP/1.1" 200 6418 "-" "Nokia6820/2.0 (4.83) Profile/MIDP-1.0 Configuration/CLDC-1.0 (compatible; Googlebot-Mobile/2.1; +http://www.google.com/bot.html)"
70.24.143.248 - - [08/Dec/2008:13:22:45 -0500] "GET /gifs/goldstar.jpg HTTP/1.1" 200 1854 "-" "Mozilla/4.0 (compatible; MSIE 7.0; Windows NT 5.1; FunWebProducts; SPOENB/1.0; AntivirXP08; .NET CLR 1.1.4322; SPOENB/1.0)"
66.249.72.205 - - [08/Dec/2008:13:34:07 -0500] "GET /fiction/fict97/fict97.html HTTP/1.1" 200 1536 "-" "Nokia6820/2.0 (4.83) Profile/MIDP-1.0 Configuration/CLDC-1.0 (compatible; Googlebot-Mobile/2.1; +http://www.google.com/bot.html)"
81.52.143.26 - - [08/Dec/2008:13:44:40 -0500] "GET /robots.txt HTTP/1.1" 404 693 "-" "Mozilla/5.0 (Windows; U; Windows NT 5.1; fr; rv:1.8.1) VoilaBot BETA 1.2 (support.voilabot@orange-ftgroup.com)"
81.52.143.26 - - [08/Dec/2008:13:44:52 -0500] "GET /haiku/moral.html HTTP/1.1" 200 4692 "-" "Mozilla/5.0 (Windows; U; Windows NT 5.1; fr; rv:1.8.1) VoilaBot BETA 1.2 (support.voilabot@orange-ftgroup.com)"
208.111.154.15 - - [08/Dec/2008:13:56:42 -0500] "GET /robots.txt HTTP/1.0" 404 693 "-" "Mozilla/5.0 (compatible; Charlotte/1.1; http://www.searchme.com/support/)"
76.216.84.4 - - [08/Dec/2008:14:18:16 -0500] "GET /rapture/rapture.html HTTP/1.0" 200 22564 "http://images.ask.com/fr?q=grand+jury&desturi=http%3A%2F%2Fwww.toastpoint.com%2Frapture%2Frapture.html&fm=i&ac=3&ftURI=http%3A%2F%2Fimages.ask.com%2Ffr%3Fq%3Dgrand%2Bjury%26desturi%3Dhttp%253A%252F%252Fwww.toastpoint.com%252Frapture%252Frapture.html%26imagesrc%3Dhttp%253A%252F%252Fwww.toastpoint.com%252Frapture%252Ftbj-jury.gif%26thumbsrc%3Dhttp%253A%252F%252F66.235.120.64%252Fts%253Ft%253D2656937575207208691%2526pid%253D23296%2526ppid%253D0%26o%3D0%26l%3Ddir%26thumbuselocalisedstatic%3Dfalse%26fn%3Dtbj-jury.gif%26imagewidth%3D250%26imageheight%3D212%26fs%3D3%26ft%3Dgif%26f%3D2%26fm%3Di%26ftbURI%3Dhttp%253A%252F%252Fwww.ask.com%252Fpictures%253Fq%253Dgrand%252Bjury%2526page%253D2%2526o%253D0%2526l%253Ddir%2526pstart%253D6&qt=0" "Mozilla/4.0 (compatible; MSIE 6.0; Windows NT 5.1; SV1; .NET CLR 2.0.50727)"
76.216.84.4 - - [08/Dec/2008:14:18:17 -0500] "GET /rapture/tbj-jury.gif HTTP/1.0" 200 3904 "http://images.ask.com/fr?q=grand+jury&desturi=http%3A%2F%2Fwww.toastpoint.com%2Frapture%2Frapture.html&imagesrc=http%3A%2F%2Fwww.toastpoint.com%2Frapture%2Ftbj-jury.gif&thumbsrc=http%3A%2F%2F66.235.120.64%2Fts%3Ft%3D2656937575207208691%26pid%3D23296%26ppid%3D0&o=0&l=dir&thumbuselocalisedstatic=false&fn=tbj-jury.gif&imagewidth=250&imageheight=212&fs=3&ft=gif&f=2&fm=i&ftbURI=http%3A%2F%2Fwww.ask.com%2Fpictures%3Fq%3Dgrand%2Bjury%26page%3D2%26o%3D0%26l%3Ddir%26pstart%3D6&qt=0&ac=3&ejs=http%3A%2F%2Fimages.ask.com%2Ffr%3Fq%3Dgrand%2Bjury%26desturi%3Dhttp%253A%252F%252Fwww.toastpoint.com%252Frapture%252Frapture.html%26fm%3Di%26ac%3D3%26ftURI%3Dhttp%253A%252F%252Fimages.ask.com%252Ffr%253Fq%253Dgrand%252Bjury%2526desturi%253Dhttp%25253A%25252F%25252Fwww.toastpoint.com%25252Frapture%25252Frapture.html%2526imagesrc%253Dhttp%25253A%25252F%25252Fwww.toastpoint.com%25252Frapture%25252Ftbj-jury.gif%2526thumbsrc%253Dhttp%25253A%25252F%25252F66.235.120.64%25252Fts%25253Ft%25253D2656937575207208691%252526pid%25253D23296%252526ppid%25253D0%2526o%253D0%2526l%253Ddir%2526thumbuselocalisedstatic%253Dfalse%2526fn%253Dtbj-jury.gif%2526imagewidth%253D250%2526imageheight%253D212%2526fs%253D3%2526ft%253Dgif%2526f%253D2%2526fm%253Di%2526ftbURI%253Dhttp%25253A%25252F%25252Fwww.ask.com%25252Fpictures%25253Fq%25253Dgrand%25252Bjury%252526page%25253D2%252526o%25253D0%252526l%25253Ddir%252526pstart%25253D6%26qt%3D0" "Mozilla/4.0 (compatible; MSIE 6.0; Windows NT 5.1; SV1; .NET CLR 2.0.50727)"
76.216.84.4 - - [08/Dec/2008:14:18:44 -0500] "GET /rapture/hms-dick.gif HTTP/1.0" 200 3100 "http://www.toastpoint.com/rapture/rapture.html" "Mozilla/4.0 (compatible; MSIE 6.0; Windows NT 5.1; SV1; .NET CLR 2.0.50727)"
76.216.84.4 - - [08/Dec/2008:14:18:44 -0500] "GET /rapture/sor-well.gif HTTP/1.0" 200 2583 "http://www.toastpoint.com/rapture/rapture.html" "Mozilla/4.0 (compatible; MSIE 6.0; Windows NT 5.1; SV1; .NET CLR 2.0.50727)"
76.216.84.4 - - [08/Dec/2008:14:18:45 -0500] "GET /rapture/pirates.gif HTTP/1.0" 200 4045 "http://www.toastpoint.com/rapture/rapture.html" "Mozilla/4.0 (compatible; MSIE 6.0; Windows NT 5.1; SV1; .NET CLR 2.0.50727)"
76.216.84.4 - - [08/Dec/2008:14:18:45 -0500] "GET /rapture/ida-monk.gif HTTP/1.0" 200 3753 "http://www.toastpoint.com/rapture/rapture.html" "Mozilla/4.0 (compatible; MSIE 6.0; Windows NT 5.1; SV1; .NET CLR 2.0.50727)"
76.216.84.4 - - [08/Dec/2008:14:18:45 -0500] "GET /rapture/mik-lips.gif HTTP/1.0" 200 3352 "http://www.toastpoint.com/rapture/rapture.html" "Mozilla/4.0 (compatible; MSIE 6.0; Windows NT 5.1; SV1; .NET CLR 2.0.50727)"
76.216.84.4 - - [08/Dec/2008:14:18:45 -0500] "GET /rapture/yeo-song.gif HTTP/1.0" 200 2781 "http://www.toastpoint.com/rapture/rapture.html" "Mozilla/4.0 (compatible; MSIE 6.0; Windows NT 5.1; SV1; .NET CLR 2.0.50727)"
76.216.84.4 - - [08/Dec/2008:14:18:45 -0500] "GET /rapture/iolanthe.gif HTTP/1.0" 200 2814 "http://www.toastpoint.com/rapture/rapture.html" "Mozilla/4.0 (compatible; MSIE 6.0; Windows NT 5.1; SV1; .NET CLR 2.0.50727)"
76.216.84.4 - - [08/Dec/2008:14:18:45 -0500] "GET /rapture/bunthorne.gif HTTP/1.0" 200 3137 "http://www.toastpoint.com/rapture/rapture.html" "Mozilla/4.0 (compatible; MSIE 6.0; Windows NT 5.1; SV1; .NET CLR 2.0.50727)"
76.216.84.4 - - [08/Dec/2008:14:18:45 -0500] "GET /rapture/rud-spec.gif HTTP/1.0" 200 2489 "http://www.toastpoint.com/rapture/rapture.html" "Mozilla/4.0 (compatible; MSIE 6.0; Windows NT 5.1; SV1; .NET CLR 2.0.50727)"
76.216.84.4 - - [08/Dec/2008:14:18:45 -0500] "GET /rapture/gon-baby.gif HTTP/1.0" 200 2847 "http://www.toastpoint.com/rapture/rapture.html" "Mozilla/4.0 (compatible; MSIE 6.0; Windows NT 5.1; SV1; .NET CLR 2.0.50727)"
76.216.84.4 - - [08/Dec/2008:14:18:45 -0500] "GET /rapture/uto-look.gif HTTP/1.0" 200 3823 "http://www.toastpoint.com/rapture/rapture.html" "Mozilla/4.0 (compatible; MSIE 6.0; Windows NT 5.1; SV1; .NET CLR 2.0.50727)"
66.249.72.205 - - [08/Dec/2008:14:20:40 -0500] "GET /fiction/fict599.html HTTP/1.1" 200 7512 "-" "Nokia6820/2.0 (4.83) Profile/MIDP-1.0 Configuration/CLDC-1.0 (compatible; Googlebot-Mobile/2.1; +http://www.google.com/bot.html)"
66.235.124.8 - - [08/Dec/2008:14:22:05 -0500] "GET /robots.txt HTTP/1.1" 404 693 "-" "Mozilla/5.0 (compatible; Ask Jeeves/Teoma; +http://about.ask.com/en/docs/about/webmasters.shtml)"
66.235.124.8 - - [08/Dec/2008:14:22:11 -0500] "GET /haiku/haiku399.html HTTP/1.1" 200 75208 "-" "Mozilla/5.0 (compatible; Ask Jeeves/Teoma; +http://about.ask.com/en/docs/about/webmasters.shtml)"
193.252.149.16 - - [08/Dec/2008:14:31:08 -0500] "GET /robots.txt HTTP/1.1" 404 693 "-" "Mozilla/5.0 (Windows; U; Windows NT 5.1; fr; rv:1.8.1) VoilaBot BETA 1.2 (support.voilabot@orange-ftgroup.com)"
193.252.149.16 - - [08/Dec/2008:14:31:23 -0500] "GET /limerick/1996/nice896.html HTTP/1.1" 200 9880 "-" "Mozilla/5.0 (Windows; U; Windows NT 5.1; fr; rv:1.8.1) VoilaBot BETA 1.2 (support.voilabot@orange-ftgroup.com)"
193.252.149.15 - - [08/Dec/2008:15:13:33 -0500] "GET /limerick/1996/lim1996.html HTTP/1.1" 200 2072 "-" "Mozilla/5.0 (Windows; U; Windows NT 5.1; fr; rv:1.8.1) VoilaBot BETA 1.2 (support.voilabot@orange-ftgroup.com)"
64.191.211.54 - - [08/Dec/2008:15:26:20 -0500] "GET /rapture/rapture.html HTTP/1.1" 200 22564 "http://search.yahoo.com/search?p=modified+rapture%21&ei=UTF-8&fr=yfp-t-501&xargs=0&pstart=1&b=41&xa=HUcTtelIV5OryEB6_F0TvQ--,1228854354" "Mozilla/4.0 (compatible; MSIE 7.0; Windows NT 5.1; .NET CLR 1.1.4322; InfoPath.1; .NET CLR 2.0.50727)"
64.191.211.54 - - [08/Dec/2008:15:26:20 -0500] "GET /rapture/tbj-jury.gif HTTP/1.1" 200 3904 "http://www.toastpoint.com/rapture/rapture.html" "Mozilla/4.0 (compatible; MSIE 7.0; Windows NT 5.1; .NET CLR 1.1.4322; InfoPath.1; .NET CLR 2.0.50727)"
64.191.211.54 - - [08/Dec/2008:15:26:20 -0500] "GET /rapture/hms-dick.gif HTTP/1.1" 200 3100 "http://www.toastpoint.com/rapture/rapture.html" "Mozilla/4.0 (compatible; MSIE 7.0; Windows NT 5.1; .NET CLR 1.1.4322; InfoPath.1; .NET CLR 2.0.50727)"
64.191.211.54 - - [08/Dec/2008:15:26:20 -0500] "GET /rapture/sor-well.gif HTTP/1.1" 200 2583 "http://www.toastpoint.com/rapture/rapture.html" "Mozilla/4.0 (compatible; MSIE 7.0; Windows NT 5.1; .NET CLR 1.1.4322; InfoPath.1; .NET CLR 2.0.50727)"
64.191.211.54 - - [08/Dec/2008:15:26:20 -0500] "GET /rapture/bunthorne.gif HTTP/1.1" 200 3137 "http://www.toastpoint.com/rapture/rapture.html" "Mozilla/4.0 (compatible; MSIE 7.0; Windows NT 5.1; .NET CLR 1.1.4322; InfoPath.1; .NET CLR 2.0.50727)"
64.191.211.54 - - [08/Dec/2008:15:26:20 -0500] "GET /rapture/pirates.gif HTTP/1.1" 200 4045 "http://www.toastpoint.com/rapture/rapture.html" "Mozilla/4.0 (compatible; MSIE 7.0; Windows NT 5.1; .NET CLR 1.1.4322; InfoPath.1; .NET CLR 2.0.50727)"
64.191.211.54 - - [08/Dec/2008:15:26:20 -0500] "GET /rapture/iolanthe.gif HTTP/1.1" 200 2814 "http://www.toastpoint.com/rapture/rapture.html" "Mozilla/4.0 (compatible; MSIE 7.0; Windows NT 5.1; .NET CLR 1.1.4322; InfoPath.1; .NET CLR 2.0.50727)"
64.191.211.54 - - [08/Dec/2008:15:26:20 -0500] "GET /rapture/ida-monk.gif HTTP/1.1" 200 3753 "http://www.toastpoint.com/rapture/rapture.html" "Mozilla/4.0 (compatible; MSIE 7.0; Windows NT 5.1; .NET CLR 1.1.4322; InfoPath.1; .NET CLR 2.0.50727)"
64.191.211.54 - - [08/Dec/2008:15:26:20 -0500] "GET /rapture/rud-spec.gif HTTP/1.1" 200 2489 "http://www.toastpoint.com/rapture/rapture.html" "Mozilla/4.0 (compatible; MSIE 7.0; Windows NT 5.1; .NET CLR 1.1.4322; InfoPath.1; .NET CLR 2.0.50727)"
64.191.211.54 - - [08/Dec/2008:15:26:20 -0500] "GET /rapture/mik-lips.gif HTTP/1.1" 200 3352 "http://www.toastpoint.com/rapture/rapture.html" "Mozilla/4.0 (compatible; MSIE 7.0; Windows NT 5.1; .NET CLR 1.1.4322; InfoPath.1; .NET CLR 2.0.50727)"
64.191.211.54 - - [08/Dec/2008:15:26:21 -0500] "GET /rapture/yeo-song.gif HTTP/1.1" 200 2781 "http://www.toastpoint.com/rapture/rapture.html" "Mozilla/4.0 (compatible; MSIE 7.0; Windows NT 5.1; .NET CLR 1.1.4322; InfoPath.1; .NET CLR 2.0.50727)"
64.191.211.54 - - [08/Dec/2008:15:26:21 -0500] "GET /rapture/gon-baby.gif HTTP/1.1" 200 2847 "http://www.toastpoint.com/rapture/rapture.html" "Mozilla/4.0 (compatible; MSIE 7.0; Windows NT 5.1; .NET CLR 1.1.4322; InfoPath.1; .NET CLR 2.0.50727)"
64.191.211.54 - - [08/Dec/2008:15:26:21 -0500] "GET /rapture/uto-look.gif HTTP/1.1" 200 3823 "http://www.toastpoint.com/rapture/rapture.html" "Mozilla/4.0 (compatible; MSIE 7.0; Windows NT 5.1; .NET CLR 1.1.4322; InfoPath.1; .NET CLR 2.0.50727)"
64.191.211.54 - - [08/Dec/2008:15:26:21 -0500] "GET /favicon.ico HTTP/1.1" 404 693 "-" "Mozilla/4.0 (compatible; MSIE 7.0; Windows NT 5.1; .NET CLR 1.1.4322; InfoPath.1; .NET CLR 2.0.50727)"
75.73.61.244 - - [08/Dec/2008:15:34:10 -0500] "GET / HTTP/1.1" 200 919088 "-" "Mozilla/4.0 (compatible; MSIE 7.0; Windows NT 5.1; Comcast Install 1.0; .NET CLR 1.1.4322; .NET CLR 2.0.50727; InfoPath.2; .NET CLR 3.0.04506.30; Zango 10.3.75.0)"
75.73.61.244 - - [08/Dec/2008:15:34:12 -0500] "GET /index_files/image001.gif HTTP/1.1" 200 1409 "http://www.charleskeiser.com/" "Mozilla/4.0 (compatible; MSIE 7.0; Windows NT 5.1; Comcast Install 1.0; .NET CLR 1.1.4322; .NET CLR 2.0.50727; InfoPath.2; .NET CLR 3.0.04506.30; Zango 10.3.75.0)"
75.73.61.244 - - [08/Dec/2008:15:34:12 -0500] "GET /index_files/image005.jpg HTTP/1.1" 200 3222 "-" "Mozilla/4.0 (compatible; MSIE 7.0; Windows NT 5.1; Comcast Install 1.0; .NET CLR 1.1.4322; .NET CLR 2.0.50727; InfoPath.2; .NET CLR 3.0.04506.30; Zango 10.3.75.0)"
75.73.61.244 - - [08/Dec/2008:15:34:12 -0500] "GET /index_files/image006.png HTTP/1.1" 200 4445 "-" "Mozilla/4.0 (compatible; MSIE 7.0; Windows NT 5.1; Comcast Install 1.0; .NET CLR 1.1.4322; .NET CLR 2.0.50727; InfoPath.2; .NET CLR 3.0.04506.30; Zango 10.3.75.0)"
75.73.61.244 - - [08/Dec/2008:15:34:12 -0500] "GET /index_files/image009.wmz HTTP/1.1" 200 197 "-" "Mozilla/4.0 (compatible; MSIE 7.0; Windows NT 5.1; Comcast Install 1.0; .NET CLR 1.1.4322; .NET CLR 2.0.50727; InfoPath.2; .NET CLR 3.0.04506.30; Zango 10.3.75.0)"
75.73.61.244 - - [08/Dec/2008:15:34:12 -0500] "GET /favicon.ico HTTP/1.1" 404 693 "-" "Mozilla/4.0 (compatible; MSIE 7.0; Windows NT 5.1; Comcast Install 1.0; .NET CLR 1.1.4322; .NET CLR 2.0.50727; InfoPath.2; .NET CLR 3.0.04506.30; Zango 10.3.75.0)"
75.73.61.244 - - [08/Dec/2008:15:34:12 -0500] "GET /index_files/image011.jpg HTTP/1.1" 200 158770 "-" "Mozilla/4.0 (compatible; MSIE 7.0; Windows NT 5.1; Comcast Install 1.0; .NET CLR 1.1.4322; .NET CLR 2.0.50727; InfoPath.2; .NET CLR 3.0.04506.30; Zango 10.3.75.0)"
75.73.61.244 - - [08/Dec/2008:15:34:27 -0500] "GET /index_files/image009.wmz HTTP/1.1" 304 - "-" "Mozilla/4.0 (compatible; MSIE 7.0; Windows NT 5.1; Comcast Install 1.0; .NET CLR 1.1.4322; .NET CLR 2.0.50727; InfoPath.2; .NET CLR 3.0.04506.30; Zango 10.3.75.0)"
75.73.61.244 - - [08/Dec/2008:15:34:26 -0500] "GET /index_files/page0001.html HTTP/1.1" 200 156190 "http://www.charleskeiser.com/" "Mozilla/4.0 (compatible; MSIE 7.0; Windows NT 5.1; Comcast Install 1.0; .NET CLR 1.1.4322; .NET CLR 2.0.50727; InfoPath.2; .NET CLR 3.0.04506.30; Zango 10.3.75.0)"
75.73.61.244 - - [08/Dec/2008:15:34:27 -0500] "GET /index_files/image006.png HTTP/1.1" 304 - "-" "Mozilla/4.0 (compatible; MSIE 7.0; Windows NT 5.1; Comcast Install 1.0; .NET CLR 1.1.4322; .NET CLR 2.0.50727; InfoPath.2; .NET CLR 3.0.04506.30; Zango 10.3.75.0)"
75.73.61.244 - - [08/Dec/2008:15:34:27 -0500] "GET /index_files/image019.jpg HTTP/1.1" 200 42027 "-" "Mozilla/4.0 (compatible; MSIE 7.0; Windows NT 5.1; Comcast Install 1.0; .NET CLR 1.1.4322; .NET CLR 2.0.50727; InfoPath.2; .NET CLR 3.0.04506.30; Zango 10.3.75.0)"
75.73.61.244 - - [08/Dec/2008:15:34:38 -0500] "GET /index_files/image009.wmz HTTP/1.1" 304 - "-" "Mozilla/4.0 (compatible; MSIE 7.0; Windows NT 5.1; Comcast Install 1.0; .NET CLR 1.1.4322; .NET CLR 2.0.50727; InfoPath.2; .NET CLR 3.0.04506.30; Zango 10.3.75.0)"
75.73.61.244 - - [08/Dec/2008:15:34:37 -0500] "GET /index_files/page0002.html HTTP/1.1" 200 151555 "http://www.charleskeiser.com/index_files/page0001.html" "Mozilla/4.0 (compatible; MSIE 7.0; Windows NT 5.1; Comcast Install 1.0; .NET CLR 1.1.4322; .NET CLR 2.0.50727; InfoPath.2; .NET CLR 3.0.04506.30; Zango 10.3.75.0)"
75.73.61.244 - - [08/Dec/2008:15:34:38 -0500] "GET /index_files/image006.png HTTP/1.1" 304 - "-" "Mozilla/4.0 (compatible; MSIE 7.0; Windows NT 5.1; Comcast Install 1.0; .NET CLR 1.1.4322; .NET CLR 2.0.50727; InfoPath.2; .NET CLR 3.0.04506.30; Zango 10.3.75.0)"
75.73.61.244 - - [08/Dec/2008:15:34:38 -0500] "GET /index_files/image026.jpg HTTP/1.1" 200 189417 "-" "Mozilla/4.0 (compatible; MSIE 7.0; Windows NT 5.1; Comcast Install 1.0; .NET CLR 1.1.4322; .NET CLR 2.0.50727; InfoPath.2; .NET CLR 3.0.04506.30; Zango 10.3.75.0)"
75.73.61.244 - - [08/Dec/2008:15:34:42 -0500] "GET /index_files/image009.wmz HTTP/1.1" 304 - "-" "Mozilla/4.0 (compatible; MSIE 7.0; Windows NT 5.1; Comcast Install 1.0; .NET CLR 1.1.4322; .NET CLR 2.0.50727; InfoPath.2; .NET CLR 3.0.04506.30; Zango 10.3.75.0)"
75.73.61.244 - - [08/Dec/2008:15:34:42 -0500] "GET /index_files/page0003.html HTTP/1.1" 200 224762 "http://www.charleskeiser.com/index_files/page0002.html" "Mozilla/4.0 (compatible; MSIE 7.0; Windows NT 5.1; Comcast Install 1.0; .NET CLR 1.1.4322; .NET CLR 2.0.50727; InfoPath.2; .NET CLR 3.0.04506.30; Zango 10.3.75.0)"
75.73.61.244 - - [08/Dec/2008:15:34:42 -0500] "GET /index_files/image006.png HTTP/1.1" 304 - "-" "Mozilla/4.0 (compatible; MSIE 7.0; Windows NT 5.1; Comcast Install 1.0; .NET CLR 1.1.4322; .NET CLR 2.0.50727; InfoPath.2; .NET CLR 3.0.04506.30; Zango 10.3.75.0)"
75.73.61.244 - - [08/Dec/2008:15:34:47 -0500] "GET /index_files/page0010.html HTTP/1.1" 200 135290 "http://www.charleskeiser.com/index_files/page0003.html" "Mozilla/4.0 (compatible; MSIE 7.0; Windows NT 5.1; Comcast Install 1.0; .NET CLR 1.1.4322; .NET CLR 2.0.50727; InfoPath.2; .NET CLR 3.0.04506.30; Zango 10.3.75.0)"
75.73.61.244 - - [08/Dec/2008:15:34:48 -0500] "GET /index_files/image009.wmz HTTP/1.1" 304 - "-" "Mozilla/4.0 (compatible; MSIE 7.0; Windows NT 5.1; Comcast Install 1.0; .NET CLR 1.1.4322; .NET CLR 2.0.50727; InfoPath.2; .NET CLR 3.0.04506.30; Zango 10.3.75.0)"
75.73.61.244 - - [08/Dec/2008:15:34:48 -0500] "GET /index_files/image006.png HTTP/1.1" 304 - "-" "Mozilla/4.0 (compatible; MSIE 7.0; Windows NT 5.1; Comcast Install 1.0; .NET CLR 1.1.4322; .NET CLR 2.0.50727; InfoPath.2; .NET CLR 3.0.04506.30; Zango 10.3.75.0)"
75.73.61.244 - - [08/Dec/2008:15:34:48 -0500] "GET /index_files/image057.jpg HTTP/1.1" 200 31704 "-" "Mozilla/4.0 (compatible; MSIE 7.0; Windows NT 5.1; Comcast Install 1.0; .NET CLR 1.1.4322; .NET CLR 2.0.50727; InfoPath.2; .NET CLR 3.0.04506.30; Zango 10.3.75.0)"
75.73.61.244 - - [08/Dec/2008:15:34:53 -0500] "GET /index_files/image009.wmz HTTP/1.1" 304 - "-" "Mozilla/4.0 (compatible; MSIE 7.0; Windows NT 5.1; Comcast Install 1.0; .NET CLR 1.1.4322; .NET CLR 2.0.50727; InfoPath.2; .NET CLR 3.0.04506.30; Zango 10.3.75.0)"
75.73.61.244 - - [08/Dec/2008:15:34:53 -0500] "GET /index_files/image006.png HTTP/1.1" 304 - "-" "Mozilla/4.0 (compatible; MSIE 7.0; Windows NT 5.1; Comcast Install 1.0; .NET CLR 1.1.4322; .NET CLR 2.0.50727; InfoPath.2; .NET CLR 3.0.04506.30; Zango 10.3.75.0)"
75.73.61.244 - - [08/Dec/2008:15:34:54 -0500] "GET /index_files/image009.wmz HTTP/1.1" 304 - "-" "Mozilla/4.0 (compatible; MSIE 7.0; Windows NT 5.1; Comcast Install 1.0; .NET CLR 1.1.4322; .NET CLR 2.0.50727; InfoPath.2; .NET CLR 3.0.04506.30; Zango 10.3.75.0)"
75.73.61.244 - - [08/Dec/2008:15:34:54 -0500] "GET /index_files/image006.png HTTP/1.1" 304 - "-" "Mozilla/4.0 (compatible; MSIE 7.0; Windows NT 5.1; Comcast Install 1.0; .NET CLR 1.1.4322; .NET CLR 2.0.50727; InfoPath.2; .NET CLR 3.0.04506.30; Zango 10.3.75.0)"
75.73.61.244 - - [08/Dec/2008:15:34:54 -0500] "GET /index_files/image026.jpg HTTP/1.1" 304 - "-" "Mozilla/4.0 (compatible; MSIE 7.0; Windows NT 5.1; Comcast Install 1.0; .NET CLR 1.1.4322; .NET CLR 2.0.50727; InfoPath.2; .NET CLR 3.0.04506.30; Zango 10.3.75.0)"
75.73.61.244 - - [08/Dec/2008:15:34:54 -0500] "GET /index_files/image009.wmz HTTP/1.1" 304 - "-" "Mozilla/4.0 (compatible; MSIE 7.0; Windows NT 5.1; Comcast Install 1.0; .NET CLR 1.1.4322; .NET CLR 2.0.50727; InfoPath.2; .NET CLR 3.0.04506.30; Zango 10.3.75.0)"
75.73.61.244 - - [08/Dec/2008:15:34:54 -0500] "GET /index_files/image006.png HTTP/1.1" 304 - "-" "Mozilla/4.0 (compatible; MSIE 7.0; Windows NT 5.1; Comcast Install 1.0; .NET CLR 1.1.4322; .NET CLR 2.0.50727; InfoPath.2; .NET CLR 3.0.04506.30; Zango 10.3.75.0)"
75.73.61.244 - - [08/Dec/2008:15:34:54 -0500] "GET /index_files/image019.jpg HTTP/1.1" 304 - "-" "Mozilla/4.0 (compatible; MSIE 7.0; Windows NT 5.1; Comcast Install 1.0; .NET CLR 1.1.4322; .NET CLR 2.0.50727; InfoPath.2; .NET CLR 3.0.04506.30; Zango 10.3.75.0)"
75.73.61.244 - - [08/Dec/2008:15:34:55 -0500] "GET /index_files/image005.jpg HTTP/1.1" 304 - "-" "Mozilla/4.0 (compatible; MSIE 7.0; Windows NT 5.1; Comcast Install 1.0; .NET CLR 1.1.4322; .NET CLR 2.0.50727; InfoPath.2; .NET CLR 3.0.04506.30; Zango 10.3.75.0)"
75.73.61.244 - - [08/Dec/2008:15:34:55 -0500] "GET /index_files/image006.png HTTP/1.1" 304 - "-" "Mozilla/4.0 (compatible; MSIE 7.0; Windows NT 5.1; Comcast Install 1.0; .NET CLR 1.1.4322; .NET CLR 2.0.50727; InfoPath.2; .NET CLR 3.0.04506.30; Zango 10.3.75.0)"
75.73.61.244 - - [08/Dec/2008:15:34:55 -0500] "GET /index_files/image009.wmz HTTP/1.1" 304 - "-" "Mozilla/4.0 (compatible; MSIE 7.0; Windows NT 5.1; Comcast Install 1.0; .NET CLR 1.1.4322; .NET CLR 2.0.50727; InfoPath.2; .NET CLR 3.0.04506.30; Zango 10.3.75.0)"
75.73.61.244 - - [08/Dec/2008:15:34:55 -0500] "GET /index_files/image011.jpg HTTP/1.1" 304 - "-" "Mozilla/4.0 (compatible; MSIE 7.0; Windows NT 5.1; Comcast Install 1.0; .NET CLR 1.1.4322; .NET CLR 2.0.50727; InfoPath.2; .NET CLR 3.0.04506.30; Zango 10.3.75.0)"
208.111.154.15 - - [08/Dec/2008:15:38:42 -0500] "GET /robots.txt HTTP/1.0" 404 693 "-" "Mozilla/5.0 (compatible; Charlotte/1.1; http://www.searchme.com/support/)"
70.19.185.139 - - [08/Dec/2008:15:45:26 -0500] "GET /limerick/nice299.html HTTP/1.1" 200 28130 "http://www.google.com/search?hl=en&client=safari&rls=en-us&q=skiing+limericks&start=10&sa=N" "Mozilla/5.0 (Macintosh; U; Intel Mac OS X 10_5_5; en-us) AppleWebKit/525.26.2 (KHTML, like Gecko) Version/3.2 Safari/525.26.12"
70.19.185.139 - - [08/Dec/2008:15:45:26 -0500] "GET /gifs/birdumb2.gif HTTP/1.1" 200 4698 "http://www.toastpoint.com/limerick/nice299.html" "Mozilla/5.0 (Macintosh; U; Intel Mac OS X 10_5_5; en-us) AppleWebKit/525.26.2 (KHTML, like Gecko) Version/3.2 Safari/525.26.12"
70.19.185.139 - - [08/Dec/2008:15:45:26 -0500] "GET /gifs/birdumb.gif HTTP/1.1" 200 4704 "http://www.toastpoint.com/limerick/nice299.html" "Mozilla/5.0 (Macintosh; U; Intel Mac OS X 10_5_5; en-us) AppleWebKit/525.26.2 (KHTML, like Gecko) Version/3.2 Safari/525.26.12"
70.19.185.139 - - [08/Dec/2008:15:45:26 -0500] "GET /gifs/goldstar.jpg HTTP/1.1" 200 1854 "http://www.toastpoint.com/limerick/nice299.html" "Mozilla/5.0 (Macintosh; U; Intel Mac OS X 10_5_5; en-us) AppleWebKit/525.26.2 (KHTML, like Gecko) Version/3.2 Safari/525.26.12"
70.19.185.139 - - [08/Dec/2008:15:45:26 -0500] "GET /favicon.ico HTTP/1.1" 404 693 "http://www.toastpoint.com/limerick/nice299.html" "Mozilla/5.0 (Macintosh; U; Intel Mac OS X 10_5_5; en-us) AppleWebKit/525.26.2 (KHTML, like Gecko) Version/3.2 Safari/525.26.12"
