66.235.124.8 - - [05/Mar/2009:00:11:28 -0500] "GET /haiku/1998/haiku398.html HTTP/1.1" 200 47804 "-" "Mozilla/5.0 (compatible; Ask Jeeves/Teoma; +http://about.ask.com/en/docs/about/webmasters.shtml)"
66.235.124.8 - - [05/Mar/2009:00:28:54 -0500] "GET /fiction/novels/peak4.html HTTP/1.1" 200 13115 "-" "Mozilla/5.0 (compatible; Ask Jeeves/Teoma; +http://about.ask.com/en/docs/about/webmasters.shtml)"
66.249.65.226 - - [05/Mar/2009:00:39:56 -0500] "GET /fiction/fict499.html HTTP/1.1" 200 12868 "-" "DoCoMo/2.0 N905i(c100;TB;W24H16) (compatible; Googlebot-Mobile/2.1; +http://www.google.com/bot.html)"
76.27.123.32 - - [05/Mar/2009:00:46:57 -0500] "GET /gifs/nakedman.gif HTTP/1.1" 200 7734 "http://www.toastpoint.com/limerick/naut199.html" "Mozilla/4.0 (compatible; MSIE 6.0; Windows NT 5.0; .NET CLR 1.1.4322; .NET CLR 2.0.50727)"
76.27.123.32 - - [05/Mar/2009:00:46:57 -0500] "GET /gifs/goldstar.jpg HTTP/1.1" 200 1854 "http://www.toastpoint.com/limerick/naut199.html" "Mozilla/4.0 (compatible; MSIE 6.0; Windows NT 5.0; .NET CLR 1.1.4322; .NET CLR 2.0.50727)"
76.27.123.32 - - [05/Mar/2009:00:46:57 -0500] "GET /gifs/boobies.gif HTTP/1.1" 200 11144 "http://www.toastpoint.com/limerick/naut199.html" "Mozilla/4.0 (compatible; MSIE 6.0; Windows NT 5.0; .NET CLR 1.1.4322; .NET CLR 2.0.50727)"
76.27.123.32 - - [05/Mar/2009:00:46:57 -0500] "GET /limerick/naut199.html HTTP/1.1" 200 34481 "-" "Mozilla/4.0 (compatible; MSIE 6.0; Windows NT 5.0; .NET CLR 1.1.4322; .NET CLR 2.0.50727)"
66.249.65.229 - - [05/Mar/2009:01:01:05 -0500] "GET /limerick/naut599.html HTTP/1.1" 200 21235 "-" "DoCoMo/2.0 N905i(c100;TB;W24H16) (compatible; Googlebot-Mobile/2.1; +http://www.google.com/bot.html)"
66.249.65.225 - - [05/Mar/2009:01:05:12 -0500] "GET /limerick/naut299.html HTTP/1.1" 200 23095 "-" "DoCoMo/2.0 N905i(c100;TB;W24H16) (compatible; Googlebot-Mobile/2.1; +http://www.google.com/bot.html)"
92.204.20.35 - - [05/Mar/2009:01:07:45 -0500] "GET /favicon.ico HTTP/1.1" 404 693 "-" "Mozilla/4.0 (compatible; MSIE 7.0; Windows NT 5.1)"
92.204.20.35 - - [05/Mar/2009:01:07:45 -0500] "GET /haiku/haiku399.html HTTP/1.1" 200 75208 "-" "Mozilla/4.0 (compatible; MSIE 7.0; Windows NT 5.1)"
92.204.20.35 - - [05/Mar/2009:01:07:46 -0500] "GET /gifs/goldstar.jpg HTTP/1.1" 200 1854 "http://www.toastpoint.com/haiku/haiku399.html" "Mozilla/4.0 (compatible; MSIE 7.0; Windows NT 5.1)"
92.204.20.35 - - [05/Mar/2009:01:07:46 -0500] "GET /gifs/japan.gif HTTP/1.1" 200 5737 "http://www.toastpoint.com/haiku/haiku399.html" "Mozilla/4.0 (compatible; MSIE 7.0; Windows NT 5.1)"
92.204.20.35 - - [05/Mar/2009:01:07:46 -0500] "GET /gifs/blank.jpg HTTP/1.1" 200 705 "http://www.toastpoint.com/haiku/haiku399.html" "Mozilla/4.0 (compatible; MSIE 7.0; Windows NT 5.1)"
66.249.65.235 - - [05/Mar/2009:01:08:06 -0500] "GET /haiku/haiku.html HTTP/1.1" 200 2147 "-" "DoCoMo/2.0 N905i(c100;TB;W24H16) (compatible; Googlebot-Mobile/2.1; +http://www.google.com/bot.html)"
66.235.124.8 - - [05/Mar/2009:01:45:33 -0500] "GET /haiku/haiku199.html HTTP/1.1" 200 34287 "-" "Mozilla/5.0 (compatible; Ask Jeeves/Teoma; +http://about.ask.com/en/docs/about/webmasters.shtml)"
66.249.65.242 - - [05/Mar/2009:02:03:09 -0500] "GET /limerick/naut299.html HTTP/1.1" 200 23095 "-" "SAMSUNG-SGH-E250/1.0 Profile/MIDP-2.0 Configuration/CLDC-1.1 UP.Browser/6.2.3.3.c.1.101 (GUI) MMP/2.0 (compatible; Googlebot-Mobile/2.1; +http://www.google.com/bot.html)"
208.111.154.15 - - [05/Mar/2009:02:09:48 -0500] "GET /robots.txt HTTP/1.1" 404 693 "-" "Mozilla/5.0 (compatible; Charlotte/1.1; http://www.searchme.com/support/)"
208.111.154.15 - - [05/Mar/2009:02:09:48 -0500] "GET /fiction/fict9596/fict196.html HTTP/1.1" 200 12060 "-" "Mozilla/5.0 (compatible; Charlotte/1.1; http://www.searchme.com/support/)"
124.115.10.193 - - [05/Mar/2009:02:15:05 -0500] "GET / HTTP/1.1" 200 464 "http://www.toastpoint.com/" "Mozilla/4.0 (compatible; MSIE 6.0; Windows NT 5.1)"
124.115.10.193 - - [05/Mar/2009:02:15:16 -0500] "GET /toastpointtopleft.html HTTP/1.1" 200 162 "http://www.toastpoint.com/toastpointtopleft.html" "Mozilla/4.0 (compatible; MSIE 6.0; Windows NT 5.1)"
124.115.10.193 - - [05/Mar/2009:02:15:17 -0500] "GET /toastpointtoc.html HTTP/1.1" 200 1188 "http://www.toastpoint.com/toastpointtoc.html" "Mozilla/4.0 (compatible; MSIE 6.0; Windows NT 5.1)"
124.115.10.193 - - [05/Mar/2009:02:15:18 -0500] "GET /news.html HTTP/1.1" 200 17706 "http://www.toastpoint.com/news.html" "Mozilla/4.0 (compatible; MSIE 6.0; Windows NT 5.1)"
124.115.10.193 - - [05/Mar/2009:02:15:20 -0500] "GET /toastpointtopright.html HTTP/1.1" 200 151 "http://www.toastpoint.com/toastpointtopright.html" "Mozilla/4.0 (compatible; MSIE 6.0; Windows NT 5.1)"
124.115.10.193 - - [05/Mar/2009:02:15:21 -0500] "GET /tpnews.html HTTP/1.1" 200 8305 "http://www.toastpoint.com/tpnews.html" "Mozilla/4.0 (compatible; MSIE 6.0; Windows NT 5.1)"
66.235.124.8 - - [05/Mar/2009:02:16:06 -0500] "GET /haiku/1996/haiku396.html HTTP/1.1" 200 17896 "-" "Mozilla/5.0 (compatible; Ask Jeeves/Teoma; +http://about.ask.com/en/docs/about/webmasters.shtml)"
66.249.65.233 - - [05/Mar/2009:02:33:00 -0500] "GET /haiku/1996/haik1996.html HTTP/1.1" 200 1887 "-" "SAMSUNG-SGH-E250/1.0 Profile/MIDP-2.0 Configuration/CLDC-1.1 UP.Browser/6.2.3.3.c.1.101 (GUI) MMP/2.0 (compatible; Googlebot-Mobile/2.1; +http://www.google.com/bot.html)"
66.235.124.8 - - [05/Mar/2009:02:48:12 -0500] "GET /limerick/1996/naut296.html HTTP/1.1" 200 30357 "-" "Mozilla/5.0 (compatible; Ask Jeeves/Teoma; +http://about.ask.com/en/docs/about/webmasters.shtml)"
205.178.184.153 - - [05/Mar/2009:02:48:43 -0500] "HEAD / HTTP/1.1" 200 - "-" "Mozilla/4.0 (compatible; MSIE 7.0; Windows NT 5.1; .NET CLR 1.1.4322; .NET CLR 2.0.50727)"
205.178.184.153 - - [05/Mar/2009:02:49:12 -0500] "GET / HTTP/1.1" 200 919088 "-" "Mozilla/4.0 (compatible; MSIE 6.0; Windows NT 5.2; SV1; .NET CLR 1.1.4322; .NET CLR 2.0.50727)"
66.249.65.233 - - [05/Mar/2009:02:50:12 -0500] "GET /haiku/haik1995/1995.html HTTP/1.1" 404 693 "-" "SAMSUNG-SGH-E250/1.0 Profile/MIDP-2.0 Configuration/CLDC-1.1 UP.Browser/6.2.3.3.c.1.101 (GUI) MMP/2.0 (compatible; Googlebot-Mobile/2.1; +http://www.google.com/bot.html)"
208.36.144.6 - - [05/Mar/2009:02:56:12 -0500] "GET /robots.txt HTTP/1.0" 404 693 "-" "Mozilla/5.0 (Twiceler-0.9 http://www.cuil.com/twiceler/robot.html)"
66.249.65.241 - - [05/Mar/2009:03:00:24 -0500] "GET /fiction/fict499.html HTTP/1.1" 200 12868 "-" "SAMSUNG-SGH-E250/1.0 Profile/MIDP-2.0 Configuration/CLDC-1.1 UP.Browser/6.2.3.3.c.1.101 (GUI) MMP/2.0 (compatible; Googlebot-Mobile/2.1; +http://www.google.com/bot.html)"
66.249.65.237 - - [05/Mar/2009:03:01:43 -0500] "GET /limerick/nice499.html HTTP/1.1" 200 24193 "-" "DoCoMo/2.0 N905i(c100;TB;W24H16) (compatible; Googlebot-Mobile/2.1; +http://www.google.com/bot.html)"
66.249.65.232 - - [05/Mar/2009:03:07:25 -0500] "GET /limerick/nice499.html HTTP/1.1" 200 24193 "-" "SAMSUNG-SGH-E250/1.0 Profile/MIDP-2.0 Configuration/CLDC-1.1 UP.Browser/6.2.3.3.c.1.101 (GUI) MMP/2.0 (compatible; Googlebot-Mobile/2.1; +http://www.google.com/bot.html)"
66.249.65.227 - - [05/Mar/2009:03:11:51 -0500] "GET /limerick/1995/nautnov.html HTTP/1.1" 200 13933 "-" "DoCoMo/2.0 N905i(c100;TB;W24H16) (compatible; Googlebot-Mobile/2.1; +http://www.google.com/bot.html)"
66.249.65.229 - - [05/Mar/2009:03:13:07 -0500] "GET /limerick/1997/nice1197.html HTTP/1.1" 200 19541 "-" "DoCoMo/2.0 N905i(c100;TB;W24H16) (compatible; Googlebot-Mobile/2.1; +http://www.google.com/bot.html)"
66.249.65.235 - - [05/Mar/2009:03:21:33 -0500] "GET /limerick/brady/brady96.html HTTP/1.1" 200 6418 "-" "DoCoMo/2.0 N905i(c100;TB;W24H16) (compatible; Googlebot-Mobile/2.1; +http://www.google.com/bot.html)"
66.249.65.232 - - [05/Mar/2009:03:24:10 -0500] "GET /limerick/docs/formhint.html HTTP/1.1" 200 2522 "-" "DoCoMo/2.0 N905i(c100;TB;W24H16) (compatible; Googlebot-Mobile/2.1; +http://www.google.com/bot.html)"
66.249.65.233 - - [05/Mar/2009:03:26:02 -0500] "GET /haiku/1998/haik1998.html HTTP/1.1" 200 2178 "-" "DoCoMo/2.0 N905i(c100;TB;W24H16) (compatible; Googlebot-Mobile/2.1; +http://www.google.com/bot.html)"
66.249.65.233 - - [05/Mar/2009:03:29:14 -0500] "GET /robots.txt HTTP/1.1" 404 693 "-" "DoCoMo/2.0 N905i(c100;TB;W24H16) (compatible; Googlebot-Mobile/2.1; +http://www.google.com/bot.html)"
66.249.65.241 - - [05/Mar/2009:03:29:14 -0500] "GET /fiction/fict97/fict97.html HTTP/1.1" 200 1536 "-" "DoCoMo/2.0 N905i(c100;TB;W24H16) (compatible; Googlebot-Mobile/2.1; +http://www.google.com/bot.html)"
66.249.65.235 - - [05/Mar/2009:03:33:27 -0500] "GET /fiction/novels/peak.html HTTP/1.1" 200 2410 "-" "DoCoMo/2.0 N905i(c100;TB;W24H16) (compatible; Googlebot-Mobile/2.1; +http://www.google.com/bot.html)"
66.249.65.228 - - [05/Mar/2009:03:53:27 -0500] "GET /fiction/fict97/fict97.html HTTP/1.1" 200 1536 "-" "DoCoMo/2.0 N905i(c100;TB;W24H16) (compatible; Googlebot-Mobile/2.1; +http://www.google.com/bot.html)"
66.249.65.232 - - [05/Mar/2009:03:53:49 -0500] "GET /limerick/1995/niceoct.html HTTP/1.1" 200 5007 "-" "DoCoMo/2.0 N905i(c100;TB;W24H16) (compatible; Googlebot-Mobile/2.1; +http://www.google.com/bot.html)"
66.249.65.230 - - [05/Mar/2009:03:55:53 -0500] "GET /haiku/1995/haikusep.html HTTP/1.1" 200 5645 "-" "DoCoMo/2.0 N905i(c100;TB;W24H16) (compatible; Googlebot-Mobile/2.1; +http://www.google.com/bot.html)"
66.249.65.228 - - [05/Mar/2009:04:04:20 -0500] "GET /limerick/1995/1995.html HTTP/1.1" 200 1428 "-" "DoCoMo/2.0 N905i(c100;TB;W24H16) (compatible; Googlebot-Mobile/2.1; +http://www.google.com/bot.html)"
66.249.65.229 - - [05/Mar/2009:04:04:28 -0500] "GET /haiku/1995/haikuaug.html HTTP/1.1" 200 6373 "-" "DoCoMo/2.0 N905i(c100;TB;W24H16) (compatible; Googlebot-Mobile/2.1; +http://www.google.com/bot.html)"
66.249.65.233 - - [05/Mar/2009:04:07:05 -0500] "GET /haiku/1997/haik1997.html HTTP/1.1" 200 2138 "-" "DoCoMo/2.0 N905i(c100;TB;W24H16) (compatible; Googlebot-Mobile/2.1; +http://www.google.com/bot.html)"
66.249.65.235 - - [05/Mar/2009:04:13:06 -0500] "GET /limerick/brady/brady96.html HTTP/1.1" 200 6418 "-" "SAMSUNG-SGH-E250/1.0 Profile/MIDP-2.0 Configuration/CLDC-1.1 UP.Browser/6.2.3.3.c.1.101 (GUI) MMP/2.0 (compatible; Googlebot-Mobile/2.1; +http://www.google.com/bot.html)"
66.249.65.232 - - [05/Mar/2009:04:15:58 -0500] "GET /limerick/1995/niceoct.html HTTP/1.1" 200 5007 "-" "SAMSUNG-SGH-E250/1.0 Profile/MIDP-2.0 Configuration/CLDC-1.1 UP.Browser/6.2.3.3.c.1.101 (GUI) MMP/2.0 (compatible; Googlebot-Mobile/2.1; +http://www.google.com/bot.html)"
66.249.65.235 - - [05/Mar/2009:04:20:09 -0500] "GET /haiku/1998/haik1998.html HTTP/1.1" 200 2178 "-" "SAMSUNG-SGH-E250/1.0 Profile/MIDP-2.0 Configuration/CLDC-1.1 UP.Browser/6.2.3.3.c.1.101 (GUI) MMP/2.0 (compatible; Googlebot-Mobile/2.1; +http://www.google.com/bot.html)"
66.249.65.228 - - [05/Mar/2009:04:27:00 -0500] "GET /haiku/1995/haikusep.html HTTP/1.1" 200 5645 "-" "SAMSUNG-SGH-E250/1.0 Profile/MIDP-2.0 Configuration/CLDC-1.1 UP.Browser/6.2.3.3.c.1.101 (GUI) MMP/2.0 (compatible; Googlebot-Mobile/2.1; +http://www.google.com/bot.html)"
66.249.65.231 - - [05/Mar/2009:04:28:07 -0500] "GET /limerick/brady/brady97.html HTTP/1.1" 200 10474 "-" "SAMSUNG-SGH-E250/1.0 Profile/MIDP-2.0 Configuration/CLDC-1.1 UP.Browser/6.2.3.3.c.1.101 (GUI) MMP/2.0 (compatible; Googlebot-Mobile/2.1; +http://www.google.com/bot.html)"
66.249.65.240 - - [05/Mar/2009:04:32:59 -0500] "GET /limerick/1998/lim1998.html HTTP/1.1" 200 2041 "-" "SAMSUNG-SGH-E250/1.0 Profile/MIDP-2.0 Configuration/CLDC-1.1 UP.Browser/6.2.3.3.c.1.101 (GUI) MMP/2.0 (compatible; Googlebot-Mobile/2.1; +http://www.google.com/bot.html)"
66.249.65.235 - - [05/Mar/2009:04:34:50 -0500] "GET /limerick/1997/nice1197.html HTTP/1.1" 200 19541 "-" "SAMSUNG-SGH-E250/1.0 Profile/MIDP-2.0 Configuration/CLDC-1.1 UP.Browser/6.2.3.3.c.1.101 (GUI) MMP/2.0 (compatible; Googlebot-Mobile/2.1; +http://www.google.com/bot.html)"
66.249.65.232 - - [05/Mar/2009:04:38:55 -0500] "GET /fiction/novels/peak.html HTTP/1.1" 200 2410 "-" "SAMSUNG-SGH-E250/1.0 Profile/MIDP-2.0 Configuration/CLDC-1.1 UP.Browser/6.2.3.3.c.1.101 (GUI) MMP/2.0 (compatible; Googlebot-Mobile/2.1; +http://www.google.com/bot.html)"
208.80.195.47 - - [05/Mar/2009:04:41:32 -0500] "GET / HTTP/1.0" 200 464 "-" "Mozilla/4.0 (compatible; MSIE 6.0; Windows NT 5.1; SV1; FunWebProducts; Tablet PC 1.7; .NET CLR 1.0.3705)"
66.249.65.225 - - [05/Mar/2009:04:43:21 -0500] "GET /limerick/1995/1995.html HTTP/1.1" 200 1428 "-" "SAMSUNG-SGH-E250/1.0 Profile/MIDP-2.0 Configuration/CLDC-1.1 UP.Browser/6.2.3.3.c.1.101 (GUI) MMP/2.0 (compatible; Googlebot-Mobile/2.1; +http://www.google.com/bot.html)"
66.249.65.225 - - [05/Mar/2009:04:43:35 -0500] "GET /haiku/1995/haikuaug.html HTTP/1.1" 200 6373 "-" "SAMSUNG-SGH-E250/1.0 Profile/MIDP-2.0 Configuration/CLDC-1.1 UP.Browser/6.2.3.3.c.1.101 (GUI) MMP/2.0 (compatible; Googlebot-Mobile/2.1; +http://www.google.com/bot.html)"
72.30.78.231 - - [05/Mar/2009:04:46:14 -0500] "GET /fiction/fict499.html HTTP/1.0" 200 12868 "-" "Mozilla/5.0 (compatible; Yahoo! Slurp/3.0; http://help.yahoo.com/help/us/ysearch/slurp)"
66.249.65.226 - - [05/Mar/2009:04:52:38 -0500] "GET /limerick/1998/lim1998.html HTTP/1.1" 200 2041 "-" "DoCoMo/2.0 N905i(c100;TB;W24H16) (compatible; Googlebot-Mobile/2.1; +http://www.google.com/bot.html)"
66.249.65.241 - - [05/Mar/2009:04:54:08 -0500] "GET /haiku/1997/haik1997.html HTTP/1.1" 200 2138 "-" "SAMSUNG-SGH-E250/1.0 Profile/MIDP-2.0 Configuration/CLDC-1.1 UP.Browser/6.2.3.3.c.1.101 (GUI) MMP/2.0 (compatible; Googlebot-Mobile/2.1; +http://www.google.com/bot.html)"
66.249.65.230 - - [05/Mar/2009:04:58:16 -0500] "GET /fiction/fict97/fict97.html HTTP/1.1" 200 1536 "-" "SAMSUNG-SGH-E250/1.0 Profile/MIDP-2.0 Configuration/CLDC-1.1 UP.Browser/6.2.3.3.c.1.101 (GUI) MMP/2.0 (compatible; Googlebot-Mobile/2.1; +http://www.google.com/bot.html)"
66.249.65.237 - - [05/Mar/2009:05:01:14 -0500] "GET /limerick/docs/formhint.html HTTP/1.1" 200 2522 "-" "SAMSUNG-SGH-E250/1.0 Profile/MIDP-2.0 Configuration/CLDC-1.1 UP.Browser/6.2.3.3.c.1.101 (GUI) MMP/2.0 (compatible; Googlebot-Mobile/2.1; +http://www.google.com/bot.html)"
66.249.65.240 - - [05/Mar/2009:05:01:20 -0500] "GET /fiction/fict97/fict97.html HTTP/1.1" 200 1536 "-" "SAMSUNG-SGH-E250/1.0 Profile/MIDP-2.0 Configuration/CLDC-1.1 UP.Browser/6.2.3.3.c.1.101 (GUI) MMP/2.0 (compatible; Googlebot-Mobile/2.1; +http://www.google.com/bot.html)"
66.249.65.226 - - [05/Mar/2009:05:01:41 -0500] "GET /limerick/brady/brady97.html HTTP/1.1" 200 10474 "-" "DoCoMo/2.0 N905i(c100;TB;W24H16) (compatible; Googlebot-Mobile/2.1; +http://www.google.com/bot.html)"
66.235.124.56 - - [05/Mar/2009:05:12:07 -0500] "GET /robots.txt HTTP/1.0" 404 693 "-" "Mozilla/5.0 (compatible; Ask Jeeves/Teoma; +http://about.ask.com/en/docs/about/webmasters.shtml)"
66.235.124.56 - - [05/Mar/2009:05:12:08 -0500] "GET /limerick/1996/nice496.html HTTP/1.0" 200 15372 "-" "Mozilla/5.0 (compatible; Ask Jeeves/Teoma; +http://about.ask.com/en/docs/about/webmasters.shtml)"
67.195.37.179 - - [05/Mar/2009:05:15:56 -0500] "GET /robots.txt HTTP/1.0" 404 693 "-" "Mozilla/5.0 (compatible; Yahoo! Slurp; http://help.yahoo.com/help/us/ysearch/slurp)"
67.195.37.179 - - [05/Mar/2009:05:15:56 -0500] "GET /haiku/haiku.html HTTP/1.0" 200 2147 "-" "Mozilla/5.0 (compatible; Yahoo! DE Slurp; http://help.yahoo.com/help/us/ysearch/slurp)"
66.249.65.232 - - [05/Mar/2009:05:18:09 -0500] "GET /limerick/1995/nautnov.html HTTP/1.1" 200 13933 "-" "SAMSUNG-SGH-E250/1.0 Profile/MIDP-2.0 Configuration/CLDC-1.1 UP.Browser/6.2.3.3.c.1.101 (GUI) MMP/2.0 (compatible; Googlebot-Mobile/2.1; +http://www.google.com/bot.html)"
72.30.78.231 - - [05/Mar/2009:05:30:30 -0500] "GET /limerick/limerick.html HTTP/1.0" 200 2613 "-" "Mozilla/5.0 (compatible; Yahoo! Slurp/3.0; http://help.yahoo.com/help/us/ysearch/slurp)"
66.249.65.229 - - [05/Mar/2009:05:53:27 -0500] "GET /haiku/1996/haiku696.html HTTP/1.1" 200 9779 "-" "SAMSUNG-SGH-E250/1.0 Profile/MIDP-2.0 Configuration/CLDC-1.1 UP.Browser/6.2.3.3.c.1.101 (GUI) MMP/2.0 (compatible; Googlebot-Mobile/2.1; +http://www.google.com/bot.html)"
66.249.65.233 - - [05/Mar/2009:06:01:36 -0500] "GET /haiku/1996/haik1096.html HTTP/1.1" 404 693 "-" "SAMSUNG-SGH-E250/1.0 Profile/MIDP-2.0 Configuration/CLDC-1.1 UP.Browser/6.2.3.3.c.1.101 (GUI) MMP/2.0 (compatible; Googlebot-Mobile/2.1; +http://www.google.com/bot.html)"
81.52.143.35 - - [05/Mar/2009:06:01:59 -0500] "GET /limerick/docs/formhint.html HTTP/1.1" 200 2522 "-" "Mozilla/5.0 (Windows; U; Windows NT 5.1; fr; rv:1.8.1) VoilaBot BETA 1.2 (support.voilabot@orange-ftgroup.com)"
66.249.65.241 - - [05/Mar/2009:06:03:10 -0500] "GET /haiku/1996/haiku196.html HTTP/1.1" 200 10159 "-" "SAMSUNG-SGH-E250/1.0 Profile/MIDP-2.0 Configuration/CLDC-1.1 UP.Browser/6.2.3.3.c.1.101 (GUI) MMP/2.0 (compatible; Googlebot-Mobile/2.1; +http://www.google.com/bot.html)"
66.249.65.225 - - [05/Mar/2009:06:04:24 -0500] "GET /haiku/1996/haik1196.html HTTP/1.1" 200 14090 "-" "SAMSUNG-SGH-E250/1.0 Profile/MIDP-2.0 Configuration/CLDC-1.1 UP.Browser/6.2.3.3.c.1.101 (GUI) MMP/2.0 (compatible; Googlebot-Mobile/2.1; +http://www.google.com/bot.html)"
66.249.65.226 - - [05/Mar/2009:06:04:31 -0500] "GET /haiku/1996/haiku396.html HTTP/1.1" 200 17896 "-" "SAMSUNG-SGH-E250/1.0 Profile/MIDP-2.0 Configuration/CLDC-1.1 UP.Browser/6.2.3.3.c.1.101 (GUI) MMP/2.0 (compatible; Googlebot-Mobile/2.1; +http://www.google.com/bot.html)"
66.249.65.232 - - [05/Mar/2009:06:17:35 -0500] "GET /haiku/1996/haiku896.html HTTP/1.1" 200 20278 "-" "SAMSUNG-SGH-E250/1.0 Profile/MIDP-2.0 Configuration/CLDC-1.1 UP.Browser/6.2.3.3.c.1.101 (GUI) MMP/2.0 (compatible; Googlebot-Mobile/2.1; +http://www.google.com/bot.html)"
66.249.65.225 - - [05/Mar/2009:06:17:47 -0500] "GET /haiku/1996/bestof96.html HTTP/1.1" 200 17138 "-" "SAMSUNG-SGH-E250/1.0 Profile/MIDP-2.0 Configuration/CLDC-1.1 UP.Browser/6.2.3.3.c.1.101 (GUI) MMP/2.0 (compatible; Googlebot-Mobile/2.1; +http://www.google.com/bot.html)"
66.249.65.226 - - [05/Mar/2009:06:20:41 -0500] "GET /haiku/welcome.html HTTP/1.1" 404 693 "-" "SAMSUNG-SGH-E250/1.0 Profile/MIDP-2.0 Configuration/CLDC-1.1 UP.Browser/6.2.3.3.c.1.101 (GUI) MMP/2.0 (compatible; Googlebot-Mobile/2.1; +http://www.google.com/bot.html)"
66.249.65.237 - - [05/Mar/2009:06:20:54 -0500] "GET /haiku/fiction/fiction.html HTTP/1.1" 404 693 "-" "SAMSUNG-SGH-E250/1.0 Profile/MIDP-2.0 Configuration/CLDC-1.1 UP.Browser/6.2.3.3.c.1.101 (GUI) MMP/2.0 (compatible; Googlebot-Mobile/2.1; +http://www.google.com/bot.html)"
66.249.65.237 - - [05/Mar/2009:06:21:51 -0500] "GET /haiku/1996/haik1296.html HTTP/1.1" 404 693 "-" "SAMSUNG-SGH-E250/1.0 Profile/MIDP-2.0 Configuration/CLDC-1.1 UP.Browser/6.2.3.3.c.1.101 (GUI) MMP/2.0 (compatible; Googlebot-Mobile/2.1; +http://www.google.com/bot.html)"
81.52.143.34 - - [05/Mar/2009:06:35:07 -0500] "GET /limerick/?M=D HTTP/1.1" 403 563 "-" "Mozilla/5.0 (Windows; U; Windows NT 5.1; fr; rv:1.8.1) VoilaBot BETA 1.2 (support.voilabot@orange-ftgroup.com)"
66.249.65.244 - - [05/Mar/2009:06:36:37 -0500] "GET /haiku/1996/haiku496.html HTTP/1.1" 200 19025 "-" "SAMSUNG-SGH-E250/1.0 Profile/MIDP-2.0 Configuration/CLDC-1.1 UP.Browser/6.2.3.3.c.1.101 (GUI) MMP/2.0 (compatible; Googlebot-Mobile/2.1; +http://www.google.com/bot.html)"
63.241.3.51 - - [05/Mar/2009:06:38:04 -0500] "GET /limerick/limerick.html HTTP/1.1" 200 2613 "-" "-"
66.249.65.240 - - [05/Mar/2009:06:40:39 -0500] "GET /haiku/1996/haiku796.html HTTP/1.1" 200 14361 "-" "SAMSUNG-SGH-E250/1.0 Profile/MIDP-2.0 Configuration/CLDC-1.1 UP.Browser/6.2.3.3.c.1.101 (GUI) MMP/2.0 (compatible; Googlebot-Mobile/2.1; +http://www.google.com/bot.html)"
66.249.65.226 - - [05/Mar/2009:06:40:44 -0500] "GET /haiku/limerick/limerick.html HTTP/1.1" 404 693 "-" "SAMSUNG-SGH-E250/1.0 Profile/MIDP-2.0 Configuration/CLDC-1.1 UP.Browser/6.2.3.3.c.1.101 (GUI) MMP/2.0 (compatible; Googlebot-Mobile/2.1; +http://www.google.com/bot.html)"
66.249.65.230 - - [05/Mar/2009:06:42:46 -0500] "GET /haiku/1996/haiku596.html HTTP/1.1" 200 9379 "-" "SAMSUNG-SGH-E250/1.0 Profile/MIDP-2.0 Configuration/CLDC-1.1 UP.Browser/6.2.3.3.c.1.101 (GUI) MMP/2.0 (compatible; Googlebot-Mobile/2.1; +http://www.google.com/bot.html)"
66.249.65.237 - - [05/Mar/2009:06:44:30 -0500] "GET /haiku/1996/haiku996.html HTTP/1.1" 200 14845 "-" "SAMSUNG-SGH-E250/1.0 Profile/MIDP-2.0 Configuration/CLDC-1.1 UP.Browser/6.2.3.3.c.1.101 (GUI) MMP/2.0 (compatible; Googlebot-Mobile/2.1; +http://www.google.com/bot.html)"
66.249.65.240 - - [05/Mar/2009:06:46:32 -0500] "GET /haiku/1996/haiku296.html HTTP/1.1" 200 16138 "-" "SAMSUNG-SGH-E250/1.0 Profile/MIDP-2.0 Configuration/CLDC-1.1 UP.Browser/6.2.3.3.c.1.101 (GUI) MMP/2.0 (compatible; Googlebot-Mobile/2.1; +http://www.google.com/bot.html)"
66.249.65.242 - - [05/Mar/2009:07:00:25 -0500] "GET /limerick/1998/naut598.html HTTP/1.1" 200 63665 "-" "SAMSUNG-SGH-E250/1.0 Profile/MIDP-2.0 Configuration/CLDC-1.1 UP.Browser/6.2.3.3.c.1.101 (GUI) MMP/2.0 (compatible; Googlebot-Mobile/2.1; +http://www.google.com/bot.html)"
66.249.65.233 - - [05/Mar/2009:07:00:33 -0500] "GET /limerick/1998/naut1198.html HTTP/1.1" 200 22126 "-" "SAMSUNG-SGH-E250/1.0 Profile/MIDP-2.0 Configuration/CLDC-1.1 UP.Browser/6.2.3.3.c.1.101 (GUI) MMP/2.0 (compatible; Googlebot-Mobile/2.1; +http://www.google.com/bot.html)"
66.249.65.240 - - [05/Mar/2009:07:00:38 -0500] "GET /fiction/fict97/fict1197.html HTTP/1.1" 200 12283 "-" "SAMSUNG-SGH-E250/1.0 Profile/MIDP-2.0 Configuration/CLDC-1.1 UP.Browser/6.2.3.3.c.1.101 (GUI) MMP/2.0 (compatible; Googlebot-Mobile/2.1; +http://www.google.com/bot.html)"
66.235.124.8 - - [05/Mar/2009:07:02:17 -0500] "GET /fiction/fict97/fict197.html HTTP/1.1" 200 17226 "-" "Mozilla/5.0 (compatible; Ask Jeeves/Teoma; +http://about.ask.com/en/docs/about/webmasters.shtml)"
66.249.65.240 - - [05/Mar/2009:07:03:34 -0500] "GET /haiku/1997/haik1197.html HTTP/1.1" 200 26399 "-" "SAMSUNG-SGH-E250/1.0 Profile/MIDP-2.0 Configuration/CLDC-1.1 UP.Browser/6.2.3.3.c.1.101 (GUI) MMP/2.0 (compatible; Googlebot-Mobile/2.1; +http://www.google.com/bot.html)"
66.249.65.227 - - [05/Mar/2009:07:03:40 -0500] "GET /limerick/1998/nice298.html HTTP/1.1" 200 24359 "-" "SAMSUNG-SGH-E250/1.0 Profile/MIDP-2.0 Configuration/CLDC-1.1 UP.Browser/6.2.3.3.c.1.101 (GUI) MMP/2.0 (compatible; Googlebot-Mobile/2.1; +http://www.google.com/bot.html)"
66.249.65.229 - - [05/Mar/2009:07:03:47 -0500] "GET /limerick/1998/naut298.html HTTP/1.1" 200 48518 "-" "SAMSUNG-SGH-E250/1.0 Profile/MIDP-2.0 Configuration/CLDC-1.1 UP.Browser/6.2.3.3.c.1.101 (GUI) MMP/2.0 (compatible; Googlebot-Mobile/2.1; +http://www.google.com/bot.html)"
66.249.65.232 - - [05/Mar/2009:07:06:19 -0500] "GET /haiku/1997/haiku797.html HTTP/1.1" 200 23929 "-" "SAMSUNG-SGH-E250/1.0 Profile/MIDP-2.0 Configuration/CLDC-1.1 UP.Browser/6.2.3.3.c.1.101 (GUI) MMP/2.0 (compatible; Googlebot-Mobile/2.1; +http://www.google.com/bot.html)"
66.249.65.231 - - [05/Mar/2009:07:09:37 -0500] "GET /haiku/1997/haiku397.html HTTP/1.1" 200 42491 "-" "SAMSUNG-SGH-E250/1.0 Profile/MIDP-2.0 Configuration/CLDC-1.1 UP.Browser/6.2.3.3.c.1.101 (GUI) MMP/2.0 (compatible; Googlebot-Mobile/2.1; +http://www.google.com/bot.html)"
66.249.65.232 - - [05/Mar/2009:07:13:45 -0500] "GET /limerick/1998/naut998.html HTTP/1.1" 200 35543 "-" "SAMSUNG-SGH-E250/1.0 Profile/MIDP-2.0 Configuration/CLDC-1.1 UP.Browser/6.2.3.3.c.1.101 (GUI) MMP/2.0 (compatible; Googlebot-Mobile/2.1; +http://www.google.com/bot.html)"
66.249.65.225 - - [05/Mar/2009:07:14:52 -0500] "GET /limerick/1998/naut198.html HTTP/1.1" 200 38022 "-" "SAMSUNG-SGH-E250/1.0 Profile/MIDP-2.0 Configuration/CLDC-1.1 UP.Browser/6.2.3.3.c.1.101 (GUI) MMP/2.0 (compatible; Googlebot-Mobile/2.1; +http://www.google.com/bot.html)"
66.249.65.240 - - [05/Mar/2009:07:14:53 -0500] "GET /limerick/1998/nice1198.html HTTP/1.1" 200 27306 "-" "SAMSUNG-SGH-E250/1.0 Profile/MIDP-2.0 Configuration/CLDC-1.1 UP.Browser/6.2.3.3.c.1.101 (GUI) MMP/2.0 (compatible; Googlebot-Mobile/2.1; +http://www.google.com/bot.html)"
66.249.65.227 - - [05/Mar/2009:07:15:14 -0500] "GET /limerick/1995/nautaug.html HTTP/1.1" 200 7940 "-" "SAMSUNG-SGH-E250/1.0 Profile/MIDP-2.0 Configuration/CLDC-1.1 UP.Browser/6.2.3.3.c.1.101 (GUI) MMP/2.0 (compatible; Googlebot-Mobile/2.1; +http://www.google.com/bot.html)"
66.249.65.237 - - [05/Mar/2009:07:15:15 -0500] "GET /fiction/fict97/fict1097.html HTTP/1.1" 200 10353 "-" "SAMSUNG-SGH-E250/1.0 Profile/MIDP-2.0 Configuration/CLDC-1.1 UP.Browser/6.2.3.3.c.1.101 (GUI) MMP/2.0 (compatible; Googlebot-Mobile/2.1; +http://www.google.com/bot.html)"
66.249.65.225 - - [05/Mar/2009:07:17:44 -0500] "GET /limerick/1998/nice498.html HTTP/1.1" 200 32863 "-" "SAMSUNG-SGH-E250/1.0 Profile/MIDP-2.0 Configuration/CLDC-1.1 UP.Browser/6.2.3.3.c.1.101 (GUI) MMP/2.0 (compatible; Googlebot-Mobile/2.1; +http://www.google.com/bot.html)"
66.249.65.228 - - [05/Mar/2009:07:22:30 -0500] "GET /haiku/1997/haiku497.html HTTP/1.1" 200 29895 "-" "SAMSUNG-SGH-E250/1.0 Profile/MIDP-2.0 Configuration/CLDC-1.1 UP.Browser/6.2.3.3.c.1.101 (GUI) MMP/2.0 (compatible; Googlebot-Mobile/2.1; +http://www.google.com/bot.html)"
66.249.65.227 - - [05/Mar/2009:07:22:37 -0500] "GET /limerick/1998/naut398.html HTTP/1.1" 200 58324 "-" "SAMSUNG-SGH-E250/1.0 Profile/MIDP-2.0 Configuration/CLDC-1.1 UP.Browser/6.2.3.3.c.1.101 (GUI) MMP/2.0 (compatible; Googlebot-Mobile/2.1; +http://www.google.com/bot.html)"
66.249.65.233 - - [05/Mar/2009:07:22:43 -0500] "GET /limerick/1998/nice198.html HTTP/1.1" 200 25254 "-" "SAMSUNG-SGH-E250/1.0 Profile/MIDP-2.0 Configuration/CLDC-1.1 UP.Browser/6.2.3.3.c.1.101 (GUI) MMP/2.0 (compatible; Googlebot-Mobile/2.1; +http://www.google.com/bot.html)"
66.249.65.230 - - [05/Mar/2009:07:24:01 -0500] "GET /limerick/1995/nautjuly.html HTTP/1.1" 200 3106 "-" "SAMSUNG-SGH-E250/1.0 Profile/MIDP-2.0 Configuration/CLDC-1.1 UP.Browser/6.2.3.3.c.1.101 (GUI) MMP/2.0 (compatible; Googlebot-Mobile/2.1; +http://www.google.com/bot.html)"
66.249.65.228 - - [05/Mar/2009:07:24:08 -0500] "GET /limerick/1995/nautjune.html HTTP/1.1" 200 3274 "-" "SAMSUNG-SGH-E250/1.0 Profile/MIDP-2.0 Configuration/CLDC-1.1 UP.Browser/6.2.3.3.c.1.101 (GUI) MMP/2.0 (compatible; Googlebot-Mobile/2.1; +http://www.google.com/bot.html)"
66.249.65.225 - - [05/Mar/2009:07:28:28 -0500] "GET /limerick/1998/naut1298.html HTTP/1.1" 200 31614 "-" "SAMSUNG-SGH-E250/1.0 Profile/MIDP-2.0 Configuration/CLDC-1.1 UP.Browser/6.2.3.3.c.1.101 (GUI) MMP/2.0 (compatible; Googlebot-Mobile/2.1; +http://www.google.com/bot.html)"
66.249.65.225 - - [05/Mar/2009:07:32:08 -0500] "GET /limerick/1995/nicedec.html HTTP/1.1" 200 13251 "-" "SAMSUNG-SGH-E250/1.0 Profile/MIDP-2.0 Configuration/CLDC-1.1 UP.Browser/6.2.3.3.c.1.101 (GUI) MMP/2.0 (compatible; Googlebot-Mobile/2.1; +http://www.google.com/bot.html)"
66.249.65.240 - - [05/Mar/2009:07:32:15 -0500] "GET /limerick/1998/naut798.html HTTP/1.1" 200 47582 "-" "SAMSUNG-SGH-E250/1.0 Profile/MIDP-2.0 Configuration/CLDC-1.1 UP.Browser/6.2.3.3.c.1.101 (GUI) MMP/2.0 (compatible; Googlebot-Mobile/2.1; +http://www.google.com/bot.html)"
66.249.65.242 - - [05/Mar/2009:07:32:21 -0500] "GET /haiku/1997/haiku597.html HTTP/1.1" 200 30659 "-" "SAMSUNG-SGH-E250/1.0 Profile/MIDP-2.0 Configuration/CLDC-1.1 UP.Browser/6.2.3.3.c.1.101 (GUI) MMP/2.0 (compatible; Googlebot-Mobile/2.1; +http://www.google.com/bot.html)"
66.249.65.231 - - [05/Mar/2009:07:36:29 -0500] "GET /limerick/1998/nice998.html HTTP/1.1" 200 24712 "-" "SAMSUNG-SGH-E250/1.0 Profile/MIDP-2.0 Configuration/CLDC-1.1 UP.Browser/6.2.3.3.c.1.101 (GUI) MMP/2.0 (compatible; Googlebot-Mobile/2.1; +http://www.google.com/bot.html)"
66.249.65.226 - - [05/Mar/2009:07:36:36 -0500] "GET /limerick/1998/naut1098.html HTTP/1.1" 200 29294 "-" "SAMSUNG-SGH-E250/1.0 Profile/MIDP-2.0 Configuration/CLDC-1.1 UP.Browser/6.2.3.3.c.1.101 (GUI) MMP/2.0 (compatible; Googlebot-Mobile/2.1; +http://www.google.com/bot.html)"
66.249.65.232 - - [05/Mar/2009:07:43:57 -0500] "GET /limerick/1998/naut498.html HTTP/1.1" 200 31946 "-" "SAMSUNG-SGH-E250/1.0 Profile/MIDP-2.0 Configuration/CLDC-1.1 UP.Browser/6.2.3.3.c.1.101 (GUI) MMP/2.0 (compatible; Googlebot-Mobile/2.1; +http://www.google.com/bot.html)"
66.249.65.234 - - [05/Mar/2009:07:44:03 -0500] "GET /fiction/fict97/fict997.html HTTP/1.1" 200 4230 "-" "SAMSUNG-SGH-E250/1.0 Profile/MIDP-2.0 Configuration/CLDC-1.1 UP.Browser/6.2.3.3.c.1.101 (GUI) MMP/2.0 (compatible; Googlebot-Mobile/2.1; +http://www.google.com/bot.html)"
66.249.65.239 - - [05/Mar/2009:07:47:12 -0500] "GET /limerick/1998/naut698.html HTTP/1.1" 200 41193 "-" "SAMSUNG-SGH-E250/1.0 Profile/MIDP-2.0 Configuration/CLDC-1.1 UP.Browser/6.2.3.3.c.1.101 (GUI) MMP/2.0 (compatible; Googlebot-Mobile/2.1; +http://www.google.com/bot.html)"
66.249.65.230 - - [05/Mar/2009:07:50:34 -0500] "GET /limerick/1998/nice1298.html HTTP/1.1" 200 22822 "-" "SAMSUNG-SGH-E250/1.0 Profile/MIDP-2.0 Configuration/CLDC-1.1 UP.Browser/6.2.3.3.c.1.101 (GUI) MMP/2.0 (compatible; Googlebot-Mobile/2.1; +http://www.google.com/bot.html)"
66.249.65.231 - - [05/Mar/2009:07:54:15 -0500] "GET /haiku/1997/haiku297.html HTTP/1.1" 200 48218 "-" "SAMSUNG-SGH-E250/1.0 Profile/MIDP-2.0 Configuration/CLDC-1.1 UP.Browser/6.2.3.3.c.1.101 (GUI) MMP/2.0 (compatible; Googlebot-Mobile/2.1; +http://www.google.com/bot.html)"
66.249.65.225 - - [05/Mar/2009:07:54:21 -0500] "GET /limerick/1998/nice1098.html HTTP/1.1" 200 32559 "-" "SAMSUNG-SGH-E250/1.0 Profile/MIDP-2.0 Configuration/CLDC-1.1 UP.Browser/6.2.3.3.c.1.101 (GUI) MMP/2.0 (compatible; Googlebot-Mobile/2.1; +http://www.google.com/bot.html)"
66.249.65.225 - - [05/Mar/2009:07:57:10 -0500] "GET /haiku/1997/haik1097.html HTTP/1.1" 200 24055 "-" "SAMSUNG-SGH-E250/1.0 Profile/MIDP-2.0 Configuration/CLDC-1.1 UP.Browser/6.2.3.3.c.1.101 (GUI) MMP/2.0 (compatible; Googlebot-Mobile/2.1; +http://www.google.com/bot.html)"
66.249.65.231 - - [05/Mar/2009:07:57:18 -0500] "GET /haiku/1997/haiku197.html HTTP/1.1" 200 34967 "-" "SAMSUNG-SGH-E250/1.0 Profile/MIDP-2.0 Configuration/CLDC-1.1 UP.Browser/6.2.3.3.c.1.101 (GUI) MMP/2.0 (compatible; Googlebot-Mobile/2.1; +http://www.google.com/bot.html)"
66.249.65.237 - - [05/Mar/2009:07:57:22 -0500] "GET /limerick/1998/nice698.html HTTP/1.1" 200 24183 "-" "SAMSUNG-SGH-E250/1.0 Profile/MIDP-2.0 Configuration/CLDC-1.1 UP.Browser/6.2.3.3.c.1.101 (GUI) MMP/2.0 (compatible; Googlebot-Mobile/2.1; +http://www.google.com/bot.html)"
66.249.65.230 - - [05/Mar/2009:07:57:30 -0500] "GET /limerick/1998/nice798.html HTTP/1.1" 200 18342 "-" "SAMSUNG-SGH-E250/1.0 Profile/MIDP-2.0 Configuration/CLDC-1.1 UP.Browser/6.2.3.3.c.1.101 (GUI) MMP/2.0 (compatible; Googlebot-Mobile/2.1; +http://www.google.com/bot.html)"
81.52.143.34 - - [05/Mar/2009:08:06:32 -0500] "GET /limerick/1998/nice498.html HTTP/1.1" 200 32863 "-" "Mozilla/5.0 (Windows; U; Windows NT 5.1; fr; rv:1.8.1) VoilaBot BETA 1.2 (support.voilabot@orange-ftgroup.com)"
67.195.37.179 - - [05/Mar/2009:08:10:39 -0500] "GET / HTTP/1.0" 200 464 "-" "Mozilla/5.0 (compatible; Yahoo! DE Slurp; http://help.yahoo.com/help/us/ysearch/slurp)"
67.195.37.179 - - [05/Mar/2009:08:10:39 -0500] "GET /toastpointtopleft.html HTTP/1.0" 200 162 "-" "Mozilla/5.0 (compatible; Yahoo! DE Slurp; http://help.yahoo.com/help/us/ysearch/slurp)"
67.195.37.179 - - [05/Mar/2009:08:10:39 -0500] "GET /toastpointtoc.html HTTP/1.0" 200 1188 "-" "Mozilla/5.0 (compatible; Yahoo! DE Slurp; http://help.yahoo.com/help/us/ysearch/slurp)"
67.195.37.179 - - [05/Mar/2009:08:10:40 -0500] "GET /news.html HTTP/1.0" 200 17706 "-" "Mozilla/5.0 (compatible; Yahoo! DE Slurp; http://help.yahoo.com/help/us/ysearch/slurp)"
67.195.37.179 - - [05/Mar/2009:08:10:41 -0500] "GET /toastpointtopright.html HTTP/1.0" 200 151 "-" "Mozilla/5.0 (compatible; Yahoo! DE Slurp; http://help.yahoo.com/help/us/ysearch/slurp)"
67.195.37.179 - - [05/Mar/2009:08:10:41 -0500] "GET /tpnews.html HTTP/1.0" 200 8305 "-" "Mozilla/5.0 (compatible; Yahoo! DE Slurp; http://help.yahoo.com/help/us/ysearch/slurp)"
205.178.184.153 - - [05/Mar/2009:08:14:20 -0500] "GET / HTTP/1.1" 200 919088 "-" "Mozilla/5.0 (Windows; U; Windows NT 5.1; en-US; rv:1.8.1.12) Gecko/20080201 Firefox/2.0.0.12"
205.178.184.153 - - [05/Mar/2009:08:14:22 -0500] "GET /robots.txt HTTP/1.1" 404 693 "-" "Mozilla/4.0 (compatible; MSIE 6.0; Windows NT 5.2; SV1; .NET CLR 1.1.4322; .NET CLR 2.0.50727)"
66.235.124.8 - - [05/Mar/2009:08:30:43 -0500] "GET /limerick/1995/nautsept.html HTTP/1.1" 200 7977 "-" "Mozilla/5.0 (compatible; Ask Jeeves/Teoma; +http://about.ask.com/en/docs/about/webmasters.shtml)"
193.252.149.16 - - [05/Mar/2009:08:50:19 -0500] "GET /fiction/fiction.html HTTP/1.1" 200 2705 "-" "Mozilla/5.0 (Windows; U; Windows NT 5.1; fr; rv:1.8.1) VoilaBot BETA 1.2 (support.voilabot@orange-ftgroup.com)"
193.252.149.15 - - [05/Mar/2009:08:53:38 -0500] "GET /limerick/1998/nice398.html HTTP/1.1" 200 36584 "-" "Mozilla/5.0 (Windows; U; Windows NT 5.1; fr; rv:1.8.1) VoilaBot BETA 1.2 (support.voilabot@orange-ftgroup.com)"
66.235.124.8 - - [05/Mar/2009:09:03:45 -0500] "GET /writing/pumpkin.html HTTP/1.1" 200 3677 "-" "Mozilla/5.0 (compatible; Ask Jeeves/Teoma; +http://about.ask.com/en/docs/about/webmasters.shtml)"
66.249.65.227 - - [05/Mar/2009:10:11:55 -0500] "GET /robots.txt HTTP/1.1" 404 693 "-" "Googlebot-Image/1.0"
66.249.65.225 - - [05/Mar/2009:10:11:56 -0500] "GET /index_files/image012.jpg HTTP/1.1" 304 - "-" "Googlebot-Image/1.0"
69.74.172.34 - - [05/Mar/2009:10:15:11 -0500] "GET /limerick/nice299.html HTTP/1.1" 200 28130 "http://www.google.com/search?hl=en&q=funny+clean+limericks&revid=1998248971&ei=keqvSe-EI4rGtgeO7OzTBQ&sa=X&oi=revisions_inline&resnum=0&ct=broad-revision&cd=2" "Mozilla/4.0 (compatible; MSIE 7.0; Windows NT 5.1; InfoPath.1; .NET CLR 2.0.50727; .NET CLR 3.0.04506.30; .NET CLR 3.0.04506.648)"
65.55.37.179 - - [05/Mar/2009:10:15:19 -0500] "GET /robots.txt HTTP/1.1" 404 693 "-" "msnbot-media/1.1 (+http://search.msn.com/msnbot.htm)"
65.55.37.179 - - [05/Mar/2009:10:15:20 -0500] "GET / HTTP/1.1" 200 464 "-" "msnbot-media/1.1 (+http://search.msn.com/msnbot.htm)"
66.235.124.8 - - [05/Mar/2009:10:49:52 -0500] "GET / HTTP/1.1" 200 464 "-" "Mozilla/5.0 (compatible; Ask Jeeves/Teoma; +http://about.ask.com/en/docs/about/webmasters.shtml)"
66.235.124.8 - - [05/Mar/2009:10:49:52 -0500] "GET /toastpointtopleft.html HTTP/1.1" 200 162 "-" "Mozilla/5.0 (compatible; Ask Jeeves/Teoma; +http://about.ask.com/en/docs/about/webmasters.shtml)"
66.235.124.8 - - [05/Mar/2009:10:49:52 -0500] "GET /toastpointtoc.html HTTP/1.1" 200 1188 "-" "Mozilla/5.0 (compatible; Ask Jeeves/Teoma; +http://about.ask.com/en/docs/about/webmasters.shtml)"
66.235.124.8 - - [05/Mar/2009:10:49:52 -0500] "GET /news.html HTTP/1.1" 200 17706 "-" "Mozilla/5.0 (compatible; Ask Jeeves/Teoma; +http://about.ask.com/en/docs/about/webmasters.shtml)"
66.235.124.8 - - [05/Mar/2009:10:49:52 -0500] "GET /toastpointtopright.html HTTP/1.1" 200 151 "-" "Mozilla/5.0 (compatible; Ask Jeeves/Teoma; +http://about.ask.com/en/docs/about/webmasters.shtml)"
66.235.124.8 - - [05/Mar/2009:10:49:52 -0500] "GET /tpnews.html HTTP/1.1" 200 8305 "-" "Mozilla/5.0 (compatible; Ask Jeeves/Teoma; +http://about.ask.com/en/docs/about/webmasters.shtml)"
76.211.104.46 - - [05/Mar/2009:10:51:49 -0500] "GET /favicon.ico HTTP/1.1" 404 693 "-" "Mozilla/4.0 (compatible; MSIE 7.0; Windows NT 5.1; YPC 3.0.3; GTB5; .NET CLR 1.1.4322)"
76.211.104.46 - - [05/Mar/2009:10:51:50 -0500] "GET /gifs/nakedman.gif HTTP/1.1" 200 7734 "http://www.toastpoint.com/limerick/naut199.html" "Mozilla/4.0 (compatible; MSIE 7.0; Windows NT 5.1; YPC 3.0.3; GTB5; .NET CLR 1.1.4322)"
76.211.104.46 - - [05/Mar/2009:10:51:50 -0500] "GET /gifs/boobies.gif HTTP/1.1" 200 11144 "http://www.toastpoint.com/limerick/naut199.html" "Mozilla/4.0 (compatible; MSIE 7.0; Windows NT 5.1; YPC 3.0.3; GTB5; .NET CLR 1.1.4322)"
76.211.104.46 - - [05/Mar/2009:10:51:50 -0500] "GET /gifs/goldstar.jpg HTTP/1.1" 200 1854 "http://www.toastpoint.com/limerick/naut199.html" "Mozilla/4.0 (compatible; MSIE 7.0; Windows NT 5.1; YPC 3.0.3; GTB5; .NET CLR 1.1.4322)"
76.211.104.46 - - [05/Mar/2009:10:51:49 -0500] "GET /limerick/naut199.html HTTP/1.1" 200 34481 "-" "Mozilla/4.0 (compatible; MSIE 7.0; Windows NT 5.1; YPC 3.0.3; GTB5; .NET CLR 1.1.4322)"
129.118.64.110 - - [05/Mar/2009:11:06:58 -0500] "GET /favicon.ico HTTP/1.1" 404 693 "-" "Mozilla/4.0 (compatible; MSIE 7.0; Windows NT 5.1; GTB5; InfoPath.2; MS-RTC LM 8)"
129.118.64.110 - - [05/Mar/2009:11:06:59 -0500] "GET /gifs/birdumb2.gif HTTP/1.1" 200 4698 "http://www.toastpoint.com/limerick/1998/nice298.html" "Mozilla/4.0 (compatible; MSIE 7.0; Windows NT 5.1; GTB5; InfoPath.2; MS-RTC LM 8)"
129.118.64.110 - - [05/Mar/2009:11:06:59 -0500] "GET /gifs/birdumb.gif HTTP/1.1" 200 4704 "http://www.toastpoint.com/limerick/1998/nice298.html" "Mozilla/4.0 (compatible; MSIE 7.0; Windows NT 5.1; GTB5; InfoPath.2; MS-RTC LM 8)"
129.118.64.110 - - [05/Mar/2009:11:06:58 -0500] "GET /limerick/1998/nice298.html HTTP/1.1" 200 24359 "-" "Mozilla/4.0 (compatible; MSIE 7.0; Windows NT 5.1; GTB5; InfoPath.2; MS-RTC LM 8)"
129.118.64.110 - - [05/Mar/2009:11:06:59 -0500] "GET /gifs/goldstar.jpg HTTP/1.1" 200 1854 "http://www.toastpoint.com/limerick/1998/nice298.html" "Mozilla/4.0 (compatible; MSIE 7.0; Windows NT 5.1; GTB5; InfoPath.2; MS-RTC LM 8)"
129.118.64.110 - - [05/Mar/2009:11:07:00 -0500] "GET /favicon.ico HTTP/1.1" 404 693 "-" "Mozilla/5.0 (compatible; Google Desktop)"
66.235.124.8 - - [05/Mar/2009:11:17:31 -0500] "GET /haiku/1998/haiku698.html HTTP/1.1" 200 26705 "-" "Mozilla/5.0 (compatible; Ask Jeeves/Teoma; +http://about.ask.com/en/docs/about/webmasters.shtml)"
94.193.195.159 - - [05/Mar/2009:11:28:04 -0500] "GET http://www.toastpoint.com/ HTTP/1.0" 200 464 "-" "Mozilla/4.0 (compatible; MSIE 7.0b; Windows NT 6.0)"
208.111.154.15 - - [05/Mar/2009:11:42:05 -0500] "GET /limerick/1996/naut896.html HTTP/1.1" 200 14574 "-" "Mozilla/5.0 (compatible; Charlotte/1.1; http://www.searchme.com/support/)"
208.80.195.45 - - [05/Mar/2009:12:06:18 -0500] "GET / HTTP/1.0" 200 464 "-" "Mozilla/4.0 (compatible; MSIE 6.0; Windows NT 5.1; {1FD392F3-BD0F-4AA5-87E4-B01F54B0C16C}; YPC 3.0.0; .NET CLR 1.1.4322; InfoPath.1)"
65.55.209.252 - - [05/Mar/2009:12:09:07 -0500] "GET /robots.txt HTTP/1.1" 404 693 "-" "msnbot/1.1 (+http://search.msn.com/msnbot.htm)"
65.55.209.252 - - [05/Mar/2009:12:09:08 -0500] "GET /travel/buxton2006.html HTTP/1.1" 200 1963 "-" "msnbot/1.1 (+http://search.msn.com/msnbot.htm)"
66.235.124.8 - - [05/Mar/2009:12:38:22 -0500] "GET /robots.txt HTTP/1.1" 404 693 "-" "Mozilla/5.0 (compatible; Ask Jeeves/Teoma; +http://about.ask.com/en/docs/about/webmasters.shtml)"
66.235.124.8 - - [05/Mar/2009:12:38:27 -0500] "GET /haiku/1997/haiku597.html HTTP/1.1" 200 30659 "-" "Mozilla/5.0 (compatible; Ask Jeeves/Teoma; +http://about.ask.com/en/docs/about/webmasters.shtml)"
199.89.170.92 - - [05/Mar/2009:12:48:33 -0500] "GET /limerick/limerick.html HTTP/1.1" 200 2613 "http://www.google.com/ie?q=Limerick+contests&hl=en" "Mozilla/4.0 (compatible; MSIE 6.0; Windows NT 5.1; SV1; .NET CLR 1.1.4322; InfoPath.1; MS-RTC LM 8)"
199.89.170.92 - - [05/Mar/2009:12:48:34 -0500] "GET /gifs/birdumb2.gif HTTP/1.1" 200 4698 "http://www.toastpoint.com/limerick/limerick.html" "Mozilla/4.0 (compatible; MSIE 6.0; Windows NT 5.1; SV1; .NET CLR 1.1.4322; InfoPath.1; MS-RTC LM 8)"
199.89.170.92 - - [05/Mar/2009:12:48:34 -0500] "GET /gifs/woman.gif HTTP/1.1" 200 9657 "http://www.toastpoint.com/limerick/limerick.html" "Mozilla/4.0 (compatible; MSIE 6.0; Windows NT 5.1; SV1; .NET CLR 1.1.4322; InfoPath.1; MS-RTC LM 8)"
66.235.124.8 - - [05/Mar/2009:12:48:45 -0500] "GET /haiku/1997/haiku197.html HTTP/1.1" 200 34967 "-" "Mozilla/5.0 (compatible; Ask Jeeves/Teoma; +http://about.ask.com/en/docs/about/webmasters.shtml)"
199.89.170.92 - - [05/Mar/2009:12:49:35 -0500] "GET /limerick/1995/1995.html HTTP/1.1" 200 1428 "http://www.toastpoint.com/limerick/limerick.html" "Mozilla/4.0 (compatible; MSIE 6.0; Windows NT 5.1; SV1; .NET CLR 1.1.4322; InfoPath.1; MS-RTC LM 8)"
199.89.170.92 - - [05/Mar/2009:12:49:37 -0500] "GET /limerick/1995/bestnice.html HTTP/1.1" 200 6154 "http://www.toastpoint.com/limerick/1995/1995.html" "Mozilla/4.0 (compatible; MSIE 6.0; Windows NT 5.1; SV1; .NET CLR 1.1.4322; InfoPath.1; MS-RTC LM 8)"
199.89.170.92 - - [05/Mar/2009:12:49:37 -0500] "GET /gifs/happy.jpg HTTP/1.1" 200 3135 "http://www.toastpoint.com/limerick/1995/bestnice.html" "Mozilla/4.0 (compatible; MSIE 6.0; Windows NT 5.1; SV1; .NET CLR 1.1.4322; InfoPath.1; MS-RTC LM 8)"
199.89.170.92 - - [05/Mar/2009:12:50:33 -0500] "GET /limerick/1995/bestnaut.html HTTP/1.1" 200 10247 "http://www.toastpoint.com/limerick/1995/bestnice.html" "Mozilla/4.0 (compatible; MSIE 6.0; Windows NT 5.1; SV1; .NET CLR 1.1.4322; InfoPath.1; MS-RTC LM 8)"
199.89.170.92 - - [05/Mar/2009:12:50:33 -0500] "GET /gifs/mouthf1.jpg HTTP/1.1" 200 3650 "http://www.toastpoint.com/limerick/1995/bestnaut.html" "Mozilla/4.0 (compatible; MSIE 6.0; Windows NT 5.1; SV1; .NET CLR 1.1.4322; InfoPath.1; MS-RTC LM 8)"
199.89.170.92 - - [05/Mar/2009:12:50:33 -0500] "GET /gifs/banana.jpg HTTP/1.1" 200 4139 "http://www.toastpoint.com/limerick/1995/bestnaut.html" "Mozilla/4.0 (compatible; MSIE 6.0; Windows NT 5.1; SV1; .NET CLR 1.1.4322; InfoPath.1; MS-RTC LM 8)"
199.89.170.92 - - [05/Mar/2009:12:55:28 -0500] "GET /limerick/1996/lim1996.html HTTP/1.1" 200 2072 "http://www.toastpoint.com/limerick/limerick.html" "Mozilla/4.0 (compatible; MSIE 6.0; Windows NT 5.1; SV1; .NET CLR 1.1.4322; InfoPath.1; MS-RTC LM 8)"
199.89.170.92 - - [05/Mar/2009:12:55:35 -0500] "GET /limerick/1996/nice396.html HTTP/1.1" 200 5682 "http://www.toastpoint.com/limerick/1996/lim1996.html" "Mozilla/4.0 (compatible; MSIE 6.0; Windows NT 5.1; SV1; .NET CLR 1.1.4322; InfoPath.1; MS-RTC LM 8)"
199.89.170.92 - - [05/Mar/2009:12:55:36 -0500] "GET /gifs/goldstar.jpg HTTP/1.1" 200 1854 "http://www.toastpoint.com/limerick/1996/nice396.html" "Mozilla/4.0 (compatible; MSIE 6.0; Windows NT 5.1; SV1; .NET CLR 1.1.4322; InfoPath.1; MS-RTC LM 8)"
12.185.246.194 - - [05/Mar/2009:13:04:17 -0500] "GET /favicon.ico HTTP/1.1" 404 693 "-" "Mozilla/4.0 (compatible; MSIE 7.0; Windows NT 5.1; GTB5; .NET CLR 1.1.4322; .NET CLR 2.0.50727; InfoPath.1)"
12.185.246.194 - - [05/Mar/2009:13:04:17 -0500] "GET / HTTP/1.1" 200 464 "-" "Mozilla/4.0 (compatible; MSIE 7.0; Windows NT 5.1; GTB5; .NET CLR 1.1.4322; .NET CLR 2.0.50727; InfoPath.1)"
12.185.246.194 - - [05/Mar/2009:13:04:18 -0500] "GET /toastpointtopleft.html HTTP/1.1" 200 162 "http://www.toastpoint.com/" "Mozilla/4.0 (compatible; MSIE 7.0; Windows NT 5.1; GTB5; .NET CLR 1.1.4322; .NET CLR 2.0.50727; InfoPath.1)"
12.185.246.194 - - [05/Mar/2009:13:04:18 -0500] "GET /toastpointtoc.html HTTP/1.1" 200 1188 "http://www.toastpoint.com/" "Mozilla/4.0 (compatible; MSIE 7.0; Windows NT 5.1; GTB5; .NET CLR 1.1.4322; .NET CLR 2.0.50727; InfoPath.1)"
12.185.246.194 - - [05/Mar/2009:13:04:18 -0500] "GET /toastpointtopright.html HTTP/1.1" 200 151 "http://www.toastpoint.com/" "Mozilla/4.0 (compatible; MSIE 7.0; Windows NT 5.1; GTB5; .NET CLR 1.1.4322; .NET CLR 2.0.50727; InfoPath.1)"
12.185.246.194 - - [05/Mar/2009:13:04:18 -0500] "GET /news.html HTTP/1.1" 200 17706 "http://www.toastpoint.com/" "Mozilla/4.0 (compatible; MSIE 7.0; Windows NT 5.1; GTB5; .NET CLR 1.1.4322; .NET CLR 2.0.50727; InfoPath.1)"
12.185.246.194 - - [05/Mar/2009:13:04:18 -0500] "GET /tpnews.html HTTP/1.1" 200 8305 "http://www.toastpoint.com/" "Mozilla/4.0 (compatible; MSIE 7.0; Windows NT 5.1; GTB5; .NET CLR 1.1.4322; .NET CLR 2.0.50727; InfoPath.1)"
12.185.246.194 - - [05/Mar/2009:13:04:18 -0500] "GET /gifs/tpwinter20089.jpg HTTP/1.1" 200 28088 "http://www.toastpoint.com/news.html" "Mozilla/4.0 (compatible; MSIE 7.0; Windows NT 5.1; GTB5; .NET CLR 1.1.4322; .NET CLR 2.0.50727; InfoPath.1)"
199.89.170.92 - - [05/Mar/2009:13:08:09 -0500] "GET /limerick/1995/nicedec.html HTTP/1.1" 200 13251 "http://www.toastpoint.com/limerick/1995/1995.html" "Mozilla/4.0 (compatible; MSIE 6.0; Windows NT 5.1; SV1; .NET CLR 1.1.4322; InfoPath.1; MS-RTC LM 8)"
199.89.170.92 - - [05/Mar/2009:13:10:56 -0500] "GET /limerick/1995/nicenov.html HTTP/1.1" 200 5429 "http://www.toastpoint.com/limerick/1995/nicedec.html" "Mozilla/4.0 (compatible; MSIE 6.0; Windows NT 5.1; SV1; .NET CLR 1.1.4322; InfoPath.1; MS-RTC LM 8)"
66.235.124.8 - - [05/Mar/2009:13:16:32 -0500] "GET /limerick/1995/nautaug.html HTTP/1.1" 200 7940 "-" "Mozilla/5.0 (compatible; Ask Jeeves/Teoma; +http://about.ask.com/en/docs/about/webmasters.shtml)"
193.252.149.15 - - [05/Mar/2009:13:31:18 -0500] "GET /fiction/fict499.html HTTP/1.1" 200 12868 "-" "Mozilla/5.0 (Windows; U; Windows NT 5.1; fr; rv:1.8.1) VoilaBot BETA 1.2 (support.voilabot@orange-ftgroup.com)"
8.21.4.254 - - [05/Mar/2009:13:34:11 -0500] "GET /limerick/1997/nice1197.html HTTP/1.1" 200 19541 "-" "Mozilla/4.0"
164.58.189.249 - - [05/Mar/2009:13:34:12 -0500] "GET /limerick/1997/nice1197.html HTTP/1.1" 200 19541 "http://www.google.com/search?hl=en&safe=active&q=Milli+Vanilli+sucked&start=10&sa=N" "Mozilla/4.0 (compatible; MSIE 6.0; Windows NT 5.1; SV1; .NET CLR 1.1.4322; .NET CLR 2.0.50727)"
164.58.189.249 - - [05/Mar/2009:13:34:13 -0500] "GET /gifs/goldstar.jpg HTTP/1.1" 200 1854 "http://www.toastpoint.com/limerick/1997/nice1197.html" "Mozilla/4.0 (compatible; MSIE 6.0; Windows NT 5.1; SV1; .NET CLR 1.1.4322; .NET CLR 2.0.50727)"
164.58.189.249 - - [05/Mar/2009:13:34:13 -0500] "GET /gifs/birdumb.gif HTTP/1.1" 200 4704 "http://www.toastpoint.com/limerick/1997/nice1197.html" "Mozilla/4.0 (compatible; MSIE 6.0; Windows NT 5.1; SV1; .NET CLR 1.1.4322; .NET CLR 2.0.50727)"
164.58.189.249 - - [05/Mar/2009:13:34:13 -0500] "GET /gifs/birdumb2.gif HTTP/1.1" 200 4698 "http://www.toastpoint.com/limerick/1997/nice1197.html" "Mozilla/4.0 (compatible; MSIE 6.0; Windows NT 5.1; SV1; .NET CLR 1.1.4322; .NET CLR 2.0.50727)"
164.58.189.249 - - [05/Mar/2009:13:34:13 -0500] "GET /favicon.ico HTTP/1.1" 404 693 "-" "-"
81.52.143.15 - - [05/Mar/2009:13:36:37 -0500] "GET /fiction/fict399.html HTTP/1.1" 200 27729 "-" "Mozilla/5.0 (Windows; U; Windows NT 5.1; fr; rv:1.8.1) VoilaBot BETA 1.2 (support.voilabot@orange-ftgroup.com)"
64.1.215.164 - - [05/Mar/2009:13:37:59 -0500] "GET /robots.txt HTTP/1.0" 404 693 "-" "Mozilla/5.0 (Twiceler-0.9 http://www.cuil.com/twiceler/robot.html)"
208.36.144.8 - - [05/Mar/2009:13:55:02 -0500] "GET /robots.txt HTTP/1.0" 404 693 "-" "Mozilla/5.0 (Twiceler-0.9 http://www.cuil.com/twiceler/robot.html)"
193.252.149.15 - - [05/Mar/2009:13:58:04 -0500] "GET /haiku/haikufrm.html HTTP/1.1" 200 534 "-" "Mozilla/5.0 (Windows; U; Windows NT 5.1; fr; rv:1.8.1) VoilaBot BETA 1.2 (support.voilabot@orange-ftgroup.com)"
194.80.240.66 - - [05/Mar/2009:14:10:17 -0500] "GET /favicon.ico HTTP/1.1" 404 693 "-" "Mozilla/4.0 (compatible; MSIE 7.0; Windows NT 5.1; .NET CLR 1.1.4322; .NET CLR 2.0.50727; InfoPath.2; .NET CLR 3.0.4506.2152; .NET CLR 3.5.30729; Roehampton University; Roehampton University)"
194.80.240.66 - - [05/Mar/2009:14:10:17 -0500] "GET /limerick/1996/naut996.html HTTP/1.1" 200 13852 "-" "Mozilla/4.0 (compatible; MSIE 7.0; Windows NT 5.1; .NET CLR 1.1.4322; .NET CLR 2.0.50727; InfoPath.2; .NET CLR 3.0.4506.2152; .NET CLR 3.5.30729; Roehampton University; Roehampton University)"
194.80.240.66 - - [05/Mar/2009:14:10:17 -0500] "GET /gifs/goldstar.jpg HTTP/1.1" 200 1854 "http://www.toastpoint.com/limerick/1996/naut996.html" "Mozilla/4.0 (compatible; MSIE 7.0; Windows NT 5.1; .NET CLR 1.1.4322; .NET CLR 2.0.50727; InfoPath.2; .NET CLR 3.0.4506.2152; .NET CLR 3.5.30729; Roehampton University; Roehampton University)"
194.80.240.66 - - [05/Mar/2009:14:10:17 -0500] "GET /gifs/mouthf1.jpg HTTP/1.1" 200 3650 "http://www.toastpoint.com/limerick/1996/naut996.html" "Mozilla/4.0 (compatible; MSIE 7.0; Windows NT 5.1; .NET CLR 1.1.4322; .NET CLR 2.0.50727; InfoPath.2; .NET CLR 3.0.4506.2152; .NET CLR 3.5.30729; Roehampton University; Roehampton University)"
194.80.240.66 - - [05/Mar/2009:14:10:17 -0500] "GET /gifs/banana.jpg HTTP/1.1" 200 4139 "http://www.toastpoint.com/limerick/1996/naut996.html" "Mozilla/4.0 (compatible; MSIE 7.0; Windows NT 5.1; .NET CLR 1.1.4322; .NET CLR 2.0.50727; InfoPath.2; .NET CLR 3.0.4506.2152; .NET CLR 3.5.30729; Roehampton University; Roehampton University)"
66.235.124.8 - - [05/Mar/2009:14:27:58 -0500] "GET /ponder.html HTTP/1.1" 200 3441 "-" "Mozilla/5.0 (compatible; Ask Jeeves/Teoma; +http://about.ask.com/en/docs/about/webmasters.shtml)"
147.253.45.121 - - [05/Mar/2009:14:52:14 -0500] "GET /favicon.ico HTTP/1.1" 404 693 "-" "Mozilla/4.0 (compatible; MSIE 7.0; Windows NT 5.1; .NET CLR 1.1.4322)"
147.253.45.121 - - [05/Mar/2009:14:52:14 -0500] "GET /limerick/docs/formhint.html HTTP/1.1" 200 2522 "-" "Mozilla/4.0 (compatible; MSIE 7.0; Windows NT 5.1; .NET CLR 1.1.4322)"
147.253.45.121 - - [05/Mar/2009:14:52:14 -0500] "GET /limerick/gifs/goldstar.jpg HTTP/1.1" 404 693 "http://www.toastpoint.com/limerick/docs/formhint.html" "Mozilla/4.0 (compatible; MSIE 7.0; Windows NT 5.1; .NET CLR 1.1.4322)"
147.253.45.121 - - [05/Mar/2009:14:53:12 -0500] "GET /limerick/limerick.html HTTP/1.1" 200 2613 "http://www.toastpoint.com/limerick/docs/formhint.html" "Mozilla/4.0 (compatible; MSIE 7.0; Windows NT 5.1; .NET CLR 1.1.4322)"
147.253.45.121 - - [05/Mar/2009:14:53:12 -0500] "GET /gifs/birdumb2.gif HTTP/1.1" 200 4698 "http://www.toastpoint.com/limerick/limerick.html" "Mozilla/4.0 (compatible; MSIE 7.0; Windows NT 5.1; .NET CLR 1.1.4322)"
147.253.45.121 - - [05/Mar/2009:14:53:12 -0500] "GET /gifs/woman.gif HTTP/1.1" 200 9657 "http://www.toastpoint.com/limerick/limerick.html" "Mozilla/4.0 (compatible; MSIE 7.0; Windows NT 5.1; .NET CLR 1.1.4322)"
147.253.45.121 - - [05/Mar/2009:14:53:18 -0500] "GET /limerick/gifs/goldstar.jpg HTTP/1.1" 404 693 "http://www.toastpoint.com/limerick/docs/formhint.html" "Mozilla/4.0 (compatible; MSIE 7.0; Windows NT 5.1; .NET CLR 1.1.4322)"
69.64.218.57 - - [05/Mar/2009:14:54:23 -0500] "GET /limerick/1996/nice496.html HTTP/1.1" 200 15372 "http://www.google.com/search?hl=en&q=goodbye+limerick&aq=f&oq=" "Mozilla/4.0 (compatible; MSIE 7.0; Windows NT 5.1; .NET CLR 1.1.4322; .NET CLR 2.0.50727; InfoPath.1)"
