66.249.65.227 - - [06/Mar/2009:16:11:26 -0500] "GET /haiku/1998/haiku498.html HTTP/1.1" 200 33616 "-" "DoCoMo/2.0 N905i(c100;TB;W24H16) (compatible; Googlebot-Mobile/2.1; +http://www.google.com/bot.html)"
66.249.65.226 - - [06/Mar/2009:16:11:27 -0500] "GET /haiku/1998/haiku698.html HTTP/1.1" 200 26705 "-" "DoCoMo/2.0 N905i(c100;TB;W24H16) (compatible; Googlebot-Mobile/2.1; +http://www.google.com/bot.html)"
66.249.65.231 - - [06/Mar/2009:16:11:47 -0500] "GET /limerick/brady/brady99.html HTTP/1.1" 200 7546 "-" "DoCoMo/2.0 N905i(c100;TB;W24H16) (compatible; Googlebot-Mobile/2.1; +http://www.google.com/bot.html)"
66.249.65.231 - - [06/Mar/2009:16:11:50 -0500] "GET /limerick/1995/nicesept.html HTTP/1.1" 200 3676 "-" "DoCoMo/2.0 N905i(c100;TB;W24H16) (compatible; Googlebot-Mobile/2.1; +http://www.google.com/bot.html)"
66.249.65.227 - - [06/Mar/2009:16:11:54 -0500] "GET /fiction/fict98/fict1098.html HTTP/1.1" 200 61601 "-" "DoCoMo/2.0 N905i(c100;TB;W24H16) (compatible; Googlebot-Mobile/2.1; +http://www.google.com/bot.html)"
66.249.65.240 - - [06/Mar/2009:16:12:07 -0500] "GET /limerick/1997/naut297.html HTTP/1.1" 200 31034 "-" "DoCoMo/2.0 N905i(c100;TB;W24H16) (compatible; Googlebot-Mobile/2.1; +http://www.google.com/bot.html)"
66.249.65.229 - - [06/Mar/2009:16:12:17 -0500] "GET /fiction/fict97/fict397.html HTTP/1.1" 200 11668 "-" "DoCoMo/2.0 N905i(c100;TB;W24H16) (compatible; Googlebot-Mobile/2.1; +http://www.google.com/bot.html)"
66.249.65.231 - - [06/Mar/2009:16:12:42 -0500] "GET /fiction/fict97/fict297.html HTTP/1.1" 200 8467 "-" "DoCoMo/2.0 N905i(c100;TB;W24H16) (compatible; Googlebot-Mobile/2.1; +http://www.google.com/bot.html)"
66.249.65.232 - - [06/Mar/2009:16:15:03 -0500] "GET /haiku/1997/haiku197.html HTTP/1.1" 200 34967 "-" "DoCoMo/2.0 N905i(c100;TB;W24H16) (compatible; Googlebot-Mobile/2.1; +http://www.google.com/bot.html)"
66.249.65.233 - - [06/Mar/2009:16:15:03 -0500] "GET /haiku/1997/haik1097.html HTTP/1.1" 200 24055 "-" "DoCoMo/2.0 N905i(c100;TB;W24H16) (compatible; Googlebot-Mobile/2.1; +http://www.google.com/bot.html)"
66.235.124.8 - - [06/Mar/2009:16:15:13 -0500] "GET /limerick/1998/nice1098.html HTTP/1.1" 200 32559 "-" "Mozilla/5.0 (compatible; Ask Jeeves/Teoma; +http://about.ask.com/en/docs/about/webmasters.shtml)"
66.249.65.227 - - [06/Mar/2009:16:15:14 -0500] "GET /limerick/1995/nautmay.html HTTP/1.1" 200 4260 "-" "DoCoMo/2.0 N905i(c100;TB;W24H16) (compatible; Googlebot-Mobile/2.1; +http://www.google.com/bot.html)"
66.249.65.225 - - [06/Mar/2009:16:15:22 -0500] "GET /limerick/docs/fletcher.html HTTP/1.1" 200 5576 "-" "DoCoMo/2.0 N905i(c100;TB;W24H16) (compatible; Googlebot-Mobile/2.1; +http://www.google.com/bot.html)"
66.235.124.8 - - [06/Mar/2009:16:17:20 -0500] "GET /limerick/1997/naut597.html HTTP/1.1" 200 22468 "-" "Mozilla/5.0 (compatible; Ask Jeeves/Teoma; +http://about.ask.com/en/docs/about/webmasters.shtml)"
208.80.195.42 - - [06/Mar/2009:16:19:19 -0500] "GET / HTTP/1.0" 200 464 "-" "Mozilla/4.0 (compatible; MSIE 6.0; Windows NT 5.1; FunWebProducts; .NET CLR 1.1.4322; HbTools 4.7.7)"
66.249.65.239 - - [06/Mar/2009:16:20:17 -0500] "GET /haiku/1998/haik1098.html HTTP/1.1" 200 36006 "-" "DoCoMo/2.0 N905i(c100;TB;W24H16) (compatible; Googlebot-Mobile/2.1; +http://www.google.com/bot.html)"
66.249.65.228 - - [06/Mar/2009:16:20:21 -0500] "GET /limerick/1995/nicenov.html HTTP/1.1" 200 5429 "-" "DoCoMo/2.0 N905i(c100;TB;W24H16) (compatible; Googlebot-Mobile/2.1; +http://www.google.com/bot.html)"
66.249.65.237 - - [06/Mar/2009:16:20:34 -0500] "GET /fiction/fict97/fict297.html HTTP/1.1" 200 8467 "-" "DoCoMo/2.0 N905i(c100;TB;W24H16) (compatible; Googlebot-Mobile/2.1; +http://www.google.com/bot.html)"
66.249.65.229 - - [06/Mar/2009:16:21:23 -0500] "GET /haiku/1997/haiku697.html HTTP/1.1" 200 26478 "-" "DoCoMo/2.0 N905i(c100;TB;W24H16) (compatible; Googlebot-Mobile/2.1; +http://www.google.com/bot.html)"
66.249.65.244 - - [06/Mar/2009:16:21:24 -0500] "GET /haiku/1997/haik1297.html HTTP/1.1" 200 22956 "-" "DoCoMo/2.0 N905i(c100;TB;W24H16) (compatible; Googlebot-Mobile/2.1; +http://www.google.com/bot.html)"
66.249.65.240 - - [06/Mar/2009:16:22:10 -0500] "GET /fiction/fict98/fict998.html HTTP/1.1" 200 7905 "-" "DoCoMo/2.0 N905i(c100;TB;W24H16) (compatible; Googlebot-Mobile/2.1; +http://www.google.com/bot.html)"
66.249.65.234 - - [06/Mar/2009:16:22:17 -0500] "GET /fiction/fict97/fict397.html HTTP/1.1" 200 11668 "-" "DoCoMo/2.0 N905i(c100;TB;W24H16) (compatible; Googlebot-Mobile/2.1; +http://www.google.com/bot.html)"
66.249.65.237 - - [06/Mar/2009:16:23:25 -0500] "GET /fiction/fict97/fict497.html HTTP/1.1" 200 11424 "-" "DoCoMo/2.0 N905i(c100;TB;W24H16) (compatible; Googlebot-Mobile/2.1; +http://www.google.com/bot.html)"
66.249.65.241 - - [06/Mar/2009:16:24:54 -0500] "GET /haiku/1998/haiku198.html HTTP/1.1" 200 25922 "-" "DoCoMo/2.0 N905i(c100;TB;W24H16) (compatible; Googlebot-Mobile/2.1; +http://www.google.com/bot.html)"
66.249.65.244 - - [06/Mar/2009:16:25:39 -0500] "GET /fiction/fict98/fict598.html HTTP/1.1" 200 19208 "-" "DoCoMo/2.0 N905i(c100;TB;W24H16) (compatible; Googlebot-Mobile/2.1; +http://www.google.com/bot.html)"
66.249.65.241 - - [06/Mar/2009:16:30:24 -0500] "GET /haiku/1995/1995.html HTTP/1.1" 200 951 "-" "DoCoMo/2.0 N905i(c100;TB;W24H16) (compatible; Googlebot-Mobile/2.1; +http://www.google.com/bot.html)"
66.249.65.239 - - [06/Mar/2009:16:30:54 -0500] "GET /haiku/1998/haik1298.html HTTP/1.1" 200 28856 "-" "DoCoMo/2.0 N905i(c100;TB;W24H16) (compatible; Googlebot-Mobile/2.1; +http://www.google.com/bot.html)"
66.249.65.240 - - [06/Mar/2009:16:31:13 -0500] "GET /fiction/fict98/fict198.html HTTP/1.1" 200 62967 "-" "DoCoMo/2.0 N905i(c100;TB;W24H16) (compatible; Googlebot-Mobile/2.1; +http://www.google.com/bot.html)"
66.249.65.233 - - [06/Mar/2009:16:31:20 -0500] "GET /fiction/fict98/fict798.html HTTP/1.1" 200 40803 "-" "DoCoMo/2.0 N905i(c100;TB;W24H16) (compatible; Googlebot-Mobile/2.1; +http://www.google.com/bot.html)"
66.249.65.244 - - [06/Mar/2009:16:31:27 -0500] "GET /fiction/fict97/fict1297.html HTTP/1.1" 200 6078 "-" "DoCoMo/2.0 N905i(c100;TB;W24H16) (compatible; Googlebot-Mobile/2.1; +http://www.google.com/bot.html)"
66.249.65.240 - - [06/Mar/2009:16:32:18 -0500] "GET /haiku/haik1995/1995.html HTTP/1.1" 404 693 "-" "DoCoMo/2.0 N905i(c100;TB;W24H16) (compatible; Googlebot-Mobile/2.1; +http://www.google.com/bot.html)"
66.249.65.242 - - [06/Mar/2009:16:32:22 -0500] "GET /haiku/1998/haiku298.html HTTP/1.1" 200 35588 "-" "DoCoMo/2.0 N905i(c100;TB;W24H16) (compatible; Googlebot-Mobile/2.1; +http://www.google.com/bot.html)"
66.249.65.235 - - [06/Mar/2009:16:32:39 -0500] "GET /fiction/novels/peak3.html HTTP/1.1" 200 6906 "-" "DoCoMo/2.0 N905i(c100;TB;W24H16) (compatible; Googlebot-Mobile/2.1; +http://www.google.com/bot.html)"
66.249.65.234 - - [06/Mar/2009:16:32:58 -0500] "GET /limerick/1997/nice1097.html HTTP/1.1" 200 20810 "-" "DoCoMo/2.0 N905i(c100;TB;W24H16) (compatible; Googlebot-Mobile/2.1; +http://www.google.com/bot.html)"
66.249.65.228 - - [06/Mar/2009:16:33:21 -0500] "GET /fiction/fict97/fict697.html HTTP/1.1" 200 13490 "-" "DoCoMo/2.0 N905i(c100;TB;W24H16) (compatible; Googlebot-Mobile/2.1; +http://www.google.com/bot.html)"
66.249.65.241 - - [06/Mar/2009:16:33:30 -0500] "GET /fiction/fict97/fict197.html HTTP/1.1" 200 17226 "-" "DoCoMo/2.0 N905i(c100;TB;W24H16) (compatible; Googlebot-Mobile/2.1; +http://www.google.com/bot.html)"
66.249.65.230 - - [06/Mar/2009:16:33:35 -0500] "GET /fiction/fict97/fict1297.html HTTP/1.1" 200 6078 "-" "DoCoMo/2.0 N905i(c100;TB;W24H16) (compatible; Googlebot-Mobile/2.1; +http://www.google.com/bot.html)"
86.144.70.118 - - [06/Mar/2009:16:33:49 -0500] "GET /limerick/naut199.html HTTP/1.1" 200 34481 "http://www.google.co.uk/search?hl=en&q=limerick+labia&meta=&rlz=1I7GPEA_en" "Mozilla/4.0 (compatible; MSIE 7.0; Windows NT 5.1; InfoPath.2)"
86.144.70.118 - - [06/Mar/2009:16:33:49 -0500] "GET /gifs/boobies.gif HTTP/1.1" 200 11144 "http://www.toastpoint.com/limerick/naut199.html" "Mozilla/4.0 (compatible; MSIE 7.0; Windows NT 5.1; InfoPath.2)"
86.144.70.118 - - [06/Mar/2009:16:33:50 -0500] "GET /gifs/goldstar.jpg HTTP/1.1" 200 1854 "http://www.toastpoint.com/limerick/naut199.html" "Mozilla/4.0 (compatible; MSIE 7.0; Windows NT 5.1; InfoPath.2)"
86.144.70.118 - - [06/Mar/2009:16:33:50 -0500] "GET /gifs/nakedman.gif HTTP/1.1" 200 7734 "http://www.toastpoint.com/limerick/naut199.html" "Mozilla/4.0 (compatible; MSIE 7.0; Windows NT 5.1; InfoPath.2)"
86.144.70.118 - - [06/Mar/2009:16:33:50 -0500] "GET /favicon.ico HTTP/1.1" 404 693 "-" "Mozilla/4.0 (compatible; MSIE 7.0; Windows NT 5.1; InfoPath.2)"
66.249.65.226 - - [06/Mar/2009:16:35:25 -0500] "GET /haiku/1998/haiku998.html HTTP/1.1" 200 38887 "-" "DoCoMo/2.0 N905i(c100;TB;W24H16) (compatible; Googlebot-Mobile/2.1; +http://www.google.com/bot.html)"
66.249.65.241 - - [06/Mar/2009:16:35:26 -0500] "GET /haiku/1998/haik1198.html HTTP/1.1" 200 36876 "-" "DoCoMo/2.0 N905i(c100;TB;W24H16) (compatible; Googlebot-Mobile/2.1; +http://www.google.com/bot.html)"
66.249.65.225 - - [06/Mar/2009:16:35:28 -0500] "GET /haiku/1997/haiku397.html HTTP/1.1" 200 42491 "-" "DoCoMo/2.0 N905i(c100;TB;W24H16) (compatible; Googlebot-Mobile/2.1; +http://www.google.com/bot.html)"
66.249.65.234 - - [06/Mar/2009:16:35:59 -0500] "GET /fiction/novels/peak2.html HTTP/1.1" 200 15955 "-" "DoCoMo/2.0 N905i(c100;TB;W24H16) (compatible; Googlebot-Mobile/2.1; +http://www.google.com/bot.html)"
66.249.65.232 - - [06/Mar/2009:16:36:06 -0500] "GET /limerick/1997/naut397.html HTTP/1.1" 200 21435 "-" "DoCoMo/2.0 N905i(c100;TB;W24H16) (compatible; Googlebot-Mobile/2.1; +http://www.google.com/bot.html)"
66.249.65.230 - - [06/Mar/2009:16:36:15 -0500] "GET /limerick/1995/nautsept.html HTTP/1.1" 200 7977 "-" "DoCoMo/2.0 N905i(c100;TB;W24H16) (compatible; Googlebot-Mobile/2.1; +http://www.google.com/bot.html)"
66.249.65.225 - - [06/Mar/2009:16:36:18 -0500] "GET /limerick/1995/nicejune.html HTTP/1.1" 200 1710 "-" "DoCoMo/2.0 N905i(c100;TB;W24H16) (compatible; Googlebot-Mobile/2.1; +http://www.google.com/bot.html)"
66.249.65.228 - - [06/Mar/2009:16:36:21 -0500] "GET /limerick/brady/bradyfrm.html HTTP/1.1" 200 546 "-" "DoCoMo/2.0 N905i(c100;TB;W24H16) (compatible; Googlebot-Mobile/2.1; +http://www.google.com/bot.html)"
66.249.65.239 - - [06/Mar/2009:16:37:03 -0500] "GET /haiku/1998/haiku798.html HTTP/1.1" 200 74969 "-" "DoCoMo/2.0 N905i(c100;TB;W24H16) (compatible; Googlebot-Mobile/2.1; +http://www.google.com/bot.html)"
66.249.65.233 - - [06/Mar/2009:16:37:22 -0500] "GET /fiction/fict98/fict298.html HTTP/1.1" 200 37545 "-" "DoCoMo/2.0 N905i(c100;TB;W24H16) (compatible; Googlebot-Mobile/2.1; +http://www.google.com/bot.html)"
66.249.65.231 - - [06/Mar/2009:16:37:39 -0500] "GET /fiction/fict97/fict797.html HTTP/1.1" 200 4873 "-" "DoCoMo/2.0 N905i(c100;TB;W24H16) (compatible; Googlebot-Mobile/2.1; +http://www.google.com/bot.html)"
66.249.65.231 - - [06/Mar/2009:16:37:52 -0500] "GET /fiction/fict97/fict597.html HTTP/1.1" 200 10485 "-" "DoCoMo/2.0 N905i(c100;TB;W24H16) (compatible; Googlebot-Mobile/2.1; +http://www.google.com/bot.html)"
65.55.37.179 - - [06/Mar/2009:16:42:26 -0500] "GET /robots.txt HTTP/1.1" 404 693 "-" "msnbot-media/1.1 (+http://search.msn.com/msnbot.htm)"
65.55.37.179 - - [06/Mar/2009:16:42:26 -0500] "GET / HTTP/1.1" 200 464 "-" "msnbot-media/1.1 (+http://search.msn.com/msnbot.htm)"
208.111.154.16 - - [06/Mar/2009:16:55:09 -0500] "GET /robots.txt HTTP/1.1" 404 693 "-" "Mozilla/5.0 (compatible; Charlotte/1.1; http://www.searchme.com/support/)"
60.225.225.145 - - [06/Mar/2009:16:57:04 -0500] "GET /favicon.ico HTTP/1.1" 404 693 "-" "Mozilla/5.0 (Windows; U; Windows NT 5.1; en-US; rv:1.9.0.7) Gecko/2009021910 Firefox/3.0.7"
60.225.225.145 - - [06/Mar/2009:16:57:04 -0500] "GET /gifs/japan.gif HTTP/1.1" 200 5737 "http://www.toastpoint.com/haiku/haiku299.html" "Mozilla/5.0 (Windows; U; Windows NT 5.1; en-US; rv:1.9.0.7) Gecko/2009021910 Firefox/3.0.7"
60.225.225.145 - - [06/Mar/2009:16:57:04 -0500] "GET /gifs/goldstar.jpg HTTP/1.1" 200 1854 "http://www.toastpoint.com/haiku/haiku299.html" "Mozilla/5.0 (Windows; U; Windows NT 5.1; en-US; rv:1.9.0.7) Gecko/2009021910 Firefox/3.0.7"
60.225.225.145 - - [06/Mar/2009:16:57:04 -0500] "GET /gifs/blank.jpg HTTP/1.1" 200 705 "http://www.toastpoint.com/haiku/haiku299.html" "Mozilla/5.0 (Windows; U; Windows NT 5.1; en-US; rv:1.9.0.7) Gecko/2009021910 Firefox/3.0.7"
60.225.225.145 - - [06/Mar/2009:16:57:04 -0500] "GET /haiku/haiku299.html HTTP/1.1" 200 68017 "-" "Mozilla/5.0 (Windows; U; Windows NT 5.1; en-US; rv:1.9.0.7) Gecko/2009021910 Firefox/3.0.7"
60.225.225.145 - - [06/Mar/2009:16:57:06 -0500] "GET /favicon.ico HTTP/1.1" 404 693 "-" "Mozilla/5.0 (Windows; U; Windows NT 5.1; en-US; rv:1.9.0.7) Gecko/2009021910 Firefox/3.0.7"
196.30.118.82 - - [06/Mar/2009:17:12:48 -0500] "GET /limerick/1995/nautjune.html HTTP/1.0" 200 3274 "http://www.google.com/xhtml?q=Naughty+limericks&client=ms-sonyericsson&channel=bm&hl=en" "SonyEricssonW880i/R8BA Browser/NetFront/3.3 Profile/MIDP-2.0 Configuration/CLDC-1.1"
196.30.118.82 - - [06/Mar/2009:17:12:51 -0500] "GET /gifs/goldstar.jpg HTTP/1.0" 200 1854 "http://www.toastpoint.com/limerick/1995/nautjune.html" "SonyEricssonW880i/R8BA Browser/NetFront/3.3 Profile/MIDP-2.0 Configuration/CLDC-1.1"
66.249.65.233 - - [06/Mar/2009:17:18:10 -0500] "GET /limerick/1995/nautdec.html HTTP/1.1" 200 30430 "-" "DoCoMo/2.0 N905i(c100;TB;W24H16) (compatible; Googlebot-Mobile/2.1; +http://www.google.com/bot.html)"
66.249.65.244 - - [06/Mar/2009:17:22:30 -0500] "GET /fiction/fict97/fict997.html HTTP/1.1" 200 4230 "-" "DoCoMo/2.0 N905i(c100;TB;W24H16) (compatible; Googlebot-Mobile/2.1; +http://www.google.com/bot.html)"
208.111.154.15 - - [06/Mar/2009:17:23:53 -0500] "GET /robots.txt HTTP/1.1" 404 693 "-" "Mozilla/5.0 (compatible; Charlotte/1.1; http://www.searchme.com/support/)"
72.14.193.3 - - [06/Mar/2009:17:27:33 -0500] "GET /limerick/naut199.html HTTP/1.1" 200 34481 "-" "Mozilla/4.0 (compatible; MSIE 6.0; Windows NT 5.0; Google Wireless Transcoder;)"
72.14.193.3 - - [06/Mar/2009:17:27:37 -0500] "GET /gifs/goldstar.jpg HTTP/1.1" 200 1854 "-" "Mozilla/4.0 (compatible; MSIE 6.0; Windows NT 5.0;Google Wireless Transcoder;)"
72.14.193.3 - - [06/Mar/2009:17:27:37 -0500] "GET /gifs/nakedman.gif HTTP/1.1" 200 7734 "-" "Mozilla/4.0 (compatible; MSIE 6.0; Windows NT 5.0;Google Wireless Transcoder;)"
72.14.193.3 - - [06/Mar/2009:17:27:37 -0500] "GET /gifs/boobies.gif HTTP/1.1" 200 11144 "-" "Mozilla/4.0 (compatible; MSIE 6.0; Windows NT 5.0;Google Wireless Transcoder;)"
193.252.149.15 - - [06/Mar/2009:17:29:02 -0500] "GET /haiku/haiku199.html HTTP/1.1" 200 34287 "-" "Mozilla/5.0 (Windows; U; Windows NT 5.1; fr; rv:1.8.1) VoilaBot BETA 1.2 (support.voilabot@orange-ftgroup.com)"
81.52.143.36 - - [06/Mar/2009:17:33:06 -0500] "GET /haiku/?D=A HTTP/1.1" 403 563 "-" "Mozilla/5.0 (Windows; U; Windows NT 5.1; fr; rv:1.8.1) VoilaBot BETA 1.2 (support.voilabot@orange-ftgroup.com)"
208.111.154.15 - - [06/Mar/2009:17:39:29 -0500] "GET /robots.txt HTTP/1.1" 404 693 "-" "Mozilla/5.0 (compatible; Charlotte/1.1; http://www.searchme.com/support/)"
66.249.65.234 - - [06/Mar/2009:17:51:03 -0500] "GET /haiku/1998/haiku398.html HTTP/1.1" 200 47804 "-" "DoCoMo/2.0 N905i(c100;TB;W24H16) (compatible; Googlebot-Mobile/2.1; +http://www.google.com/bot.html)"
81.52.143.36 - - [06/Mar/2009:17:59:53 -0500] "GET /limerick/ HTTP/1.1" 403 563 "-" "Mozilla/5.0 (Windows; U; Windows NT 5.1; fr; rv:1.8.1) VoilaBot BETA 1.2 (support.voilabot@orange-ftgroup.com)"
208.111.154.15 - - [06/Mar/2009:18:11:14 -0500] "GET /robots.txt HTTP/1.1" 404 693 "-" "Mozilla/5.0 (compatible; Charlotte/1.1; http://www.searchme.com/support/)"
208.111.154.16 - - [06/Mar/2009:18:36:21 -0500] "GET /robots.txt HTTP/1.1" 404 693 "-" "Mozilla/5.0 (compatible; Charlotte/1.1; http://www.searchme.com/support/)"
66.249.65.234 - - [06/Mar/2009:18:38:21 -0500] "GET /robots.txt HTTP/1.1" 404 693 "-" "Mozilla/5.0 (compatible; Googlebot/2.1; +http://www.google.com/bot.html)"
66.249.65.229 - - [06/Mar/2009:18:38:22 -0500] "GET /limerick/naut199.html HTTP/1.1" 304 - "-" "Mozilla/5.0 (compatible; Googlebot/2.1; +http://www.google.com/bot.html)"
81.52.143.34 - - [06/Mar/2009:18:46:35 -0500] "GET /welcome.html HTTP/1.1" 200 418 "-" "Mozilla/5.0 (Windows; U; Windows NT 5.1; fr; rv:1.8.1) VoilaBot BETA 1.2 (support.voilabot@orange-ftgroup.com)"
217.169.46.98 - - [06/Mar/2009:20:07:00 -0500] "GET /limerick/brady/brady96.html HTTP/1.1" 200 6418 "-" "Mozilla/4.0"
212.129.64.70 - - [06/Mar/2009:20:07:01 -0500] "GET /limerick/brady/brady96.html HTTP/1.1" 200 6418 "-" "Nokia6300/2.0 (05.50) Profile/MIDP-2.0 Configuration/CLDC-1.1"
212.129.64.70 - - [06/Mar/2009:20:07:03 -0500] "GET /limerick/gifs/goldstar.jpg HTTP/1.1" 404 693 "-" "Nokia6300/2.0 (05.50) Profile/MIDP-2.0 Configuration/CLDC-1.1"
212.129.64.70 - - [06/Mar/2009:20:07:03 -0500] "GET /gifs/goldstar.jpg HTTP/1.1" 200 1854 "-" "Nokia6300/2.0 (05.50) Profile/MIDP-2.0 Configuration/CLDC-1.1"
208.80.195.46 - - [06/Mar/2009:20:10:57 -0500] "GET / HTTP/1.0" 200 464 "-" "Mozilla/4.0 (compatible; MSIE 6.0; Windows NT 5.1; SV1; .NET CLR 1.1.4322; .NET CLR 2.0.50727; HbTools 4.8.0)"
64.149.38.220 - - [06/Mar/2009:20:57:27 -0500] "GET /favicon.ico HTTP/1.1" 404 693 "-" "Mozilla/5.0 (Windows; U; Windows NT 5.1; en-US; rv:1.9.0.7) Gecko/2009021910 Firefox/3.0.7"
64.149.38.220 - - [06/Mar/2009:20:57:28 -0500] "GET /limerick/limerick.html HTTP/1.1" 200 2613 "-" "Mozilla/5.0 (Windows; U; Windows NT 5.1; en-US; rv:1.9.0.7) Gecko/2009021910 Firefox/3.0.7"
64.149.38.220 - - [06/Mar/2009:20:57:28 -0500] "GET /gifs/woman.gif HTTP/1.1" 200 9657 "http://www.toastpoint.com/limerick/limerick.html" "Mozilla/5.0 (Windows; U; Windows NT 5.1; en-US; rv:1.9.0.7) Gecko/2009021910 Firefox/3.0.7"
64.149.38.220 - - [06/Mar/2009:20:57:28 -0500] "GET /gifs/birdumb2.gif HTTP/1.1" 200 4698 "http://www.toastpoint.com/limerick/limerick.html" "Mozilla/5.0 (Windows; U; Windows NT 5.1; en-US; rv:1.9.0.7) Gecko/2009021910 Firefox/3.0.7"
64.149.38.220 - - [06/Mar/2009:20:57:30 -0500] "GET /favicon.ico HTTP/1.1" 404 693 "-" "Mozilla/5.0 (Windows; U; Windows NT 5.1; en-US; rv:1.9.0.7) Gecko/2009021910 Firefox/3.0.7"
64.149.38.220 - - [06/Mar/2009:20:57:31 -0500] "GET /favicon.ico HTTP/1.1" 404 693 "-" "Mozilla/5.0 (Windows; U; Windows NT 5.1; en-US; rv:1.9.0.7) Gecko/2009021910 Firefox/3.0.7"
66.235.124.8 - - [06/Mar/2009:21:05:11 -0500] "GET /fiction/fict399.html HTTP/1.1" 200 27729 "-" "Mozilla/5.0 (compatible; Ask Jeeves/Teoma; +http://about.ask.com/en/docs/about/webmasters.shtml)"
97.118.94.220 - - [06/Mar/2009:21:19:00 -0500] "GET /haiku/haiku599.html HTTP/1.1" 200 33918 "-" "Mozilla/5.0 (Windows; U; Windows NT 5.1; en-US; rv:1.8.1.20) Gecko/20081217 Firefox/2.0.0.20"
97.118.94.220 - - [06/Mar/2009:21:19:01 -0500] "GET /gifs/japan.gif HTTP/1.1" 200 5737 "http://www.toastpoint.com/haiku/haiku599.html" "Mozilla/5.0 (Windows; U; Windows NT 5.1; en-US; rv:1.8.1.20) Gecko/20081217 Firefox/2.0.0.20"
97.118.94.220 - - [06/Mar/2009:21:19:01 -0500] "GET /gifs/japan.gif HTTP/1.1" 200 5737 "http://images.google.com/imgres?imgurl=http://www.toastpoint.com/gifs/japan.gif&imgrefurl=http://www.toastpoint.com/haiku/haiku599.html&usg=__iYtBWyeqfdH2muluOXkTojkDqVs=&h=175&w=175&sz=6&hl=en&start=507&tbnid=jHjdP8l2fbXkhM:&tbnh=100&tbnw=100&prev=/images%3Fq%3Djapanese%2Bdrawing%2Bgeisha%26gbv%3D2%26ndsp%3D21%26hl%3Den%26sa%3DN%26start%3D504" "Mozilla/5.0 (Windows; U; Windows NT 5.1; en-US; rv:1.8.1.20) Gecko/20081217 Firefox/2.0.0.20"
97.118.94.220 - - [06/Mar/2009:21:19:05 -0500] "GET /haiku/haiku599.html HTTP/1.1" 206 10558 "http://images.google.com/imgres?imgurl=http://www.toastpoint.com/gifs/japan.gif&imgrefurl=http://www.toastpoint.com/haiku/haiku599.html&usg=__iYtBWyeqfdH2muluOXkTojkDqVs=&h=175&w=175&sz=6&hl=en&start=507&tbnid=jHjdP8l2fbXkhM:&tbnh=100&tbnw=100&prev=/images%3Fq%3Djapanese%2Bdrawing%2Bgeisha%26gbv%3D2%26ndsp%3D21%26hl%3Den%26sa%3DN%26start%3D504" "Mozilla/5.0 (Windows; U; Windows NT 5.1; en-US; rv:1.8.1.20) Gecko/20081217 Firefox/2.0.0.20"
97.118.94.220 - - [06/Mar/2009:21:19:06 -0500] "GET /gifs/goldstar.jpg HTTP/1.1" 200 1854 "http://www.toastpoint.com/haiku/haiku599.html" "Mozilla/5.0 (Windows; U; Windows NT 5.1; en-US; rv:1.8.1.20) Gecko/20081217 Firefox/2.0.0.20"
97.118.94.220 - - [06/Mar/2009:21:19:06 -0500] "GET /gifs/blank.jpg HTTP/1.1" 200 705 "http://www.toastpoint.com/haiku/haiku599.html" "Mozilla/5.0 (Windows; U; Windows NT 5.1; en-US; rv:1.8.1.20) Gecko/20081217 Firefox/2.0.0.20"
66.235.124.8 - - [06/Mar/2009:21:26:08 -0500] "GET /fiction/fict97/fict597.html HTTP/1.1" 200 10485 "-" "Mozilla/5.0 (compatible; Ask Jeeves/Teoma; +http://about.ask.com/en/docs/about/webmasters.shtml)"
208.111.154.29 - - [06/Mar/2009:21:37:40 -0500] "GET /robots.txt HTTP/1.1" 404 693 "-" "Mozilla/5.0 (compatible; Charlotte/1.1; http://www.searchme.com/support/)"
208.111.154.29 - - [06/Mar/2009:21:37:52 -0500] "GET /limerick/1996/nice996.html HTTP/1.1" 200 4972 "-" "Mozilla/5.0 (compatible; Charlotte/1.1; http://www.searchme.com/support/)"
66.235.124.8 - - [06/Mar/2009:21:41:12 -0500] "GET /limerick/1995/nicesept.html HTTP/1.1" 200 3676 "-" "Mozilla/5.0 (compatible; Ask Jeeves/Teoma; +http://about.ask.com/en/docs/about/webmasters.shtml)"
66.249.65.234 - - [06/Mar/2009:21:50:27 -0500] "GET /haiku/1996/haik1996.html HTTP/1.1" 304 - "-" "Mozilla/5.0 (compatible; Googlebot/2.1; +http://www.google.com/bot.html)"
75.173.29.142 - - [06/Mar/2009:22:24:17 -0500] "GET /favicon.ico HTTP/1.1" 404 693 "-" "Mozilla/4.0 (compatible; MSIE 7.0; Windows NT 5.1; Mozilla/4.0 (compatible; MSIE 6.0; Windows NT 5.1; SV1) ; .NET CLR 1.1.4322; .NET CLR 2.0.50727; .NET CLR 3.0.04506.30; .NET CLR 3.0.04506.648; .NET CLR 3.0.4506.2152; .NET CLR 3.5.30729)"
75.173.29.142 - - [06/Mar/2009:22:24:17 -0500] "GET /limerick/limerick.html HTTP/1.1" 200 2613 "-" "Mozilla/4.0 (compatible; MSIE 7.0; Windows NT 5.1; Mozilla/4.0 (compatible; MSIE 6.0; Windows NT 5.1; SV1) ; .NET CLR 1.1.4322; .NET CLR 2.0.50727; .NET CLR 3.0.04506.30; .NET CLR 3.0.04506.648; .NET CLR 3.0.4506.2152; .NET CLR 3.5.30729)"
75.173.29.142 - - [06/Mar/2009:22:24:17 -0500] "GET /gifs/woman.gif HTTP/1.1" 200 9657 "http://www.toastpoint.com/limerick/limerick.html" "Mozilla/4.0 (compatible; MSIE 7.0; Windows NT 5.1; Mozilla/4.0 (compatible; MSIE 6.0; Windows NT 5.1; SV1) ; .NET CLR 1.1.4322; .NET CLR 2.0.50727; .NET CLR 3.0.04506.30; .NET CLR 3.0.04506.648; .NET CLR 3.0.4506.2152; .NET CLR 3.5.30729)"
75.173.29.142 - - [06/Mar/2009:22:24:17 -0500] "GET /gifs/birdumb2.gif HTTP/1.1" 200 4698 "http://www.toastpoint.com/limerick/limerick.html" "Mozilla/4.0 (compatible; MSIE 7.0; Windows NT 5.1; Mozilla/4.0 (compatible; MSIE 6.0; Windows NT 5.1; SV1) ; .NET CLR 1.1.4322; .NET CLR 2.0.50727; .NET CLR 3.0.04506.30; .NET CLR 3.0.04506.648; .NET CLR 3.0.4506.2152; .NET CLR 3.5.30729)"
75.173.29.142 - - [06/Mar/2009:22:24:41 -0500] "GET /welcome.html HTTP/1.1" 200 418 "http://www.toastpoint.com/limerick/limerick.html" "Mozilla/4.0 (compatible; MSIE 7.0; Windows NT 5.1; Mozilla/4.0 (compatible; MSIE 6.0; Windows NT 5.1; SV1) ; .NET CLR 1.1.4322; .NET CLR 2.0.50727; .NET CLR 3.0.04506.30; .NET CLR 3.0.04506.648; .NET CLR 3.0.4506.2152; .NET CLR 3.5.30729)"
75.173.29.142 - - [06/Mar/2009:22:24:42 -0500] "GET / HTTP/1.1" 200 464 "-" "Mozilla/4.0 (compatible; MSIE 7.0; Windows NT 5.1; Mozilla/4.0 (compatible; MSIE 6.0; Windows NT 5.1; SV1) ; .NET CLR 1.1.4322; .NET CLR 2.0.50727; .NET CLR 3.0.04506.30; .NET CLR 3.0.04506.648; .NET CLR 3.0.4506.2152; .NET CLR 3.5.30729)"
75.173.29.142 - - [06/Mar/2009:22:24:43 -0500] "GET /toastpointtopleft.html HTTP/1.1" 200 162 "http://www.toastpoint.com/" "Mozilla/4.0 (compatible; MSIE 7.0; Windows NT 5.1; Mozilla/4.0 (compatible; MSIE 6.0; Windows NT 5.1; SV1) ; .NET CLR 1.1.4322; .NET CLR 2.0.50727; .NET CLR 3.0.04506.30; .NET CLR 3.0.04506.648; .NET CLR 3.0.4506.2152; .NET CLR 3.5.30729)"
75.173.29.142 - - [06/Mar/2009:22:24:43 -0500] "GET /toastpointtoc.html HTTP/1.1" 200 1188 "http://www.toastpoint.com/" "Mozilla/4.0 (compatible; MSIE 7.0; Windows NT 5.1; Mozilla/4.0 (compatible; MSIE 6.0; Windows NT 5.1; SV1) ; .NET CLR 1.1.4322; .NET CLR 2.0.50727; .NET CLR 3.0.04506.30; .NET CLR 3.0.04506.648; .NET CLR 3.0.4506.2152; .NET CLR 3.5.30729)"
75.173.29.142 - - [06/Mar/2009:22:24:43 -0500] "GET /news.html HTTP/1.1" 200 17706 "http://www.toastpoint.com/" "Mozilla/4.0 (compatible; MSIE 7.0; Windows NT 5.1; Mozilla/4.0 (compatible; MSIE 6.0; Windows NT 5.1; SV1) ; .NET CLR 1.1.4322; .NET CLR 2.0.50727; .NET CLR 3.0.04506.30; .NET CLR 3.0.04506.648; .NET CLR 3.0.4506.2152; .NET CLR 3.5.30729)"
75.173.29.142 - - [06/Mar/2009:22:24:43 -0500] "GET /toastpointtopright.html HTTP/1.1" 200 151 "http://www.toastpoint.com/" "Mozilla/4.0 (compatible; MSIE 7.0; Windows NT 5.1; Mozilla/4.0 (compatible; MSIE 6.0; Windows NT 5.1; SV1) ; .NET CLR 1.1.4322; .NET CLR 2.0.50727; .NET CLR 3.0.04506.30; .NET CLR 3.0.04506.648; .NET CLR 3.0.4506.2152; .NET CLR 3.5.30729)"
75.173.29.142 - - [06/Mar/2009:22:24:43 -0500] "GET /tpnews.html HTTP/1.1" 200 8305 "http://www.toastpoint.com/" "Mozilla/4.0 (compatible; MSIE 7.0; Windows NT 5.1; Mozilla/4.0 (compatible; MSIE 6.0; Windows NT 5.1; SV1) ; .NET CLR 1.1.4322; .NET CLR 2.0.50727; .NET CLR 3.0.04506.30; .NET CLR 3.0.04506.648; .NET CLR 3.0.4506.2152; .NET CLR 3.5.30729)"
75.173.29.142 - - [06/Mar/2009:22:24:43 -0500] "GET /gifs/tpwinter20089.jpg HTTP/1.1" 200 28088 "http://www.toastpoint.com/news.html" "Mozilla/4.0 (compatible; MSIE 7.0; Windows NT 5.1; Mozilla/4.0 (compatible; MSIE 6.0; Windows NT 5.1; SV1) ; .NET CLR 1.1.4322; .NET CLR 2.0.50727; .NET CLR 3.0.04506.30; .NET CLR 3.0.04506.648; .NET CLR 3.0.4506.2152; .NET CLR 3.5.30729)"
75.173.29.142 - - [06/Mar/2009:22:25:50 -0500] "GET /contests.html HTTP/1.1" 200 1230 "http://www.toastpoint.com/toastpointtoc.html" "Mozilla/4.0 (compatible; MSIE 7.0; Windows NT 5.1; Mozilla/4.0 (compatible; MSIE 6.0; Windows NT 5.1; SV1) ; .NET CLR 1.1.4322; .NET CLR 2.0.50727; .NET CLR 3.0.04506.30; .NET CLR 3.0.04506.648; .NET CLR 3.0.4506.2152; .NET CLR 3.5.30729)"
66.235.124.8 - - [06/Mar/2009:23:28:41 -0500] "GET /prideandjoy.html HTTP/1.1" 200 4887 "-" "Mozilla/5.0 (compatible; Ask Jeeves/Teoma; +http://about.ask.com/en/docs/about/webmasters.shtml)"
208.111.154.15 - - [06/Mar/2009:23:32:16 -0500] "GET /robots.txt HTTP/1.1" 404 693 "-" "Mozilla/5.0 (compatible; Charlotte/1.1; http://www.searchme.com/support/)"
208.111.154.15 - - [06/Mar/2009:23:32:36 -0500] "GET /limerick/1997/nice1097.html HTTP/1.1" 304 - "-" "Mozilla/5.0 (compatible; Charlotte/1.1; http://www.searchme.com/support/)"
66.235.124.8 - - [06/Mar/2009:23:54:16 -0500] "GET /fiction/fict9596/fic1296.html HTTP/1.1" 200 7468 "-" "Mozilla/5.0 (compatible; Ask Jeeves/Teoma; +http://about.ask.com/en/docs/about/webmasters.shtml)"
