74.6.8.91 - - [08/Jan/2009:02:40:20 -0500] "GET /robots.txt HTTP/1.0" 404 693 "-" "Mozilla/5.0 (compatible; Yahoo! Slurp; http://help.yahoo.com/help/us/ysearch/slurp)"
64.1.215.164 - - [08/Jan/2009:03:16:09 -0500] "GET /haiku/haik1995/1995.html HTTP/1.0" 404 693 "-" "Mozilla/5.0 (Twiceler-0.9 http://www.cuil.com/twiceler/robot.html)"
66.249.65.232 - - [08/Jan/2009:04:17:54 -0500] "GET /robots.txt HTTP/1.1" 404 693 "-" "Nokia6820/2.0 (4.83) Profile/MIDP-1.0 Configuration/CLDC-1.0 (compatible; Googlebot-Mobile/2.1; +http://www.google.com/bot.html)"
66.249.65.232 - - [08/Jan/2009:04:17:54 -0500] "GET /fiction/novels/peak1-2.html HTTP/1.1" 200 2302 "-" "Nokia6820/2.0 (4.83) Profile/MIDP-1.0 Configuration/CLDC-1.0 (compatible; Googlebot-Mobile/2.1; +http://www.google.com/bot.html)"
64.1.215.164 - - [08/Jan/2009:04:57:46 -0500] "GET /limerick/1996/nice196.html HTTP/1.0" 200 10647 "-" "Mozilla/5.0 (Twiceler-0.9 http://www.cuil.com/twiceler/robot.html)"
66.249.65.232 - - [08/Jan/2009:08:36:28 -0500] "GET /fiction/novels/peak1-2.html HTTP/1.1" 200 2302 "-" "Mozilla/5.0 (compatible; Googlebot/2.1; +http://www.google.com/bot.html)"
208.80.194.46 - - [08/Jan/2009:09:18:08 -0500] "GET / HTTP/1.0" 200 464 "-" "Mozilla/4.0 (compatible; MSIE 6.0; Windows NT 5.1; SV1; PeoplePal 3.0; PeoplePal 6.1; InfoPath.1; .NET CLR 1.1.4322)"
66.249.65.232 - - [08/Jan/2009:11:35:11 -0500] "GET /photo.html HTTP/1.1" 200 4228 "-" "Mozilla/5.0 (compatible; Googlebot/2.1; +http://www.google.com/bot.html)"
193.47.80.45 - - [08/Jan/2009:12:32:35 -0500] "GET /limerick/1998/nice1198.html HTTP/1.1" 200 27306 "-" "Mozilla/5.0 (compatible; Exabot/3.0; +http://www.exabot.com/go/robot)"
81.52.143.26 - - [08/Jan/2009:13:25:03 -0500] "GET /robots.txt HTTP/1.1" 404 693 "-" "Mozilla/5.0 (Windows; U; Windows NT 5.1; fr; rv:1.8.1) VoilaBot BETA 1.2 (support.voilabot@orange-ftgroup.com)"
81.52.143.26 - - [08/Jan/2009:13:25:19 -0500] "GET /limerick/nice299.html HTTP/1.1" 200 28130 "-" "Mozilla/5.0 (Windows; U; Windows NT 5.1; fr; rv:1.8.1) VoilaBot BETA 1.2 (support.voilabot@orange-ftgroup.com)"
81.52.143.26 - - [08/Jan/2009:13:35:32 -0500] "GET /limerick/nice499.html HTTP/1.1" 200 24193 "-" "Mozilla/5.0 (Windows; U; Windows NT 5.1; fr; rv:1.8.1) VoilaBot BETA 1.2 (support.voilabot@orange-ftgroup.com)"
209.137.220.73 - - [08/Jan/2009:13:35:51 -0500] "GET /rapture/rapture.html HTTP/1.0" 200 22564 "http://www.search.com/images?q=Juries&topframe=1&page=1&int=1567&index=2" "Mozilla/4.0 (compatible; MSIE 6.0; Windows NT 5.1; SV1; .NET CLR 1.0.3705; .NET CLR 2.0.50727; .NET CLR 3.0.04506.30; .NET CLR 3.0.04506.648)"
209.137.220.73 - - [08/Jan/2009:13:35:51 -0500] "GET /rapture/tbj-jury.gif HTTP/1.0" 200 3904 "http://www.toastpoint.com/rapture/rapture.html" "Mozilla/4.0 (compatible; MSIE 6.0; Windows NT 5.1; SV1; .NET CLR 1.0.3705; .NET CLR 2.0.50727; .NET CLR 3.0.04506.30; .NET CLR 3.0.04506.648)"
209.137.220.73 - - [08/Jan/2009:13:35:51 -0500] "GET /rapture/sor-well.gif HTTP/1.0" 200 2583 "http://www.toastpoint.com/rapture/rapture.html" "Mozilla/4.0 (compatible; MSIE 6.0; Windows NT 5.1; SV1; .NET CLR 1.0.3705; .NET CLR 2.0.50727; .NET CLR 3.0.04506.30; .NET CLR 3.0.04506.648)"
209.137.220.73 - - [08/Jan/2009:13:35:51 -0500] "GET /rapture/hms-dick.gif HTTP/1.0" 200 3100 "http://www.toastpoint.com/rapture/rapture.html" "Mozilla/4.0 (compatible; MSIE 6.0; Windows NT 5.1; SV1; .NET CLR 1.0.3705; .NET CLR 2.0.50727; .NET CLR 3.0.04506.30; .NET CLR 3.0.04506.648)"
209.137.220.73 - - [08/Jan/2009:13:35:51 -0500] "GET /rapture/pirates.gif HTTP/1.0" 200 4045 "http://www.toastpoint.com/rapture/rapture.html" "Mozilla/4.0 (compatible; MSIE 6.0; Windows NT 5.1; SV1; .NET CLR 1.0.3705; .NET CLR 2.0.50727; .NET CLR 3.0.04506.30; .NET CLR 3.0.04506.648)"
209.137.220.73 - - [08/Jan/2009:13:35:52 -0500] "GET /rapture/iolanthe.gif HTTP/1.0" 200 2814 "http://www.toastpoint.com/rapture/rapture.html" "Mozilla/4.0 (compatible; MSIE 6.0; Windows NT 5.1; SV1; .NET CLR 1.0.3705; .NET CLR 2.0.50727; .NET CLR 3.0.04506.30; .NET CLR 3.0.04506.648)"
209.137.220.73 - - [08/Jan/2009:13:35:52 -0500] "GET /rapture/bunthorne.gif HTTP/1.0" 200 3137 "http://www.toastpoint.com/rapture/rapture.html" "Mozilla/4.0 (compatible; MSIE 6.0; Windows NT 5.1; SV1; .NET CLR 1.0.3705; .NET CLR 2.0.50727; .NET CLR 3.0.04506.30; .NET CLR 3.0.04506.648)"
209.137.220.73 - - [08/Jan/2009:13:35:52 -0500] "GET /rapture/ida-monk.gif HTTP/1.0" 200 3753 "http://www.toastpoint.com/rapture/rapture.html" "Mozilla/4.0 (compatible; MSIE 6.0; Windows NT 5.1; SV1; .NET CLR 1.0.3705; .NET CLR 2.0.50727; .NET CLR 3.0.04506.30; .NET CLR 3.0.04506.648)"
209.137.220.73 - - [08/Jan/2009:13:35:52 -0500] "GET /rapture/mik-lips.gif HTTP/1.0" 200 3352 "http://www.toastpoint.com/rapture/rapture.html" "Mozilla/4.0 (compatible; MSIE 6.0; Windows NT 5.1; SV1; .NET CLR 1.0.3705; .NET CLR 2.0.50727; .NET CLR 3.0.04506.30; .NET CLR 3.0.04506.648)"
209.137.220.73 - - [08/Jan/2009:13:35:52 -0500] "GET /rapture/yeo-song.gif HTTP/1.0" 200 2781 "http://www.toastpoint.com/rapture/rapture.html" "Mozilla/4.0 (compatible; MSIE 6.0; Windows NT 5.1; SV1; .NET CLR 1.0.3705; .NET CLR 2.0.50727; .NET CLR 3.0.04506.30; .NET CLR 3.0.04506.648)"
209.137.220.73 - - [08/Jan/2009:13:35:52 -0500] "GET /rapture/gon-baby.gif HTTP/1.0" 200 2847 "http://www.toastpoint.com/rapture/rapture.html" "Mozilla/4.0 (compatible; MSIE 6.0; Windows NT 5.1; SV1; .NET CLR 1.0.3705; .NET CLR 2.0.50727; .NET CLR 3.0.04506.30; .NET CLR 3.0.04506.648)"
209.137.220.73 - - [08/Jan/2009:13:35:52 -0500] "GET /rapture/rud-spec.gif HTTP/1.0" 200 2489 "http://www.toastpoint.com/rapture/rapture.html" "Mozilla/4.0 (compatible; MSIE 6.0; Windows NT 5.1; SV1; .NET CLR 1.0.3705; .NET CLR 2.0.50727; .NET CLR 3.0.04506.30; .NET CLR 3.0.04506.648)"
209.137.220.73 - - [08/Jan/2009:13:35:52 -0500] "GET /rapture/uto-look.gif HTTP/1.0" 200 3823 "http://www.toastpoint.com/rapture/rapture.html" "Mozilla/4.0 (compatible; MSIE 6.0; Windows NT 5.1; SV1; .NET CLR 1.0.3705; .NET CLR 2.0.50727; .NET CLR 3.0.04506.30; .NET CLR 3.0.04506.648)"
93.107.64.209 - - [08/Jan/2009:14:50:58 -0500] "GET /favicon.ico HTTP/1.1" 404 693 "-" "Mozilla/4.0 (compatible; MSIE 7.0; Windows NT 5.1; .NET CLR 1.1.4322; FDM; .NET CLR 2.0.50727)"
93.107.64.209 - - [08/Jan/2009:14:50:58 -0500] "GET /limerick/nice199.html HTTP/1.1" 200 25313 "-" "Mozilla/4.0 (compatible; MSIE 7.0; Windows NT 5.1; .NET CLR 1.1.4322; FDM; .NET CLR 2.0.50727)"
93.107.64.209 - - [08/Jan/2009:14:50:58 -0500] "GET /gifs/birdumb.gif HTTP/1.1" 200 4704 "http://www.toastpoint.com/limerick/nice199.html" "Mozilla/4.0 (compatible; MSIE 7.0; Windows NT 5.1; .NET CLR 1.1.4322; FDM; .NET CLR 2.0.50727)"
93.107.64.209 - - [08/Jan/2009:14:50:58 -0500] "GET /gifs/birdumb2.gif HTTP/1.1" 200 4698 "http://www.toastpoint.com/limerick/nice199.html" "Mozilla/4.0 (compatible; MSIE 7.0; Windows NT 5.1; .NET CLR 1.1.4322; FDM; .NET CLR 2.0.50727)"
93.107.64.209 - - [08/Jan/2009:14:50:58 -0500] "GET /gifs/goldstar.jpg HTTP/1.1" 200 1854 "http://www.toastpoint.com/limerick/nice199.html" "Mozilla/4.0 (compatible; MSIE 7.0; Windows NT 5.1; .NET CLR 1.1.4322; FDM; .NET CLR 2.0.50727)"
65.215.94.13 - - [08/Jan/2009:15:14:11 -0500] "GET / HTTP/1.0" 200 464 "-" "Mozilla/4.0 (compatible; MSIE 6.0; Windows NT 5.1; SV1; .NET CLR 1.1.4322; .NET CLR 2.0.50727; .NET CLR 3.0.04506.30; .NET CLR 3.0.04506.648; .NET CLR 3.5.21022)"
65.215.94.13 - - [08/Jan/2009:15:14:11 -0500] "GET /toastpointtopleft.html HTTP/1.0" 200 162 "http://www.toastpoint.com/" "Mozilla/4.0 (compatible; MSIE 6.0; Windows NT 5.1; SV1; .NET CLR 1.1.4322; .NET CLR 2.0.50727; .NET CLR 3.0.04506.30; .NET CLR 3.0.04506.648; .NET CLR 3.5.21022)"
65.215.94.13 - - [08/Jan/2009:15:14:11 -0500] "GET /toastpointtoc.html HTTP/1.0" 200 1188 "http://www.toastpoint.com/" "Mozilla/4.0 (compatible; MSIE 6.0; Windows NT 5.1; SV1; .NET CLR 1.1.4322; .NET CLR 2.0.50727; .NET CLR 3.0.04506.30; .NET CLR 3.0.04506.648; .NET CLR 3.5.21022)"
65.215.94.13 - - [08/Jan/2009:15:14:11 -0500] "GET /news.html HTTP/1.0" 200 17706 "http://www.toastpoint.com/" "Mozilla/4.0 (compatible; MSIE 6.0; Windows NT 5.1; SV1; .NET CLR 1.1.4322; .NET CLR 2.0.50727; .NET CLR 3.0.04506.30; .NET CLR 3.0.04506.648; .NET CLR 3.5.21022)"
65.215.94.13 - - [08/Jan/2009:15:14:11 -0500] "GET /toastpointtopright.html HTTP/1.0" 304 - "http://www.toastpoint.com/" "Mozilla/4.0 (compatible; MSIE 6.0; Windows NT 5.1; SV1; .NET CLR 1.1.4322; .NET CLR 2.0.50727; .NET CLR 3.0.04506.30; .NET CLR 3.0.04506.648; .NET CLR 3.5.21022)"
65.215.94.13 - - [08/Jan/2009:15:14:11 -0500] "GET /tpnews.html HTTP/1.0" 200 8305 "http://www.toastpoint.com/" "Mozilla/4.0 (compatible; MSIE 6.0; Windows NT 5.1; SV1; .NET CLR 1.1.4322; .NET CLR 2.0.50727; .NET CLR 3.0.04506.30; .NET CLR 3.0.04506.648; .NET CLR 3.5.21022)"
65.215.94.13 - - [08/Jan/2009:15:14:11 -0500] "GET /gifs/tpwinter20089.jpg HTTP/1.0" 304 - "http://www.toastpoint.com/news.html" "Mozilla/4.0 (compatible; MSIE 6.0; Windows NT 5.1; SV1; .NET CLR 1.1.4322; .NET CLR 2.0.50727; .NET CLR 3.0.04506.30; .NET CLR 3.0.04506.648; .NET CLR 3.5.21022)"
65.215.94.13 - - [08/Jan/2009:15:14:13 -0500] "GET /photo.html HTTP/1.0" 304 - "http://www.toastpoint.com/toastpointtoc.html" "Mozilla/4.0 (compatible; MSIE 6.0; Windows NT 5.1; SV1; .NET CLR 1.1.4322; .NET CLR 2.0.50727; .NET CLR 3.0.04506.30; .NET CLR 3.0.04506.648; .NET CLR 3.5.21022)"
208.80.194.35 - - [08/Jan/2009:15:44:38 -0500] "GET / HTTP/1.0" 200 464 "-" "Mozilla/4.0 (compatible; MSIE 6.0; Windows NT 5.1; SV1; SIMBAR={4C802619-E279-476b-B200-95A545D4BCF4}; .NET CLR 1.0.3705; .NET CLR 1.1.4322; Media Center PC 4.0; .NET CLR 2.0.50727)"
74.6.30.119 - - [08/Jan/2009:15:48:42 -0500] "GET /haiku/haiku.html HTTP/1.0" 200 2147 "-" "Mozilla/5.0 (compatible; Yahoo! DE Slurp; http://help.yahoo.com/help/us/ysearch/slurp)"
64.1.215.164 - - [08/Jan/2009:16:16:07 -0500] "GET /limerick/1996/naut296.html HTTP/1.0" 200 30357 "-" "Mozilla/5.0 (Twiceler-0.9 http://www.cuil.com/twiceler/robot.html)"
80.98.160.207 - - [08/Jan/2009:16:41:07 -0500] "GET /favicon.ico HTTP/1.1" 404 693 "-" "Mozilla/5.0 (Windows; U; Windows NT 5.1; hu; rv:1.9.0.4) Gecko/2008102920 Firefox/3.0.4"
80.98.160.207 - - [08/Jan/2009:16:41:07 -0500] "GET /gifs/goldstar.jpg HTTP/1.1" 200 1854 "http://www.toastpoint.com/fiction/novels/parkey.html" "Mozilla/5.0 (Windows; U; Windows NT 5.1; hu; rv:1.9.0.4) Gecko/2008102920 Firefox/3.0.4"
80.98.160.207 - - [08/Jan/2009:16:41:07 -0500] "GET /fiction/novels/parkey.html HTTP/1.1" 200 25723 "-" "Mozilla/5.0 (Windows; U; Windows NT 5.1; hu; rv:1.9.0.4) Gecko/2008102920 Firefox/3.0.4"
80.98.160.207 - - [08/Jan/2009:16:41:10 -0500] "GET /favicon.ico HTTP/1.1" 404 693 "-" "Mozilla/5.0 (Windows; U; Windows NT 5.1; hu; rv:1.9.0.4) Gecko/2008102920 Firefox/3.0.4"
80.98.160.207 - - [08/Jan/2009:16:41:10 -0500] "GET /favicon.ico HTTP/1.1" 404 693 "-" "Mozilla/5.0 (Windows; U; Windows NT 5.1; hu; rv:1.9.0.4) Gecko/2008102920 Firefox/3.0.4"
72.30.161.219 - - [08/Jan/2009:16:49:54 -0500] "GET /robots.txt HTTP/1.0" 404 693 "-" "Mozilla/5.0 (compatible; Yahoo! Slurp; http://help.yahoo.com/help/us/ysearch/slurp)"
72.30.161.219 - - [08/Jan/2009:16:50:34 -0500] "GET /travel/buxton2006.html HTTP/1.0" 200 1963 "-" "Mozilla/5.0 (compatible; Yahoo! Slurp; http://help.yahoo.com/help/us/ysearch/slurp)"
66.235.124.8 - - [08/Jan/2009:16:50:44 -0500] "GET /robots.txt HTTP/1.1" 404 693 "-" "Mozilla/5.0 (compatible; Ask Jeeves/Teoma; +http://about.ask.com/en/docs/about/webmasters.shtml)"
66.235.124.8 - - [08/Jan/2009:16:50:49 -0500] "GET / HTTP/1.1" 200 464 "-" "Mozilla/5.0 (compatible; Ask Jeeves/Teoma; +http://about.ask.com/en/docs/about/webmasters.shtml)"
66.235.124.8 - - [08/Jan/2009:16:50:49 -0500] "GET /toastpointtopleft.html HTTP/1.1" 200 162 "-" "Mozilla/5.0 (compatible; Ask Jeeves/Teoma; +http://about.ask.com/en/docs/about/webmasters.shtml)"
66.235.124.8 - - [08/Jan/2009:16:50:49 -0500] "GET /toastpointtoc.html HTTP/1.1" 200 1188 "-" "Mozilla/5.0 (compatible; Ask Jeeves/Teoma; +http://about.ask.com/en/docs/about/webmasters.shtml)"
66.235.124.8 - - [08/Jan/2009:16:50:49 -0500] "GET /news.html HTTP/1.1" 200 17706 "-" "Mozilla/5.0 (compatible; Ask Jeeves/Teoma; +http://about.ask.com/en/docs/about/webmasters.shtml)"
66.235.124.8 - - [08/Jan/2009:16:50:49 -0500] "GET /toastpointtopright.html HTTP/1.1" 200 151 "-" "Mozilla/5.0 (compatible; Ask Jeeves/Teoma; +http://about.ask.com/en/docs/about/webmasters.shtml)"
66.235.124.8 - - [08/Jan/2009:16:50:49 -0500] "GET /tpnews.html HTTP/1.1" 200 8305 "-" "Mozilla/5.0 (compatible; Ask Jeeves/Teoma; +http://about.ask.com/en/docs/about/webmasters.shtml)"
67.202.47.164 - - [08/Jan/2009:17:09:14 -0500] "GET /toastpointtopleft.html HTTP/1.0" 200 162 "-" "NetSeer/Nutch-0.9 (NetSeer Crawler; http://www.netseer.com; crawler@netseer.com)"
193.47.80.45 - - [08/Jan/2009:17:40:01 -0500] "GET /limerick/1996/nice196.html HTTP/1.1" 200 10647 "-" "Mozilla/5.0 (compatible; Exabot/3.0; +http://www.exabot.com/go/robot)"
72.30.161.219 - - [08/Jan/2009:18:19:49 -0500] "GET /limerick/ HTTP/1.0" 403 563 "-" "Mozilla/5.0 (compatible; Yahoo! Slurp; http://help.yahoo.com/help/us/ysearch/slurp)"
66.249.65.232 - - [08/Jan/2009:19:22:17 -0500] "GET /robots.txt HTTP/1.1" 404 693 "-" "Nokia6820/2.0 (4.83) Profile/MIDP-1.0 Configuration/CLDC-1.0 (compatible; Googlebot-Mobile/2.1; +http://www.google.com/bot.html)"
66.249.65.232 - - [08/Jan/2009:19:22:17 -0500] "GET /fiction/fiction.html HTTP/1.1" 200 2705 "-" "Nokia6820/2.0 (4.83) Profile/MIDP-1.0 Configuration/CLDC-1.0 (compatible; Googlebot-Mobile/2.1; +http://www.google.com/bot.html)"
74.224.115.13 - - [08/Jan/2009:19:40:41 -0500] "GET /favicon.ico HTTP/1.1" 404 693 "http://www.toastpoint.com/bio.html" "Mozilla/5.0 (Macintosh; U; Intel Mac OS X 10_5_5; en-us) AppleWebKit/525.27.1 (KHTML, like Gecko) Version/3.2.1 Safari/525.27.1"
74.224.115.13 - - [08/Jan/2009:19:40:41 -0500] "GET /bio.html HTTP/1.1" 200 7868 "http://www.toastpoint.com/bio.html" "Mozilla/5.0 (Macintosh; U; Intel Mac OS X 10_5_5; en-us) AppleWebKit/525.27.1 (KHTML, like Gecko) Version/3.2.1 Safari/525.27.1"
74.224.115.13 - - [08/Jan/2009:19:40:41 -0500] "GET /gifs/mom&dad.jpg HTTP/1.1" 200 6709 "http://www.toastpoint.com/bio.html" "Mozilla/5.0 (Macintosh; U; Intel Mac OS X 10_5_5; en-us) AppleWebKit/525.27.1 (KHTML, like Gecko) Version/3.2.1 Safari/525.27.1"
74.224.115.13 - - [08/Jan/2009:19:40:41 -0500] "GET /gifs/eric.jpg HTTP/1.1" 200 19411 "http://www.toastpoint.com/bio.html" "Mozilla/5.0 (Macintosh; U; Intel Mac OS X 10_5_5; en-us) AppleWebKit/525.27.1 (KHTML, like Gecko) Version/3.2.1 Safari/525.27.1"
74.224.115.13 - - [08/Jan/2009:19:40:41 -0500] "GET /gifs/samp.jpg HTTP/1.1" 200 2907 "http://www.toastpoint.com/bio.html" "Mozilla/5.0 (Macintosh; U; Intel Mac OS X 10_5_5; en-us) AppleWebKit/525.27.1 (KHTML, like Gecko) Version/3.2.1 Safari/525.27.1"
74.224.115.13 - - [08/Jan/2009:19:40:41 -0500] "GET /gifs/leopold.jpg HTTP/1.1" 200 38609 "http://www.toastpoint.com/bio.html" "Mozilla/5.0 (Macintosh; U; Intel Mac OS X 10_5_5; en-us) AppleWebKit/525.27.1 (KHTML, like Gecko) Version/3.2.1 Safari/525.27.1"
208.80.194.36 - - [08/Jan/2009:19:43:11 -0500] "GET / HTTP/1.0" 200 464 "-" "Mozilla/4.0 (compatible; MSIE 6.0; Windows NT 5.1; SV1; iOpus-I-M; .NET CLR 1.1.4322; .NET CLR 2.0.50727)"
66.249.65.232 - - [08/Jan/2009:19:45:26 -0500] "GET /haiku/haiku.html HTTP/1.1" 200 2147 "-" "Nokia6820/2.0 (4.83) Profile/MIDP-1.0 Configuration/CLDC-1.0 (compatible; Googlebot-Mobile/2.1; +http://www.google.com/bot.html)"
81.52.143.16 - - [08/Jan/2009:19:51:31 -0500] "GET /robots.txt HTTP/1.1" 404 693 "-" "Mozilla/5.0 (Windows; U; Windows NT 5.1; fr; rv:1.8.1) VoilaBot BETA 1.2 (support.voilabot@orange-ftgroup.com)"
81.52.143.16 - - [08/Jan/2009:19:51:40 -0500] "GET /haiku/haiku.html HTTP/1.1" 200 2147 "-" "Mozilla/5.0 (Windows; U; Windows NT 5.1; fr; rv:1.8.1) VoilaBot BETA 1.2 (support.voilabot@orange-ftgroup.com)"
66.249.65.232 - - [08/Jan/2009:20:08:15 -0500] "GET /fiction/fict599.html HTTP/1.1" 200 7512 "-" "Nokia6820/2.0 (4.83) Profile/MIDP-1.0 Configuration/CLDC-1.0 (compatible; Googlebot-Mobile/2.1; +http://www.google.com/bot.html)"
74.6.8.91 - - [08/Jan/2009:20:15:17 -0500] "GET /robots.txt HTTP/1.0" 404 693 "-" "Mozilla/5.0 (compatible; Yahoo! Slurp; http://help.yahoo.com/help/us/ysearch/slurp)"
64.1.215.164 - - [08/Jan/2009:20:39:57 -0500] "GET /robots.txt HTTP/1.0" 404 693 "-" "Mozilla/5.0 (Twiceler-0.9 http://www.cuil.com/twiceler/robot.html)"
124.179.131.204 - - [08/Jan/2009:20:42:49 -0500] "GET /favicon.ico HTTP/1.1" 404 693 "-" "Mozilla/4.0 (compatible; MSIE 7.0; Windows NT 5.1; Avant Browser; Avant Browser; .NET CLR 2.0.50727; .NET CLR 3.0.04506.30; InfoPath.2)"
124.179.131.204 - - [08/Jan/2009:20:42:50 -0500] "GET /limerick/nice199.html HTTP/1.1" 200 25313 "-" "Mozilla/4.0 (compatible; MSIE 7.0; Windows NT 5.1; Avant Browser; Avant Browser; .NET CLR 2.0.50727; .NET CLR 3.0.04506.30; InfoPath.2)"
124.179.131.204 - - [08/Jan/2009:20:42:51 -0500] "GET /gifs/birdumb2.gif HTTP/1.1" 200 4698 "-" "Mozilla/4.0 (compatible; MSIE 7.0; Windows NT 5.1; Avant Browser; Avant Browser; .NET CLR 2.0.50727; .NET CLR 3.0.04506.30; InfoPath.2)"
124.179.131.204 - - [08/Jan/2009:20:42:51 -0500] "GET /gifs/birdumb.gif HTTP/1.1" 200 4704 "-" "Mozilla/4.0 (compatible; MSIE 7.0; Windows NT 5.1; Avant Browser; Avant Browser; .NET CLR 2.0.50727; .NET CLR 3.0.04506.30; InfoPath.2)"
124.179.131.204 - - [08/Jan/2009:20:42:51 -0500] "GET /gifs/goldstar.jpg HTTP/1.1" 200 1854 "-" "Mozilla/4.0 (compatible; MSIE 7.0; Windows NT 5.1; Avant Browser; Avant Browser; .NET CLR 2.0.50727; .NET CLR 3.0.04506.30; InfoPath.2)"
24.191.39.77 - - [08/Jan/2009:20:46:05 -0500] "GET /favicon.ico HTTP/1.1" 404 693 "-" "Mozilla/4.0 (compatible; MSIE 7.0; Windows NT 5.1; GTB5; .NET CLR 1.0.3705; .NET CLR 1.1.4322; Media Center PC 2.8)"
24.191.39.77 - - [08/Jan/2009:20:46:09 -0500] "GET /index_files/image001.gif HTTP/1.1" 200 1409 "http://charleskeiser.com/" "Mozilla/4.0 (compatible; MSIE 7.0; Windows NT 5.1; GTB5; .NET CLR 1.0.3705; .NET CLR 1.1.4322; Media Center PC 2.8)"
24.191.39.77 - - [08/Jan/2009:20:46:06 -0500] "GET / HTTP/1.1" 200 919088 "-" "Mozilla/4.0 (compatible; MSIE 7.0; Windows NT 5.1; GTB5; .NET CLR 1.0.3705; .NET CLR 1.1.4322; Media Center PC 2.8)"
24.191.39.77 - - [08/Jan/2009:20:46:09 -0500] "GET /index_files/image005.jpg HTTP/1.1" 200 3222 "-" "Mozilla/4.0 (compatible; MSIE 7.0; Windows NT 5.1; GTB5; .NET CLR 1.0.3705; .NET CLR 1.1.4322; Media Center PC 2.8)"
24.191.39.77 - - [08/Jan/2009:20:46:09 -0500] "GET /index_files/image009.wmz HTTP/1.1" 200 197 "-" "Mozilla/4.0 (compatible; MSIE 7.0; Windows NT 5.1; GTB5; .NET CLR 1.0.3705; .NET CLR 1.1.4322; Media Center PC 2.8)"
24.191.39.77 - - [08/Jan/2009:20:46:09 -0500] "GET /index_files/image006.png HTTP/1.1" 200 4445 "-" "Mozilla/4.0 (compatible; MSIE 7.0; Windows NT 5.1; GTB5; .NET CLR 1.0.3705; .NET CLR 1.1.4322; Media Center PC 2.8)"
24.191.39.77 - - [08/Jan/2009:20:46:09 -0500] "GET /index_files/image011.jpg HTTP/1.1" 200 158770 "-" "Mozilla/4.0 (compatible; MSIE 7.0; Windows NT 5.1; GTB5; .NET CLR 1.0.3705; .NET CLR 1.1.4322; Media Center PC 2.8)"
66.249.65.232 - - [08/Jan/2009:21:18:43 -0500] "GET /fiction/novels/peak4.html HTTP/1.1" 200 13115 "-" "Nokia6820/2.0 (4.83) Profile/MIDP-1.0 Configuration/CLDC-1.0 (compatible; Googlebot-Mobile/2.1; +http://www.google.com/bot.html)"
67.202.47.164 - - [08/Jan/2009:21:20:59 -0500] "GET /toastpointtoc.html HTTP/1.0" 200 1188 "-" "NetSeer/Nutch-0.9 (NetSeer Crawler; http://www.netseer.com; crawler@netseer.com)"
58.71.8.109 - - [08/Jan/2009:21:24:38 -0500] "GET /favicon.ico HTTP/1.1" 404 693 "-" "Mozilla/5.0 (Windows; U; Windows NT 5.1; en-US; rv:1.8.1.12) Gecko/20080201 Firefox/2.0.0.12"
58.71.8.109 - - [08/Jan/2009:21:24:39 -0500] "GET /gifs/japan.gif HTTP/1.1" 200 5737 "http://www.toastpoint.com/haiku/haiku299.html" "Mozilla/5.0 (Windows; U; Windows NT 5.1; en-US; rv:1.8.1.12) Gecko/20080201 Firefox/2.0.0.12"
58.71.8.109 - - [08/Jan/2009:21:24:41 -0500] "GET /gifs/goldstar.jpg HTTP/1.1" 200 1854 "http://www.toastpoint.com/haiku/haiku299.html" "Mozilla/5.0 (Windows; U; Windows NT 5.1; en-US; rv:1.8.1.12) Gecko/20080201 Firefox/2.0.0.12"
58.71.8.109 - - [08/Jan/2009:21:24:42 -0500] "GET /gifs/blank.jpg HTTP/1.1" 200 705 "http://www.toastpoint.com/haiku/haiku299.html" "Mozilla/5.0 (Windows; U; Windows NT 5.1; en-US; rv:1.8.1.12) Gecko/20080201 Firefox/2.0.0.12"
58.71.8.109 - - [08/Jan/2009:21:24:38 -0500] "GET /haiku/haiku299.html HTTP/1.1" 200 68017 "-" "Mozilla/5.0 (Windows; U; Windows NT 5.1; en-US; rv:1.8.1.12) Gecko/20080201 Firefox/2.0.0.12"
66.249.65.232 - - [08/Jan/2009:21:25:09 -0500] "GET /fiction/fict399.html HTTP/1.1" 200 27729 "-" "Nokia6820/2.0 (4.83) Profile/MIDP-1.0 Configuration/CLDC-1.0 (compatible; Googlebot-Mobile/2.1; +http://www.google.com/bot.html)"
66.249.65.232 - - [08/Jan/2009:21:27:24 -0500] "GET /fiction/fict299.html HTTP/1.1" 200 38635 "-" "Nokia6820/2.0 (4.83) Profile/MIDP-1.0 Configuration/CLDC-1.0 (compatible; Googlebot-Mobile/2.1; +http://www.google.com/bot.html)"
66.249.65.232 - - [08/Jan/2009:21:33:18 -0500] "GET /fiction/novels/peak3.html HTTP/1.1" 200 6906 "-" "Nokia6820/2.0 (4.83) Profile/MIDP-1.0 Configuration/CLDC-1.0 (compatible; Googlebot-Mobile/2.1; +http://www.google.com/bot.html)"
66.249.65.232 - - [08/Jan/2009:21:37:49 -0500] "GET /fiction/novels/peak2.html HTTP/1.1" 200 15955 "-" "Nokia6820/2.0 (4.83) Profile/MIDP-1.0 Configuration/CLDC-1.0 (compatible; Googlebot-Mobile/2.1; +http://www.google.com/bot.html)"
66.249.65.232 - - [08/Jan/2009:21:40:14 -0500] "GET /fiction/fict499.html HTTP/1.1" 200 12868 "-" "Nokia6820/2.0 (4.83) Profile/MIDP-1.0 Configuration/CLDC-1.0 (compatible; Googlebot-Mobile/2.1; +http://www.google.com/bot.html)"
66.249.65.232 - - [08/Jan/2009:21:40:26 -0500] "GET /fiction/fict199.html HTTP/1.1" 200 21503 "-" "Nokia6820/2.0 (4.83) Profile/MIDP-1.0 Configuration/CLDC-1.0 (compatible; Googlebot-Mobile/2.1; +http://www.google.com/bot.html)"
66.249.65.232 - - [08/Jan/2009:21:59:17 -0500] "GET /fiction/novels/parkey.html HTTP/1.1" 200 25723 "-" "Nokia6820/2.0 (4.83) Profile/MIDP-1.0 Configuration/CLDC-1.0 (compatible; Googlebot-Mobile/2.1; +http://www.google.com/bot.html)"
66.249.65.232 - - [08/Jan/2009:21:59:18 -0500] "GET /fiction/novels/xmascurl.html HTTP/1.1" 200 33957 "-" "Nokia6820/2.0 (4.83) Profile/MIDP-1.0 Configuration/CLDC-1.0 (compatible; Googlebot-Mobile/2.1; +http://www.google.com/bot.html)"
66.249.65.232 - - [08/Jan/2009:21:59:21 -0500] "GET /fiction/novels/rosalind.html HTTP/1.1" 200 30989 "-" "Nokia6820/2.0 (4.83) Profile/MIDP-1.0 Configuration/CLDC-1.0 (compatible; Googlebot-Mobile/2.1; +http://www.google.com/bot.html)"
193.47.80.77 - - [08/Jan/2009:22:40:55 -0500] "GET /limerick/1997/naut197.html HTTP/1.0" 200 27246 "-" "Mozilla/5.0 (compatible; Konqueror/3.5; Linux) KHTML/3.5.5 (like Gecko) (Exabot-Thumbnails)"
193.47.80.77 - - [08/Jan/2009:22:40:56 -0500] "GET /gifs/mouthf1.jpg HTTP/1.0" 200 3650 "http://www.toastpoint.com/limerick/1997/naut197.html" "Mozilla/5.0 (compatible; Konqueror/3.5; Linux) KHTML/3.5.5 (like Gecko) (Exabot-Thumbnails)"
193.47.80.77 - - [08/Jan/2009:22:40:56 -0500] "GET /gifs/banana.jpg HTTP/1.0" 200 4139 "http://www.toastpoint.com/limerick/1997/naut197.html" "Mozilla/5.0 (compatible; Konqueror/3.5; Linux) KHTML/3.5.5 (like Gecko) (Exabot-Thumbnails)"
193.47.80.77 - - [08/Jan/2009:22:40:56 -0500] "GET /gifs/goldstar.jpg HTTP/1.0" 200 1854 "http://www.toastpoint.com/limerick/1997/naut197.html" "Mozilla/5.0 (compatible; Konqueror/3.5; Linux) KHTML/3.5.5 (like Gecko) (Exabot-Thumbnails)"
193.47.80.45 - - [08/Jan/2009:22:48:08 -0500] "GET /limerick/1997/naut197.html HTTP/1.1" 200 27246 "-" "Mozilla/5.0 (compatible; Exabot/3.0; +http://www.exabot.com/go/robot)"
81.52.143.26 - - [08/Jan/2009:22:50:01 -0500] "GET /limerick/docs/formhint.html HTTP/1.1" 200 2522 "-" "Mozilla/5.0 (Windows; U; Windows NT 5.1; fr; rv:1.8.1) VoilaBot BETA 1.2 (support.voilabot@orange-ftgroup.com)"
70.156.238.96 - - [08/Jan/2009:22:53:38 -0500] "GET / HTTP/1.1" 200 464 "-" "Mozilla/4.0 (compatible; MSIE 7.0; Windows NT 5.1; .NET CLR 1.1.4322; .NET CLR 2.0.50727)"
70.156.238.96 - - [08/Jan/2009:22:53:38 -0500] "GET /favicon.ico HTTP/1.1" 404 693 "-" "Mozilla/4.0 (compatible; MSIE 7.0; Windows NT 5.1; .NET CLR 1.1.4322; .NET CLR 2.0.50727)"
70.156.238.96 - - [08/Jan/2009:22:53:38 -0500] "GET /gifs/mouthf1.jpg HTTP/1.1" 200 3650 "http://www.toastpoint.com/limerick/1997/naut197.html" "Mozilla/4.0 (compatible; MSIE 7.0; Windows NT 5.1; .NET CLR 1.1.4322; .NET CLR 2.0.50727)"
70.156.238.96 - - [08/Jan/2009:22:53:38 -0500] "GET /gifs/banana.jpg HTTP/1.1" 200 4139 "http://www.toastpoint.com/limerick/1997/naut197.html" "Mozilla/4.0 (compatible; MSIE 7.0; Windows NT 5.1; .NET CLR 1.1.4322; .NET CLR 2.0.50727)"
70.156.238.96 - - [08/Jan/2009:22:53:38 -0500] "GET /gifs/goldstar.jpg HTTP/1.1" 200 1854 "http://www.toastpoint.com/limerick/1997/naut197.html" "Mozilla/4.0 (compatible; MSIE 7.0; Windows NT 5.1; .NET CLR 1.1.4322; .NET CLR 2.0.50727)"
70.156.238.96 - - [08/Jan/2009:22:53:38 -0500] "GET / HTTP/1.1" 200 464 "-" "Mozilla/4.0 (compatible; MSIE 7.0; Windows NT 5.1; .NET CLR 1.1.4322; .NET CLR 2.0.50727)"
70.156.238.96 - - [08/Jan/2009:22:53:38 -0500] "GET /limerick/1997/naut197.html HTTP/1.1" 200 27246 "-" "Mozilla/4.0 (compatible; MSIE 7.0; Windows NT 5.1; .NET CLR 1.1.4322; .NET CLR 2.0.50727)"
208.36.144.8 - - [08/Jan/2009:22:54:37 -0500] "GET /robots.txt HTTP/1.0" 404 693 "-" "Mozilla/5.0 (Twiceler-0.9 http://www.cuil.com/twiceler/robot.html)"
81.52.143.16 - - [08/Jan/2009:23:32:00 -0500] "GET /limerick/1998/naut598.html HTTP/1.1" 200 63665 "-" "Mozilla/5.0 (Windows; U; Windows NT 5.1; fr; rv:1.8.1) VoilaBot BETA 1.2 (support.voilabot@orange-ftgroup.com)"
74.6.17.155 - - [08/Jan/2009:23:54:55 -0500] "GET /robots.txt HTTP/1.0" 404 693 "-" "Mozilla/5.0 (compatible; Yahoo! Slurp; http://help.yahoo.com/help/us/ysearch/slurp)"
