66.235.124.8 - - [25/Feb/2009:00:05:36 -0500] "GET /limerick/naut299.html HTTP/1.1" 200 23095 "-" "Mozilla/5.0 (compatible; Ask Jeeves/Teoma; +http://about.ask.com/en/docs/about/webmasters.shtml)"
66.235.124.8 - - [25/Feb/2009:00:26:29 -0500] "GET /limerick/1997/naut397.html HTTP/1.1" 200 21435 "-" "Mozilla/5.0 (compatible; Ask Jeeves/Teoma; +http://about.ask.com/en/docs/about/webmasters.shtml)"
117.120.16.131 - - [25/Feb/2009:00:33:01 -0500] "GET /favicon.ico HTTP/1.1" 404 693 "-" "Mozilla/5.0 (Macintosh; U; PPC Mac OS X 10.4; en-US; rv:1.9) Gecko/2008061004 Firefox/3.0"
117.120.16.131 - - [25/Feb/2009:00:33:01 -0500] "GET /limerick/docs/formhint.html HTTP/1.1" 200 2522 "-" "Mozilla/5.0 (Macintosh; U; PPC Mac OS X 10.4; en-US; rv:1.9) Gecko/2008061004 Firefox/3.0"
117.120.16.131 - - [25/Feb/2009:00:33:01 -0500] "GET /limerick/gifs/goldstar.jpg HTTP/1.1" 404 693 "http://www.toastpoint.com/limerick/docs/formhint.html" "Mozilla/5.0 (Macintosh; U; PPC Mac OS X 10.4; en-US; rv:1.9) Gecko/2008061004 Firefox/3.0"
117.120.16.131 - - [25/Feb/2009:00:33:02 -0500] "GET /favicon.ico HTTP/1.1" 404 693 "-" "Mozilla/5.0 (Macintosh; U; PPC Mac OS X 10.4; en-US; rv:1.9) Gecko/2008061004 Firefox/3.0"
117.120.16.131 - - [25/Feb/2009:00:33:03 -0500] "GET /favicon.ico HTTP/1.1" 404 693 "-" "Mozilla/5.0 (Macintosh; U; PPC Mac OS X 10.4; en-US; rv:1.9) Gecko/2008061004 Firefox/3.0"
117.120.16.131 - - [25/Feb/2009:00:33:04 -0500] "GET /favicon.ico HTTP/1.1" 404 693 "-" "Mozilla/5.0 (Macintosh; U; PPC Mac OS X 10.4; en-US; rv:1.9) Gecko/2008061004 Firefox/3.0"
76.95.226.124 - - [25/Feb/2009:01:12:46 -0500] "GET /favicon.ico HTTP/1.1" 404 693 "-" "Mozilla/5.0 (Windows; U; Windows NT 5.1; en-US; rv:1.9.0.6) Gecko/2009011913 Firefox/3.0.6"
76.95.226.124 - - [25/Feb/2009:01:12:46 -0500] "GET /gifs/birdumb2.gif HTTP/1.1" 200 4698 "http://www.toastpoint.com/limerick/nice299.html" "Mozilla/5.0 (Windows; U; Windows NT 5.1; en-US; rv:1.9.0.6) Gecko/2009011913 Firefox/3.0.6"
76.95.226.124 - - [25/Feb/2009:01:12:46 -0500] "GET /gifs/goldstar.jpg HTTP/1.1" 200 1854 "http://www.toastpoint.com/limerick/nice299.html" "Mozilla/5.0 (Windows; U; Windows NT 5.1; en-US; rv:1.9.0.6) Gecko/2009011913 Firefox/3.0.6"
76.95.226.124 - - [25/Feb/2009:01:12:46 -0500] "GET /gifs/birdumb.gif HTTP/1.1" 200 4704 "http://www.toastpoint.com/limerick/nice299.html" "Mozilla/5.0 (Windows; U; Windows NT 5.1; en-US; rv:1.9.0.6) Gecko/2009011913 Firefox/3.0.6"
76.95.226.124 - - [25/Feb/2009:01:12:46 -0500] "GET /limerick/nice299.html HTTP/1.1" 200 28130 "-" "Mozilla/5.0 (Windows; U; Windows NT 5.1; en-US; rv:1.9.0.6) Gecko/2009011913 Firefox/3.0.6"
76.95.226.124 - - [25/Feb/2009:01:12:49 -0500] "GET /favicon.ico HTTP/1.1" 404 693 "-" "Mozilla/5.0 (Windows; U; Windows NT 5.1; en-US; rv:1.9.0.6) Gecko/2009011913 Firefox/3.0.6"
76.95.226.124 - - [25/Feb/2009:01:12:49 -0500] "GET /favicon.ico HTTP/1.1" 404 693 "-" "Mozilla/5.0 (Windows; U; Windows NT 5.1; en-US; rv:1.9.0.6) Gecko/2009011913 Firefox/3.0.6"
67.195.37.179 - - [25/Feb/2009:02:10:25 -0500] "GET /haiku/haiku.html HTTP/1.0" 200 2147 "-" "Mozilla/5.0 (compatible; Yahoo! DE Slurp; http://help.yahoo.com/help/us/ysearch/slurp)"
66.235.124.8 - - [25/Feb/2009:02:30:59 -0500] "GET /fiction/novels/peak2.html HTTP/1.1" 200 15955 "-" "Mozilla/5.0 (compatible; Ask Jeeves/Teoma; +http://about.ask.com/en/docs/about/webmasters.shtml)"
66.235.124.8 - - [25/Feb/2009:02:31:19 -0500] "GET /limerick/1997/naut997.html HTTP/1.1" 200 53317 "-" "Mozilla/5.0 (compatible; Ask Jeeves/Teoma; +http://about.ask.com/en/docs/about/webmasters.shtml)"
74.6.22.172 - - [25/Feb/2009:02:55:29 -0500] "GET /robots.txt HTTP/1.0" 404 693 "-" "Mozilla/5.0 (compatible; Yahoo! Slurp; http://help.yahoo.com/help/us/ysearch/slurp)"
114.111.36.31 - - [25/Feb/2009:03:27:20 -0500] "GET /robots.txt HTTP/1.1" 404 693 "-" "Mozilla/4.0 (compatible; NaverBot/1.0; http://help.naver.com/customer_webtxt_02.jsp)"
114.111.36.31 - - [25/Feb/2009:03:27:20 -0500] "GET /bio.html HTTP/1.1" 200 7868 "-" "Mozilla/4.0 (compatible; NaverBot/1.0; http://help.naver.com/customer_webtxt_02.jsp)"
114.111.36.31 - - [25/Feb/2009:03:27:36 -0500] "GET /contests.html HTTP/1.1" 200 1230 "-" "Mozilla/4.0 (compatible; NaverBot/1.0; http://help.naver.com/customer_webtxt_02.jsp)"
114.111.36.31 - - [25/Feb/2009:03:27:51 -0500] "GET /ponder.html HTTP/1.1" 200 3441 "-" "Mozilla/4.0 (compatible; NaverBot/1.0; http://help.naver.com/customer_webtxt_02.jsp)"
193.170.181.157 - - [25/Feb/2009:03:41:08 -0500] "GET /limerick/brady/brady98.html HTTP/1.1" 200 8297 "http://www.google.com/search?hl=de&rls=com.microsoft%3Ade%3AIE-SearchBox&rlz=1I7SUNA_de&q=limmericks+Alice&lr=" "Mozilla/4.0 (compatible; MSIE 7.0; Windows NT 5.1; GTB5; .NET CLR 1.1.4322; .NET CLR 2.0.50727; InfoPath.1; .NET CLR 3.0.04506.30; .NET CLR 3.0.04506.648)"
193.170.181.157 - - [25/Feb/2009:03:41:08 -0500] "GET /gifs/goldstar.jpg HTTP/1.1" 200 1854 "http://www.toastpoint.com/limerick/brady/brady98.html" "Mozilla/4.0 (compatible; MSIE 7.0; Windows NT 5.1; GTB5; .NET CLR 1.1.4322; .NET CLR 2.0.50727; InfoPath.1; .NET CLR 3.0.04506.30; .NET CLR 3.0.04506.648)"
193.170.181.157 - - [25/Feb/2009:03:41:08 -0500] "GET /limerick/brady/thebunch.gif HTTP/1.1" 200 41886 "http://www.toastpoint.com/limerick/brady/brady98.html" "Mozilla/4.0 (compatible; MSIE 7.0; Windows NT 5.1; GTB5; .NET CLR 1.1.4322; .NET CLR 2.0.50727; InfoPath.1; .NET CLR 3.0.04506.30; .NET CLR 3.0.04506.648)"
193.170.181.157 - - [25/Feb/2009:03:41:09 -0500] "GET /favicon.ico HTTP/1.1" 404 693 "-" "Mozilla/4.0 (compatible; MSIE 7.0; Windows NT 5.1; GTB5; .NET CLR 1.1.4322; .NET CLR 2.0.50727; InfoPath.1; .NET CLR 3.0.04506.30; .NET CLR 3.0.04506.648)"
66.235.124.8 - - [25/Feb/2009:03:57:31 -0500] "GET /fiction/fict97/fict1197.html HTTP/1.1" 200 12283 "-" "Mozilla/5.0 (compatible; Ask Jeeves/Teoma; +http://about.ask.com/en/docs/about/webmasters.shtml)"
66.235.124.8 - - [25/Feb/2009:04:18:09 -0500] "GET /writing/funny.html HTTP/1.1" 200 6412 "-" "Mozilla/5.0 (compatible; Ask Jeeves/Teoma; +http://about.ask.com/en/docs/about/webmasters.shtml)"
121.222.231.160 - - [25/Feb/2009:04:48:50 -0500] "GET /limerick/1997/nice797.html HTTP/1.1" 200 19339 "http://www.google.com.au/search?hl=en&rlz=1W1HPAB_en&ei=-ROlSZOXDpKasAPkh9WqAg&sa=X&oi=spell&resnum=0&ct=result&cd=1&q=limericks+about+pureness&spell=1" "Mozilla/4.0 (compatible; MSIE 7.0; Windows NT 5.1; GTB5; .NET CLR 1.1.4322)"
121.222.231.160 - - [25/Feb/2009:04:48:51 -0500] "GET /gifs/birdumb2.gif HTTP/1.1" 200 4698 "http://www.toastpoint.com/limerick/1997/nice797.html" "Mozilla/4.0 (compatible; MSIE 7.0; Windows NT 5.1; GTB5; .NET CLR 1.1.4322)"
121.222.231.160 - - [25/Feb/2009:04:48:51 -0500] "GET /gifs/birdumb.gif HTTP/1.1" 200 4704 "http://www.toastpoint.com/limerick/1997/nice797.html" "Mozilla/4.0 (compatible; MSIE 7.0; Windows NT 5.1; GTB5; .NET CLR 1.1.4322)"
121.222.231.160 - - [25/Feb/2009:04:48:52 -0500] "GET /gifs/goldstar.jpg HTTP/1.1" 200 1854 "http://www.toastpoint.com/limerick/1997/nice797.html" "Mozilla/4.0 (compatible; MSIE 7.0; Windows NT 5.1; GTB5; .NET CLR 1.1.4322)"
121.222.231.160 - - [25/Feb/2009:04:48:52 -0500] "GET /favicon.ico HTTP/1.1" 404 693 "-" "Mozilla/4.0 (compatible; MSIE 7.0; Windows NT 5.1; GTB5; .NET CLR 1.1.4322)"
66.249.65.234 - - [25/Feb/2009:04:53:13 -0500] "GET /robots.txt HTTP/1.1" 404 693 "-" "Googlebot-Image/1.0"
66.249.65.225 - - [25/Feb/2009:04:53:13 -0500] "GET /index_files/image028.gif HTTP/1.1" 304 - "-" "Googlebot-Image/1.0"
66.249.65.237 - - [25/Feb/2009:04:59:44 -0500] "GET /index_files/image027.jpg HTTP/1.1" 304 - "-" "Googlebot-Image/1.0"
66.235.124.8 - - [25/Feb/2009:05:52:07 -0500] "GET /haiku/1997/haiku797.html HTTP/1.1" 200 23929 "-" "Mozilla/5.0 (compatible; Ask Jeeves/Teoma; +http://about.ask.com/en/docs/about/webmasters.shtml)"
66.235.124.8 - - [25/Feb/2009:06:09:00 -0500] "GET /haiku/1997/haik1197.html HTTP/1.1" 200 26399 "-" "Mozilla/5.0 (compatible; Ask Jeeves/Teoma; +http://about.ask.com/en/docs/about/webmasters.shtml)"
66.249.65.235 - - [25/Feb/2009:06:17:46 -0500] "GET /robots.txt HTTP/1.1" 404 693 "-" "Googlebot-Image/1.0"
66.249.65.230 - - [25/Feb/2009:06:17:46 -0500] "GET /index_files/image051.gif HTTP/1.1" 304 - "-" "Googlebot-Image/1.0"
63.241.3.51 - - [25/Feb/2009:06:51:23 -0500] "GET /limerick/limerick.html HTTP/1.1" 200 2613 "-" "-"
66.235.124.8 - - [25/Feb/2009:07:46:16 -0500] "GET /haiku/haiku399.html HTTP/1.1" 200 75208 "-" "Mozilla/5.0 (compatible; Ask Jeeves/Teoma; +http://about.ask.com/en/docs/about/webmasters.shtml)"
62.129.121.63 - - [25/Feb/2009:08:15:04 -0500] "GET /favicon.ico HTTP/1.1" 404 693 "-" "Mozilla/5.0 (Windows; U; Windows NT 5.1; en-GB; rv:1.9.0.6) Gecko/2009011913 Firefox/3.0.6"
62.129.121.63 - - [25/Feb/2009:08:15:07 -0500] "GET /favicon.ico HTTP/1.1" 404 693 "-" "Mozilla/5.0 (Windows; U; Windows NT 5.1; en-GB; rv:1.9.0.6) Gecko/2009011913 Firefox/3.0.6"
192.223.6.81 - - [25/Feb/2009:08:34:09 -0500] "GET /limerick/1996/nice496.html HTTP/1.1" 200 15372 "http://www.google.com/search?hl=en&q=40th+birthday+limericks&btnG=Search" "Mozilla/5.0 (Macintosh; U; PPC Mac OS X Mach-O; en-US; rv:1.8.1.7) Gecko/20070914 Firefox/2.0.0.7"
192.223.6.81 - - [25/Feb/2009:08:34:10 -0500] "GET /gifs/goldstar.jpg HTTP/1.1" 200 1854 "http://www.toastpoint.com/limerick/1996/nice496.html" "Mozilla/5.0 (Macintosh; U; PPC Mac OS X Mach-O; en-US; rv:1.8.1.7) Gecko/20070914 Firefox/2.0.0.7"
192.223.6.81 - - [25/Feb/2009:08:34:10 -0500] "GET /gifs/happy.jpg HTTP/1.1" 200 3135 "http://www.toastpoint.com/limerick/1996/nice496.html" "Mozilla/5.0 (Macintosh; U; PPC Mac OS X Mach-O; en-US; rv:1.8.1.7) Gecko/20070914 Firefox/2.0.0.7"
192.223.6.81 - - [25/Feb/2009:08:34:10 -0500] "GET /favicon.ico HTTP/1.1" 404 693 "-" "Mozilla/5.0 (Macintosh; U; PPC Mac OS X Mach-O; en-US; rv:1.8.1.7) Gecko/20070914 Firefox/2.0.0.7"
208.80.194.37 - - [25/Feb/2009:09:35:09 -0500] "GET / HTTP/1.0" 200 464 "-" "Mozilla/4.0 (compatible; MSIE 7.0; Windows NT 5.1; snprtz|S25134200001036|2600#Service Pack 2#2#5#1)"
217.212.224.183 - - [25/Feb/2009:09:41:36 -0500] "GET /robots.txt HTTP/1.0" 404 693 "-" "psbot/0.1 (+http://www.picsearch.com/bot.html)"
217.212.224.149 - - [25/Feb/2009:09:41:36 -0500] "GET /limerick/gifs/goldstar.jpg HTTP/1.0" 404 693 "-" "psbot/0.1 (+http://www.picsearch.com/bot.html)"
24.39.50.242 - - [25/Feb/2009:09:52:19 -0500] "GET /rapture/tbj-jury.gif HTTP/1.0" 200 3904 "http://www.dogpile.com/dogpile/ws/results/Images/jury/1/417/TopNavigation/Relevance/iq=true/zoom=off/_iceUrlFlag=7?_IceUrl=true" "Mozilla/5.0 (Macintosh; U; PPC Mac OS X Mach-O; en-US; rv:1.8.1.12) Gecko/20080201 Firefox/2.0.0.12"
66.249.65.226 - - [25/Feb/2009:10:15:09 -0500] "GET /robots.txt HTTP/1.1" 404 693 "-" "SAMSUNG-SGH-E250/1.0 Profile/MIDP-2.0 Configuration/CLDC-1.1 UP.Browser/6.2.3.3.c.1.101 (GUI) MMP/2.0 (compatible; Googlebot-Mobile/2.1; +http://www.google.com/bot.html)"
66.249.65.234 - - [25/Feb/2009:10:15:09 -0500] "GET /limerick/limerick.html HTTP/1.1" 200 2613 "-" "SAMSUNG-SGH-E250/1.0 Profile/MIDP-2.0 Configuration/CLDC-1.1 UP.Browser/6.2.3.3.c.1.101 (GUI) MMP/2.0 (compatible; Googlebot-Mobile/2.1; +http://www.google.com/bot.html)"
24.136.96.115 - - [25/Feb/2009:10:24:14 -0500] "GET /limerick/nice299.html HTTP/1.0" 200 28130 "http://www.google.com/search?source=ig&hl=en&rlz=&q=clean+limericks&aq=0&oq=clean+limer" "Mozilla/4.0 (compatible; MSIE 6.0; Windows NT 5.1; SV1; .NET CLR 1.1.4322; InfoPath.2; .NET CLR 2.0.50727)"
24.136.96.115 - - [25/Feb/2009:10:24:17 -0500] "GET /gifs/birdumb2.gif HTTP/1.0" 200 4698 "http://www.toastpoint.com/limerick/nice299.html" "Mozilla/4.0 (compatible; MSIE 6.0; Windows NT 5.1; SV1; .NET CLR 1.1.4322; InfoPath.2; .NET CLR 2.0.50727)"
24.136.96.115 - - [25/Feb/2009:10:24:17 -0500] "GET /gifs/birdumb.gif HTTP/1.0" 200 4704 "http://www.toastpoint.com/limerick/nice299.html" "Mozilla/4.0 (compatible; MSIE 6.0; Windows NT 5.1; SV1; .NET CLR 1.1.4322; InfoPath.2; .NET CLR 2.0.50727)"
24.136.96.115 - - [25/Feb/2009:10:24:17 -0500] "GET /gifs/goldstar.jpg HTTP/1.0" 200 1854 "http://www.toastpoint.com/limerick/nice299.html" "Mozilla/4.0 (compatible; MSIE 6.0; Windows NT 5.1; SV1; .NET CLR 1.1.4322; InfoPath.2; .NET CLR 2.0.50727)"
24.136.96.115 - - [25/Feb/2009:10:24:19 -0500] "GET /gifs/birdumb.gif HTTP/1.0" 200 4704 "http://www.toastpoint.com/limerick/nice299.html" "Mozilla/4.0 (compatible; MSIE 6.0; Windows NT 5.1; SV1; .NET CLR 1.1.4322; InfoPath.2; .NET CLR 2.0.50727)"
24.136.96.115 - - [25/Feb/2009:10:24:22 -0500] "GET /gifs/birdumb2.gif HTTP/1.0" 200 4698 "http://www.toastpoint.com/limerick/nice299.html" "Mozilla/4.0 (compatible; MSIE 6.0; Windows NT 5.1; SV1; .NET CLR 1.1.4322; InfoPath.2; .NET CLR 2.0.50727)"
24.136.96.115 - - [25/Feb/2009:10:24:22 -0500] "GET /gifs/goldstar.jpg HTTP/1.0" 200 1854 "http://www.toastpoint.com/limerick/nice299.html" "Mozilla/4.0 (compatible; MSIE 6.0; Windows NT 5.1; SV1; .NET CLR 1.1.4322; InfoPath.2; .NET CLR 2.0.50727)"
98.125.94.45 - - [25/Feb/2009:10:38:29 -0500] "GET /gifs/goldstar.jpg HTTP/1.1" 200 1854 "http://www.toastpoint.com/limerick/naut199.html" "Mozilla/4.0 (compatible; MSIE 6.0; Windows NT 5.1; SV1; .NET CLR 1.1.4322)"
98.125.94.45 - - [25/Feb/2009:10:38:29 -0500] "GET /gifs/nakedman.gif HTTP/1.1" 200 7734 "http://www.toastpoint.com/limerick/naut199.html" "Mozilla/4.0 (compatible; MSIE 6.0; Windows NT 5.1; SV1; .NET CLR 1.1.4322)"
98.125.94.45 - - [25/Feb/2009:10:38:29 -0500] "GET /gifs/boobies.gif HTTP/1.1" 200 11144 "http://www.toastpoint.com/limerick/naut199.html" "Mozilla/4.0 (compatible; MSIE 6.0; Windows NT 5.1; SV1; .NET CLR 1.1.4322)"
98.125.94.45 - - [25/Feb/2009:10:38:29 -0500] "GET /limerick/naut199.html HTTP/1.1" 200 34481 "http://www.google.com/search?hl=en&q=limerick+naughty" "Mozilla/4.0 (compatible; MSIE 6.0; Windows NT 5.1; SV1; .NET CLR 1.1.4322)"
98.125.94.45 - - [25/Feb/2009:10:38:30 -0500] "GET /favicon.ico HTTP/1.1" 404 693 "-" "-"
208.36.144.8 - - [25/Feb/2009:10:41:08 -0500] "GET /robots.txt HTTP/1.0" 404 693 "-" "Mozilla/5.0 (Twiceler-0.9 http://www.cuil.com/twiceler/robot.html)"
148.177.1.212 - - [25/Feb/2009:10:44:17 -0500] "GET /limerick/naut199.html HTTP/1.1" 200 34481 "http://www.google.com/search?sourceid=navclient&aq=s0&oq=dirty limer&ie=UTF-8&rlz=1T4ADBF_enUS267US267&q=naughty+limericks" "Mozilla/4.0 (compatible; MSIE 7.0; Windows NT 5.1; GTB5; MS-RTC LM 8)"
148.177.1.212 - - [25/Feb/2009:10:44:18 -0500] "GET /gifs/boobies.gif HTTP/1.1" 200 11144 "http://www.toastpoint.com/limerick/naut199.html" "Mozilla/4.0 (compatible; MSIE 7.0; Windows NT 5.1; GTB5; MS-RTC LM 8)"
148.177.1.212 - - [25/Feb/2009:10:44:18 -0500] "GET /gifs/goldstar.jpg HTTP/1.1" 200 1854 "http://www.toastpoint.com/limerick/naut199.html" "Mozilla/4.0 (compatible; MSIE 7.0; Windows NT 5.1; GTB5; MS-RTC LM 8)"
148.177.1.212 - - [25/Feb/2009:10:44:18 -0500] "GET /gifs/nakedman.gif HTTP/1.1" 200 7734 "http://www.toastpoint.com/limerick/naut199.html" "Mozilla/4.0 (compatible; MSIE 7.0; Windows NT 5.1; GTB5; MS-RTC LM 8)"
148.177.1.212 - - [25/Feb/2009:10:44:18 -0500] "GET /favicon.ico HTTP/1.1" 404 693 "-" "Mozilla/4.0 (compatible; MSIE 7.0; Windows NT 5.1; GTB5; MS-RTC LM 8)"
98.125.94.45 - - [25/Feb/2009:10:45:36 -0500] "GET /limerick/naut299.html HTTP/1.1" 200 23095 "http://www.toastpoint.com/limerick/naut199.html" "Mozilla/4.0 (compatible; MSIE 6.0; Windows NT 5.1; SV1; .NET CLR 1.1.4322)"
98.125.94.45 - - [25/Feb/2009:10:46:57 -0500] "GET /limerick/naut399.html HTTP/1.1" 200 38217 "http://www.toastpoint.com/limerick/naut299.html" "Mozilla/4.0 (compatible; MSIE 6.0; Windows NT 5.1; SV1; .NET CLR 1.1.4322)"
76.7.46.226 - - [25/Feb/2009:10:49:26 -0500] "GET /gifs/boobies.gif HTTP/1.1" 200 11144 "http://www.toastpoint.com/limerick/naut199.html" "Mozilla/4.0 (compatible; MSIE 6.0; Windows NT 5.1; SV1; .NET CLR 2.0.50727; InfoPath.1)"
76.7.46.226 - - [25/Feb/2009:10:49:26 -0500] "GET /gifs/nakedman.gif HTTP/1.1" 200 7734 "http://www.toastpoint.com/limerick/naut199.html" "Mozilla/4.0 (compatible; MSIE 6.0; Windows NT 5.1; SV1; .NET CLR 2.0.50727; InfoPath.1)"
76.7.46.226 - - [25/Feb/2009:10:49:26 -0500] "GET /gifs/goldstar.jpg HTTP/1.1" 200 1854 "http://www.toastpoint.com/limerick/naut199.html" "Mozilla/4.0 (compatible; MSIE 6.0; Windows NT 5.1; SV1; .NET CLR 2.0.50727; InfoPath.1)"
76.7.46.226 - - [25/Feb/2009:10:49:26 -0500] "GET /limerick/naut199.html HTTP/1.1" 200 34481 "http://www.google.com/search?hl=en&q=naughty+limericks&revid=1092140981&ei=omalSYjGON-BtweBs53TBA&sa=X&oi=revisions_inline&resnum=0&ct=broad-revision&cd=5" "Mozilla/4.0 (compatible; MSIE 6.0; Windows NT 5.1; SV1; .NET CLR 2.0.50727; InfoPath.1)"
98.125.94.45 - - [25/Feb/2009:10:50:08 -0500] "GET /limerick/naut499.html HTTP/1.1" 200 38163 "http://www.toastpoint.com/limerick/naut399.html" "Mozilla/4.0 (compatible; MSIE 6.0; Windows NT 5.1; SV1; .NET CLR 1.1.4322)"
216.77.62.41 - - [25/Feb/2009:11:10:06 -0500] "GET /limerick/1995/nautnov.html HTTP/1.1" 200 13933 "http://www.google.com/search?hl=en&q=LIMERICK+THERE+ONCE+WAS+A+GIRL+NAMED+AMANDA&btnG=Search" "Mozilla/4.0 (compatible; MSIE 6.0; Windows NT 5.0; .NET CLR 1.1.4322)"
216.77.62.41 - - [25/Feb/2009:11:10:06 -0500] "GET /gifs/goldstar.jpg HTTP/1.1" 200 1854 "http://www.toastpoint.com/limerick/1995/nautnov.html" "Mozilla/4.0 (compatible; MSIE 6.0; Windows NT 5.0; .NET CLR 1.1.4322)"
81.52.143.26 - - [25/Feb/2009:11:21:54 -0500] "GET /robots.txt HTTP/1.1" 404 693 "-" "Mozilla/5.0 (Windows; U; Windows NT 5.1; fr; rv:1.8.1) VoilaBot BETA 1.2 (support.voilabot@orange-ftgroup.com)"
81.52.143.26 - - [25/Feb/2009:11:22:10 -0500] "GET /prideforallages.html HTTP/1.1" 200 988 "-" "Mozilla/5.0 (Windows; U; Windows NT 5.1; fr; rv:1.8.1) VoilaBot BETA 1.2 (support.voilabot@orange-ftgroup.com)"
66.3.24.66 - - [25/Feb/2009:11:45:20 -0500] "GET /limerick/nice199.html HTTP/1.1" 200 25313 "http://www.google.com/search?hl=en&q=hmo+limericks" "Mozilla/4.0 (compatible; MSIE 6.0; Windows NT 5.1; SV1; .NET CLR 1.1.4322; .NET CLR 2.0.50727)"
66.3.24.66 - - [25/Feb/2009:11:45:20 -0500] "GET /gifs/birdumb2.gif HTTP/1.1" 200 4698 "http://www.toastpoint.com/limerick/nice199.html" "Mozilla/4.0 (compatible; MSIE 6.0; Windows NT 5.1; SV1; .NET CLR 1.1.4322; .NET CLR 2.0.50727)"
66.3.24.66 - - [25/Feb/2009:11:45:20 -0500] "GET /gifs/goldstar.jpg HTTP/1.1" 200 1854 "http://www.toastpoint.com/limerick/nice199.html" "Mozilla/4.0 (compatible; MSIE 6.0; Windows NT 5.1; SV1; .NET CLR 1.1.4322; .NET CLR 2.0.50727)"
66.3.24.66 - - [25/Feb/2009:11:45:20 -0500] "GET /gifs/birdumb.gif HTTP/1.1" 200 4704 "http://www.toastpoint.com/limerick/nice199.html" "Mozilla/4.0 (compatible; MSIE 6.0; Windows NT 5.1; SV1; .NET CLR 1.1.4322; .NET CLR 2.0.50727)"
199.164.68.203 - - [25/Feb/2009:12:23:36 -0500] "GET /rapture/rapture.html HTTP/1.1" 200 22564 "http://images.ask.com/fr?q=trial+by+jury&desturi=http%3A%2F%2Fwww.toastpoint.com%2Frapture%2Frapture.html&fm=i&ac=3&ftURI=http%3A%2F%2Fimages.ask.com%2Ffr%3Fq%3Dtrial%2Bby%2Bjury%26desturi%3Dhttp%253A%252F%252Fwww.toastpoint.com%252Frapture%252Frapture.html%26imagesrc%3Dhttp%253A%252F%252Fwww.toastpoint.com%252Frapture%252Ftbj-jury.gif%26thumbsrc%3Dhttp%253A%252F%252Fimgtn2.ask.com%252Fts%253Ft%253D2656937575207208691%2526pid%253D23296%2526ppid%253D6%26o%3D0%26l%3Ddir%26initialURL%3Dhttp%253A%252F%252Fimages.ask.com%252Fpictures%253Fl%253Ddir%2526o%253D0%2526q%253Dtrial%252520by%252520jury%2526qsrc%253D168%26thumbuselocalisedstatic%3Dfalse%26fn%3Dtbj-jury.gif%26imagewidth%3D250%26imageheight%3D212%26fs%3D3%26ft%3Dgif%26f%3D2%26fm%3Di%26ftbURI%3Dhttp%253A%252F%252Fimages.ask.com%252Fpictures%253Fq%253Dtrial%252Bby%252Bjury%2526page%253D1%2526o%253D0%2526l%253Ddir%2526pstart%253D0&qt=0" "Mozilla/5.0 (Macintosh; U; PPC Mac OS X 10_4_11; en) AppleWebKit/525.18 (KHTML, like Gecko) Version/3.1.1 Safari/525.18"
199.164.68.203 - - [25/Feb/2009:12:23:37 -0500] "GET /rapture/sor-well.gif HTTP/1.1" 200 2583 "http://www.toastpoint.com/rapture/rapture.html" "Mozilla/5.0 (Macintosh; U; PPC Mac OS X 10_4_11; en) AppleWebKit/525.18 (KHTML, like Gecko) Version/3.1.1 Safari/525.18"
199.164.68.203 - - [25/Feb/2009:12:23:37 -0500] "GET /rapture/hms-dick.gif HTTP/1.1" 200 3100 "http://www.toastpoint.com/rapture/rapture.html" "Mozilla/5.0 (Macintosh; U; PPC Mac OS X 10_4_11; en) AppleWebKit/525.18 (KHTML, like Gecko) Version/3.1.1 Safari/525.18"
199.164.68.203 - - [25/Feb/2009:12:23:37 -0500] "GET /rapture/tbj-jury.gif HTTP/1.1" 200 3904 "http://www.toastpoint.com/rapture/rapture.html" "Mozilla/5.0 (Macintosh; U; PPC Mac OS X 10_4_11; en) AppleWebKit/525.18 (KHTML, like Gecko) Version/3.1.1 Safari/525.18"
199.164.68.203 - - [25/Feb/2009:12:23:37 -0500] "GET /rapture/pirates.gif HTTP/1.1" 200 4045 "http://www.toastpoint.com/rapture/rapture.html" "Mozilla/5.0 (Macintosh; U; PPC Mac OS X 10_4_11; en) AppleWebKit/525.18 (KHTML, like Gecko) Version/3.1.1 Safari/525.18"
199.164.68.203 - - [25/Feb/2009:12:23:37 -0500] "GET /rapture/iolanthe.gif HTTP/1.1" 200 2814 "http://www.toastpoint.com/rapture/rapture.html" "Mozilla/5.0 (Macintosh; U; PPC Mac OS X 10_4_11; en) AppleWebKit/525.18 (KHTML, like Gecko) Version/3.1.1 Safari/525.18"
199.164.68.203 - - [25/Feb/2009:12:23:37 -0500] "GET /rapture/bunthorne.gif HTTP/1.1" 200 3137 "http://www.toastpoint.com/rapture/rapture.html" "Mozilla/5.0 (Macintosh; U; PPC Mac OS X 10_4_11; en) AppleWebKit/525.18 (KHTML, like Gecko) Version/3.1.1 Safari/525.18"
199.164.68.203 - - [25/Feb/2009:12:23:37 -0500] "GET /rapture/ida-monk.gif HTTP/1.1" 200 3753 "http://www.toastpoint.com/rapture/rapture.html" "Mozilla/5.0 (Macintosh; U; PPC Mac OS X 10_4_11; en) AppleWebKit/525.18 (KHTML, like Gecko) Version/3.1.1 Safari/525.18"
199.164.68.203 - - [25/Feb/2009:12:23:37 -0500] "GET /rapture/mik-lips.gif HTTP/1.1" 200 3352 "http://www.toastpoint.com/rapture/rapture.html" "Mozilla/5.0 (Macintosh; U; PPC Mac OS X 10_4_11; en) AppleWebKit/525.18 (KHTML, like Gecko) Version/3.1.1 Safari/525.18"
199.164.68.203 - - [25/Feb/2009:12:23:37 -0500] "GET /rapture/gon-baby.gif HTTP/1.1" 200 2847 "http://www.toastpoint.com/rapture/rapture.html" "Mozilla/5.0 (Macintosh; U; PPC Mac OS X 10_4_11; en) AppleWebKit/525.18 (KHTML, like Gecko) Version/3.1.1 Safari/525.18"
199.164.68.203 - - [25/Feb/2009:12:23:38 -0500] "GET /rapture/rud-spec.gif HTTP/1.1" 200 2489 "http://www.toastpoint.com/rapture/rapture.html" "Mozilla/5.0 (Macintosh; U; PPC Mac OS X 10_4_11; en) AppleWebKit/525.18 (KHTML, like Gecko) Version/3.1.1 Safari/525.18"
199.164.68.203 - - [25/Feb/2009:12:23:38 -0500] "GET /rapture/yeo-song.gif HTTP/1.1" 200 2781 "http://www.toastpoint.com/rapture/rapture.html" "Mozilla/5.0 (Macintosh; U; PPC Mac OS X 10_4_11; en) AppleWebKit/525.18 (KHTML, like Gecko) Version/3.1.1 Safari/525.18"
199.164.68.203 - - [25/Feb/2009:12:23:38 -0500] "GET /rapture/uto-look.gif HTTP/1.1" 200 3823 "http://www.toastpoint.com/rapture/rapture.html" "Mozilla/5.0 (Macintosh; U; PPC Mac OS X 10_4_11; en) AppleWebKit/525.18 (KHTML, like Gecko) Version/3.1.1 Safari/525.18"
65.9.160.180 - - [25/Feb/2009:12:41:06 -0500] "GET /haiku/1996/haiku196.html HTTP/1.1" 200 10159 "http://search.yahoo.com/search?p=ogthepoet&fr=yfp-t-501&toggle=1&cop=mss&ei=UTF-8" "Mozilla/4.0 (compatible; MSIE 6.0; Windows NT 5.1; SV1; .NET CLR 1.1.4322)"
65.9.160.180 - - [25/Feb/2009:12:41:06 -0500] "GET /haiku/gifs/goldstar.jpg HTTP/1.1" 404 693 "http://www.toastpoint.com/haiku/1996/haiku196.html" "Mozilla/4.0 (compatible; MSIE 6.0; Windows NT 5.1; SV1; .NET CLR 1.1.4322)"
65.9.160.180 - - [25/Feb/2009:12:41:44 -0500] "GET /limerick/1996/nice196.html HTTP/1.1" 200 10647 "http://search.yahoo.com/search?p=ogthepoet&fr=yfp-t-501&toggle=1&cop=mss&ei=UTF-8" "Mozilla/4.0 (compatible; MSIE 6.0; Windows NT 5.1; SV1; .NET CLR 1.1.4322)"
65.9.160.180 - - [25/Feb/2009:12:41:44 -0500] "GET /gifs/goldstar.jpg HTTP/1.1" 200 1854 "http://www.toastpoint.com/limerick/1996/nice196.html" "Mozilla/4.0 (compatible; MSIE 6.0; Windows NT 5.1; SV1; .NET CLR 1.1.4322)"
65.9.160.180 - - [25/Feb/2009:12:41:44 -0500] "GET /gifs/happy.jpg HTTP/1.1" 200 3135 "http://www.toastpoint.com/limerick/1996/nice196.html" "Mozilla/4.0 (compatible; MSIE 6.0; Windows NT 5.1; SV1; .NET CLR 1.1.4322)"
66.249.65.234 - - [25/Feb/2009:12:45:13 -0500] "GET /fiction/novels/peak4.html HTTP/1.1" 200 13115 "-" "SAMSUNG-SGH-E250/1.0 Profile/MIDP-2.0 Configuration/CLDC-1.1 UP.Browser/6.2.3.3.c.1.101 (GUI) MMP/2.0 (compatible; Googlebot-Mobile/2.1; +http://www.google.com/bot.html)"
66.235.124.8 - - [25/Feb/2009:12:53:37 -0500] "GET /robots.txt HTTP/1.1" 404 693 "-" "Mozilla/5.0 (compatible; Ask Jeeves/Teoma; +http://about.ask.com/en/docs/about/webmasters.shtml)"
66.235.124.8 - - [25/Feb/2009:12:53:42 -0500] "GET /limerick/1996/naut696.html HTTP/1.1" 200 13746 "-" "Mozilla/5.0 (compatible; Ask Jeeves/Teoma; +http://about.ask.com/en/docs/about/webmasters.shtml)"
66.249.65.235 - - [25/Feb/2009:13:13:48 -0500] "GET /gifs/quill2.gif HTTP/1.1" 304 - "-" "Googlebot-Image/1.0"
208.80.194.37 - - [25/Feb/2009:13:28:18 -0500] "GET / HTTP/1.0" 200 464 "-" "Mozilla/4.0 (compatible; MSIE 6.0; Windows 98; ONDOWN3.2; Q312461)"
90.192.21.208 - - [25/Feb/2009:13:32:40 -0500] "GET /limerick/1995/nautnov.html HTTP/1.1" 200 13933 "http://www.google.co.uk/search?hl=en&q=limerick+pubic+hair+crabs&meta=" "Mozilla/4.0 (compatible; MSIE 7.0; Windows NT 5.1; Sky Broadband; Media Center PC 3.0; .NET CLR 1.0.3705; .NET CLR 1.1.4322; InfoPath.2; .NET CLR 2.0.50727; .NET CLR 3.0.04506.30)"
90.192.21.208 - - [25/Feb/2009:13:32:41 -0500] "GET /gifs/goldstar.jpg HTTP/1.1" 200 1854 "http://www.toastpoint.com/limerick/1995/nautnov.html" "Mozilla/4.0 (compatible; MSIE 7.0; Windows NT 5.1; Sky Broadband; Media Center PC 3.0; .NET CLR 1.0.3705; .NET CLR 1.1.4322; InfoPath.2; .NET CLR 2.0.50727; .NET CLR 3.0.04506.30)"
90.192.21.208 - - [25/Feb/2009:13:32:43 -0500] "GET /favicon.ico HTTP/1.1" 404 693 "-" "Mozilla/4.0 (compatible; MSIE 7.0; Windows NT 5.1; Sky Broadband; Media Center PC 3.0; .NET CLR 1.0.3705; .NET CLR 1.1.4322; InfoPath.2; .NET CLR 2.0.50727; .NET CLR 3.0.04506.30)"
141.158.146.59 - - [25/Feb/2009:13:37:13 -0500] "GET /limerick/nice499.html HTTP/1.1" 304 - "http://www.google.com/search?hl=en&q=april+limericks&aq=f&oq=" "Mozilla/4.0 (compatible; MSIE 7.0; Windows NT 5.1)"
141.158.146.59 - - [25/Feb/2009:13:37:13 -0500] "GET /gifs/birdumb2.gif HTTP/1.1" 304 - "http://www.toastpoint.com/limerick/nice499.html" "Mozilla/4.0 (compatible; MSIE 7.0; Windows NT 5.1)"
141.158.146.59 - - [25/Feb/2009:13:37:13 -0500] "GET /gifs/goldstar.jpg HTTP/1.1" 304 - "http://www.toastpoint.com/limerick/nice499.html" "Mozilla/4.0 (compatible; MSIE 7.0; Windows NT 5.1)"
141.158.146.59 - - [25/Feb/2009:13:37:13 -0500] "GET /gifs/birdumb.gif HTTP/1.1" 304 - "http://www.toastpoint.com/limerick/nice499.html" "Mozilla/4.0 (compatible; MSIE 7.0; Windows NT 5.1)"
81.52.143.15 - - [25/Feb/2009:13:54:10 -0500] "GET /robots.txt HTTP/1.1" 404 693 "-" "Mozilla/5.0 (Windows; U; Windows NT 5.1; fr; rv:1.8.1) VoilaBot BETA 1.2 (support.voilabot@orange-ftgroup.com)"
81.52.143.15 - - [25/Feb/2009:13:54:14 -0500] "GET / HTTP/1.1" 200 464 "-" "Mozilla/5.0 (Windows; U; Windows NT 5.1; fr; rv:1.8.1) VoilaBot BETA 1.2 (support.voilabot@orange-ftgroup.com)"
81.52.143.15 - - [25/Feb/2009:13:54:42 -0500] "GET /toastpointtoc.html HTTP/1.1" 200 1188 "-" "Mozilla/5.0 (Windows; U; Windows NT 5.1; fr; rv:1.8.1) VoilaBot BETA 1.2 (support.voilabot@orange-ftgroup.com)"
81.52.143.15 - - [25/Feb/2009:13:54:42 -0500] "GET /toastpointtopright.html HTTP/1.1" 200 151 "-" "Mozilla/5.0 (Windows; U; Windows NT 5.1; fr; rv:1.8.1) VoilaBot BETA 1.2 (support.voilabot@orange-ftgroup.com)"
81.52.143.15 - - [25/Feb/2009:13:54:42 -0500] "GET /tpnews.html HTTP/1.1" 200 8305 "-" "Mozilla/5.0 (Windows; U; Windows NT 5.1; fr; rv:1.8.1) VoilaBot BETA 1.2 (support.voilabot@orange-ftgroup.com)"
81.52.143.15 - - [25/Feb/2009:13:54:42 -0500] "GET /toastpointtopleft.html HTTP/1.1" 200 162 "-" "Mozilla/5.0 (Windows; U; Windows NT 5.1; fr; rv:1.8.1) VoilaBot BETA 1.2 (support.voilabot@orange-ftgroup.com)"
81.52.143.15 - - [25/Feb/2009:13:54:42 -0500] "GET /news.html HTTP/1.1" 200 17706 "-" "Mozilla/5.0 (Windows; U; Windows NT 5.1; fr; rv:1.8.1) VoilaBot BETA 1.2 (support.voilabot@orange-ftgroup.com)"
66.235.124.8 - - [25/Feb/2009:14:13:52 -0500] "GET /rapture/hogwartsiolanthe.txt HTTP/1.1" 200 17300 "-" "Mozilla/5.0 (compatible; Ask Jeeves/Teoma; +http://about.ask.com/en/docs/about/webmasters.shtml)"
66.235.124.8 - - [25/Feb/2009:14:31:26 -0500] "GET /limerick/1997/naut1097.html HTTP/1.1" 200 35530 "-" "Mozilla/5.0 (compatible; Ask Jeeves/Teoma; +http://about.ask.com/en/docs/about/webmasters.shtml)"
207.126.224.241 - - [25/Feb/2009:14:51:14 -0500] "GET / HTTP/1.0" 200 464 "-" "Mozilla/4.05 [en]"
66.249.65.234 - - [25/Feb/2009:14:59:12 -0500] "GET /welcome.html HTTP/1.1" 200 418 "-" "Mozilla/5.0 (compatible; Googlebot/2.1; +http://www.google.com/bot.html)"
66.249.65.230 - - [25/Feb/2009:15:00:20 -0500] "GET / HTTP/1.1" 200 464 "-" "Mozilla/5.0 (compatible; Googlebot/2.1; +http://www.google.com/bot.html)"
72.30.142.106 - - [25/Feb/2009:15:02:06 -0500] "GET /robots.txt HTTP/1.0" 404 693 "-" "Mozilla/5.0 (compatible; Yahoo! Slurp; http://help.yahoo.com/help/us/ysearch/slurp)"
72.30.142.106 - - [25/Feb/2009:15:03:26 -0500] "GET /limerick/1995/nautnov.html HTTP/1.0" 200 13933 "-" "Mozilla/5.0 (compatible; Yahoo! Slurp/3.0; http://help.yahoo.com/help/us/ysearch/slurp)"
66.249.65.244 - - [25/Feb/2009:15:19:11 -0500] "GET /limerick/1997/lim1997.html HTTP/1.1" 200 1925 "-" "SAMSUNG-SGH-E250/1.0 Profile/MIDP-2.0 Configuration/CLDC-1.1 UP.Browser/6.2.3.3.c.1.101 (GUI) MMP/2.0 (compatible; Googlebot-Mobile/2.1; +http://www.google.com/bot.html)"
66.249.65.231 - - [25/Feb/2009:15:19:27 -0500] "GET /limerick/1995/nautsept.html HTTP/1.1" 200 7977 "-" "SAMSUNG-SGH-E250/1.0 Profile/MIDP-2.0 Configuration/CLDC-1.1 UP.Browser/6.2.3.3.c.1.101 (GUI) MMP/2.0 (compatible; Googlebot-Mobile/2.1; +http://www.google.com/bot.html)"
193.252.149.16 - - [25/Feb/2009:15:37:36 -0500] "GET /robots.txt HTTP/1.1" 404 693 "-" "Mozilla/5.0 (Windows; U; Windows NT 5.1; fr; rv:1.8.1) VoilaBot BETA 1.2 (support.voilabot@orange-ftgroup.com)"
193.252.149.16 - - [25/Feb/2009:15:37:38 -0500] "GET /limerick/naut399.html HTTP/1.1" 200 38217 "-" "Mozilla/5.0 (Windows; U; Windows NT 5.1; fr; rv:1.8.1) VoilaBot BETA 1.2 (support.voilabot@orange-ftgroup.com)"
130.160.197.29 - - [25/Feb/2009:15:41:55 -0500] "GET /limerick/nice299.html HTTP/1.1" 200 28130 "http://www.google.co.jp/search?hl=ja&lr=&pwst=1&ei=_KylSc-fLqKBtwf0wOjTBA&sa=X&oi=spell&resnum=1&ct=result&cd=1&q=clean+limerick&spell=1" "Mozilla/4.0 (compatible; MSIE 7.0; Windows NT 5.1; .NET CLR 1.1.4322; OfficeLiveConnector.1.3; OfficeLivePatch.1.3)"
130.160.197.29 - - [25/Feb/2009:15:41:55 -0500] "GET /gifs/birdumb2.gif HTTP/1.1" 200 4698 "http://www.toastpoint.com/limerick/nice299.html" "Mozilla/4.0 (compatible; MSIE 7.0; Windows NT 5.1; .NET CLR 1.1.4322; OfficeLiveConnector.1.3; OfficeLivePatch.1.3)"
130.160.197.29 - - [25/Feb/2009:15:41:55 -0500] "GET /gifs/birdumb.gif HTTP/1.1" 200 4704 "http://www.toastpoint.com/limerick/nice299.html" "Mozilla/4.0 (compatible; MSIE 7.0; Windows NT 5.1; .NET CLR 1.1.4322; OfficeLiveConnector.1.3; OfficeLivePatch.1.3)"
130.160.197.29 - - [25/Feb/2009:15:41:55 -0500] "GET /gifs/goldstar.jpg HTTP/1.1" 200 1854 "http://www.toastpoint.com/limerick/nice299.html" "Mozilla/4.0 (compatible; MSIE 7.0; Windows NT 5.1; .NET CLR 1.1.4322; OfficeLiveConnector.1.3; OfficeLivePatch.1.3)"
130.160.197.29 - - [25/Feb/2009:15:41:56 -0500] "GET /favicon.ico HTTP/1.1" 404 693 "-" "Mozilla/4.0 (compatible; MSIE 7.0; Windows NT 5.1; .NET CLR 1.1.4322; OfficeLiveConnector.1.3; OfficeLivePatch.1.3)"
221.116.198.194 - - [25/Feb/2009:15:42:53 -0500] "GET /limerick/nice199.html HTTP/1.1" 200 25313 "-" "libwww-perl/5.805"
38.108.180.81 - - [25/Feb/2009:15:58:40 -0500] "GET /robots.txt HTTP/1.1" 404 693 "-" "Mozilla/5.0 (compatible; ScoutJet; +http://www.scoutjet.com/)"
38.108.180.81 - - [25/Feb/2009:15:58:59 -0500] "GET /toastpointtopright.html HTTP/1.1" 200 151 "-" "Mozilla/5.0 (compatible; ScoutJet; +http://www.scoutjet.com/)"
66.249.65.240 - - [25/Feb/2009:15:59:01 -0500] "GET /haiku/haiku.html HTTP/1.1" 200 2147 "-" "Mozilla/5.0 (compatible; Googlebot/2.1; +http://www.google.com/bot.html)"
66.235.124.8 - - [25/Feb/2009:16:01:44 -0500] "GET /fiction/novels/xmascurl.html HTTP/1.1" 200 33957 "-" "Mozilla/5.0 (compatible; Ask Jeeves/Teoma; +http://about.ask.com/en/docs/about/webmasters.shtml)"
81.52.143.26 - - [25/Feb/2009:16:04:15 -0500] "GET /robots.txt HTTP/1.1" 404 693 "-" "Mozilla/5.0 (Windows; U; Windows NT 5.1; fr; rv:1.8.1) VoilaBot BETA 1.2 (support.voilabot@orange-ftgroup.com)"
81.52.143.26 - - [25/Feb/2009:16:04:19 -0500] "GET /limerick/nice499.html HTTP/1.1" 200 24193 "-" "Mozilla/5.0 (Windows; U; Windows NT 5.1; fr; rv:1.8.1) VoilaBot BETA 1.2 (support.voilabot@orange-ftgroup.com)"
130.160.179.100 - - [25/Feb/2009:16:16:57 -0500] "GET /limerick/nice299.html HTTP/1.1" 200 28130 "http://www.google.com/search?client=firefox-a&rls=org.mozilla%3Aen-US%3Aofficial&channel=s&hl=en&q=clean+limericks&btnG=Google+Search" "Mozilla/5.0 (Windows; U; Windows NT 5.1; en-US; rv:1.8.1.1) Gecko/20061204 Firefox/2.0.0.1"
130.160.179.100 - - [25/Feb/2009:16:16:58 -0500] "GET /gifs/birdumb.gif HTTP/1.1" 200 4704 "http://www.toastpoint.com/limerick/nice299.html" "Mozilla/5.0 (Windows; U; Windows NT 5.1; en-US; rv:1.8.1.1) Gecko/20061204 Firefox/2.0.0.1"
130.160.179.100 - - [25/Feb/2009:16:16:58 -0500] "GET /gifs/birdumb2.gif HTTP/1.1" 200 4698 "http://www.toastpoint.com/limerick/nice299.html" "Mozilla/5.0 (Windows; U; Windows NT 5.1; en-US; rv:1.8.1.1) Gecko/20061204 Firefox/2.0.0.1"
130.160.179.100 - - [25/Feb/2009:16:16:58 -0500] "GET /gifs/goldstar.jpg HTTP/1.1" 200 1854 "http://www.toastpoint.com/limerick/nice299.html" "Mozilla/5.0 (Windows; U; Windows NT 5.1; en-US; rv:1.8.1.1) Gecko/20061204 Firefox/2.0.0.1"
130.160.179.100 - - [25/Feb/2009:16:16:58 -0500] "GET /favicon.ico HTTP/1.1" 404 693 "-" "Mozilla/5.0 (Windows; U; Windows NT 5.1; en-US; rv:1.8.1.1) Gecko/20061204 Firefox/2.0.0.1"
66.235.124.8 - - [25/Feb/2009:16:22:27 -0500] "GET /fiction/fict599.html HTTP/1.1" 200 7512 "-" "Mozilla/5.0 (compatible; Ask Jeeves/Teoma; +http://about.ask.com/en/docs/about/webmasters.shtml)"
66.249.65.232 - - [25/Feb/2009:16:24:44 -0500] "GET /limerick/brady/brady1.html HTTP/1.1" 200 4493 "-" "SAMSUNG-SGH-E250/1.0 Profile/MIDP-2.0 Configuration/CLDC-1.1 UP.Browser/6.2.3.3.c.1.101 (GUI) MMP/2.0 (compatible; Googlebot-Mobile/2.1; +http://www.google.com/bot.html)"
66.235.124.8 - - [25/Feb/2009:16:28:17 -0500] "GET /fiction/fict98/fict498.html HTTP/1.1" 200 24373 "-" "Mozilla/5.0 (compatible; Ask Jeeves/Teoma; +http://about.ask.com/en/docs/about/webmasters.shtml)"
130.160.179.110 - - [25/Feb/2009:16:58:48 -0500] "GET /limerick/nice299.html HTTP/1.1" 200 28130 "http://www.google.com/search?client=firefox-a&rls=org.mozilla%3Aen-US%3Aofficial&channel=s&hl=en&q=clean+limerick&btnG=Google+Search" "Mozilla/5.0 (Windows; U; Windows NT 5.1; en-US; rv:1.8.1.1) Gecko/20061204 Firefox/2.0.0.1"
130.160.179.110 - - [25/Feb/2009:16:58:48 -0500] "GET /gifs/birdumb2.gif HTTP/1.1" 200 4698 "http://www.toastpoint.com/limerick/nice299.html" "Mozilla/5.0 (Windows; U; Windows NT 5.1; en-US; rv:1.8.1.1) Gecko/20061204 Firefox/2.0.0.1"
130.160.179.110 - - [25/Feb/2009:16:58:48 -0500] "GET /gifs/birdumb.gif HTTP/1.1" 200 4704 "http://www.toastpoint.com/limerick/nice299.html" "Mozilla/5.0 (Windows; U; Windows NT 5.1; en-US; rv:1.8.1.1) Gecko/20061204 Firefox/2.0.0.1"
130.160.179.110 - - [25/Feb/2009:16:58:48 -0500] "GET /gifs/goldstar.jpg HTTP/1.1" 200 1854 "http://www.toastpoint.com/limerick/nice299.html" "Mozilla/5.0 (Windows; U; Windows NT 5.1; en-US; rv:1.8.1.1) Gecko/20061204 Firefox/2.0.0.1"
130.160.179.110 - - [25/Feb/2009:16:58:49 -0500] "GET /favicon.ico HTTP/1.1" 404 693 "-" "Mozilla/5.0 (Windows; U; Windows NT 5.1; en-US; rv:1.8.1.1) Gecko/20061204 Firefox/2.0.0.1"
152.44.69.35 - - [25/Feb/2009:17:27:10 -0500] "GET /gifs/japan.gif HTTP/1.1" 200 5737 "http://www.toastpoint.com/haiku/haiku499.html" "Mozilla/4.0 (compatible; MSIE 7.0; Windows NT 6.0; GTB5; SLCC1; .NET CLR 2.0.50727; .NET CLR 3.0.04506)"
152.44.69.35 - - [25/Feb/2009:17:27:09 -0500] "GET /haiku/haiku499.html HTTP/1.1" 200 54815 "http://www.google.com/search?hl=en&rlz=1T4GFRC_enUS219US219&q=%22kyle+daye%22&start=30&sa=N" "Mozilla/4.0 (compatible; MSIE 7.0; Windows NT 6.0; GTB5; SLCC1; .NET CLR 2.0.50727; .NET CLR 3.0.04506)"
152.44.69.35 - - [25/Feb/2009:17:27:11 -0500] "GET /gifs/goldstar.jpg HTTP/1.1" 200 1854 "http://www.toastpoint.com/haiku/haiku499.html" "Mozilla/4.0 (compatible; MSIE 7.0; Windows NT 6.0; GTB5; SLCC1; .NET CLR 2.0.50727; .NET CLR 3.0.04506)"
152.44.69.35 - - [25/Feb/2009:17:27:12 -0500] "GET /gifs/blank.jpg HTTP/1.1" 200 705 "http://www.toastpoint.com/haiku/haiku499.html" "Mozilla/4.0 (compatible; MSIE 7.0; Windows NT 6.0; GTB5; SLCC1; .NET CLR 2.0.50727; .NET CLR 3.0.04506)"
152.44.69.35 - - [25/Feb/2009:17:27:13 -0500] "GET /favicon.ico HTTP/1.1" 404 693 "-" "Mozilla/4.0 (compatible; MSIE 7.0; Windows NT 6.0; GTB5; SLCC1; .NET CLR 2.0.50727; .NET CLR 3.0.04506)"
66.235.124.8 - - [25/Feb/2009:17:47:29 -0500] "GET /haiku/1996/haiku596.html HTTP/1.1" 200 9379 "-" "Mozilla/5.0 (compatible; Ask Jeeves/Teoma; +http://about.ask.com/en/docs/about/webmasters.shtml)"
64.88.164.198 - - [25/Feb/2009:18:04:34 -0500] "GET /robots.txt HTTP/1.0" 404 693 "-" "SapphireWebCrawler/Nutch-1.0-dev (Sapphire Web Crawler using Nutch; http://boston.lti.cs.cmu.edu/crawler/; mhoy@cs.cmu.edu)"
64.88.164.198 - - [25/Feb/2009:18:04:34 -0500] "GET /toastpointtopleft.html HTTP/1.0" 200 162 "-" "SapphireWebCrawler/Nutch-1.0-dev (Sapphire Web Crawler using Nutch; http://boston.lti.cs.cmu.edu/crawler/; mhoy@cs.cmu.edu)"
64.88.164.198 - - [25/Feb/2009:18:05:33 -0500] "GET /toastpointtoc.html HTTP/1.0" 200 1188 "-" "SapphireWebCrawler/Nutch-1.0-dev (Sapphire Web Crawler using Nutch; http://boston.lti.cs.cmu.edu/crawler/; mhoy@cs.cmu.edu)"
193.252.149.16 - - [25/Feb/2009:18:08:53 -0500] "GET /robots.txt HTTP/1.1" 404 693 "-" "Mozilla/5.0 (Windows; U; Windows NT 5.1; fr; rv:1.8.1) VoilaBot BETA 1.2 (support.voilabot@orange-ftgroup.com)"
193.252.149.16 - - [25/Feb/2009:18:09:09 -0500] "GET /limerick/1996/nice896.html HTTP/1.1" 200 9880 "-" "Mozilla/5.0 (Windows; U; Windows NT 5.1; fr; rv:1.8.1) VoilaBot BETA 1.2 (support.voilabot@orange-ftgroup.com)"
64.88.164.198 - - [25/Feb/2009:18:09:22 -0500] "GET /tpnews.html HTTP/1.0" 200 8305 "-" "SapphireWebCrawler/Nutch-1.0-dev (Sapphire Web Crawler using Nutch; http://boston.lti.cs.cmu.edu/crawler/; mhoy@cs.cmu.edu)"
66.249.65.240 - - [25/Feb/2009:18:12:51 -0500] "GET /limerick/1997/nice397.html HTTP/1.1" 200 13929 "-" "SAMSUNG-SGH-E250/1.0 Profile/MIDP-2.0 Configuration/CLDC-1.1 UP.Browser/6.2.3.3.c.1.101 (GUI) MMP/2.0 (compatible; Googlebot-Mobile/2.1; +http://www.google.com/bot.html)"
66.249.65.230 - - [25/Feb/2009:18:21:35 -0500] "GET /limerick/1997/nice297.html HTTP/1.1" 200 16613 "-" "SAMSUNG-SGH-E250/1.0 Profile/MIDP-2.0 Configuration/CLDC-1.1 UP.Browser/6.2.3.3.c.1.101 (GUI) MMP/2.0 (compatible; Googlebot-Mobile/2.1; +http://www.google.com/bot.html)"
66.249.65.241 - - [25/Feb/2009:18:21:44 -0500] "GET /limerick/1997/naut697.html HTTP/1.1" 200 24732 "-" "SAMSUNG-SGH-E250/1.0 Profile/MIDP-2.0 Configuration/CLDC-1.1 UP.Browser/6.2.3.3.c.1.101 (GUI) MMP/2.0 (compatible; Googlebot-Mobile/2.1; +http://www.google.com/bot.html)"
66.249.65.242 - - [25/Feb/2009:18:21:53 -0500] "GET /limerick/1997/naut797.html HTTP/1.1" 200 22034 "-" "SAMSUNG-SGH-E250/1.0 Profile/MIDP-2.0 Configuration/CLDC-1.1 UP.Browser/6.2.3.3.c.1.101 (GUI) MMP/2.0 (compatible; Googlebot-Mobile/2.1; +http://www.google.com/bot.html)"
66.249.65.229 - - [25/Feb/2009:18:30:33 -0500] "GET /gifs/tpmay2007.jpg HTTP/1.1" 304 - "-" "Googlebot-Image/1.0"
66.249.65.226 - - [25/Feb/2009:18:42:37 -0500] "GET /limerick/limerick.html HTTP/1.1" 200 2613 "-" "DoCoMo/2.0 N905i(c100;TB;W24H16) (compatible; Googlebot-Mobile/2.1; +http://www.google.com/bot.html)"
193.238.230.110 - - [25/Feb/2009:18:51:02 -0500] "GET /haiku/haiku599.html HTTP/1.1" 200 33918 "-" "Mozilla/5.0 (Windows; U; Windows NT 5.1; en-GB; rv:1.8.1.13) Gecko/20080311 Firefox/2.0.0.13"
66.235.124.8 - - [25/Feb/2009:19:25:11 -0500] "GET /limerick/1997/nice297.html HTTP/1.1" 200 16613 "-" "Mozilla/5.0 (compatible; Ask Jeeves/Teoma; +http://about.ask.com/en/docs/about/webmasters.shtml)"
66.249.65.241 - - [25/Feb/2009:19:30:18 -0500] "GET /fiction/novels/peak4.html HTTP/1.1" 200 13115 "-" "DoCoMo/2.0 N905i(c100;TB;W24H16) (compatible; Googlebot-Mobile/2.1; +http://www.google.com/bot.html)"
66.249.65.227 - - [25/Feb/2009:19:32:58 -0500] "GET /limerick/1997/lim1997.html HTTP/1.1" 200 1925 "-" "DoCoMo/2.0 N905i(c100;TB;W24H16) (compatible; Googlebot-Mobile/2.1; +http://www.google.com/bot.html)"
66.249.65.226 - - [25/Feb/2009:19:32:58 -0500] "GET /limerick/1995/nautsept.html HTTP/1.1" 200 7977 "-" "DoCoMo/2.0 N905i(c100;TB;W24H16) (compatible; Googlebot-Mobile/2.1; +http://www.google.com/bot.html)"
66.235.124.8 - - [25/Feb/2009:19:39:06 -0500] "GET /limerick/1997/nice797.html HTTP/1.1" 200 19339 "-" "Mozilla/5.0 (compatible; Ask Jeeves/Teoma; +http://about.ask.com/en/docs/about/webmasters.shtml)"
98.219.73.189 - - [25/Feb/2009:19:50:17 -0500] "GET /limerick/1996/nice596.html HTTP/1.1" 200 13725 "http://www.ask.com/web?q=Ogden+Nield&qsrc=1&o=1369&l=dis" "Mozilla/4.0 (compatible; MSIE 7.0; Windows NT 6.0; SLCC1; .NET CLR 2.0.50727; Media Center PC 5.0; .NET CLR 3.0.04506)"
98.219.73.189 - - [25/Feb/2009:19:50:17 -0500] "GET /gifs/happy.jpg HTTP/1.1" 200 3135 "http://www.toastpoint.com/limerick/1996/nice596.html" "Mozilla/4.0 (compatible; MSIE 7.0; Windows NT 6.0; SLCC1; .NET CLR 2.0.50727; Media Center PC 5.0; .NET CLR 3.0.04506)"
98.219.73.189 - - [25/Feb/2009:19:50:17 -0500] "GET /gifs/goldstar.jpg HTTP/1.1" 200 1854 "http://www.toastpoint.com/limerick/1996/nice596.html" "Mozilla/4.0 (compatible; MSIE 7.0; Windows NT 6.0; SLCC1; .NET CLR 2.0.50727; Media Center PC 5.0; .NET CLR 3.0.04506)"
98.219.73.189 - - [25/Feb/2009:19:53:53 -0500] "GET /limerick/1996/nice196.html HTTP/1.1" 200 10647 "http://www.ask.com/web?o=1369&l=dis&q=ogthepoet" "Mozilla/4.0 (compatible; MSIE 7.0; Windows NT 6.0; SLCC1; .NET CLR 2.0.50727; Media Center PC 5.0; .NET CLR 3.0.04506)"
66.235.124.8 - - [25/Feb/2009:19:56:45 -0500] "GET /haiku/1998/haiku998.html HTTP/1.1" 200 38887 "-" "Mozilla/5.0 (compatible; Ask Jeeves/Teoma; +http://about.ask.com/en/docs/about/webmasters.shtml)"
66.235.124.8 - - [25/Feb/2009:20:00:57 -0500] "GET /fiction/fict9596/fict396.html HTTP/1.1" 200 9345 "-" "Mozilla/5.0 (compatible; Ask Jeeves/Teoma; +http://about.ask.com/en/docs/about/webmasters.shtml)"
98.215.177.111 - - [25/Feb/2009:20:25:22 -0500] "GET /limerick/nice499.html HTTP/1.1" 200 24193 "http://www.google.com/search?hl=en&rlz=1G1GGLQ_ENUS313&q=limericks+about+march&start=10&sa=N" "Mozilla/4.0 (compatible; MSIE 7.0; Windows NT 5.1; .NET CLR 2.0.50727; .NET CLR 1.1.4322)"
98.215.177.111 - - [25/Feb/2009:20:25:22 -0500] "GET /gifs/birdumb2.gif HTTP/1.1" 200 4698 "http://www.toastpoint.com/limerick/nice499.html" "Mozilla/4.0 (compatible; MSIE 7.0; Windows NT 5.1; .NET CLR 2.0.50727; .NET CLR 1.1.4322)"
98.215.177.111 - - [25/Feb/2009:20:25:22 -0500] "GET /gifs/birdumb.gif HTTP/1.1" 200 4704 "http://www.toastpoint.com/limerick/nice499.html" "Mozilla/4.0 (compatible; MSIE 7.0; Windows NT 5.1; .NET CLR 2.0.50727; .NET CLR 1.1.4322)"
98.215.177.111 - - [25/Feb/2009:20:25:22 -0500] "GET /gifs/goldstar.jpg HTTP/1.1" 200 1854 "http://www.toastpoint.com/limerick/nice499.html" "Mozilla/4.0 (compatible; MSIE 7.0; Windows NT 5.1; .NET CLR 2.0.50727; .NET CLR 1.1.4322)"
98.215.177.111 - - [25/Feb/2009:20:25:23 -0500] "GET /favicon.ico HTTP/1.1" 404 693 "-" "Mozilla/4.0 (compatible; MSIE 7.0; Windows NT 5.1; .NET CLR 2.0.50727; .NET CLR 1.1.4322)"
66.235.124.8 - - [25/Feb/2009:20:42:00 -0500] "GET /links.html HTTP/1.1" 200 4252 "-" "Mozilla/5.0 (compatible; Ask Jeeves/Teoma; +http://about.ask.com/en/docs/about/webmasters.shtml)"
68.55.23.65 - - [25/Feb/2009:21:25:45 -0500] "GET / HTTP/1.1" 200 464 "http://www.google.com/search?source=ig&hl=en&rlz=&=&q=toastpoint&btnG=Google+Search&aq=f" "Mozilla/5.0 (Macintosh; U; Intel Mac OS X; en-US; rv:1.8.1.6) Gecko/20070725 Firefox/2.0.0.6"
68.55.23.65 - - [25/Feb/2009:21:25:45 -0500] "GET /toastpointtopleft.html HTTP/1.1" 200 162 "http://www.toastpoint.com/" "Mozilla/5.0 (Macintosh; U; Intel Mac OS X; en-US; rv:1.8.1.6) Gecko/20070725 Firefox/2.0.0.6"
68.55.23.65 - - [25/Feb/2009:21:25:45 -0500] "GET /news.html HTTP/1.1" 200 17706 "http://www.toastpoint.com/" "Mozilla/5.0 (Macintosh; U; Intel Mac OS X; en-US; rv:1.8.1.6) Gecko/20070725 Firefox/2.0.0.6"
68.55.23.65 - - [25/Feb/2009:21:25:45 -0500] "GET /toastpointtoc.html HTTP/1.1" 200 1188 "http://www.toastpoint.com/" "Mozilla/5.0 (Macintosh; U; Intel Mac OS X; en-US; rv:1.8.1.6) Gecko/20070725 Firefox/2.0.0.6"
68.55.23.65 - - [25/Feb/2009:21:25:45 -0500] "GET /toastpointtopright.html HTTP/1.1" 200 151 "http://www.toastpoint.com/" "Mozilla/5.0 (Macintosh; U; Intel Mac OS X; en-US; rv:1.8.1.6) Gecko/20070725 Firefox/2.0.0.6"
68.55.23.65 - - [25/Feb/2009:21:25:45 -0500] "GET /tpnews.html HTTP/1.1" 200 8305 "http://www.toastpoint.com/" "Mozilla/5.0 (Macintosh; U; Intel Mac OS X; en-US; rv:1.8.1.6) Gecko/20070725 Firefox/2.0.0.6"
68.55.23.65 - - [25/Feb/2009:21:25:45 -0500] "GET /gifs/tpwinter20089.jpg HTTP/1.1" 200 28088 "http://www.toastpoint.com/news.html" "Mozilla/5.0 (Macintosh; U; Intel Mac OS X; en-US; rv:1.8.1.6) Gecko/20070725 Firefox/2.0.0.6"
68.55.23.65 - - [25/Feb/2009:21:25:45 -0500] "GET /favicon.ico HTTP/1.1" 404 693 "-" "Mozilla/5.0 (Macintosh; U; Intel Mac OS X; en-US; rv:1.8.1.6) Gecko/20070725 Firefox/2.0.0.6"
81.52.143.16 - - [25/Feb/2009:21:28:45 -0500] "GET /welcome.html HTTP/1.1" 200 418 "-" "Mozilla/5.0 (Windows; U; Windows NT 5.1; fr; rv:1.8.1) VoilaBot BETA 1.2 (support.voilabot@orange-ftgroup.com)"
66.235.124.8 - - [25/Feb/2009:21:31:57 -0500] "GET /fiction/fict97/fict397.html HTTP/1.1" 200 11668 "-" "Mozilla/5.0 (compatible; Ask Jeeves/Teoma; +http://about.ask.com/en/docs/about/webmasters.shtml)"
64.88.164.198 - - [25/Feb/2009:21:52:17 -0500] "GET /robots.txt HTTP/1.0" 404 693 "-" "SapphireWebCrawler/Nutch-1.0-dev (Sapphire Web Crawler using Nutch; http://boston.lti.cs.cmu.edu/crawler/; mhoy@cs.cmu.edu)"
64.88.164.198 - - [25/Feb/2009:21:52:17 -0500] "GET /toastpointtopleft.html HTTP/1.0" 200 162 "-" "SapphireWebCrawler/Nutch-1.0-dev (Sapphire Web Crawler using Nutch; http://boston.lti.cs.cmu.edu/crawler/; mhoy@cs.cmu.edu)"
64.88.164.198 - - [25/Feb/2009:21:53:32 -0500] "GET /toastpointtoc.html HTTP/1.0" 200 1188 "-" "SapphireWebCrawler/Nutch-1.0-dev (Sapphire Web Crawler using Nutch; http://boston.lti.cs.cmu.edu/crawler/; mhoy@cs.cmu.edu)"
64.88.164.198 - - [25/Feb/2009:21:56:54 -0500] "GET /tpnews.html HTTP/1.0" 200 8305 "-" "SapphireWebCrawler/Nutch-1.0-dev (Sapphire Web Crawler using Nutch; http://boston.lti.cs.cmu.edu/crawler/; mhoy@cs.cmu.edu)"
125.236.58.125 - - [25/Feb/2009:22:00:58 -0500] "GET /limerick/1996/nice496.html HTTP/1.1" 200 15372 "http://www.google.com/search?hl=en&q=goodbye+limericks&btnG=Search" "Mozilla/4.0 (compatible; MSIE 6.0; Windows NT 5.2; SV1; .NET CLR 1.1.4322; InfoPath.1; .NET CLR 2.0.50727)"
125.236.58.125 - - [25/Feb/2009:22:01:00 -0500] "GET /gifs/goldstar.jpg HTTP/1.1" 200 1854 "http://www.toastpoint.com/limerick/1996/nice496.html" "Mozilla/4.0 (compatible; MSIE 6.0; Windows NT 5.2; SV1; .NET CLR 1.1.4322; InfoPath.1; .NET CLR 2.0.50727)"
125.236.58.125 - - [25/Feb/2009:22:01:00 -0500] "GET /gifs/happy.jpg HTTP/1.1" 200 3135 "http://www.toastpoint.com/limerick/1996/nice496.html" "Mozilla/4.0 (compatible; MSIE 6.0; Windows NT 5.2; SV1; .NET CLR 1.1.4322; InfoPath.1; .NET CLR 2.0.50727)"
99.147.150.219 - - [25/Feb/2009:22:12:50 -0500] "GET /rapture/rapture.html HTTP/1.1" 200 22564 "http://images.ask.com/fr?q=Jury&desturi=http%3A%2F%2Fwww.toastpoint.com%2Frapture%2Frapture.html&fm=i&ac=3&ftURI=http%3A%2F%2Fimages.ask.com%2Ffr%3Fq%3DJury%26desturi%3Dhttp%253A%252F%252Fwww.toastpoint.com%252Frapture%252Frapture.html%26imagesrc%3Dhttp%253A%252F%252Fwww.toastpoint.com%252Frapture%252Ftbj-jury.gif%26thumbsrc%3Dhttp%253A%252F%252Fimgtn3.ask.com%252Fts%253Ft%253D2656937575207208691%2526pid%253D23296%2526ppid%253D6%26o%3D0%26l%3Ddir%26initialURL%3Dhttp%253A%252F%252Fwww.ask.com%252Fpictures%253Fl%253Ddir%2526o%253D0%2526q%253DJury%2526qsrc%253D168%26thumbuselocalisedstatic%3Dfalse%26fn%3Dtbj-jury.gif%26imagewidth%3D250%26imageheight%3D212%26fs%3D3%26ft%3Dgif%26f%3D2%26fm%3Di%26ftbURI%3Dhttp%253A%252F%252Fwww.ask.com%252Fpictures%253Fq%253DJury%2526page%253D1%2526o%253D0%2526l%253Ddir%2526pstart%253D0&qt=0" "Mozilla/4.0 (compatible; MSIE 7.0; Windows NT 6.0; SLCC1; .NET CLR 2.0.50727; Media Center PC 5.0; .NET CLR 3.0.04506)"
99.147.150.219 - - [25/Feb/2009:22:12:51 -0500] "GET /rapture/sor-well.gif HTTP/1.1" 200 2583 "http://www.toastpoint.com/rapture/rapture.html" "Mozilla/4.0 (compatible; MSIE 7.0; Windows NT 6.0; SLCC1; .NET CLR 2.0.50727; Media Center PC 5.0; .NET CLR 3.0.04506)"
99.147.150.219 - - [25/Feb/2009:22:12:51 -0500] "GET /rapture/tbj-jury.gif HTTP/1.1" 200 3904 "http://www.toastpoint.com/rapture/rapture.html" "Mozilla/4.0 (compatible; MSIE 7.0; Windows NT 6.0; SLCC1; .NET CLR 2.0.50727; Media Center PC 5.0; .NET CLR 3.0.04506)"
99.147.150.219 - - [25/Feb/2009:22:12:51 -0500] "GET /rapture/hms-dick.gif HTTP/1.1" 200 3100 "http://www.toastpoint.com/rapture/rapture.html" "Mozilla/4.0 (compatible; MSIE 7.0; Windows NT 6.0; SLCC1; .NET CLR 2.0.50727; Media Center PC 5.0; .NET CLR 3.0.04506)"
