208.111.154.15 - - [22/Feb/2009:00:10:50 -0500] "GET /robots.txt HTTP/1.1" 404 693 "-" "Mozilla/5.0 (compatible; Charlotte/1.1; http://www.searchme.com/support/)"
67.195.37.179 - - [22/Feb/2009:00:18:10 -0500] "GET /haiku/haiku.html HTTP/1.0" 304 - "-" "Mozilla/5.0 (compatible; Yahoo! DE Slurp; http://help.yahoo.com/help/us/ysearch/slurp)"
208.111.154.15 - - [22/Feb/2009:00:22:00 -0500] "GET /robots.txt HTTP/1.1" 404 693 "-" "Mozilla/5.0 (compatible; Charlotte/1.1; http://www.searchme.com/support/)"
208.111.154.15 - - [22/Feb/2009:00:22:17 -0500] "GET /limerick/1998/nice598.html HTTP/1.1" 200 45520 "-" "Mozilla/5.0 (compatible; Charlotte/1.1; http://www.searchme.com/support/)"
208.111.154.16 - - [22/Feb/2009:00:40:31 -0500] "GET /limerick/1996/nice496.html HTTP/1.1" 200 15372 "-" "Mozilla/5.0 (compatible; Charlotte/1.1; http://www.searchme.com/support/)"
208.111.154.15 - - [22/Feb/2009:00:53:43 -0500] "GET /robots.txt HTTP/1.1" 404 693 "-" "Mozilla/5.0 (compatible; Charlotte/1.1; http://www.searchme.com/support/)"
208.111.154.15 - - [22/Feb/2009:00:54:04 -0500] "GET /limerick/1998/naut498.html HTTP/1.1" 304 - "-" "Mozilla/5.0 (compatible; Charlotte/1.1; http://www.searchme.com/support/)"
66.249.65.232 - - [22/Feb/2009:01:01:32 -0500] "GET /limerick/1995/bestnice.html HTTP/1.1" 200 6154 "-" "Mozilla/5.0 (compatible; Googlebot/2.1; +http://www.google.com/bot.html)"
208.111.154.15 - - [22/Feb/2009:01:05:39 -0500] "GET /robots.txt HTTP/1.1" 404 693 "-" "Mozilla/5.0 (compatible; Charlotte/1.1; http://www.searchme.com/support/)"
193.252.149.15 - - [22/Feb/2009:01:41:27 -0500] "GET /limerick/1998/nice398.html HTTP/1.1" 200 36584 "-" "Mozilla/5.0 (Windows; U; Windows NT 5.1; fr; rv:1.8.1) VoilaBot BETA 1.2 (support.voilabot@orange-ftgroup.com)"
66.249.65.241 - - [22/Feb/2009:01:50:39 -0500] "GET /limerick/1995/nicejuly.html HTTP/1.1" 200 1086 "-" "DoCoMo/2.0 N905i(c100;TB;W24H16) (compatible; Googlebot-Mobile/2.1; +http://www.google.com/bot.html)"
81.52.143.16 - - [22/Feb/2009:02:10:32 -0500] "GET /limerick/1998/nice698.html HTTP/1.1" 200 24183 "-" "Mozilla/5.0 (Windows; U; Windows NT 5.1; fr; rv:1.8.1) VoilaBot BETA 1.2 (support.voilabot@orange-ftgroup.com)"
208.111.154.15 - - [22/Feb/2009:02:18:46 -0500] "GET /robots.txt HTTP/1.1" 404 693 "-" "Mozilla/5.0 (compatible; Charlotte/1.1; http://www.searchme.com/support/)"
66.249.65.239 - - [22/Feb/2009:02:22:23 -0500] "GET /fiction/fict599.html HTTP/1.1" 200 7512 "-" "DoCoMo/2.0 N905i(c100;TB;W24H16) (compatible; Googlebot-Mobile/2.1; +http://www.google.com/bot.html)"
66.249.65.242 - - [22/Feb/2009:02:28:07 -0500] "GET /limerick/1995/niceoct.html HTTP/1.1" 200 5007 "-" "DoCoMo/2.0 N905i(c100;TB;W24H16) (compatible; Googlebot-Mobile/2.1; +http://www.google.com/bot.html)"
66.249.65.232 - - [22/Feb/2009:02:33:22 -0500] "GET /fiction/fiction.html HTTP/1.1" 200 2705 "-" "SAMSUNG-SGH-E250/1.0 Profile/MIDP-2.0 Configuration/CLDC-1.1 UP.Browser/6.2.3.3.c.1.101 (GUI) MMP/2.0 (compatible; Googlebot-Mobile/2.1; +http://www.google.com/bot.html)"
208.111.154.29 - - [22/Feb/2009:02:40:12 -0500] "GET /robots.txt HTTP/1.1" 404 693 "-" "Mozilla/5.0 (compatible; Charlotte/1.1; http://www.searchme.com/support/)"
66.249.65.231 - - [22/Feb/2009:02:44:40 -0500] "GET /fiction/fict98/fict98.html HTTP/1.1" 200 1540 "-" "DoCoMo/2.0 N905i(c100;TB;W24H16) (compatible; Googlebot-Mobile/2.1; +http://www.google.com/bot.html)"
66.249.65.241 - - [22/Feb/2009:02:53:32 -0500] "GET /fiction/fict599.html HTTP/1.1" 200 7512 "-" "SAMSUNG-SGH-E250/1.0 Profile/MIDP-2.0 Configuration/CLDC-1.1 UP.Browser/6.2.3.3.c.1.101 (GUI) MMP/2.0 (compatible; Googlebot-Mobile/2.1; +http://www.google.com/bot.html)"
208.111.154.16 - - [22/Feb/2009:02:55:04 -0500] "GET /robots.txt HTTP/1.1" 404 693 "-" "Mozilla/5.0 (compatible; Charlotte/1.1; http://www.searchme.com/support/)"
66.249.65.234 - - [22/Feb/2009:02:55:25 -0500] "GET /haiku/1997/haik1297.html HTTP/1.1" 200 22956 "-" "DoCoMo/2.0 N905i(c100;TB;W24H16) (compatible; Googlebot-Mobile/2.1; +http://www.google.com/bot.html)"
66.249.65.226 - - [22/Feb/2009:03:04:08 -0500] "GET /fiction/fiction.html HTTP/1.1" 200 2705 "-" "DoCoMo/2.0 N905i(c100;TB;W24H16) (compatible; Googlebot-Mobile/2.1; +http://www.google.com/bot.html)"
66.249.65.226 - - [22/Feb/2009:03:05:40 -0500] "GET /haiku/1998/haiku998.html HTTP/1.1" 200 38887 "-" "Mozilla/5.0 (compatible; Googlebot/2.1; +http://www.google.com/bot.html)"
66.249.65.226 - - [22/Feb/2009:03:12:52 -0500] "GET /limerick/1995/nicemay.html HTTP/1.1" 200 1859 "-" "DoCoMo/2.0 N905i(c100;TB;W24H16) (compatible; Googlebot-Mobile/2.1; +http://www.google.com/bot.html)"
66.249.65.228 - - [22/Feb/2009:03:24:12 -0500] "GET /limerick/naut599.html HTTP/1.1" 200 21235 "-" "DoCoMo/2.0 N905i(c100;TB;W24H16) (compatible; Googlebot-Mobile/2.1; +http://www.google.com/bot.html)"
208.111.154.16 - - [22/Feb/2009:03:24:29 -0500] "GET /robots.txt HTTP/1.1" 404 693 "-" "Mozilla/5.0 (compatible; Charlotte/1.1; http://www.searchme.com/support/)"
66.249.65.231 - - [22/Feb/2009:03:47:14 -0500] "GET /limerick/naut299.html HTTP/1.1" 200 23095 "-" "SAMSUNG-SGH-E250/1.0 Profile/MIDP-2.0 Configuration/CLDC-1.1 UP.Browser/6.2.3.3.c.1.101 (GUI) MMP/2.0 (compatible; Googlebot-Mobile/2.1; +http://www.google.com/bot.html)"
193.252.149.16 - - [22/Feb/2009:03:50:53 -0500] "GET /fiction/fiction.html HTTP/1.1" 200 2705 "-" "Mozilla/5.0 (Windows; U; Windows NT 5.1; fr; rv:1.8.1) VoilaBot BETA 1.2 (support.voilabot@orange-ftgroup.com)"
66.249.65.230 - - [22/Feb/2009:03:58:03 -0500] "GET /robots.txt HTTP/1.1" 404 693 "-" "DoCoMo/2.0 N905i(c100;TB;W24H16) (compatible; Googlebot-Mobile/2.1; +http://www.google.com/bot.html)"
66.249.65.230 - - [22/Feb/2009:03:58:03 -0500] "GET /fiction/fict97/fict97.html HTTP/1.1" 200 1536 "-" "DoCoMo/2.0 N905i(c100;TB;W24H16) (compatible; Googlebot-Mobile/2.1; +http://www.google.com/bot.html)"
66.249.65.242 - - [22/Feb/2009:04:15:26 -0500] "GET /haiku/1995/haikuaug.html HTTP/1.1" 200 6373 "-" "DoCoMo/2.0 N905i(c100;TB;W24H16) (compatible; Googlebot-Mobile/2.1; +http://www.google.com/bot.html)"
208.111.154.16 - - [22/Feb/2009:04:25:24 -0500] "GET /robots.txt HTTP/1.1" 404 693 "-" "Mozilla/5.0 (compatible; Charlotte/1.1; http://www.searchme.com/support/)"
66.249.65.242 - - [22/Feb/2009:04:27:41 -0500] "GET /robots.txt HTTP/1.1" 404 693 "-" "SAMSUNG-SGH-E250/1.0 Profile/MIDP-2.0 Configuration/CLDC-1.1 UP.Browser/6.2.3.3.c.1.101 (GUI) MMP/2.0 (compatible; Googlebot-Mobile/2.1; +http://www.google.com/bot.html)"
66.249.65.242 - - [22/Feb/2009:04:27:41 -0500] "GET /fiction/fict199.html HTTP/1.1" 200 21503 "-" "SAMSUNG-SGH-E250/1.0 Profile/MIDP-2.0 Configuration/CLDC-1.1 UP.Browser/6.2.3.3.c.1.101 (GUI) MMP/2.0 (compatible; Googlebot-Mobile/2.1; +http://www.google.com/bot.html)"
66.249.65.239 - - [22/Feb/2009:04:31:43 -0500] "GET /limerick/naut599.html HTTP/1.1" 200 21235 "-" "SAMSUNG-SGH-E250/1.0 Profile/MIDP-2.0 Configuration/CLDC-1.1 UP.Browser/6.2.3.3.c.1.101 (GUI) MMP/2.0 (compatible; Googlebot-Mobile/2.1; +http://www.google.com/bot.html)"
81.52.143.15 - - [22/Feb/2009:04:40:32 -0500] "GET /fiction/fict599.html HTTP/1.1" 200 7512 "-" "Mozilla/5.0 (Windows; U; Windows NT 5.1; fr; rv:1.8.1) VoilaBot BETA 1.2 (support.voilabot@orange-ftgroup.com)"
66.249.65.241 - - [22/Feb/2009:04:47:50 -0500] "GET /robots.txt HTTP/1.1" 404 693 "-" "Googlebot-Image/1.0"
66.249.65.232 - - [22/Feb/2009:04:47:51 -0500] "GET /index_files/image042.jpg HTTP/1.1" 304 - "-" "Googlebot-Image/1.0"
74.6.8.94 - - [22/Feb/2009:05:15:54 -0500] "GET /robots.txt HTTP/1.0" 404 693 "-" "Mozilla/5.0 (compatible; Yahoo! Slurp; http://help.yahoo.com/help/us/ysearch/slurp)"
74.6.8.94 - - [22/Feb/2009:05:16:14 -0500] "GET /haiku/haiku.html HTTP/1.0" 200 2147 "-" "Mozilla/5.0 (compatible; Yahoo! Slurp; http://help.yahoo.com/help/us/ysearch/slurp)"
66.249.65.227 - - [22/Feb/2009:05:16:29 -0500] "GET /fiction/fict97/fict397.html HTTP/1.1" 200 11668 "-" "Mozilla/5.0 (compatible; Googlebot/2.1; +http://www.google.com/bot.html)"
66.249.65.228 - - [22/Feb/2009:05:19:30 -0500] "GET /limerick/naut299.html HTTP/1.1" 200 23095 "-" "DoCoMo/2.0 N905i(c100;TB;W24H16) (compatible; Googlebot-Mobile/2.1; +http://www.google.com/bot.html)"
193.47.80.45 - - [22/Feb/2009:05:33:08 -0500] "GET /limerick/brady/brady98.html HTTP/1.1" 200 8297 "-" "Mozilla/5.0 (compatible; Exabot/3.0; +http://www.exabot.com/go/robot)"
66.249.65.240 - - [22/Feb/2009:05:41:34 -0500] "GET /fiction/fict98/fict98.html HTTP/1.1" 200 1540 "-" "SAMSUNG-SGH-E250/1.0 Profile/MIDP-2.0 Configuration/CLDC-1.1 UP.Browser/6.2.3.3.c.1.101 (GUI) MMP/2.0 (compatible; Googlebot-Mobile/2.1; +http://www.google.com/bot.html)"
193.252.149.15 - - [22/Feb/2009:05:44:22 -0500] "GET /limerick/1996/lim1996.html HTTP/1.1" 200 2072 "-" "Mozilla/5.0 (Windows; U; Windows NT 5.1; fr; rv:1.8.1) VoilaBot BETA 1.2 (support.voilabot@orange-ftgroup.com)"
66.249.65.242 - - [22/Feb/2009:05:44:49 -0500] "GET /limerick/1995/niceoct.html HTTP/1.1" 200 5007 "-" "SAMSUNG-SGH-E250/1.0 Profile/MIDP-2.0 Configuration/CLDC-1.1 UP.Browser/6.2.3.3.c.1.101 (GUI) MMP/2.0 (compatible; Googlebot-Mobile/2.1; +http://www.google.com/bot.html)"
205.188.117.13 - - [22/Feb/2009:05:57:37 -0500] "GET /limerick/brady/brady98.html HTTP/1.1" 200 8297 "http://aolsearch.aol.com/aol/search?s_it=topsearchbox.search&query=laurie+partridge+in+a+mini+skirt" "Mozilla/4.0 (compatible; MSIE 7.0; AOL 9.0; Windows NT 5.1)"
205.188.116.139 - - [22/Feb/2009:05:57:37 -0500] "GET /gifs/goldstar.jpg HTTP/1.1" 200 1854 "http://www.toastpoint.com/limerick/brady/brady98.html" "Mozilla/4.0 (compatible; MSIE 7.0; AOL 9.0; Windows NT 5.1)"
205.188.116.202 - - [22/Feb/2009:05:57:37 -0500] "GET /limerick/brady/thebunch.gif HTTP/1.1" 200 41886 "http://www.toastpoint.com/limerick/brady/brady98.html" "Mozilla/4.0 (compatible; MSIE 7.0; AOL 9.0; Windows NT 5.1)"
66.249.65.233 - - [22/Feb/2009:05:58:13 -0500] "GET /haiku/1995/haikuaug.html HTTP/1.1" 200 6373 "-" "SAMSUNG-SGH-E250/1.0 Profile/MIDP-2.0 Configuration/CLDC-1.1 UP.Browser/6.2.3.3.c.1.101 (GUI) MMP/2.0 (compatible; Googlebot-Mobile/2.1; +http://www.google.com/bot.html)"
81.52.143.15 - - [22/Feb/2009:05:59:00 -0500] "GET /limerick/1998/nice598.html HTTP/1.1" 200 45520 "-" "Mozilla/5.0 (Windows; U; Windows NT 5.1; fr; rv:1.8.1) VoilaBot BETA 1.2 (support.voilabot@orange-ftgroup.com)"
66.249.65.242 - - [22/Feb/2009:06:01:50 -0500] "GET /limerick/brady/brady98.html HTTP/1.1" 200 8297 "-" "SAMSUNG-SGH-E250/1.0 Profile/MIDP-2.0 Configuration/CLDC-1.1 UP.Browser/6.2.3.3.c.1.101 (GUI) MMP/2.0 (compatible; Googlebot-Mobile/2.1; +http://www.google.com/bot.html)"
66.249.65.232 - - [22/Feb/2009:06:11:52 -0500] "GET /haiku/1997/haik1297.html HTTP/1.1" 200 22956 "-" "SAMSUNG-SGH-E250/1.0 Profile/MIDP-2.0 Configuration/CLDC-1.1 UP.Browser/6.2.3.3.c.1.101 (GUI) MMP/2.0 (compatible; Googlebot-Mobile/2.1; +http://www.google.com/bot.html)"
66.249.65.228 - - [22/Feb/2009:06:17:11 -0500] "GET /haiku/1995/haikusep.html HTTP/1.1" 200 5645 "-" "SAMSUNG-SGH-E250/1.0 Profile/MIDP-2.0 Configuration/CLDC-1.1 UP.Browser/6.2.3.3.c.1.101 (GUI) MMP/2.0 (compatible; Googlebot-Mobile/2.1; +http://www.google.com/bot.html)"
66.249.65.229 - - [22/Feb/2009:06:24:58 -0500] "GET /limerick/1996/lim1996.html HTTP/1.1" 200 2072 "-" "DoCoMo/2.0 N905i(c100;TB;W24H16) (compatible; Googlebot-Mobile/2.1; +http://www.google.com/bot.html)"
208.36.144.8 - - [22/Feb/2009:06:28:22 -0500] "GET /robots.txt HTTP/1.0" 404 693 "-" "Mozilla/5.0 (Twiceler-0.9 http://www.cuil.com/twiceler/robot.html)"
63.241.3.51 - - [22/Feb/2009:06:37:39 -0500] "GET /limerick/limerick.html HTTP/1.1" 200 2613 "-" "-"
66.249.65.228 - - [22/Feb/2009:06:38:16 -0500] "GET /haiku/1995/haikusep.html HTTP/1.1" 200 5645 "-" "DoCoMo/2.0 N905i(c100;TB;W24H16) (compatible; Googlebot-Mobile/2.1; +http://www.google.com/bot.html)"
66.249.65.244 - - [22/Feb/2009:06:47:50 -0500] "GET /fiction/fict97/fict97.html HTTP/1.1" 200 1536 "-" "SAMSUNG-SGH-E250/1.0 Profile/MIDP-2.0 Configuration/CLDC-1.1 UP.Browser/6.2.3.3.c.1.101 (GUI) MMP/2.0 (compatible; Googlebot-Mobile/2.1; +http://www.google.com/bot.html)"
66.249.65.240 - - [22/Feb/2009:06:52:18 -0500] "GET /limerick/1996/lim1996.html HTTP/1.1" 200 2072 "-" "SAMSUNG-SGH-E250/1.0 Profile/MIDP-2.0 Configuration/CLDC-1.1 UP.Browser/6.2.3.3.c.1.101 (GUI) MMP/2.0 (compatible; Googlebot-Mobile/2.1; +http://www.google.com/bot.html)"
208.111.154.15 - - [22/Feb/2009:06:57:16 -0500] "GET /robots.txt HTTP/1.1" 404 693 "-" "Mozilla/5.0 (compatible; Charlotte/1.1; http://www.searchme.com/support/)"
208.111.154.15 - - [22/Feb/2009:07:03:24 -0500] "GET /robots.txt HTTP/1.1" 404 693 "-" "Mozilla/5.0 (compatible; Charlotte/1.1; http://www.searchme.com/support/)"
81.52.143.26 - - [22/Feb/2009:07:07:44 -0500] "GET /limerick/ HTTP/1.1" 403 563 "-" "Mozilla/5.0 (Windows; U; Windows NT 5.1; fr; rv:1.8.1) VoilaBot BETA 1.2 (support.voilabot@orange-ftgroup.com)"
64.1.215.164 - - [22/Feb/2009:07:09:22 -0500] "GET /robots.txt HTTP/1.0" 404 693 "-" "Mozilla/5.0 (Twiceler-0.9 http://www.cuil.com/twiceler/robot.html)"
74.6.8.94 - - [22/Feb/2009:07:19:44 -0500] "GET /limerick/1997/lim1997.html HTTP/1.0" 200 1925 "-" "Mozilla/5.0 (compatible; Yahoo! Slurp; http://help.yahoo.com/help/us/ysearch/slurp)"
72.36.115.86 - - [22/Feb/2009:07:20:18 -0500] "GET /haiku/1997/haiku197.html HTTP/1.1" 200 34967 "-" "CazoodleBot/0.0.2 (http://www.cazoodle.com/contact.php; cbot@cazoodle.com)"
208.111.154.15 - - [22/Feb/2009:07:22:12 -0500] "GET /robots.txt HTTP/1.1" 404 693 "-" "Mozilla/5.0 (compatible; Charlotte/1.1; http://www.searchme.com/support/)"
74.6.8.94 - - [22/Feb/2009:07:23:02 -0500] "GET /limerick/1997/nice1297.html HTTP/1.0" 200 24100 "-" "Mozilla/5.0 (compatible; Yahoo! Slurp; http://help.yahoo.com/help/us/ysearch/slurp)"
74.6.8.94 - - [22/Feb/2009:07:23:27 -0500] "GET /limerick/1997/naut497.html HTTP/1.0" 200 43346 "-" "Mozilla/5.0 (compatible; Yahoo! Slurp; http://help.yahoo.com/help/us/ysearch/slurp)"
74.6.8.94 - - [22/Feb/2009:07:25:31 -0500] "GET /limerick/1997/nice197.html HTTP/1.0" 200 17698 "-" "Mozilla/5.0 (compatible; Yahoo! Slurp; http://help.yahoo.com/help/us/ysearch/slurp)"
66.249.65.233 - - [22/Feb/2009:07:28:42 -0500] "GET /fiction/fict98/fict198.html HTTP/1.1" 200 62967 "-" "Mozilla/5.0 (compatible; Googlebot/2.1; +http://www.google.com/bot.html)"
87.251.152.100 - - [22/Feb/2009:07:39:47 -0500] "GET /favicon.ico HTTP/1.1" 404 693 "http://www.google.ru/search?num=100&hl=ru&newwindow=1&rlz=1B3GGGL_ruRU202RU202&q=woody+woodpecker+in+rain+forest+hunter&btnG=%D0%9F%D0%BE%D0%B8%D1%81%D0%BA&lr=&aq=f&oq=" "Mozilla/5.0 (Windows; U; Windows NT 6.0; ru; rv:1.9.0.6) Gecko/2009011913 Firefox/3.0.6"
66.249.65.242 - - [22/Feb/2009:07:43:50 -0500] "GET /limerick/1995/niceaug.html HTTP/1.1" 200 4489 "-" "DoCoMo/2.0 N905i(c100;TB;W24H16) (compatible; Googlebot-Mobile/2.1; +http://www.google.com/bot.html)"
66.249.65.239 - - [22/Feb/2009:08:28:32 -0500] "GET /haiku/1997/haik1097.html HTTP/1.1" 200 24055 "-" "Mozilla/5.0 (compatible; Googlebot/2.1; +http://www.google.com/bot.html)"
208.111.154.16 - - [22/Feb/2009:08:32:28 -0500] "GET /robots.txt HTTP/1.1" 404 693 "-" "Mozilla/5.0 (compatible; Charlotte/1.1; http://www.searchme.com/support/)"
208.111.154.16 - - [22/Feb/2009:08:32:45 -0500] "GET /limerick/1998/naut1098.html HTTP/1.1" 200 29294 "-" "Mozilla/5.0 (compatible; Charlotte/1.1; http://www.searchme.com/support/)"
66.249.65.231 - - [22/Feb/2009:08:50:35 -0500] "GET /limerick/1995/1995.html HTTP/1.1" 200 1428 "-" "Mozilla/5.0 (compatible; Googlebot/2.1; +http://www.google.com/bot.html)"
70.226.169.18 - - [22/Feb/2009:08:50:40 -0500] "GET /limerick/naut199.html HTTP/1.1" 200 34481 "-" "Mozilla/5.0 (iPhone; U; CPU iPhone OS 2_2 like Mac OS X; en-us) AppleWebKit/525.18.1 (KHTML, like Gecko) Version/3.1.1 Mobile/5G77 Safari/525.20"
70.226.169.18 - - [22/Feb/2009:08:50:40 -0500] "GET /gifs/boobies.gif HTTP/1.1" 200 11144 "http://www.toastpoint.com/limerick/naut199.html" "Mozilla/5.0 (iPhone; U; CPU iPhone OS 2_2 like Mac OS X; en-us) AppleWebKit/525.18.1 (KHTML, like Gecko) Version/3.1.1 Mobile/5G77 Safari/525.20"
70.226.169.18 - - [22/Feb/2009:08:50:41 -0500] "GET /gifs/goldstar.jpg HTTP/1.1" 200 1854 "http://www.toastpoint.com/limerick/naut199.html" "Mozilla/5.0 (iPhone; U; CPU iPhone OS 2_2 like Mac OS X; en-us) AppleWebKit/525.18.1 (KHTML, like Gecko) Version/3.1.1 Mobile/5G77 Safari/525.20"
70.226.169.18 - - [22/Feb/2009:08:50:41 -0500] "GET /gifs/nakedman.gif HTTP/1.1" 200 7734 "http://www.toastpoint.com/limerick/naut199.html" "Mozilla/5.0 (iPhone; U; CPU iPhone OS 2_2 like Mac OS X; en-us) AppleWebKit/525.18.1 (KHTML, like Gecko) Version/3.1.1 Mobile/5G77 Safari/525.20"
67.195.37.179 - - [22/Feb/2009:08:51:51 -0500] "GET /robots.txt HTTP/1.0" 404 693 "-" "Mozilla/5.0 (compatible; Yahoo! Slurp; http://help.yahoo.com/help/us/ysearch/slurp)"
66.249.65.235 - - [22/Feb/2009:09:03:18 -0500] "GET /limerick/1996/naut396.html HTTP/1.1" 200 17461 "-" "SAMSUNG-SGH-E250/1.0 Profile/MIDP-2.0 Configuration/CLDC-1.1 UP.Browser/6.2.3.3.c.1.101 (GUI) MMP/2.0 (compatible; Googlebot-Mobile/2.1; +http://www.google.com/bot.html)"
66.249.65.232 - - [22/Feb/2009:09:06:50 -0500] "GET /limerick/1996/nice196.html HTTP/1.1" 200 10647 "-" "SAMSUNG-SGH-E250/1.0 Profile/MIDP-2.0 Configuration/CLDC-1.1 UP.Browser/6.2.3.3.c.1.101 (GUI) MMP/2.0 (compatible; Googlebot-Mobile/2.1; +http://www.google.com/bot.html)"
66.249.65.240 - - [22/Feb/2009:09:14:23 -0500] "GET /limerick/1996/naut896.html HTTP/1.1" 200 14574 "-" "SAMSUNG-SGH-E250/1.0 Profile/MIDP-2.0 Configuration/CLDC-1.1 UP.Browser/6.2.3.3.c.1.101 (GUI) MMP/2.0 (compatible; Googlebot-Mobile/2.1; +http://www.google.com/bot.html)"
66.249.65.239 - - [22/Feb/2009:09:14:29 -0500] "GET /limerick/1996/nice896.html HTTP/1.1" 200 9880 "-" "SAMSUNG-SGH-E250/1.0 Profile/MIDP-2.0 Configuration/CLDC-1.1 UP.Browser/6.2.3.3.c.1.101 (GUI) MMP/2.0 (compatible; Googlebot-Mobile/2.1; +http://www.google.com/bot.html)"
66.249.65.229 - - [22/Feb/2009:09:18:42 -0500] "GET /limerick/1996/nice696.html HTTP/1.1" 200 7043 "-" "SAMSUNG-SGH-E250/1.0 Profile/MIDP-2.0 Configuration/CLDC-1.1 UP.Browser/6.2.3.3.c.1.101 (GUI) MMP/2.0 (compatible; Googlebot-Mobile/2.1; +http://www.google.com/bot.html)"
66.249.65.230 - - [22/Feb/2009:09:19:05 -0500] "GET /fiction/fict97/fict997.html HTTP/1.1" 200 4230 "-" "SAMSUNG-SGH-E250/1.0 Profile/MIDP-2.0 Configuration/CLDC-1.1 UP.Browser/6.2.3.3.c.1.101 (GUI) MMP/2.0 (compatible; Googlebot-Mobile/2.1; +http://www.google.com/bot.html)"
66.249.65.227 - - [22/Feb/2009:09:19:19 -0500] "GET /fiction/fict97/fict1197.html HTTP/1.1" 200 12283 "-" "SAMSUNG-SGH-E250/1.0 Profile/MIDP-2.0 Configuration/CLDC-1.1 UP.Browser/6.2.3.3.c.1.101 (GUI) MMP/2.0 (compatible; Googlebot-Mobile/2.1; +http://www.google.com/bot.html)"
66.249.65.242 - - [22/Feb/2009:09:20:23 -0500] "GET /limerick/1995/nicenov.html HTTP/1.1" 200 5429 "-" "DoCoMo/2.0 N905i(c100;TB;W24H16) (compatible; Googlebot-Mobile/2.1; +http://www.google.com/bot.html)"
125.27.186.44 - - [22/Feb/2009:09:21:50 -0500] "GET /fiction/fict399.html HTTP/1.1" 200 27729 "http://www.google.co.th/search?hl=th&q=NESCAFE+Shake+Dancing+Contest+1999&meta=&aq=f&oq=" "Mozilla/4.0 (compatible; MSIE 6.0; Windows NT 5.1; SV1; InfoPath.1)"
125.27.186.44 - - [22/Feb/2009:09:21:51 -0500] "GET /gifs/quill1.gif HTTP/1.1" 200 4312 "http://www.toastpoint.com/fiction/fict399.html" "Mozilla/4.0 (compatible; MSIE 6.0; Windows NT 5.1; SV1; InfoPath.1)"
125.27.186.44 - - [22/Feb/2009:09:21:51 -0500] "GET /gifs/paper.gif HTTP/1.1" 200 4756 "http://www.toastpoint.com/fiction/fict399.html" "Mozilla/4.0 (compatible; MSIE 6.0; Windows NT 5.1; SV1; InfoPath.1)"
125.27.186.44 - - [22/Feb/2009:09:21:51 -0500] "GET /gifs/quill2.gif HTTP/1.1" 200 4300 "http://www.toastpoint.com/fiction/fict399.html" "Mozilla/4.0 (compatible; MSIE 6.0; Windows NT 5.1; SV1; InfoPath.1)"
125.27.186.44 - - [22/Feb/2009:09:21:53 -0500] "GET /fiction/crabthb.gif HTTP/1.1" 200 20571 "http://www.toastpoint.com/fiction/fict399.html" "Mozilla/4.0 (compatible; MSIE 6.0; Windows NT 5.1; SV1; InfoPath.1)"
125.27.186.44 - - [22/Feb/2009:09:21:54 -0500] "GET /gifs/star3.gif HTTP/1.1" 200 1536 "http://www.toastpoint.com/fiction/fict399.html" "Mozilla/4.0 (compatible; MSIE 6.0; Windows NT 5.1; SV1; InfoPath.1)"
66.249.65.244 - - [22/Feb/2009:09:26:55 -0500] "GET /limerick/1996/nice496.html HTTP/1.1" 200 15372 "-" "SAMSUNG-SGH-E250/1.0 Profile/MIDP-2.0 Configuration/CLDC-1.1 UP.Browser/6.2.3.3.c.1.101 (GUI) MMP/2.0 (compatible; Googlebot-Mobile/2.1; +http://www.google.com/bot.html)"
208.111.154.15 - - [22/Feb/2009:09:28:54 -0500] "GET /limerick/1998/naut998.html HTTP/1.1" 200 35543 "-" "Mozilla/5.0 (compatible; Charlotte/1.1; http://www.searchme.com/support/)"
66.249.65.237 - - [22/Feb/2009:09:31:55 -0500] "GET /limerick/1996/nice296.html HTTP/1.1" 200 9047 "-" "SAMSUNG-SGH-E250/1.0 Profile/MIDP-2.0 Configuration/CLDC-1.1 UP.Browser/6.2.3.3.c.1.101 (GUI) MMP/2.0 (compatible; Googlebot-Mobile/2.1; +http://www.google.com/bot.html)"
66.249.65.230 - - [22/Feb/2009:09:32:02 -0500] "GET /limerick/1996/naut296.html HTTP/1.1" 200 30357 "-" "SAMSUNG-SGH-E250/1.0 Profile/MIDP-2.0 Configuration/CLDC-1.1 UP.Browser/6.2.3.3.c.1.101 (GUI) MMP/2.0 (compatible; Googlebot-Mobile/2.1; +http://www.google.com/bot.html)"
66.249.65.227 - - [22/Feb/2009:09:32:07 -0500] "GET /fiction/fict97/fict297.html HTTP/1.1" 200 8467 "-" "SAMSUNG-SGH-E250/1.0 Profile/MIDP-2.0 Configuration/CLDC-1.1 UP.Browser/6.2.3.3.c.1.101 (GUI) MMP/2.0 (compatible; Googlebot-Mobile/2.1; +http://www.google.com/bot.html)"
66.249.65.233 - - [22/Feb/2009:09:33:53 -0500] "GET /limerick/1996/nau1096.html HTTP/1.1" 200 23475 "-" "SAMSUNG-SGH-E250/1.0 Profile/MIDP-2.0 Configuration/CLDC-1.1 UP.Browser/6.2.3.3.c.1.101 (GUI) MMP/2.0 (compatible; Googlebot-Mobile/2.1; +http://www.google.com/bot.html)"
66.249.65.230 - - [22/Feb/2009:09:33:59 -0500] "GET /fiction/fict97/fict1297.html HTTP/1.1" 200 6078 "-" "SAMSUNG-SGH-E250/1.0 Profile/MIDP-2.0 Configuration/CLDC-1.1 UP.Browser/6.2.3.3.c.1.101 (GUI) MMP/2.0 (compatible; Googlebot-Mobile/2.1; +http://www.google.com/bot.html)"
66.249.65.227 - - [22/Feb/2009:09:36:49 -0500] "GET /limerick/1996/nic1196.html HTTP/1.1" 200 11053 "-" "SAMSUNG-SGH-E250/1.0 Profile/MIDP-2.0 Configuration/CLDC-1.1 UP.Browser/6.2.3.3.c.1.101 (GUI) MMP/2.0 (compatible; Googlebot-Mobile/2.1; +http://www.google.com/bot.html)"
66.249.65.228 - - [22/Feb/2009:09:39:11 -0500] "GET /limerick/1996/naut996.html HTTP/1.1" 200 13852 "-" "SAMSUNG-SGH-E250/1.0 Profile/MIDP-2.0 Configuration/CLDC-1.1 UP.Browser/6.2.3.3.c.1.101 (GUI) MMP/2.0 (compatible; Googlebot-Mobile/2.1; +http://www.google.com/bot.html)"
66.249.65.234 - - [22/Feb/2009:09:42:19 -0500] "GET /limerick/1996/nice396.html HTTP/1.1" 200 5682 "-" "SAMSUNG-SGH-E250/1.0 Profile/MIDP-2.0 Configuration/CLDC-1.1 UP.Browser/6.2.3.3.c.1.101 (GUI) MMP/2.0 (compatible; Googlebot-Mobile/2.1; +http://www.google.com/bot.html)"
66.249.65.230 - - [22/Feb/2009:09:42:25 -0500] "GET /limerick/1996/nice996.html HTTP/1.1" 200 4972 "-" "SAMSUNG-SGH-E250/1.0 Profile/MIDP-2.0 Configuration/CLDC-1.1 UP.Browser/6.2.3.3.c.1.101 (GUI) MMP/2.0 (compatible; Googlebot-Mobile/2.1; +http://www.google.com/bot.html)"
208.111.154.15 - - [22/Feb/2009:09:43:48 -0500] "GET /robots.txt HTTP/1.1" 404 693 "-" "Mozilla/5.0 (compatible; Charlotte/1.1; http://www.searchme.com/support/)"
66.249.65.237 - - [22/Feb/2009:09:44:29 -0500] "GET /fiction/fict97/fict597.html HTTP/1.1" 200 10485 "-" "SAMSUNG-SGH-E250/1.0 Profile/MIDP-2.0 Configuration/CLDC-1.1 UP.Browser/6.2.3.3.c.1.101 (GUI) MMP/2.0 (compatible; Googlebot-Mobile/2.1; +http://www.google.com/bot.html)"
66.249.65.230 - - [22/Feb/2009:09:51:20 -0500] "GET /limerick/1995/nicenov.html HTTP/1.1" 200 5429 "-" "SAMSUNG-SGH-E250/1.0 Profile/MIDP-2.0 Configuration/CLDC-1.1 UP.Browser/6.2.3.3.c.1.101 (GUI) MMP/2.0 (compatible; Googlebot-Mobile/2.1; +http://www.google.com/bot.html)"
66.249.65.240 - - [22/Feb/2009:09:51:26 -0500] "GET /limerick/1996/naut596.html HTTP/1.1" 200 28755 "-" "SAMSUNG-SGH-E250/1.0 Profile/MIDP-2.0 Configuration/CLDC-1.1 UP.Browser/6.2.3.3.c.1.101 (GUI) MMP/2.0 (compatible; Googlebot-Mobile/2.1; +http://www.google.com/bot.html)"
66.249.65.229 - - [22/Feb/2009:09:51:37 -0500] "GET /limerick/1996/naut696.html HTTP/1.1" 200 13746 "-" "SAMSUNG-SGH-E250/1.0 Profile/MIDP-2.0 Configuration/CLDC-1.1 UP.Browser/6.2.3.3.c.1.101 (GUI) MMP/2.0 (compatible; Googlebot-Mobile/2.1; +http://www.google.com/bot.html)"
66.249.65.232 - - [22/Feb/2009:09:51:43 -0500] "GET /limerick/1996/naut196.html HTTP/1.1" 200 38213 "-" "SAMSUNG-SGH-E250/1.0 Profile/MIDP-2.0 Configuration/CLDC-1.1 UP.Browser/6.2.3.3.c.1.101 (GUI) MMP/2.0 (compatible; Googlebot-Mobile/2.1; +http://www.google.com/bot.html)"
66.249.65.242 - - [22/Feb/2009:09:51:54 -0500] "GET /limerick/1996/bestnaut.html HTTP/1.1" 200 19352 "-" "SAMSUNG-SGH-E250/1.0 Profile/MIDP-2.0 Configuration/CLDC-1.1 UP.Browser/6.2.3.3.c.1.101 (GUI) MMP/2.0 (compatible; Googlebot-Mobile/2.1; +http://www.google.com/bot.html)"
66.249.65.232 - - [22/Feb/2009:09:54:02 -0500] "GET /limerick/1996/nic1096.html HTTP/1.1" 200 9770 "-" "SAMSUNG-SGH-E250/1.0 Profile/MIDP-2.0 Configuration/CLDC-1.1 UP.Browser/6.2.3.3.c.1.101 (GUI) MMP/2.0 (compatible; Googlebot-Mobile/2.1; +http://www.google.com/bot.html)"
66.249.65.239 - - [22/Feb/2009:09:55:38 -0500] "GET /limerick/brady/brady98.html HTTP/1.1" 200 8297 "-" "DoCoMo/2.0 N905i(c100;TB;W24H16) (compatible; Googlebot-Mobile/2.1; +http://www.google.com/bot.html)"
216.183.81.221 - - [22/Feb/2009:09:57:30 -0500] "GET / HTTP/1.1" 200 464 "-" "Wget/1.8.2"
66.249.65.231 - - [22/Feb/2009:10:00:28 -0500] "GET /limerick/1996/nice596.html HTTP/1.1" 200 13725 "-" "SAMSUNG-SGH-E250/1.0 Profile/MIDP-2.0 Configuration/CLDC-1.1 UP.Browser/6.2.3.3.c.1.101 (GUI) MMP/2.0 (compatible; Googlebot-Mobile/2.1; +http://www.google.com/bot.html)"
66.249.65.233 - - [22/Feb/2009:10:00:29 -0500] "GET /fiction/fict97/fict1097.html HTTP/1.1" 200 10353 "-" "SAMSUNG-SGH-E250/1.0 Profile/MIDP-2.0 Configuration/CLDC-1.1 UP.Browser/6.2.3.3.c.1.101 (GUI) MMP/2.0 (compatible; Googlebot-Mobile/2.1; +http://www.google.com/bot.html)"
66.249.65.233 - - [22/Feb/2009:10:01:24 -0500] "GET /limerick/1996/naut796.html HTTP/1.1" 200 9432 "-" "SAMSUNG-SGH-E250/1.0 Profile/MIDP-2.0 Configuration/CLDC-1.1 UP.Browser/6.2.3.3.c.1.101 (GUI) MMP/2.0 (compatible; Googlebot-Mobile/2.1; +http://www.google.com/bot.html)"
66.249.65.229 - - [22/Feb/2009:10:01:29 -0500] "GET /limerick/1996/naut496.html HTTP/1.1" 200 21599 "-" "SAMSUNG-SGH-E250/1.0 Profile/MIDP-2.0 Configuration/CLDC-1.1 UP.Browser/6.2.3.3.c.1.101 (GUI) MMP/2.0 (compatible; Googlebot-Mobile/2.1; +http://www.google.com/bot.html)"
66.249.65.230 - - [22/Feb/2009:10:02:51 -0500] "GET /fiction/novels/peak3.html HTTP/1.1" 200 6906 "-" "Mozilla/5.0 (compatible; Googlebot/2.1; +http://www.google.com/bot.html)"
66.249.65.239 - - [22/Feb/2009:10:04:32 -0500] "GET /limerick/1996/nau1196.html HTTP/1.1" 200 14916 "-" "SAMSUNG-SGH-E250/1.0 Profile/MIDP-2.0 Configuration/CLDC-1.1 UP.Browser/6.2.3.3.c.1.101 (GUI) MMP/2.0 (compatible; Googlebot-Mobile/2.1; +http://www.google.com/bot.html)"
66.249.65.232 - - [22/Feb/2009:10:04:37 -0500] "GET /limerick/1996/nice796.html HTTP/1.1" 200 10929 "-" "SAMSUNG-SGH-E250/1.0 Profile/MIDP-2.0 Configuration/CLDC-1.1 UP.Browser/6.2.3.3.c.1.101 (GUI) MMP/2.0 (compatible; Googlebot-Mobile/2.1; +http://www.google.com/bot.html)"
208.111.154.29 - - [22/Feb/2009:10:10:36 -0500] "GET /robots.txt HTTP/1.1" 404 693 "-" "Mozilla/5.0 (compatible; Charlotte/1.1; http://www.searchme.com/support/)"
208.111.154.29 - - [22/Feb/2009:10:10:47 -0500] "GET /limerick/naut199.html HTTP/1.1" 304 - "-" "Mozilla/5.0 (compatible; Charlotte/1.1; http://www.searchme.com/support/)"
66.249.65.225 - - [22/Feb/2009:10:21:21 -0500] "GET /haiku/1995/haikunov.html HTTP/1.1" 200 12211 "-" "Mozilla/5.0 (compatible; Googlebot/2.1; +http://www.google.com/bot.html)"
193.252.149.15 - - [22/Feb/2009:10:48:45 -0500] "GET /haiku/haiku299.html HTTP/1.1" 200 68017 "-" "Mozilla/5.0 (Windows; U; Windows NT 5.1; fr; rv:1.8.1) VoilaBot BETA 1.2 (support.voilabot@orange-ftgroup.com)"
208.111.154.15 - - [22/Feb/2009:11:04:27 -0500] "GET /limerick/1997/naut197.html HTTP/1.1" 200 27246 "-" "Mozilla/5.0 (compatible; Charlotte/1.1; http://www.searchme.com/support/)"
74.177.17.134 - - [22/Feb/2009:11:27:04 -0500] "GET /rapture/rapture.html HTTP/1.1" 200 22564 "-" "Mozilla/4.0 (compatible; MSIE 6.0; Windows NT 5.1; SV1)"
74.177.17.134 - - [22/Feb/2009:11:27:05 -0500] "GET /rapture/tbj-jury.gif HTTP/1.1" 200 3904 "-" "Mozilla/4.0 (compatible; MSIE 6.0; Windows NT 5.1; SV1)"
74.177.17.134 - - [22/Feb/2009:11:27:05 -0500] "GET /rapture/sor-well.gif HTTP/1.1" 200 2583 "-" "Mozilla/4.0 (compatible; MSIE 6.0; Windows NT 5.1; SV1)"
74.177.17.134 - - [22/Feb/2009:11:27:05 -0500] "GET /rapture/hms-dick.gif HTTP/1.1" 200 3100 "-" "Mozilla/4.0 (compatible; MSIE 6.0; Windows NT 5.1; SV1)"
74.177.17.134 - - [22/Feb/2009:11:27:05 -0500] "GET /rapture/bunthorne.gif HTTP/1.1" 200 3137 "-" "Mozilla/4.0 (compatible; MSIE 6.0; Windows NT 5.1; SV1)"
74.177.17.134 - - [22/Feb/2009:11:27:06 -0500] "GET /rapture/iolanthe.gif HTTP/1.1" 200 2814 "-" "Mozilla/4.0 (compatible; MSIE 6.0; Windows NT 5.1; SV1)"
74.177.17.134 - - [22/Feb/2009:11:27:06 -0500] "GET /rapture/pirates.gif HTTP/1.1" 200 4045 "-" "Mozilla/4.0 (compatible; MSIE 6.0; Windows NT 5.1; SV1)"
74.177.17.134 - - [22/Feb/2009:11:27:07 -0500] "GET /rapture/mik-lips.gif HTTP/1.1" 200 3352 "-" "Mozilla/4.0 (compatible; MSIE 6.0; Windows NT 5.1; SV1)"
74.177.17.134 - - [22/Feb/2009:11:27:07 -0500] "GET /rapture/ida-monk.gif HTTP/1.1" 200 3753 "-" "Mozilla/4.0 (compatible; MSIE 6.0; Windows NT 5.1; SV1)"
74.177.17.134 - - [22/Feb/2009:11:27:07 -0500] "GET /rapture/yeo-song.gif HTTP/1.1" 200 2781 "-" "Mozilla/4.0 (compatible; MSIE 6.0; Windows NT 5.1; SV1)"
74.177.17.134 - - [22/Feb/2009:11:27:07 -0500] "GET /rapture/rud-spec.gif HTTP/1.1" 200 2489 "-" "Mozilla/4.0 (compatible; MSIE 6.0; Windows NT 5.1; SV1)"
74.177.17.134 - - [22/Feb/2009:11:27:07 -0500] "GET /rapture/gon-baby.gif HTTP/1.1" 200 2847 "-" "Mozilla/4.0 (compatible; MSIE 6.0; Windows NT 5.1; SV1)"
74.177.17.134 - - [22/Feb/2009:11:27:07 -0500] "GET /rapture/uto-look.gif HTTP/1.1" 200 3823 "-" "Mozilla/4.0 (compatible; MSIE 6.0; Windows NT 5.1; SV1)"
74.177.17.134 - - [22/Feb/2009:11:27:20 -0500] "GET /rapture/tbj-jury.gif HTTP/1.1" 304 - "-" "Mozilla/4.0 (compatible; MSIE 6.0; Windows NT 5.1; SV1)"
74.177.17.134 - - [22/Feb/2009:11:28:26 -0500] "GET /rapture/tbj-jury.gif HTTP/1.1" 304 - "-" "Mozilla/4.0 (compatible; MSIE 6.0; Windows NT 5.1; SV1)"
74.177.17.134 - - [22/Feb/2009:11:32:35 -0500] "GET /rapture/tbj-jury.gif HTTP/1.1" 304 - "-" "Mozilla/4.0 (compatible; MSIE 6.0; Windows NT 5.1; SV1)"
208.111.154.15 - - [22/Feb/2009:11:34:50 -0500] "GET /robots.txt HTTP/1.1" 404 693 "-" "Mozilla/5.0 (compatible; Charlotte/1.1; http://www.searchme.com/support/)"
65.5.178.250 - - [22/Feb/2009:11:34:56 -0500] "GET /limerick/nice199.html HTTP/1.1" 200 25313 "http://www.google.com/search?hl=en&client=firefox-a&channel=s&rls=org.mozilla:en-US:official&q=limericks+thighs&start=10&sa=N" "Mozilla/5.0 (Windows; U; Windows NT 5.1; en-US; rv:1.9.0.6) Gecko/2009011913 Firefox/3.0.6"
65.5.178.250 - - [22/Feb/2009:11:34:56 -0500] "GET /gifs/birdumb2.gif HTTP/1.1" 200 4698 "http://www.toastpoint.com/limerick/nice199.html" "Mozilla/5.0 (Windows; U; Windows NT 5.1; en-US; rv:1.9.0.6) Gecko/2009011913 Firefox/3.0.6"
65.5.178.250 - - [22/Feb/2009:11:34:56 -0500] "GET /gifs/birdumb.gif HTTP/1.1" 200 4704 "http://www.toastpoint.com/limerick/nice199.html" "Mozilla/5.0 (Windows; U; Windows NT 5.1; en-US; rv:1.9.0.6) Gecko/2009011913 Firefox/3.0.6"
65.5.178.250 - - [22/Feb/2009:11:34:57 -0500] "GET /gifs/goldstar.jpg HTTP/1.1" 200 1854 "http://www.toastpoint.com/limerick/nice199.html" "Mozilla/5.0 (Windows; U; Windows NT 5.1; en-US; rv:1.9.0.6) Gecko/2009011913 Firefox/3.0.6"
65.5.178.250 - - [22/Feb/2009:11:34:57 -0500] "GET /favicon.ico HTTP/1.1" 404 693 "-" "Mozilla/5.0 (Windows; U; Windows NT 5.1; en-US; rv:1.9.0.6) Gecko/2009011913 Firefox/3.0.6"
208.111.154.15 - - [22/Feb/2009:11:37:28 -0500] "GET /robots.txt HTTP/1.1" 404 693 "-" "Mozilla/5.0 (compatible; Charlotte/1.1; http://www.searchme.com/support/)"
208.111.154.15 - - [22/Feb/2009:11:37:41 -0500] "GET /limerick/1996/naut596.html HTTP/1.1" 304 - "-" "Mozilla/5.0 (compatible; Charlotte/1.1; http://www.searchme.com/support/)"
66.249.65.229 - - [22/Feb/2009:11:38:06 -0500] "GET /haiku/1995/haikujul.html HTTP/1.1" 200 2170 "-" "DoCoMo/2.0 N905i(c100;TB;W24H16) (compatible; Googlebot-Mobile/2.1; +http://www.google.com/bot.html)"
207.126.224.241 - - [22/Feb/2009:11:44:54 -0500] "GET / HTTP/1.0" 200 464 "-" "Mozilla/4.05 [en]"
24.229.221.117 - - [22/Feb/2009:11:59:36 -0500] "GET /writing/funny.html HTTP/1.1" 200 6412 "http://www.google.com/search?q=percy+crews&rls=com.microsoft:en-us:IE-SearchBox&ie=UTF-8&oe=UTF-8&sourceid=ie7&rlz=1I7HPIA_en" "Mozilla/4.0 (compatible; MSIE 7.0; Windows NT 5.1; GTB5; .NET CLR 1.0.3705; .NET CLR 1.1.4322; Media Center PC 4.0; .NET CLR 2.0.50727; Zune 3.0)"
24.229.221.117 - - [22/Feb/2009:11:59:37 -0500] "GET /favicon.ico HTTP/1.1" 404 693 "-" "Mozilla/4.0 (compatible; MSIE 7.0; Windows NT 5.1; GTB5; .NET CLR 1.0.3705; .NET CLR 1.1.4322; Media Center PC 4.0; .NET CLR 2.0.50727; Zune 3.0)"
208.80.194.122 - - [22/Feb/2009:11:59:45 -0500] "GET / HTTP/1.0" 200 464 "-" "Mozilla/4.0 (compatible; MSIE 7.0; AOL 9.0; Windows NT 5.1; FunWebProducts; .NET CLR 1.0.3705; .NET CLR 1.1.4322; Media Center PC 4.0; SpamBlockerUtility 4.7.5)"
208.111.154.16 - - [22/Feb/2009:12:37:51 -0500] "GET /robots.txt HTTP/1.1" 404 693 "-" "Mozilla/5.0 (compatible; Charlotte/1.1; http://www.searchme.com/support/)"
66.235.124.58 - - [22/Feb/2009:13:12:50 -0500] "GET /robots.txt HTTP/1.0" 404 693 "-" "Mozilla/5.0 (compatible; Ask Jeeves/Teoma; +http://about.ask.com/en/docs/about/webmasters.shtml)"
66.235.124.58 - - [22/Feb/2009:13:12:50 -0500] "GET /limerick/1996/nice496.html HTTP/1.0" 200 15372 "-" "Mozilla/5.0 (compatible; Ask Jeeves/Teoma; +http://about.ask.com/en/docs/about/webmasters.shtml)"
208.111.154.16 - - [22/Feb/2009:13:13:27 -0500] "GET /robots.txt HTTP/1.1" 404 693 "-" "Mozilla/5.0 (compatible; Charlotte/1.1; http://www.searchme.com/support/)"
208.80.194.45 - - [22/Feb/2009:13:31:40 -0500] "GET / HTTP/1.0" 200 464 "-" "Mozilla/4.0 (compatible; MSIE 6.0; Windows NT 5.1; AskBar 3.00; SV1)"
208.111.154.15 - - [22/Feb/2009:14:15:50 -0500] "GET /robots.txt HTTP/1.1" 404 693 "-" "Mozilla/5.0 (compatible; Charlotte/1.1; http://www.searchme.com/support/)"
208.111.154.15 - - [22/Feb/2009:14:16:01 -0500] "GET /fiction/fict9596/fic1096.html HTTP/1.1" 200 26986 "-" "Mozilla/5.0 (compatible; Charlotte/1.1; http://www.searchme.com/support/)"
208.111.154.15 - - [22/Feb/2009:14:20:00 -0500] "GET /robots.txt HTTP/1.1" 404 693 "-" "Mozilla/5.0 (compatible; Charlotte/1.1; http://www.searchme.com/support/)"
208.111.154.15 - - [22/Feb/2009:14:20:10 -0500] "GET /fiction/fict399.html HTTP/1.1" 200 27729 "-" "Mozilla/5.0 (compatible; Charlotte/1.1; http://www.searchme.com/support/)"
65.191.106.186 - - [22/Feb/2009:14:33:35 -0500] "GET /gifs/boobies.gif HTTP/1.1" 200 11144 "http://www.toastpoint.com/limerick/naut199.html" "Mozilla/5.0 (Macintosh; U; Intel Mac OS X 10_5_6; en-us) AppleWebKit/525.27.1 (KHTML, like Gecko) Version/3.2.1 Safari/525.27.1"
65.191.106.186 - - [22/Feb/2009:14:33:35 -0500] "GET /gifs/goldstar.jpg HTTP/1.1" 200 1854 "http://www.toastpoint.com/limerick/naut199.html" "Mozilla/5.0 (Macintosh; U; Intel Mac OS X 10_5_6; en-us) AppleWebKit/525.27.1 (KHTML, like Gecko) Version/3.2.1 Safari/525.27.1"
65.191.106.186 - - [22/Feb/2009:14:33:35 -0500] "GET /gifs/nakedman.gif HTTP/1.1" 200 7734 "http://www.toastpoint.com/limerick/naut199.html" "Mozilla/5.0 (Macintosh; U; Intel Mac OS X 10_5_6; en-us) AppleWebKit/525.27.1 (KHTML, like Gecko) Version/3.2.1 Safari/525.27.1"
65.191.106.186 - - [22/Feb/2009:14:33:34 -0500] "GET /limerick/naut199.html HTTP/1.1" 200 34481 "http://www.google.com/search?client=safari&rls=en-us&q=naughty+limericks&ie=UTF-8&oe=UTF-8" "Mozilla/5.0 (Macintosh; U; Intel Mac OS X 10_5_6; en-us) AppleWebKit/525.27.1 (KHTML, like Gecko) Version/3.2.1 Safari/525.27.1"
65.191.106.186 - - [22/Feb/2009:14:33:35 -0500] "GET /favicon.ico HTTP/1.1" 404 693 "http://www.toastpoint.com/limerick/naut199.html" "Mozilla/5.0 (Macintosh; U; Intel Mac OS X 10_5_6; en-us) AppleWebKit/525.27.1 (KHTML, like Gecko) Version/3.2.1 Safari/525.27.1"
38.108.180.81 - - [22/Feb/2009:14:37:28 -0500] "GET /robots.txt HTTP/1.1" 404 693 "-" "Mozilla/5.0 (compatible; ScoutJet; +http://www.scoutjet.com/)"
38.108.180.81 - - [22/Feb/2009:14:37:29 -0500] "GET / HTTP/1.1" 200 464 "-" "Mozilla/5.0 (compatible; ScoutJet; +http://www.scoutjet.com/)"
38.108.180.81 - - [22/Feb/2009:14:37:29 -0500] "GET /favicon.ico HTTP/1.1" 404 693 "-" "Mozilla/5.0 (compatible; ScoutJet; +http://www.scoutjet.com/)"
208.111.154.15 - - [22/Feb/2009:14:39:37 -0500] "GET /robots.txt HTTP/1.1" 404 693 "-" "Mozilla/5.0 (compatible; Charlotte/1.1; http://www.searchme.com/support/)"
208.111.154.15 - - [22/Feb/2009:14:39:56 -0500] "GET /haiku/1998/haik1298.html HTTP/1.1" 200 28856 "-" "Mozilla/5.0 (compatible; Charlotte/1.1; http://www.searchme.com/support/)"
207.216.15.49 - - [22/Feb/2009:14:40:02 -0500] "GET /gifs/birdumb.gif HTTP/1.1" 200 4704 "http://www.toastpoint.com/limerick/nice299.html" "Opera/9.63 (Windows NT 5.1; U; en) Presto/2.1.1"
207.216.15.49 - - [22/Feb/2009:14:40:02 -0500] "GET /gifs/birdumb2.gif HTTP/1.1" 200 4698 "http://www.toastpoint.com/limerick/nice299.html" "Opera/9.63 (Windows NT 5.1; U; en) Presto/2.1.1"
207.216.15.49 - - [22/Feb/2009:14:40:02 -0500] "GET /gifs/goldstar.jpg HTTP/1.1" 200 1854 "http://www.toastpoint.com/limerick/nice299.html" "Opera/9.63 (Windows NT 5.1; U; en) Presto/2.1.1"
207.216.15.49 - - [22/Feb/2009:14:40:01 -0500] "GET /limerick/nice299.html HTTP/1.1" 200 28130 "http://www.google.com/search?hl=en&client=opera&rls=en&hs=Fjz&ei=CKmhSea3EZnMsAOfo-nTCQ&sa=X&oi=spell&resnum=1&ct=result&cd=1&q=pythagoras+limerick&spell=1" "Opera/9.63 (Windows NT 5.1; U; en) Presto/2.1.1"
207.216.15.49 - - [22/Feb/2009:14:40:02 -0500] "GET /favicon.ico HTTP/1.1" 404 693 "http://www.toastpoint.com/limerick/nice299.html" "Opera/9.63 (Windows NT 5.1; U; en) Presto/2.1.1"
38.108.180.46 - - [22/Feb/2009:15:00:00 -0500] "GET /robots.txt HTTP/1.1" 404 693 "-" "Mozilla/5.0 (compatible; ScoutJet; +http://www.scoutjet.com/)"
38.108.180.46 - - [22/Feb/2009:15:00:01 -0500] "GET / HTTP/1.1" 200 464 "-" "Mozilla/5.0 (compatible; ScoutJet; +http://www.scoutjet.com/)"
38.108.180.46 - - [22/Feb/2009:15:00:02 -0500] "GET /favicon.ico HTTP/1.1" 404 693 "-" "Mozilla/5.0 (compatible; ScoutJet; +http://www.scoutjet.com/)"
81.52.143.16 - - [22/Feb/2009:15:09:10 -0500] "GET /limerick/naut599.html HTTP/1.1" 200 21235 "-" "Mozilla/5.0 (Windows; U; Windows NT 5.1; fr; rv:1.8.1) VoilaBot BETA 1.2 (support.voilabot@orange-ftgroup.com)"
208.111.154.15 - - [22/Feb/2009:15:23:27 -0500] "GET /robots.txt HTTP/1.1" 404 693 "-" "Mozilla/5.0 (compatible; Charlotte/1.1; http://www.searchme.com/support/)"
208.111.154.32 - - [22/Feb/2009:15:33:16 -0500] "GET /robots.txt HTTP/1.1" 404 693 "-" "Mozilla/5.0 (compatible; Charlotte/1.1; http://www.searchme.com/support/)"
208.111.154.32 - - [22/Feb/2009:15:33:37 -0500] "GET /limerick/1997/naut597.html HTTP/1.1" 304 - "-" "Mozilla/5.0 (compatible; Charlotte/1.1; http://www.searchme.com/support/)"
66.249.65.244 - - [22/Feb/2009:15:53:26 -0500] "GET /toastpointtopright.html HTTP/1.1" 200 151 "-" "Mozilla/5.0 (compatible; Googlebot/2.1; +http://www.google.com/bot.html)"
66.249.65.239 - - [22/Feb/2009:16:14:29 -0500] "GET /limerick/1995/nicedec.html HTTP/1.1" 200 13251 "-" "DoCoMo/2.0 N905i(c100;TB;W24H16) (compatible; Googlebot-Mobile/2.1; +http://www.google.com/bot.html)"
81.52.143.15 - - [22/Feb/2009:16:18:12 -0500] "GET /haiku/?M=A HTTP/1.1" 403 563 "-" "Mozilla/5.0 (Windows; U; Windows NT 5.1; fr; rv:1.8.1) VoilaBot BETA 1.2 (support.voilabot@orange-ftgroup.com)"
66.249.65.242 - - [22/Feb/2009:16:24:06 -0500] "GET /gifs/tpjan2008.jpg HTTP/1.1" 304 - "-" "Googlebot-Image/1.0"
66.249.65.234 - - [22/Feb/2009:16:31:50 -0500] "GET /robots.txt HTTP/1.1" 404 693 "-" "Googlebot-Image/1.0"
66.249.65.226 - - [22/Feb/2009:16:31:50 -0500] "GET /gifs/tpsept2007.jpg HTTP/1.1" 304 - "-" "Googlebot-Image/1.0"
65.55.209.78 - - [22/Feb/2009:17:08:21 -0500] "GET /robots.txt HTTP/1.1" 404 693 "-" "msnbot/1.1 (+http://search.msn.com/msnbot.htm)"
65.55.209.78 - - [22/Feb/2009:17:08:21 -0500] "GET /welcome.html HTTP/1.1" 304 - "-" "msnbot/1.1 (+http://search.msn.com/msnbot.htm)"
81.52.143.16 - - [22/Feb/2009:17:17:55 -0500] "GET /limerick/1996/nice396.html HTTP/1.1" 200 5682 "-" "Mozilla/5.0 (Windows; U; Windows NT 5.1; fr; rv:1.8.1) VoilaBot BETA 1.2 (support.voilabot@orange-ftgroup.com)"
99.226.135.77 - - [22/Feb/2009:17:55:26 -0500] "GET / HTTP/1.1" 200 464 "http://search.live.com/results.aspx?q=toast+points&form=WLMLQB" "Mozilla/4.0 (compatible; MSIE 7.0; Windows NT 5.1)"
99.226.135.77 - - [22/Feb/2009:17:55:26 -0500] "GET /toastpointtopleft.html HTTP/1.1" 200 162 "http://www.toastpoint.com/" "Mozilla/4.0 (compatible; MSIE 7.0; Windows NT 5.1)"
99.226.135.77 - - [22/Feb/2009:17:55:26 -0500] "GET /toastpointtoc.html HTTP/1.1" 200 1188 "http://www.toastpoint.com/" "Mozilla/4.0 (compatible; MSIE 7.0; Windows NT 5.1)"
99.226.135.77 - - [22/Feb/2009:17:55:26 -0500] "GET /news.html HTTP/1.1" 200 17706 "http://www.toastpoint.com/" "Mozilla/4.0 (compatible; MSIE 7.0; Windows NT 5.1)"
99.226.135.77 - - [22/Feb/2009:17:55:27 -0500] "GET /toastpointtopright.html HTTP/1.1" 200 151 "http://www.toastpoint.com/" "Mozilla/4.0 (compatible; MSIE 7.0; Windows NT 5.1)"
99.226.135.77 - - [22/Feb/2009:17:55:27 -0500] "GET /tpnews.html HTTP/1.1" 200 8305 "http://www.toastpoint.com/" "Mozilla/4.0 (compatible; MSIE 7.0; Windows NT 5.1)"
99.226.135.77 - - [22/Feb/2009:17:55:27 -0500] "GET /gifs/tpwinter20089.jpg HTTP/1.1" 200 28088 "http://www.toastpoint.com/news.html" "Mozilla/4.0 (compatible; MSIE 7.0; Windows NT 5.1)"
99.226.135.77 - - [22/Feb/2009:17:55:27 -0500] "GET /favicon.ico HTTP/1.1" 404 693 "-" "Mozilla/4.0 (compatible; MSIE 7.0; Windows NT 5.1)"
66.249.65.237 - - [22/Feb/2009:18:15:48 -0500] "GET /gifs/tpnov2006.jpg HTTP/1.1" 304 - "-" "Googlebot-Image/1.0"
66.249.65.241 - - [22/Feb/2009:18:28:49 -0500] "GET /robots.txt HTTP/1.1" 404 693 "-" "Mozilla/5.0 (compatible; Googlebot/2.1; +http://www.google.com/bot.html)"
66.249.65.228 - - [22/Feb/2009:18:28:49 -0500] "GET /fiction/fict98/fict98.html HTTP/1.1" 304 - "-" "Mozilla/5.0 (compatible; Googlebot/2.1; +http://www.google.com/bot.html)"
66.249.90.136 - - [22/Feb/2009:18:34:25 -0500] "GET /rapture/rapture.html HTTP/1.0" 200 22564 "-" "Mozilla/4.0 (compatible; MSIE 6.0; Windows NT 5.0; Google Wireless Transcoder;)"
72.14.193.129 - - [22/Feb/2009:18:34:26 -0500] "GET /rapture/mik-lips.gif HTTP/1.1" 200 3352 "-" "Mozilla/4.0 (compatible; MSIE 6.0; Windows NT 5.0;Google Wireless Transcoder;)"
72.14.193.129 - - [22/Feb/2009:18:34:26 -0500] "GET /rapture/rud-spec.gif HTTP/1.1" 200 2489 "-" "Mozilla/4.0 (compatible; MSIE 6.0; Windows NT 5.0;Google Wireless Transcoder;)"
72.14.193.129 - - [22/Feb/2009:18:34:26 -0500] "GET /rapture/gon-baby.gif HTTP/1.1" 200 2847 "-" "Mozilla/4.0 (compatible; MSIE 6.0; Windows NT 5.0;Google Wireless Transcoder;)"
72.14.193.129 - - [22/Feb/2009:18:34:26 -0500] "GET /rapture/uto-look.gif HTTP/1.1" 200 3823 "-" "Mozilla/4.0 (compatible; MSIE 6.0; Windows NT 5.0;Google Wireless Transcoder;)"
72.14.193.129 - - [22/Feb/2009:18:34:26 -0500] "GET /rapture/bunthorne.gif HTTP/1.1" 200 3137 "-" "Mozilla/4.0 (compatible; MSIE 6.0; Windows NT 5.0;Google Wireless Transcoder;)"
72.14.193.129 - - [22/Feb/2009:18:34:26 -0500] "GET /rapture/iolanthe.gif HTTP/1.1" 200 2814 "-" "Mozilla/4.0 (compatible; MSIE 6.0; Windows NT 5.0;Google Wireless Transcoder;)"
72.14.193.129 - - [22/Feb/2009:18:34:26 -0500] "GET /rapture/tbj-jury.gif HTTP/1.1" 200 3904 "-" "Mozilla/4.0 (compatible; MSIE 6.0; Windows NT 5.0;Google Wireless Transcoder;)"
72.14.193.129 - - [22/Feb/2009:18:34:26 -0500] "GET /rapture/hms-dick.gif HTTP/1.1" 200 3100 "-" "Mozilla/4.0 (compatible; MSIE 6.0; Windows NT 5.0;Google Wireless Transcoder;)"
72.14.193.129 - - [22/Feb/2009:18:34:26 -0500] "GET /rapture/yeo-song.gif HTTP/1.1" 200 2781 "-" "Mozilla/4.0 (compatible; MSIE 6.0; Windows NT 5.0;Google Wireless Transcoder;)"
72.14.193.129 - - [22/Feb/2009:18:34:26 -0500] "GET /rapture/ida-monk.gif HTTP/1.1" 200 3753 "-" "Mozilla/4.0 (compatible; MSIE 6.0; Windows NT 5.0;Google Wireless Transcoder;)"
72.14.193.129 - - [22/Feb/2009:18:34:26 -0500] "GET /rapture/sor-well.gif HTTP/1.1" 200 2583 "-" "Mozilla/4.0 (compatible; MSIE 6.0; Windows NT 5.0;Google Wireless Transcoder;)"
72.14.193.129 - - [22/Feb/2009:18:34:26 -0500] "GET /rapture/pirates.gif HTTP/1.1" 200 4045 "-" "Mozilla/4.0 (compatible; MSIE 6.0; Windows NT 5.0;Google Wireless Transcoder;)"
66.235.124.8 - - [22/Feb/2009:18:43:01 -0500] "GET /robots.txt HTTP/1.1" 404 693 "-" "Mozilla/5.0 (compatible; Ask Jeeves/Teoma; +http://about.ask.com/en/docs/about/webmasters.shtml)"
66.235.124.8 - - [22/Feb/2009:18:43:06 -0500] "GET /limerick/1996/nice196.html HTTP/1.1" 200 10647 "-" "Mozilla/5.0 (compatible; Ask Jeeves/Teoma; +http://about.ask.com/en/docs/about/webmasters.shtml)"
66.249.65.235 - - [22/Feb/2009:18:58:42 -0500] "GET /haiku/1995/haikujun.html HTTP/1.1" 200 2332 "-" "DoCoMo/2.0 N905i(c100;TB;W24H16) (compatible; Googlebot-Mobile/2.1; +http://www.google.com/bot.html)"
208.111.154.15 - - [22/Feb/2009:19:14:22 -0500] "GET /limerick/1996/naut396.html HTTP/1.1" 200 17461 "-" "Mozilla/5.0 (compatible; Charlotte/1.1; http://www.searchme.com/support/)"
81.52.143.16 - - [22/Feb/2009:19:20:07 -0500] "GET /welcome.html HTTP/1.1" 200 418 "-" "Mozilla/5.0 (Windows; U; Windows NT 5.1; fr; rv:1.8.1) VoilaBot BETA 1.2 (support.voilabot@orange-ftgroup.com)"
76.119.15.202 - - [22/Feb/2009:19:24:22 -0500] "GET /haiku/haiku399.html HTTP/1.1" 200 75208 "-" "User-Agent: Mozilla/4.0 (compatible; MSIE 7.0; Windows NT 5.1; .NET CLR 1.1.4322; InfoPath.1; .NET CLR 2.0.50727)"
208.111.154.15 - - [22/Feb/2009:19:34:13 -0500] "GET /robots.txt HTTP/1.1" 404 693 "-" "Mozilla/5.0 (compatible; Charlotte/1.1; http://www.searchme.com/support/)"
208.111.154.15 - - [22/Feb/2009:20:39:53 -0500] "GET /robots.txt HTTP/1.1" 404 693 "-" "Mozilla/5.0 (compatible; Charlotte/1.1; http://www.searchme.com/support/)"
208.111.154.15 - - [22/Feb/2009:20:39:54 -0500] "GET /limerick/1998/naut198.html HTTP/1.1" 200 38022 "-" "Mozilla/5.0 (compatible; Charlotte/1.1; http://www.searchme.com/support/)"
65.98.224.5 - - [22/Feb/2009:20:53:42 -0500] "GET /robots.txt HTTP/1.0" 404 693 "-" "TurnitinBot/2.1 (http://www.turnitin.com/robot/crawlerinfo.html)"
202.73.198.32 - - [22/Feb/2009:21:03:05 -0500] "GET /limerick/naut299.html HTTP/1.0" 200 23095 "http://www.google.com/m?eosr=on&source=classic&q=Girl+licking+guys+ass+then+farts&gwt=off&output=html&hl=en&site=mobile&sa=X&oi=moreresults&ct=res&cd=4" "Vodafone/1.0/0Vodafone720/B212 Browser/Obigo-Browser/Q05A MMS/Obigo-MMS/Q05A SyncML/HW-SyncML/1.0 Java/HWJa/1.0 Profile/MIDP-2.0 Configuration/CLDC-1.1 Player/QTV-Player/5.3"
202.73.198.32 - - [22/Feb/2009:21:03:05 -0500] "GET /gifs/boobies.gif HTTP/1.1" 200 11144 "http://172.26.88.26:82/prc0/0/109/igtime54184.2140003108" "Mozilla/4.0 (compatible; MSIE 6.0; Windows NT 5.2; SV1; .NET CLR 1.1.4322)"
202.73.198.32 - - [22/Feb/2009:21:03:05 -0500] "GET /gifs/nakedman.gif HTTP/1.1" 200 7734 "http://172.26.88.26:82/prc0/0/109/igtime54184.2140003108" "Mozilla/4.0 (compatible; MSIE 6.0; Windows NT 5.2; SV1; .NET CLR 1.1.4322)"
202.73.198.32 - - [22/Feb/2009:21:03:05 -0500] "GET /gifs/goldstar.jpg HTTP/1.1" 200 1854 "http://172.26.88.26:82/prc0/0/109/igtime54184.2140003108" "Mozilla/4.0 (compatible; MSIE 6.0; Windows NT 5.2; SV1; .NET CLR 1.1.4322)"
202.73.198.32 - - [22/Feb/2009:21:03:16 -0500] "GET /gifs/boobies.gif HTTP/1.0" 200 11144 "http://www.toastpoint.com/gifs/boobies.gif" "Vodafone/1.0/0Vodafone720/B212 Browser/Obigo-Browser/Q05A MMS/Obigo-MMS/Q05A SyncML/HW-SyncML/1.0 Java/HWJa/1.0 Profile/MIDP-2.0 Configuration/CLDC-1.1 Player/QTV-Player/5.3"
202.73.198.32 - - [22/Feb/2009:21:03:21 -0500] "GET /gifs/nakedman.gif HTTP/1.0" 200 7734 "http://www.toastpoint.com/gifs/nakedman.gif" "Vodafone/1.0/0Vodafone720/B212 Browser/Obigo-Browser/Q05A MMS/Obigo-MMS/Q05A SyncML/HW-SyncML/1.0 Java/HWJa/1.0 Profile/MIDP-2.0 Configuration/CLDC-1.1 Player/QTV-Player/5.3"
202.73.198.32 - - [22/Feb/2009:21:03:22 -0500] "GET /gifs/goldstar.jpg HTTP/1.0" 200 1854 "http://www.toastpoint.com/gifs/goldstar.jpg" "Vodafone/1.0/0Vodafone720/B212 Browser/Obigo-Browser/Q05A MMS/Obigo-MMS/Q05A SyncML/HW-SyncML/1.0 Java/HWJa/1.0 Profile/MIDP-2.0 Configuration/CLDC-1.1 Player/QTV-Player/5.3"
65.98.224.5 - - [22/Feb/2009:21:44:00 -0500] "GET /limerick/1996/naut596.html HTTP/1.0" 200 28755 "-" "TurnitinBot/2.1 (http://www.turnitin.com/robot/crawlerinfo.html)"
65.98.224.5 - - [22/Feb/2009:21:44:43 -0500] "GET /limerick/1996/naut496.html HTTP/1.0" 200 21599 "-" "TurnitinBot/2.1 (http://www.turnitin.com/robot/crawlerinfo.html)"
65.98.224.5 - - [22/Feb/2009:21:45:26 -0500] "GET /haiku/haiku199.html HTTP/1.0" 200 34287 "-" "TurnitinBot/2.1 (http://www.turnitin.com/robot/crawlerinfo.html)"
66.249.65.232 - - [22/Feb/2009:21:45:36 -0500] "GET /writing/kyw.html HTTP/1.1" 200 3576 "-" "Mozilla/5.0 (compatible; Googlebot/2.1; +http://www.google.com/bot.html)"
