66.249.66.75 - - [03/Feb/2009:00:03:07 -0500] "GET /haiku/1998/haik1298.html HTTP/1.1" 200 28856 "-" "Nokia6820/2.0 (4.83) Profile/MIDP-1.0 Configuration/CLDC-1.0 (compatible; Googlebot-Mobile/2.1; +http://www.google.com/bot.html)"
66.249.66.75 - - [03/Feb/2009:00:03:08 -0500] "GET /limerick/1998/naut698.html HTTP/1.1" 200 41193 "-" "Nokia6820/2.0 (4.83) Profile/MIDP-1.0 Configuration/CLDC-1.0 (compatible; Googlebot-Mobile/2.1; +http://www.google.com/bot.html)"
66.249.66.75 - - [03/Feb/2009:00:03:09 -0500] "GET /limerick/1996/lim1996.html HTTP/1.1" 200 2072 "-" "Nokia6820/2.0 (4.83) Profile/MIDP-1.0 Configuration/CLDC-1.0 (compatible; Googlebot-Mobile/2.1; +http://www.google.com/bot.html)"
66.249.66.75 - - [03/Feb/2009:00:18:21 -0500] "GET /haiku/haiku599.html HTTP/1.1" 200 33918 "-" "Nokia6820/2.0 (4.83) Profile/MIDP-1.0 Configuration/CLDC-1.0 (compatible; Googlebot-Mobile/2.1; +http://www.google.com/bot.html)"
66.249.66.75 - - [03/Feb/2009:00:19:02 -0500] "GET /haiku/1998/haiku198.html HTTP/1.1" 200 25922 "-" "Nokia6820/2.0 (4.83) Profile/MIDP-1.0 Configuration/CLDC-1.0 (compatible; Googlebot-Mobile/2.1; +http://www.google.com/bot.html)"
66.249.66.75 - - [03/Feb/2009:00:19:16 -0500] "GET /limerick/1998/naut598.html HTTP/1.1" 200 63665 "-" "Nokia6820/2.0 (4.83) Profile/MIDP-1.0 Configuration/CLDC-1.0 (compatible; Googlebot-Mobile/2.1; +http://www.google.com/bot.html)"
66.249.66.75 - - [03/Feb/2009:00:19:17 -0500] "GET /limerick/1998/naut1198.html HTTP/1.1" 200 22126 "-" "Nokia6820/2.0 (4.83) Profile/MIDP-1.0 Configuration/CLDC-1.0 (compatible; Googlebot-Mobile/2.1; +http://www.google.com/bot.html)"
208.80.194.34 - - [03/Feb/2009:00:22:59 -0500] "GET / HTTP/1.0" 200 464 "-" "Mozilla/4.0 (compatible; MSIE 7.0; Windows NT 6.0; EmbeddedWB 14,52 from: http://www.bsalsa.com/ EmbeddedWB 14.52; SLCC1; .NET CLR 2.0.50727; Media Center PC 5.0; .NET CLR 3.0.04506)"
66.249.66.75 - - [03/Feb/2009:00:32:18 -0500] "GET /limerick/1995/nicejuly.html HTTP/1.1" 200 1086 "-" "Nokia6820/2.0 (4.83) Profile/MIDP-1.0 Configuration/CLDC-1.0 (compatible; Googlebot-Mobile/2.1; +http://www.google.com/bot.html)"
66.249.66.75 - - [03/Feb/2009:00:54:08 -0500] "GET /robots.txt HTTP/1.1" 404 693 "-" "Nokia6820/2.0 (4.83) Profile/MIDP-1.0 Configuration/CLDC-1.0 (compatible; Googlebot-Mobile/2.1; +http://www.google.com/bot.html)"
66.249.66.75 - - [03/Feb/2009:00:54:08 -0500] "GET /fiction/fict98/fict1298.html HTTP/1.1" 200 38294 "-" "Nokia6820/2.0 (4.83) Profile/MIDP-1.0 Configuration/CLDC-1.0 (compatible; Googlebot-Mobile/2.1; +http://www.google.com/bot.html)"
66.249.66.75 - - [03/Feb/2009:00:56:05 -0500] "GET /limerick/1998/nice598.html HTTP/1.1" 200 45520 "-" "Nokia6820/2.0 (4.83) Profile/MIDP-1.0 Configuration/CLDC-1.0 (compatible; Googlebot-Mobile/2.1; +http://www.google.com/bot.html)"
66.249.66.75 - - [03/Feb/2009:00:57:16 -0500] "GET /fiction/novels/peak3.html HTTP/1.1" 200 6906 "-" "Nokia6820/2.0 (4.83) Profile/MIDP-1.0 Configuration/CLDC-1.0 (compatible; Googlebot-Mobile/2.1; +http://www.google.com/bot.html)"
66.249.66.75 - - [03/Feb/2009:00:57:19 -0500] "GET /haiku/1998/haiku298.html HTTP/1.1" 200 35588 "-" "Nokia6820/2.0 (4.83) Profile/MIDP-1.0 Configuration/CLDC-1.0 (compatible; Googlebot-Mobile/2.1; +http://www.google.com/bot.html)"
66.249.66.75 - - [03/Feb/2009:00:57:46 -0500] "GET /haiku/1997/haiku697.html HTTP/1.1" 200 26478 "-" "Nokia6820/2.0 (4.83) Profile/MIDP-1.0 Configuration/CLDC-1.0 (compatible; Googlebot-Mobile/2.1; +http://www.google.com/bot.html)"
66.249.66.75 - - [03/Feb/2009:01:13:10 -0500] "GET /haiku/haiku299.html HTTP/1.1" 200 68017 "-" "Nokia6820/2.0 (4.83) Profile/MIDP-1.0 Configuration/CLDC-1.0 (compatible; Googlebot-Mobile/2.1; +http://www.google.com/bot.html)"
66.249.66.75 - - [03/Feb/2009:01:13:48 -0500] "GET /haiku/1997/haiku997.html HTTP/1.1" 200 28323 "-" "Nokia6820/2.0 (4.83) Profile/MIDP-1.0 Configuration/CLDC-1.0 (compatible; Googlebot-Mobile/2.1; +http://www.google.com/bot.html)"
66.249.66.75 - - [03/Feb/2009:01:17:13 -0500] "GET /fiction/novels/peak.html HTTP/1.1" 200 2410 "-" "Nokia6820/2.0 (4.83) Profile/MIDP-1.0 Configuration/CLDC-1.0 (compatible; Googlebot-Mobile/2.1; +http://www.google.com/bot.html)"
66.249.66.75 - - [03/Feb/2009:01:22:55 -0500] "GET /limerick/haiku/haiku.html HTTP/1.1" 404 693 "-" "Nokia6820/2.0 (4.83) Profile/MIDP-1.0 Configuration/CLDC-1.0 (compatible; Googlebot-Mobile/2.1; +http://www.google.com/bot.html)"
66.249.66.75 - - [03/Feb/2009:01:22:55 -0500] "GET /limerick/1998/nice398.html HTTP/1.1" 200 36584 "-" "Nokia6820/2.0 (4.83) Profile/MIDP-1.0 Configuration/CLDC-1.0 (compatible; Googlebot-Mobile/2.1; +http://www.google.com/bot.html)"
66.249.66.75 - - [03/Feb/2009:01:26:52 -0500] "GET /haiku/1996/haiku896.html HTTP/1.1" 200 20278 "-" "Nokia6820/2.0 (4.83) Profile/MIDP-1.0 Configuration/CLDC-1.0 (compatible; Googlebot-Mobile/2.1; +http://www.google.com/bot.html)"
66.249.66.75 - - [03/Feb/2009:01:26:54 -0500] "GET /haiku/1996/bestof96.html HTTP/1.1" 200 17138 "-" "Nokia6820/2.0 (4.83) Profile/MIDP-1.0 Configuration/CLDC-1.0 (compatible; Googlebot-Mobile/2.1; +http://www.google.com/bot.html)"
66.249.66.75 - - [03/Feb/2009:01:28:16 -0500] "GET /haiku/1996/haik1296.html HTTP/1.1" 404 693 "-" "Nokia6820/2.0 (4.83) Profile/MIDP-1.0 Configuration/CLDC-1.0 (compatible; Googlebot-Mobile/2.1; +http://www.google.com/bot.html)"
66.249.66.75 - - [03/Feb/2009:01:37:34 -0500] "GET /haiku/1996/haik1096.html HTTP/1.1" 404 693 "-" "Nokia6820/2.0 (4.83) Profile/MIDP-1.0 Configuration/CLDC-1.0 (compatible; Googlebot-Mobile/2.1; +http://www.google.com/bot.html)"
66.249.66.75 - - [03/Feb/2009:01:37:36 -0500] "GET /fiction/fict97/fict1297.html HTTP/1.1" 200 6078 "-" "Nokia6820/2.0 (4.83) Profile/MIDP-1.0 Configuration/CLDC-1.0 (compatible; Googlebot-Mobile/2.1; +http://www.google.com/bot.html)"
66.249.66.75 - - [03/Feb/2009:01:38:08 -0500] "GET /fiction/fict97/fict1197.html HTTP/1.1" 200 12283 "-" "Nokia6820/2.0 (4.83) Profile/MIDP-1.0 Configuration/CLDC-1.0 (compatible; Googlebot-Mobile/2.1; +http://www.google.com/bot.html)"
65.55.209.252 - - [03/Feb/2009:01:43:56 -0500] "GET /limerick/ HTTP/1.1" 403 563 "-" "msnbot/1.1 (+http://search.msn.com/msnbot.htm)"
69.58.178.28 - - [03/Feb/2009:02:02:01 -0500] "GET /robots.txt HTTP/1.1" 404 693 "-" "Mozilla/5.0 (X11; U; Linux i686; en-US; rv:1.7.12; ips-agent) Gecko/20050922 Fedora/1.0.7-1.1.fc4 Firefox/1.0.7"
69.58.178.28 - - [03/Feb/2009:02:02:03 -0500] "GET / HTTP/1.1" 200 464 "-" "Mozilla/5.0 (X11; U; Linux i686; en-US; rv:1.7.12; ips-agent) Gecko/20050922 Fedora/1.0.7-1.1.fc4 Firefox/1.0.7"
69.58.178.28 - - [03/Feb/2009:02:02:04 -0500] "GET /toastpointtopleft.html HTTP/1.1" 200 162 "-" "Mozilla/5.0 (X11; U; Linux i686; en-US; rv:1.7.12; ips-agent) Gecko/20050922 Fedora/1.0.7-1.1.fc4 Firefox/1.0.7"
69.58.178.28 - - [03/Feb/2009:02:02:05 -0500] "GET /toastpointtoc.html HTTP/1.1" 200 1188 "-" "Mozilla/5.0 (X11; U; Linux i686; en-US; rv:1.7.12; ips-agent) Gecko/20050922 Fedora/1.0.7-1.1.fc4 Firefox/1.0.7"
69.58.178.28 - - [03/Feb/2009:02:02:06 -0500] "GET /news.html HTTP/1.1" 200 17706 "-" "Mozilla/5.0 (X11; U; Linux i686; en-US; rv:1.7.12; ips-agent) Gecko/20050922 Fedora/1.0.7-1.1.fc4 Firefox/1.0.7"
69.58.178.28 - - [03/Feb/2009:02:02:07 -0500] "GET /toastpointtopright.html HTTP/1.1" 200 151 "-" "Mozilla/5.0 (X11; U; Linux i686; en-US; rv:1.7.12; ips-agent) Gecko/20050922 Fedora/1.0.7-1.1.fc4 Firefox/1.0.7"
69.58.178.28 - - [03/Feb/2009:02:02:08 -0500] "GET /tpnews.html HTTP/1.1" 200 8305 "-" "Mozilla/5.0 (X11; U; Linux i686; en-US; rv:1.7.12; ips-agent) Gecko/20050922 Fedora/1.0.7-1.1.fc4 Firefox/1.0.7"
69.58.178.28 - - [03/Feb/2009:02:02:09 -0500] "GET /bio.html HTTP/1.1" 200 7868 "-" "Mozilla/5.0 (X11; U; Linux i686; en-US; rv:1.7.12; ips-agent) Gecko/20050922 Fedora/1.0.7-1.1.fc4 Firefox/1.0.7"
69.58.178.28 - - [03/Feb/2009:02:02:10 -0500] "GET /photo.html HTTP/1.1" 200 4228 "-" "Mozilla/5.0 (X11; U; Linux i686; en-US; rv:1.7.12; ips-agent) Gecko/20050922 Fedora/1.0.7-1.1.fc4 Firefox/1.0.7"
69.58.178.28 - - [03/Feb/2009:02:02:11 -0500] "GET /contests.html HTTP/1.1" 200 1230 "-" "Mozilla/5.0 (X11; U; Linux i686; en-US; rv:1.7.12; ips-agent) Gecko/20050922 Fedora/1.0.7-1.1.fc4 Firefox/1.0.7"
69.58.178.28 - - [03/Feb/2009:02:02:12 -0500] "GET /links.html HTTP/1.1" 200 4252 "-" "Mozilla/5.0 (X11; U; Linux i686; en-US; rv:1.7.12; ips-agent) Gecko/20050922 Fedora/1.0.7-1.1.fc4 Firefox/1.0.7"
210.80.196.2 - - [03/Feb/2009:02:02:54 -0500] "GET /limerick/naut199.html HTTP/1.0" 200 34481 "-" "Mozilla/4.0 (compatible; MSIE 6.0; Windows NT 5.1; SV1; .NET CLR 1.1.4322; .NET CLR 2.0.50727; InfoPath.1)"
210.80.196.2 - - [03/Feb/2009:02:02:55 -0500] "GET /gifs/boobies.gif HTTP/1.0" 200 11144 "http://www.toastpoint.com/limerick/naut199.html" "Mozilla/4.0 (compatible; MSIE 6.0; Windows NT 5.1; SV1; .NET CLR 1.1.4322; .NET CLR 2.0.50727; InfoPath.1)"
210.80.196.2 - - [03/Feb/2009:02:02:56 -0500] "GET /gifs/nakedman.gif HTTP/1.0" 200 7734 "http://www.toastpoint.com/limerick/naut199.html" "Mozilla/4.0 (compatible; MSIE 6.0; Windows NT 5.1; SV1; .NET CLR 1.1.4322; .NET CLR 2.0.50727; InfoPath.1)"
210.80.196.2 - - [03/Feb/2009:02:02:57 -0500] "GET /gifs/goldstar.jpg HTTP/1.0" 200 1854 "http://www.toastpoint.com/limerick/naut199.html" "Mozilla/4.0 (compatible; MSIE 6.0; Windows NT 5.1; SV1; .NET CLR 1.1.4322; .NET CLR 2.0.50727; InfoPath.1)"
210.80.196.2 - - [03/Feb/2009:02:03:17 -0500] "GET /limerick/1995/nautsept.html HTTP/1.0" 200 7977 "http://www.google.co.uk/search?hl=en&q=naughty+lawyer+limericks&meta=" "Mozilla/4.0 (compatible; MSIE 6.0; Windows NT 5.1; SV1; .NET CLR 1.1.4322; .NET CLR 2.0.50727; InfoPath.1)"
74.6.29.61 - - [03/Feb/2009:02:05:09 -0500] "GET /robots.txt HTTP/1.0" 404 693 "-" "Mozilla/5.0 (compatible; Yahoo! Slurp; http://help.yahoo.com/help/us/ysearch/slurp)"
74.6.30.119 - - [03/Feb/2009:02:05:09 -0500] "GET /haiku/haiku.html HTTP/1.0" 200 2147 "-" "Mozilla/5.0 (compatible; Yahoo! DE Slurp; http://help.yahoo.com/help/us/ysearch/slurp)"
81.52.143.15 - - [03/Feb/2009:02:24:44 -0500] "GET /limerick/1998/nice598.html HTTP/1.1" 200 45520 "-" "Mozilla/5.0 (Windows; U; Windows NT 5.1; fr; rv:1.8.1) VoilaBot BETA 1.2 (support.voilabot@orange-ftgroup.com)"
74.6.30.101 - - [03/Feb/2009:02:56:03 -0500] "GET / HTTP/1.0" 200 464 "-" "Mozilla/5.0 (compatible; Yahoo! DE Slurp; http://help.yahoo.com/help/us/ysearch/slurp)"
74.6.30.101 - - [03/Feb/2009:02:56:04 -0500] "GET /toastpointtopleft.html HTTP/1.0" 200 162 "-" "Mozilla/5.0 (compatible; Yahoo! DE Slurp; http://help.yahoo.com/help/us/ysearch/slurp)"
74.6.30.101 - - [03/Feb/2009:02:56:04 -0500] "GET /toastpointtoc.html HTTP/1.0" 200 1188 "-" "Mozilla/5.0 (compatible; Yahoo! DE Slurp; http://help.yahoo.com/help/us/ysearch/slurp)"
74.6.30.101 - - [03/Feb/2009:02:56:04 -0500] "GET /news.html HTTP/1.0" 200 17706 "-" "Mozilla/5.0 (compatible; Yahoo! DE Slurp; http://help.yahoo.com/help/us/ysearch/slurp)"
74.6.30.101 - - [03/Feb/2009:02:56:05 -0500] "GET /toastpointtopright.html HTTP/1.0" 200 151 "-" "Mozilla/5.0 (compatible; Yahoo! DE Slurp; http://help.yahoo.com/help/us/ysearch/slurp)"
74.6.30.101 - - [03/Feb/2009:02:56:05 -0500] "GET /tpnews.html HTTP/1.0" 200 8305 "-" "Mozilla/5.0 (compatible; Yahoo! DE Slurp; http://help.yahoo.com/help/us/ysearch/slurp)"
88.131.106.6 - - [03/Feb/2009:03:22:17 -0500] "GET /robots.txt HTTP/1.0" 404 693 "-" "Speedy Spider (http://www.entireweb.com/about/search_tech/speedy_spider/)"
88.131.106.6 - - [03/Feb/2009:03:22:18 -0500] "GET /limerick/ HTTP/1.0" 403 563 "-" "Speedy Spider (http://www.entireweb.com/about/search_tech/speedy_spider/)"
66.249.65.111 - - [03/Feb/2009:03:23:57 -0500] "GET /welcome.html HTTP/1.1" 200 418 "-" "DoCoMo/2.0 N905i(c100;TB;W24H16) (compatible; Googlebot-Mobile/2.1; +http://www.google.com/bot.html)"
66.249.65.111 - - [03/Feb/2009:03:24:04 -0500] "GET / HTTP/1.1" 200 464 "-" "DoCoMo/2.0 N905i(c100;TB;W24H16) (compatible; Googlebot-Mobile/2.1; +http://www.google.com/bot.html)"
66.235.124.8 - - [03/Feb/2009:03:24:32 -0500] "GET /robots.txt HTTP/1.1" 404 693 "-" "Mozilla/5.0 (compatible; Ask Jeeves/Teoma; +http://about.ask.com/en/docs/about/webmasters.shtml)"
66.235.124.8 - - [03/Feb/2009:03:24:37 -0500] "GET /limerick/1995/nicejune.html HTTP/1.1" 200 1710 "-" "Mozilla/5.0 (compatible; Ask Jeeves/Teoma; +http://about.ask.com/en/docs/about/webmasters.shtml)"
210.80.196.2 - - [03/Feb/2009:04:01:25 -0500] "GET /welcome.html HTTP/1.0" 200 418 "-" "Mozilla/4.0 (compatible; MSIE 6.0; Windows NT 5.1; SV1; .NET CLR 1.1.4322; .NET CLR 2.0.50727; InfoPath.1)"
210.80.196.2 - - [03/Feb/2009:04:01:27 -0500] "GET / HTTP/1.0" 200 464 "-" "Mozilla/4.0 (compatible; MSIE 6.0; Windows NT 5.1; SV1; .NET CLR 1.1.4322; .NET CLR 2.0.50727; InfoPath.1)"
210.80.196.2 - - [03/Feb/2009:04:01:28 -0500] "GET /toastpointtoc.html HTTP/1.0" 200 1188 "http://www.toastpoint.com/" "Mozilla/4.0 (compatible; MSIE 6.0; Windows NT 5.1; SV1; .NET CLR 1.1.4322; .NET CLR 2.0.50727; InfoPath.1)"
210.80.196.2 - - [03/Feb/2009:04:01:28 -0500] "GET /toastpointtopleft.html HTTP/1.0" 200 162 "http://www.toastpoint.com/" "Mozilla/4.0 (compatible; MSIE 6.0; Windows NT 5.1; SV1; .NET CLR 1.1.4322; .NET CLR 2.0.50727; InfoPath.1)"
210.80.196.2 - - [03/Feb/2009:04:01:28 -0500] "GET /news.html HTTP/1.0" 200 17706 "http://www.toastpoint.com/" "Mozilla/4.0 (compatible; MSIE 6.0; Windows NT 5.1; SV1; .NET CLR 1.1.4322; .NET CLR 2.0.50727; InfoPath.1)"
210.80.196.2 - - [03/Feb/2009:04:01:28 -0500] "GET /toastpointtopright.html HTTP/1.0" 200 151 "http://www.toastpoint.com/" "Mozilla/4.0 (compatible; MSIE 6.0; Windows NT 5.1; SV1; .NET CLR 1.1.4322; .NET CLR 2.0.50727; InfoPath.1)"
210.80.196.2 - - [03/Feb/2009:04:01:28 -0500] "GET /tpnews.html HTTP/1.0" 200 8305 "http://www.toastpoint.com/" "Mozilla/4.0 (compatible; MSIE 6.0; Windows NT 5.1; SV1; .NET CLR 1.1.4322; .NET CLR 2.0.50727; InfoPath.1)"
210.80.196.2 - - [03/Feb/2009:04:01:29 -0500] "GET /gifs/tpwinter20089.jpg HTTP/1.0" 200 28088 "http://www.toastpoint.com/news.html" "Mozilla/4.0 (compatible; MSIE 6.0; Windows NT 5.1; SV1; .NET CLR 1.1.4322; .NET CLR 2.0.50727; InfoPath.1)"
210.80.196.2 - - [03/Feb/2009:04:02:21 -0500] "GET /ponder.html HTTP/1.0" 200 3441 "http://www.toastpoint.com/toastpointtoc.html" "Mozilla/4.0 (compatible; MSIE 6.0; Windows NT 5.1; SV1; .NET CLR 1.1.4322; .NET CLR 2.0.50727; InfoPath.1)"
66.249.65.111 - - [03/Feb/2009:05:16:40 -0500] "GET /limerick/nice599.html HTTP/1.1" 200 26033 "-" "DoCoMo/2.0 N905i(c100;TB;W24H16) (compatible; Googlebot-Mobile/2.1; +http://www.google.com/bot.html)"
66.249.65.111 - - [03/Feb/2009:05:17:09 -0500] "GET /limerick/nice199.html HTTP/1.1" 200 25313 "-" "DoCoMo/2.0 N905i(c100;TB;W24H16) (compatible; Googlebot-Mobile/2.1; +http://www.google.com/bot.html)"
66.249.65.111 - - [03/Feb/2009:05:18:14 -0500] "GET /fiction/fict599.html HTTP/1.1" 200 7512 "-" "DoCoMo/2.0 N905i(c100;TB;W24H16) (compatible; Googlebot-Mobile/2.1; +http://www.google.com/bot.html)"
66.249.65.111 - - [03/Feb/2009:05:18:42 -0500] "GET /fiction/fict299.html HTTP/1.1" 200 38635 "-" "DoCoMo/2.0 N905i(c100;TB;W24H16) (compatible; Googlebot-Mobile/2.1; +http://www.google.com/bot.html)"
66.249.65.111 - - [03/Feb/2009:05:18:58 -0500] "GET /limerick/nice499.html HTTP/1.1" 200 24193 "-" "DoCoMo/2.0 N905i(c100;TB;W24H16) (compatible; Googlebot-Mobile/2.1; +http://www.google.com/bot.html)"
66.249.65.111 - - [03/Feb/2009:05:19:26 -0500] "GET /haiku/haiku599.html HTTP/1.1" 200 33918 "-" "DoCoMo/2.0 N905i(c100;TB;W24H16) (compatible; Googlebot-Mobile/2.1; +http://www.google.com/bot.html)"
72.30.142.106 - - [03/Feb/2009:05:20:50 -0500] "GET /robots.txt HTTP/1.0" 404 693 "-" "Mozilla/5.0 (compatible; Yahoo! Slurp; http://help.yahoo.com/help/us/ysearch/slurp)"
66.249.65.111 - - [03/Feb/2009:05:22:19 -0500] "GET /haiku/haiku299.html HTTP/1.1" 200 68017 "-" "DoCoMo/2.0 N905i(c100;TB;W24H16) (compatible; Googlebot-Mobile/2.1; +http://www.google.com/bot.html)"
66.249.65.111 - - [03/Feb/2009:05:22:34 -0500] "GET /haiku/haiku499.html HTTP/1.1" 200 54815 "-" "DoCoMo/2.0 N905i(c100;TB;W24H16) (compatible; Googlebot-Mobile/2.1; +http://www.google.com/bot.html)"
66.249.65.111 - - [03/Feb/2009:05:23:14 -0500] "GET /haiku/haiku399.html HTTP/1.1" 200 75208 "-" "DoCoMo/2.0 N905i(c100;TB;W24H16) (compatible; Googlebot-Mobile/2.1; +http://www.google.com/bot.html)"
66.249.65.111 - - [03/Feb/2009:05:23:24 -0500] "GET /limerick/naut499.html HTTP/1.1" 200 38163 "-" "DoCoMo/2.0 N905i(c100;TB;W24H16) (compatible; Googlebot-Mobile/2.1; +http://www.google.com/bot.html)"
66.249.65.111 - - [03/Feb/2009:05:25:18 -0500] "GET /limerick/nice399.html HTTP/1.1" 200 31092 "-" "DoCoMo/2.0 N905i(c100;TB;W24H16) (compatible; Googlebot-Mobile/2.1; +http://www.google.com/bot.html)"
66.249.65.111 - - [03/Feb/2009:05:26:02 -0500] "GET /haiku/haiku199.html HTTP/1.1" 200 34287 "-" "DoCoMo/2.0 N905i(c100;TB;W24H16) (compatible; Googlebot-Mobile/2.1; +http://www.google.com/bot.html)"
66.249.65.111 - - [03/Feb/2009:05:27:15 -0500] "GET /fiction/fict499.html HTTP/1.1" 200 12868 "-" "DoCoMo/2.0 N905i(c100;TB;W24H16) (compatible; Googlebot-Mobile/2.1; +http://www.google.com/bot.html)"
65.55.209.78 - - [03/Feb/2009:05:30:48 -0500] "GET /robots.txt HTTP/1.1" 404 693 "-" "msnbot/1.1 (+http://search.msn.com/msnbot.htm)"
65.55.209.78 - - [03/Feb/2009:05:30:49 -0500] "GET /photo.html HTTP/1.1" 304 - "-" "msnbot/1.1 (+http://search.msn.com/msnbot.htm)"
67.195.37.110 - - [03/Feb/2009:05:59:51 -0500] "GET /robots.txt HTTP/1.0" 404 693 "-" "Mozilla/5.0 (compatible; Yahoo! Slurp; http://help.yahoo.com/help/us/ysearch/slurp)"
67.195.37.110 - - [03/Feb/2009:05:59:52 -0500] "GET / HTTP/1.0" 200 464 "-" "Mozilla/5.0 (compatible; Yahoo! DE Slurp; http://help.yahoo.com/help/us/ysearch/slurp)"
67.195.37.110 - - [03/Feb/2009:05:59:52 -0500] "GET /toastpointtopleft.html HTTP/1.0" 200 162 "-" "Mozilla/5.0 (compatible; Yahoo! DE Slurp; http://help.yahoo.com/help/us/ysearch/slurp)"
67.195.37.110 - - [03/Feb/2009:05:59:53 -0500] "GET /toastpointtoc.html HTTP/1.0" 200 1188 "-" "Mozilla/5.0 (compatible; Yahoo! DE Slurp; http://help.yahoo.com/help/us/ysearch/slurp)"
67.195.37.110 - - [03/Feb/2009:05:59:53 -0500] "GET /news.html HTTP/1.0" 200 17706 "-" "Mozilla/5.0 (compatible; Yahoo! DE Slurp; http://help.yahoo.com/help/us/ysearch/slurp)"
67.195.37.110 - - [03/Feb/2009:05:59:54 -0500] "GET /toastpointtopright.html HTTP/1.0" 304 - "-" "Mozilla/5.0 (compatible; Yahoo! DE Slurp; http://help.yahoo.com/help/us/ysearch/slurp)"
67.195.37.110 - - [03/Feb/2009:05:59:54 -0500] "GET /tpnews.html HTTP/1.0" 304 - "-" "Mozilla/5.0 (compatible; Yahoo! DE Slurp; http://help.yahoo.com/help/us/ysearch/slurp)"
66.235.124.8 - - [03/Feb/2009:06:29:59 -0500] "GET /limerick/limerick.html HTTP/1.1" 200 2613 "-" "Mozilla/5.0 (compatible; Ask Jeeves/Teoma; +http://about.ask.com/en/docs/about/webmasters.shtml)"
66.235.124.8 - - [03/Feb/2009:06:38:55 -0500] "GET /fiction/fict299.html HTTP/1.1" 200 38635 "-" "Mozilla/5.0 (compatible; Ask Jeeves/Teoma; +http://about.ask.com/en/docs/about/webmasters.shtml)"
63.241.3.51 - - [03/Feb/2009:06:40:28 -0500] "GET /limerick/limerick.html HTTP/1.1" 200 2613 "-" "-"
72.30.142.106 - - [03/Feb/2009:06:52:21 -0500] "GET /robots.txt HTTP/1.0" 404 693 "-" "Mozilla/5.0 (compatible; Yahoo! Slurp; http://help.yahoo.com/help/us/ysearch/slurp)"
66.249.65.112 - - [03/Feb/2009:07:02:39 -0500] "GET /fiction/fiction.html HTTP/1.1" 200 2705 "-" "DoCoMo/2.0 N905i(c100;TB;W24H16) (compatible; Googlebot-Mobile/2.1; +http://www.google.com/bot.html)"
66.235.124.8 - - [03/Feb/2009:07:11:10 -0500] "GET /limerick/1997/naut497.html HTTP/1.1" 200 43346 "-" "Mozilla/5.0 (compatible; Ask Jeeves/Teoma; +http://about.ask.com/en/docs/about/webmasters.shtml)"
66.235.124.8 - - [03/Feb/2009:07:17:01 -0500] "GET /haiku/1998/haiku998.html HTTP/1.1" 200 38887 "-" "Mozilla/5.0 (compatible; Ask Jeeves/Teoma; +http://about.ask.com/en/docs/about/webmasters.shtml)"
66.249.65.111 - - [03/Feb/2009:08:35:09 -0500] "GET /limerick/1995/nicejuly.html HTTP/1.1" 200 1086 "-" "DoCoMo/2.0 N905i(c100;TB;W24H16) (compatible; Googlebot-Mobile/2.1; +http://www.google.com/bot.html)"
66.249.65.111 - - [03/Feb/2009:08:49:35 -0500] "GET /limerick/1995/nicejune.html HTTP/1.1" 200 1710 "-" "DoCoMo/2.0 N905i(c100;TB;W24H16) (compatible; Googlebot-Mobile/2.1; +http://www.google.com/bot.html)"
208.80.194.48 - - [03/Feb/2009:09:04:39 -0500] "GET / HTTP/1.0" 200 464 "-" "Mozilla/4.0 (compatible; MSIE 6.0; Windows NT 5.1; Rogers Hi-Speed Internet; SV1; YPC 3.2.0; .NET CLR 1.1.4322)"
174.132.255.58 - - [03/Feb/2009:09:32:33 -0500] "GET / HTTP/1.1" 200 464 "-" "Mozilla/4.0 (compatible; MSIE 6.0; Windows NT 5.0; .NET CLR 1.0.3705)"
66.235.124.57 - - [03/Feb/2009:10:14:37 -0500] "GET /robots.txt HTTP/1.0" 404 693 "-" "Mozilla/5.0 (compatible; Ask Jeeves/Teoma; +http://about.ask.com/en/docs/about/webmasters.shtml)"
66.235.124.57 - - [03/Feb/2009:10:14:37 -0500] "GET /limerick/nice299.html HTTP/1.0" 200 28130 "-" "Mozilla/5.0 (compatible; Ask Jeeves/Teoma; +http://about.ask.com/en/docs/about/webmasters.shtml)"
204.62.53.36 - - [03/Feb/2009:10:15:05 -0500] "GET /haiku/1997/haiku597.html HTTP/1.0" 200 30659 "-" "Mozilla/5.0 (compatible; Charlotte/1.0t; http://www.searchme.com/support/)"
204.62.53.36 - - [03/Feb/2009:10:15:05 -0500] "GET /gifs/goldstar.jpg HTTP/1.0" 200 1854 "http://www.toastpoint.com/haiku/1997/haiku597.html" "Mozilla/5.0 (compatible; Charlotte/1.0t; http://www.searchme.com/support/)"
204.62.53.36 - - [03/Feb/2009:10:15:05 -0500] "GET /gifs/japan.gif HTTP/1.0" 200 5737 "http://www.toastpoint.com/haiku/1997/haiku597.html" "Mozilla/5.0 (compatible; Charlotte/1.0t; http://www.searchme.com/support/)"
204.62.53.36 - - [03/Feb/2009:10:15:05 -0500] "GET /favicon.ico HTTP/1.0" 404 693 "-" "Mozilla/5.0 (compatible; Charlotte/1.0t; http://www.searchme.com/support/)"
66.249.65.111 - - [03/Feb/2009:10:33:12 -0500] "GET /robots.txt HTTP/1.1" 404 693 "-" "DoCoMo/2.0 N905i(c100;TB;W24H16) (compatible; Googlebot-Mobile/2.1; +http://www.google.com/bot.html)"
66.249.65.111 - - [03/Feb/2009:10:33:13 -0500] "GET /haiku/1996/haik1996.html HTTP/1.1" 200 1887 "-" "DoCoMo/2.0 N905i(c100;TB;W24H16) (compatible; Googlebot-Mobile/2.1; +http://www.google.com/bot.html)"
66.249.65.111 - - [03/Feb/2009:10:42:30 -0500] "GET /limerick/1997/lim1997.html HTTP/1.1" 200 1925 "-" "DoCoMo/2.0 N905i(c100;TB;W24H16) (compatible; Googlebot-Mobile/2.1; +http://www.google.com/bot.html)"
66.249.65.111 - - [03/Feb/2009:10:48:02 -0500] "GET /limerick/1997/nice1197.html HTTP/1.1" 200 19541 "-" "DoCoMo/2.0 N905i(c100;TB;W24H16) (compatible; Googlebot-Mobile/2.1; +http://www.google.com/bot.html)"
66.249.65.111 - - [03/Feb/2009:10:56:04 -0500] "GET /limerick/brady/brady97.html HTTP/1.1" 200 10474 "-" "DoCoMo/2.0 N905i(c100;TB;W24H16) (compatible; Googlebot-Mobile/2.1; +http://www.google.com/bot.html)"
66.249.65.111 - - [03/Feb/2009:10:56:39 -0500] "GET /haiku/haik1995/1995.html HTTP/1.1" 404 693 "-" "DoCoMo/2.0 N905i(c100;TB;W24H16) (compatible; Googlebot-Mobile/2.1; +http://www.google.com/bot.html)"
66.249.65.111 - - [03/Feb/2009:10:59:00 -0500] "GET /limerick/brady/brady98.html HTTP/1.1" 200 8297 "-" "DoCoMo/2.0 N905i(c100;TB;W24H16) (compatible; Googlebot-Mobile/2.1; +http://www.google.com/bot.html)"
66.249.65.111 - - [03/Feb/2009:11:00:04 -0500] "GET /limerick/1995/nicemay.html HTTP/1.1" 200 1859 "-" "DoCoMo/2.0 N905i(c100;TB;W24H16) (compatible; Googlebot-Mobile/2.1; +http://www.google.com/bot.html)"
66.249.65.111 - - [03/Feb/2009:11:00:23 -0500] "GET /limerick/1996/lim1996.html HTTP/1.1" 200 2072 "-" "DoCoMo/2.0 N905i(c100;TB;W24H16) (compatible; Googlebot-Mobile/2.1; +http://www.google.com/bot.html)"
66.249.65.111 - - [03/Feb/2009:11:03:29 -0500] "GET /fiction/fict97/fict97.html HTTP/1.1" 200 1536 "-" "DoCoMo/2.0 N905i(c100;TB;W24H16) (compatible; Googlebot-Mobile/2.1; +http://www.google.com/bot.html)"
66.249.65.111 - - [03/Feb/2009:11:05:33 -0500] "GET /fiction/novels/parkey.html HTTP/1.1" 200 25723 "-" "DoCoMo/2.0 N905i(c100;TB;W24H16) (compatible; Googlebot-Mobile/2.1; +http://www.google.com/bot.html)"
66.249.65.111 - - [03/Feb/2009:11:05:48 -0500] "GET /fiction/novels/xmascurl.html HTTP/1.1" 200 33957 "-" "DoCoMo/2.0 N905i(c100;TB;W24H16) (compatible; Googlebot-Mobile/2.1; +http://www.google.com/bot.html)"
66.249.65.111 - - [03/Feb/2009:11:07:20 -0500] "GET /limerick/1998/lim1998.html HTTP/1.1" 200 2041 "-" "DoCoMo/2.0 N905i(c100;TB;W24H16) (compatible; Googlebot-Mobile/2.1; +http://www.google.com/bot.html)"
66.249.65.112 - - [03/Feb/2009:11:38:19 -0500] "GET /fiction/novels/peak1-3.html HTTP/1.1" 200 6956 "-" "DoCoMo/2.0 N905i(c100;TB;W24H16) (compatible; Googlebot-Mobile/2.1; +http://www.google.com/bot.html)"
67.195.37.110 - - [03/Feb/2009:11:41:48 -0500] "GET /haiku/haiku.html HTTP/1.0" 304 - "-" "Mozilla/5.0 (compatible; Yahoo! DE Slurp; http://help.yahoo.com/help/us/ysearch/slurp)"
66.249.65.111 - - [03/Feb/2009:11:50:28 -0500] "GET /limerick/brady/brady96.html HTTP/1.1" 200 6418 "-" "DoCoMo/2.0 N905i(c100;TB;W24H16) (compatible; Googlebot-Mobile/2.1; +http://www.google.com/bot.html)"
66.249.65.111 - - [03/Feb/2009:11:52:13 -0500] "GET /fiction/novels/peak.html HTTP/1.1" 200 2410 "-" "DoCoMo/2.0 N905i(c100;TB;W24H16) (compatible; Googlebot-Mobile/2.1; +http://www.google.com/bot.html)"
65.55.209.77 - - [03/Feb/2009:12:12:11 -0500] "GET /robots.txt HTTP/1.1" 404 693 "-" "msnbot/1.1 (+http://search.msn.com/msnbot.htm)"
65.55.209.77 - - [03/Feb/2009:12:12:11 -0500] "GET /limerick/1995/nicesept.html HTTP/1.1" 200 3676 "-" "msnbot/1.1 (+http://search.msn.com/msnbot.htm)"
81.52.143.26 - - [03/Feb/2009:12:23:54 -0500] "GET /limerick/nice499.html HTTP/1.1" 200 24193 "-" "Mozilla/5.0 (Windows; U; Windows NT 5.1; fr; rv:1.8.1) VoilaBot BETA 1.2 (support.voilabot@orange-ftgroup.com)"
71.254.51.15 - - [03/Feb/2009:12:25:17 -0500] "GET /favicon.ico HTTP/1.1" 404 693 "-" "Mozilla/4.0 (compatible; MSIE 7.0; Windows NT 5.1; .NET CLR 1.0.3705; .NET CLR 1.1.4322; Media Center PC 3.1)"
71.254.51.15 - - [03/Feb/2009:12:25:17 -0500] "GET /limerick/1996/naut996.html HTTP/1.1" 200 13852 "-" "Mozilla/4.0 (compatible; MSIE 7.0; Windows NT 5.1; .NET CLR 1.0.3705; .NET CLR 1.1.4322; Media Center PC 3.1)"
71.254.51.15 - - [03/Feb/2009:12:25:18 -0500] "GET /gifs/mouthf1.jpg HTTP/1.1" 200 3650 "http://www.toastpoint.com/limerick/1996/naut996.html" "Mozilla/4.0 (compatible; MSIE 7.0; Windows NT 5.1; .NET CLR 1.0.3705; .NET CLR 1.1.4322; Media Center PC 3.1)"
71.254.51.15 - - [03/Feb/2009:12:25:18 -0500] "GET /gifs/banana.jpg HTTP/1.1" 200 4139 "http://www.toastpoint.com/limerick/1996/naut996.html" "Mozilla/4.0 (compatible; MSIE 7.0; Windows NT 5.1; .NET CLR 1.0.3705; .NET CLR 1.1.4322; Media Center PC 3.1)"
71.254.51.15 - - [03/Feb/2009:12:25:18 -0500] "GET /gifs/goldstar.jpg HTTP/1.1" 200 1854 "http://www.toastpoint.com/limerick/1996/naut996.html" "Mozilla/4.0 (compatible; MSIE 7.0; Windows NT 5.1; .NET CLR 1.0.3705; .NET CLR 1.1.4322; Media Center PC 3.1)"
195.189.142.201 - - [03/Feb/2009:12:27:05 -0500] "GET /limerick/brady/brady97.html HTTP/1.1" 200 10474 "http://www.eroticfantasyzone.com/" "Opera/8.01 (J2ME/MIDP; Opera Mini/3.1.10423/1724; en; U; ssr)"
195.189.142.201 - - [03/Feb/2009:12:27:05 -0500] "GET /gifs/goldstar.jpg HTTP/1.1" 200 1854 "http://www.toastpoint.com/limerick/brady/brady97.html" "Opera/8.01 (J2ME/MIDP; Opera Mini/3.1.10423/1724; en; U; ssr)"
195.189.142.201 - - [03/Feb/2009:12:27:06 -0500] "GET /favicon.ico HTTP/1.1" 404 693 "http://www.toastpoint.com/limerick/brady/brady97.html" "Opera/8.01 (J2ME/MIDP; Opera Mini/3.1.10423/1724; en; U; ssr)"
195.189.142.201 - - [03/Feb/2009:12:28:33 -0500] "GET /limerick/brady/brady97.html HTTP/1.1" 200 10474 "-" "Opera/8.01 (J2ME/MIDP; Opera Mini/3.1.10423/1724; en; U; ssr)"
195.189.142.201 - - [03/Feb/2009:12:28:34 -0500] "GET /gifs/goldstar.jpg HTTP/1.1" 200 1854 "http://www.toastpoint.com/limerick/brady/brady97.html" "Opera/8.01 (J2ME/MIDP; Opera Mini/3.1.10423/1724; en; U; ssr)"
195.189.142.201 - - [03/Feb/2009:12:28:34 -0500] "GET /favicon.ico HTTP/1.1" 404 693 "http://www.toastpoint.com/limerick/brady/brady97.html" "Opera/8.01 (J2ME/MIDP; Opera Mini/3.1.10423/1724; en; U; ssr)"
65.55.209.79 - - [03/Feb/2009:12:28:36 -0500] "GET /robots.txt HTTP/1.1" 404 693 "-" "msnbot/1.1 (+http://search.msn.com/msnbot.htm)"
65.55.209.79 - - [03/Feb/2009:12:28:36 -0500] "GET /limerick/1995/nautjune.html HTTP/1.1" 200 3274 "-" "msnbot/1.1 (+http://search.msn.com/msnbot.htm)"
208.111.154.16 - - [03/Feb/2009:12:44:42 -0500] "GET /robots.txt HTTP/1.1" 404 693 "-" "Mozilla/5.0 (compatible; Charlotte/1.1; http://www.searchme.com/support/)"
208.111.154.15 - - [03/Feb/2009:12:45:37 -0500] "GET /robots.txt HTTP/1.1" 404 693 "-" "Mozilla/5.0 (compatible; Charlotte/1.1; http://www.searchme.com/support/)"
208.111.154.16 - - [03/Feb/2009:12:48:13 -0500] "GET /robots.txt HTTP/1.1" 404 693 "-" "Mozilla/5.0 (compatible; Charlotte/1.1; http://www.searchme.com/support/)"
208.80.194.45 - - [03/Feb/2009:13:01:22 -0500] "GET / HTTP/1.0" 200 464 "-" "Mozilla/4.0 (compatible; MSIE 6.0; Windows NT 5.1; MaxiFiles; SV1)"
195.189.142.172 - - [03/Feb/2009:13:11:30 -0500] "GET /favicon.ico HTTP/1.1" 404 693 "http://www.toastpoint.com/limerick/naut199.html" "Opera/8.01 (J2ME/MIDP; Opera Mini/3.1.9427/1724; en; U; ssr)"
195.189.142.172 - - [03/Feb/2009:13:11:31 -0500] "GET /gifs/goldstar.jpg HTTP/1.1" 200 1854 "http://www.toastpoint.com/limerick/naut199.html" "Opera/8.01 (J2ME/MIDP; Opera Mini/3.1.9427/1724; en; U; ssr)"
195.189.142.172 - - [03/Feb/2009:13:11:31 -0500] "GET /gifs/boobies.gif HTTP/1.1" 200 11144 "http://www.toastpoint.com/limerick/naut199.html" "Opera/8.01 (J2ME/MIDP; Opera Mini/3.1.9427/1724; en; U; ssr)"
195.189.142.172 - - [03/Feb/2009:13:11:30 -0500] "GET /limerick/naut199.html HTTP/1.1" 200 34481 "http://www.toastpoint.com/limerick/naut199.html" "Opera/8.01 (J2ME/MIDP; Opera Mini/3.1.9427/1724; en; U; ssr)"
195.189.142.172 - - [03/Feb/2009:13:11:34 -0500] "GET /gifs/nakedman.gif HTTP/1.1" 200 7734 "http://www.toastpoint.com/limerick/naut199.html" "Opera/8.01 (J2ME/MIDP; Opera Mini/3.1.9427/1724; en; U; ssr)"
195.189.142.172 - - [03/Feb/2009:13:11:37 -0500] "GET /favicon.ico HTTP/1.1" 404 693 "http://www.toastpoint.com/limerick/naut199.html" "Opera/8.01 (J2ME/MIDP; Opera Mini/3.1.9427/1724; en; U; ssr)"
208.111.154.32 - - [03/Feb/2009:13:33:46 -0500] "GET /robots.txt HTTP/1.1" 404 693 "-" "Mozilla/5.0 (compatible; Charlotte/1.1; http://www.searchme.com/support/)"
193.252.149.15 - - [03/Feb/2009:13:35:53 -0500] "GET /haiku/haiku499.html HTTP/1.1" 200 54815 "-" "Mozilla/5.0 (Windows; U; Windows NT 5.1; fr; rv:1.8.1) VoilaBot BETA 1.2 (support.voilabot@orange-ftgroup.com)"
208.111.154.32 - - [03/Feb/2009:13:43:21 -0500] "GET /robots.txt HTTP/1.1" 404 693 "-" "Mozilla/5.0 (compatible; Charlotte/1.1; http://www.searchme.com/support/)"
72.30.142.106 - - [03/Feb/2009:13:50:52 -0500] "GET /haiku/1998/haiku798.html HTTP/1.0" 200 74969 "-" "Mozilla/5.0 (compatible; Yahoo! Slurp; http://help.yahoo.com/help/us/ysearch/slurp)"
196.207.47.60 - - [03/Feb/2009:13:52:32 -0500] "GET /limerick/1996/nau1296.html HTTP/1.1" 200 25921 "http://search.pdfcreator--toolbar.org/search?p=Q&ts=v7&w=afrikaans%2blimericks" "Mozilla/4.0 (compatible; MSIE 6.0; Windows NT 5.1; SV1; InfoPath.2; .NET CLR 1.1.4322; .NET CLR 2.0.50727)"
196.207.47.60 - - [03/Feb/2009:13:52:35 -0500] "GET /gifs/mouthf1.jpg HTTP/1.1" 200 3650 "http://www.toastpoint.com/limerick/1996/nau1296.html" "Mozilla/4.0 (compatible; MSIE 6.0; Windows NT 5.1; SV1; InfoPath.2; .NET CLR 1.1.4322; .NET CLR 2.0.50727)"
196.207.47.60 - - [03/Feb/2009:13:52:37 -0500] "GET /gifs/banana.jpg HTTP/1.1" 200 4139 "http://www.toastpoint.com/limerick/1996/nau1296.html" "Mozilla/4.0 (compatible; MSIE 6.0; Windows NT 5.1; SV1; InfoPath.2; .NET CLR 1.1.4322; .NET CLR 2.0.50727)"
196.207.47.60 - - [03/Feb/2009:13:52:38 -0500] "GET /gifs/goldstar.jpg HTTP/1.1" 200 1854 "http://www.toastpoint.com/limerick/1996/nau1296.html" "Mozilla/4.0 (compatible; MSIE 6.0; Windows NT 5.1; SV1; InfoPath.2; .NET CLR 1.1.4322; .NET CLR 2.0.50727)"
208.111.154.25 - - [03/Feb/2009:13:54:04 -0500] "GET /robots.txt HTTP/1.1" 404 693 "-" "Mozilla/5.0 (compatible; Charlotte/1.1; http://www.searchme.com/support/)"
114.111.36.31 - - [03/Feb/2009:13:58:59 -0500] "GET /robots.txt HTTP/1.1" 404 693 "-" "Mozilla/4.0 (compatible; NaverBot/1.0; http://help.naver.com/customer_webtxt_02.jsp)"
114.111.36.31 - - [03/Feb/2009:13:59:24 -0500] "GET /robots.txt HTTP/1.1" 404 693 "-" "Mozilla/4.0 (compatible; NaverBot/1.0; http://help.naver.com/customer_webtxt_02.jsp)"
114.111.36.31 - - [03/Feb/2009:13:59:24 -0500] "GET /wumpus.html HTTP/1.1" 200 566 "-" "Mozilla/4.0 (compatible; NaverBot/1.0; http://help.naver.com/customer_webtxt_02.jsp)"
74.6.19.101 - - [03/Feb/2009:14:15:24 -0500] "GET /robots.txt HTTP/1.0" 404 693 "-" "Mozilla/5.0 (compatible; Yahoo! Slurp; http://help.yahoo.com/help/us/ysearch/slurp)"
74.6.76.45 - - [03/Feb/2009:14:15:24 -0500] "GET /haiku/haiku.html HTTP/1.0" 200 2147 "-" "Mozilla/5.0 (compatible; Yahoo! DE Slurp; http://help.yahoo.com/help/us/ysearch/slurp)"
193.47.80.45 - - [03/Feb/2009:14:18:38 -0500] "GET /robots.txt HTTP/1.1" 404 693 "-" "Mozilla/5.0 (compatible; Exabot/3.0; +http://www.exabot.com/go/robot)"
193.47.80.45 - - [03/Feb/2009:14:18:39 -0500] "GET /rapture/hagss.html HTTP/1.1" 200 594 "-" "Mozilla/5.0 (compatible; Exabot/3.0; +http://www.exabot.com/go/robot)"
81.157.122.119 - - [03/Feb/2009:14:20:33 -0500] "GET /favicon.ico HTTP/1.1" 404 693 "-" "Mozilla/4.0 (compatible; MSIE 7.0; Windows NT 6.0; GTB5; SLCC1; .NET CLR 2.0.50727; .NET CLR 3.0.04506; eSobiSubscriber 2.0.4.16)"
81.157.122.119 - - [03/Feb/2009:14:20:33 -0500] "GET /gifs/boobies.gif HTTP/1.1" 200 11144 "http://www.toastpoint.com/limerick/naut199.html" "Mozilla/4.0 (compatible; MSIE 7.0; Windows NT 6.0; GTB5; SLCC1; .NET CLR 2.0.50727; .NET CLR 3.0.04506; eSobiSubscriber 2.0.4.16)"
81.157.122.119 - - [03/Feb/2009:14:20:33 -0500] "GET /gifs/goldstar.jpg HTTP/1.1" 200 1854 "http://www.toastpoint.com/limerick/naut199.html" "Mozilla/4.0 (compatible; MSIE 7.0; Windows NT 6.0; GTB5; SLCC1; .NET CLR 2.0.50727; .NET CLR 3.0.04506; eSobiSubscriber 2.0.4.16)"
81.157.122.119 - - [03/Feb/2009:14:20:33 -0500] "GET /gifs/nakedman.gif HTTP/1.1" 200 7734 "http://www.toastpoint.com/limerick/naut199.html" "Mozilla/4.0 (compatible; MSIE 7.0; Windows NT 6.0; GTB5; SLCC1; .NET CLR 2.0.50727; .NET CLR 3.0.04506; eSobiSubscriber 2.0.4.16)"
81.157.122.119 - - [03/Feb/2009:14:20:33 -0500] "GET /limerick/naut199.html HTTP/1.1" 200 34481 "-" "Mozilla/4.0 (compatible; MSIE 7.0; Windows NT 6.0; GTB5; SLCC1; .NET CLR 2.0.50727; .NET CLR 3.0.04506; eSobiSubscriber 2.0.4.16)"
208.111.154.15 - - [03/Feb/2009:14:26:13 -0500] "GET /robots.txt HTTP/1.1" 404 693 "-" "Mozilla/5.0 (compatible; Charlotte/1.1; http://www.searchme.com/support/)"
72.30.78.225 - - [03/Feb/2009:14:37:41 -0500] "GET /robots.txt HTTP/1.0" 404 693 "-" "Mozilla/5.0 (compatible; Yahoo! Slurp; http://help.yahoo.com/help/us/ysearch/slurp)"
118.217.130.203 - - [03/Feb/2009:14:47:30 -0500] "GET /links.html HTTP/1.1" 200 4252 "-" "Mozilla/4.0 (compatible; MSIE 6.0; Windows NT 5.0)"
65.55.230.193 - - [03/Feb/2009:14:53:40 -0500] "GET /robots.txt HTTP/1.1" 404 693 "-" "msnbot-media/1.1 (+http://search.msn.com/msnbot.htm)"
65.55.230.193 - - [03/Feb/2009:14:53:40 -0500] "GET /limerick/1995/nicesept.html HTTP/1.1" 200 3676 "-" "msnbot-media/1.1 (+http://search.msn.com/msnbot.htm)"
81.52.143.15 - - [03/Feb/2009:15:06:36 -0500] "GET /limerick/nice599.html HTTP/1.1" 200 26033 "-" "Mozilla/5.0 (Windows; U; Windows NT 5.1; fr; rv:1.8.1) VoilaBot BETA 1.2 (support.voilabot@orange-ftgroup.com)"
208.111.154.15 - - [03/Feb/2009:15:16:32 -0500] "GET /robots.txt HTTP/1.1" 404 693 "-" "Mozilla/5.0 (compatible; Charlotte/1.1; http://www.searchme.com/support/)"
66.235.124.8 - - [03/Feb/2009:15:37:43 -0500] "GET /robots.txt HTTP/1.1" 404 693 "-" "Mozilla/5.0 (compatible; Ask Jeeves/Teoma; +http://about.ask.com/en/docs/about/webmasters.shtml)"
66.235.124.8 - - [03/Feb/2009:15:37:48 -0500] "GET /haiku/1997/haiku297.html HTTP/1.1" 200 48218 "-" "Mozilla/5.0 (compatible; Ask Jeeves/Teoma; +http://about.ask.com/en/docs/about/webmasters.shtml)"
68.155.205.201 - - [03/Feb/2009:15:45:49 -0500] "GET /fiction/novels/peak4.html HTTP/1.1" 200 13115 "http://search.aol.com/aol/search?invocationType=comsearch30&query=granny+desire+for+boys&do=Search" "Mozilla/4.0 (compatible; MSIE 7.0; Windows NT 5.1; Mozilla/4.0 (compatible; MSIE 6.0; Windows NT 5.1; SV1) ; Avant Browser; .NET CLR 1.1.4322; .NET CLR 2.0.50727)"
68.155.205.201 - - [03/Feb/2009:15:45:50 -0500] "GET /gifs/paper.gif HTTP/1.1" 200 4756 "http://www.toastpoint.com/fiction/novels/peak4.html" "Mozilla/4.0 (compatible; MSIE 7.0; Windows NT 5.1; Mozilla/4.0 (compatible; MSIE 6.0; Windows NT 5.1; SV1) ; Avant Browser; .NET CLR 1.1.4322; .NET CLR 2.0.50727)"
68.155.205.201 - - [03/Feb/2009:15:45:50 -0500] "GET /fiction/novels/wpeak.jpg HTTP/1.1" 200 52861 "http://www.toastpoint.com/fiction/novels/peak4.html" "Mozilla/4.0 (compatible; MSIE 7.0; Windows NT 5.1; Mozilla/4.0 (compatible; MSIE 6.0; Windows NT 5.1; SV1) ; Avant Browser; .NET CLR 1.1.4322; .NET CLR 2.0.50727)"
68.155.205.201 - - [03/Feb/2009:15:45:52 -0500] "GET /favicon.ico HTTP/1.1" 404 693 "-" "Avant Browser"
74.68.141.94 - - [03/Feb/2009:15:46:00 -0500] "GET /favicon.ico HTTP/1.1" 404 693 "http://www.toastpoint.com/limerick/naut199.html" "Mozilla/5.0 (Macintosh; U; PPC Mac OS X 10_4_11; en) AppleWebKit/525.18 (KHTML, like Gecko) Version/3.1.2 Safari/525.22"
74.68.141.94 - - [03/Feb/2009:15:46:00 -0500] "GET /limerick/naut199.html HTTP/1.1" 200 34481 "http://www.toastpoint.com/limerick/naut199.html" "Mozilla/5.0 (Macintosh; U; PPC Mac OS X 10_4_11; en) AppleWebKit/525.18 (KHTML, like Gecko) Version/3.1.2 Safari/525.22"
74.68.141.94 - - [03/Feb/2009:15:46:00 -0500] "GET /gifs/nakedman.gif HTTP/1.1" 200 7734 "http://www.toastpoint.com/limerick/naut199.html" "Mozilla/5.0 (Macintosh; U; PPC Mac OS X 10_4_11; en) AppleWebKit/525.18 (KHTML, like Gecko) Version/3.1.2 Safari/525.22"
74.68.141.94 - - [03/Feb/2009:15:46:00 -0500] "GET /gifs/boobies.gif HTTP/1.1" 200 11144 "http://www.toastpoint.com/limerick/naut199.html" "Mozilla/5.0 (Macintosh; U; PPC Mac OS X 10_4_11; en) AppleWebKit/525.18 (KHTML, like Gecko) Version/3.1.2 Safari/525.22"
74.68.141.94 - - [03/Feb/2009:15:46:00 -0500] "GET /gifs/goldstar.jpg HTTP/1.1" 200 1854 "http://www.toastpoint.com/limerick/naut199.html" "Mozilla/5.0 (Macintosh; U; PPC Mac OS X 10_4_11; en) AppleWebKit/525.18 (KHTML, like Gecko) Version/3.1.2 Safari/525.22"
81.52.143.26 - - [03/Feb/2009:15:46:47 -0500] "GET /haiku/moral.html HTTP/1.1" 200 4692 "-" "Mozilla/5.0 (Windows; U; Windows NT 5.1; fr; rv:1.8.1) VoilaBot BETA 1.2 (support.voilabot@orange-ftgroup.com)"
67.152.13.222 - - [03/Feb/2009:16:00:44 -0500] "GET /gifs/nakedman.gif HTTP/1.1" 200 7734 "http://www.toastpoint.com/limerick/naut199.html" "Mozilla/4.0 (compatible; MSIE 6.0; Windows NT 5.1; SV1; GTB5; .NET CLR 1.1.4322)"
67.152.13.222 - - [03/Feb/2009:16:00:44 -0500] "GET /gifs/boobies.gif HTTP/1.1" 200 11144 "http://www.toastpoint.com/limerick/naut199.html" "Mozilla/4.0 (compatible; MSIE 6.0; Windows NT 5.1; SV1; GTB5; .NET CLR 1.1.4322)"
67.152.13.222 - - [03/Feb/2009:16:00:44 -0500] "GET /limerick/naut199.html HTTP/1.1" 200 34481 "-" "Mozilla/4.0 (compatible; MSIE 6.0; Windows NT 5.1; SV1; GTB5; .NET CLR 1.1.4322)"
67.152.13.222 - - [03/Feb/2009:16:00:45 -0500] "GET /gifs/goldstar.jpg HTTP/1.1" 200 1854 "http://www.toastpoint.com/limerick/naut199.html" "Mozilla/4.0 (compatible; MSIE 6.0; Windows NT 5.1; SV1; GTB5; .NET CLR 1.1.4322)"
86.147.84.11 - - [03/Feb/2009:16:21:26 -0500] "GET /gifs/japan.gif HTTP/1.1" 200 5737 "http://images.google.co.uk/images?um=1&hl=en&safe=off&client=firefox-a&rls=org.mozilla:en-US:official&q=japan+garden+nude&start=20&sa=N&ndsp=20" "Mozilla/5.0 (X11; U; Linux i686; en-US; rv:1.9) Gecko/2008052912 Firefox/3.0"
81.52.143.15 - - [03/Feb/2009:16:22:06 -0500] "GET /limerick/nicefrm.html HTTP/1.1" 200 557 "-" "Mozilla/5.0 (Windows; U; Windows NT 5.1; fr; rv:1.8.1) VoilaBot BETA 1.2 (support.voilabot@orange-ftgroup.com)"
208.111.154.15 - - [03/Feb/2009:16:24:00 -0500] "GET /robots.txt HTTP/1.1" 404 693 "-" "Mozilla/5.0 (compatible; Charlotte/1.1; http://www.searchme.com/support/)"
208.111.154.15 - - [03/Feb/2009:16:38:35 -0500] "GET /robots.txt HTTP/1.1" 404 693 "-" "Mozilla/5.0 (compatible; Charlotte/1.1; http://www.searchme.com/support/)"
66.235.124.8 - - [03/Feb/2009:16:43:57 -0500] "GET /limerick/1998/naut298.html HTTP/1.1" 200 48518 "-" "Mozilla/5.0 (compatible; Ask Jeeves/Teoma; +http://about.ask.com/en/docs/about/webmasters.shtml)"
208.111.154.15 - - [03/Feb/2009:16:56:26 -0500] "GET /robots.txt HTTP/1.1" 404 693 "-" "Mozilla/5.0 (compatible; Charlotte/1.1; http://www.searchme.com/support/)"
208.111.154.16 - - [03/Feb/2009:17:42:42 -0500] "GET /robots.txt HTTP/1.1" 404 693 "-" "Mozilla/5.0 (compatible; Charlotte/1.1; http://www.searchme.com/support/)"
206.205.123.242 - - [03/Feb/2009:17:45:04 -0500] "GET / HTTP/1.1" 200 464 "-" "Mozilla/4.0 (compatible; MSIE 7.0; Windows NT 5.1; .NET CLR 1.1.4322; InfoPath.2)"
206.205.123.242 - - [03/Feb/2009:17:45:04 -0500] "GET /toastpointtopleft.html HTTP/1.1" 200 162 "http://www.toastpoint.com/" "Mozilla/4.0 (compatible; MSIE 7.0; Windows NT 5.1; .NET CLR 1.1.4322; InfoPath.2)"
206.205.123.242 - - [03/Feb/2009:17:45:04 -0500] "GET /toastpointtoc.html HTTP/1.1" 200 1188 "http://www.toastpoint.com/" "Mozilla/4.0 (compatible; MSIE 7.0; Windows NT 5.1; .NET CLR 1.1.4322; InfoPath.2)"
206.205.123.242 - - [03/Feb/2009:17:45:04 -0500] "GET /news.html HTTP/1.1" 200 17706 "http://www.toastpoint.com/" "Mozilla/4.0 (compatible; MSIE 7.0; Windows NT 5.1; .NET CLR 1.1.4322; InfoPath.2)"
206.205.123.242 - - [03/Feb/2009:17:45:05 -0500] "GET /toastpointtopright.html HTTP/1.1" 200 151 "http://www.toastpoint.com/" "Mozilla/4.0 (compatible; MSIE 7.0; Windows NT 5.1; .NET CLR 1.1.4322; InfoPath.2)"
206.205.123.242 - - [03/Feb/2009:17:45:05 -0500] "GET /tpnews.html HTTP/1.1" 200 8305 "http://www.toastpoint.com/" "Mozilla/4.0 (compatible; MSIE 7.0; Windows NT 5.1; .NET CLR 1.1.4322; InfoPath.2)"
206.205.123.242 - - [03/Feb/2009:17:45:05 -0500] "GET /gifs/tpwinter20089.jpg HTTP/1.1" 200 28088 "http://www.toastpoint.com/news.html" "Mozilla/4.0 (compatible; MSIE 7.0; Windows NT 5.1; .NET CLR 1.1.4322; InfoPath.2)"
206.205.123.242 - - [03/Feb/2009:17:45:06 -0500] "GET /favicon.ico HTTP/1.1" 404 693 "-" "Mozilla/4.0 (compatible; MSIE 7.0; Windows NT 5.1; .NET CLR 1.1.4322; InfoPath.2)"
208.111.154.15 - - [03/Feb/2009:17:53:52 -0500] "GET /robots.txt HTTP/1.1" 404 693 "-" "Mozilla/5.0 (compatible; Charlotte/1.1; http://www.searchme.com/support/)"
65.55.209.80 - - [03/Feb/2009:18:00:30 -0500] "GET /robots.txt HTTP/1.1" 404 693 "-" "msnbot/1.1 (+http://search.msn.com/msnbot.htm)"
65.55.209.80 - - [03/Feb/2009:18:00:31 -0500] "GET /limerick/1995/niceaug.html HTTP/1.1" 200 4489 "-" "msnbot/1.1 (+http://search.msn.com/msnbot.htm)"
208.111.154.15 - - [03/Feb/2009:18:01:07 -0500] "GET /robots.txt HTTP/1.1" 404 693 "-" "Mozilla/5.0 (compatible; Charlotte/1.1; http://www.searchme.com/support/)"
208.111.154.15 - - [03/Feb/2009:18:01:25 -0500] "GET /limerick/1995/nicejune.html HTTP/1.1" 200 1710 "-" "Mozilla/5.0 (compatible; Charlotte/1.1; http://www.searchme.com/support/)"
208.111.154.15 - - [03/Feb/2009:18:26:53 -0500] "GET /robots.txt HTTP/1.1" 404 693 "-" "Mozilla/5.0 (compatible; Charlotte/1.1; http://www.searchme.com/support/)"
208.111.154.15 - - [03/Feb/2009:18:35:35 -0500] "GET /robots.txt HTTP/1.1" 404 693 "-" "Mozilla/5.0 (compatible; Charlotte/1.1; http://www.searchme.com/support/)"
81.52.143.15 - - [03/Feb/2009:19:05:13 -0500] "GET / HTTP/1.1" 200 464 "-" "Mozilla/5.0 (Windows; U; Windows NT 5.1; fr; rv:1.8.1) VoilaBot BETA 1.2 (support.voilabot@orange-ftgroup.com)"
81.52.143.15 - - [03/Feb/2009:19:05:41 -0500] "GET /toastpointtoc.html HTTP/1.1" 200 1188 "-" "Mozilla/5.0 (Windows; U; Windows NT 5.1; fr; rv:1.8.1) VoilaBot BETA 1.2 (support.voilabot@orange-ftgroup.com)"
81.52.143.15 - - [03/Feb/2009:19:05:41 -0500] "GET /tpnews.html HTTP/1.1" 200 8305 "-" "Mozilla/5.0 (Windows; U; Windows NT 5.1; fr; rv:1.8.1) VoilaBot BETA 1.2 (support.voilabot@orange-ftgroup.com)"
81.52.143.15 - - [03/Feb/2009:19:05:41 -0500] "GET /toastpointtopright.html HTTP/1.1" 200 151 "-" "Mozilla/5.0 (Windows; U; Windows NT 5.1; fr; rv:1.8.1) VoilaBot BETA 1.2 (support.voilabot@orange-ftgroup.com)"
81.52.143.15 - - [03/Feb/2009:19:05:41 -0500] "GET /toastpointtopleft.html HTTP/1.1" 200 162 "-" "Mozilla/5.0 (Windows; U; Windows NT 5.1; fr; rv:1.8.1) VoilaBot BETA 1.2 (support.voilabot@orange-ftgroup.com)"
81.52.143.15 - - [03/Feb/2009:19:05:41 -0500] "GET /news.html HTTP/1.1" 200 17706 "-" "Mozilla/5.0 (Windows; U; Windows NT 5.1; fr; rv:1.8.1) VoilaBot BETA 1.2 (support.voilabot@orange-ftgroup.com)"
81.52.143.16 - - [03/Feb/2009:19:08:18 -0500] "GET /welcome.html HTTP/1.1" 200 418 "-" "Mozilla/5.0 (Windows; U; Windows NT 5.1; fr; rv:1.8.1) VoilaBot BETA 1.2 (support.voilabot@orange-ftgroup.com)"
208.111.154.15 - - [03/Feb/2009:19:19:57 -0500] "GET /robots.txt HTTP/1.1" 404 693 "-" "Mozilla/5.0 (compatible; Charlotte/1.1; http://www.searchme.com/support/)"
208.111.154.16 - - [03/Feb/2009:19:30:05 -0500] "GET /robots.txt HTTP/1.1" 404 693 "-" "Mozilla/5.0 (compatible; Charlotte/1.1; http://www.searchme.com/support/)"
208.111.154.16 - - [03/Feb/2009:19:30:25 -0500] "GET /limerick/1995/niceoct.html HTTP/1.1" 200 5007 "-" "Mozilla/5.0 (compatible; Charlotte/1.1; http://www.searchme.com/support/)"
74.6.76.45 - - [03/Feb/2009:19:31:33 -0500] "GET / HTTP/1.0" 200 464 "-" "Mozilla/5.0 (compatible; Yahoo! DE Slurp; http://help.yahoo.com/help/us/ysearch/slurp)"
74.6.76.45 - - [03/Feb/2009:19:31:34 -0500] "GET /toastpointtopleft.html HTTP/1.0" 200 162 "-" "Mozilla/5.0 (compatible; Yahoo! DE Slurp; http://help.yahoo.com/help/us/ysearch/slurp)"
74.6.76.45 - - [03/Feb/2009:19:31:35 -0500] "GET /toastpointtoc.html HTTP/1.0" 200 1188 "-" "Mozilla/5.0 (compatible; Yahoo! DE Slurp; http://help.yahoo.com/help/us/ysearch/slurp)"
74.6.76.45 - - [03/Feb/2009:19:31:36 -0500] "GET /news.html HTTP/1.0" 200 17706 "-" "Mozilla/5.0 (compatible; Yahoo! DE Slurp; http://help.yahoo.com/help/us/ysearch/slurp)"
74.6.76.45 - - [03/Feb/2009:19:31:37 -0500] "GET /toastpointtopright.html HTTP/1.0" 200 151 "-" "Mozilla/5.0 (compatible; Yahoo! DE Slurp; http://help.yahoo.com/help/us/ysearch/slurp)"
74.6.76.45 - - [03/Feb/2009:19:31:38 -0500] "GET /tpnews.html HTTP/1.0" 200 8305 "-" "Mozilla/5.0 (compatible; Yahoo! DE Slurp; http://help.yahoo.com/help/us/ysearch/slurp)"
66.235.124.8 - - [03/Feb/2009:20:05:05 -0500] "GET /limerick/1996/nice596.html HTTP/1.1" 200 13725 "-" "Mozilla/5.0 (compatible; Ask Jeeves/Teoma; +http://about.ask.com/en/docs/about/webmasters.shtml)"
69.58.178.28 - - [03/Feb/2009:20:21:07 -0500] "GET /robots.txt HTTP/1.1" 404 693 "-" "Mozilla/5.0 (X11; U; Linux i686; en-US; rv:1.7.12; ips-agent) Gecko/20050922 Fedora/1.0.7-1.1.fc4 Firefox/1.0.7"
69.58.178.28 - - [03/Feb/2009:20:23:20 -0500] "GET / HTTP/1.1" 200 464 "-" "Mozilla/5.0 (X11; U; Linux i686; en-US; rv:1.7.12; ips-agent) Gecko/20050922 Fedora/1.0.7-1.1.fc4 Firefox/1.0.7"
69.58.178.28 - - [03/Feb/2009:20:26:17 -0500] "GET /toastpointtopleft.html HTTP/1.1" 200 162 "-" "Mozilla/5.0 (X11; U; Linux i686; en-US; rv:1.7.12; ips-agent) Gecko/20050922 Fedora/1.0.7-1.1.fc4 Firefox/1.0.7"
89.149.217.207 - - [03/Feb/2009:20:28:08 -0500] "GET / HTTP/1.1" 200 464 "http://ctube.net/" "Mozilla/4.0 (compatible; MSIE 6.0; Windows XP; SV1; .NET CLR 2.0.50727)"
69.58.178.28 - - [03/Feb/2009:20:29:09 -0500] "GET /toastpointtoc.html HTTP/1.1" 200 1188 "-" "Mozilla/5.0 (X11; U; Linux i686; en-US; rv:1.7.12; ips-agent) Gecko/20050922 Fedora/1.0.7-1.1.fc4 Firefox/1.0.7"
69.58.178.28 - - [03/Feb/2009:20:31:51 -0500] "GET /news.html HTTP/1.1" 200 17706 "-" "Mozilla/5.0 (X11; U; Linux i686; en-US; rv:1.7.12; ips-agent) Gecko/20050922 Fedora/1.0.7-1.1.fc4 Firefox/1.0.7"
69.58.178.28 - - [03/Feb/2009:20:34:03 -0500] "GET /toastpointtopright.html HTTP/1.1" 200 151 "-" "Mozilla/5.0 (X11; U; Linux i686; en-US; rv:1.7.12; ips-agent) Gecko/20050922 Fedora/1.0.7-1.1.fc4 Firefox/1.0.7"
69.58.178.28 - - [03/Feb/2009:20:35:34 -0500] "GET /tpnews.html HTTP/1.1" 200 8305 "-" "Mozilla/5.0 (X11; U; Linux i686; en-US; rv:1.7.12; ips-agent) Gecko/20050922 Fedora/1.0.7-1.1.fc4 Firefox/1.0.7"
69.58.178.28 - - [03/Feb/2009:20:37:20 -0500] "GET /bio.html HTTP/1.1" 200 7868 "-" "Mozilla/5.0 (X11; U; Linux i686; en-US; rv:1.7.12; ips-agent) Gecko/20050922 Fedora/1.0.7-1.1.fc4 Firefox/1.0.7"
119.95.47.205 - - [03/Feb/2009:20:38:05 -0500] "GET /haiku/moral.html HTTP/1.1" 200 4692 "-" "Mozilla/5.0 (Windows; U; Windows NT 6.0; en-US; rv:1.9.0.5) Gecko/2008120122 Firefox/3.0.5"
119.95.47.205 - - [03/Feb/2009:20:38:06 -0500] "GET /gifs/japan.gif HTTP/1.1" 200 5737 "http://www.toastpoint.com/haiku/moral.html" "Mozilla/5.0 (Windows; U; Windows NT 6.0; en-US; rv:1.9.0.5) Gecko/2008120122 Firefox/3.0.5"
119.95.47.205 - - [03/Feb/2009:20:38:07 -0500] "GET /favicon.ico HTTP/1.1" 404 693 "-" "Mozilla/5.0 (Windows; U; Windows NT 6.0; en-US; rv:1.9.0.5) Gecko/2008120122 Firefox/3.0.5"
119.95.47.205 - - [03/Feb/2009:20:38:08 -0500] "GET /favicon.ico HTTP/1.1" 404 693 "-" "Mozilla/5.0 (Windows; U; Windows NT 6.0; en-US; rv:1.9.0.5) Gecko/2008120122 Firefox/3.0.5"
119.95.47.205 - - [03/Feb/2009:20:38:08 -0500] "GET /favicon.ico HTTP/1.1" 404 693 "-" "Mozilla/5.0 (Windows; U; Windows NT 6.0; en-US; rv:1.9.0.5) Gecko/2008120122 Firefox/3.0.5"
69.58.178.28 - - [03/Feb/2009:20:40:50 -0500] "GET /photo.html HTTP/1.1" 200 4228 "-" "Mozilla/5.0 (X11; U; Linux i686; en-US; rv:1.7.12; ips-agent) Gecko/20050922 Fedora/1.0.7-1.1.fc4 Firefox/1.0.7"
